Command line invocation:
    /Applications/Xcode.app/Contents/Developer/usr/bin/xcodebuild -workspace ios/risebysolis.xcworkspace -scheme risebysolis -configuration Debug -sdk iphonesimulator -destination "platform=iOS Simulator,id=0C333F8A-4681-4475-855E-6FFD70F12533" build

Build settings from command line:
    SDKROOT = iphonesimulator26.5

ComputePackagePrebuildTargetDependencyGraph

Prepare packages

CreateBuildRequest

SendProjectDescription

CreateBuildOperation

ComputeTargetDependencyGraph
note: Building targets in dependency order
note: Target dependency graph (132 targets)
    Target 'risebysolis' in project 'risebysolis'
        ➜ Implicit dependency on target 'Pods-risebysolis' in project 'Pods' via file 'Pods_risebysolis.framework' in build phase 'Link Binary'
        ➜ Implicit dependency on target 'AppAuth' in project 'Pods' via options '-framework AppAuth' in build setting 'OTHER_LDFLAGS'
        ➜ Implicit dependency on target 'AppCheckCore' in project 'Pods' via options '-framework AppCheckCore' in build setting 'OTHER_LDFLAGS'
        ➜ Implicit dependency on target 'React-CoreModules' in project 'Pods' via options '-framework CoreModules' in build setting 'OTHER_LDFLAGS'
        ➜ Implicit dependency on target 'DoubleConversion' in project 'Pods' via options '-framework DoubleConversion' in build setting 'OTHER_LDFLAGS'
        ➜ Implicit dependency on target 'EXApplication' in project 'Pods' via options '-framework EXApplication' in build setting 'OTHER_LDFLAGS'
        ➜ Implicit dependency on target 'EXConstants' in project 'Pods' via options '-framework EXConstants' in build setting 'OTHER_LDFLAGS'
        ➜ Implicit dependency on target 'EXNotifications' in project 'Pods' via options '-framework EXNotifications' in build setting 'OTHER_LDFLAGS'
        ➜ Implicit dependency on target 'Expo' in project 'Pods' via options '-framework Expo' in build setting 'OTHER_LDFLAGS'
        ➜ Implicit dependency on target 'ExpoAdapterGoogleSignIn' in project 'Pods' via options '-framework ExpoAdapterGoogleSignIn' in build setting 'OTHER_LDFLAGS'
        ➜ Implicit dependency on target 'ExpoAppleAuthentication' in project 'Pods' via options '-framework ExpoAppleAuthentication' in build setting 'OTHER_LDFLAGS'
        ➜ Implicit dependency on target 'ExpoAsset' in project 'Pods' via options '-framework ExpoAsset' in build setting 'OTHER_LDFLAGS'
        ➜ Implicit dependency on target 'ExpoCrypto' in project 'Pods' via options '-framework ExpoCrypto' in build setting 'OTHER_LDFLAGS'
        ➜ Implicit dependency on target 'ExpoFileSystem' in project 'Pods' via options '-framework ExpoFileSystem' in build setting 'OTHER_LDFLAGS'
        ➜ Implicit dependency on target 'ExpoFont' in project 'Pods' via options '-framework ExpoFont' in build setting 'OTHER_LDFLAGS'
        ➜ Implicit dependency on target 'ExpoHaptics' in project 'Pods' via options '-framework ExpoHaptics' in build setting 'OTHER_LDFLAGS'
        ➜ Implicit dependency on target 'ExpoHead' in project 'Pods' via options '-framework ExpoHead' in build setting 'OTHER_LDFLAGS'
        ➜ Implicit dependency on target 'ExpoKeepAwake' in project 'Pods' via options '-framework ExpoKeepAwake' in build setting 'OTHER_LDFLAGS'
        ➜ Implicit dependency on target 'ExpoLinking' in project 'Pods' via options '-framework ExpoLinking' in build setting 'OTHER_LDFLAGS'
        ➜ Implicit dependency on target 'ExpoModulesCore' in project 'Pods' via options '-framework ExpoModulesCore' in build setting 'OTHER_LDFLAGS'
        ➜ Implicit dependency on target 'ExpoSecureStore' in project 'Pods' via options '-framework ExpoSecureStore' in build setting 'OTHER_LDFLAGS'
        ➜ Implicit dependency on target 'ExpoSplashScreen' in project 'Pods' via options '-framework ExpoSplashScreen' in build setting 'OTHER_LDFLAGS'
        ➜ Implicit dependency on target 'PromisesObjC' in project 'Pods' via options '-framework FBLPromises' in build setting 'OTHER_LDFLAGS'
        ➜ Implicit dependency on target 'FirebaseAppCheckInterop' in project 'Pods' via options '-framework FirebaseAppCheckInterop' in build setting 'OTHER_LDFLAGS'
        ➜ Implicit dependency on target 'FirebaseAuth' in project 'Pods' via options '-framework FirebaseAuth' in build setting 'OTHER_LDFLAGS'
        ➜ Implicit dependency on target 'FirebaseAuthInterop' in project 'Pods' via options '-framework FirebaseAuthInterop' in build setting 'OTHER_LDFLAGS'
        ➜ Implicit dependency on target 'FirebaseCore' in project 'Pods' via options '-framework FirebaseCore' in build setting 'OTHER_LDFLAGS'
        ➜ Implicit dependency on target 'FirebaseCoreExtension' in project 'Pods' via options '-framework FirebaseCoreExtension' in build setting 'OTHER_LDFLAGS'
        ➜ Implicit dependency on target 'FirebaseCoreInternal' in project 'Pods' via options '-framework FirebaseCoreInternal' in build setting 'OTHER_LDFLAGS'
        ➜ Implicit dependency on target 'GTMAppAuth' in project 'Pods' via options '-framework GTMAppAuth' in build setting 'OTHER_LDFLAGS'
        ➜ Implicit dependency on target 'GTMSessionFetcher' in project 'Pods' via options '-framework GTMSessionFetcher' in build setting 'OTHER_LDFLAGS'
        ➜ Implicit dependency on target 'GoogleSignIn' in project 'Pods' via options '-framework GoogleSignIn' in build setting 'OTHER_LDFLAGS'
        ➜ Implicit dependency on target 'GoogleUtilities' in project 'Pods' via options '-framework GoogleUtilities' in build setting 'OTHER_LDFLAGS'
        ➜ Implicit dependency on target 'PurchasesHybridCommon' in project 'Pods' via options '-framework PurchasesHybridCommon' in build setting 'OTHER_LDFLAGS'
        ➜ Implicit dependency on target 'React-RCTAnimation' in project 'Pods' via options '-framework RCTAnimation' in build setting 'OTHER_LDFLAGS'
        ➜ Implicit dependency on target 'React-RCTBlob' in project 'Pods' via options '-framework RCTBlob' in build setting 'OTHER_LDFLAGS'
        ➜ Implicit dependency on target 'RCTDeprecation' in project 'Pods' via options '-framework RCTDeprecation' in build setting 'OTHER_LDFLAGS'
        ➜ Implicit dependency on target 'React-RCTFabric' in project 'Pods' via options '-framework RCTFabric' in build setting 'OTHER_LDFLAGS'
        ➜ Implicit dependency on target 'React-RCTImage' in project 'Pods' via options '-framework RCTImage' in build setting 'OTHER_LDFLAGS'
        ➜ Implicit dependency on target 'React-RCTLinking' in project 'Pods' via options '-framework RCTLinking' in build setting 'OTHER_LDFLAGS'
        ➜ Implicit dependency on target 'React-RCTNetwork' in project 'Pods' via options '-framework RCTNetwork' in build setting 'OTHER_LDFLAGS'
        ➜ Implicit dependency on target 'React-RCTSettings' in project 'Pods' via options '-framework RCTSettings' in build setting 'OTHER_LDFLAGS'
        ➜ Implicit dependency on target 'React-RCTText' in project 'Pods' via options '-framework RCTText' in build setting 'OTHER_LDFLAGS'
        ➜ Implicit dependency on target 'RCTTypeSafety' in project 'Pods' via options '-framework RCTTypeSafety' in build setting 'OTHER_LDFLAGS'
        ➜ Implicit dependency on target 'React-RCTVibration' in project 'Pods' via options '-framework RCTVibration' in build setting 'OTHER_LDFLAGS'
        ➜ Implicit dependency on target 'RNFBApp' in project 'Pods' via options '-framework RNFBApp' in build setting 'OTHER_LDFLAGS'
        ➜ Implicit dependency on target 'RNFBAuth' in project 'Pods' via options '-framework RNFBAuth' in build setting 'OTHER_LDFLAGS'
        ➜ Implicit dependency on target 'RNGestureHandler' in project 'Pods' via options '-framework RNGestureHandler' in build setting 'OTHER_LDFLAGS'
        ➜ Implicit dependency on target 'RNGoogleSignin' in project 'Pods' via options '-framework RNGoogleSignin' in build setting 'OTHER_LDFLAGS'
        ➜ Implicit dependency on target 'RNPurchases' in project 'Pods' via options '-framework RNPurchases' in build setting 'OTHER_LDFLAGS'
        ➜ Implicit dependency on target 'RNReanimated' in project 'Pods' via options '-framework RNReanimated' in build setting 'OTHER_LDFLAGS'
        ➜ Implicit dependency on target 'RNScreens' in project 'Pods' via options '-framework RNScreens' in build setting 'OTHER_LDFLAGS'
        ➜ Implicit dependency on target 'React-Core' in project 'Pods' via options '-framework React' in build setting 'OTHER_LDFLAGS'
        ➜ Implicit dependency on target 'ReactCodegen' in project 'Pods' via options '-framework ReactCodegen' in build setting 'OTHER_LDFLAGS'
        ➜ Implicit dependency on target 'ReactCommon' in project 'Pods' via options '-framework ReactCommon' in build setting 'OTHER_LDFLAGS'
        ➜ Implicit dependency on target 'React-Fabric' in project 'Pods' via options '-framework React_Fabric' in build setting 'OTHER_LDFLAGS'
        ➜ Implicit dependency on target 'React-FabricComponents' in project 'Pods' via options '-framework React_FabricComponents' in build setting 'OTHER_LDFLAGS'
        ➜ Implicit dependency on target 'React-FabricImage' in project 'Pods' via options '-framework React_FabricImage' in build setting 'OTHER_LDFLAGS'
        ➜ Implicit dependency on target 'React-ImageManager' in project 'Pods' via options '-framework React_ImageManager' in build setting 'OTHER_LDFLAGS'
        ➜ Implicit dependency on target 'React-Mapbuffer' in project 'Pods' via options '-framework React_Mapbuffer' in build setting 'OTHER_LDFLAGS'
        ➜ Implicit dependency on target 'React-NativeModulesApple' in project 'Pods' via options '-framework React_NativeModulesApple' in build setting 'OTHER_LDFLAGS'
        ➜ Implicit dependency on target 'React-RCTAppDelegate' in project 'Pods' via options '-framework React_RCTAppDelegate' in build setting 'OTHER_LDFLAGS'
        ➜ Implicit dependency on target 'React-RuntimeApple' in project 'Pods' via options '-framework React_RuntimeApple' in build setting 'OTHER_LDFLAGS'
        ➜ Implicit dependency on target 'React-RuntimeCore' in project 'Pods' via options '-framework React_RuntimeCore' in build setting 'OTHER_LDFLAGS'
        ➜ Implicit dependency on target 'React-RuntimeHermes' in project 'Pods' via options '-framework React_RuntimeHermes' in build setting 'OTHER_LDFLAGS'
        ➜ Implicit dependency on target 'React-debug' in project 'Pods' via options '-framework React_debug' in build setting 'OTHER_LDFLAGS'
        ➜ Implicit dependency on target 'React-defaultsnativemodule' in project 'Pods' via options '-framework React_defaultsnativemodule' in build setting 'OTHER_LDFLAGS'
        ➜ Implicit dependency on target 'React-domnativemodule' in project 'Pods' via options '-framework React_domnativemodule' in build setting 'OTHER_LDFLAGS'
        ➜ Implicit dependency on target 'React-featureflags' in project 'Pods' via options '-framework React_featureflags' in build setting 'OTHER_LDFLAGS'
        ➜ Implicit dependency on target 'React-featureflagsnativemodule' in project 'Pods' via options '-framework React_featureflagsnativemodule' in build setting 'OTHER_LDFLAGS'
        ➜ Implicit dependency on target 'React-graphics' in project 'Pods' via options '-framework React_graphics' in build setting 'OTHER_LDFLAGS'
        ➜ Implicit dependency on target 'React-jserrorhandler' in project 'Pods' via options '-framework React_jserrorhandler' in build setting 'OTHER_LDFLAGS'
        ➜ Implicit dependency on target 'React-microtasksnativemodule' in project 'Pods' via options '-framework React_microtasksnativemodule' in build setting 'OTHER_LDFLAGS'
        ➜ Implicit dependency on target 'React-nativeconfig' in project 'Pods' via options '-framework React_nativeconfig' in build setting 'OTHER_LDFLAGS'
        ➜ Implicit dependency on target 'React-performancetimeline' in project 'Pods' via options '-framework React_performancetimeline' in build setting 'OTHER_LDFLAGS'
        ➜ Implicit dependency on target 'React-rendererconsistency' in project 'Pods' via options '-framework React_rendererconsistency' in build setting 'OTHER_LDFLAGS'
        ➜ Implicit dependency on target 'React-rendererdebug' in project 'Pods' via options '-framework React_rendererdebug' in build setting 'OTHER_LDFLAGS'
        ➜ Implicit dependency on target 'React-runtimescheduler' in project 'Pods' via options '-framework React_runtimescheduler' in build setting 'OTHER_LDFLAGS'
        ➜ Implicit dependency on target 'React-utils' in project 'Pods' via options '-framework React_utils' in build setting 'OTHER_LDFLAGS'
        ➜ Implicit dependency on target 'RecaptchaInterop' in project 'Pods' via options '-framework RecaptchaInterop' in build setting 'OTHER_LDFLAGS'
        ➜ Implicit dependency on target 'RevenueCat' in project 'Pods' via options '-framework RevenueCat' in build setting 'OTHER_LDFLAGS'
        ➜ Implicit dependency on target 'SocketRocket' in project 'Pods' via options '-framework SocketRocket' in build setting 'OTHER_LDFLAGS'
        ➜ Implicit dependency on target 'React-cxxreact' in project 'Pods' via options '-framework cxxreact' in build setting 'OTHER_LDFLAGS'
        ➜ Implicit dependency on target 'fmt' in project 'Pods' via options '-framework fmt' in build setting 'OTHER_LDFLAGS'
        ➜ Implicit dependency on target 'RCT-Folly' in project 'Pods' via options '-framework folly' in build setting 'OTHER_LDFLAGS'
        ➜ Implicit dependency on target 'glog' in project 'Pods' via options '-framework glog' in build setting 'OTHER_LDFLAGS'
        ➜ Implicit dependency on target 'React-idlecallbacksnativemodule' in project 'Pods' via options '-framework idlecallbacksnativemodule' in build setting 'OTHER_LDFLAGS'
        ➜ Implicit dependency on target 'React-jsi' in project 'Pods' via options '-framework jsi' in build setting 'OTHER_LDFLAGS'
        ➜ Implicit dependency on target 'React-jsinspector' in project 'Pods' via options '-framework jsinspector_modern' in build setting 'OTHER_LDFLAGS'
        ➜ Implicit dependency on target 'React-jsiexecutor' in project 'Pods' via options '-framework jsireact' in build setting 'OTHER_LDFLAGS'
        ➜ Implicit dependency on target 'React-logger' in project 'Pods' via options '-framework logger' in build setting 'OTHER_LDFLAGS'
        ➜ Implicit dependency on target 'react-native-mmkv' in project 'Pods' via options '-framework react_native_mmkv' in build setting 'OTHER_LDFLAGS'
        ➜ Implicit dependency on target 'react-native-safe-area-context' in project 'Pods' via options '-framework react_native_safe_area_context' in build setting 'OTHER_LDFLAGS'
        ➜ Implicit dependency on target 'React-hermes' in project 'Pods' via options '-framework reacthermes' in build setting 'OTHER_LDFLAGS'
        ➜ Implicit dependency on target 'React-perflogger' in project 'Pods' via options '-framework reactperflogger' in build setting 'OTHER_LDFLAGS'
        ➜ Implicit dependency on target 'Yoga' in project 'Pods' via options '-framework yoga' in build setting 'OTHER_LDFLAGS'
    Target 'Pods-risebysolis' in project 'Pods'
        ➜ Explicit dependency on target 'AppAuth' in project 'Pods'
        ➜ Explicit dependency on target 'AppCheckCore' in project 'Pods'
        ➜ Explicit dependency on target 'DoubleConversion' in project 'Pods'
        ➜ Explicit dependency on target 'EXApplication' in project 'Pods'
        ➜ Explicit dependency on target 'EXConstants' in project 'Pods'
        ➜ Explicit dependency on target 'EXNotifications' in project 'Pods'
        ➜ Explicit dependency on target 'Expo' in project 'Pods'
        ➜ Explicit dependency on target 'ExpoAdapterGoogleSignIn' in project 'Pods'
        ➜ Explicit dependency on target 'ExpoAppleAuthentication' in project 'Pods'
        ➜ Explicit dependency on target 'ExpoAsset' in project 'Pods'
        ➜ Explicit dependency on target 'ExpoCrypto' in project 'Pods'
        ➜ Explicit dependency on target 'ExpoFileSystem' in project 'Pods'
        ➜ Explicit dependency on target 'ExpoFont' in project 'Pods'
        ➜ Explicit dependency on target 'ExpoHaptics' in project 'Pods'
        ➜ Explicit dependency on target 'ExpoHead' in project 'Pods'
        ➜ Explicit dependency on target 'ExpoKeepAwake' in project 'Pods'
        ➜ Explicit dependency on target 'ExpoLinking' in project 'Pods'
        ➜ Explicit dependency on target 'ExpoModulesCore' in project 'Pods'
        ➜ Explicit dependency on target 'ExpoSecureStore' in project 'Pods'
        ➜ Explicit dependency on target 'ExpoSplashScreen' in project 'Pods'
        ➜ Explicit dependency on target 'FBLazyVector' in project 'Pods'
        ➜ Explicit dependency on target 'Firebase' in project 'Pods'
        ➜ Explicit dependency on target 'FirebaseAppCheckInterop' in project 'Pods'
        ➜ Explicit dependency on target 'FirebaseAuth' in project 'Pods'
        ➜ Explicit dependency on target 'FirebaseAuthInterop' in project 'Pods'
        ➜ Explicit dependency on target 'FirebaseCore' in project 'Pods'
        ➜ Explicit dependency on target 'FirebaseCoreExtension' in project 'Pods'
        ➜ Explicit dependency on target 'FirebaseCoreInternal' in project 'Pods'
        ➜ Explicit dependency on target 'GTMAppAuth' in project 'Pods'
        ➜ Explicit dependency on target 'GTMSessionFetcher' in project 'Pods'
        ➜ Explicit dependency on target 'GoogleSignIn' in project 'Pods'
        ➜ Explicit dependency on target 'GoogleUtilities' in project 'Pods'
        ➜ Explicit dependency on target 'PromisesObjC' in project 'Pods'
        ➜ Explicit dependency on target 'PurchasesHybridCommon' in project 'Pods'
        ➜ Explicit dependency on target 'RCT-Folly' in project 'Pods'
        ➜ Explicit dependency on target 'RCTDeprecation' in project 'Pods'
        ➜ Explicit dependency on target 'RCTRequired' in project 'Pods'
        ➜ Explicit dependency on target 'RCTTypeSafety' in project 'Pods'
        ➜ Explicit dependency on target 'RNFBApp' in project 'Pods'
        ➜ Explicit dependency on target 'RNFBAuth' in project 'Pods'
        ➜ Explicit dependency on target 'RNGestureHandler' in project 'Pods'
        ➜ Explicit dependency on target 'RNGoogleSignin' in project 'Pods'
        ➜ Explicit dependency on target 'RNPurchases' in project 'Pods'
        ➜ Explicit dependency on target 'RNReanimated' in project 'Pods'
        ➜ Explicit dependency on target 'RNScreens' in project 'Pods'
        ➜ Explicit dependency on target 'React' in project 'Pods'
        ➜ Explicit dependency on target 'React-Core' in project 'Pods'
        ➜ Explicit dependency on target 'React-CoreModules' in project 'Pods'
        ➜ Explicit dependency on target 'React-Fabric' in project 'Pods'
        ➜ Explicit dependency on target 'React-FabricComponents' in project 'Pods'
        ➜ Explicit dependency on target 'React-FabricImage' in project 'Pods'
        ➜ Explicit dependency on target 'React-ImageManager' in project 'Pods'
        ➜ Explicit dependency on target 'React-Mapbuffer' in project 'Pods'
        ➜ Explicit dependency on target 'React-NativeModulesApple' in project 'Pods'
        ➜ Explicit dependency on target 'React-RCTActionSheet' in project 'Pods'
        ➜ Explicit dependency on target 'React-RCTAnimation' in project 'Pods'
        ➜ Explicit dependency on target 'React-RCTAppDelegate' in project 'Pods'
        ➜ Explicit dependency on target 'React-RCTBlob' in project 'Pods'
        ➜ Explicit dependency on target 'React-RCTFabric' in project 'Pods'
        ➜ Explicit dependency on target 'React-RCTImage' in project 'Pods'
        ➜ Explicit dependency on target 'React-RCTLinking' in project 'Pods'
        ➜ Explicit dependency on target 'React-RCTNetwork' in project 'Pods'
        ➜ Explicit dependency on target 'React-RCTSettings' in project 'Pods'
        ➜ Explicit dependency on target 'React-RCTText' in project 'Pods'
        ➜ Explicit dependency on target 'React-RCTVibration' in project 'Pods'
        ➜ Explicit dependency on target 'React-RuntimeApple' in project 'Pods'
        ➜ Explicit dependency on target 'React-RuntimeCore' in project 'Pods'
        ➜ Explicit dependency on target 'React-RuntimeHermes' in project 'Pods'
        ➜ Explicit dependency on target 'React-callinvoker' in project 'Pods'
        ➜ Explicit dependency on target 'React-cxxreact' in project 'Pods'
        ➜ Explicit dependency on target 'React-debug' in project 'Pods'
        ➜ Explicit dependency on target 'React-defaultsnativemodule' in project 'Pods'
        ➜ Explicit dependency on target 'React-domnativemodule' in project 'Pods'
        ➜ Explicit dependency on target 'React-featureflags' in project 'Pods'
        ➜ Explicit dependency on target 'React-featureflagsnativemodule' in project 'Pods'
        ➜ Explicit dependency on target 'React-graphics' in project 'Pods'
        ➜ Explicit dependency on target 'React-hermes' in project 'Pods'
        ➜ Explicit dependency on target 'React-idlecallbacksnativemodule' in project 'Pods'
        ➜ Explicit dependency on target 'React-jserrorhandler' in project 'Pods'
        ➜ Explicit dependency on target 'React-jsi' in project 'Pods'
        ➜ Explicit dependency on target 'React-jsiexecutor' in project 'Pods'
        ➜ Explicit dependency on target 'React-jsinspector' in project 'Pods'
        ➜ Explicit dependency on target 'React-jsitracing' in project 'Pods'
        ➜ Explicit dependency on target 'React-logger' in project 'Pods'
        ➜ Explicit dependency on target 'React-microtasksnativemodule' in project 'Pods'
        ➜ Explicit dependency on target 'React-nativeconfig' in project 'Pods'
        ➜ Explicit dependency on target 'React-perflogger' in project 'Pods'
        ➜ Explicit dependency on target 'React-performancetimeline' in project 'Pods'
        ➜ Explicit dependency on target 'React-rendererconsistency' in project 'Pods'
        ➜ Explicit dependency on target 'React-rendererdebug' in project 'Pods'
        ➜ Explicit dependency on target 'React-rncore' in project 'Pods'
        ➜ Explicit dependency on target 'React-runtimeexecutor' in project 'Pods'
        ➜ Explicit dependency on target 'React-runtimescheduler' in project 'Pods'
        ➜ Explicit dependency on target 'React-timing' in project 'Pods'
        ➜ Explicit dependency on target 'React-utils' in project 'Pods'
        ➜ Explicit dependency on target 'ReactCodegen' in project 'Pods'
        ➜ Explicit dependency on target 'ReactCommon' in project 'Pods'
        ➜ Explicit dependency on target 'RecaptchaInterop' in project 'Pods'
        ➜ Explicit dependency on target 'RevenueCat' in project 'Pods'
        ➜ Explicit dependency on target 'SocketRocket' in project 'Pods'
        ➜ Explicit dependency on target 'Yoga' in project 'Pods'
        ➜ Explicit dependency on target 'boost' in project 'Pods'
        ➜ Explicit dependency on target 'fast_float' in project 'Pods'
        ➜ Explicit dependency on target 'fmt' in project 'Pods'
        ➜ Explicit dependency on target 'glog' in project 'Pods'
        ➜ Explicit dependency on target 'hermes-engine' in project 'Pods'
        ➜ Explicit dependency on target 'react-native-mmkv' in project 'Pods'
        ➜ Explicit dependency on target 'react-native-safe-area-context' in project 'Pods'
    Target 'react-native-safe-area-context' in project 'Pods'
        ➜ Explicit dependency on target 'React-Core' in project 'Pods'
    Target 'react-native-mmkv' in project 'Pods'
        ➜ Explicit dependency on target 'DoubleConversion' in project 'Pods'
        ➜ Explicit dependency on target 'RCT-Folly' in project 'Pods'
        ➜ Explicit dependency on target 'RCTRequired' in project 'Pods'
        ➜ Explicit dependency on target 'RCTTypeSafety' in project 'Pods'
        ➜ Explicit dependency on target 'React-Core' in project 'Pods'
        ➜ Explicit dependency on target 'React-Fabric' in project 'Pods'
        ➜ Explicit dependency on target 'React-ImageManager' in project 'Pods'
        ➜ Explicit dependency on target 'React-NativeModulesApple' in project 'Pods'
        ➜ Explicit dependency on target 'React-RCTFabric' in project 'Pods'
        ➜ Explicit dependency on target 'React-debug' in project 'Pods'
        ➜ Explicit dependency on target 'React-featureflags' in project 'Pods'
        ➜ Explicit dependency on target 'React-graphics' in project 'Pods'
        ➜ Explicit dependency on target 'React-rendererdebug' in project 'Pods'
        ➜ Explicit dependency on target 'React-utils' in project 'Pods'
        ➜ Explicit dependency on target 'ReactCodegen' in project 'Pods'
        ➜ Explicit dependency on target 'ReactCommon' in project 'Pods'
        ➜ Explicit dependency on target 'Yoga' in project 'Pods'
        ➜ Explicit dependency on target 'glog' in project 'Pods'
        ➜ Explicit dependency on target 'hermes-engine' in project 'Pods'
    Target 'React-rncore' in project 'Pods' (no dependencies)
    Target 'React' in project 'Pods'
        ➜ Explicit dependency on target 'React-Core' in project 'Pods'
        ➜ Explicit dependency on target 'React-RCTActionSheet' in project 'Pods'
        ➜ Explicit dependency on target 'React-RCTAnimation' in project 'Pods'
        ➜ Explicit dependency on target 'React-RCTBlob' in project 'Pods'
        ➜ Explicit dependency on target 'React-RCTImage' in project 'Pods'
        ➜ Explicit dependency on target 'React-RCTLinking' in project 'Pods'
        ➜ Explicit dependency on target 'React-RCTNetwork' in project 'Pods'
        ➜ Explicit dependency on target 'React-RCTSettings' in project 'Pods'
        ➜ Explicit dependency on target 'React-RCTText' in project 'Pods'
        ➜ Explicit dependency on target 'React-RCTVibration' in project 'Pods'
    Target 'React-RCTVibration' in project 'Pods'
        ➜ Explicit dependency on target 'RCT-Folly' in project 'Pods'
        ➜ Explicit dependency on target 'React-Core' in project 'Pods'
        ➜ Explicit dependency on target 'React-NativeModulesApple' in project 'Pods'
        ➜ Explicit dependency on target 'React-jsi' in project 'Pods'
        ➜ Explicit dependency on target 'ReactCodegen' in project 'Pods'
        ➜ Explicit dependency on target 'ReactCommon' in project 'Pods'
    Target 'React-RCTSettings' in project 'Pods'
        ➜ Explicit dependency on target 'RCT-Folly' in project 'Pods'
        ➜ Explicit dependency on target 'RCTTypeSafety' in project 'Pods'
        ➜ Explicit dependency on target 'React-Core' in project 'Pods'
        ➜ Explicit dependency on target 'React-NativeModulesApple' in project 'Pods'
        ➜ Explicit dependency on target 'React-jsi' in project 'Pods'
        ➜ Explicit dependency on target 'ReactCodegen' in project 'Pods'
        ➜ Explicit dependency on target 'ReactCommon' in project 'Pods'
    Target 'React-RCTLinking' in project 'Pods'
        ➜ Explicit dependency on target 'React-Core' in project 'Pods'
        ➜ Explicit dependency on target 'React-NativeModulesApple' in project 'Pods'
        ➜ Explicit dependency on target 'React-jsi' in project 'Pods'
        ➜ Explicit dependency on target 'ReactCodegen' in project 'Pods'
        ➜ Explicit dependency on target 'ReactCommon' in project 'Pods'
    Target 'React-RCTAnimation' in project 'Pods'
        ➜ Explicit dependency on target 'RCT-Folly' in project 'Pods'
        ➜ Explicit dependency on target 'RCTTypeSafety' in project 'Pods'
        ➜ Explicit dependency on target 'React-Core' in project 'Pods'
        ➜ Explicit dependency on target 'React-NativeModulesApple' in project 'Pods'
        ➜ Explicit dependency on target 'React-jsi' in project 'Pods'
        ➜ Explicit dependency on target 'ReactCodegen' in project 'Pods'
        ➜ Explicit dependency on target 'ReactCommon' in project 'Pods'
    Target 'React-RCTActionSheet' in project 'Pods'
        ➜ Explicit dependency on target 'React-Core' in project 'Pods'
    Target 'RNScreens' in project 'Pods'
        ➜ Explicit dependency on target 'DoubleConversion' in project 'Pods'
        ➜ Explicit dependency on target 'RCT-Folly' in project 'Pods'
        ➜ Explicit dependency on target 'RCTRequired' in project 'Pods'
        ➜ Explicit dependency on target 'RCTTypeSafety' in project 'Pods'
        ➜ Explicit dependency on target 'React-Core' in project 'Pods'
        ➜ Explicit dependency on target 'React-Fabric' in project 'Pods'
        ➜ Explicit dependency on target 'React-ImageManager' in project 'Pods'
        ➜ Explicit dependency on target 'React-NativeModulesApple' in project 'Pods'
        ➜ Explicit dependency on target 'React-RCTFabric' in project 'Pods'
        ➜ Explicit dependency on target 'React-RCTImage' in project 'Pods'
        ➜ Explicit dependency on target 'React-debug' in project 'Pods'
        ➜ Explicit dependency on target 'React-featureflags' in project 'Pods'
        ➜ Explicit dependency on target 'React-graphics' in project 'Pods'
        ➜ Explicit dependency on target 'React-rendererdebug' in project 'Pods'
        ➜ Explicit dependency on target 'React-utils' in project 'Pods'
        ➜ Explicit dependency on target 'ReactCodegen' in project 'Pods'
        ➜ Explicit dependency on target 'ReactCommon' in project 'Pods'
        ➜ Explicit dependency on target 'Yoga' in project 'Pods'
        ➜ Explicit dependency on target 'glog' in project 'Pods'
        ➜ Explicit dependency on target 'hermes-engine' in project 'Pods'
    Target 'RNReanimated' in project 'Pods'
        ➜ Explicit dependency on target 'DoubleConversion' in project 'Pods'
        ➜ Explicit dependency on target 'RCT-Folly' in project 'Pods'
        ➜ Explicit dependency on target 'RCTRequired' in project 'Pods'
        ➜ Explicit dependency on target 'RCTTypeSafety' in project 'Pods'
        ➜ Explicit dependency on target 'React-Core' in project 'Pods'
        ➜ Explicit dependency on target 'React-Fabric' in project 'Pods'
        ➜ Explicit dependency on target 'React-ImageManager' in project 'Pods'
        ➜ Explicit dependency on target 'React-NativeModulesApple' in project 'Pods'
        ➜ Explicit dependency on target 'React-RCTFabric' in project 'Pods'
        ➜ Explicit dependency on target 'React-debug' in project 'Pods'
        ➜ Explicit dependency on target 'React-featureflags' in project 'Pods'
        ➜ Explicit dependency on target 'React-graphics' in project 'Pods'
        ➜ Explicit dependency on target 'React-rendererdebug' in project 'Pods'
        ➜ Explicit dependency on target 'React-utils' in project 'Pods'
        ➜ Explicit dependency on target 'ReactCodegen' in project 'Pods'
        ➜ Explicit dependency on target 'ReactCommon' in project 'Pods'
        ➜ Explicit dependency on target 'Yoga' in project 'Pods'
        ➜ Explicit dependency on target 'glog' in project 'Pods'
        ➜ Explicit dependency on target 'hermes-engine' in project 'Pods'
    Target 'RNPurchases' in project 'Pods'
        ➜ Explicit dependency on target 'PurchasesHybridCommon' in project 'Pods'
        ➜ Explicit dependency on target 'React-Core' in project 'Pods'
    Target 'RNGoogleSignin' in project 'Pods'
        ➜ Explicit dependency on target 'GoogleSignIn' in project 'Pods'
        ➜ Explicit dependency on target 'React-Core' in project 'Pods'
    Target 'RNGestureHandler' in project 'Pods'
        ➜ Explicit dependency on target 'DoubleConversion' in project 'Pods'
        ➜ Explicit dependency on target 'RCT-Folly' in project 'Pods'
        ➜ Explicit dependency on target 'RCTRequired' in project 'Pods'
        ➜ Explicit dependency on target 'RCTTypeSafety' in project 'Pods'
        ➜ Explicit dependency on target 'React-Core' in project 'Pods'
        ➜ Explicit dependency on target 'React-Fabric' in project 'Pods'
        ➜ Explicit dependency on target 'React-ImageManager' in project 'Pods'
        ➜ Explicit dependency on target 'React-NativeModulesApple' in project 'Pods'
        ➜ Explicit dependency on target 'React-RCTFabric' in project 'Pods'
        ➜ Explicit dependency on target 'React-debug' in project 'Pods'
        ➜ Explicit dependency on target 'React-featureflags' in project 'Pods'
        ➜ Explicit dependency on target 'React-graphics' in project 'Pods'
        ➜ Explicit dependency on target 'React-rendererdebug' in project 'Pods'
        ➜ Explicit dependency on target 'React-utils' in project 'Pods'
        ➜ Explicit dependency on target 'ReactCodegen' in project 'Pods'
        ➜ Explicit dependency on target 'ReactCommon' in project 'Pods'
        ➜ Explicit dependency on target 'Yoga' in project 'Pods'
        ➜ Explicit dependency on target 'glog' in project 'Pods'
        ➜ Explicit dependency on target 'hermes-engine' in project 'Pods'
    Target 'RNFBAuth' in project 'Pods'
        ➜ Explicit dependency on target 'DoubleConversion' in project 'Pods'
        ➜ Explicit dependency on target 'Firebase' in project 'Pods'
        ➜ Explicit dependency on target 'RCT-Folly' in project 'Pods'
        ➜ Explicit dependency on target 'RCTRequired' in project 'Pods'
        ➜ Explicit dependency on target 'RCTTypeSafety' in project 'Pods'
        ➜ Explicit dependency on target 'RNFBApp' in project 'Pods'
        ➜ Explicit dependency on target 'React-Core' in project 'Pods'
        ➜ Explicit dependency on target 'React-Fabric' in project 'Pods'
        ➜ Explicit dependency on target 'React-ImageManager' in project 'Pods'
        ➜ Explicit dependency on target 'React-NativeModulesApple' in project 'Pods'
        ➜ Explicit dependency on target 'React-RCTFabric' in project 'Pods'
        ➜ Explicit dependency on target 'React-debug' in project 'Pods'
        ➜ Explicit dependency on target 'React-featureflags' in project 'Pods'
        ➜ Explicit dependency on target 'React-graphics' in project 'Pods'
        ➜ Explicit dependency on target 'React-rendererdebug' in project 'Pods'
        ➜ Explicit dependency on target 'React-utils' in project 'Pods'
        ➜ Explicit dependency on target 'ReactCodegen' in project 'Pods'
        ➜ Explicit dependency on target 'ReactCommon' in project 'Pods'
        ➜ Explicit dependency on target 'Yoga' in project 'Pods'
        ➜ Explicit dependency on target 'glog' in project 'Pods'
        ➜ Explicit dependency on target 'hermes-engine' in project 'Pods'
    Target 'RNFBApp' in project 'Pods'
        ➜ Explicit dependency on target 'DoubleConversion' in project 'Pods'
        ➜ Explicit dependency on target 'Firebase' in project 'Pods'
        ➜ Explicit dependency on target 'RCT-Folly' in project 'Pods'
        ➜ Explicit dependency on target 'RCTRequired' in project 'Pods'
        ➜ Explicit dependency on target 'RCTTypeSafety' in project 'Pods'
        ➜ Explicit dependency on target 'React-Core' in project 'Pods'
        ➜ Explicit dependency on target 'React-Fabric' in project 'Pods'
        ➜ Explicit dependency on target 'React-ImageManager' in project 'Pods'
        ➜ Explicit dependency on target 'React-NativeModulesApple' in project 'Pods'
        ➜ Explicit dependency on target 'React-RCTFabric' in project 'Pods'
        ➜ Explicit dependency on target 'React-debug' in project 'Pods'
        ➜ Explicit dependency on target 'React-featureflags' in project 'Pods'
        ➜ Explicit dependency on target 'React-graphics' in project 'Pods'
        ➜ Explicit dependency on target 'React-rendererdebug' in project 'Pods'
        ➜ Explicit dependency on target 'React-utils' in project 'Pods'
        ➜ Explicit dependency on target 'ReactCodegen' in project 'Pods'
        ➜ Explicit dependency on target 'ReactCommon' in project 'Pods'
        ➜ Explicit dependency on target 'Yoga' in project 'Pods'
        ➜ Explicit dependency on target 'glog' in project 'Pods'
        ➜ Explicit dependency on target 'hermes-engine' in project 'Pods'
    Target 'PurchasesHybridCommon' in project 'Pods'
        ➜ Explicit dependency on target 'PurchasesHybridCommon-PurchasesHybridCommon' in project 'Pods'
        ➜ Explicit dependency on target 'RevenueCat' in project 'Pods'
    Target 'RevenueCat' in project 'Pods'
        ➜ Explicit dependency on target 'RevenueCat-RevenueCat' in project 'Pods'
    Target 'RevenueCat-RevenueCat' in project 'Pods' (no dependencies)
    Target 'PurchasesHybridCommon-PurchasesHybridCommon' in project 'Pods' (no dependencies)
    Target 'Firebase' in project 'Pods'
        ➜ Explicit dependency on target 'FirebaseAuth' in project 'Pods'
        ➜ Explicit dependency on target 'FirebaseCore' in project 'Pods'
    Target 'FirebaseAuth' in project 'Pods'
        ➜ Explicit dependency on target 'FirebaseAppCheckInterop' in project 'Pods'
        ➜ Explicit dependency on target 'FirebaseAuth-FirebaseAuth_Privacy' in project 'Pods'
        ➜ Explicit dependency on target 'FirebaseAuthInterop' in project 'Pods'
        ➜ Explicit dependency on target 'FirebaseCore' in project 'Pods'
        ➜ Explicit dependency on target 'FirebaseCoreExtension' in project 'Pods'
        ➜ Explicit dependency on target 'GTMSessionFetcher' in project 'Pods'
        ➜ Explicit dependency on target 'GoogleUtilities' in project 'Pods'
        ➜ Explicit dependency on target 'RecaptchaInterop' in project 'Pods'
    Target 'RecaptchaInterop' in project 'Pods' (no dependencies)
    Target 'FirebaseCoreExtension' in project 'Pods'
        ➜ Explicit dependency on target 'FirebaseCore' in project 'Pods'
        ➜ Explicit dependency on target 'FirebaseCoreExtension-FirebaseCoreExtension_Privacy' in project 'Pods'
    Target 'FirebaseCoreExtension-FirebaseCoreExtension_Privacy' in project 'Pods' (no dependencies)
    Target 'FirebaseCore' in project 'Pods'
        ➜ Explicit dependency on target 'FirebaseCore-FirebaseCore_Privacy' in project 'Pods'
        ➜ Explicit dependency on target 'FirebaseCoreInternal' in project 'Pods'
        ➜ Explicit dependency on target 'GoogleUtilities' in project 'Pods'
    Target 'FirebaseCoreInternal' in project 'Pods'
        ➜ Explicit dependency on target 'FirebaseCoreInternal-FirebaseCoreInternal_Privacy' in project 'Pods'
        ➜ Explicit dependency on target 'GoogleUtilities' in project 'Pods'
    Target 'FirebaseCoreInternal-FirebaseCoreInternal_Privacy' in project 'Pods' (no dependencies)
    Target 'FirebaseCore-FirebaseCore_Privacy' in project 'Pods' (no dependencies)
    Target 'FirebaseAuthInterop' in project 'Pods' (no dependencies)
    Target 'FirebaseAuth-FirebaseAuth_Privacy' in project 'Pods' (no dependencies)
    Target 'FirebaseAppCheckInterop' in project 'Pods' (no dependencies)
    Target 'ExpoSplashScreen' in project 'Pods'
        ➜ Explicit dependency on target 'ExpoModulesCore' in project 'Pods'
    Target 'ExpoSecureStore' in project 'Pods'
        ➜ Explicit dependency on target 'ExpoModulesCore' in project 'Pods'
    Target 'ExpoLinking' in project 'Pods'
        ➜ Explicit dependency on target 'ExpoModulesCore' in project 'Pods'
    Target 'ExpoKeepAwake' in project 'Pods'
        ➜ Explicit dependency on target 'ExpoModulesCore' in project 'Pods'
    Target 'ExpoHead' in project 'Pods'
        ➜ Explicit dependency on target 'ExpoModulesCore' in project 'Pods'
    Target 'ExpoHaptics' in project 'Pods'
        ➜ Explicit dependency on target 'ExpoModulesCore' in project 'Pods'
    Target 'ExpoFont' in project 'Pods'
        ➜ Explicit dependency on target 'ExpoModulesCore' in project 'Pods'
    Target 'ExpoFileSystem' in project 'Pods'
        ➜ Explicit dependency on target 'ExpoFileSystem-ExpoFileSystem_privacy' in project 'Pods'
        ➜ Explicit dependency on target 'ExpoModulesCore' in project 'Pods'
    Target 'ExpoFileSystem-ExpoFileSystem_privacy' in project 'Pods' (no dependencies)
    Target 'ExpoCrypto' in project 'Pods'
        ➜ Explicit dependency on target 'ExpoModulesCore' in project 'Pods'
    Target 'ExpoAsset' in project 'Pods'
        ➜ Explicit dependency on target 'ExpoModulesCore' in project 'Pods'
    Target 'ExpoAppleAuthentication' in project 'Pods'
        ➜ Explicit dependency on target 'ExpoModulesCore' in project 'Pods'
    Target 'ExpoAdapterGoogleSignIn' in project 'Pods'
        ➜ Explicit dependency on target 'ExpoModulesCore' in project 'Pods'
        ➜ Explicit dependency on target 'GoogleSignIn' in project 'Pods'
        ➜ Explicit dependency on target 'React-Core' in project 'Pods'
    Target 'GoogleSignIn' in project 'Pods'
        ➜ Explicit dependency on target 'AppAuth' in project 'Pods'
        ➜ Explicit dependency on target 'AppCheckCore' in project 'Pods'
        ➜ Explicit dependency on target 'GTMAppAuth' in project 'Pods'
        ➜ Explicit dependency on target 'GTMSessionFetcher' in project 'Pods'
        ➜ Explicit dependency on target 'GoogleSignIn-GoogleSignIn' in project 'Pods'
    Target 'GoogleSignIn-GoogleSignIn' in project 'Pods' (no dependencies)
    Target 'GTMAppAuth' in project 'Pods'
        ➜ Explicit dependency on target 'AppAuth' in project 'Pods'
        ➜ Explicit dependency on target 'GTMAppAuth-GTMAppAuth_Privacy' in project 'Pods'
        ➜ Explicit dependency on target 'GTMSessionFetcher' in project 'Pods'
    Target 'GTMSessionFetcher' in project 'Pods'
        ➜ Explicit dependency on target 'GTMSessionFetcher-GTMSessionFetcher_Core_Privacy' in project 'Pods'
    Target 'GTMSessionFetcher-GTMSessionFetcher_Core_Privacy' in project 'Pods' (no dependencies)
    Target 'GTMAppAuth-GTMAppAuth_Privacy' in project 'Pods' (no dependencies)
    Target 'Expo' in project 'Pods'
        ➜ Explicit dependency on target 'ExpoModulesCore' in project 'Pods'
    Target 'EXNotifications' in project 'Pods'
        ➜ Explicit dependency on target 'EXNotifications-ExpoNotifications_privacy' in project 'Pods'
        ➜ Explicit dependency on target 'ExpoModulesCore' in project 'Pods'
    Target 'EXNotifications-ExpoNotifications_privacy' in project 'Pods' (no dependencies)
    Target 'EXConstants' in project 'Pods'
        ➜ Explicit dependency on target 'EXConstants-EXConstants' in project 'Pods'
        ➜ Explicit dependency on target 'EXConstants-ExpoConstants_privacy' in project 'Pods'
        ➜ Explicit dependency on target 'ExpoModulesCore' in project 'Pods'
    Target 'EXConstants-ExpoConstants_privacy' in project 'Pods' (no dependencies)
    Target 'EXConstants-EXConstants' in project 'Pods' (no dependencies)
    Target 'EXApplication' in project 'Pods'
        ➜ Explicit dependency on target 'EXApplication-ExpoApplication_privacy' in project 'Pods'
        ➜ Explicit dependency on target 'ExpoModulesCore' in project 'Pods'
    Target 'ExpoModulesCore' in project 'Pods'
        ➜ Explicit dependency on target 'DoubleConversion' in project 'Pods'
        ➜ Explicit dependency on target 'RCT-Folly' in project 'Pods'
        ➜ Explicit dependency on target 'RCTRequired' in project 'Pods'
        ➜ Explicit dependency on target 'RCTTypeSafety' in project 'Pods'
        ➜ Explicit dependency on target 'React-Core' in project 'Pods'
        ➜ Explicit dependency on target 'React-Fabric' in project 'Pods'
        ➜ Explicit dependency on target 'React-ImageManager' in project 'Pods'
        ➜ Explicit dependency on target 'React-NativeModulesApple' in project 'Pods'
        ➜ Explicit dependency on target 'React-RCTAppDelegate' in project 'Pods'
        ➜ Explicit dependency on target 'React-RCTFabric' in project 'Pods'
        ➜ Explicit dependency on target 'React-debug' in project 'Pods'
        ➜ Explicit dependency on target 'React-featureflags' in project 'Pods'
        ➜ Explicit dependency on target 'React-graphics' in project 'Pods'
        ➜ Explicit dependency on target 'React-jsinspector' in project 'Pods'
        ➜ Explicit dependency on target 'React-rendererdebug' in project 'Pods'
        ➜ Explicit dependency on target 'React-utils' in project 'Pods'
        ➜ Explicit dependency on target 'ReactCodegen' in project 'Pods'
        ➜ Explicit dependency on target 'ReactCommon' in project 'Pods'
        ➜ Explicit dependency on target 'Yoga' in project 'Pods'
        ➜ Explicit dependency on target 'glog' in project 'Pods'
        ➜ Explicit dependency on target 'hermes-engine' in project 'Pods'
    Target 'React-RCTAppDelegate' in project 'Pods'
        ➜ Explicit dependency on target 'RCT-Folly' in project 'Pods'
        ➜ Explicit dependency on target 'RCTRequired' in project 'Pods'
        ➜ Explicit dependency on target 'RCTTypeSafety' in project 'Pods'
        ➜ Explicit dependency on target 'React-Core' in project 'Pods'
        ➜ Explicit dependency on target 'React-CoreModules' in project 'Pods'
        ➜ Explicit dependency on target 'React-Fabric' in project 'Pods'
        ➜ Explicit dependency on target 'React-NativeModulesApple' in project 'Pods'
        ➜ Explicit dependency on target 'React-RCTFabric' in project 'Pods'
        ➜ Explicit dependency on target 'React-RCTImage' in project 'Pods'
        ➜ Explicit dependency on target 'React-RCTNetwork' in project 'Pods'
        ➜ Explicit dependency on target 'React-RuntimeApple' in project 'Pods'
        ➜ Explicit dependency on target 'React-RuntimeCore' in project 'Pods'
        ➜ Explicit dependency on target 'React-RuntimeHermes' in project 'Pods'
        ➜ Explicit dependency on target 'React-debug' in project 'Pods'
        ➜ Explicit dependency on target 'React-defaultsnativemodule' in project 'Pods'
        ➜ Explicit dependency on target 'React-featureflags' in project 'Pods'
        ➜ Explicit dependency on target 'React-graphics' in project 'Pods'
        ➜ Explicit dependency on target 'React-hermes' in project 'Pods'
        ➜ Explicit dependency on target 'React-nativeconfig' in project 'Pods'
        ➜ Explicit dependency on target 'React-rendererdebug' in project 'Pods'
        ➜ Explicit dependency on target 'React-runtimescheduler' in project 'Pods'
        ➜ Explicit dependency on target 'React-utils' in project 'Pods'
        ➜ Explicit dependency on target 'ReactCodegen' in project 'Pods'
        ➜ Explicit dependency on target 'ReactCommon' in project 'Pods'
    Target 'React-defaultsnativemodule' in project 'Pods'
        ➜ Explicit dependency on target 'DoubleConversion' in project 'Pods'
        ➜ Explicit dependency on target 'RCT-Folly' in project 'Pods'
        ➜ Explicit dependency on target 'RCTRequired' in project 'Pods'
        ➜ Explicit dependency on target 'RCTTypeSafety' in project 'Pods'
        ➜ Explicit dependency on target 'React-Core' in project 'Pods'
        ➜ Explicit dependency on target 'React-Fabric' in project 'Pods'
        ➜ Explicit dependency on target 'React-ImageManager' in project 'Pods'
        ➜ Explicit dependency on target 'React-NativeModulesApple' in project 'Pods'
        ➜ Explicit dependency on target 'React-RCTFabric' in project 'Pods'
        ➜ Explicit dependency on target 'React-debug' in project 'Pods'
        ➜ Explicit dependency on target 'React-domnativemodule' in project 'Pods'
        ➜ Explicit dependency on target 'React-featureflags' in project 'Pods'
        ➜ Explicit dependency on target 'React-featureflagsnativemodule' in project 'Pods'
        ➜ Explicit dependency on target 'React-graphics' in project 'Pods'
        ➜ Explicit dependency on target 'React-idlecallbacksnativemodule' in project 'Pods'
        ➜ Explicit dependency on target 'React-microtasksnativemodule' in project 'Pods'
        ➜ Explicit dependency on target 'React-rendererdebug' in project 'Pods'
        ➜ Explicit dependency on target 'React-utils' in project 'Pods'
        ➜ Explicit dependency on target 'ReactCodegen' in project 'Pods'
        ➜ Explicit dependency on target 'ReactCommon' in project 'Pods'
        ➜ Explicit dependency on target 'Yoga' in project 'Pods'
        ➜ Explicit dependency on target 'glog' in project 'Pods'
        ➜ Explicit dependency on target 'hermes-engine' in project 'Pods'
    Target 'React-microtasksnativemodule' in project 'Pods'
        ➜ Explicit dependency on target 'DoubleConversion' in project 'Pods'
        ➜ Explicit dependency on target 'RCT-Folly' in project 'Pods'
        ➜ Explicit dependency on target 'RCTRequired' in project 'Pods'
        ➜ Explicit dependency on target 'RCTTypeSafety' in project 'Pods'
        ➜ Explicit dependency on target 'React-Core' in project 'Pods'
        ➜ Explicit dependency on target 'React-Fabric' in project 'Pods'
        ➜ Explicit dependency on target 'React-ImageManager' in project 'Pods'
        ➜ Explicit dependency on target 'React-NativeModulesApple' in project 'Pods'
        ➜ Explicit dependency on target 'React-RCTFabric' in project 'Pods'
        ➜ Explicit dependency on target 'React-debug' in project 'Pods'
        ➜ Explicit dependency on target 'React-featureflags' in project 'Pods'
        ➜ Explicit dependency on target 'React-graphics' in project 'Pods'
        ➜ Explicit dependency on target 'React-rendererdebug' in project 'Pods'
        ➜ Explicit dependency on target 'React-utils' in project 'Pods'
        ➜ Explicit dependency on target 'ReactCodegen' in project 'Pods'
        ➜ Explicit dependency on target 'ReactCommon' in project 'Pods'
        ➜ Explicit dependency on target 'Yoga' in project 'Pods'
        ➜ Explicit dependency on target 'glog' in project 'Pods'
        ➜ Explicit dependency on target 'hermes-engine' in project 'Pods'
    Target 'React-idlecallbacksnativemodule' in project 'Pods'
        ➜ Explicit dependency on target 'DoubleConversion' in project 'Pods'
        ➜ Explicit dependency on target 'RCT-Folly' in project 'Pods'
        ➜ Explicit dependency on target 'RCTRequired' in project 'Pods'
        ➜ Explicit dependency on target 'RCTTypeSafety' in project 'Pods'
        ➜ Explicit dependency on target 'React-Core' in project 'Pods'
        ➜ Explicit dependency on target 'React-Fabric' in project 'Pods'
        ➜ Explicit dependency on target 'React-ImageManager' in project 'Pods'
        ➜ Explicit dependency on target 'React-NativeModulesApple' in project 'Pods'
        ➜ Explicit dependency on target 'React-RCTFabric' in project 'Pods'
        ➜ Explicit dependency on target 'React-debug' in project 'Pods'
        ➜ Explicit dependency on target 'React-featureflags' in project 'Pods'
        ➜ Explicit dependency on target 'React-graphics' in project 'Pods'
        ➜ Explicit dependency on target 'React-rendererdebug' in project 'Pods'
        ➜ Explicit dependency on target 'React-runtimescheduler' in project 'Pods'
        ➜ Explicit dependency on target 'React-utils' in project 'Pods'
        ➜ Explicit dependency on target 'ReactCodegen' in project 'Pods'
        ➜ Explicit dependency on target 'ReactCommon' in project 'Pods'
        ➜ Explicit dependency on target 'Yoga' in project 'Pods'
        ➜ Explicit dependency on target 'glog' in project 'Pods'
        ➜ Explicit dependency on target 'hermes-engine' in project 'Pods'
    Target 'React-featureflagsnativemodule' in project 'Pods'
        ➜ Explicit dependency on target 'DoubleConversion' in project 'Pods'
        ➜ Explicit dependency on target 'RCT-Folly' in project 'Pods'
        ➜ Explicit dependency on target 'RCTRequired' in project 'Pods'
        ➜ Explicit dependency on target 'RCTTypeSafety' in project 'Pods'
        ➜ Explicit dependency on target 'React-Core' in project 'Pods'
        ➜ Explicit dependency on target 'React-Fabric' in project 'Pods'
        ➜ Explicit dependency on target 'React-ImageManager' in project 'Pods'
        ➜ Explicit dependency on target 'React-NativeModulesApple' in project 'Pods'
        ➜ Explicit dependency on target 'React-RCTFabric' in project 'Pods'
        ➜ Explicit dependency on target 'React-debug' in project 'Pods'
        ➜ Explicit dependency on target 'React-featureflags' in project 'Pods'
        ➜ Explicit dependency on target 'React-graphics' in project 'Pods'
        ➜ Explicit dependency on target 'React-rendererdebug' in project 'Pods'
        ➜ Explicit dependency on target 'React-utils' in project 'Pods'
        ➜ Explicit dependency on target 'ReactCodegen' in project 'Pods'
        ➜ Explicit dependency on target 'ReactCommon' in project 'Pods'
        ➜ Explicit dependency on target 'Yoga' in project 'Pods'
        ➜ Explicit dependency on target 'glog' in project 'Pods'
        ➜ Explicit dependency on target 'hermes-engine' in project 'Pods'
    Target 'React-domnativemodule' in project 'Pods'
        ➜ Explicit dependency on target 'DoubleConversion' in project 'Pods'
        ➜ Explicit dependency on target 'RCT-Folly' in project 'Pods'
        ➜ Explicit dependency on target 'RCTRequired' in project 'Pods'
        ➜ Explicit dependency on target 'RCTTypeSafety' in project 'Pods'
        ➜ Explicit dependency on target 'React-Core' in project 'Pods'
        ➜ Explicit dependency on target 'React-Fabric' in project 'Pods'
        ➜ Explicit dependency on target 'React-FabricComponents' in project 'Pods'
        ➜ Explicit dependency on target 'React-ImageManager' in project 'Pods'
        ➜ Explicit dependency on target 'React-NativeModulesApple' in project 'Pods'
        ➜ Explicit dependency on target 'React-RCTFabric' in project 'Pods'
        ➜ Explicit dependency on target 'React-debug' in project 'Pods'
        ➜ Explicit dependency on target 'React-featureflags' in project 'Pods'
        ➜ Explicit dependency on target 'React-graphics' in project 'Pods'
        ➜ Explicit dependency on target 'React-rendererdebug' in project 'Pods'
        ➜ Explicit dependency on target 'React-utils' in project 'Pods'
        ➜ Explicit dependency on target 'ReactCodegen' in project 'Pods'
        ➜ Explicit dependency on target 'ReactCommon' in project 'Pods'
        ➜ Explicit dependency on target 'Yoga' in project 'Pods'
        ➜ Explicit dependency on target 'glog' in project 'Pods'
        ➜ Explicit dependency on target 'hermes-engine' in project 'Pods'
    Target 'React-RuntimeApple' in project 'Pods'
        ➜ Explicit dependency on target 'RCT-Folly' in project 'Pods'
        ➜ Explicit dependency on target 'React-Core' in project 'Pods'
        ➜ Explicit dependency on target 'React-CoreModules' in project 'Pods'
        ➜ Explicit dependency on target 'React-Mapbuffer' in project 'Pods'
        ➜ Explicit dependency on target 'React-NativeModulesApple' in project 'Pods'
        ➜ Explicit dependency on target 'React-RCTFabric' in project 'Pods'
        ➜ Explicit dependency on target 'React-RuntimeCore' in project 'Pods'
        ➜ Explicit dependency on target 'React-RuntimeHermes' in project 'Pods'
        ➜ Explicit dependency on target 'React-callinvoker' in project 'Pods'
        ➜ Explicit dependency on target 'React-cxxreact' in project 'Pods'
        ➜ Explicit dependency on target 'React-jserrorhandler' in project 'Pods'
        ➜ Explicit dependency on target 'React-jsi' in project 'Pods'
        ➜ Explicit dependency on target 'React-jsiexecutor' in project 'Pods'
        ➜ Explicit dependency on target 'React-jsinspector' in project 'Pods'
        ➜ Explicit dependency on target 'React-runtimeexecutor' in project 'Pods'
        ➜ Explicit dependency on target 'React-runtimescheduler' in project 'Pods'
        ➜ Explicit dependency on target 'React-utils' in project 'Pods'
        ➜ Explicit dependency on target 'hermes-engine' in project 'Pods'
    Target 'React-RuntimeHermes' in project 'Pods'
        ➜ Explicit dependency on target 'RCT-Folly' in project 'Pods'
        ➜ Explicit dependency on target 'React-RuntimeCore' in project 'Pods'
        ➜ Explicit dependency on target 'React-featureflags' in project 'Pods'
        ➜ Explicit dependency on target 'React-hermes' in project 'Pods'
        ➜ Explicit dependency on target 'React-jsi' in project 'Pods'
        ➜ Explicit dependency on target 'React-jsinspector' in project 'Pods'
        ➜ Explicit dependency on target 'React-jsitracing' in project 'Pods'
        ➜ Explicit dependency on target 'React-nativeconfig' in project 'Pods'
        ➜ Explicit dependency on target 'React-utils' in project 'Pods'
        ➜ Explicit dependency on target 'hermes-engine' in project 'Pods'
    Target 'React-jsitracing' in project 'Pods'
        ➜ Explicit dependency on target 'React-jsi' in project 'Pods'
    Target 'React-RuntimeCore' in project 'Pods'
        ➜ Explicit dependency on target 'RCT-Folly' in project 'Pods'
        ➜ Explicit dependency on target 'React-cxxreact' in project 'Pods'
        ➜ Explicit dependency on target 'React-featureflags' in project 'Pods'
        ➜ Explicit dependency on target 'React-jserrorhandler' in project 'Pods'
        ➜ Explicit dependency on target 'React-jsi' in project 'Pods'
        ➜ Explicit dependency on target 'React-jsiexecutor' in project 'Pods'
        ➜ Explicit dependency on target 'React-jsinspector' in project 'Pods'
        ➜ Explicit dependency on target 'React-performancetimeline' in project 'Pods'
        ➜ Explicit dependency on target 'React-runtimeexecutor' in project 'Pods'
        ➜ Explicit dependency on target 'React-runtimescheduler' in project 'Pods'
        ➜ Explicit dependency on target 'React-utils' in project 'Pods'
        ➜ Explicit dependency on target 'glog' in project 'Pods'
        ➜ Explicit dependency on target 'hermes-engine' in project 'Pods'
    Target 'React-jserrorhandler' in project 'Pods'
        ➜ Explicit dependency on target 'RCT-Folly' in project 'Pods'
        ➜ Explicit dependency on target 'React-cxxreact' in project 'Pods'
        ➜ Explicit dependency on target 'React-debug' in project 'Pods'
        ➜ Explicit dependency on target 'React-jsi' in project 'Pods'
        ➜ Explicit dependency on target 'glog' in project 'Pods'
        ➜ Explicit dependency on target 'hermes-engine' in project 'Pods'
    Target 'React-Mapbuffer' in project 'Pods'
        ➜ Explicit dependency on target 'React-debug' in project 'Pods'
        ➜ Explicit dependency on target 'glog' in project 'Pods'
    Target 'React-RCTFabric' in project 'Pods'
        ➜ Explicit dependency on target 'RCT-Folly' in project 'Pods'
        ➜ Explicit dependency on target 'React-Core' in project 'Pods'
        ➜ Explicit dependency on target 'React-Fabric' in project 'Pods'
        ➜ Explicit dependency on target 'React-FabricComponents' in project 'Pods'
        ➜ Explicit dependency on target 'React-FabricImage' in project 'Pods'
        ➜ Explicit dependency on target 'React-ImageManager' in project 'Pods'
        ➜ Explicit dependency on target 'React-RCTImage' in project 'Pods'
        ➜ Explicit dependency on target 'React-RCTText' in project 'Pods'
        ➜ Explicit dependency on target 'React-debug' in project 'Pods'
        ➜ Explicit dependency on target 'React-featureflags' in project 'Pods'
        ➜ Explicit dependency on target 'React-graphics' in project 'Pods'
        ➜ Explicit dependency on target 'React-jsi' in project 'Pods'
        ➜ Explicit dependency on target 'React-jsinspector' in project 'Pods'
        ➜ Explicit dependency on target 'React-nativeconfig' in project 'Pods'
        ➜ Explicit dependency on target 'React-performancetimeline' in project 'Pods'
        ➜ Explicit dependency on target 'React-rendererconsistency' in project 'Pods'
        ➜ Explicit dependency on target 'React-rendererdebug' in project 'Pods'
        ➜ Explicit dependency on target 'React-runtimescheduler' in project 'Pods'
        ➜ Explicit dependency on target 'React-utils' in project 'Pods'
        ➜ Explicit dependency on target 'Yoga' in project 'Pods'
        ➜ Explicit dependency on target 'glog' in project 'Pods'
        ➜ Explicit dependency on target 'hermes-engine' in project 'Pods'
    Target 'React-nativeconfig' in project 'Pods' (no dependencies)
    Target 'React-RCTText' in project 'Pods'
        ➜ Explicit dependency on target 'React-Core' in project 'Pods'
        ➜ Explicit dependency on target 'Yoga' in project 'Pods'
    Target 'React-FabricComponents' in project 'Pods'
        ➜ Explicit dependency on target 'DoubleConversion' in project 'Pods'
        ➜ Explicit dependency on target 'RCT-Folly' in project 'Pods'
        ➜ Explicit dependency on target 'RCTRequired' in project 'Pods'
        ➜ Explicit dependency on target 'RCTTypeSafety' in project 'Pods'
        ➜ Explicit dependency on target 'React-Core' in project 'Pods'
        ➜ Explicit dependency on target 'React-Fabric' in project 'Pods'
        ➜ Explicit dependency on target 'React-cxxreact' in project 'Pods'
        ➜ Explicit dependency on target 'React-debug' in project 'Pods'
        ➜ Explicit dependency on target 'React-featureflags' in project 'Pods'
        ➜ Explicit dependency on target 'React-graphics' in project 'Pods'
        ➜ Explicit dependency on target 'React-jsi' in project 'Pods'
        ➜ Explicit dependency on target 'React-jsiexecutor' in project 'Pods'
        ➜ Explicit dependency on target 'React-logger' in project 'Pods'
        ➜ Explicit dependency on target 'React-rendererdebug' in project 'Pods'
        ➜ Explicit dependency on target 'React-runtimescheduler' in project 'Pods'
        ➜ Explicit dependency on target 'React-utils' in project 'Pods'
        ➜ Explicit dependency on target 'ReactCodegen' in project 'Pods'
        ➜ Explicit dependency on target 'ReactCommon' in project 'Pods'
        ➜ Explicit dependency on target 'Yoga' in project 'Pods'
        ➜ Explicit dependency on target 'fast_float' in project 'Pods'
        ➜ Explicit dependency on target 'fmt' in project 'Pods'
        ➜ Explicit dependency on target 'glog' in project 'Pods'
        ➜ Explicit dependency on target 'hermes-engine' in project 'Pods'
    Target 'React-CoreModules' in project 'Pods'
        ➜ Explicit dependency on target 'DoubleConversion' in project 'Pods'
        ➜ Explicit dependency on target 'RCT-Folly' in project 'Pods'
        ➜ Explicit dependency on target 'RCTTypeSafety' in project 'Pods'
        ➜ Explicit dependency on target 'React-Core' in project 'Pods'
        ➜ Explicit dependency on target 'React-NativeModulesApple' in project 'Pods'
        ➜ Explicit dependency on target 'React-RCTBlob' in project 'Pods'
        ➜ Explicit dependency on target 'React-RCTImage' in project 'Pods'
        ➜ Explicit dependency on target 'React-jsi' in project 'Pods'
        ➜ Explicit dependency on target 'React-jsinspector' in project 'Pods'
        ➜ Explicit dependency on target 'ReactCodegen' in project 'Pods'
        ➜ Explicit dependency on target 'ReactCommon' in project 'Pods'
        ➜ Explicit dependency on target 'SocketRocket' in project 'Pods'
        ➜ Explicit dependency on target 'fast_float' in project 'Pods'
        ➜ Explicit dependency on target 'fmt' in project 'Pods'
    Target 'React-RCTImage' in project 'Pods'
        ➜ Explicit dependency on target 'RCT-Folly' in project 'Pods'
        ➜ Explicit dependency on target 'RCTTypeSafety' in project 'Pods'
        ➜ Explicit dependency on target 'React-Core' in project 'Pods'
        ➜ Explicit dependency on target 'React-NativeModulesApple' in project 'Pods'
        ➜ Explicit dependency on target 'React-RCTNetwork' in project 'Pods'
        ➜ Explicit dependency on target 'React-jsi' in project 'Pods'
        ➜ Explicit dependency on target 'ReactCodegen' in project 'Pods'
        ➜ Explicit dependency on target 'ReactCommon' in project 'Pods'
    Target 'React-RCTBlob' in project 'Pods'
        ➜ Explicit dependency on target 'DoubleConversion' in project 'Pods'
        ➜ Explicit dependency on target 'RCT-Folly' in project 'Pods'
        ➜ Explicit dependency on target 'React-Core' in project 'Pods'
        ➜ Explicit dependency on target 'React-NativeModulesApple' in project 'Pods'
        ➜ Explicit dependency on target 'React-RCTNetwork' in project 'Pods'
        ➜ Explicit dependency on target 'React-jsi' in project 'Pods'
        ➜ Explicit dependency on target 'React-jsinspector' in project 'Pods'
        ➜ Explicit dependency on target 'ReactCodegen' in project 'Pods'
        ➜ Explicit dependency on target 'ReactCommon' in project 'Pods'
        ➜ Explicit dependency on target 'fast_float' in project 'Pods'
        ➜ Explicit dependency on target 'fmt' in project 'Pods'
        ➜ Explicit dependency on target 'hermes-engine' in project 'Pods'
    Target 'React-RCTNetwork' in project 'Pods'
        ➜ Explicit dependency on target 'RCT-Folly' in project 'Pods'
        ➜ Explicit dependency on target 'RCTTypeSafety' in project 'Pods'
        ➜ Explicit dependency on target 'React-Core' in project 'Pods'
        ➜ Explicit dependency on target 'React-NativeModulesApple' in project 'Pods'
        ➜ Explicit dependency on target 'React-jsi' in project 'Pods'
        ➜ Explicit dependency on target 'ReactCodegen' in project 'Pods'
        ➜ Explicit dependency on target 'ReactCommon' in project 'Pods'
    Target 'ReactCodegen' in project 'Pods'
        ➜ Explicit dependency on target 'DoubleConversion' in project 'Pods'
        ➜ Explicit dependency on target 'RCT-Folly' in project 'Pods'
        ➜ Explicit dependency on target 'RCTRequired' in project 'Pods'
        ➜ Explicit dependency on target 'RCTTypeSafety' in project 'Pods'
        ➜ Explicit dependency on target 'React-Core' in project 'Pods'
        ➜ Explicit dependency on target 'React-Fabric' in project 'Pods'
        ➜ Explicit dependency on target 'React-FabricImage' in project 'Pods'
        ➜ Explicit dependency on target 'React-NativeModulesApple' in project 'Pods'
        ➜ Explicit dependency on target 'React-debug' in project 'Pods'
        ➜ Explicit dependency on target 'React-featureflags' in project 'Pods'
        ➜ Explicit dependency on target 'React-graphics' in project 'Pods'
        ➜ Explicit dependency on target 'React-jsi' in project 'Pods'
        ➜ Explicit dependency on target 'React-jsiexecutor' in project 'Pods'
        ➜ Explicit dependency on target 'React-rendererdebug' in project 'Pods'
        ➜ Explicit dependency on target 'React-utils' in project 'Pods'
        ➜ Explicit dependency on target 'ReactCommon' in project 'Pods'
        ➜ Explicit dependency on target 'glog' in project 'Pods'
        ➜ Explicit dependency on target 'hermes-engine' in project 'Pods'
    Target 'React-FabricImage' in project 'Pods'
        ➜ Explicit dependency on target 'DoubleConversion' in project 'Pods'
        ➜ Explicit dependency on target 'RCT-Folly' in project 'Pods'
        ➜ Explicit dependency on target 'RCTRequired' in project 'Pods'
        ➜ Explicit dependency on target 'RCTTypeSafety' in project 'Pods'
        ➜ Explicit dependency on target 'React-Fabric' in project 'Pods'
        ➜ Explicit dependency on target 'React-ImageManager' in project 'Pods'
        ➜ Explicit dependency on target 'React-graphics' in project 'Pods'
        ➜ Explicit dependency on target 'React-jsi' in project 'Pods'
        ➜ Explicit dependency on target 'React-jsiexecutor' in project 'Pods'
        ➜ Explicit dependency on target 'React-logger' in project 'Pods'
        ➜ Explicit dependency on target 'React-rendererdebug' in project 'Pods'
        ➜ Explicit dependency on target 'React-utils' in project 'Pods'
        ➜ Explicit dependency on target 'ReactCommon' in project 'Pods'
        ➜ Explicit dependency on target 'Yoga' in project 'Pods'
        ➜ Explicit dependency on target 'fast_float' in project 'Pods'
        ➜ Explicit dependency on target 'fmt' in project 'Pods'
        ➜ Explicit dependency on target 'glog' in project 'Pods'
        ➜ Explicit dependency on target 'hermes-engine' in project 'Pods'
    Target 'React-NativeModulesApple' in project 'Pods'
        ➜ Explicit dependency on target 'React-Core' in project 'Pods'
        ➜ Explicit dependency on target 'React-callinvoker' in project 'Pods'
        ➜ Explicit dependency on target 'React-cxxreact' in project 'Pods'
        ➜ Explicit dependency on target 'React-jsi' in project 'Pods'
        ➜ Explicit dependency on target 'React-jsinspector' in project 'Pods'
        ➜ Explicit dependency on target 'React-runtimeexecutor' in project 'Pods'
        ➜ Explicit dependency on target 'ReactCommon' in project 'Pods'
        ➜ Explicit dependency on target 'glog' in project 'Pods'
        ➜ Explicit dependency on target 'hermes-engine' in project 'Pods'
    Target 'React-ImageManager' in project 'Pods'
        ➜ Explicit dependency on target 'RCT-Folly' in project 'Pods'
        ➜ Explicit dependency on target 'React-Core' in project 'Pods'
        ➜ Explicit dependency on target 'React-Fabric' in project 'Pods'
        ➜ Explicit dependency on target 'React-debug' in project 'Pods'
        ➜ Explicit dependency on target 'React-graphics' in project 'Pods'
        ➜ Explicit dependency on target 'React-rendererdebug' in project 'Pods'
        ➜ Explicit dependency on target 'React-utils' in project 'Pods'
        ➜ Explicit dependency on target 'glog' in project 'Pods'
    Target 'React-Fabric' in project 'Pods'
        ➜ Explicit dependency on target 'DoubleConversion' in project 'Pods'
        ➜ Explicit dependency on target 'RCT-Folly' in project 'Pods'
        ➜ Explicit dependency on target 'RCTRequired' in project 'Pods'
        ➜ Explicit dependency on target 'RCTTypeSafety' in project 'Pods'
        ➜ Explicit dependency on target 'React-Core' in project 'Pods'
        ➜ Explicit dependency on target 'React-cxxreact' in project 'Pods'
        ➜ Explicit dependency on target 'React-debug' in project 'Pods'
        ➜ Explicit dependency on target 'React-featureflags' in project 'Pods'
        ➜ Explicit dependency on target 'React-graphics' in project 'Pods'
        ➜ Explicit dependency on target 'React-jsi' in project 'Pods'
        ➜ Explicit dependency on target 'React-jsiexecutor' in project 'Pods'
        ➜ Explicit dependency on target 'React-logger' in project 'Pods'
        ➜ Explicit dependency on target 'React-performancetimeline' in project 'Pods'
        ➜ Explicit dependency on target 'React-rendererconsistency' in project 'Pods'
        ➜ Explicit dependency on target 'React-rendererdebug' in project 'Pods'
        ➜ Explicit dependency on target 'React-runtimescheduler' in project 'Pods'
        ➜ Explicit dependency on target 'React-utils' in project 'Pods'
        ➜ Explicit dependency on target 'ReactCommon' in project 'Pods'
        ➜ Explicit dependency on target 'Yoga' in project 'Pods'
        ➜ Explicit dependency on target 'fast_float' in project 'Pods'
        ➜ Explicit dependency on target 'fmt' in project 'Pods'
        ➜ Explicit dependency on target 'glog' in project 'Pods'
        ➜ Explicit dependency on target 'hermes-engine' in project 'Pods'
    Target 'ReactCommon' in project 'Pods'
        ➜ Explicit dependency on target 'DoubleConversion' in project 'Pods'
        ➜ Explicit dependency on target 'RCT-Folly' in project 'Pods'
        ➜ Explicit dependency on target 'React-callinvoker' in project 'Pods'
        ➜ Explicit dependency on target 'React-cxxreact' in project 'Pods'
        ➜ Explicit dependency on target 'React-debug' in project 'Pods'
        ➜ Explicit dependency on target 'React-featureflags' in project 'Pods'
        ➜ Explicit dependency on target 'React-jsi' in project 'Pods'
        ➜ Explicit dependency on target 'React-logger' in project 'Pods'
        ➜ Explicit dependency on target 'React-perflogger' in project 'Pods'
        ➜ Explicit dependency on target 'React-utils' in project 'Pods'
        ➜ Explicit dependency on target 'fast_float' in project 'Pods'
        ➜ Explicit dependency on target 'fmt' in project 'Pods'
        ➜ Explicit dependency on target 'glog' in project 'Pods'
        ➜ Explicit dependency on target 'hermes-engine' in project 'Pods'
    Target 'React-graphics' in project 'Pods'
        ➜ Explicit dependency on target 'DoubleConversion' in project 'Pods'
        ➜ Explicit dependency on target 'RCT-Folly' in project 'Pods'
        ➜ Explicit dependency on target 'React-jsi' in project 'Pods'
        ➜ Explicit dependency on target 'React-jsiexecutor' in project 'Pods'
        ➜ Explicit dependency on target 'React-utils' in project 'Pods'
        ➜ Explicit dependency on target 'fast_float' in project 'Pods'
        ➜ Explicit dependency on target 'fmt' in project 'Pods'
        ➜ Explicit dependency on target 'glog' in project 'Pods'
    Target 'RCTTypeSafety' in project 'Pods'
        ➜ Explicit dependency on target 'FBLazyVector' in project 'Pods'
        ➜ Explicit dependency on target 'RCTRequired' in project 'Pods'
        ➜ Explicit dependency on target 'React-Core' in project 'Pods'
    Target 'React-Core' in project 'Pods'
        ➜ Explicit dependency on target 'RCT-Folly' in project 'Pods'
        ➜ Explicit dependency on target 'RCTDeprecation' in project 'Pods'
        ➜ Explicit dependency on target 'React-Core-React-Core_privacy' in project 'Pods'
        ➜ Explicit dependency on target 'React-cxxreact' in project 'Pods'
        ➜ Explicit dependency on target 'React-featureflags' in project 'Pods'
        ➜ Explicit dependency on target 'React-hermes' in project 'Pods'
        ➜ Explicit dependency on target 'React-jsi' in project 'Pods'
        ➜ Explicit dependency on target 'React-jsiexecutor' in project 'Pods'
        ➜ Explicit dependency on target 'React-jsinspector' in project 'Pods'
        ➜ Explicit dependency on target 'React-perflogger' in project 'Pods'
        ➜ Explicit dependency on target 'React-runtimescheduler' in project 'Pods'
        ➜ Explicit dependency on target 'React-utils' in project 'Pods'
        ➜ Explicit dependency on target 'SocketRocket' in project 'Pods'
        ➜ Explicit dependency on target 'Yoga' in project 'Pods'
        ➜ Explicit dependency on target 'glog' in project 'Pods'
        ➜ Explicit dependency on target 'hermes-engine' in project 'Pods'
    Target 'Yoga' in project 'Pods' (no dependencies)
    Target 'SocketRocket' in project 'Pods' (no dependencies)
    Target 'React-runtimescheduler' in project 'Pods'
        ➜ Explicit dependency on target 'RCT-Folly' in project 'Pods'
        ➜ Explicit dependency on target 'React-callinvoker' in project 'Pods'
        ➜ Explicit dependency on target 'React-cxxreact' in project 'Pods'
        ➜ Explicit dependency on target 'React-debug' in project 'Pods'
        ➜ Explicit dependency on target 'React-featureflags' in project 'Pods'
        ➜ Explicit dependency on target 'React-jsi' in project 'Pods'
        ➜ Explicit dependency on target 'React-performancetimeline' in project 'Pods'
        ➜ Explicit dependency on target 'React-rendererconsistency' in project 'Pods'
        ➜ Explicit dependency on target 'React-rendererdebug' in project 'Pods'
        ➜ Explicit dependency on target 'React-runtimeexecutor' in project 'Pods'
        ➜ Explicit dependency on target 'React-timing' in project 'Pods'
        ➜ Explicit dependency on target 'React-utils' in project 'Pods'
        ➜ Explicit dependency on target 'glog' in project 'Pods'
        ➜ Explicit dependency on target 'hermes-engine' in project 'Pods'
    Target 'React-utils' in project 'Pods'
        ➜ Explicit dependency on target 'RCT-Folly' in project 'Pods'
        ➜ Explicit dependency on target 'React-debug' in project 'Pods'
        ➜ Explicit dependency on target 'React-jsi' in project 'Pods'
        ➜ Explicit dependency on target 'glog' in project 'Pods'
        ➜ Explicit dependency on target 'hermes-engine' in project 'Pods'
    Target 'React-rendererdebug' in project 'Pods'
        ➜ Explicit dependency on target 'DoubleConversion' in project 'Pods'
        ➜ Explicit dependency on target 'RCT-Folly' in project 'Pods'
        ➜ Explicit dependency on target 'React-debug' in project 'Pods'
        ➜ Explicit dependency on target 'fast_float' in project 'Pods'
        ➜ Explicit dependency on target 'fmt' in project 'Pods'
    Target 'React-rendererconsistency' in project 'Pods' (no dependencies)
    Target 'React-performancetimeline' in project 'Pods'
        ➜ Explicit dependency on target 'RCT-Folly' in project 'Pods'
        ➜ Explicit dependency on target 'React-cxxreact' in project 'Pods'
        ➜ Explicit dependency on target 'React-timing' in project 'Pods'
    Target 'React-hermes' in project 'Pods'
        ➜ Explicit dependency on target 'DoubleConversion' in project 'Pods'
        ➜ Explicit dependency on target 'RCT-Folly' in project 'Pods'
        ➜ Explicit dependency on target 'React-cxxreact' in project 'Pods'
        ➜ Explicit dependency on target 'React-jsi' in project 'Pods'
        ➜ Explicit dependency on target 'React-jsiexecutor' in project 'Pods'
        ➜ Explicit dependency on target 'React-jsinspector' in project 'Pods'
        ➜ Explicit dependency on target 'React-perflogger' in project 'Pods'
        ➜ Explicit dependency on target 'React-runtimeexecutor' in project 'Pods'
        ➜ Explicit dependency on target 'fast_float' in project 'Pods'
        ➜ Explicit dependency on target 'fmt' in project 'Pods'
        ➜ Explicit dependency on target 'glog' in project 'Pods'
        ➜ Explicit dependency on target 'hermes-engine' in project 'Pods'
    Target 'React-jsiexecutor' in project 'Pods'
        ➜ Explicit dependency on target 'DoubleConversion' in project 'Pods'
        ➜ Explicit dependency on target 'RCT-Folly' in project 'Pods'
        ➜ Explicit dependency on target 'React-cxxreact' in project 'Pods'
        ➜ Explicit dependency on target 'React-jsi' in project 'Pods'
        ➜ Explicit dependency on target 'React-jsinspector' in project 'Pods'
        ➜ Explicit dependency on target 'React-perflogger' in project 'Pods'
        ➜ Explicit dependency on target 'fast_float' in project 'Pods'
        ➜ Explicit dependency on target 'fmt' in project 'Pods'
        ➜ Explicit dependency on target 'glog' in project 'Pods'
        ➜ Explicit dependency on target 'hermes-engine' in project 'Pods'
    Target 'React-cxxreact' in project 'Pods'
        ➜ Explicit dependency on target 'DoubleConversion' in project 'Pods'
        ➜ Explicit dependency on target 'RCT-Folly' in project 'Pods'
        ➜ Explicit dependency on target 'React-callinvoker' in project 'Pods'
        ➜ Explicit dependency on target 'React-cxxreact-React-cxxreact_privacy' in project 'Pods'
        ➜ Explicit dependency on target 'React-debug' in project 'Pods'
        ➜ Explicit dependency on target 'React-jsi' in project 'Pods'
        ➜ Explicit dependency on target 'React-jsinspector' in project 'Pods'
        ➜ Explicit dependency on target 'React-logger' in project 'Pods'
        ➜ Explicit dependency on target 'React-perflogger' in project 'Pods'
        ➜ Explicit dependency on target 'React-runtimeexecutor' in project 'Pods'
        ➜ Explicit dependency on target 'React-timing' in project 'Pods'
        ➜ Explicit dependency on target 'boost' in project 'Pods'
        ➜ Explicit dependency on target 'fast_float' in project 'Pods'
        ➜ Explicit dependency on target 'fmt' in project 'Pods'
        ➜ Explicit dependency on target 'glog' in project 'Pods'
        ➜ Explicit dependency on target 'hermes-engine' in project 'Pods'
    Target 'React-timing' in project 'Pods' (no dependencies)
    Target 'React-logger' in project 'Pods'
        ➜ Explicit dependency on target 'glog' in project 'Pods'
    Target 'React-jsinspector' in project 'Pods'
        ➜ Explicit dependency on target 'DoubleConversion' in project 'Pods'
        ➜ Explicit dependency on target 'RCT-Folly' in project 'Pods'
        ➜ Explicit dependency on target 'React-featureflags' in project 'Pods'
        ➜ Explicit dependency on target 'React-jsi' in project 'Pods'
        ➜ Explicit dependency on target 'React-perflogger' in project 'Pods'
        ➜ Explicit dependency on target 'React-runtimeexecutor' in project 'Pods'
        ➜ Explicit dependency on target 'glog' in project 'Pods'
        ➜ Explicit dependency on target 'hermes-engine' in project 'Pods'
    Target 'React-runtimeexecutor' in project 'Pods'
        ➜ Explicit dependency on target 'React-jsi' in project 'Pods'
    Target 'React-perflogger' in project 'Pods'
        ➜ Explicit dependency on target 'DoubleConversion' in project 'Pods'
        ➜ Explicit dependency on target 'RCT-Folly' in project 'Pods'
    Target 'React-featureflags' in project 'Pods' (no dependencies)
    Target 'React-jsi' in project 'Pods'
        ➜ Explicit dependency on target 'DoubleConversion' in project 'Pods'
        ➜ Explicit dependency on target 'RCT-Folly' in project 'Pods'
        ➜ Explicit dependency on target 'boost' in project 'Pods'
        ➜ Explicit dependency on target 'fast_float' in project 'Pods'
        ➜ Explicit dependency on target 'fmt' in project 'Pods'
        ➜ Explicit dependency on target 'glog' in project 'Pods'
        ➜ Explicit dependency on target 'hermes-engine' in project 'Pods'
    Target 'hermes-engine' in project 'Pods' (no dependencies)
    Target 'React-debug' in project 'Pods' (no dependencies)
    Target 'React-cxxreact-React-cxxreact_privacy' in project 'Pods' (no dependencies)
    Target 'React-callinvoker' in project 'Pods' (no dependencies)
    Target 'React-Core-React-Core_privacy' in project 'Pods' (no dependencies)
    Target 'RCTDeprecation' in project 'Pods' (no dependencies)
    Target 'FBLazyVector' in project 'Pods' (no dependencies)
    Target 'RCTRequired' in project 'Pods' (no dependencies)
    Target 'RCT-Folly' in project 'Pods'
        ➜ Explicit dependency on target 'DoubleConversion' in project 'Pods'
        ➜ Explicit dependency on target 'RCT-Folly-RCT-Folly_privacy' in project 'Pods'
        ➜ Explicit dependency on target 'boost' in project 'Pods'
        ➜ Explicit dependency on target 'fast_float' in project 'Pods'
        ➜ Explicit dependency on target 'fmt' in project 'Pods'
        ➜ Explicit dependency on target 'glog' in project 'Pods'
    Target 'glog' in project 'Pods'
        ➜ Explicit dependency on target 'glog-glog_privacy' in project 'Pods'
    Target 'glog-glog_privacy' in project 'Pods' (no dependencies)
    Target 'fmt' in project 'Pods' (no dependencies)
    Target 'fast_float' in project 'Pods' (no dependencies)
    Target 'boost' in project 'Pods'
        ➜ Explicit dependency on target 'boost-boost_privacy' in project 'Pods'
    Target 'boost-boost_privacy' in project 'Pods' (no dependencies)
    Target 'RCT-Folly-RCT-Folly_privacy' in project 'Pods' (no dependencies)
    Target 'EXApplication-ExpoApplication_privacy' in project 'Pods' (no dependencies)
    Target 'DoubleConversion' in project 'Pods' (no dependencies)
    Target 'AppCheckCore' in project 'Pods'
        ➜ Explicit dependency on target 'GoogleUtilities' in project 'Pods'
        ➜ Explicit dependency on target 'PromisesObjC' in project 'Pods'
    Target 'PromisesObjC' in project 'Pods'
        ➜ Explicit dependency on target 'PromisesObjC-FBLPromises_Privacy' in project 'Pods'
    Target 'PromisesObjC-FBLPromises_Privacy' in project 'Pods' (no dependencies)
    Target 'GoogleUtilities' in project 'Pods'
        ➜ Explicit dependency on target 'GoogleUtilities-GoogleUtilities_Privacy' in project 'Pods'
    Target 'GoogleUtilities-GoogleUtilities_Privacy' in project 'Pods' (no dependencies)
    Target 'AppAuth' in project 'Pods'
        ➜ Explicit dependency on target 'AppAuth-AppAuthCore_Privacy' in project 'Pods'
    Target 'AppAuth-AppAuthCore_Privacy' in project 'Pods' (no dependencies)

GatherProvisioningInputs

CreateBuildDescription

ClangStatCache /Applications/Xcode.app/Contents/Developer/Toolchains/XcodeDefault.xctoolchain/usr/bin/clang-stat-cache /Applications/Xcode.app/Contents/Developer/Platforms/iPhoneSimulator.platform/Developer/SDKs/iPhoneSimulator26.5.sdk /Users/antoniogrillo-balen/Library/Developer/Xcode/DerivedData/SDKStatCaches.noindex/iphonesimulator26.5-23F73-6cfe768891a92b912361537c460fe42b.sdkstatcache
    cd /Users/antoniogrillo-balen/Desktop/Projects/RiseBuild/ios
    /Applications/Xcode.app/Contents/Developer/Toolchains/XcodeDefault.xctoolchain/usr/bin/clang-stat-cache /Applications/Xcode.app/Contents/Developer/Platforms/iPhoneSimulator.platform/Developer/SDKs/iPhoneSimulator26.5.sdk -o /Users/antoniogrillo-balen/Library/Developer/Xcode/DerivedData/SDKStatCaches.noindex/iphonesimulator26.5-23F73-6cfe768891a92b912361537c460fe42b.sdkstatcache

warning: Run script build phase 'Create Symlinks to Header Folders' will be run during every build because it does not specify any outputs. To address this issue, either add output dependencies to the script phase, or configure it to run in every build by unchecking "Based on dependency analysis" in the script phase. (in target 'fmt' from project 'Pods')
PhaseScriptExecution Create\ Symlinks\ to\ Header\ Folders /Users/antoniogrillo-balen/Library/Developer/Xcode/DerivedData/risebysolis-gzfsziqwziaggpcbgdowmssiasmi/Build/Intermediates.noindex/Pods.build/Debug-iphonesimulator/fmt.build/Script-46EB2E00031120.sh (in target 'fmt' from project 'Pods')
    cd /Users/antoniogrillo-balen/Desktop/Projects/RiseBuild/ios/Pods
    export ACTION\=build
    export AD_HOC_CODE_SIGNING_ALLOWED\=YES
    export ALLOW_BUILD_REQUEST_OVERRIDES\=NO
    export ALLOW_TARGET_PLATFORM_SPECIALIZATION\=NO
    export ALTERNATE_GROUP\=staff
    export ALTERNATE_MODE\=u+w,go-w,a+rX
    export ALTERNATE_OWNER\=antoniogrillo-balen
    export ALTERNATIVE_DISTRIBUTION_WEB\=NO
    export ALWAYS_EMBED_SWIFT_STANDARD_LIBRARIES\=NO
    export ALWAYS_SEARCH_USER_PATHS\=NO
    export ALWAYS_USE_SEPARATE_HEADERMAPS\=NO
    export APPLICATION_EXTENSION_API_ONLY\=NO
    export APPLY_RULES_IN_COPY_FILES\=NO
    export APPLY_RULES_IN_COPY_HEADERS\=NO
    export APP_SHORTCUTS_ENABLE_FLEXIBLE_MATCHING\=YES
    export ARCHS\=arm64
    export ARCHS_BASE\=arm64
    export ARCHS_STANDARD\=arm64\ x86_64
    export ARCHS_STANDARD_32_64_BIT\=arm64\ x86_64
    export ARCHS_STANDARD_64_BIT\=arm64\ x86_64
    export ARCHS_STANDARD_INCLUDING_64_BIT\=arm64\ x86_64
    export ARCHS_UNIVERSAL_IPHONE_OS\=arm64\ x86_64
    export ASSETCATALOG_FILTER_FOR_DEVICE_MODEL\=iPhone16,2
    export ASSETCATALOG_FILTER_FOR_DEVICE_OS_VERSION\=26.4.1
    export ASSETCATALOG_FILTER_FOR_THINNING_DEVICE_CONFIGURATION\=iPhone16,2
    export AUTOMATICALLY_MERGE_DEPENDENCIES\=NO
    export AUTOMATION_APPLE_EVENTS\=NO
    export AVAILABLE_PLATFORMS\=android\ appletvos\ appletvsimulator\ driverkit\ freebsd\ iphoneos\ iphonesimulator\ linux\ macosx\ none\ openbsd\ qnx\ watchos\ watchsimulator\ webassembly\ xros\ xrsimulator
    export AppIdentifierPrefix\=FAKETEAMID.
    export BUILD_ACTIVE_RESOURCES_ONLY\=YES
    export BUILD_COMPONENTS\=headers\ build
    export BUILD_DIR\=/Users/antoniogrillo-balen/Library/Developer/Xcode/DerivedData/risebysolis-gzfsziqwziaggpcbgdowmssiasmi/Build/Products
    export BUILD_LIBRARY_FOR_DISTRIBUTION\=NO
    export BUILD_ONLY_KNOWN_LOCALIZATIONS\=NO
    export BUILD_ROOT\=/Users/antoniogrillo-balen/Library/Developer/Xcode/DerivedData/risebysolis-gzfsziqwziaggpcbgdowmssiasmi/Build/Products
    export BUILD_STYLE\=
    export BUILD_VARIANTS\=normal
    export BUILT_PRODUCTS_DIR\=/Users/antoniogrillo-balen/Library/Developer/Xcode/DerivedData/risebysolis-gzfsziqwziaggpcbgdowmssiasmi/Build/Products/Debug-iphonesimulator/fmt
    export BUNDLE_CONTENTS_FOLDER_PATH_deep\=Contents/
    export BUNDLE_EXECUTABLE_FOLDER_NAME_deep\=MacOS
    export BUNDLE_EXTENSIONS_FOLDER_PATH\=Extensions
    export BUNDLE_FORMAT\=shallow
    export BUNDLE_FRAMEWORKS_FOLDER_PATH\=Frameworks
    export BUNDLE_PLUGINS_FOLDER_PATH\=PlugIns
    export BUNDLE_PRIVATE_HEADERS_FOLDER_PATH\=PrivateHeaders
    export BUNDLE_PUBLIC_HEADERS_FOLDER_PATH\=Headers
    export CACHE_ROOT\=/var/folders/2z/jtlqylkx0c709j3xb7b0g4cm0000gn/C/com.apple.DeveloperTools/26.5-17F42/Xcode
    export CCHROOT\=/var/folders/2z/jtlqylkx0c709j3xb7b0g4cm0000gn/C/com.apple.DeveloperTools/26.5-17F42/Xcode
    export CHMOD\=/bin/chmod
    export CHOWN\=chown
    export CLANG_ANALYZER_LOCALIZABILITY_NONLOCALIZED\=YES
    export CLANG_ANALYZER_NONNULL\=YES
    export CLANG_ANALYZER_NUMBER_OBJECT_CONVERSION\=YES_AGGRESSIVE
    export CLANG_CACHE_FINE_GRAINED_OUTPUTS\=YES
    export CLANG_CXX_LANGUAGE_STANDARD\=c++20
    export CLANG_CXX_LIBRARY\=libc++
    export CLANG_ENABLE_EXPLICIT_MODULES\=YES
    export CLANG_ENABLE_MODULES\=YES
    export CLANG_ENABLE_OBJC_ARC\=YES
    export CLANG_ENABLE_OBJC_WEAK\=NO
    export CLANG_MODULES_BUILD_SESSION_FILE\=/Users/antoniogrillo-balen/Library/Developer/Xcode/DerivedData/ModuleCache.noindex/Session.modulevalidation
    export CLANG_WARN_BLOCK_CAPTURE_AUTORELEASING\=YES
    export CLANG_WARN_BOOL_CONVERSION\=YES
    export CLANG_WARN_COMMA\=YES
    export CLANG_WARN_CONSTANT_CONVERSION\=YES
    export CLANG_WARN_DEPRECATED_OBJC_IMPLEMENTATIONS\=YES
    export CLANG_WARN_DIRECT_OBJC_ISA_USAGE\=YES_ERROR
    export CLANG_WARN_DOCUMENTATION_COMMENTS\=YES
    export CLANG_WARN_EMPTY_BODY\=YES
    export CLANG_WARN_ENUM_CONVERSION\=YES
    export CLANG_WARN_INFINITE_RECURSION\=YES
    export CLANG_WARN_INT_CONVERSION\=YES
    export CLANG_WARN_NON_LITERAL_NULL_CONVERSION\=YES
    export CLANG_WARN_OBJC_IMPLICIT_RETAIN_SELF\=YES
    export CLANG_WARN_OBJC_LITERAL_CONVERSION\=YES
    export CLANG_WARN_OBJC_ROOT_CLASS\=YES_ERROR
    export CLANG_WARN_QUOTED_INCLUDE_IN_FRAMEWORK_HEADER\=NO
    export CLANG_WARN_RANGE_LOOP_ANALYSIS\=YES
    export CLANG_WARN_STRICT_PROTOTYPES\=YES
    export CLANG_WARN_SUSPICIOUS_MOVE\=YES
    export CLANG_WARN_UNGUARDED_AVAILABILITY\=YES_AGGRESSIVE
    export CLANG_WARN_UNREACHABLE_CODE\=YES
    export CLANG_WARN__DUPLICATE_METHOD_MATCH\=YES
    export CLASS_FILE_DIR\=/Users/antoniogrillo-balen/Library/Developer/Xcode/DerivedData/risebysolis-gzfsziqwziaggpcbgdowmssiasmi/Build/Intermediates.noindex/Pods.build/Debug-iphonesimulator/fmt.build/JavaClasses
    export CLEAN_PRECOMPS\=YES
    export CLONE_HEADERS\=NO
    export CODESIGNING_FOLDER_PATH\=/Users/antoniogrillo-balen/Library/Developer/Xcode/DerivedData/risebysolis-gzfsziqwziaggpcbgdowmssiasmi/Build/Products/Debug-iphonesimulator/fmt/fmt.framework
    export CODE_SIGNING_ALLOWED\=YES
    export CODE_SIGNING_REQUIRED\=NO
    export CODE_SIGNING_REQUIRES_TEAM\=YES
    export CODE_SIGN_CONTEXT_CLASS\=XCiPhoneSimulatorCodeSignContext
    export CODE_SIGN_IDENTITY\=-
    export CODE_SIGN_INJECT_BASE_ENTITLEMENTS\=YES
    export COLOR_DIAGNOSTICS\=NO
    export COMBINE_HIDPI_IMAGES\=NO
    export COMPILATION_CACHE_CAS_PATH\=/Users/antoniogrillo-balen/Library/Developer/Xcode/DerivedData/CompilationCache.noindex
    export COMPILATION_CACHE_KEEP_CAS_DIRECTORY\=YES
    export COMPILER_INDEX_STORE_ENABLE\=Default
    export COMPOSITE_SDK_DIRS\=/Users/antoniogrillo-balen/Library/Developer/Xcode/DerivedData/risebysolis-gzfsziqwziaggpcbgdowmssiasmi/Build/Intermediates.noindex/CompositeSDKs
    export COMPRESS_PNG_FILES\=YES
    export CONFIGURATION\=Debug
    export CONFIGURATION_BUILD_DIR\=/Users/antoniogrillo-balen/Library/Developer/Xcode/DerivedData/risebysolis-gzfsziqwziaggpcbgdowmssiasmi/Build/Products/Debug-iphonesimulator/fmt
    export CONFIGURATION_TEMP_DIR\=/Users/antoniogrillo-balen/Library/Developer/Xcode/DerivedData/risebysolis-gzfsziqwziaggpcbgdowmssiasmi/Build/Intermediates.noindex/Pods.build/Debug-iphonesimulator
    export CONTENTS_FOLDER_PATH\=fmt.framework
    export CONTENTS_FOLDER_PATH_SHALLOW_BUNDLE_NO\=fmt.framework/A
    export CONTENTS_FOLDER_PATH_SHALLOW_BUNDLE_YES\=fmt.framework
    export COPYING_PRESERVES_HFS_DATA\=NO
    export COPY_HEADERS_RUN_UNIFDEF\=NO
    export COPY_PHASE_STRIP\=NO
    export CORRESPONDING_DEVICE_PLATFORM_DIR\=/Applications/Xcode.app/Contents/Developer/Platforms/iPhoneOS.platform
    export CORRESPONDING_DEVICE_PLATFORM_NAME\=iphoneos
    export CORRESPONDING_DEVICE_SDK_DIR\=/Applications/Xcode.app/Contents/Developer/Platforms/iPhoneOS.platform/Developer/SDKs/iPhoneOS26.5.sdk
    export CORRESPONDING_DEVICE_SDK_NAME\=iphoneos26.5
    export CP\=/bin/cp
    export CREATE_INFOPLIST_SECTION_IN_BINARY\=NO
    export CURRENT_ARCH\=undefined_arch
    export CURRENT_PROJECT_VERSION\=1
    export CURRENT_VARIANT\=normal
    export CURRENT_VERSION\=Current
    export DEAD_CODE_STRIPPING\=YES
    export DEBUGGING_SYMBOLS\=YES
    export DEBUG_INFORMATION_FORMAT\=dwarf
    export DEBUG_INFORMATION_VERSION\=compiler-default
    export DEFAULT_COMPILER\=com.apple.compilers.llvm.clang.1_0
    export DEFAULT_DEXT_INSTALL_PATH\=/System/Library/DriverExtensions
    export DEFAULT_KEXT_INSTALL_PATH\=/System/Library/Extensions
    export DEFINES_MODULE\=YES
    export DEPLOYMENT_LOCATION\=NO
    export DEPLOYMENT_POSTPROCESSING\=NO
    export DEPLOYMENT_TARGET_SETTING_NAME\=IPHONEOS_DEPLOYMENT_TARGET
    export DEPLOYMENT_TARGET_SUGGESTED_VALUES\=12.0\ 12.1\ 12.2\ 12.3\ 12.4\ 13.0\ 13.1\ 13.2\ 13.3\ 13.4\ 13.5\ 13.6\ 14.0\ 14.1\ 14.2\ 14.3\ 14.4\ 14.5\ 14.6\ 14.7\ 15.0\ 15.1\ 15.2\ 15.3\ 15.4\ 15.5\ 15.6\ 16.0\ 16.1\ 16.2\ 16.3\ 16.4\ 16.5\ 16.6\ 17.0\ 17.1\ 17.2\ 17.3\ 17.4\ 17.5\ 17.6\ 18.0\ 18.1\ 18.2\ 18.3\ 18.4\ 18.5\ 18.6\ 26.0\ 26.2\ 26.3\ 26.4\ 26.5
    export DERIVED_FILES_DIR\=/Users/antoniogrillo-balen/Library/Developer/Xcode/DerivedData/risebysolis-gzfsziqwziaggpcbgdowmssiasmi/Build/Intermediates.noindex/Pods.build/Debug-iphonesimulator/fmt.build/DerivedSources
    export DERIVED_FILE_DIR\=/Users/antoniogrillo-balen/Library/Developer/Xcode/DerivedData/risebysolis-gzfsziqwziaggpcbgdowmssiasmi/Build/Intermediates.noindex/Pods.build/Debug-iphonesimulator/fmt.build/DerivedSources
    export DERIVED_SOURCES_DIR\=/Users/antoniogrillo-balen/Library/Developer/Xcode/DerivedData/risebysolis-gzfsziqwziaggpcbgdowmssiasmi/Build/Intermediates.noindex/Pods.build/Debug-iphonesimulator/fmt.build/DerivedSources
    export DEVELOPER_APPLICATIONS_DIR\=/Applications/Xcode.app/Contents/Developer/Applications
    export DEVELOPER_BIN_DIR\=/Applications/Xcode.app/Contents/Developer/usr/bin
    export DEVELOPER_DIR\=/Applications/Xcode.app/Contents/Developer
    export DEVELOPER_FRAMEWORKS_DIR\=/Applications/Xcode.app/Contents/Developer/Library/Frameworks
    export DEVELOPER_FRAMEWORKS_DIR_QUOTED\=/Applications/Xcode.app/Contents/Developer/Library/Frameworks
    export DEVELOPER_LIBRARY_DIR\=/Applications/Xcode.app/Contents/Developer/Library
    export DEVELOPER_SDK_DIR\=/Applications/Xcode.app/Contents/Developer/Platforms/MacOSX.platform/Developer/SDKs
    export DEVELOPER_TOOLS_DIR\=/Applications/Xcode.app/Contents/Developer/Tools
    export DEVELOPER_USR_DIR\=/Applications/Xcode.app/Contents/Developer/usr
    export DEVELOPMENT_LANGUAGE\=en
    export DIAGNOSE_MISSING_TARGET_DEPENDENCIES\=YES
    export DIFF\=/usr/bin/diff
    export DOCUMENTATION_FOLDER_PATH\=fmt.framework/en.lproj/Documentation
    export DONT_GENERATE_INFOPLIST_FILE\=NO
    export DSTROOT\=/tmp/Pods.dst
    export DT_TOOLCHAIN_DIR\=/Applications/Xcode.app/Contents/Developer/Toolchains/XcodeDefault.xctoolchain
    export DUMP_DEPENDENCIES\=NO
    export DUMP_DEPENDENCIES_OUTPUT_PATH\=/Users/antoniogrillo-balen/Library/Developer/Xcode/DerivedData/risebysolis-gzfsziqwziaggpcbgdowmssiasmi/Build/Intermediates.noindex/Pods.build/Debug-iphonesimulator/fmt.build/fmt-BuildDependencyInfo.json
    export DWARF_DSYM_FILE_NAME\=fmt.framework.dSYM
    export DWARF_DSYM_FILE_SHOULD_ACCOMPANY_PRODUCT\=NO
    export DWARF_DSYM_FOLDER_PATH\=/Users/antoniogrillo-balen/Library/Developer/Xcode/DerivedData/risebysolis-gzfsziqwziaggpcbgdowmssiasmi/Build/Products/Debug-iphonesimulator/fmt
    export DYLIB_COMPATIBILITY_VERSION\=1
    export DYLIB_CURRENT_VERSION\=1
    export DYLIB_INSTALL_NAME_BASE\=@rpath
    export DYNAMIC_LIBRARY_EXTENSION\=dylib
    export EAGER_COMPILATION_ALLOW_SCRIPTS\=NO
    export EAGER_LINKING\=NO
    export EFFECTIVE_PLATFORM_NAME\=-iphonesimulator
    export EFFECTIVE_SWIFT_VERSION\=5
    export EMBEDDED_CONTENT_CONTAINS_SWIFT\=NO
    export EMBED_ASSET_PACKS_IN_PRODUCT_BUNDLE\=NO
    export ENABLE_APP_SANDBOX\=NO
    export ENABLE_CODE_COVERAGE\=YES
    export ENABLE_COHORT_ARCHS\=NO
    export ENABLE_CPLUSPLUS_BOUNDS_SAFE_BUFFERS\=NO
    export ENABLE_C_BOUNDS_SAFETY\=NO
    export ENABLE_DEFAULT_HEADER_SEARCH_PATHS\=YES
    export ENABLE_DEFAULT_SEARCH_PATHS\=YES
    export ENABLE_ENHANCED_SECURITY\=NO
    export ENABLE_HARDENED_RUNTIME\=NO
    export ENABLE_HEADER_DEPENDENCIES\=YES
    export ENABLE_INCOMING_NETWORK_CONNECTIONS\=NO
    export ENABLE_MODULE_VERIFIER\=NO
    export ENABLE_ON_DEMAND_RESOURCES\=NO
    export ENABLE_OUTGOING_NETWORK_CONNECTIONS\=NO
    export ENABLE_POINTER_AUTHENTICATION\=NO
    export ENABLE_PREVIEWS\=NO
    export ENABLE_RESOURCE_ACCESS_AUDIO_INPUT\=NO
    export ENABLE_RESOURCE_ACCESS_BLUETOOTH\=NO
    export ENABLE_RESOURCE_ACCESS_CALENDARS\=NO
    export ENABLE_RESOURCE_ACCESS_CAMERA\=NO
    export ENABLE_RESOURCE_ACCESS_CONTACTS\=NO
    export ENABLE_RESOURCE_ACCESS_LOCATION\=NO
    export ENABLE_RESOURCE_ACCESS_PHOTO_LIBRARY\=NO
    export ENABLE_RESOURCE_ACCESS_PRINTING\=NO
    export ENABLE_RESOURCE_ACCESS_USB\=NO
    export ENABLE_SDK_IMPORTS\=NO
    export ENABLE_SECURITY_COMPILER_WARNINGS\=NO
    export ENABLE_STRICT_OBJC_MSGSEND\=YES
    export ENABLE_TESTABILITY\=YES
    export ENABLE_TESTING_SEARCH_PATHS\=NO
    export ENABLE_USER_SCRIPT_SANDBOXING\=NO
    export ENABLE_XOJIT_PREVIEWS\=YES
    export ENFORCE_VALID_ARCHS\=YES
    export ENTITLEMENTS_DESTINATION\=__entitlements
    export ENTITLEMENTS_REQUIRED\=NO
    export EXCLUDED_INSTALLSRC_SUBDIRECTORY_PATTERNS\=.DS_Store\ .svn\ .git\ .hg\ CVS
    export EXCLUDED_RECURSIVE_SEARCH_PATH_SUBDIRECTORIES\=\*.nib\ \*.lproj\ \*.framework\ \*.gch\ \*.xcode\*\ \*.xcassets\ \*.icon\ \(\*\)\ .DS_Store\ CVS\ .svn\ .git\ .hg\ \*.pbproj\ \*.pbxproj
    export EXECUTABLES_FOLDER_PATH\=fmt.framework/en.lproj
    export EXECUTABLE_FOLDER_PATH\=fmt.framework
    export EXECUTABLE_FOLDER_PATH_SHALLOW_BUNDLE_NO\=fmt.framework
    export EXECUTABLE_FOLDER_PATH_SHALLOW_BUNDLE_YES\=fmt.framework
    export EXECUTABLE_NAME\=fmt
    export EXECUTABLE_PATH\=fmt.framework/fmt
    export EXPANDED_CODE_SIGN_IDENTITY\=-
    export EXPANDED_CODE_SIGN_IDENTITY_NAME\=Sign\ to\ Run\ Locally
    export EXTENSIONS_FOLDER_PATH\=fmt.framework/Extensions
    export FILE_LIST\=/Users/antoniogrillo-balen/Library/Developer/Xcode/DerivedData/risebysolis-gzfsziqwziaggpcbgdowmssiasmi/Build/Intermediates.noindex/Pods.build/Debug-iphonesimulator/fmt.build/Objects/LinkFileList
    export FIXED_FILES_DIR\=/Users/antoniogrillo-balen/Library/Developer/Xcode/DerivedData/risebysolis-gzfsziqwziaggpcbgdowmssiasmi/Build/Intermediates.noindex/Pods.build/Debug-iphonesimulator/fmt.build/FixedFiles
    export FRAMEWORKS_FOLDER_PATH\=fmt.framework/Frameworks
    export FRAMEWORK_FLAG_PREFIX\=-framework
    export FRAMEWORK_SEARCH_PATHS\=/Users/antoniogrillo-balen/Library/Developer/Xcode/DerivedData/risebysolis-gzfsziqwziaggpcbgdowmssiasmi/Build/Products/Debug-iphonesimulator/fmt\ 
    export FRAMEWORK_VERSION\=A
    export FULL_PRODUCT_NAME\=fmt.framework
    export FUSE_BUILD_PHASES\=YES
    export FUSE_BUILD_SCRIPT_PHASES\=NO
    export GCC3_VERSION\=3.3
    export GCC_C_LANGUAGE_STANDARD\=gnu11
    export GCC_DYNAMIC_NO_PIC\=NO
    export GCC_INLINES_ARE_PRIVATE_EXTERN\=YES
    export GCC_NO_COMMON_BLOCKS\=YES
    export GCC_OBJC_LEGACY_DISPATCH\=YES
    export GCC_OPTIMIZATION_LEVEL\=0
    export GCC_PFE_FILE_C_DIALECTS\=c\ objective-c\ c++\ objective-c++
    export GCC_PREFIX_HEADER\=Target\ Support\ Files/fmt/fmt-prefix.pch
    export GCC_PREPROCESSOR_DEFINITIONS\=POD_CONFIGURATION_DEBUG\=1\ DEBUG\=1\ \ COCOAPODS\=1
    export GCC_TREAT_WARNINGS_AS_ERRORS\=NO
    export GCC_VERSION\=com.apple.compilers.llvm.clang.1_0
    export GCC_VERSION_IDENTIFIER\=com_apple_compilers_llvm_clang_1_0
    export GCC_WARN_64_TO_32_BIT_CONVERSION\=YES
    export GCC_WARN_ABOUT_RETURN_TYPE\=YES_ERROR
    export GCC_WARN_UNDECLARED_SELECTOR\=YES
    export GCC_WARN_UNINITIALIZED_AUTOS\=YES_AGGRESSIVE
    export GCC_WARN_UNUSED_FUNCTION\=YES
    export GCC_WARN_UNUSED_VARIABLE\=YES
    export GENERATED_MODULEMAP_DIR\=/Users/antoniogrillo-balen/Library/Developer/Xcode/DerivedData/risebysolis-gzfsziqwziaggpcbgdowmssiasmi/Build/Intermediates.noindex/GeneratedModuleMaps-iphonesimulator
    export GENERATE_INFOPLIST_FILE\=NO
    export GENERATE_INTERMEDIATE_TEXT_BASED_STUBS\=YES
    export GENERATE_PKGINFO_FILE\=NO
    export GENERATE_PRELINK_OBJECT_FILE\=NO
    export GENERATE_PROFILING_CODE\=NO
    export GENERATE_TEXT_BASED_STUBS\=NO
    export GID\=20
    export GROUP\=staff
    export HEADERMAP_INCLUDES_FLAT_ENTRIES_FOR_TARGET_BEING_BUILT\=YES
    export HEADERMAP_INCLUDES_FRAMEWORK_ENTRIES_FOR_ALL_PRODUCT_TYPES\=YES
    export HEADERMAP_INCLUDES_FRAMEWORK_ENTRIES_FOR_TARGETS_NOT_BEING_BUILT\=YES
    export HEADERMAP_INCLUDES_NONPUBLIC_NONPRIVATE_HEADERS\=YES
    export HEADERMAP_INCLUDES_PROJECT_HEADERS\=YES
    export HEADERMAP_USES_FRAMEWORK_PREFIX_ENTRIES\=YES
    export HEADERMAP_USES_VFS\=YES
    export HEADER_SEARCH_PATHS\=/Users/antoniogrillo-balen/Library/Developer/Xcode/DerivedData/risebysolis-gzfsziqwziaggpcbgdowmssiasmi/Build/Products/Debug-iphonesimulator/fmt/include\ \ /Users/antoniogrillo-balen/Library/Developer/Xcode/DerivedData/risebysolis-gzfsziqwziaggpcbgdowmssiasmi/Build/Products/Debug-iphonesimulator/ReactCommon/ReactCommon.framework/Headers\ /Users/antoniogrillo-balen/Library/Developer/Xcode/DerivedData/risebysolis-gzfsziqwziaggpcbgdowmssiasmi/Build/Products/Debug-iphonesimulator/ReactCommon/ReactCommon.framework/Headers/react/nativemodule/core\ /Users/antoniogrillo-balen/Library/Developer/Xcode/DerivedData/risebysolis-gzfsziqwziaggpcbgdowmssiasmi/Build/Products/Debug-iphonesimulator/ReactCommon-Samples/ReactCommon_Samples.framework/Headers\ /Users/antoniogrillo-balen/Library/Developer/Xcode/DerivedData/risebysolis-gzfsziqwziaggpcbgdowmssiasmi/Build/Products/Debug-iphonesimulator/ReactCommon-Samples/ReactCommon_Samples.framework/Headers/platform/ios\ /Users/antoniogrillo-balen/Library/Developer/Xcode/DerivedData/risebysolis-gzfsziqwziaggpcbgdowmssiasmi/Build/Products/Debug-iphonesimulator/React-Fabric/React_Fabric.framework/Headers/react/renderer/components/view/platform/cxx\ /Users/antoniogrillo-balen/Library/Developer/Xcode/DerivedData/risebysolis-gzfsziqwziaggpcbgdowmssiasmi/Build/Products/Debug-iphonesimulator/React-NativeModulesApple/React_NativeModulesApple.framework/Headers\ /Users/antoniogrillo-balen/Library/Developer/Xcode/DerivedData/risebysolis-gzfsziqwziaggpcbgdowmssiasmi/Build/Products/Debug-iphonesimulator/React-graphics/React_graphics.framework/Headers\ /Users/antoniogrillo-balen/Library/Developer/Xcode/DerivedData/risebysolis-gzfsziqwziaggpcbgdowmssiasmi/Build/Products/Debug-iphonesimulator/React-graphics/React_graphics.framework/Headers/react/renderer/graphics/platform/ios
    export HOME\=/Users/antoniogrillo-balen
    export HOST_ARCH\=arm64
    export HOST_PLATFORM\=macosx
    export ICONV\=/usr/bin/iconv
    export IMPLICIT_DEPENDENCY_DOMAIN\=default
    export INDEX_STORE_COMPRESS\=NO
    export INDEX_STORE_ONLY_PROJECT_FILES\=NO
    export INFOPLIST_ENABLE_CFBUNDLEICONS_MERGE\=YES
    export INFOPLIST_EXPAND_BUILD_SETTINGS\=YES
    export INFOPLIST_FILE\=Target\ Support\ Files/fmt/fmt-Info.plist
    export INFOPLIST_OUTPUT_FORMAT\=binary
    export INFOPLIST_PATH\=fmt.framework/Info.plist
    export INFOPLIST_PREPROCESS\=NO
    export INFOSTRINGS_PATH\=fmt.framework/en.lproj/InfoPlist.strings
    export INLINE_PRIVATE_FRAMEWORKS\=NO
    export INSTALLAPI_IGNORE_SKIP_INSTALL\=YES
    export INSTALLHDRS_COPY_PHASE\=NO
    export INSTALLHDRS_SCRIPT_PHASE\=NO
    export INSTALL_DIR\=/tmp/Pods.dst/Library/Frameworks
    export INSTALL_GROUP\=staff
    export INSTALL_MODE_FLAG\=u+w,go-w,a+rX
    export INSTALL_OWNER\=antoniogrillo-balen
    export INSTALL_PATH\=/Library/Frameworks
    export INSTALL_ROOT\=/tmp/Pods.dst
    export IPHONEOS_DEPLOYMENT_TARGET\=15.1
    export IS_UNOPTIMIZED_BUILD\=YES
    export JAVAC_DEFAULT_FLAGS\=-J-Xms64m\ -J-XX:NewSize\=4M\ -J-Dfile.encoding\=UTF8
    export JAVA_APP_STUB\=/System/Library/Frameworks/JavaVM.framework/Resources/MacOS/JavaApplicationStub
    export JAVA_ARCHIVE_CLASSES\=YES
    export JAVA_ARCHIVE_TYPE\=JAR
    export JAVA_COMPILER\=/usr/bin/javac
    export JAVA_FOLDER_PATH\=fmt.framework/Java
    export JAVA_FRAMEWORK_RESOURCES_DIRS\=Resources
    export JAVA_JAR_FLAGS\=cv
    export JAVA_SOURCE_SUBDIR\=.
    export JAVA_USE_DEPENDENCIES\=YES
    export JAVA_ZIP_FLAGS\=-urg
    export JIKES_DEFAULT_FLAGS\=+E\ +OLDCSO
    export KEEP_PRIVATE_EXTERNS\=NO
    export LD_DEPENDENCY_INFO_FILE\=/Users/antoniogrillo-balen/Library/Developer/Xcode/DerivedData/risebysolis-gzfsziqwziaggpcbgdowmssiasmi/Build/Intermediates.noindex/Pods.build/Debug-iphonesimulator/fmt.build/Objects-normal/undefined_arch/fmt_dependency_info.dat
    export LD_DYLIB_INSTALL_NAME\=@rpath/fmt.framework/fmt
    export LD_EXPORT_SYMBOLS\=YES
    export LD_GENERATE_MAP_FILE\=NO
    export LD_MAP_FILE_PATH\=/Users/antoniogrillo-balen/Library/Developer/Xcode/DerivedData/risebysolis-gzfsziqwziaggpcbgdowmssiasmi/Build/Intermediates.noindex/Pods.build/Debug-iphonesimulator/fmt.build/fmt-LinkMap-normal-undefined_arch.txt
    export LD_NO_PIE\=NO
    export LD_QUOTE_LINKER_ARGUMENTS_FOR_COMPILER_DRIVER\=YES
    export LD_RUNPATH_SEARCH_PATHS\=\ @executable_path/Frameworks\ @loader_path/Frameworks
    export LD_SHARED_CACHE_ELIGIBLE\=Automatic
    export LD_WARN_DUPLICATE_LIBRARIES\=NO
    export LD_WARN_UNUSED_DYLIBS\=NO
    export LEGACY_DEVELOPER_DIR\=/Applications/Xcode.app/Contents/PlugIns/Xcode3Core.ideplugin/Contents/SharedSupport/Developer
    export LEX\=lex
    export LIBRARY_DEXT_INSTALL_PATH\=/Library/DriverExtensions
    export LIBRARY_FLAG_NOSPACE\=YES
    export LIBRARY_FLAG_PREFIX\=-l
    export LIBRARY_KEXT_INSTALL_PATH\=/Library/Extensions
    export LIBRARY_SEARCH_PATHS\=/Users/antoniogrillo-balen/Library/Developer/Xcode/DerivedData/risebysolis-gzfsziqwziaggpcbgdowmssiasmi/Build/Products/Debug-iphonesimulator/fmt\ 
    export LINKER_DISPLAYS_MANGLED_NAMES\=NO
    export LINK_FILE_LIST_normal_arm64\=/Users/antoniogrillo-balen/Library/Developer/Xcode/DerivedData/risebysolis-gzfsziqwziaggpcbgdowmssiasmi/Build/Intermediates.noindex/Pods.build/Debug-iphonesimulator/fmt.build/Objects-normal/arm64/fmt.LinkFileList
    export LINK_OBJC_RUNTIME\=YES
    export LINK_WITH_STANDARD_LIBRARIES\=YES
    export LLVM_TARGET_TRIPLE_OS_VERSION\=ios15.1
    export LLVM_TARGET_TRIPLE_SUFFIX\=-simulator
    export LLVM_TARGET_TRIPLE_VENDOR\=apple
    export LM_AUX_CONST_METADATA_LIST_PATH_normal_arm64\=/Users/antoniogrillo-balen/Library/Developer/Xcode/DerivedData/risebysolis-gzfsziqwziaggpcbgdowmssiasmi/Build/Intermediates.noindex/Pods.build/Debug-iphonesimulator/fmt.build/Objects-normal/arm64/fmt.SwiftConstValuesFileList
    export LOCALIZATION_EXPORT_SUPPORTED\=YES
    export LOCALIZATION_PREFERS_STRING_CATALOGS\=NO
    export LOCALIZED_RESOURCES_FOLDER_PATH\=fmt.framework/en.lproj
    export LOCALIZED_STRING_CODE_COMMENTS\=NO
    export LOCALIZED_STRING_MACRO_NAMES\=NSLocalizedString\ CFCopyLocalizedString
    export LOCALIZED_STRING_SWIFTUI_SUPPORT\=YES
    export LOCAL_ADMIN_APPS_DIR\=/Applications/Utilities
    export LOCAL_APPS_DIR\=/Applications
    export LOCAL_DEVELOPER_DIR\=/Library/Developer
    export LOCAL_LIBRARY_DIR\=/Library
    export LOCROOT\=/Users/antoniogrillo-balen/Desktop/Projects/RiseBuild/ios/Pods
    export LOCSYMROOT\=/Users/antoniogrillo-balen/Desktop/Projects/RiseBuild/ios/Pods
    export MACH_O_TYPE\=staticlib
    export MAC_OS_X_PRODUCT_BUILD_VERSION\=25E253
    export MAC_OS_X_VERSION_ACTUAL\=260401
    export MAC_OS_X_VERSION_MAJOR\=260000
    export MAC_OS_X_VERSION_MINOR\=260400
    export MAKE_MERGEABLE\=NO
    export MERGEABLE_LIBRARY\=NO
    export MERGED_BINARY_TYPE\=none
    export MERGE_LINKED_LIBRARIES\=NO
    export METAL_LIBRARY_FILE_BASE\=default
    export METAL_LIBRARY_OUTPUT_DIR\=/Users/antoniogrillo-balen/Library/Developer/Xcode/DerivedData/risebysolis-gzfsziqwziaggpcbgdowmssiasmi/Build/Products/Debug-iphonesimulator/fmt/fmt.framework
    export MODULEMAP_FILE\=Target\ Support\ Files/fmt/fmt.modulemap
    export MODULES_FOLDER_PATH\=fmt.framework/Modules
    export MODULE_CACHE_DIR\=/Users/antoniogrillo-balen/Library/Developer/Xcode/DerivedData/ModuleCache.noindex
    export MTL_ENABLE_DEBUG_INFO\=INCLUDE_SOURCE
    export MTL_FAST_MATH\=YES
    export NATIVE_ARCH\=arm64
    export NATIVE_ARCH_32_BIT\=arm
    export NATIVE_ARCH_64_BIT\=arm64
    export NATIVE_ARCH_ACTUAL\=arm64
    export NO_COMMON\=YES
    export OBJC_ABI_VERSION\=2
    export OBJECT_FILE_DIR\=/Users/antoniogrillo-balen/Library/Developer/Xcode/DerivedData/risebysolis-gzfsziqwziaggpcbgdowmssiasmi/Build/Intermediates.noindex/Pods.build/Debug-iphonesimulator/fmt.build/Objects
    export OBJECT_FILE_DIR_normal\=/Users/antoniogrillo-balen/Library/Developer/Xcode/DerivedData/risebysolis-gzfsziqwziaggpcbgdowmssiasmi/Build/Intermediates.noindex/Pods.build/Debug-iphonesimulator/fmt.build/Objects-normal
    export OBJROOT\=/Users/antoniogrillo-balen/Library/Developer/Xcode/DerivedData/risebysolis-gzfsziqwziaggpcbgdowmssiasmi/Build/Intermediates.noindex
    export ONLY_ACTIVE_ARCH\=YES
    export OS\=MACOS
    export OSAC\=/usr/bin/osacompile
    export OTHER_CPLUSPLUSFLAGS\=\ -DFMT_USE_CONSTEVAL\=0
    export OTHER_LDFLAGS\=\ \ 
    export PACKAGE_TYPE\=com.apple.package-type.wrapper.framework
    export PASCAL_STRINGS\=YES
    export PATH\=/Applications/Xcode.app/Contents/SharedFrameworks/SwiftBuild.framework/Versions/A/PlugIns/SWBBuildService.bundle/Contents/PlugIns/SWBUniversalPlatformPlugin.bundle/Contents/Frameworks/SWBUniversalPlatform.framework/Resources:/Applications/Xcode.app/Contents/Developer/Toolchains/XcodeDefault.xctoolchain/usr/bin:/Applications/Xcode.app/Contents/Developer/Toolchains/XcodeDefault.xctoolchain/usr/local/bin:/Applications/Xcode.app/Contents/Developer/Toolchains/XcodeDefault.xctoolchain/usr/libexec:/Applications/Xcode.app/Contents/Developer/Platforms/iPhoneSimulator.platform/usr/bin:/Applications/Xcode.app/Contents/Developer/Platforms/iPhoneSimulator.platform/usr/local/bin:/Applications/Xcode.app/Contents/Developer/Platforms/iPhoneSimulator.platform/Developer/usr/bin:/Applications/Xcode.app/Contents/Developer/Platforms/iPhoneSimulator.platform/Developer/usr/local/bin:/Applications/Xcode.app/Contents/Developer/usr/bin:/Applications/Xcode.app/Contents/Developer/usr/local/bin:/opt/homebrew/opt/ruby/bin:/opt/homebrew/lib/ruby/gems/4.0.0/bin:/opt/homebrew/bin:/opt/homebrew/sbin:/Users/antoniogrillo-balen/.nvm/versions/node/v24.14.1/bin:/Library/Frameworks/Python.framework/Versions/3.14/bin:/usr/local/bin:/System/Cryptexes/App/usr/bin:/usr/bin:/bin:/usr/sbin:/sbin:/var/run/com.apple.security.cryptexd/codex.system/bootstrap/usr/local/bin:/var/run/com.apple.security.cryptexd/codex.system/bootstrap/usr/bin:/var/run/com.apple.security.cryptexd/codex.system/bootstrap/usr/appleinternal/bin:/opt/pkg/env/active/bin:/opt/pmk/env/global/bin:/Library/Apple/usr/bin:/Applications/VMware\ Fusion.app/Contents/Public:/Users/antoniogrillo-balen/.cargo/bin:/Users/antoniogrillo-balen/.cache/plugins/.install-staging/25283474a0e0d4a060cb0e915c1ec54e3d41ef2e/cursor/repo/bin:/Users/antoniogrillo-balen/.claude/plugins/cache/claude-plugins-official/superpowers/5.1.0/bin:/Users/antoniogrillo-balen/.claude/plugins/cache/claude-plugins-official/frontend-design/unknown/bin:/Users/antoniogrillo-balen/.claude/plugins/cache/claude-plugins-official/code-simplifier/1.0.0/bin:/Users/antoniogrillo-balen/.claude/plugins/cache/claude-plugins-official/security-guidance/unknown/bin:/Users/antoniogrillo-balen/.claude/plugins/cache/thedotmack/claude-mem/12.1.1/bin
    export PATH_PREFIXES_EXCLUDED_FROM_HEADER_DEPENDENCIES\=/usr/include\ /usr/local/include\ /System/Library/Frameworks\ /System/Library/PrivateFrameworks\ /Applications/Xcode.app/Contents/Developer/Headers\ /Applications/Xcode.app/Contents/Developer/SDKs\ /Applications/Xcode.app/Contents/Developer/Platforms
    export PBDEVELOPMENTPLIST_PATH\=fmt.framework/pbdevelopment.plist
    export PER_ARCH_MODULE_FILE_DIR\=/Users/antoniogrillo-balen/Library/Developer/Xcode/DerivedData/risebysolis-gzfsziqwziaggpcbgdowmssiasmi/Build/Intermediates.noindex/Pods.build/Debug-iphonesimulator/fmt.build/Objects-normal/undefined_arch
    export PER_ARCH_OBJECT_FILE_DIR\=/Users/antoniogrillo-balen/Library/Developer/Xcode/DerivedData/risebysolis-gzfsziqwziaggpcbgdowmssiasmi/Build/Intermediates.noindex/Pods.build/Debug-iphonesimulator/fmt.build/Objects-normal/undefined_arch
    export PER_VARIANT_OBJECT_FILE_DIR\=/Users/antoniogrillo-balen/Library/Developer/Xcode/DerivedData/risebysolis-gzfsziqwziaggpcbgdowmssiasmi/Build/Intermediates.noindex/Pods.build/Debug-iphonesimulator/fmt.build/Objects-normal
    export PKGINFO_FILE_PATH\=/Users/antoniogrillo-balen/Library/Developer/Xcode/DerivedData/risebysolis-gzfsziqwziaggpcbgdowmssiasmi/Build/Intermediates.noindex/Pods.build/Debug-iphonesimulator/fmt.build/PkgInfo
    export PKGINFO_PATH\=fmt.framework/PkgInfo
    export PLATFORM_DEVELOPER_APPLICATIONS_DIR\=/Applications/Xcode.app/Contents/Developer/Platforms/iPhoneSimulator.platform/Developer/Applications
    export PLATFORM_DEVELOPER_BIN_DIR\=/Applications/Xcode.app/Contents/Developer/Platforms/iPhoneSimulator.platform/Developer/usr/bin
    export PLATFORM_DEVELOPER_LIBRARY_DIR\=/Applications/Xcode.app/Contents/Developer/Platforms/iPhoneSimulator.platform/Developer/Library
    export PLATFORM_DEVELOPER_SDK_DIR\=/Applications/Xcode.app/Contents/Developer/Platforms/iPhoneSimulator.platform/Developer/SDKs
    export PLATFORM_DEVELOPER_TOOLS_DIR\=/Applications/Xcode.app/Contents/Developer/Platforms/iPhoneSimulator.platform/Developer/Tools
    export PLATFORM_DEVELOPER_USR_DIR\=/Applications/Xcode.app/Contents/Developer/Platforms/iPhoneSimulator.platform/Developer/usr
    export PLATFORM_DIR\=/Applications/Xcode.app/Contents/Developer/Platforms/iPhoneSimulator.platform
    export PLATFORM_DISPLAY_NAME\=iOS\ Simulator
    export PLATFORM_FAMILY_NAME\=iOS
    export PLATFORM_NAME\=iphonesimulator
    export PLATFORM_PREFERRED_ARCH\=x86_64
    export PLATFORM_PRODUCT_BUILD_VERSION\=23F73
    export PLATFORM_REQUIRES_SWIFT_AUTOLINK_EXTRACT\=NO
    export PLATFORM_REQUIRES_SWIFT_MODULEWRAP\=NO
    export PLATFORM_USES_DSYMS\=YES
    export PLIST_FILE_OUTPUT_FORMAT\=binary
    export PLUGINS_FOLDER_PATH\=fmt.framework/PlugIns
    export PODS_BUILD_DIR\=/Users/antoniogrillo-balen/Library/Developer/Xcode/DerivedData/risebysolis-gzfsziqwziaggpcbgdowmssiasmi/Build/Products
    export PODS_CONFIGURATION_BUILD_DIR\=/Users/antoniogrillo-balen/Library/Developer/Xcode/DerivedData/risebysolis-gzfsziqwziaggpcbgdowmssiasmi/Build/Products/Debug-iphonesimulator
    export PODS_DEVELOPMENT_LANGUAGE\=en
    export PODS_ROOT\=/Users/antoniogrillo-balen/Desktop/Projects/RiseBuild/ios/Pods
    export PODS_TARGET_SRCROOT\=/Users/antoniogrillo-balen/Desktop/Projects/RiseBuild/ios/Pods/fmt
    export PODS_XCFRAMEWORKS_BUILD_DIR\=/Users/antoniogrillo-balen/Library/Developer/Xcode/DerivedData/risebysolis-gzfsziqwziaggpcbgdowmssiasmi/Build/Products/Debug-iphonesimulator/XCFrameworkIntermediates
    export PRECOMPS_INCLUDE_HEADERS_FROM_BUILT_PRODUCTS_DIR\=YES
    export PRECOMP_DESTINATION_DIR\=/Users/antoniogrillo-balen/Library/Developer/Xcode/DerivedData/risebysolis-gzfsziqwziaggpcbgdowmssiasmi/Build/Intermediates.noindex/Pods.build/Debug-iphonesimulator/fmt.build/PrefixHeaders
    export PRIVATE_HEADERS_FOLDER_PATH\=fmt.framework/PrivateHeaders
    export PROCESSED_INFOPLIST_PATH\=/Users/antoniogrillo-balen/Library/Developer/Xcode/DerivedData/risebysolis-gzfsziqwziaggpcbgdowmssiasmi/Build/Intermediates.noindex/Pods.build/Debug-iphonesimulator/fmt.build/Objects-normal/undefined_arch/Processed-Info.plist
    export PRODUCT_BUNDLE_IDENTIFIER\=org.cocoapods.fmt
    export PRODUCT_BUNDLE_PACKAGE_TYPE\=FMWK
    export PRODUCT_MODULE_NAME\=fmt
    export PRODUCT_NAME\=fmt
    export PRODUCT_SETTINGS_PATH\=/Users/antoniogrillo-balen/Desktop/Projects/RiseBuild/ios/Pods/Target\ Support\ Files/fmt/fmt-Info.plist
    export PRODUCT_TYPE\=com.apple.product-type.framework
    export PROFILING_CODE\=NO
    export PROJECT\=Pods
    export PROJECT_DERIVED_FILE_DIR\=/Users/antoniogrillo-balen/Library/Developer/Xcode/DerivedData/risebysolis-gzfsziqwziaggpcbgdowmssiasmi/Build/Intermediates.noindex/Pods.build/DerivedSources
    export PROJECT_DIR\=/Users/antoniogrillo-balen/Desktop/Projects/RiseBuild/ios/Pods
    export PROJECT_FILE_PATH\=/Users/antoniogrillo-balen/Desktop/Projects/RiseBuild/ios/Pods/Pods.xcodeproj
    export PROJECT_GUID\=8699adb1dd336b26511df848a716bd42
    export PROJECT_NAME\=Pods
    export PROJECT_TEMP_DIR\=/Users/antoniogrillo-balen/Library/Developer/Xcode/DerivedData/risebysolis-gzfsziqwziaggpcbgdowmssiasmi/Build/Intermediates.noindex/Pods.build
    export PROJECT_TEMP_ROOT\=/Users/antoniogrillo-balen/Library/Developer/Xcode/DerivedData/risebysolis-gzfsziqwziaggpcbgdowmssiasmi/Build/Intermediates.noindex
    export PUBLIC_HEADERS_FOLDER_PATH\=fmt.framework/Headers
    export REACT_NATIVE_PATH\=/Users/antoniogrillo-balen/Desktop/Projects/RiseBuild/ios/Pods/../../node_modules/react-native
    export RECOMMENDED_IPHONEOS_DEPLOYMENT_TARGET\=15.0
    export RECURSIVE_SEARCH_PATHS_FOLLOW_SYMLINKS\=YES
    export REMOVE_CVS_FROM_RESOURCES\=YES
    export REMOVE_GIT_FROM_RESOURCES\=YES
    export REMOVE_HEADERS_FROM_EMBEDDED_BUNDLES\=YES
    export REMOVE_HG_FROM_RESOURCES\=YES
    export REMOVE_STATIC_EXECUTABLES_FROM_EMBEDDED_BUNDLES\=YES
    export REMOVE_SVN_FROM_RESOURCES\=YES
    export RESCHEDULE_INDEPENDENT_HEADERS_PHASES\=YES
    export REZ_COLLECTOR_DIR\=/Users/antoniogrillo-balen/Library/Developer/Xcode/DerivedData/risebysolis-gzfsziqwziaggpcbgdowmssiasmi/Build/Intermediates.noindex/Pods.build/Debug-iphonesimulator/fmt.build/ResourceManagerResources
    export REZ_OBJECTS_DIR\=/Users/antoniogrillo-balen/Library/Developer/Xcode/DerivedData/risebysolis-gzfsziqwziaggpcbgdowmssiasmi/Build/Intermediates.noindex/Pods.build/Debug-iphonesimulator/fmt.build/ResourceManagerResources/Objects
    export REZ_SEARCH_PATHS\=/Users/antoniogrillo-balen/Library/Developer/Xcode/DerivedData/risebysolis-gzfsziqwziaggpcbgdowmssiasmi/Build/Products/Debug-iphonesimulator/fmt\ 
    export RPATH_ORIGIN\=@loader_path
    export RUNTIME_EXCEPTION_ALLOW_DYLD_ENVIRONMENT_VARIABLES\=NO
    export RUNTIME_EXCEPTION_ALLOW_JIT\=NO
    export RUNTIME_EXCEPTION_ALLOW_UNSIGNED_EXECUTABLE_MEMORY\=NO
    export RUNTIME_EXCEPTION_DEBUGGING_TOOL\=NO
    export RUNTIME_EXCEPTION_DISABLE_EXECUTABLE_PAGE_PROTECTION\=NO
    export RUNTIME_EXCEPTION_DISABLE_LIBRARY_VALIDATION\=NO
    export SCANNING_PCM_KEEP_CACHE_DIRECTORY\=YES
    export SCAN_ALL_SOURCE_FILES_FOR_INCLUDES\=NO
    export SCRIPTS_FOLDER_PATH\=fmt.framework/Scripts
    export SCRIPT_INPUT_FILE_COUNT\=0
    export SCRIPT_INPUT_FILE_LIST_COUNT\=0
    export SCRIPT_OUTPUT_FILE_COUNT\=0
    export SCRIPT_OUTPUT_FILE_LIST_COUNT\=0
    export SDKROOT\=/Applications/Xcode.app/Contents/Developer/Platforms/iPhoneSimulator.platform/Developer/SDKs/iPhoneSimulator26.5.sdk
    export SDK_DIR\=/Applications/Xcode.app/Contents/Developer/Platforms/iPhoneSimulator.platform/Developer/SDKs/iPhoneSimulator26.5.sdk
    export SDK_DIR_iphonesimulator\=/Applications/Xcode.app/Contents/Developer/Platforms/iPhoneSimulator.platform/Developer/SDKs/iPhoneSimulator26.5.sdk
    export SDK_DIR_iphonesimulator26_5\=/Applications/Xcode.app/Contents/Developer/Platforms/iPhoneSimulator.platform/Developer/SDKs/iPhoneSimulator26.5.sdk
    export SDK_NAME\=iphonesimulator26.5
    export SDK_NAMES\=iphonesimulator26.5
    export SDK_PRODUCT_BUILD_VERSION\=23F73
    export SDK_STAT_CACHE_DIR\=/Users/antoniogrillo-balen/Library/Developer/Xcode/DerivedData
    export SDK_STAT_CACHE_ENABLE\=YES
    export SDK_STAT_CACHE_PATH\=/Users/antoniogrillo-balen/Library/Developer/Xcode/DerivedData/SDKStatCaches.noindex/iphonesimulator26.5-23F73-6cfe768891a92b912361537c460fe42b.sdkstatcache
    export SDK_VERSION\=26.5
    export SDK_VERSION_ACTUAL\=260500
    export SDK_VERSION_MAJOR\=260000
    export SDK_VERSION_MINOR\=260500
    export SED\=/usr/bin/sed
    export SEPARATE_STRIP\=NO
    export SEPARATE_SYMBOL_EDIT\=NO
    export SET_DIR_MODE_OWNER_GROUP\=YES
    export SET_FILE_MODE_OWNER_GROUP\=NO
    export SHALLOW_BUNDLE\=YES
    export SHALLOW_BUNDLE_TRIPLE\=ios-simulator
    export SHALLOW_BUNDLE_ios_macabi\=NO
    export SHALLOW_BUNDLE_macos\=NO
    export SHARED_DERIVED_FILE_DIR\=/Users/antoniogrillo-balen/Library/Developer/Xcode/DerivedData/risebysolis-gzfsziqwziaggpcbgdowmssiasmi/Build/Products/Debug-iphonesimulator/fmt/DerivedSources
    export SHARED_FRAMEWORKS_FOLDER_PATH\=fmt.framework/SharedFrameworks
    export SHARED_PRECOMPS_DIR\=/Users/antoniogrillo-balen/Library/Developer/Xcode/DerivedData/risebysolis-gzfsziqwziaggpcbgdowmssiasmi/Build/Intermediates.noindex/PrecompiledHeaders
    export SHARED_SUPPORT_FOLDER_PATH\=fmt.framework
    export SKIP_INSTALL\=YES
    export SKIP_MERGEABLE_LIBRARY_BUNDLE_HOOK\=NO
    export SOURCE_ROOT\=/Users/antoniogrillo-balen/Desktop/Projects/RiseBuild/ios/Pods
    export SRCROOT\=/Users/antoniogrillo-balen/Desktop/Projects/RiseBuild/ios/Pods
    export STRINGSDATA_DIR\=/Users/antoniogrillo-balen/Library/Developer/Xcode/DerivedData/risebysolis-gzfsziqwziaggpcbgdowmssiasmi/Build/Intermediates.noindex/Pods.build/Debug-iphonesimulator/fmt.build/Objects-normal/undefined_arch
    export STRINGSDATA_ROOT\=/Users/antoniogrillo-balen/Library/Developer/Xcode/DerivedData/risebysolis-gzfsziqwziaggpcbgdowmssiasmi/Build/Intermediates.noindex/Pods.build/Debug-iphonesimulator/fmt.build
    export STRINGS_FILE_INFOPLIST_RENAME\=YES
    export STRINGS_FILE_OUTPUT_ENCODING\=binary
    export STRING_CATALOG_GENERATE_SYMBOLS\=NO
    export STRIP_BITCODE_FROM_COPIED_FILES\=NO
    export STRIP_INSTALLED_PRODUCT\=NO
    export STRIP_STYLE\=debugging
    export STRIP_SWIFT_SYMBOLS\=YES
    export SUPPORTED_DEVICE_FAMILIES\=1,2
    export SUPPORTED_PLATFORMS\=iphoneos\ iphonesimulator
    export SUPPORTS_TEXT_BASED_API\=NO
    export SUPPRESS_WARNINGS\=NO
    export SWIFT_ACTIVE_COMPILATION_CONDITIONS\=\ DEBUG\ 
    export SWIFT_EMIT_CONST_VALUE_PROTOCOLS\=AnyResolverProviding\ AppEntity\ AppEnum\ AppExtension\ AppIntent\ AppIntentsPackage\ AppShortcutProviding\ AppShortcutsProvider\ AppUnionValue\ AppUnionValueCasesProviding\ DynamicOptionsProvider\ EntityQuery\ ExtensionPointDefining\ IntentValueQuery\ Resolver\ TransientEntity\ _AssistantIntentsProvider\ _GenerativeFunctionExtractable\ _IntentValueRepresentable
    export SWIFT_EMIT_LOC_STRINGS\=NO
    export SWIFT_ENABLE_EXPLICIT_MODULES\=YES
    export SWIFT_INSTALL_MODULE_FOR_DEPLOYMENT\=YES
    export SWIFT_INSTALL_OBJC_HEADER\=YES
    export SWIFT_OPTIMIZATION_LEVEL\=-Onone
    export SWIFT_PLATFORM_TARGET_PREFIX\=ios
    export SWIFT_RESPONSE_FILE_PATH_normal_arm64\=/Users/antoniogrillo-balen/Library/Developer/Xcode/DerivedData/risebysolis-gzfsziqwziaggpcbgdowmssiasmi/Build/Intermediates.noindex/Pods.build/Debug-iphonesimulator/fmt.build/Objects-normal/arm64/fmt.SwiftFileList
    export SWIFT_VERSION\=5.0
    export SYMROOT\=/Users/antoniogrillo-balen/Library/Developer/Xcode/DerivedData/risebysolis-gzfsziqwziaggpcbgdowmssiasmi/Build/Products
    export SYSTEM_ADMIN_APPS_DIR\=/Applications/Utilities
    export SYSTEM_APPS_DIR\=/Applications
    export SYSTEM_CORE_SERVICES_DIR\=/System/Library/CoreServices
    export SYSTEM_DEMOS_DIR\=/Applications/Extras
    export SYSTEM_DEVELOPER_APPS_DIR\=/Applications/Xcode.app/Contents/Developer/Applications
    export SYSTEM_DEVELOPER_BIN_DIR\=/Applications/Xcode.app/Contents/Developer/usr/bin
    export SYSTEM_DEVELOPER_DEMOS_DIR\=/Applications/Xcode.app/Contents/Developer/Applications/Utilities/Built\ Examples
    export SYSTEM_DEVELOPER_DIR\=/Applications/Xcode.app/Contents/Developer
    export SYSTEM_DEVELOPER_DOC_DIR\=/Applications/Xcode.app/Contents/Developer/ADC\ Reference\ Library
    export SYSTEM_DEVELOPER_GRAPHICS_TOOLS_DIR\=/Applications/Xcode.app/Contents/Developer/Applications/Graphics\ Tools
    export SYSTEM_DEVELOPER_JAVA_TOOLS_DIR\=/Applications/Xcode.app/Contents/Developer/Applications/Java\ Tools
    export SYSTEM_DEVELOPER_PERFORMANCE_TOOLS_DIR\=/Applications/Xcode.app/Contents/Developer/Applications/Performance\ Tools
    export SYSTEM_DEVELOPER_RELEASENOTES_DIR\=/Applications/Xcode.app/Contents/Developer/ADC\ Reference\ Library/releasenotes
    export SYSTEM_DEVELOPER_TOOLS\=/Applications/Xcode.app/Contents/Developer/Tools
    export SYSTEM_DEVELOPER_TOOLS_DOC_DIR\=/Applications/Xcode.app/Contents/Developer/ADC\ Reference\ Library/documentation/DeveloperTools
    export SYSTEM_DEVELOPER_TOOLS_RELEASENOTES_DIR\=/Applications/Xcode.app/Contents/Developer/ADC\ Reference\ Library/releasenotes/DeveloperTools
    export SYSTEM_DEVELOPER_USR_DIR\=/Applications/Xcode.app/Contents/Developer/usr
    export SYSTEM_DEVELOPER_UTILITIES_DIR\=/Applications/Xcode.app/Contents/Developer/Applications/Utilities
    export SYSTEM_DEXT_INSTALL_PATH\=/System/Library/DriverExtensions
    export SYSTEM_DOCUMENTATION_DIR\=/Library/Documentation
    export SYSTEM_EXTENSIONS_FOLDER_PATH\=fmt.framework/SystemExtensions
    export SYSTEM_EXTENSIONS_FOLDER_PATH_SHALLOW_BUNDLE_NO\=fmt.framework/Library/SystemExtensions
    export SYSTEM_EXTENSIONS_FOLDER_PATH_SHALLOW_BUNDLE_YES\=fmt.framework/SystemExtensions
    export SYSTEM_KEXT_INSTALL_PATH\=/System/Library/Extensions
    export SYSTEM_LIBRARY_DIR\=/System/Library
    export TAPI_DEMANGLE\=YES
    export TAPI_ENABLE_PROJECT_HEADERS\=NO
    export TAPI_LANGUAGE\=objective-c
    export TAPI_LANGUAGE_STANDARD\=compiler-default
    export TAPI_USE_SRCROOT\=YES
    export TAPI_VERIFY_MODE\=Pedantic
    export TARGETED_DEVICE_FAMILY\=1,2
    export TARGETNAME\=fmt
    export TARGET_BUILD_DIR\=/Users/antoniogrillo-balen/Library/Developer/Xcode/DerivedData/risebysolis-gzfsziqwziaggpcbgdowmssiasmi/Build/Products/Debug-iphonesimulator/fmt
    export TARGET_DEVICE_IDENTIFIER\=0C333F8A-4681-4475-855E-6FFD70F12533
    export TARGET_DEVICE_MODEL\=iPhone16,2
    export TARGET_DEVICE_OS_VERSION\=26.4.1
    export TARGET_DEVICE_PLATFORM_NAME\=iphonesimulator
    export TARGET_NAME\=fmt
    export TARGET_TEMP_DIR\=/Users/antoniogrillo-balen/Library/Developer/Xcode/DerivedData/risebysolis-gzfsziqwziaggpcbgdowmssiasmi/Build/Intermediates.noindex/Pods.build/Debug-iphonesimulator/fmt.build
    export TEMP_DIR\=/Users/antoniogrillo-balen/Library/Developer/Xcode/DerivedData/risebysolis-gzfsziqwziaggpcbgdowmssiasmi/Build/Intermediates.noindex/Pods.build/Debug-iphonesimulator/fmt.build
    export TEMP_FILES_DIR\=/Users/antoniogrillo-balen/Library/Developer/Xcode/DerivedData/risebysolis-gzfsziqwziaggpcbgdowmssiasmi/Build/Intermediates.noindex/Pods.build/Debug-iphonesimulator/fmt.build
    export TEMP_FILE_DIR\=/Users/antoniogrillo-balen/Library/Developer/Xcode/DerivedData/risebysolis-gzfsziqwziaggpcbgdowmssiasmi/Build/Intermediates.noindex/Pods.build/Debug-iphonesimulator/fmt.build
    export TEMP_ROOT\=/Users/antoniogrillo-balen/Library/Developer/Xcode/DerivedData/risebysolis-gzfsziqwziaggpcbgdowmssiasmi/Build/Intermediates.noindex
    export TEMP_SANDBOX_DIR\=/Users/antoniogrillo-balen/Library/Developer/Xcode/DerivedData/risebysolis-gzfsziqwziaggpcbgdowmssiasmi/Build/Intermediates.noindex/TemporaryTaskSandboxes
    export TEST_FRAMEWORK_SEARCH_PATHS\=\ /Applications/Xcode.app/Contents/Developer/Platforms/iPhoneSimulator.platform/Developer/Library/Frameworks\ /Applications/Xcode.app/Contents/Developer/Platforms/iPhoneSimulator.platform/Developer/SDKs/iPhoneSimulator26.5.sdk/Developer/Library/Frameworks
    export TEST_LIBRARY_SEARCH_PATHS\=\ /Applications/Xcode.app/Contents/Developer/Platforms/iPhoneSimulator.platform/Developer/usr/lib
    export TOOLCHAINS\=com.apple.dt.toolchain.XcodeDefault
    export TOOLCHAIN_DIR\=/Applications/Xcode.app/Contents/Developer/Toolchains/XcodeDefault.xctoolchain
    export TREAT_MISSING_BASELINES_AS_TEST_FAILURES\=NO
    export TREAT_MISSING_SCRIPT_PHASE_OUTPUTS_AS_ERRORS\=NO
    export TeamIdentifierPrefix\=FAKETEAMID.
    export UID\=501
    export UNINSTALLED_PRODUCTS_DIR\=/Users/antoniogrillo-balen/Library/Developer/Xcode/DerivedData/risebysolis-gzfsziqwziaggpcbgdowmssiasmi/Build/Intermediates.noindex/UninstalledProducts
    export UNLOCALIZED_RESOURCES_FOLDER_PATH\=fmt.framework
    export UNLOCALIZED_RESOURCES_FOLDER_PATH_SHALLOW_BUNDLE_NO\=fmt.framework/Resources
    export UNLOCALIZED_RESOURCES_FOLDER_PATH_SHALLOW_BUNDLE_YES\=fmt.framework
    export UNSTRIPPED_PRODUCT\=NO
    export USER\=antoniogrillo-balen
    export USER_APPS_DIR\=/Users/antoniogrillo-balen/Applications
    export USER_LIBRARY_DIR\=/Users/antoniogrillo-balen/Library
    export USE_DYNAMIC_NO_PIC\=YES
    export USE_HEADERMAP\=YES
    export USE_HEADER_SYMLINKS\=NO
    export USE_HERMES\=true
    export USE_RECURSIVE_SCRIPT_INPUTS_IN_SCRIPT_PHASES\=YES
    export VALIDATE_DEVELOPMENT_ASSET_PATHS\=YES_ERROR
    export VALIDATE_PRODUCT\=NO
    export VALID_ARCHS\=arm64\ x86_64
    export VERBOSE_PBXCP\=NO
    export VERSIONING_SYSTEM\=apple-generic
    export VERSIONPLIST_PATH\=fmt.framework/version.plist
    export VERSIONS_FOLDER_PATH\=fmt.framework
    export VERSIONS_FOLDER_PATH_SHALLOW_BUNDLE_NO\=fmt.framework/Versions
    export VERSIONS_FOLDER_PATH_SHALLOW_BUNDLE_YES\=fmt.framework
    export VERSION_INFO_BUILDER\=antoniogrillo-balen
    export VERSION_INFO_FILE\=fmt_vers.c
    export VERSION_INFO_STRING\=\"@\(\#\)PROGRAM:fmt\ \ PROJECT:Pods-1\"
    export WORKSPACE_DIR\=/Users/antoniogrillo-balen/Desktop/Projects/RiseBuild/ios
    export WRAPPER_EXTENSION\=framework
    export WRAPPER_NAME\=fmt.framework
    export WRAPPER_SUFFIX\=.framework
    export WRAP_ASSET_PACKS_IN_SEPARATE_DIRECTORIES\=NO
    export XCODE_APP_SUPPORT_DIR\=/Applications/Xcode.app/Contents/Developer/Library/Xcode
    export XCODE_PRODUCT_BUILD_VERSION\=17F42
    export XCODE_VERSION_ACTUAL\=2650
    export XCODE_VERSION_MAJOR\=2600
    export XCODE_VERSION_MINOR\=2650
    export XPCSERVICES_FOLDER_PATH\=fmt.framework/XPCServices
    export YACC\=yacc
    export _DISCOVER_COMMAND_LINE_LINKER_INPUTS\=YES
    export _DISCOVER_COMMAND_LINE_LINKER_INPUTS_INCLUDE_WL\=YES
    export _LD_MULTIARCH\=YES
    export _WRAPPER_CONTENTS_DIR_SHALLOW_BUNDLE_NO\=/Contents
    export _WRAPPER_PARENT_PATH_SHALLOW_BUNDLE_NO\=/..
    export _WRAPPER_RESOURCES_DIR_SHALLOW_BUNDLE_NO\=/Resources
    export __DIAGNOSE_DEPRECATED_ARCHS\=YES
    export __ORIGINAL_SDK_DEFINED_LLVM_TARGET_TRIPLE_SYS\=ios
    export arch\=undefined_arch
    export variant\=normal
    /bin/sh -c /Users/antoniogrillo-balen/Library/Developer/Xcode/DerivedData/risebysolis-gzfsziqwziaggpcbgdowmssiasmi/Build/Intermediates.noindex/Pods.build/Debug-iphonesimulator/fmt.build/Script-46EB2E00031120.sh

warning: Run script build phase 'Create Symlinks to Header Folders' will be run during every build because it does not specify any outputs. To address this issue, either add output dependencies to the script phase, or configure it to run in every build by unchecking "Based on dependency analysis" in the script phase. (in target 'RCT-Folly' from project 'Pods')
PhaseScriptExecution Create\ Symlinks\ to\ Header\ Folders /Users/antoniogrillo-balen/Library/Developer/Xcode/DerivedData/risebysolis-gzfsziqwziaggpcbgdowmssiasmi/Build/Intermediates.noindex/Pods.build/Debug-iphonesimulator/RCT-Folly.build/Script-46EB2E00020C40.sh (in target 'RCT-Folly' from project 'Pods')
    cd /Users/antoniogrillo-balen/Desktop/Projects/RiseBuild/ios/Pods
    export ACTION\=build
    export AD_HOC_CODE_SIGNING_ALLOWED\=YES
    export ALLOW_BUILD_REQUEST_OVERRIDES\=NO
    export ALLOW_TARGET_PLATFORM_SPECIALIZATION\=NO
    export ALTERNATE_GROUP\=staff
    export ALTERNATE_MODE\=u+w,go-w,a+rX
    export ALTERNATE_OWNER\=antoniogrillo-balen
    export ALTERNATIVE_DISTRIBUTION_WEB\=NO
    export ALWAYS_EMBED_SWIFT_STANDARD_LIBRARIES\=NO
    export ALWAYS_SEARCH_USER_PATHS\=NO
    export ALWAYS_USE_SEPARATE_HEADERMAPS\=NO
    export APPLICATION_EXTENSION_API_ONLY\=NO
    export APPLY_RULES_IN_COPY_FILES\=NO
    export APPLY_RULES_IN_COPY_HEADERS\=NO
    export APP_SHORTCUTS_ENABLE_FLEXIBLE_MATCHING\=YES
    export ARCHS\=arm64
    export ARCHS_BASE\=arm64
    export ARCHS_STANDARD\=arm64\ x86_64
    export ARCHS_STANDARD_32_64_BIT\=arm64\ x86_64
    export ARCHS_STANDARD_64_BIT\=arm64\ x86_64
    export ARCHS_STANDARD_INCLUDING_64_BIT\=arm64\ x86_64
    export ARCHS_UNIVERSAL_IPHONE_OS\=arm64\ x86_64
    export ASSETCATALOG_FILTER_FOR_DEVICE_MODEL\=iPhone16,2
    export ASSETCATALOG_FILTER_FOR_DEVICE_OS_VERSION\=26.4.1
    export ASSETCATALOG_FILTER_FOR_THINNING_DEVICE_CONFIGURATION\=iPhone16,2
    export AUTOMATICALLY_MERGE_DEPENDENCIES\=NO
    export AUTOMATION_APPLE_EVENTS\=NO
    export AVAILABLE_PLATFORMS\=android\ appletvos\ appletvsimulator\ driverkit\ freebsd\ iphoneos\ iphonesimulator\ linux\ macosx\ none\ openbsd\ qnx\ watchos\ watchsimulator\ webassembly\ xros\ xrsimulator
    export AppIdentifierPrefix\=FAKETEAMID.
    export BUILD_ACTIVE_RESOURCES_ONLY\=YES
    export BUILD_COMPONENTS\=headers\ build
    export BUILD_DIR\=/Users/antoniogrillo-balen/Library/Developer/Xcode/DerivedData/risebysolis-gzfsziqwziaggpcbgdowmssiasmi/Build/Products
    export BUILD_LIBRARY_FOR_DISTRIBUTION\=NO
    export BUILD_ONLY_KNOWN_LOCALIZATIONS\=NO
    export BUILD_ROOT\=/Users/antoniogrillo-balen/Library/Developer/Xcode/DerivedData/risebysolis-gzfsziqwziaggpcbgdowmssiasmi/Build/Products
    export BUILD_STYLE\=
    export BUILD_VARIANTS\=normal
    export BUILT_PRODUCTS_DIR\=/Users/antoniogrillo-balen/Library/Developer/Xcode/DerivedData/risebysolis-gzfsziqwziaggpcbgdowmssiasmi/Build/Products/Debug-iphonesimulator/RCT-Folly
    export BUNDLE_CONTENTS_FOLDER_PATH_deep\=Contents/
    export BUNDLE_EXECUTABLE_FOLDER_NAME_deep\=MacOS
    export BUNDLE_EXTENSIONS_FOLDER_PATH\=Extensions
    export BUNDLE_FORMAT\=shallow
    export BUNDLE_FRAMEWORKS_FOLDER_PATH\=Frameworks
    export BUNDLE_PLUGINS_FOLDER_PATH\=PlugIns
    export BUNDLE_PRIVATE_HEADERS_FOLDER_PATH\=PrivateHeaders
    export BUNDLE_PUBLIC_HEADERS_FOLDER_PATH\=Headers
    export CACHE_ROOT\=/var/folders/2z/jtlqylkx0c709j3xb7b0g4cm0000gn/C/com.apple.DeveloperTools/26.5-17F42/Xcode
    export CCHROOT\=/var/folders/2z/jtlqylkx0c709j3xb7b0g4cm0000gn/C/com.apple.DeveloperTools/26.5-17F42/Xcode
    export CHMOD\=/bin/chmod
    export CHOWN\=chown
    export CLANG_ANALYZER_LOCALIZABILITY_NONLOCALIZED\=YES
    export CLANG_ANALYZER_NONNULL\=YES
    export CLANG_ANALYZER_NUMBER_OBJECT_CONVERSION\=YES_AGGRESSIVE
    export CLANG_CACHE_FINE_GRAINED_OUTPUTS\=YES
    export CLANG_CXX_LANGUAGE_STANDARD\=c++20
    export CLANG_CXX_LIBRARY\=libc++
    export CLANG_ENABLE_EXPLICIT_MODULES\=YES
    export CLANG_ENABLE_MODULES\=YES
    export CLANG_ENABLE_OBJC_ARC\=YES
    export CLANG_ENABLE_OBJC_WEAK\=NO
    export CLANG_MODULES_BUILD_SESSION_FILE\=/Users/antoniogrillo-balen/Library/Developer/Xcode/DerivedData/ModuleCache.noindex/Session.modulevalidation
    export CLANG_WARN_BLOCK_CAPTURE_AUTORELEASING\=YES
    export CLANG_WARN_BOOL_CONVERSION\=YES
    export CLANG_WARN_COMMA\=YES
    export CLANG_WARN_CONSTANT_CONVERSION\=YES
    export CLANG_WARN_DEPRECATED_OBJC_IMPLEMENTATIONS\=YES
    export CLANG_WARN_DIRECT_OBJC_ISA_USAGE\=YES_ERROR
    export CLANG_WARN_DOCUMENTATION_COMMENTS\=YES
    export CLANG_WARN_EMPTY_BODY\=YES
    export CLANG_WARN_ENUM_CONVERSION\=YES
    export CLANG_WARN_INFINITE_RECURSION\=YES
    export CLANG_WARN_INT_CONVERSION\=YES
    export CLANG_WARN_NON_LITERAL_NULL_CONVERSION\=YES
    export CLANG_WARN_OBJC_IMPLICIT_RETAIN_SELF\=YES
    export CLANG_WARN_OBJC_LITERAL_CONVERSION\=YES
    export CLANG_WARN_OBJC_ROOT_CLASS\=YES_ERROR
    export CLANG_WARN_QUOTED_INCLUDE_IN_FRAMEWORK_HEADER\=NO
    export CLANG_WARN_RANGE_LOOP_ANALYSIS\=YES
    export CLANG_WARN_STRICT_PROTOTYPES\=YES
    export CLANG_WARN_SUSPICIOUS_MOVE\=YES
    export CLANG_WARN_UNGUARDED_AVAILABILITY\=YES_AGGRESSIVE
    export CLANG_WARN_UNREACHABLE_CODE\=YES
    export CLANG_WARN__DUPLICATE_METHOD_MATCH\=YES
    export CLASS_FILE_DIR\=/Users/antoniogrillo-balen/Library/Developer/Xcode/DerivedData/risebysolis-gzfsziqwziaggpcbgdowmssiasmi/Build/Intermediates.noindex/Pods.build/Debug-iphonesimulator/RCT-Folly.build/JavaClasses
    export CLEAN_PRECOMPS\=YES
    export CLONE_HEADERS\=NO
    export CODESIGNING_FOLDER_PATH\=/Users/antoniogrillo-balen/Library/Developer/Xcode/DerivedData/risebysolis-gzfsziqwziaggpcbgdowmssiasmi/Build/Products/Debug-iphonesimulator/RCT-Folly/folly.framework
    export CODE_SIGNING_ALLOWED\=YES
    export CODE_SIGNING_REQUIRED\=NO
    export CODE_SIGNING_REQUIRES_TEAM\=YES
    export CODE_SIGN_CONTEXT_CLASS\=XCiPhoneSimulatorCodeSignContext
    export CODE_SIGN_IDENTITY\=-
    export CODE_SIGN_INJECT_BASE_ENTITLEMENTS\=YES
    export COLOR_DIAGNOSTICS\=NO
    export COMBINE_HIDPI_IMAGES\=NO
    export COMPILATION_CACHE_CAS_PATH\=/Users/antoniogrillo-balen/Library/Developer/Xcode/DerivedData/CompilationCache.noindex
    export COMPILATION_CACHE_KEEP_CAS_DIRECTORY\=YES
    export COMPILER_INDEX_STORE_ENABLE\=Default
    export COMPOSITE_SDK_DIRS\=/Users/antoniogrillo-balen/Library/Developer/Xcode/DerivedData/risebysolis-gzfsziqwziaggpcbgdowmssiasmi/Build/Intermediates.noindex/CompositeSDKs
    export COMPRESS_PNG_FILES\=YES
    export CONFIGURATION\=Debug
    export CONFIGURATION_BUILD_DIR\=/Users/antoniogrillo-balen/Library/Developer/Xcode/DerivedData/risebysolis-gzfsziqwziaggpcbgdowmssiasmi/Build/Products/Debug-iphonesimulator/RCT-Folly
    export CONFIGURATION_TEMP_DIR\=/Users/antoniogrillo-balen/Library/Developer/Xcode/DerivedData/risebysolis-gzfsziqwziaggpcbgdowmssiasmi/Build/Intermediates.noindex/Pods.build/Debug-iphonesimulator
    export CONTENTS_FOLDER_PATH\=folly.framework
    export CONTENTS_FOLDER_PATH_SHALLOW_BUNDLE_NO\=folly.framework/A
    export CONTENTS_FOLDER_PATH_SHALLOW_BUNDLE_YES\=folly.framework
    export COPYING_PRESERVES_HFS_DATA\=NO
    export COPY_HEADERS_RUN_UNIFDEF\=NO
    export COPY_PHASE_STRIP\=NO
    export CORRESPONDING_DEVICE_PLATFORM_DIR\=/Applications/Xcode.app/Contents/Developer/Platforms/iPhoneOS.platform
    export CORRESPONDING_DEVICE_PLATFORM_NAME\=iphoneos
    export CORRESPONDING_DEVICE_SDK_DIR\=/Applications/Xcode.app/Contents/Developer/Platforms/iPhoneOS.platform/Developer/SDKs/iPhoneOS26.5.sdk
    export CORRESPONDING_DEVICE_SDK_NAME\=iphoneos26.5
    export CP\=/bin/cp
    export CREATE_INFOPLIST_SECTION_IN_BINARY\=NO
    export CURRENT_ARCH\=undefined_arch
    export CURRENT_PROJECT_VERSION\=1
    export CURRENT_VARIANT\=normal
    export CURRENT_VERSION\=Current
    export DEAD_CODE_STRIPPING\=YES
    export DEBUGGING_SYMBOLS\=YES
    export DEBUG_INFORMATION_FORMAT\=dwarf
    export DEBUG_INFORMATION_VERSION\=compiler-default
    export DEFAULT_COMPILER\=com.apple.compilers.llvm.clang.1_0
    export DEFAULT_DEXT_INSTALL_PATH\=/System/Library/DriverExtensions
    export DEFAULT_KEXT_INSTALL_PATH\=/System/Library/Extensions
    export DEFINES_MODULE\=YES
    export DEPLOYMENT_LOCATION\=NO
    export DEPLOYMENT_POSTPROCESSING\=NO
    export DEPLOYMENT_TARGET_SETTING_NAME\=IPHONEOS_DEPLOYMENT_TARGET
    export DEPLOYMENT_TARGET_SUGGESTED_VALUES\=12.0\ 12.1\ 12.2\ 12.3\ 12.4\ 13.0\ 13.1\ 13.2\ 13.3\ 13.4\ 13.5\ 13.6\ 14.0\ 14.1\ 14.2\ 14.3\ 14.4\ 14.5\ 14.6\ 14.7\ 15.0\ 15.1\ 15.2\ 15.3\ 15.4\ 15.5\ 15.6\ 16.0\ 16.1\ 16.2\ 16.3\ 16.4\ 16.5\ 16.6\ 17.0\ 17.1\ 17.2\ 17.3\ 17.4\ 17.5\ 17.6\ 18.0\ 18.1\ 18.2\ 18.3\ 18.4\ 18.5\ 18.6\ 26.0\ 26.2\ 26.3\ 26.4\ 26.5
    export DERIVED_FILES_DIR\=/Users/antoniogrillo-balen/Library/Developer/Xcode/DerivedData/risebysolis-gzfsziqwziaggpcbgdowmssiasmi/Build/Intermediates.noindex/Pods.build/Debug-iphonesimulator/RCT-Folly.build/DerivedSources
    export DERIVED_FILE_DIR\=/Users/antoniogrillo-balen/Library/Developer/Xcode/DerivedData/risebysolis-gzfsziqwziaggpcbgdowmssiasmi/Build/Intermediates.noindex/Pods.build/Debug-iphonesimulator/RCT-Folly.build/DerivedSources
    export DERIVED_SOURCES_DIR\=/Users/antoniogrillo-balen/Library/Developer/Xcode/DerivedData/risebysolis-gzfsziqwziaggpcbgdowmssiasmi/Build/Intermediates.noindex/Pods.build/Debug-iphonesimulator/RCT-Folly.build/DerivedSources
    export DEVELOPER_APPLICATIONS_DIR\=/Applications/Xcode.app/Contents/Developer/Applications
    export DEVELOPER_BIN_DIR\=/Applications/Xcode.app/Contents/Developer/usr/bin
    export DEVELOPER_DIR\=/Applications/Xcode.app/Contents/Developer
    export DEVELOPER_FRAMEWORKS_DIR\=/Applications/Xcode.app/Contents/Developer/Library/Frameworks
    export DEVELOPER_FRAMEWORKS_DIR_QUOTED\=/Applications/Xcode.app/Contents/Developer/Library/Frameworks
    export DEVELOPER_LIBRARY_DIR\=/Applications/Xcode.app/Contents/Developer/Library
    export DEVELOPER_SDK_DIR\=/Applications/Xcode.app/Contents/Developer/Platforms/MacOSX.platform/Developer/SDKs
    export DEVELOPER_TOOLS_DIR\=/Applications/Xcode.app/Contents/Developer/Tools
    export DEVELOPER_USR_DIR\=/Applications/Xcode.app/Contents/Developer/usr
    export DEVELOPMENT_LANGUAGE\=en
    export DIAGNOSE_MISSING_TARGET_DEPENDENCIES\=YES
    export DIFF\=/usr/bin/diff
    export DOCUMENTATION_FOLDER_PATH\=folly.framework/en.lproj/Documentation
    export DONT_GENERATE_INFOPLIST_FILE\=NO
    export DSTROOT\=/tmp/Pods.dst
    export DT_TOOLCHAIN_DIR\=/Applications/Xcode.app/Contents/Developer/Toolchains/XcodeDefault.xctoolchain
    export DUMP_DEPENDENCIES\=NO
    export DUMP_DEPENDENCIES_OUTPUT_PATH\=/Users/antoniogrillo-balen/Library/Developer/Xcode/DerivedData/risebysolis-gzfsziqwziaggpcbgdowmssiasmi/Build/Intermediates.noindex/Pods.build/Debug-iphonesimulator/RCT-Folly.build/RCT-Folly-BuildDependencyInfo.json
    export DWARF_DSYM_FILE_NAME\=folly.framework.dSYM
    export DWARF_DSYM_FILE_SHOULD_ACCOMPANY_PRODUCT\=NO
    export DWARF_DSYM_FOLDER_PATH\=/Users/antoniogrillo-balen/Library/Developer/Xcode/DerivedData/risebysolis-gzfsziqwziaggpcbgdowmssiasmi/Build/Products/Debug-iphonesimulator/RCT-Folly
    export DYLIB_COMPATIBILITY_VERSION\=1
    export DYLIB_CURRENT_VERSION\=1
    export DYLIB_INSTALL_NAME_BASE\=@rpath
    export DYNAMIC_LIBRARY_EXTENSION\=dylib
    export EAGER_COMPILATION_ALLOW_SCRIPTS\=NO
    export EAGER_LINKING\=NO
    export EFFECTIVE_PLATFORM_NAME\=-iphonesimulator
    export EFFECTIVE_SWIFT_VERSION\=5
    export EMBEDDED_CONTENT_CONTAINS_SWIFT\=NO
    export EMBED_ASSET_PACKS_IN_PRODUCT_BUNDLE\=NO
    export ENABLE_APP_SANDBOX\=NO
    export ENABLE_CODE_COVERAGE\=YES
    export ENABLE_COHORT_ARCHS\=NO
    export ENABLE_CPLUSPLUS_BOUNDS_SAFE_BUFFERS\=NO
    export ENABLE_C_BOUNDS_SAFETY\=NO
    export ENABLE_DEFAULT_HEADER_SEARCH_PATHS\=YES
    export ENABLE_DEFAULT_SEARCH_PATHS\=YES
    export ENABLE_ENHANCED_SECURITY\=NO
    export ENABLE_HARDENED_RUNTIME\=NO
    export ENABLE_HEADER_DEPENDENCIES\=YES
    export ENABLE_INCOMING_NETWORK_CONNECTIONS\=NO
    export ENABLE_MODULE_VERIFIER\=NO
    export ENABLE_ON_DEMAND_RESOURCES\=NO
    export ENABLE_OUTGOING_NETWORK_CONNECTIONS\=NO
    export ENABLE_POINTER_AUTHENTICATION\=NO
    export ENABLE_PREVIEWS\=NO
    export ENABLE_RESOURCE_ACCESS_AUDIO_INPUT\=NO
    export ENABLE_RESOURCE_ACCESS_BLUETOOTH\=NO
    export ENABLE_RESOURCE_ACCESS_CALENDARS\=NO
    export ENABLE_RESOURCE_ACCESS_CAMERA\=NO
    export ENABLE_RESOURCE_ACCESS_CONTACTS\=NO
    export ENABLE_RESOURCE_ACCESS_LOCATION\=NO
    export ENABLE_RESOURCE_ACCESS_PHOTO_LIBRARY\=NO
    export ENABLE_RESOURCE_ACCESS_PRINTING\=NO
    export ENABLE_RESOURCE_ACCESS_USB\=NO
    export ENABLE_SDK_IMPORTS\=NO
    export ENABLE_SECURITY_COMPILER_WARNINGS\=NO
    export ENABLE_STRICT_OBJC_MSGSEND\=YES
    export ENABLE_TESTABILITY\=YES
    export ENABLE_TESTING_SEARCH_PATHS\=NO
    export ENABLE_USER_SCRIPT_SANDBOXING\=NO
    export ENABLE_XOJIT_PREVIEWS\=YES
    export ENFORCE_VALID_ARCHS\=YES
    export ENTITLEMENTS_DESTINATION\=__entitlements
    export ENTITLEMENTS_REQUIRED\=NO
    export EXCLUDED_INSTALLSRC_SUBDIRECTORY_PATTERNS\=.DS_Store\ .svn\ .git\ .hg\ CVS
    export EXCLUDED_RECURSIVE_SEARCH_PATH_SUBDIRECTORIES\=\*.nib\ \*.lproj\ \*.framework\ \*.gch\ \*.xcode\*\ \*.xcassets\ \*.icon\ \(\*\)\ .DS_Store\ CVS\ .svn\ .git\ .hg\ \*.pbproj\ \*.pbxproj
    export EXECUTABLES_FOLDER_PATH\=folly.framework/en.lproj
    export EXECUTABLE_FOLDER_PATH\=folly.framework
    export EXECUTABLE_FOLDER_PATH_SHALLOW_BUNDLE_NO\=folly.framework
    export EXECUTABLE_FOLDER_PATH_SHALLOW_BUNDLE_YES\=folly.framework
    export EXECUTABLE_NAME\=folly
    export EXECUTABLE_PATH\=folly.framework/folly
    export EXPANDED_CODE_SIGN_IDENTITY\=-
    export EXPANDED_CODE_SIGN_IDENTITY_NAME\=Sign\ to\ Run\ Locally
    export EXTENSIONS_FOLDER_PATH\=folly.framework/Extensions
    export FILE_LIST\=/Users/antoniogrillo-balen/Library/Developer/Xcode/DerivedData/risebysolis-gzfsziqwziaggpcbgdowmssiasmi/Build/Intermediates.noindex/Pods.build/Debug-iphonesimulator/RCT-Folly.build/Objects/LinkFileList
    export FIXED_FILES_DIR\=/Users/antoniogrillo-balen/Library/Developer/Xcode/DerivedData/risebysolis-gzfsziqwziaggpcbgdowmssiasmi/Build/Intermediates.noindex/Pods.build/Debug-iphonesimulator/RCT-Folly.build/FixedFiles
    export FRAMEWORKS_FOLDER_PATH\=folly.framework/Frameworks
    export FRAMEWORK_FLAG_PREFIX\=-framework
    export FRAMEWORK_SEARCH_PATHS\=/Users/antoniogrillo-balen/Library/Developer/Xcode/DerivedData/risebysolis-gzfsziqwziaggpcbgdowmssiasmi/Build/Products/Debug-iphonesimulator/RCT-Folly\ \ \"/Users/antoniogrillo-balen/Library/Developer/Xcode/DerivedData/risebysolis-gzfsziqwziaggpcbgdowmssiasmi/Build/Products/Debug-iphonesimulator/DoubleConversion\"\ \"/Users/antoniogrillo-balen/Library/Developer/Xcode/DerivedData/risebysolis-gzfsziqwziaggpcbgdowmssiasmi/Build/Products/Debug-iphonesimulator/fmt\"\ \"/Users/antoniogrillo-balen/Library/Developer/Xcode/DerivedData/risebysolis-gzfsziqwziaggpcbgdowmssiasmi/Build/Products/Debug-iphonesimulator/glog\"
    export FRAMEWORK_VERSION\=A
    export FULL_PRODUCT_NAME\=folly.framework
    export FUSE_BUILD_PHASES\=YES
    export FUSE_BUILD_SCRIPT_PHASES\=NO
    export GCC3_VERSION\=3.3
    export GCC_C_LANGUAGE_STANDARD\=gnu11
    export GCC_DYNAMIC_NO_PIC\=NO
    export GCC_INLINES_ARE_PRIVATE_EXTERN\=YES
    export GCC_NO_COMMON_BLOCKS\=YES
    export GCC_OBJC_LEGACY_DISPATCH\=YES
    export GCC_OPTIMIZATION_LEVEL\=0
    export GCC_PFE_FILE_C_DIALECTS\=c\ objective-c\ c++\ objective-c++
    export GCC_PREFIX_HEADER\=Target\ Support\ Files/RCT-Folly/RCT-Folly-prefix.pch
    export GCC_PREPROCESSOR_DEFINITIONS\=POD_CONFIGURATION_DEBUG\=1\ DEBUG\=1\ \ COCOAPODS\=1
    export GCC_TREAT_WARNINGS_AS_ERRORS\=NO
    export GCC_VERSION\=com.apple.compilers.llvm.clang.1_0
    export GCC_VERSION_IDENTIFIER\=com_apple_compilers_llvm_clang_1_0
    export GCC_WARN_64_TO_32_BIT_CONVERSION\=YES
    export GCC_WARN_ABOUT_RETURN_TYPE\=YES_ERROR
    export GCC_WARN_UNDECLARED_SELECTOR\=YES
    export GCC_WARN_UNINITIALIZED_AUTOS\=YES_AGGRESSIVE
    export GCC_WARN_UNUSED_FUNCTION\=YES
    export GCC_WARN_UNUSED_VARIABLE\=YES
    export GENERATED_MODULEMAP_DIR\=/Users/antoniogrillo-balen/Library/Developer/Xcode/DerivedData/risebysolis-gzfsziqwziaggpcbgdowmssiasmi/Build/Intermediates.noindex/GeneratedModuleMaps-iphonesimulator
    export GENERATE_INFOPLIST_FILE\=NO
    export GENERATE_INTERMEDIATE_TEXT_BASED_STUBS\=YES
    export GENERATE_PKGINFO_FILE\=NO
    export GENERATE_PRELINK_OBJECT_FILE\=NO
    export GENERATE_PROFILING_CODE\=NO
    export GENERATE_TEXT_BASED_STUBS\=NO
    export GID\=20
    export GROUP\=staff
    export HEADERMAP_INCLUDES_FLAT_ENTRIES_FOR_TARGET_BEING_BUILT\=YES
    export HEADERMAP_INCLUDES_FRAMEWORK_ENTRIES_FOR_ALL_PRODUCT_TYPES\=YES
    export HEADERMAP_INCLUDES_FRAMEWORK_ENTRIES_FOR_TARGETS_NOT_BEING_BUILT\=YES
    export HEADERMAP_INCLUDES_NONPUBLIC_NONPRIVATE_HEADERS\=YES
    export HEADERMAP_INCLUDES_PROJECT_HEADERS\=YES
    export HEADERMAP_USES_FRAMEWORK_PREFIX_ENTRIES\=YES
    export HEADERMAP_USES_VFS\=YES
    export HEADER_SEARCH_PATHS\=/Users/antoniogrillo-balen/Library/Developer/Xcode/DerivedData/risebysolis-gzfsziqwziaggpcbgdowmssiasmi/Build/Products/Debug-iphonesimulator/RCT-Folly/include\ \ /Users/antoniogrillo-balen/Library/Developer/Xcode/DerivedData/risebysolis-gzfsziqwziaggpcbgdowmssiasmi/Build/Products/Debug-iphonesimulator/ReactCommon/ReactCommon.framework/Headers\ /Users/antoniogrillo-balen/Library/Developer/Xcode/DerivedData/risebysolis-gzfsziqwziaggpcbgdowmssiasmi/Build/Products/Debug-iphonesimulator/ReactCommon/ReactCommon.framework/Headers/react/nativemodule/core\ /Users/antoniogrillo-balen/Library/Developer/Xcode/DerivedData/risebysolis-gzfsziqwziaggpcbgdowmssiasmi/Build/Products/Debug-iphonesimulator/ReactCommon-Samples/ReactCommon_Samples.framework/Headers\ /Users/antoniogrillo-balen/Library/Developer/Xcode/DerivedData/risebysolis-gzfsziqwziaggpcbgdowmssiasmi/Build/Products/Debug-iphonesimulator/ReactCommon-Samples/ReactCommon_Samples.framework/Headers/platform/ios\ /Users/antoniogrillo-balen/Library/Developer/Xcode/DerivedData/risebysolis-gzfsziqwziaggpcbgdowmssiasmi/Build/Products/Debug-iphonesimulator/React-Fabric/React_Fabric.framework/Headers/react/renderer/components/view/platform/cxx\ /Users/antoniogrillo-balen/Library/Developer/Xcode/DerivedData/risebysolis-gzfsziqwziaggpcbgdowmssiasmi/Build/Products/Debug-iphonesimulator/React-NativeModulesApple/React_NativeModulesApple.framework/Headers\ /Users/antoniogrillo-balen/Library/Developer/Xcode/DerivedData/risebysolis-gzfsziqwziaggpcbgdowmssiasmi/Build/Products/Debug-iphonesimulator/React-graphics/React_graphics.framework/Headers\ /Users/antoniogrillo-balen/Library/Developer/Xcode/DerivedData/risebysolis-gzfsziqwziaggpcbgdowmssiasmi/Build/Products/Debug-iphonesimulator/React-graphics/React_graphics.framework/Headers/react/renderer/graphics/platform/ios\ \"/Users/antoniogrillo-balen/Desktop/Projects/RiseBuild/ios/Pods/Headers/Public\"\ \"/Users/antoniogrillo-balen/Desktop/Projects/RiseBuild/ios/Pods/Headers/Public/boost\"\ \"/Users/antoniogrillo-balen/Desktop/Projects/RiseBuild/ios/Pods/Headers/Public/fast_float\"\ \"/Users/antoniogrillo-balen/Desktop/Projects/RiseBuild/ios/Pods/RCT-Folly\"\ \"/Users/antoniogrillo-balen/Desktop/Projects/RiseBuild/ios/Pods/boost\"\ \"/Users/antoniogrillo-balen/Desktop/Projects/RiseBuild/ios/Pods/DoubleConversion\"\ \"/Users/antoniogrillo-balen/Desktop/Projects/RiseBuild/ios/Pods/fast_float/include\"\ \"/Users/antoniogrillo-balen/Desktop/Projects/RiseBuild/ios/Pods/fmt/include\"
    export HOME\=/Users/antoniogrillo-balen
    export HOST_ARCH\=arm64
    export HOST_PLATFORM\=macosx
    export ICONV\=/usr/bin/iconv
    export IMPLICIT_DEPENDENCY_DOMAIN\=default
    export INDEX_STORE_COMPRESS\=NO
    export INDEX_STORE_ONLY_PROJECT_FILES\=NO
    export INFOPLIST_ENABLE_CFBUNDLEICONS_MERGE\=YES
    export INFOPLIST_EXPAND_BUILD_SETTINGS\=YES
    export INFOPLIST_FILE\=Target\ Support\ Files/RCT-Folly/RCT-Folly-Info.plist
    export INFOPLIST_OUTPUT_FORMAT\=binary
    export INFOPLIST_PATH\=folly.framework/Info.plist
    export INFOPLIST_PREPROCESS\=NO
    export INFOSTRINGS_PATH\=folly.framework/en.lproj/InfoPlist.strings
    export INLINE_PRIVATE_FRAMEWORKS\=NO
    export INSTALLAPI_IGNORE_SKIP_INSTALL\=YES
    export INSTALLHDRS_COPY_PHASE\=NO
    export INSTALLHDRS_SCRIPT_PHASE\=NO
    export INSTALL_DIR\=/tmp/Pods.dst/Library/Frameworks
    export INSTALL_GROUP\=staff
    export INSTALL_MODE_FLAG\=u+w,go-w,a+rX
    export INSTALL_OWNER\=antoniogrillo-balen
    export INSTALL_PATH\=/Library/Frameworks
    export INSTALL_ROOT\=/tmp/Pods.dst
    export IPHONEOS_DEPLOYMENT_TARGET\=15.1
    export IS_UNOPTIMIZED_BUILD\=YES
    export JAVAC_DEFAULT_FLAGS\=-J-Xms64m\ -J-XX:NewSize\=4M\ -J-Dfile.encoding\=UTF8
    export JAVA_APP_STUB\=/System/Library/Frameworks/JavaVM.framework/Resources/MacOS/JavaApplicationStub
    export JAVA_ARCHIVE_CLASSES\=YES
    export JAVA_ARCHIVE_TYPE\=JAR
    export JAVA_COMPILER\=/usr/bin/javac
    export JAVA_FOLDER_PATH\=folly.framework/Java
    export JAVA_FRAMEWORK_RESOURCES_DIRS\=Resources
    export JAVA_JAR_FLAGS\=cv
    export JAVA_SOURCE_SUBDIR\=.
    export JAVA_USE_DEPENDENCIES\=YES
    export JAVA_ZIP_FLAGS\=-urg
    export JIKES_DEFAULT_FLAGS\=+E\ +OLDCSO
    export KEEP_PRIVATE_EXTERNS\=NO
    export LD_DEPENDENCY_INFO_FILE\=/Users/antoniogrillo-balen/Library/Developer/Xcode/DerivedData/risebysolis-gzfsziqwziaggpcbgdowmssiasmi/Build/Intermediates.noindex/Pods.build/Debug-iphonesimulator/RCT-Folly.build/Objects-normal/undefined_arch/folly_dependency_info.dat
    export LD_DYLIB_INSTALL_NAME\=@rpath/folly.framework/folly
    export LD_EXPORT_SYMBOLS\=YES
    export LD_GENERATE_MAP_FILE\=NO
    export LD_MAP_FILE_PATH\=/Users/antoniogrillo-balen/Library/Developer/Xcode/DerivedData/risebysolis-gzfsziqwziaggpcbgdowmssiasmi/Build/Intermediates.noindex/Pods.build/Debug-iphonesimulator/RCT-Folly.build/folly-LinkMap-normal-undefined_arch.txt
    export LD_NO_PIE\=NO
    export LD_QUOTE_LINKER_ARGUMENTS_FOR_COMPILER_DRIVER\=YES
    export LD_RUNPATH_SEARCH_PATHS\=\ @executable_path/Frameworks\ @loader_path/Frameworks
    export LD_SHARED_CACHE_ELIGIBLE\=Automatic
    export LD_WARN_DUPLICATE_LIBRARIES\=NO
    export LD_WARN_UNUSED_DYLIBS\=NO
    export LEGACY_DEVELOPER_DIR\=/Applications/Xcode.app/Contents/PlugIns/Xcode3Core.ideplugin/Contents/SharedSupport/Developer
    export LEX\=lex
    export LIBRARY_DEXT_INSTALL_PATH\=/Library/DriverExtensions
    export LIBRARY_FLAG_NOSPACE\=YES
    export LIBRARY_FLAG_PREFIX\=-l
    export LIBRARY_KEXT_INSTALL_PATH\=/Library/Extensions
    export LIBRARY_SEARCH_PATHS\=/Users/antoniogrillo-balen/Library/Developer/Xcode/DerivedData/risebysolis-gzfsziqwziaggpcbgdowmssiasmi/Build/Products/Debug-iphonesimulator/RCT-Folly\ 
    export LINKER_DISPLAYS_MANGLED_NAMES\=NO
    export LINK_FILE_LIST_normal_arm64\=/Users/antoniogrillo-balen/Library/Developer/Xcode/DerivedData/risebysolis-gzfsziqwziaggpcbgdowmssiasmi/Build/Intermediates.noindex/Pods.build/Debug-iphonesimulator/RCT-Folly.build/Objects-normal/arm64/folly.LinkFileList
    export LINK_OBJC_RUNTIME\=YES
    export LINK_WITH_STANDARD_LIBRARIES\=YES
    export LLVM_TARGET_TRIPLE_OS_VERSION\=ios15.1
    export LLVM_TARGET_TRIPLE_SUFFIX\=-simulator
    export LLVM_TARGET_TRIPLE_VENDOR\=apple
    export LM_AUX_CONST_METADATA_LIST_PATH_normal_arm64\=/Users/antoniogrillo-balen/Library/Developer/Xcode/DerivedData/risebysolis-gzfsziqwziaggpcbgdowmssiasmi/Build/Intermediates.noindex/Pods.build/Debug-iphonesimulator/RCT-Folly.build/Objects-normal/arm64/folly.SwiftConstValuesFileList
    export LOCALIZATION_EXPORT_SUPPORTED\=YES
    export LOCALIZATION_PREFERS_STRING_CATALOGS\=NO
    export LOCALIZED_RESOURCES_FOLDER_PATH\=folly.framework/en.lproj
    export LOCALIZED_STRING_CODE_COMMENTS\=NO
    export LOCALIZED_STRING_MACRO_NAMES\=NSLocalizedString\ CFCopyLocalizedString
    export LOCALIZED_STRING_SWIFTUI_SUPPORT\=YES
    export LOCAL_ADMIN_APPS_DIR\=/Applications/Utilities
    export LOCAL_APPS_DIR\=/Applications
    export LOCAL_DEVELOPER_DIR\=/Library/Developer
    export LOCAL_LIBRARY_DIR\=/Library
    export LOCROOT\=/Users/antoniogrillo-balen/Desktop/Projects/RiseBuild/ios/Pods
    export LOCSYMROOT\=/Users/antoniogrillo-balen/Desktop/Projects/RiseBuild/ios/Pods
    export MACH_O_TYPE\=staticlib
    export MAC_OS_X_PRODUCT_BUILD_VERSION\=25E253
    export MAC_OS_X_VERSION_ACTUAL\=260401
    export MAC_OS_X_VERSION_MAJOR\=260000
    export MAC_OS_X_VERSION_MINOR\=260400
    export MAKE_MERGEABLE\=NO
    export MERGEABLE_LIBRARY\=NO
    export MERGED_BINARY_TYPE\=none
    export MERGE_LINKED_LIBRARIES\=NO
    export METAL_LIBRARY_FILE_BASE\=default
    export METAL_LIBRARY_OUTPUT_DIR\=/Users/antoniogrillo-balen/Library/Developer/Xcode/DerivedData/risebysolis-gzfsziqwziaggpcbgdowmssiasmi/Build/Products/Debug-iphonesimulator/RCT-Folly/folly.framework
    export MODULEMAP_FILE\=Target\ Support\ Files/RCT-Folly/RCT-Folly.modulemap
    export MODULES_FOLDER_PATH\=folly.framework/Modules
    export MODULE_CACHE_DIR\=/Users/antoniogrillo-balen/Library/Developer/Xcode/DerivedData/ModuleCache.noindex
    export MTL_ENABLE_DEBUG_INFO\=INCLUDE_SOURCE
    export MTL_FAST_MATH\=YES
    export NATIVE_ARCH\=arm64
    export NATIVE_ARCH_32_BIT\=arm
    export NATIVE_ARCH_64_BIT\=arm64
    export NATIVE_ARCH_ACTUAL\=arm64
    export NO_COMMON\=YES
    export OBJC_ABI_VERSION\=2
    export OBJECT_FILE_DIR\=/Users/antoniogrillo-balen/Library/Developer/Xcode/DerivedData/risebysolis-gzfsziqwziaggpcbgdowmssiasmi/Build/Intermediates.noindex/Pods.build/Debug-iphonesimulator/RCT-Folly.build/Objects
    export OBJECT_FILE_DIR_normal\=/Users/antoniogrillo-balen/Library/Developer/Xcode/DerivedData/risebysolis-gzfsziqwziaggpcbgdowmssiasmi/Build/Intermediates.noindex/Pods.build/Debug-iphonesimulator/RCT-Folly.build/Objects-normal
    export OBJROOT\=/Users/antoniogrillo-balen/Library/Developer/Xcode/DerivedData/risebysolis-gzfsziqwziaggpcbgdowmssiasmi/Build/Intermediates.noindex
    export ONLY_ACTIVE_ARCH\=YES
    export OS\=MACOS
    export OSAC\=/usr/bin/osacompile
    export OTHER_LDFLAGS\=\ \ \ -Wl,-U,_jump_fcontext\ -Wl,-U,_make_fcontext
    export PACKAGE_TYPE\=com.apple.package-type.wrapper.framework
    export PASCAL_STRINGS\=YES
    export PATH\=/Applications/Xcode.app/Contents/SharedFrameworks/SwiftBuild.framework/Versions/A/PlugIns/SWBBuildService.bundle/Contents/PlugIns/SWBUniversalPlatformPlugin.bundle/Contents/Frameworks/SWBUniversalPlatform.framework/Resources:/Applications/Xcode.app/Contents/Developer/Toolchains/XcodeDefault.xctoolchain/usr/bin:/Applications/Xcode.app/Contents/Developer/Toolchains/XcodeDefault.xctoolchain/usr/local/bin:/Applications/Xcode.app/Contents/Developer/Toolchains/XcodeDefault.xctoolchain/usr/libexec:/Applications/Xcode.app/Contents/Developer/Platforms/iPhoneSimulator.platform/usr/bin:/Applications/Xcode.app/Contents/Developer/Platforms/iPhoneSimulator.platform/usr/local/bin:/Applications/Xcode.app/Contents/Developer/Platforms/iPhoneSimulator.platform/Developer/usr/bin:/Applications/Xcode.app/Contents/Developer/Platforms/iPhoneSimulator.platform/Developer/usr/local/bin:/Applications/Xcode.app/Contents/Developer/usr/bin:/Applications/Xcode.app/Contents/Developer/usr/local/bin:/opt/homebrew/opt/ruby/bin:/opt/homebrew/lib/ruby/gems/4.0.0/bin:/opt/homebrew/bin:/opt/homebrew/sbin:/Users/antoniogrillo-balen/.nvm/versions/node/v24.14.1/bin:/Library/Frameworks/Python.framework/Versions/3.14/bin:/usr/local/bin:/System/Cryptexes/App/usr/bin:/usr/bin:/bin:/usr/sbin:/sbin:/var/run/com.apple.security.cryptexd/codex.system/bootstrap/usr/local/bin:/var/run/com.apple.security.cryptexd/codex.system/bootstrap/usr/bin:/var/run/com.apple.security.cryptexd/codex.system/bootstrap/usr/appleinternal/bin:/opt/pkg/env/active/bin:/opt/pmk/env/global/bin:/Library/Apple/usr/bin:/Applications/VMware\ Fusion.app/Contents/Public:/Users/antoniogrillo-balen/.cargo/bin:/Users/antoniogrillo-balen/.cache/plugins/.install-staging/25283474a0e0d4a060cb0e915c1ec54e3d41ef2e/cursor/repo/bin:/Users/antoniogrillo-balen/.claude/plugins/cache/claude-plugins-official/superpowers/5.1.0/bin:/Users/antoniogrillo-balen/.claude/plugins/cache/claude-plugins-official/frontend-design/unknown/bin:/Users/antoniogrillo-balen/.claude/plugins/cache/claude-plugins-official/code-simplifier/1.0.0/bin:/Users/antoniogrillo-balen/.claude/plugins/cache/claude-plugins-official/security-guidance/unknown/bin:/Users/antoniogrillo-balen/.claude/plugins/cache/thedotmack/claude-mem/12.1.1/bin
    export PATH_PREFIXES_EXCLUDED_FROM_HEADER_DEPENDENCIES\=/usr/include\ /usr/local/include\ /System/Library/Frameworks\ /System/Library/PrivateFrameworks\ /Applications/Xcode.app/Contents/Developer/Headers\ /Applications/Xcode.app/Contents/Developer/SDKs\ /Applications/Xcode.app/Contents/Developer/Platforms
    export PBDEVELOPMENTPLIST_PATH\=folly.framework/pbdevelopment.plist
    export PER_ARCH_MODULE_FILE_DIR\=/Users/antoniogrillo-balen/Library/Developer/Xcode/DerivedData/risebysolis-gzfsziqwziaggpcbgdowmssiasmi/Build/Intermediates.noindex/Pods.build/Debug-iphonesimulator/RCT-Folly.build/Objects-normal/undefined_arch
    export PER_ARCH_OBJECT_FILE_DIR\=/Users/antoniogrillo-balen/Library/Developer/Xcode/DerivedData/risebysolis-gzfsziqwziaggpcbgdowmssiasmi/Build/Intermediates.noindex/Pods.build/Debug-iphonesimulator/RCT-Folly.build/Objects-normal/undefined_arch
    export PER_VARIANT_OBJECT_FILE_DIR\=/Users/antoniogrillo-balen/Library/Developer/Xcode/DerivedData/risebysolis-gzfsziqwziaggpcbgdowmssiasmi/Build/Intermediates.noindex/Pods.build/Debug-iphonesimulator/RCT-Folly.build/Objects-normal
    export PKGINFO_FILE_PATH\=/Users/antoniogrillo-balen/Library/Developer/Xcode/DerivedData/risebysolis-gzfsziqwziaggpcbgdowmssiasmi/Build/Intermediates.noindex/Pods.build/Debug-iphonesimulator/RCT-Folly.build/PkgInfo
    export PKGINFO_PATH\=folly.framework/PkgInfo
    export PLATFORM_DEVELOPER_APPLICATIONS_DIR\=/Applications/Xcode.app/Contents/Developer/Platforms/iPhoneSimulator.platform/Developer/Applications
    export PLATFORM_DEVELOPER_BIN_DIR\=/Applications/Xcode.app/Contents/Developer/Platforms/iPhoneSimulator.platform/Developer/usr/bin
    export PLATFORM_DEVELOPER_LIBRARY_DIR\=/Applications/Xcode.app/Contents/Developer/Platforms/iPhoneSimulator.platform/Developer/Library
    export PLATFORM_DEVELOPER_SDK_DIR\=/Applications/Xcode.app/Contents/Developer/Platforms/iPhoneSimulator.platform/Developer/SDKs
    export PLATFORM_DEVELOPER_TOOLS_DIR\=/Applications/Xcode.app/Contents/Developer/Platforms/iPhoneSimulator.platform/Developer/Tools
    export PLATFORM_DEVELOPER_USR_DIR\=/Applications/Xcode.app/Contents/Developer/Platforms/iPhoneSimulator.platform/Developer/usr
    export PLATFORM_DIR\=/Applications/Xcode.app/Contents/Developer/Platforms/iPhoneSimulator.platform
    export PLATFORM_DISPLAY_NAME\=iOS\ Simulator
    export PLATFORM_FAMILY_NAME\=iOS
    export PLATFORM_NAME\=iphonesimulator
    export PLATFORM_PREFERRED_ARCH\=x86_64
    export PLATFORM_PRODUCT_BUILD_VERSION\=23F73
    export PLATFORM_REQUIRES_SWIFT_AUTOLINK_EXTRACT\=NO
    export PLATFORM_REQUIRES_SWIFT_MODULEWRAP\=NO
    export PLATFORM_USES_DSYMS\=YES
    export PLIST_FILE_OUTPUT_FORMAT\=binary
    export PLUGINS_FOLDER_PATH\=folly.framework/PlugIns
    export PODS_BUILD_DIR\=/Users/antoniogrillo-balen/Library/Developer/Xcode/DerivedData/risebysolis-gzfsziqwziaggpcbgdowmssiasmi/Build/Products
    export PODS_CONFIGURATION_BUILD_DIR\=/Users/antoniogrillo-balen/Library/Developer/Xcode/DerivedData/risebysolis-gzfsziqwziaggpcbgdowmssiasmi/Build/Products/Debug-iphonesimulator
    export PODS_DEVELOPMENT_LANGUAGE\=en
    export PODS_ROOT\=/Users/antoniogrillo-balen/Desktop/Projects/RiseBuild/ios/Pods
    export PODS_TARGET_SRCROOT\=/Users/antoniogrillo-balen/Desktop/Projects/RiseBuild/ios/Pods/RCT-Folly
    export PODS_XCFRAMEWORKS_BUILD_DIR\=/Users/antoniogrillo-balen/Library/Developer/Xcode/DerivedData/risebysolis-gzfsziqwziaggpcbgdowmssiasmi/Build/Products/Debug-iphonesimulator/XCFrameworkIntermediates
    export PRECOMPS_INCLUDE_HEADERS_FROM_BUILT_PRODUCTS_DIR\=YES
    export PRECOMP_DESTINATION_DIR\=/Users/antoniogrillo-balen/Library/Developer/Xcode/DerivedData/risebysolis-gzfsziqwziaggpcbgdowmssiasmi/Build/Intermediates.noindex/Pods.build/Debug-iphonesimulator/RCT-Folly.build/PrefixHeaders
    export PRIVATE_HEADERS_FOLDER_PATH\=folly.framework/PrivateHeaders
    export PROCESSED_INFOPLIST_PATH\=/Users/antoniogrillo-balen/Library/Developer/Xcode/DerivedData/risebysolis-gzfsziqwziaggpcbgdowmssiasmi/Build/Intermediates.noindex/Pods.build/Debug-iphonesimulator/RCT-Folly.build/Objects-normal/undefined_arch/Processed-Info.plist
    export PRODUCT_BUNDLE_IDENTIFIER\=org.cocoapods.folly
    export PRODUCT_BUNDLE_PACKAGE_TYPE\=FMWK
    export PRODUCT_MODULE_NAME\=folly
    export PRODUCT_NAME\=folly
    export PRODUCT_SETTINGS_PATH\=/Users/antoniogrillo-balen/Desktop/Projects/RiseBuild/ios/Pods/Target\ Support\ Files/RCT-Folly/RCT-Folly-Info.plist
    export PRODUCT_TYPE\=com.apple.product-type.framework
    export PROFILING_CODE\=NO
    export PROJECT\=Pods
    export PROJECT_DERIVED_FILE_DIR\=/Users/antoniogrillo-balen/Library/Developer/Xcode/DerivedData/risebysolis-gzfsziqwziaggpcbgdowmssiasmi/Build/Intermediates.noindex/Pods.build/DerivedSources
    export PROJECT_DIR\=/Users/antoniogrillo-balen/Desktop/Projects/RiseBuild/ios/Pods
    export PROJECT_FILE_PATH\=/Users/antoniogrillo-balen/Desktop/Projects/RiseBuild/ios/Pods/Pods.xcodeproj
    export PROJECT_GUID\=8699adb1dd336b26511df848a716bd42
    export PROJECT_NAME\=Pods
    export PROJECT_TEMP_DIR\=/Users/antoniogrillo-balen/Library/Developer/Xcode/DerivedData/risebysolis-gzfsziqwziaggpcbgdowmssiasmi/Build/Intermediates.noindex/Pods.build
    export PROJECT_TEMP_ROOT\=/Users/antoniogrillo-balen/Library/Developer/Xcode/DerivedData/risebysolis-gzfsziqwziaggpcbgdowmssiasmi/Build/Intermediates.noindex
    export PUBLIC_HEADERS_FOLDER_PATH\=folly.framework/Headers
    export REACT_NATIVE_PATH\=/Users/antoniogrillo-balen/Desktop/Projects/RiseBuild/ios/Pods/../../node_modules/react-native
    export RECOMMENDED_IPHONEOS_DEPLOYMENT_TARGET\=15.0
    export RECURSIVE_SEARCH_PATHS_FOLLOW_SYMLINKS\=YES
    export REMOVE_CVS_FROM_RESOURCES\=YES
    export REMOVE_GIT_FROM_RESOURCES\=YES
    export REMOVE_HEADERS_FROM_EMBEDDED_BUNDLES\=YES
    export REMOVE_HG_FROM_RESOURCES\=YES
    export REMOVE_STATIC_EXECUTABLES_FROM_EMBEDDED_BUNDLES\=YES
    export REMOVE_SVN_FROM_RESOURCES\=YES
    export RESCHEDULE_INDEPENDENT_HEADERS_PHASES\=YES
    export REZ_COLLECTOR_DIR\=/Users/antoniogrillo-balen/Library/Developer/Xcode/DerivedData/risebysolis-gzfsziqwziaggpcbgdowmssiasmi/Build/Intermediates.noindex/Pods.build/Debug-iphonesimulator/RCT-Folly.build/ResourceManagerResources
    export REZ_OBJECTS_DIR\=/Users/antoniogrillo-balen/Library/Developer/Xcode/DerivedData/risebysolis-gzfsziqwziaggpcbgdowmssiasmi/Build/Intermediates.noindex/Pods.build/Debug-iphonesimulator/RCT-Folly.build/ResourceManagerResources/Objects
    export REZ_SEARCH_PATHS\=/Users/antoniogrillo-balen/Library/Developer/Xcode/DerivedData/risebysolis-gzfsziqwziaggpcbgdowmssiasmi/Build/Products/Debug-iphonesimulator/RCT-Folly\ 
    export RPATH_ORIGIN\=@loader_path
    export RUNTIME_EXCEPTION_ALLOW_DYLD_ENVIRONMENT_VARIABLES\=NO
    export RUNTIME_EXCEPTION_ALLOW_JIT\=NO
    export RUNTIME_EXCEPTION_ALLOW_UNSIGNED_EXECUTABLE_MEMORY\=NO
    export RUNTIME_EXCEPTION_DEBUGGING_TOOL\=NO
    export RUNTIME_EXCEPTION_DISABLE_EXECUTABLE_PAGE_PROTECTION\=NO
    export RUNTIME_EXCEPTION_DISABLE_LIBRARY_VALIDATION\=NO
    export SCANNING_PCM_KEEP_CACHE_DIRECTORY\=YES
    export SCAN_ALL_SOURCE_FILES_FOR_INCLUDES\=NO
    export SCRIPTS_FOLDER_PATH\=folly.framework/Scripts
    export SCRIPT_INPUT_FILE_COUNT\=0
    export SCRIPT_INPUT_FILE_LIST_COUNT\=0
    export SCRIPT_OUTPUT_FILE_COUNT\=0
    export SCRIPT_OUTPUT_FILE_LIST_COUNT\=0
    export SDKROOT\=/Applications/Xcode.app/Contents/Developer/Platforms/iPhoneSimulator.platform/Developer/SDKs/iPhoneSimulator26.5.sdk
    export SDK_DIR\=/Applications/Xcode.app/Contents/Developer/Platforms/iPhoneSimulator.platform/Developer/SDKs/iPhoneSimulator26.5.sdk
    export SDK_DIR_iphonesimulator\=/Applications/Xcode.app/Contents/Developer/Platforms/iPhoneSimulator.platform/Developer/SDKs/iPhoneSimulator26.5.sdk
    export SDK_DIR_iphonesimulator26_5\=/Applications/Xcode.app/Contents/Developer/Platforms/iPhoneSimulator.platform/Developer/SDKs/iPhoneSimulator26.5.sdk
    export SDK_NAME\=iphonesimulator26.5
    export SDK_NAMES\=iphonesimulator26.5
    export SDK_PRODUCT_BUILD_VERSION\=23F73
    export SDK_STAT_CACHE_DIR\=/Users/antoniogrillo-balen/Library/Developer/Xcode/DerivedData
    export SDK_STAT_CACHE_ENABLE\=YES
    export SDK_STAT_CACHE_PATH\=/Users/antoniogrillo-balen/Library/Developer/Xcode/DerivedData/SDKStatCaches.noindex/iphonesimulator26.5-23F73-6cfe768891a92b912361537c460fe42b.sdkstatcache
    export SDK_VERSION\=26.5
    export SDK_VERSION_ACTUAL\=260500
    export SDK_VERSION_MAJOR\=260000
    export SDK_VERSION_MINOR\=260500
    export SED\=/usr/bin/sed
    export SEPARATE_STRIP\=NO
    export SEPARATE_SYMBOL_EDIT\=NO
    export SET_DIR_MODE_OWNER_GROUP\=YES
    export SET_FILE_MODE_OWNER_GROUP\=NO
    export SHALLOW_BUNDLE\=YES
    export SHALLOW_BUNDLE_TRIPLE\=ios-simulator
    export SHALLOW_BUNDLE_ios_macabi\=NO
    export SHALLOW_BUNDLE_macos\=NO
    export SHARED_DERIVED_FILE_DIR\=/Users/antoniogrillo-balen/Library/Developer/Xcode/DerivedData/risebysolis-gzfsziqwziaggpcbgdowmssiasmi/Build/Products/Debug-iphonesimulator/RCT-Folly/DerivedSources
    export SHARED_FRAMEWORKS_FOLDER_PATH\=folly.framework/SharedFrameworks
    export SHARED_PRECOMPS_DIR\=/Users/antoniogrillo-balen/Library/Developer/Xcode/DerivedData/risebysolis-gzfsziqwziaggpcbgdowmssiasmi/Build/Intermediates.noindex/PrecompiledHeaders
    export SHARED_SUPPORT_FOLDER_PATH\=folly.framework
    export SKIP_INSTALL\=YES
    export SKIP_MERGEABLE_LIBRARY_BUNDLE_HOOK\=NO
    export SOURCE_ROOT\=/Users/antoniogrillo-balen/Desktop/Projects/RiseBuild/ios/Pods
    export SRCROOT\=/Users/antoniogrillo-balen/Desktop/Projects/RiseBuild/ios/Pods
    export STRINGSDATA_DIR\=/Users/antoniogrillo-balen/Library/Developer/Xcode/DerivedData/risebysolis-gzfsziqwziaggpcbgdowmssiasmi/Build/Intermediates.noindex/Pods.build/Debug-iphonesimulator/RCT-Folly.build/Objects-normal/undefined_arch
    export STRINGSDATA_ROOT\=/Users/antoniogrillo-balen/Library/Developer/Xcode/DerivedData/risebysolis-gzfsziqwziaggpcbgdowmssiasmi/Build/Intermediates.noindex/Pods.build/Debug-iphonesimulator/RCT-Folly.build
    export STRINGS_FILE_INFOPLIST_RENAME\=YES
    export STRINGS_FILE_OUTPUT_ENCODING\=binary
    export STRING_CATALOG_GENERATE_SYMBOLS\=NO
    export STRIP_BITCODE_FROM_COPIED_FILES\=NO
    export STRIP_INSTALLED_PRODUCT\=NO
    export STRIP_STYLE\=debugging
    export STRIP_SWIFT_SYMBOLS\=YES
    export SUPPORTED_DEVICE_FAMILIES\=1,2
    export SUPPORTED_PLATFORMS\=iphoneos\ iphonesimulator
    export SUPPORTS_TEXT_BASED_API\=NO
    export SUPPRESS_WARNINGS\=NO
    export SWIFT_ACTIVE_COMPILATION_CONDITIONS\=\ DEBUG\ 
    export SWIFT_EMIT_CONST_VALUE_PROTOCOLS\=AnyResolverProviding\ AppEntity\ AppEnum\ AppExtension\ AppIntent\ AppIntentsPackage\ AppShortcutProviding\ AppShortcutsProvider\ AppUnionValue\ AppUnionValueCasesProviding\ DynamicOptionsProvider\ EntityQuery\ ExtensionPointDefining\ IntentValueQuery\ Resolver\ TransientEntity\ _AssistantIntentsProvider\ _GenerativeFunctionExtractable\ _IntentValueRepresentable
    export SWIFT_EMIT_LOC_STRINGS\=NO
    export SWIFT_ENABLE_EXPLICIT_MODULES\=YES
    export SWIFT_INSTALL_MODULE_FOR_DEPLOYMENT\=YES
    export SWIFT_INSTALL_OBJC_HEADER\=YES
    export SWIFT_OPTIMIZATION_LEVEL\=-Onone
    export SWIFT_PLATFORM_TARGET_PREFIX\=ios
    export SWIFT_RESPONSE_FILE_PATH_normal_arm64\=/Users/antoniogrillo-balen/Library/Developer/Xcode/DerivedData/risebysolis-gzfsziqwziaggpcbgdowmssiasmi/Build/Intermediates.noindex/Pods.build/Debug-iphonesimulator/RCT-Folly.build/Objects-normal/arm64/folly.SwiftFileList
    export SWIFT_VERSION\=5.0
    export SYMROOT\=/Users/antoniogrillo-balen/Library/Developer/Xcode/DerivedData/risebysolis-gzfsziqwziaggpcbgdowmssiasmi/Build/Products
    export SYSTEM_ADMIN_APPS_DIR\=/Applications/Utilities
    export SYSTEM_APPS_DIR\=/Applications
    export SYSTEM_CORE_SERVICES_DIR\=/System/Library/CoreServices
    export SYSTEM_DEMOS_DIR\=/Applications/Extras
    export SYSTEM_DEVELOPER_APPS_DIR\=/Applications/Xcode.app/Contents/Developer/Applications
    export SYSTEM_DEVELOPER_BIN_DIR\=/Applications/Xcode.app/Contents/Developer/usr/bin
    export SYSTEM_DEVELOPER_DEMOS_DIR\=/Applications/Xcode.app/Contents/Developer/Applications/Utilities/Built\ Examples
    export SYSTEM_DEVELOPER_DIR\=/Applications/Xcode.app/Contents/Developer
    export SYSTEM_DEVELOPER_DOC_DIR\=/Applications/Xcode.app/Contents/Developer/ADC\ Reference\ Library
    export SYSTEM_DEVELOPER_GRAPHICS_TOOLS_DIR\=/Applications/Xcode.app/Contents/Developer/Applications/Graphics\ Tools
    export SYSTEM_DEVELOPER_JAVA_TOOLS_DIR\=/Applications/Xcode.app/Contents/Developer/Applications/Java\ Tools
    export SYSTEM_DEVELOPER_PERFORMANCE_TOOLS_DIR\=/Applications/Xcode.app/Contents/Developer/Applications/Performance\ Tools
    export SYSTEM_DEVELOPER_RELEASENOTES_DIR\=/Applications/Xcode.app/Contents/Developer/ADC\ Reference\ Library/releasenotes
    export SYSTEM_DEVELOPER_TOOLS\=/Applications/Xcode.app/Contents/Developer/Tools
    export SYSTEM_DEVELOPER_TOOLS_DOC_DIR\=/Applications/Xcode.app/Contents/Developer/ADC\ Reference\ Library/documentation/DeveloperTools
    export SYSTEM_DEVELOPER_TOOLS_RELEASENOTES_DIR\=/Applications/Xcode.app/Contents/Developer/ADC\ Reference\ Library/releasenotes/DeveloperTools
    export SYSTEM_DEVELOPER_USR_DIR\=/Applications/Xcode.app/Contents/Developer/usr
    export SYSTEM_DEVELOPER_UTILITIES_DIR\=/Applications/Xcode.app/Contents/Developer/Applications/Utilities
    export SYSTEM_DEXT_INSTALL_PATH\=/System/Library/DriverExtensions
    export SYSTEM_DOCUMENTATION_DIR\=/Library/Documentation
    export SYSTEM_EXTENSIONS_FOLDER_PATH\=folly.framework/SystemExtensions
    export SYSTEM_EXTENSIONS_FOLDER_PATH_SHALLOW_BUNDLE_NO\=folly.framework/Library/SystemExtensions
    export SYSTEM_EXTENSIONS_FOLDER_PATH_SHALLOW_BUNDLE_YES\=folly.framework/SystemExtensions
    export SYSTEM_KEXT_INSTALL_PATH\=/System/Library/Extensions
    export SYSTEM_LIBRARY_DIR\=/System/Library
    export TAPI_DEMANGLE\=YES
    export TAPI_ENABLE_PROJECT_HEADERS\=NO
    export TAPI_LANGUAGE\=objective-c
    export TAPI_LANGUAGE_STANDARD\=compiler-default
    export TAPI_USE_SRCROOT\=YES
    export TAPI_VERIFY_MODE\=Pedantic
    export TARGETED_DEVICE_FAMILY\=1,2
    export TARGETNAME\=RCT-Folly
    export TARGET_BUILD_DIR\=/Users/antoniogrillo-balen/Library/Developer/Xcode/DerivedData/risebysolis-gzfsziqwziaggpcbgdowmssiasmi/Build/Products/Debug-iphonesimulator/RCT-Folly
    export TARGET_DEVICE_IDENTIFIER\=0C333F8A-4681-4475-855E-6FFD70F12533
    export TARGET_DEVICE_MODEL\=iPhone16,2
    export TARGET_DEVICE_OS_VERSION\=26.4.1
    export TARGET_DEVICE_PLATFORM_NAME\=iphonesimulator
    export TARGET_NAME\=RCT-Folly
    export TARGET_TEMP_DIR\=/Users/antoniogrillo-balen/Library/Developer/Xcode/DerivedData/risebysolis-gzfsziqwziaggpcbgdowmssiasmi/Build/Intermediates.noindex/Pods.build/Debug-iphonesimulator/RCT-Folly.build
    export TEMP_DIR\=/Users/antoniogrillo-balen/Library/Developer/Xcode/DerivedData/risebysolis-gzfsziqwziaggpcbgdowmssiasmi/Build/Intermediates.noindex/Pods.build/Debug-iphonesimulator/RCT-Folly.build
    export TEMP_FILES_DIR\=/Users/antoniogrillo-balen/Library/Developer/Xcode/DerivedData/risebysolis-gzfsziqwziaggpcbgdowmssiasmi/Build/Intermediates.noindex/Pods.build/Debug-iphonesimulator/RCT-Folly.build
    export TEMP_FILE_DIR\=/Users/antoniogrillo-balen/Library/Developer/Xcode/DerivedData/risebysolis-gzfsziqwziaggpcbgdowmssiasmi/Build/Intermediates.noindex/Pods.build/Debug-iphonesimulator/RCT-Folly.build
    export TEMP_ROOT\=/Users/antoniogrillo-balen/Library/Developer/Xcode/DerivedData/risebysolis-gzfsziqwziaggpcbgdowmssiasmi/Build/Intermediates.noindex
    export TEMP_SANDBOX_DIR\=/Users/antoniogrillo-balen/Library/Developer/Xcode/DerivedData/risebysolis-gzfsziqwziaggpcbgdowmssiasmi/Build/Intermediates.noindex/TemporaryTaskSandboxes
    export TEST_FRAMEWORK_SEARCH_PATHS\=\ /Applications/Xcode.app/Contents/Developer/Platforms/iPhoneSimulator.platform/Developer/Library/Frameworks\ /Applications/Xcode.app/Contents/Developer/Platforms/iPhoneSimulator.platform/Developer/SDKs/iPhoneSimulator26.5.sdk/Developer/Library/Frameworks
    export TEST_LIBRARY_SEARCH_PATHS\=\ /Applications/Xcode.app/Contents/Developer/Platforms/iPhoneSimulator.platform/Developer/usr/lib
    export TOOLCHAINS\=com.apple.dt.toolchain.XcodeDefault
    export TOOLCHAIN_DIR\=/Applications/Xcode.app/Contents/Developer/Toolchains/XcodeDefault.xctoolchain
    export TREAT_MISSING_BASELINES_AS_TEST_FAILURES\=NO
    export TREAT_MISSING_SCRIPT_PHASE_OUTPUTS_AS_ERRORS\=NO
    export TeamIdentifierPrefix\=FAKETEAMID.
    export UID\=501
    export UNINSTALLED_PRODUCTS_DIR\=/Users/antoniogrillo-balen/Library/Developer/Xcode/DerivedData/risebysolis-gzfsziqwziaggpcbgdowmssiasmi/Build/Intermediates.noindex/UninstalledProducts
    export UNLOCALIZED_RESOURCES_FOLDER_PATH\=folly.framework
    export UNLOCALIZED_RESOURCES_FOLDER_PATH_SHALLOW_BUNDLE_NO\=folly.framework/Resources
    export UNLOCALIZED_RESOURCES_FOLDER_PATH_SHALLOW_BUNDLE_YES\=folly.framework
    export UNSTRIPPED_PRODUCT\=NO
    export USER\=antoniogrillo-balen
    export USER_APPS_DIR\=/Users/antoniogrillo-balen/Applications
    export USER_LIBRARY_DIR\=/Users/antoniogrillo-balen/Library
    export USE_DYNAMIC_NO_PIC\=YES
    export USE_HEADERMAP\=NO
    export USE_HEADER_SYMLINKS\=NO
    export USE_HERMES\=true
    export USE_RECURSIVE_SCRIPT_INPUTS_IN_SCRIPT_PHASES\=YES
    export VALIDATE_DEVELOPMENT_ASSET_PATHS\=YES_ERROR
    export VALIDATE_PRODUCT\=NO
    export VALID_ARCHS\=arm64\ x86_64
    export VERBOSE_PBXCP\=NO
    export VERSIONING_SYSTEM\=apple-generic
    export VERSIONPLIST_PATH\=folly.framework/version.plist
    export VERSIONS_FOLDER_PATH\=folly.framework
    export VERSIONS_FOLDER_PATH_SHALLOW_BUNDLE_NO\=folly.framework/Versions
    export VERSIONS_FOLDER_PATH_SHALLOW_BUNDLE_YES\=folly.framework
    export VERSION_INFO_BUILDER\=antoniogrillo-balen
    export VERSION_INFO_FILE\=folly_vers.c
    export VERSION_INFO_STRING\=\"@\(\#\)PROGRAM:folly\ \ PROJECT:Pods-1\"
    export WORKSPACE_DIR\=/Users/antoniogrillo-balen/Desktop/Projects/RiseBuild/ios
    export WRAPPER_EXTENSION\=framework
    export WRAPPER_NAME\=folly.framework
    export WRAPPER_SUFFIX\=.framework
    export WRAP_ASSET_PACKS_IN_SEPARATE_DIRECTORIES\=NO
    export XCODE_APP_SUPPORT_DIR\=/Applications/Xcode.app/Contents/Developer/Library/Xcode
    export XCODE_PRODUCT_BUILD_VERSION\=17F42
    export XCODE_VERSION_ACTUAL\=2650
    export XCODE_VERSION_MAJOR\=2600
    export XCODE_VERSION_MINOR\=2650
    export XPCSERVICES_FOLDER_PATH\=folly.framework/XPCServices
    export YACC\=yacc
    export _DISCOVER_COMMAND_LINE_LINKER_INPUTS\=YES
    export _DISCOVER_COMMAND_LINE_LINKER_INPUTS_INCLUDE_WL\=YES
    export _LD_MULTIARCH\=YES
    export _WRAPPER_CONTENTS_DIR_SHALLOW_BUNDLE_NO\=/Contents
    export _WRAPPER_PARENT_PATH_SHALLOW_BUNDLE_NO\=/..
    export _WRAPPER_RESOURCES_DIR_SHALLOW_BUNDLE_NO\=/Resources
    export __DIAGNOSE_DEPRECATED_ARCHS\=YES
    export __ORIGINAL_SDK_DEFINED_LLVM_TARGET_TRIPLE_SYS\=ios
    export arch\=undefined_arch
    export variant\=normal
    /bin/sh -c /Users/antoniogrillo-balen/Library/Developer/Xcode/DerivedData/risebysolis-gzfsziqwziaggpcbgdowmssiasmi/Build/Intermediates.noindex/Pods.build/Debug-iphonesimulator/RCT-Folly.build/Script-46EB2E00020C40.sh

warning: Run script build phase '[CP-User] [Hermes] Replace Hermes for the right configuration, if needed' will be run during every build because it does not specify any outputs. To address this issue, either add output dependencies to the script phase, or configure it to run in every build by unchecking "Based on dependency analysis" in the script phase. (in target 'hermes-engine' from project 'Pods')
PhaseScriptExecution [CP-User]\ [Hermes]\ Replace\ Hermes\ for\ the\ right\ configuration,\ if\ needed /Users/antoniogrillo-balen/Library/Developer/Xcode/DerivedData/risebysolis-gzfsziqwziaggpcbgdowmssiasmi/Build/Intermediates.noindex/Pods.build/Debug-iphonesimulator/hermes-engine.build/Script-46EB2E00031EC0.sh (in target 'hermes-engine' from project 'Pods')
    cd /Users/antoniogrillo-balen/Desktop/Projects/RiseBuild/ios/Pods
    export ACTION\=build
    export AD_HOC_CODE_SIGNING_ALLOWED\=YES
    export ALLOW_BUILD_REQUEST_OVERRIDES\=NO
    export ALLOW_TARGET_PLATFORM_SPECIALIZATION\=NO
    export ALTERNATE_GROUP\=staff
    export ALTERNATE_MODE\=u+w,go-w,a+rX
    export ALTERNATE_OWNER\=antoniogrillo-balen
    export ALTERNATIVE_DISTRIBUTION_WEB\=NO
    export ALWAYS_EMBED_SWIFT_STANDARD_LIBRARIES\=NO
    export ALWAYS_SEARCH_USER_PATHS\=NO
    export ALWAYS_USE_SEPARATE_HEADERMAPS\=NO
    export APPLICATION_EXTENSION_API_ONLY\=NO
    export APPLY_RULES_IN_COPY_FILES\=NO
    export APPLY_RULES_IN_COPY_HEADERS\=NO
    export APP_SHORTCUTS_ENABLE_FLEXIBLE_MATCHING\=YES
    export ARCHS\=arm64
    export ARCHS_BASE\=arm64
    export ARCHS_STANDARD\=arm64\ x86_64
    export ARCHS_STANDARD_32_64_BIT\=arm64\ x86_64
    export ARCHS_STANDARD_64_BIT\=arm64\ x86_64
    export ARCHS_STANDARD_INCLUDING_64_BIT\=arm64\ x86_64
    export ARCHS_UNIVERSAL_IPHONE_OS\=arm64\ x86_64
    export ASSETCATALOG_COMPILER_APPICON_NAME\=AppIcon
    export ASSETCATALOG_COMPILER_GLOBAL_ACCENT_COLOR_NAME\=AccentColor
    export ASSETCATALOG_FILTER_FOR_DEVICE_MODEL\=iPhone16,2
    export ASSETCATALOG_FILTER_FOR_DEVICE_OS_VERSION\=26.4.1
    export ASSETCATALOG_FILTER_FOR_THINNING_DEVICE_CONFIGURATION\=iPhone16,2
    export AUTOMATICALLY_MERGE_DEPENDENCIES\=NO
    export AUTOMATION_APPLE_EVENTS\=NO
    export AVAILABLE_PLATFORMS\=android\ appletvos\ appletvsimulator\ driverkit\ freebsd\ iphoneos\ iphonesimulator\ linux\ macosx\ none\ openbsd\ qnx\ watchos\ watchsimulator\ webassembly\ xros\ xrsimulator
    export BUILD_ACTIVE_RESOURCES_ONLY\=YES
    export BUILD_COMPONENTS\=headers\ build
    export BUILD_DIR\=/Users/antoniogrillo-balen/Library/Developer/Xcode/DerivedData/risebysolis-gzfsziqwziaggpcbgdowmssiasmi/Build/Products
    export BUILD_LIBRARY_FOR_DISTRIBUTION\=NO
    export BUILD_ONLY_KNOWN_LOCALIZATIONS\=NO
    export BUILD_ROOT\=/Users/antoniogrillo-balen/Library/Developer/Xcode/DerivedData/risebysolis-gzfsziqwziaggpcbgdowmssiasmi/Build/Products
    export BUILD_STYLE\=
    export BUILD_VARIANTS\=normal
    export BUILT_PRODUCTS_DIR\=/Users/antoniogrillo-balen/Library/Developer/Xcode/DerivedData/risebysolis-gzfsziqwziaggpcbgdowmssiasmi/Build/Products/Debug-iphonesimulator/hermes-engine
    export BUNDLE_CONTENTS_FOLDER_PATH_deep\=Contents/
    export BUNDLE_EXECUTABLE_FOLDER_NAME_deep\=MacOS
    export BUNDLE_EXTENSIONS_FOLDER_PATH\=Extensions
    export BUNDLE_FORMAT\=shallow
    export BUNDLE_FRAMEWORKS_FOLDER_PATH\=Frameworks
    export BUNDLE_PLUGINS_FOLDER_PATH\=PlugIns
    export BUNDLE_PRIVATE_HEADERS_FOLDER_PATH\=PrivateHeaders
    export BUNDLE_PUBLIC_HEADERS_FOLDER_PATH\=Headers
    export CACHE_ROOT\=/var/folders/2z/jtlqylkx0c709j3xb7b0g4cm0000gn/C/com.apple.DeveloperTools/26.5-17F42/Xcode
    export CCHROOT\=/var/folders/2z/jtlqylkx0c709j3xb7b0g4cm0000gn/C/com.apple.DeveloperTools/26.5-17F42/Xcode
    export CHMOD\=/bin/chmod
    export CHOWN\=chown
    export CLANG_ANALYZER_LOCALIZABILITY_NONLOCALIZED\=YES
    export CLANG_ANALYZER_NONNULL\=YES
    export CLANG_ANALYZER_NUMBER_OBJECT_CONVERSION\=YES_AGGRESSIVE
    export CLANG_CACHE_FINE_GRAINED_OUTPUTS\=YES
    export CLANG_CXX_LANGUAGE_STANDARD\=c++20
    export CLANG_CXX_LIBRARY\=compiler-default
    export CLANG_ENABLE_EXPLICIT_MODULES\=YES
    export CLANG_ENABLE_MODULES\=YES
    export CLANG_ENABLE_OBJC_ARC\=YES
    export CLANG_ENABLE_OBJC_WEAK\=NO
    export CLANG_MODULES_BUILD_SESSION_FILE\=/Users/antoniogrillo-balen/Library/Developer/Xcode/DerivedData/ModuleCache.noindex/Session.modulevalidation
    export CLANG_WARN_BLOCK_CAPTURE_AUTORELEASING\=YES
    export CLANG_WARN_BOOL_CONVERSION\=YES
    export CLANG_WARN_COMMA\=YES
    export CLANG_WARN_CONSTANT_CONVERSION\=YES
    export CLANG_WARN_DEPRECATED_OBJC_IMPLEMENTATIONS\=YES
    export CLANG_WARN_DIRECT_OBJC_ISA_USAGE\=YES_ERROR
    export CLANG_WARN_DOCUMENTATION_COMMENTS\=YES
    export CLANG_WARN_EMPTY_BODY\=YES
    export CLANG_WARN_ENUM_CONVERSION\=YES
    export CLANG_WARN_INFINITE_RECURSION\=YES
    export CLANG_WARN_INT_CONVERSION\=YES
    export CLANG_WARN_NON_LITERAL_NULL_CONVERSION\=YES
    export CLANG_WARN_OBJC_IMPLICIT_RETAIN_SELF\=YES
    export CLANG_WARN_OBJC_LITERAL_CONVERSION\=YES
    export CLANG_WARN_OBJC_ROOT_CLASS\=YES_ERROR
    export CLANG_WARN_QUOTED_INCLUDE_IN_FRAMEWORK_HEADER\=NO
    export CLANG_WARN_RANGE_LOOP_ANALYSIS\=YES
    export CLANG_WARN_STRICT_PROTOTYPES\=YES
    export CLANG_WARN_SUSPICIOUS_MOVE\=YES
    export CLANG_WARN_UNGUARDED_AVAILABILITY\=YES_AGGRESSIVE
    export CLANG_WARN_UNREACHABLE_CODE\=YES
    export CLANG_WARN__DUPLICATE_METHOD_MATCH\=YES
    export CLASS_FILE_DIR\=/Users/antoniogrillo-balen/Library/Developer/Xcode/DerivedData/risebysolis-gzfsziqwziaggpcbgdowmssiasmi/Build/Intermediates.noindex/Pods.build/Debug-iphonesimulator/hermes-engine.build/JavaClasses
    export CLEAN_PRECOMPS\=YES
    export CLONE_HEADERS\=NO
    export CODESIGNING_FOLDER_PATH\=/Users/antoniogrillo-balen/Library/Developer/Xcode/DerivedData/risebysolis-gzfsziqwziaggpcbgdowmssiasmi/Build/Products/Debug-iphonesimulator/hermes-engine/
    export CODE_SIGNING_ALLOWED\=NO
    export CODE_SIGNING_REQUIRED\=YES
    export CODE_SIGN_CONTEXT_CLASS\=XCiPhoneSimulatorCodeSignContext
    export CODE_SIGN_IDENTITY\=-
    export CODE_SIGN_INJECT_BASE_ENTITLEMENTS\=YES
    export COLOR_DIAGNOSTICS\=NO
    export COMBINE_HIDPI_IMAGES\=NO
    export COMPILATION_CACHE_CAS_PATH\=/Users/antoniogrillo-balen/Library/Developer/Xcode/DerivedData/CompilationCache.noindex
    export COMPILATION_CACHE_KEEP_CAS_DIRECTORY\=YES
    export COMPILER_INDEX_STORE_ENABLE\=Default
    export COMPOSITE_SDK_DIRS\=/Users/antoniogrillo-balen/Library/Developer/Xcode/DerivedData/risebysolis-gzfsziqwziaggpcbgdowmssiasmi/Build/Intermediates.noindex/CompositeSDKs
    export COMPRESS_PNG_FILES\=YES
    export CONFIGURATION\=Debug
    export CONFIGURATION_BUILD_DIR\=/Users/antoniogrillo-balen/Library/Developer/Xcode/DerivedData/risebysolis-gzfsziqwziaggpcbgdowmssiasmi/Build/Products/Debug-iphonesimulator/hermes-engine
    export CONFIGURATION_TEMP_DIR\=/Users/antoniogrillo-balen/Library/Developer/Xcode/DerivedData/risebysolis-gzfsziqwziaggpcbgdowmssiasmi/Build/Intermediates.noindex/Pods.build/Debug-iphonesimulator
    export COPYING_PRESERVES_HFS_DATA\=NO
    export COPY_HEADERS_RUN_UNIFDEF\=NO
    export COPY_PHASE_STRIP\=NO
    export CORRESPONDING_DEVICE_PLATFORM_DIR\=/Applications/Xcode.app/Contents/Developer/Platforms/iPhoneOS.platform
    export CORRESPONDING_DEVICE_PLATFORM_NAME\=iphoneos
    export CORRESPONDING_DEVICE_SDK_DIR\=/Applications/Xcode.app/Contents/Developer/Platforms/iPhoneOS.platform/Developer/SDKs/iPhoneOS26.5.sdk
    export CORRESPONDING_DEVICE_SDK_NAME\=iphoneos26.5
    export CP\=/bin/cp
    export CREATE_INFOPLIST_SECTION_IN_BINARY\=NO
    export CURRENT_ARCH\=undefined_arch
    export CURRENT_VARIANT\=normal
    export DEAD_CODE_STRIPPING\=YES
    export DEBUGGING_SYMBOLS\=YES
    export DEBUG_INFORMATION_FORMAT\=dwarf
    export DEBUG_INFORMATION_VERSION\=compiler-default
    export DEFAULT_COMPILER\=com.apple.compilers.llvm.clang.1_0
    export DEFAULT_DEXT_INSTALL_PATH\=/System/Library/DriverExtensions
    export DEFAULT_KEXT_INSTALL_PATH\=/System/Library/Extensions
    export DEFINES_MODULE\=NO
    export DEPLOYMENT_LOCATION\=NO
    export DEPLOYMENT_POSTPROCESSING\=NO
    export DEPLOYMENT_TARGET_SETTING_NAME\=IPHONEOS_DEPLOYMENT_TARGET
    export DEPLOYMENT_TARGET_SUGGESTED_VALUES\=12.0\ 12.1\ 12.2\ 12.3\ 12.4\ 13.0\ 13.1\ 13.2\ 13.3\ 13.4\ 13.5\ 13.6\ 14.0\ 14.1\ 14.2\ 14.3\ 14.4\ 14.5\ 14.6\ 14.7\ 15.0\ 15.1\ 15.2\ 15.3\ 15.4\ 15.5\ 15.6\ 16.0\ 16.1\ 16.2\ 16.3\ 16.4\ 16.5\ 16.6\ 17.0\ 17.1\ 17.2\ 17.3\ 17.4\ 17.5\ 17.6\ 18.0\ 18.1\ 18.2\ 18.3\ 18.4\ 18.5\ 18.6\ 26.0\ 26.2\ 26.3\ 26.4\ 26.5
    export DERIVED_FILES_DIR\=/Users/antoniogrillo-balen/Library/Developer/Xcode/DerivedData/risebysolis-gzfsziqwziaggpcbgdowmssiasmi/Build/Intermediates.noindex/Pods.build/Debug-iphonesimulator/hermes-engine.build/DerivedSources
    export DERIVED_FILE_DIR\=/Users/antoniogrillo-balen/Library/Developer/Xcode/DerivedData/risebysolis-gzfsziqwziaggpcbgdowmssiasmi/Build/Intermediates.noindex/Pods.build/Debug-iphonesimulator/hermes-engine.build/DerivedSources
    export DERIVED_SOURCES_DIR\=/Users/antoniogrillo-balen/Library/Developer/Xcode/DerivedData/risebysolis-gzfsziqwziaggpcbgdowmssiasmi/Build/Intermediates.noindex/Pods.build/Debug-iphonesimulator/hermes-engine.build/DerivedSources
    export DEVELOPER_APPLICATIONS_DIR\=/Applications/Xcode.app/Contents/Developer/Applications
    export DEVELOPER_BIN_DIR\=/Applications/Xcode.app/Contents/Developer/usr/bin
    export DEVELOPER_DIR\=/Applications/Xcode.app/Contents/Developer
    export DEVELOPER_FRAMEWORKS_DIR\=/Applications/Xcode.app/Contents/Developer/Library/Frameworks
    export DEVELOPER_FRAMEWORKS_DIR_QUOTED\=/Applications/Xcode.app/Contents/Developer/Library/Frameworks
    export DEVELOPER_LIBRARY_DIR\=/Applications/Xcode.app/Contents/Developer/Library
    export DEVELOPER_SDK_DIR\=/Applications/Xcode.app/Contents/Developer/Platforms/MacOSX.platform/Developer/SDKs
    export DEVELOPER_TOOLS_DIR\=/Applications/Xcode.app/Contents/Developer/Tools
    export DEVELOPER_USR_DIR\=/Applications/Xcode.app/Contents/Developer/usr
    export DEVELOPMENT_LANGUAGE\=en
    export DIAGNOSE_MISSING_TARGET_DEPENDENCIES\=YES
    export DIFF\=/usr/bin/diff
    export DONT_GENERATE_INFOPLIST_FILE\=NO
    export DSTROOT\=/tmp/Pods.dst
    export DT_TOOLCHAIN_DIR\=/Applications/Xcode.app/Contents/Developer/Toolchains/XcodeDefault.xctoolchain
    export DUMP_DEPENDENCIES\=NO
    export DUMP_DEPENDENCIES_OUTPUT_PATH\=/Users/antoniogrillo-balen/Library/Developer/Xcode/DerivedData/risebysolis-gzfsziqwziaggpcbgdowmssiasmi/Build/Intermediates.noindex/Pods.build/Debug-iphonesimulator/hermes-engine.build/hermes-engine-BuildDependencyInfo.json
    export DWARF_DSYM_FILE_NAME\=.dSYM
    export DWARF_DSYM_FILE_SHOULD_ACCOMPANY_PRODUCT\=NO
    export DWARF_DSYM_FOLDER_PATH\=/Users/antoniogrillo-balen/Library/Developer/Xcode/DerivedData/risebysolis-gzfsziqwziaggpcbgdowmssiasmi/Build/Products/Debug-iphonesimulator/hermes-engine
    export DYNAMIC_LIBRARY_EXTENSION\=dylib
    export EAGER_COMPILATION_ALLOW_SCRIPTS\=NO
    export EAGER_LINKING\=NO
    export EFFECTIVE_PLATFORM_NAME\=-iphonesimulator
    export EFFECTIVE_SWIFT_VERSION\=5
    export EMBEDDED_CONTENT_CONTAINS_SWIFT\=NO
    export EMBED_ASSET_PACKS_IN_PRODUCT_BUNDLE\=NO
    export ENABLE_APP_SANDBOX\=NO
    export ENABLE_CODE_COVERAGE\=YES
    export ENABLE_COHORT_ARCHS\=NO
    export ENABLE_CPLUSPLUS_BOUNDS_SAFE_BUFFERS\=NO
    export ENABLE_C_BOUNDS_SAFETY\=NO
    export ENABLE_DEFAULT_HEADER_SEARCH_PATHS\=YES
    export ENABLE_DEFAULT_SEARCH_PATHS\=YES
    export ENABLE_ENHANCED_SECURITY\=NO
    export ENABLE_HARDENED_RUNTIME\=NO
    export ENABLE_HEADER_DEPENDENCIES\=YES
    export ENABLE_INCOMING_NETWORK_CONNECTIONS\=NO
    export ENABLE_ON_DEMAND_RESOURCES\=NO
    export ENABLE_OUTGOING_NETWORK_CONNECTIONS\=NO
    export ENABLE_POINTER_AUTHENTICATION\=NO
    export ENABLE_PREVIEWS\=NO
    export ENABLE_RESOURCE_ACCESS_AUDIO_INPUT\=NO
    export ENABLE_RESOURCE_ACCESS_BLUETOOTH\=NO
    export ENABLE_RESOURCE_ACCESS_CALENDARS\=NO
    export ENABLE_RESOURCE_ACCESS_CAMERA\=NO
    export ENABLE_RESOURCE_ACCESS_CONTACTS\=NO
    export ENABLE_RESOURCE_ACCESS_LOCATION\=NO
    export ENABLE_RESOURCE_ACCESS_PHOTO_LIBRARY\=NO
    export ENABLE_RESOURCE_ACCESS_PRINTING\=NO
    export ENABLE_RESOURCE_ACCESS_USB\=NO
    export ENABLE_SDK_IMPORTS\=NO
    export ENABLE_SECURITY_COMPILER_WARNINGS\=NO
    export ENABLE_STRICT_OBJC_MSGSEND\=YES
    export ENABLE_TESTABILITY\=YES
    export ENABLE_TESTING_SEARCH_PATHS\=NO
    export ENABLE_USER_SCRIPT_SANDBOXING\=NO
    export ENABLE_XOJIT_PREVIEWS\=YES
    export ENFORCE_VALID_ARCHS\=YES
    export ENTITLEMENTS_DESTINATION\=__entitlements
    export ENTITLEMENTS_REQUIRED\=YES
    export EXCLUDED_INSTALLSRC_SUBDIRECTORY_PATTERNS\=.DS_Store\ .svn\ .git\ .hg\ CVS
    export EXCLUDED_RECURSIVE_SEARCH_PATH_SUBDIRECTORIES\=\*.nib\ \*.lproj\ \*.framework\ \*.gch\ \*.xcode\*\ \*.xcassets\ \*.icon\ \(\*\)\ .DS_Store\ CVS\ .svn\ .git\ .hg\ \*.pbproj\ \*.pbxproj
    export FILE_LIST\=/Users/antoniogrillo-balen/Library/Developer/Xcode/DerivedData/risebysolis-gzfsziqwziaggpcbgdowmssiasmi/Build/Intermediates.noindex/Pods.build/Debug-iphonesimulator/hermes-engine.build/Objects/LinkFileList
    export FIXED_FILES_DIR\=/Users/antoniogrillo-balen/Library/Developer/Xcode/DerivedData/risebysolis-gzfsziqwziaggpcbgdowmssiasmi/Build/Intermediates.noindex/Pods.build/Debug-iphonesimulator/hermes-engine.build/FixedFiles
    export FRAMEWORK_SEARCH_PATHS\=\ \"/Users/antoniogrillo-balen/Desktop/Projects/RiseBuild/ios/Pods/hermes-engine/destroot/Library/Frameworks/universal\"\ \"/Users/antoniogrillo-balen/Library/Developer/Xcode/DerivedData/risebysolis-gzfsziqwziaggpcbgdowmssiasmi/Build/Products/Debug-iphonesimulator/XCFrameworkIntermediates/hermes-engine/Pre-built\"
    export FRAMEWORK_VERSION\=A
    export FUSE_BUILD_PHASES\=YES
    export FUSE_BUILD_SCRIPT_PHASES\=NO
    export GCC3_VERSION\=3.3
    export GCC_C_LANGUAGE_STANDARD\=gnu11
    export GCC_DYNAMIC_NO_PIC\=NO
    export GCC_NO_COMMON_BLOCKS\=YES
    export GCC_OBJC_LEGACY_DISPATCH\=YES
    export GCC_OPTIMIZATION_LEVEL\=0
    export GCC_PFE_FILE_C_DIALECTS\=c\ objective-c\ c++\ objective-c++
    export GCC_PREPROCESSOR_DEFINITIONS\=POD_CONFIGURATION_DEBUG\=1\ DEBUG\=1\ \ COCOAPODS\=1\ HERMES_ENABLE_DEBUGGER\=1
    export GCC_TREAT_WARNINGS_AS_ERRORS\=NO
    export GCC_VERSION\=com.apple.compilers.llvm.clang.1_0
    export GCC_VERSION_IDENTIFIER\=com_apple_compilers_llvm_clang_1_0
    export GCC_WARN_64_TO_32_BIT_CONVERSION\=YES
    export GCC_WARN_ABOUT_RETURN_TYPE\=YES_ERROR
    export GCC_WARN_UNDECLARED_SELECTOR\=YES
    export GCC_WARN_UNINITIALIZED_AUTOS\=YES_AGGRESSIVE
    export GCC_WARN_UNUSED_FUNCTION\=YES
    export GCC_WARN_UNUSED_VARIABLE\=YES
    export GENERATED_MODULEMAP_DIR\=/Users/antoniogrillo-balen/Library/Developer/Xcode/DerivedData/risebysolis-gzfsziqwziaggpcbgdowmssiasmi/Build/Intermediates.noindex/GeneratedModuleMaps-iphonesimulator
    export GENERATE_INFOPLIST_FILE\=NO
    export GENERATE_INTERMEDIATE_TEXT_BASED_STUBS\=YES
    export GENERATE_PKGINFO_FILE\=NO
    export GENERATE_PRELINK_OBJECT_FILE\=NO
    export GENERATE_PROFILING_CODE\=NO
    export GENERATE_TEXT_BASED_STUBS\=NO
    export GID\=20
    export GROUP\=staff
    export HEADERMAP_INCLUDES_FLAT_ENTRIES_FOR_TARGET_BEING_BUILT\=YES
    export HEADERMAP_INCLUDES_FRAMEWORK_ENTRIES_FOR_ALL_PRODUCT_TYPES\=YES
    export HEADERMAP_INCLUDES_FRAMEWORK_ENTRIES_FOR_TARGETS_NOT_BEING_BUILT\=YES
    export HEADERMAP_INCLUDES_NONPUBLIC_NONPRIVATE_HEADERS\=YES
    export HEADERMAP_INCLUDES_PROJECT_HEADERS\=YES
    export HEADERMAP_USES_FRAMEWORK_PREFIX_ENTRIES\=YES
    export HEADERMAP_USES_VFS\=NO
    export HEADER_SEARCH_PATHS\=\ /Users/antoniogrillo-balen/Library/Developer/Xcode/DerivedData/risebysolis-gzfsziqwziaggpcbgdowmssiasmi/Build/Products/Debug-iphonesimulator/ReactCommon/ReactCommon.framework/Headers\ /Users/antoniogrillo-balen/Library/Developer/Xcode/DerivedData/risebysolis-gzfsziqwziaggpcbgdowmssiasmi/Build/Products/Debug-iphonesimulator/ReactCommon/ReactCommon.framework/Headers/react/nativemodule/core\ /Users/antoniogrillo-balen/Library/Developer/Xcode/DerivedData/risebysolis-gzfsziqwziaggpcbgdowmssiasmi/Build/Products/Debug-iphonesimulator/ReactCommon-Samples/ReactCommon_Samples.framework/Headers\ /Users/antoniogrillo-balen/Library/Developer/Xcode/DerivedData/risebysolis-gzfsziqwziaggpcbgdowmssiasmi/Build/Products/Debug-iphonesimulator/ReactCommon-Samples/ReactCommon_Samples.framework/Headers/platform/ios\ /Users/antoniogrillo-balen/Library/Developer/Xcode/DerivedData/risebysolis-gzfsziqwziaggpcbgdowmssiasmi/Build/Products/Debug-iphonesimulator/React-Fabric/React_Fabric.framework/Headers/react/renderer/components/view/platform/cxx\ /Users/antoniogrillo-balen/Library/Developer/Xcode/DerivedData/risebysolis-gzfsziqwziaggpcbgdowmssiasmi/Build/Products/Debug-iphonesimulator/React-NativeModulesApple/React_NativeModulesApple.framework/Headers\ /Users/antoniogrillo-balen/Library/Developer/Xcode/DerivedData/risebysolis-gzfsziqwziaggpcbgdowmssiasmi/Build/Products/Debug-iphonesimulator/React-graphics/React_graphics.framework/Headers\ /Users/antoniogrillo-balen/Library/Developer/Xcode/DerivedData/risebysolis-gzfsziqwziaggpcbgdowmssiasmi/Build/Products/Debug-iphonesimulator/React-graphics/React_graphics.framework/Headers/react/renderer/graphics/platform/ios\ \"/Users/antoniogrillo-balen/Desktop/Projects/RiseBuild/ios/Pods/Headers/Private\"\ \"/Users/antoniogrillo-balen/Desktop/Projects/RiseBuild/ios/Pods/Headers/Private/hermes-engine\"\ \"/Users/antoniogrillo-balen/Desktop/Projects/RiseBuild/ios/Pods/Headers/Public\"\ \"/Users/antoniogrillo-balen/Desktop/Projects/RiseBuild/ios/Pods/Headers/Public/hermes-engine\"
    export HOME\=/Users/antoniogrillo-balen
    export HOST_ARCH\=arm64
    export HOST_PLATFORM\=macosx
    export ICONV\=/usr/bin/iconv
    export IMPLICIT_DEPENDENCY_DOMAIN\=default
    export INDEX_STORE_COMPRESS\=NO
    export INDEX_STORE_ONLY_PROJECT_FILES\=NO
    export INFOPLIST_ENABLE_CFBUNDLEICONS_MERGE\=YES
    export INFOPLIST_EXPAND_BUILD_SETTINGS\=YES
    export INFOPLIST_OUTPUT_FORMAT\=binary
    export INFOPLIST_PREPROCESS\=NO
    export INLINE_PRIVATE_FRAMEWORKS\=NO
    export INSTALLAPI_IGNORE_SKIP_INSTALL\=YES
    export INSTALLHDRS_COPY_PHASE\=NO
    export INSTALLHDRS_SCRIPT_PHASE\=NO
    export INSTALL_DIR\=/tmp/Pods.dst
    export INSTALL_GROUP\=staff
    export INSTALL_MODE_FLAG\=u+w,go-w,a+rX
    export INSTALL_OWNER\=antoniogrillo-balen
    export INSTALL_ROOT\=/tmp/Pods.dst
    export IPHONEOS_DEPLOYMENT_TARGET\=15.1
    export IS_UNOPTIMIZED_BUILD\=YES
    export JAVAC_DEFAULT_FLAGS\=-J-Xms64m\ -J-XX:NewSize\=4M\ -J-Dfile.encoding\=UTF8
    export JAVA_APP_STUB\=/System/Library/Frameworks/JavaVM.framework/Resources/MacOS/JavaApplicationStub
    export JAVA_ARCHIVE_CLASSES\=YES
    export JAVA_ARCHIVE_TYPE\=JAR
    export JAVA_COMPILER\=/usr/bin/javac
    export JAVA_FRAMEWORK_RESOURCES_DIRS\=Resources
    export JAVA_JAR_FLAGS\=cv
    export JAVA_SOURCE_SUBDIR\=.
    export JAVA_USE_DEPENDENCIES\=YES
    export JAVA_ZIP_FLAGS\=-urg
    export JIKES_DEFAULT_FLAGS\=+E\ +OLDCSO
    export KEEP_PRIVATE_EXTERNS\=NO
    export LD_DEPENDENCY_INFO_FILE\=/Users/antoniogrillo-balen/Library/Developer/Xcode/DerivedData/risebysolis-gzfsziqwziaggpcbgdowmssiasmi/Build/Intermediates.noindex/Pods.build/Debug-iphonesimulator/hermes-engine.build/Objects-normal/undefined_arch/hermes-engine_dependency_info.dat
    export LD_EXPORT_SYMBOLS\=YES
    export LD_GENERATE_MAP_FILE\=NO
    export LD_MAP_FILE_PATH\=/Users/antoniogrillo-balen/Library/Developer/Xcode/DerivedData/risebysolis-gzfsziqwziaggpcbgdowmssiasmi/Build/Intermediates.noindex/Pods.build/Debug-iphonesimulator/hermes-engine.build/hermes-engine-LinkMap-normal-undefined_arch.txt
    export LD_NO_PIE\=NO
    export LD_QUOTE_LINKER_ARGUMENTS_FOR_COMPILER_DRIVER\=YES
    export LD_RUNPATH_SEARCH_PATHS\=\ @executable_path/Frameworks
    export LD_SHARED_CACHE_ELIGIBLE\=Automatic
    export LD_WARN_DUPLICATE_LIBRARIES\=NO
    export LD_WARN_UNUSED_DYLIBS\=NO
    export LEGACY_DEVELOPER_DIR\=/Applications/Xcode.app/Contents/PlugIns/Xcode3Core.ideplugin/Contents/SharedSupport/Developer
    export LEX\=lex
    export LIBRARY_DEXT_INSTALL_PATH\=/Library/DriverExtensions
    export LIBRARY_FLAG_NOSPACE\=YES
    export LIBRARY_KEXT_INSTALL_PATH\=/Library/Extensions
    export LINKER_DISPLAYS_MANGLED_NAMES\=NO
    export LINK_FILE_LIST_normal_arm64\=/Users/antoniogrillo-balen/Library/Developer/Xcode/DerivedData/risebysolis-gzfsziqwziaggpcbgdowmssiasmi/Build/Intermediates.noindex/Pods.build/Debug-iphonesimulator/hermes-engine.build/Objects-normal/arm64/hermes-engine.LinkFileList
    export LINK_OBJC_RUNTIME\=YES
    export LINK_WITH_STANDARD_LIBRARIES\=YES
    export LLVM_TARGET_TRIPLE_OS_VERSION\=ios15.1
    export LLVM_TARGET_TRIPLE_SUFFIX\=-simulator
    export LLVM_TARGET_TRIPLE_VENDOR\=apple
    export LM_AUX_CONST_METADATA_LIST_PATH_normal_arm64\=/Users/antoniogrillo-balen/Library/Developer/Xcode/DerivedData/risebysolis-gzfsziqwziaggpcbgdowmssiasmi/Build/Intermediates.noindex/Pods.build/Debug-iphonesimulator/hermes-engine.build/Objects-normal/arm64/hermes-engine.SwiftConstValuesFileList
    export LOCALIZATION_EXPORT_SUPPORTED\=YES
    export LOCALIZATION_PREFERS_STRING_CATALOGS\=NO
    export LOCALIZED_STRING_CODE_COMMENTS\=NO
    export LOCALIZED_STRING_MACRO_NAMES\=NSLocalizedString\ CFCopyLocalizedString
    export LOCALIZED_STRING_SWIFTUI_SUPPORT\=YES
    export LOCAL_ADMIN_APPS_DIR\=/Applications/Utilities
    export LOCAL_APPS_DIR\=/Applications
    export LOCAL_DEVELOPER_DIR\=/Library/Developer
    export LOCAL_LIBRARY_DIR\=/Library
    export LOCROOT\=/Users/antoniogrillo-balen/Desktop/Projects/RiseBuild/ios/Pods
    export LOCSYMROOT\=/Users/antoniogrillo-balen/Desktop/Projects/RiseBuild/ios/Pods
    export MAC_OS_X_PRODUCT_BUILD_VERSION\=25E253
    export MAC_OS_X_VERSION_ACTUAL\=260401
    export MAC_OS_X_VERSION_MAJOR\=260000
    export MAC_OS_X_VERSION_MINOR\=260400
    export MAKE_MERGEABLE\=NO
    export MERGEABLE_LIBRARY\=NO
    export MERGED_BINARY_TYPE\=none
    export MERGE_LINKED_LIBRARIES\=NO
    export METAL_LIBRARY_FILE_BASE\=default
    export METAL_LIBRARY_OUTPUT_DIR\=/Users/antoniogrillo-balen/Library/Developer/Xcode/DerivedData/risebysolis-gzfsziqwziaggpcbgdowmssiasmi/Build/Products/Debug-iphonesimulator/hermes-engine/
    export MODULE_CACHE_DIR\=/Users/antoniogrillo-balen/Library/Developer/Xcode/DerivedData/ModuleCache.noindex
    export MTL_ENABLE_DEBUG_INFO\=INCLUDE_SOURCE
    export MTL_FAST_MATH\=YES
    export NATIVE_ARCH\=arm64
    export NATIVE_ARCH_32_BIT\=arm
    export NATIVE_ARCH_64_BIT\=arm64
    export NATIVE_ARCH_ACTUAL\=arm64
    export NO_COMMON\=YES
    export OBJC_ABI_VERSION\=2
    export OBJECT_FILE_DIR\=/Users/antoniogrillo-balen/Library/Developer/Xcode/DerivedData/risebysolis-gzfsziqwziaggpcbgdowmssiasmi/Build/Intermediates.noindex/Pods.build/Debug-iphonesimulator/hermes-engine.build/Objects
    export OBJECT_FILE_DIR_normal\=/Users/antoniogrillo-balen/Library/Developer/Xcode/DerivedData/risebysolis-gzfsziqwziaggpcbgdowmssiasmi/Build/Intermediates.noindex/Pods.build/Debug-iphonesimulator/hermes-engine.build/Objects-normal
    export OBJROOT\=/Users/antoniogrillo-balen/Library/Developer/Xcode/DerivedData/risebysolis-gzfsziqwziaggpcbgdowmssiasmi/Build/Intermediates.noindex
    export ONLY_ACTIVE_ARCH\=YES
    export OS\=MACOS
    export OSAC\=/usr/bin/osacompile
    export OTHER_LDFLAGS\=\ \ 
    export PASCAL_STRINGS\=YES
    export PATH\=/Applications/Xcode.app/Contents/SharedFrameworks/SwiftBuild.framework/Versions/A/PlugIns/SWBBuildService.bundle/Contents/PlugIns/SWBUniversalPlatformPlugin.bundle/Contents/Frameworks/SWBUniversalPlatform.framework/Resources:/Applications/Xcode.app/Contents/Developer/Toolchains/XcodeDefault.xctoolchain/usr/bin:/Applications/Xcode.app/Contents/Developer/Toolchains/XcodeDefault.xctoolchain/usr/local/bin:/Applications/Xcode.app/Contents/Developer/Toolchains/XcodeDefault.xctoolchain/usr/libexec:/Applications/Xcode.app/Contents/Developer/Platforms/iPhoneSimulator.platform/usr/bin:/Applications/Xcode.app/Contents/Developer/Platforms/iPhoneSimulator.platform/usr/local/bin:/Applications/Xcode.app/Contents/Developer/Platforms/iPhoneSimulator.platform/Developer/usr/bin:/Applications/Xcode.app/Contents/Developer/Platforms/iPhoneSimulator.platform/Developer/usr/local/bin:/Applications/Xcode.app/Contents/Developer/usr/bin:/Applications/Xcode.app/Contents/Developer/usr/local/bin:/opt/homebrew/opt/ruby/bin:/opt/homebrew/lib/ruby/gems/4.0.0/bin:/opt/homebrew/bin:/opt/homebrew/sbin:/Users/antoniogrillo-balen/.nvm/versions/node/v24.14.1/bin:/Library/Frameworks/Python.framework/Versions/3.14/bin:/usr/local/bin:/System/Cryptexes/App/usr/bin:/usr/bin:/bin:/usr/sbin:/sbin:/var/run/com.apple.security.cryptexd/codex.system/bootstrap/usr/local/bin:/var/run/com.apple.security.cryptexd/codex.system/bootstrap/usr/bin:/var/run/com.apple.security.cryptexd/codex.system/bootstrap/usr/appleinternal/bin:/opt/pkg/env/active/bin:/opt/pmk/env/global/bin:/Library/Apple/usr/bin:/Applications/VMware\ Fusion.app/Contents/Public:/Users/antoniogrillo-balen/.cargo/bin:/Users/antoniogrillo-balen/.cache/plugins/.install-staging/25283474a0e0d4a060cb0e915c1ec54e3d41ef2e/cursor/repo/bin:/Users/antoniogrillo-balen/.claude/plugins/cache/claude-plugins-official/superpowers/5.1.0/bin:/Users/antoniogrillo-balen/.claude/plugins/cache/claude-plugins-official/frontend-design/unknown/bin:/Users/antoniogrillo-balen/.claude/plugins/cache/claude-plugins-official/code-simplifier/1.0.0/bin:/Users/antoniogrillo-balen/.claude/plugins/cache/claude-plugins-official/security-guidance/unknown/bin:/Users/antoniogrillo-balen/.claude/plugins/cache/thedotmack/claude-mem/12.1.1/bin
    export PATH_PREFIXES_EXCLUDED_FROM_HEADER_DEPENDENCIES\=/usr/include\ /usr/local/include\ /System/Library/Frameworks\ /System/Library/PrivateFrameworks\ /Applications/Xcode.app/Contents/Developer/Headers\ /Applications/Xcode.app/Contents/Developer/SDKs\ /Applications/Xcode.app/Contents/Developer/Platforms
    export PER_ARCH_MODULE_FILE_DIR\=/Users/antoniogrillo-balen/Library/Developer/Xcode/DerivedData/risebysolis-gzfsziqwziaggpcbgdowmssiasmi/Build/Intermediates.noindex/Pods.build/Debug-iphonesimulator/hermes-engine.build/Objects-normal/undefined_arch
    export PER_ARCH_OBJECT_FILE_DIR\=/Users/antoniogrillo-balen/Library/Developer/Xcode/DerivedData/risebysolis-gzfsziqwziaggpcbgdowmssiasmi/Build/Intermediates.noindex/Pods.build/Debug-iphonesimulator/hermes-engine.build/Objects-normal/undefined_arch
    export PER_VARIANT_OBJECT_FILE_DIR\=/Users/antoniogrillo-balen/Library/Developer/Xcode/DerivedData/risebysolis-gzfsziqwziaggpcbgdowmssiasmi/Build/Intermediates.noindex/Pods.build/Debug-iphonesimulator/hermes-engine.build/Objects-normal
    export PKGINFO_FILE_PATH\=/Users/antoniogrillo-balen/Library/Developer/Xcode/DerivedData/risebysolis-gzfsziqwziaggpcbgdowmssiasmi/Build/Intermediates.noindex/Pods.build/Debug-iphonesimulator/hermes-engine.build/PkgInfo
    export PLATFORM_DEVELOPER_APPLICATIONS_DIR\=/Applications/Xcode.app/Contents/Developer/Platforms/iPhoneSimulator.platform/Developer/Applications
    export PLATFORM_DEVELOPER_BIN_DIR\=/Applications/Xcode.app/Contents/Developer/Platforms/iPhoneSimulator.platform/Developer/usr/bin
    export PLATFORM_DEVELOPER_LIBRARY_DIR\=/Applications/Xcode.app/Contents/Developer/Platforms/iPhoneSimulator.platform/Developer/Library
    export PLATFORM_DEVELOPER_SDK_DIR\=/Applications/Xcode.app/Contents/Developer/Platforms/iPhoneSimulator.platform/Developer/SDKs
    export PLATFORM_DEVELOPER_TOOLS_DIR\=/Applications/Xcode.app/Contents/Developer/Platforms/iPhoneSimulator.platform/Developer/Tools
    export PLATFORM_DEVELOPER_USR_DIR\=/Applications/Xcode.app/Contents/Developer/Platforms/iPhoneSimulator.platform/Developer/usr
    export PLATFORM_DIR\=/Applications/Xcode.app/Contents/Developer/Platforms/iPhoneSimulator.platform
    export PLATFORM_DISPLAY_NAME\=iOS\ Simulator
    export PLATFORM_FAMILY_NAME\=iOS
    export PLATFORM_NAME\=iphonesimulator
    export PLATFORM_PREFERRED_ARCH\=x86_64
    export PLATFORM_PRODUCT_BUILD_VERSION\=23F73
    export PLATFORM_REQUIRES_SWIFT_AUTOLINK_EXTRACT\=NO
    export PLATFORM_REQUIRES_SWIFT_MODULEWRAP\=NO
    export PLATFORM_USES_DSYMS\=YES
    export PLIST_FILE_OUTPUT_FORMAT\=binary
    export PODS_BUILD_DIR\=/Users/antoniogrillo-balen/Library/Developer/Xcode/DerivedData/risebysolis-gzfsziqwziaggpcbgdowmssiasmi/Build/Products
    export PODS_CONFIGURATION_BUILD_DIR\=/Users/antoniogrillo-balen/Library/Developer/Xcode/DerivedData/risebysolis-gzfsziqwziaggpcbgdowmssiasmi/Build/Products/Debug-iphonesimulator
    export PODS_DEVELOPMENT_LANGUAGE\=en
    export PODS_ROOT\=/Users/antoniogrillo-balen/Desktop/Projects/RiseBuild/ios/Pods
    export PODS_TARGET_SRCROOT\=/Users/antoniogrillo-balen/Desktop/Projects/RiseBuild/ios/Pods/hermes-engine
    export PODS_XCFRAMEWORKS_BUILD_DIR\=/Users/antoniogrillo-balen/Library/Developer/Xcode/DerivedData/risebysolis-gzfsziqwziaggpcbgdowmssiasmi/Build/Products/Debug-iphonesimulator/XCFrameworkIntermediates
    export PRECOMPS_INCLUDE_HEADERS_FROM_BUILT_PRODUCTS_DIR\=YES
    export PRECOMP_DESTINATION_DIR\=/Users/antoniogrillo-balen/Library/Developer/Xcode/DerivedData/risebysolis-gzfsziqwziaggpcbgdowmssiasmi/Build/Intermediates.noindex/Pods.build/Debug-iphonesimulator/hermes-engine.build/PrefixHeaders
    export PROCESSED_INFOPLIST_PATH\=/Users/antoniogrillo-balen/Library/Developer/Xcode/DerivedData/risebysolis-gzfsziqwziaggpcbgdowmssiasmi/Build/Intermediates.noindex/Pods.build/Debug-iphonesimulator/hermes-engine.build/Objects-normal/undefined_arch/Processed-Info.plist
    export PRODUCT_BUNDLE_IDENTIFIER\=org.cocoapods.hermes-engine
    export PRODUCT_MODULE_NAME\=hermes_engine
    export PRODUCT_NAME\=hermes-engine
    export PRODUCT_SETTINGS_PATH\=
    export PROFILING_CODE\=NO
    export PROJECT\=Pods
    export PROJECT_DERIVED_FILE_DIR\=/Users/antoniogrillo-balen/Library/Developer/Xcode/DerivedData/risebysolis-gzfsziqwziaggpcbgdowmssiasmi/Build/Intermediates.noindex/Pods.build/DerivedSources
    export PROJECT_DIR\=/Users/antoniogrillo-balen/Desktop/Projects/RiseBuild/ios/Pods
    export PROJECT_FILE_PATH\=/Users/antoniogrillo-balen/Desktop/Projects/RiseBuild/ios/Pods/Pods.xcodeproj
    export PROJECT_GUID\=8699adb1dd336b26511df848a716bd42
    export PROJECT_NAME\=Pods
    export PROJECT_TEMP_DIR\=/Users/antoniogrillo-balen/Library/Developer/Xcode/DerivedData/risebysolis-gzfsziqwziaggpcbgdowmssiasmi/Build/Intermediates.noindex/Pods.build
    export PROJECT_TEMP_ROOT\=/Users/antoniogrillo-balen/Library/Developer/Xcode/DerivedData/risebysolis-gzfsziqwziaggpcbgdowmssiasmi/Build/Intermediates.noindex
    export REACT_NATIVE_PATH\=/Users/antoniogrillo-balen/Desktop/Projects/RiseBuild/ios/Pods/../../node_modules/react-native
    export RECOMMENDED_IPHONEOS_DEPLOYMENT_TARGET\=15.0
    export RECURSIVE_SEARCH_PATHS_FOLLOW_SYMLINKS\=YES
    export REMOVE_CVS_FROM_RESOURCES\=YES
    export REMOVE_GIT_FROM_RESOURCES\=YES
    export REMOVE_HEADERS_FROM_EMBEDDED_BUNDLES\=YES
    export REMOVE_HG_FROM_RESOURCES\=YES
    export REMOVE_STATIC_EXECUTABLES_FROM_EMBEDDED_BUNDLES\=YES
    export REMOVE_SVN_FROM_RESOURCES\=YES
    export RESCHEDULE_INDEPENDENT_HEADERS_PHASES\=YES
    export REZ_COLLECTOR_DIR\=/Users/antoniogrillo-balen/Library/Developer/Xcode/DerivedData/risebysolis-gzfsziqwziaggpcbgdowmssiasmi/Build/Intermediates.noindex/Pods.build/Debug-iphonesimulator/hermes-engine.build/ResourceManagerResources
    export REZ_OBJECTS_DIR\=/Users/antoniogrillo-balen/Library/Developer/Xcode/DerivedData/risebysolis-gzfsziqwziaggpcbgdowmssiasmi/Build/Intermediates.noindex/Pods.build/Debug-iphonesimulator/hermes-engine.build/ResourceManagerResources/Objects
    export RPATH_ORIGIN\=@loader_path
    export RUNTIME_EXCEPTION_ALLOW_DYLD_ENVIRONMENT_VARIABLES\=NO
    export RUNTIME_EXCEPTION_ALLOW_JIT\=NO
    export RUNTIME_EXCEPTION_ALLOW_UNSIGNED_EXECUTABLE_MEMORY\=NO
    export RUNTIME_EXCEPTION_DEBUGGING_TOOL\=NO
    export RUNTIME_EXCEPTION_DISABLE_EXECUTABLE_PAGE_PROTECTION\=NO
    export RUNTIME_EXCEPTION_DISABLE_LIBRARY_VALIDATION\=NO
    export SCANNING_PCM_KEEP_CACHE_DIRECTORY\=YES
    export SCAN_ALL_SOURCE_FILES_FOR_INCLUDES\=NO
    export SCRIPT_INPUT_FILE_COUNT\=0
    export SCRIPT_INPUT_FILE_LIST_COUNT\=0
    export SCRIPT_OUTPUT_FILE_COUNT\=0
    export SCRIPT_OUTPUT_FILE_LIST_COUNT\=0
    export SDKROOT\=/Applications/Xcode.app/Contents/Developer/Platforms/iPhoneSimulator.platform/Developer/SDKs/iPhoneSimulator26.5.sdk
    export SDK_DIR\=/Applications/Xcode.app/Contents/Developer/Platforms/iPhoneSimulator.platform/Developer/SDKs/iPhoneSimulator26.5.sdk
    export SDK_DIR_iphonesimulator\=/Applications/Xcode.app/Contents/Developer/Platforms/iPhoneSimulator.platform/Developer/SDKs/iPhoneSimulator26.5.sdk
    export SDK_DIR_iphonesimulator26_5\=/Applications/Xcode.app/Contents/Developer/Platforms/iPhoneSimulator.platform/Developer/SDKs/iPhoneSimulator26.5.sdk
    export SDK_NAME\=iphonesimulator26.5
    export SDK_NAMES\=iphonesimulator26.5
    export SDK_PRODUCT_BUILD_VERSION\=23F73
    export SDK_STAT_CACHE_DIR\=/Users/antoniogrillo-balen/Library/Developer/Xcode/DerivedData
    export SDK_STAT_CACHE_ENABLE\=YES
    export SDK_STAT_CACHE_PATH\=/Users/antoniogrillo-balen/Library/Developer/Xcode/DerivedData/SDKStatCaches.noindex/iphonesimulator26.5-23F73-6cfe768891a92b912361537c460fe42b.sdkstatcache
    export SDK_VERSION\=26.5
    export SDK_VERSION_ACTUAL\=260500
    export SDK_VERSION_MAJOR\=260000
    export SDK_VERSION_MINOR\=260500
    export SED\=/usr/bin/sed
    export SEPARATE_STRIP\=NO
    export SEPARATE_SYMBOL_EDIT\=NO
    export SET_DIR_MODE_OWNER_GROUP\=YES
    export SET_FILE_MODE_OWNER_GROUP\=NO
    export SHALLOW_BUNDLE\=NO
    export SHARED_DERIVED_FILE_DIR\=/Users/antoniogrillo-balen/Library/Developer/Xcode/DerivedData/risebysolis-gzfsziqwziaggpcbgdowmssiasmi/Build/Products/Debug-iphonesimulator/hermes-engine/DerivedSources
    export SHARED_PRECOMPS_DIR\=/Users/antoniogrillo-balen/Library/Developer/Xcode/DerivedData/risebysolis-gzfsziqwziaggpcbgdowmssiasmi/Build/Intermediates.noindex/PrecompiledHeaders
    export SKIP_INSTALL\=YES
    export SKIP_MERGEABLE_LIBRARY_BUNDLE_HOOK\=NO
    export SOURCE_ROOT\=/Users/antoniogrillo-balen/Desktop/Projects/RiseBuild/ios/Pods
    export SRCROOT\=/Users/antoniogrillo-balen/Desktop/Projects/RiseBuild/ios/Pods
    export STRINGSDATA_DIR\=/Users/antoniogrillo-balen/Library/Developer/Xcode/DerivedData/risebysolis-gzfsziqwziaggpcbgdowmssiasmi/Build/Intermediates.noindex/Pods.build/Debug-iphonesimulator/hermes-engine.build/Objects-normal/undefined_arch
    export STRINGSDATA_ROOT\=/Users/antoniogrillo-balen/Library/Developer/Xcode/DerivedData/risebysolis-gzfsziqwziaggpcbgdowmssiasmi/Build/Intermediates.noindex/Pods.build/Debug-iphonesimulator/hermes-engine.build
    export STRINGS_FILE_INFOPLIST_RENAME\=YES
    export STRINGS_FILE_OUTPUT_ENCODING\=binary
    export STRING_CATALOG_GENERATE_SYMBOLS\=NO
    export STRIP_BITCODE_FROM_COPIED_FILES\=NO
    export STRIP_INSTALLED_PRODUCT\=NO
    export STRIP_STYLE\=all
    export STRIP_SWIFT_SYMBOLS\=YES
    export SUPPORTED_DEVICE_FAMILIES\=1,2
    export SUPPORTED_PLATFORMS\=iphoneos\ iphonesimulator
    export SUPPORTS_TEXT_BASED_API\=NO
    export SUPPRESS_WARNINGS\=NO
    export SWIFT_ACTIVE_COMPILATION_CONDITIONS\=\ DEBUG
    export SWIFT_EMIT_CONST_VALUE_PROTOCOLS\=AnyResolverProviding\ AppEntity\ AppEnum\ AppExtension\ AppIntent\ AppIntentsPackage\ AppShortcutProviding\ AppShortcutsProvider\ AppUnionValue\ AppUnionValueCasesProviding\ DynamicOptionsProvider\ EntityQuery\ ExtensionPointDefining\ IntentValueQuery\ Resolver\ TransientEntity\ _AssistantIntentsProvider\ _GenerativeFunctionExtractable\ _IntentValueRepresentable
    export SWIFT_EMIT_LOC_STRINGS\=NO
    export SWIFT_ENABLE_EXPLICIT_MODULES\=YES
    export SWIFT_OPTIMIZATION_LEVEL\=-Onone
    export SWIFT_PLATFORM_TARGET_PREFIX\=ios
    export SWIFT_RESPONSE_FILE_PATH_normal_arm64\=/Users/antoniogrillo-balen/Library/Developer/Xcode/DerivedData/risebysolis-gzfsziqwziaggpcbgdowmssiasmi/Build/Intermediates.noindex/Pods.build/Debug-iphonesimulator/hermes-engine.build/Objects-normal/arm64/hermes-engine.SwiftFileList
    export SWIFT_VERSION\=5.0
    export SYMROOT\=/Users/antoniogrillo-balen/Library/Developer/Xcode/DerivedData/risebysolis-gzfsziqwziaggpcbgdowmssiasmi/Build/Products
    export SYSTEM_ADMIN_APPS_DIR\=/Applications/Utilities
    export SYSTEM_APPS_DIR\=/Applications
    export SYSTEM_CORE_SERVICES_DIR\=/System/Library/CoreServices
    export SYSTEM_DEMOS_DIR\=/Applications/Extras
    export SYSTEM_DEVELOPER_APPS_DIR\=/Applications/Xcode.app/Contents/Developer/Applications
    export SYSTEM_DEVELOPER_BIN_DIR\=/Applications/Xcode.app/Contents/Developer/usr/bin
    export SYSTEM_DEVELOPER_DEMOS_DIR\=/Applications/Xcode.app/Contents/Developer/Applications/Utilities/Built\ Examples
    export SYSTEM_DEVELOPER_DIR\=/Applications/Xcode.app/Contents/Developer
    export SYSTEM_DEVELOPER_DOC_DIR\=/Applications/Xcode.app/Contents/Developer/ADC\ Reference\ Library
    export SYSTEM_DEVELOPER_GRAPHICS_TOOLS_DIR\=/Applications/Xcode.app/Contents/Developer/Applications/Graphics\ Tools
    export SYSTEM_DEVELOPER_JAVA_TOOLS_DIR\=/Applications/Xcode.app/Contents/Developer/Applications/Java\ Tools
    export SYSTEM_DEVELOPER_PERFORMANCE_TOOLS_DIR\=/Applications/Xcode.app/Contents/Developer/Applications/Performance\ Tools
    export SYSTEM_DEVELOPER_RELEASENOTES_DIR\=/Applications/Xcode.app/Contents/Developer/ADC\ Reference\ Library/releasenotes
    export SYSTEM_DEVELOPER_TOOLS\=/Applications/Xcode.app/Contents/Developer/Tools
    export SYSTEM_DEVELOPER_TOOLS_DOC_DIR\=/Applications/Xcode.app/Contents/Developer/ADC\ Reference\ Library/documentation/DeveloperTools
    export SYSTEM_DEVELOPER_TOOLS_RELEASENOTES_DIR\=/Applications/Xcode.app/Contents/Developer/ADC\ Reference\ Library/releasenotes/DeveloperTools
    export SYSTEM_DEVELOPER_USR_DIR\=/Applications/Xcode.app/Contents/Developer/usr
    export SYSTEM_DEVELOPER_UTILITIES_DIR\=/Applications/Xcode.app/Contents/Developer/Applications/Utilities
    export SYSTEM_DEXT_INSTALL_PATH\=/System/Library/DriverExtensions
    export SYSTEM_DOCUMENTATION_DIR\=/Library/Documentation
    export SYSTEM_KEXT_INSTALL_PATH\=/System/Library/Extensions
    export SYSTEM_LIBRARY_DIR\=/System/Library
    export TAPI_DEMANGLE\=YES
    export TAPI_ENABLE_PROJECT_HEADERS\=NO
    export TAPI_LANGUAGE\=objective-c
    export TAPI_LANGUAGE_STANDARD\=compiler-default
    export TAPI_USE_SRCROOT\=YES
    export TAPI_VERIFY_MODE\=Pedantic
    export TARGETED_DEVICE_FAMILY\=1,2
    export TARGETNAME\=hermes-engine
    export TARGET_BUILD_DIR\=/Users/antoniogrillo-balen/Library/Developer/Xcode/DerivedData/risebysolis-gzfsziqwziaggpcbgdowmssiasmi/Build/Products/Debug-iphonesimulator/hermes-engine
    export TARGET_DEVICE_IDENTIFIER\=0C333F8A-4681-4475-855E-6FFD70F12533
    export TARGET_DEVICE_MODEL\=iPhone16,2
    export TARGET_DEVICE_OS_VERSION\=26.4.1
    export TARGET_DEVICE_PLATFORM_NAME\=iphonesimulator
    export TARGET_NAME\=hermes-engine
    export TARGET_TEMP_DIR\=/Users/antoniogrillo-balen/Library/Developer/Xcode/DerivedData/risebysolis-gzfsziqwziaggpcbgdowmssiasmi/Build/Intermediates.noindex/Pods.build/Debug-iphonesimulator/hermes-engine.build
    export TEMP_DIR\=/Users/antoniogrillo-balen/Library/Developer/Xcode/DerivedData/risebysolis-gzfsziqwziaggpcbgdowmssiasmi/Build/Intermediates.noindex/Pods.build/Debug-iphonesimulator/hermes-engine.build
    export TEMP_FILES_DIR\=/Users/antoniogrillo-balen/Library/Developer/Xcode/DerivedData/risebysolis-gzfsziqwziaggpcbgdowmssiasmi/Build/Intermediates.noindex/Pods.build/Debug-iphonesimulator/hermes-engine.build
    export TEMP_FILE_DIR\=/Users/antoniogrillo-balen/Library/Developer/Xcode/DerivedData/risebysolis-gzfsziqwziaggpcbgdowmssiasmi/Build/Intermediates.noindex/Pods.build/Debug-iphonesimulator/hermes-engine.build
    export TEMP_ROOT\=/Users/antoniogrillo-balen/Library/Developer/Xcode/DerivedData/risebysolis-gzfsziqwziaggpcbgdowmssiasmi/Build/Intermediates.noindex
    export TEMP_SANDBOX_DIR\=/Users/antoniogrillo-balen/Library/Developer/Xcode/DerivedData/risebysolis-gzfsziqwziaggpcbgdowmssiasmi/Build/Intermediates.noindex/TemporaryTaskSandboxes
    export TEST_FRAMEWORK_SEARCH_PATHS\=\ /Applications/Xcode.app/Contents/Developer/Platforms/iPhoneSimulator.platform/Developer/Library/Frameworks\ /Applications/Xcode.app/Contents/Developer/Platforms/iPhoneSimulator.platform/Developer/SDKs/iPhoneSimulator26.5.sdk/Developer/Library/Frameworks
    export TEST_LIBRARY_SEARCH_PATHS\=\ /Applications/Xcode.app/Contents/Developer/Platforms/iPhoneSimulator.platform/Developer/usr/lib
    export TOOLCHAINS\=com.apple.dt.toolchain.XcodeDefault
    export TOOLCHAIN_DIR\=/Applications/Xcode.app/Contents/Developer/Toolchains/XcodeDefault.xctoolchain
    export TREAT_MISSING_BASELINES_AS_TEST_FAILURES\=NO
    export TREAT_MISSING_SCRIPT_PHASE_OUTPUTS_AS_ERRORS\=NO
    export UID\=501
    export UNINSTALLED_PRODUCTS_DIR\=/Users/antoniogrillo-balen/Library/Developer/Xcode/DerivedData/risebysolis-gzfsziqwziaggpcbgdowmssiasmi/Build/Intermediates.noindex/UninstalledProducts
    export UNSTRIPPED_PRODUCT\=NO
    export USER\=antoniogrillo-balen
    export USER_APPS_DIR\=/Users/antoniogrillo-balen/Applications
    export USER_LIBRARY_DIR\=/Users/antoniogrillo-balen/Library
    export USE_DYNAMIC_NO_PIC\=YES
    export USE_HEADERMAP\=YES
    export USE_HEADER_SYMLINKS\=NO
    export USE_HERMES\=true
    export USE_RECURSIVE_SCRIPT_INPUTS_IN_SCRIPT_PHASES\=YES
    export VALIDATE_DEVELOPMENT_ASSET_PATHS\=YES_ERROR
    export VALIDATE_PRODUCT\=NO
    export VALID_ARCHS\=arm64\ x86_64
    export VERBOSE_PBXCP\=NO
    export VERSION_INFO_BUILDER\=antoniogrillo-balen
    export VERSION_INFO_FILE\=hermes-engine_vers.c
    export VERSION_INFO_STRING\=\"@\(\#\)PROGRAM:hermes-engine\ \ PROJECT:Pods-\"
    export WORKSPACE_DIR\=/Users/antoniogrillo-balen/Desktop/Projects/RiseBuild/ios
    export WRAP_ASSET_PACKS_IN_SEPARATE_DIRECTORIES\=NO
    export XCODE_APP_SUPPORT_DIR\=/Applications/Xcode.app/Contents/Developer/Library/Xcode
    export XCODE_PRODUCT_BUILD_VERSION\=17F42
    export XCODE_VERSION_ACTUAL\=2650
    export XCODE_VERSION_MAJOR\=2600
    export XCODE_VERSION_MINOR\=2650
    export XPCSERVICES_FOLDER_PATH\=/XPCServices
    export YACC\=yacc
    export _DISCOVER_COMMAND_LINE_LINKER_INPUTS\=YES
    export _DISCOVER_COMMAND_LINE_LINKER_INPUTS_INCLUDE_WL\=YES
    export _LD_MULTIARCH\=YES
    export __DIAGNOSE_DEPRECATED_ARCHS\=YES
    export __ORIGINAL_SDK_DEFINED_LLVM_TARGET_TRIPLE_SYS\=ios
    export arch\=undefined_arch
    export variant\=normal
    /bin/sh -c /Users/antoniogrillo-balen/Library/Developer/Xcode/DerivedData/risebysolis-gzfsziqwziaggpcbgdowmssiasmi/Build/Intermediates.noindex/Pods.build/Debug-iphonesimulator/hermes-engine.build/Script-46EB2E00031EC0.sh
Node found at: /Users/antoniogrillo-balen/.nvm/versions/node/v24.14.1/bin/node
No previous build detected, but Debug Configuration. No need to replace Hermes engine

PhaseScriptExecution [CP]\ Copy\ XCFrameworks /Users/antoniogrillo-balen/Library/Developer/Xcode/DerivedData/risebysolis-gzfsziqwziaggpcbgdowmssiasmi/Build/Intermediates.noindex/Pods.build/Debug-iphonesimulator/hermes-engine.build/Script-46EB2E00031EB0.sh (in target 'hermes-engine' from project 'Pods')
    cd /Users/antoniogrillo-balen/Desktop/Projects/RiseBuild/ios/Pods
    /bin/sh -c /Users/antoniogrillo-balen/Library/Developer/Xcode/DerivedData/risebysolis-gzfsziqwziaggpcbgdowmssiasmi/Build/Intermediates.noindex/Pods.build/Debug-iphonesimulator/hermes-engine.build/Script-46EB2E00031EB0.sh
Selected xcframework slice ios-arm64_x86_64-simulator
rsync --delete -av --filter P .*.?????? --links --filter "- CVS/" --filter "- .svn/" --filter "- .git/" --filter "- .hg/" "/Users/antoniogrillo-balen/Desktop/Projects/RiseBuild/ios/Pods/hermes-engine/destroot/Library/Frameworks/universal/hermes.xcframework/ios-arm64_x86_64-simulator/*" "/Users/antoniogrillo-balen/Library/Developer/Xcode/DerivedData/risebysolis-gzfsziqwziaggpcbgdowmssiasmi/Build/Products/Debug-iphonesimulator/XCFrameworkIntermediates/hermes-engine/Pre-built"
Transfer starting: 3 files

sent 265 bytes  received 20 bytes  135714 bytes/sec
total size is 13643829  speedup is 47872.92
Copied /Users/antoniogrillo-balen/Desktop/Projects/RiseBuild/ios/Pods/hermes-engine/destroot/Library/Frameworks/universal/hermes.xcframework/ios-arm64_x86_64-simulator to /Users/antoniogrillo-balen/Library/Developer/Xcode/DerivedData/risebysolis-gzfsziqwziaggpcbgdowmssiasmi/Build/Products/Debug-iphonesimulator/XCFrameworkIntermediates/hermes-engine/Pre-built

warning: Run script build phase 'Create Symlinks to Header Folders' will be run during every build because it does not specify any outputs. To address this issue, either add output dependencies to the script phase, or configure it to run in every build by unchecking "Based on dependency analysis" in the script phase. (in target 'React-featureflags' from project 'Pods')
PhaseScriptExecution Create\ Symlinks\ to\ Header\ Folders /Users/antoniogrillo-balen/Library/Developer/Xcode/DerivedData/risebysolis-gzfsziqwziaggpcbgdowmssiasmi/Build/Intermediates.noindex/Pods.build/Debug-iphonesimulator/React-featureflags.build/Script-46EB2E0002AC30.sh (in target 'React-featureflags' from project 'Pods')
    cd /Users/antoniogrillo-balen/Desktop/Projects/RiseBuild/ios/Pods
    export ACTION\=build
    export AD_HOC_CODE_SIGNING_ALLOWED\=YES
    export ALLOW_BUILD_REQUEST_OVERRIDES\=NO
    export ALLOW_TARGET_PLATFORM_SPECIALIZATION\=NO
    export ALTERNATE_GROUP\=staff
    export ALTERNATE_MODE\=u+w,go-w,a+rX
    export ALTERNATE_OWNER\=antoniogrillo-balen
    export ALTERNATIVE_DISTRIBUTION_WEB\=NO
    export ALWAYS_EMBED_SWIFT_STANDARD_LIBRARIES\=NO
    export ALWAYS_SEARCH_USER_PATHS\=NO
    export ALWAYS_USE_SEPARATE_HEADERMAPS\=NO
    export APPLICATION_EXTENSION_API_ONLY\=NO
    export APPLY_RULES_IN_COPY_FILES\=NO
    export APPLY_RULES_IN_COPY_HEADERS\=NO
    export APP_SHORTCUTS_ENABLE_FLEXIBLE_MATCHING\=YES
    export ARCHS\=arm64
    export ARCHS_BASE\=arm64
    export ARCHS_STANDARD\=arm64\ x86_64
    export ARCHS_STANDARD_32_64_BIT\=arm64\ x86_64
    export ARCHS_STANDARD_64_BIT\=arm64\ x86_64
    export ARCHS_STANDARD_INCLUDING_64_BIT\=arm64\ x86_64
    export ARCHS_UNIVERSAL_IPHONE_OS\=arm64\ x86_64
    export ASSETCATALOG_FILTER_FOR_DEVICE_MODEL\=iPhone16,2
    export ASSETCATALOG_FILTER_FOR_DEVICE_OS_VERSION\=26.4.1
    export ASSETCATALOG_FILTER_FOR_THINNING_DEVICE_CONFIGURATION\=iPhone16,2
    export AUTOMATICALLY_MERGE_DEPENDENCIES\=NO
    export AUTOMATION_APPLE_EVENTS\=NO
    export AVAILABLE_PLATFORMS\=android\ appletvos\ appletvsimulator\ driverkit\ freebsd\ iphoneos\ iphonesimulator\ linux\ macosx\ none\ openbsd\ qnx\ watchos\ watchsimulator\ webassembly\ xros\ xrsimulator
    export AppIdentifierPrefix\=FAKETEAMID.
    export BUILD_ACTIVE_RESOURCES_ONLY\=YES
    export BUILD_COMPONENTS\=headers\ build
    export BUILD_DIR\=/Users/antoniogrillo-balen/Library/Developer/Xcode/DerivedData/risebysolis-gzfsziqwziaggpcbgdowmssiasmi/Build/Products
    export BUILD_LIBRARY_FOR_DISTRIBUTION\=NO
    export BUILD_ONLY_KNOWN_LOCALIZATIONS\=NO
    export BUILD_ROOT\=/Users/antoniogrillo-balen/Library/Developer/Xcode/DerivedData/risebysolis-gzfsziqwziaggpcbgdowmssiasmi/Build/Products
    export BUILD_STYLE\=
    export BUILD_VARIANTS\=normal
    export BUILT_PRODUCTS_DIR\=/Users/antoniogrillo-balen/Library/Developer/Xcode/DerivedData/risebysolis-gzfsziqwziaggpcbgdowmssiasmi/Build/Products/Debug-iphonesimulator/React-featureflags
    export BUNDLE_CONTENTS_FOLDER_PATH_deep\=Contents/
    export BUNDLE_EXECUTABLE_FOLDER_NAME_deep\=MacOS
    export BUNDLE_EXTENSIONS_FOLDER_PATH\=Extensions
    export BUNDLE_FORMAT\=shallow
    export BUNDLE_FRAMEWORKS_FOLDER_PATH\=Frameworks
    export BUNDLE_PLUGINS_FOLDER_PATH\=PlugIns
    export BUNDLE_PRIVATE_HEADERS_FOLDER_PATH\=PrivateHeaders
    export BUNDLE_PUBLIC_HEADERS_FOLDER_PATH\=Headers
    export CACHE_ROOT\=/var/folders/2z/jtlqylkx0c709j3xb7b0g4cm0000gn/C/com.apple.DeveloperTools/26.5-17F42/Xcode
    export CCHROOT\=/var/folders/2z/jtlqylkx0c709j3xb7b0g4cm0000gn/C/com.apple.DeveloperTools/26.5-17F42/Xcode
    export CHMOD\=/bin/chmod
    export CHOWN\=chown
    export CLANG_ANALYZER_LOCALIZABILITY_NONLOCALIZED\=YES
    export CLANG_ANALYZER_NONNULL\=YES
    export CLANG_ANALYZER_NUMBER_OBJECT_CONVERSION\=YES_AGGRESSIVE
    export CLANG_CACHE_FINE_GRAINED_OUTPUTS\=YES
    export CLANG_CXX_LANGUAGE_STANDARD\=c++20
    export CLANG_CXX_LIBRARY\=libc++
    export CLANG_ENABLE_EXPLICIT_MODULES\=YES
    export CLANG_ENABLE_MODULES\=YES
    export CLANG_ENABLE_OBJC_ARC\=YES
    export CLANG_ENABLE_OBJC_WEAK\=NO
    export CLANG_MODULES_BUILD_SESSION_FILE\=/Users/antoniogrillo-balen/Library/Developer/Xcode/DerivedData/ModuleCache.noindex/Session.modulevalidation
    export CLANG_WARN_BLOCK_CAPTURE_AUTORELEASING\=YES
    export CLANG_WARN_BOOL_CONVERSION\=YES
    export CLANG_WARN_COMMA\=YES
    export CLANG_WARN_CONSTANT_CONVERSION\=YES
    export CLANG_WARN_DEPRECATED_OBJC_IMPLEMENTATIONS\=YES
    export CLANG_WARN_DIRECT_OBJC_ISA_USAGE\=YES_ERROR
    export CLANG_WARN_DOCUMENTATION_COMMENTS\=YES
    export CLANG_WARN_EMPTY_BODY\=YES
    export CLANG_WARN_ENUM_CONVERSION\=YES
    export CLANG_WARN_INFINITE_RECURSION\=YES
    export CLANG_WARN_INT_CONVERSION\=YES
    export CLANG_WARN_NON_LITERAL_NULL_CONVERSION\=YES
    export CLANG_WARN_OBJC_IMPLICIT_RETAIN_SELF\=YES
    export CLANG_WARN_OBJC_LITERAL_CONVERSION\=YES
    export CLANG_WARN_OBJC_ROOT_CLASS\=YES_ERROR
    export CLANG_WARN_QUOTED_INCLUDE_IN_FRAMEWORK_HEADER\=NO
    export CLANG_WARN_RANGE_LOOP_ANALYSIS\=YES
    export CLANG_WARN_STRICT_PROTOTYPES\=YES
    export CLANG_WARN_SUSPICIOUS_MOVE\=YES
    export CLANG_WARN_UNGUARDED_AVAILABILITY\=YES_AGGRESSIVE
    export CLANG_WARN_UNREACHABLE_CODE\=YES
    export CLANG_WARN__DUPLICATE_METHOD_MATCH\=YES
    export CLASS_FILE_DIR\=/Users/antoniogrillo-balen/Library/Developer/Xcode/DerivedData/risebysolis-gzfsziqwziaggpcbgdowmssiasmi/Build/Intermediates.noindex/Pods.build/Debug-iphonesimulator/React-featureflags.build/JavaClasses
    export CLEAN_PRECOMPS\=YES
    export CLONE_HEADERS\=NO
    export CODESIGNING_FOLDER_PATH\=/Users/antoniogrillo-balen/Library/Developer/Xcode/DerivedData/risebysolis-gzfsziqwziaggpcbgdowmssiasmi/Build/Products/Debug-iphonesimulator/React-featureflags/React_featureflags.framework
    export CODE_SIGNING_ALLOWED\=YES
    export CODE_SIGNING_REQUIRED\=NO
    export CODE_SIGNING_REQUIRES_TEAM\=YES
    export CODE_SIGN_CONTEXT_CLASS\=XCiPhoneSimulatorCodeSignContext
    export CODE_SIGN_IDENTITY\=-
    export CODE_SIGN_INJECT_BASE_ENTITLEMENTS\=YES
    export COLOR_DIAGNOSTICS\=NO
    export COMBINE_HIDPI_IMAGES\=NO
    export COMPILATION_CACHE_CAS_PATH\=/Users/antoniogrillo-balen/Library/Developer/Xcode/DerivedData/CompilationCache.noindex
    export COMPILATION_CACHE_KEEP_CAS_DIRECTORY\=YES
    export COMPILER_INDEX_STORE_ENABLE\=Default
    export COMPOSITE_SDK_DIRS\=/Users/antoniogrillo-balen/Library/Developer/Xcode/DerivedData/risebysolis-gzfsziqwziaggpcbgdowmssiasmi/Build/Intermediates.noindex/CompositeSDKs
    export COMPRESS_PNG_FILES\=YES
    export CONFIGURATION\=Debug
    export CONFIGURATION_BUILD_DIR\=/Users/antoniogrillo-balen/Library/Developer/Xcode/DerivedData/risebysolis-gzfsziqwziaggpcbgdowmssiasmi/Build/Products/Debug-iphonesimulator/React-featureflags
    export CONFIGURATION_TEMP_DIR\=/Users/antoniogrillo-balen/Library/Developer/Xcode/DerivedData/risebysolis-gzfsziqwziaggpcbgdowmssiasmi/Build/Intermediates.noindex/Pods.build/Debug-iphonesimulator
    export CONTENTS_FOLDER_PATH\=React_featureflags.framework
    export CONTENTS_FOLDER_PATH_SHALLOW_BUNDLE_NO\=React_featureflags.framework/A
    export CONTENTS_FOLDER_PATH_SHALLOW_BUNDLE_YES\=React_featureflags.framework
    export COPYING_PRESERVES_HFS_DATA\=NO
    export COPY_HEADERS_RUN_UNIFDEF\=NO
    export COPY_PHASE_STRIP\=NO
    export CORRESPONDING_DEVICE_PLATFORM_DIR\=/Applications/Xcode.app/Contents/Developer/Platforms/iPhoneOS.platform
    export CORRESPONDING_DEVICE_PLATFORM_NAME\=iphoneos
    export CORRESPONDING_DEVICE_SDK_DIR\=/Applications/Xcode.app/Contents/Developer/Platforms/iPhoneOS.platform/Developer/SDKs/iPhoneOS26.5.sdk
    export CORRESPONDING_DEVICE_SDK_NAME\=iphoneos26.5
    export CP\=/bin/cp
    export CREATE_INFOPLIST_SECTION_IN_BINARY\=NO
    export CURRENT_ARCH\=undefined_arch
    export CURRENT_PROJECT_VERSION\=1
    export CURRENT_VARIANT\=normal
    export CURRENT_VERSION\=Current
    export DEAD_CODE_STRIPPING\=YES
    export DEBUGGING_SYMBOLS\=YES
    export DEBUG_INFORMATION_FORMAT\=dwarf
    export DEBUG_INFORMATION_VERSION\=compiler-default
    export DEFAULT_COMPILER\=com.apple.compilers.llvm.clang.1_0
    export DEFAULT_DEXT_INSTALL_PATH\=/System/Library/DriverExtensions
    export DEFAULT_KEXT_INSTALL_PATH\=/System/Library/Extensions
    export DEFINES_MODULE\=YES
    export DEPLOYMENT_LOCATION\=NO
    export DEPLOYMENT_POSTPROCESSING\=NO
    export DEPLOYMENT_TARGET_SETTING_NAME\=IPHONEOS_DEPLOYMENT_TARGET
    export DEPLOYMENT_TARGET_SUGGESTED_VALUES\=12.0\ 12.1\ 12.2\ 12.3\ 12.4\ 13.0\ 13.1\ 13.2\ 13.3\ 13.4\ 13.5\ 13.6\ 14.0\ 14.1\ 14.2\ 14.3\ 14.4\ 14.5\ 14.6\ 14.7\ 15.0\ 15.1\ 15.2\ 15.3\ 15.4\ 15.5\ 15.6\ 16.0\ 16.1\ 16.2\ 16.3\ 16.4\ 16.5\ 16.6\ 17.0\ 17.1\ 17.2\ 17.3\ 17.4\ 17.5\ 17.6\ 18.0\ 18.1\ 18.2\ 18.3\ 18.4\ 18.5\ 18.6\ 26.0\ 26.2\ 26.3\ 26.4\ 26.5
    export DERIVED_FILES_DIR\=/Users/antoniogrillo-balen/Library/Developer/Xcode/DerivedData/risebysolis-gzfsziqwziaggpcbgdowmssiasmi/Build/Intermediates.noindex/Pods.build/Debug-iphonesimulator/React-featureflags.build/DerivedSources
    export DERIVED_FILE_DIR\=/Users/antoniogrillo-balen/Library/Developer/Xcode/DerivedData/risebysolis-gzfsziqwziaggpcbgdowmssiasmi/Build/Intermediates.noindex/Pods.build/Debug-iphonesimulator/React-featureflags.build/DerivedSources
    export DERIVED_SOURCES_DIR\=/Users/antoniogrillo-balen/Library/Developer/Xcode/DerivedData/risebysolis-gzfsziqwziaggpcbgdowmssiasmi/Build/Intermediates.noindex/Pods.build/Debug-iphonesimulator/React-featureflags.build/DerivedSources
    export DEVELOPER_APPLICATIONS_DIR\=/Applications/Xcode.app/Contents/Developer/Applications
    export DEVELOPER_BIN_DIR\=/Applications/Xcode.app/Contents/Developer/usr/bin
    export DEVELOPER_DIR\=/Applications/Xcode.app/Contents/Developer
    export DEVELOPER_FRAMEWORKS_DIR\=/Applications/Xcode.app/Contents/Developer/Library/Frameworks
    export DEVELOPER_FRAMEWORKS_DIR_QUOTED\=/Applications/Xcode.app/Contents/Developer/Library/Frameworks
    export DEVELOPER_LIBRARY_DIR\=/Applications/Xcode.app/Contents/Developer/Library
    export DEVELOPER_SDK_DIR\=/Applications/Xcode.app/Contents/Developer/Platforms/MacOSX.platform/Developer/SDKs
    export DEVELOPER_TOOLS_DIR\=/Applications/Xcode.app/Contents/Developer/Tools
    export DEVELOPER_USR_DIR\=/Applications/Xcode.app/Contents/Developer/usr
    export DEVELOPMENT_LANGUAGE\=en
    export DIAGNOSE_MISSING_TARGET_DEPENDENCIES\=YES
    export DIFF\=/usr/bin/diff
    export DOCUMENTATION_FOLDER_PATH\=React_featureflags.framework/en.lproj/Documentation
    export DONT_GENERATE_INFOPLIST_FILE\=NO
    export DSTROOT\=/tmp/Pods.dst
    export DT_TOOLCHAIN_DIR\=/Applications/Xcode.app/Contents/Developer/Toolchains/XcodeDefault.xctoolchain
    export DUMP_DEPENDENCIES\=NO
    export DUMP_DEPENDENCIES_OUTPUT_PATH\=/Users/antoniogrillo-balen/Library/Developer/Xcode/DerivedData/risebysolis-gzfsziqwziaggpcbgdowmssiasmi/Build/Intermediates.noindex/Pods.build/Debug-iphonesimulator/React-featureflags.build/React-featureflags-BuildDependencyInfo.json
    export DWARF_DSYM_FILE_NAME\=React_featureflags.framework.dSYM
    export DWARF_DSYM_FILE_SHOULD_ACCOMPANY_PRODUCT\=NO
    export DWARF_DSYM_FOLDER_PATH\=/Users/antoniogrillo-balen/Library/Developer/Xcode/DerivedData/risebysolis-gzfsziqwziaggpcbgdowmssiasmi/Build/Products/Debug-iphonesimulator/React-featureflags
    export DYLIB_COMPATIBILITY_VERSION\=1
    export DYLIB_CURRENT_VERSION\=1
    export DYLIB_INSTALL_NAME_BASE\=@rpath
    export DYNAMIC_LIBRARY_EXTENSION\=dylib
    export EAGER_COMPILATION_ALLOW_SCRIPTS\=NO
    export EAGER_LINKING\=NO
    export EFFECTIVE_PLATFORM_NAME\=-iphonesimulator
    export EFFECTIVE_SWIFT_VERSION\=5
    export EMBEDDED_CONTENT_CONTAINS_SWIFT\=NO
    export EMBED_ASSET_PACKS_IN_PRODUCT_BUNDLE\=NO
    export ENABLE_APP_SANDBOX\=NO
    export ENABLE_CODE_COVERAGE\=YES
    export ENABLE_COHORT_ARCHS\=NO
    export ENABLE_CPLUSPLUS_BOUNDS_SAFE_BUFFERS\=NO
    export ENABLE_C_BOUNDS_SAFETY\=NO
    export ENABLE_DEFAULT_HEADER_SEARCH_PATHS\=YES
    export ENABLE_DEFAULT_SEARCH_PATHS\=YES
    export ENABLE_ENHANCED_SECURITY\=NO
    export ENABLE_HARDENED_RUNTIME\=NO
    export ENABLE_HEADER_DEPENDENCIES\=YES
    export ENABLE_INCOMING_NETWORK_CONNECTIONS\=NO
    export ENABLE_MODULE_VERIFIER\=NO
    export ENABLE_ON_DEMAND_RESOURCES\=NO
    export ENABLE_OUTGOING_NETWORK_CONNECTIONS\=NO
    export ENABLE_POINTER_AUTHENTICATION\=NO
    export ENABLE_PREVIEWS\=NO
    export ENABLE_RESOURCE_ACCESS_AUDIO_INPUT\=NO
    export ENABLE_RESOURCE_ACCESS_BLUETOOTH\=NO
    export ENABLE_RESOURCE_ACCESS_CALENDARS\=NO
    export ENABLE_RESOURCE_ACCESS_CAMERA\=NO
    export ENABLE_RESOURCE_ACCESS_CONTACTS\=NO
    export ENABLE_RESOURCE_ACCESS_LOCATION\=NO
    export ENABLE_RESOURCE_ACCESS_PHOTO_LIBRARY\=NO
    export ENABLE_RESOURCE_ACCESS_PRINTING\=NO
    export ENABLE_RESOURCE_ACCESS_USB\=NO
    export ENABLE_SDK_IMPORTS\=NO
    export ENABLE_SECURITY_COMPILER_WARNINGS\=NO
    export ENABLE_STRICT_OBJC_MSGSEND\=YES
    export ENABLE_TESTABILITY\=YES
    export ENABLE_TESTING_SEARCH_PATHS\=NO
    export ENABLE_USER_SCRIPT_SANDBOXING\=NO
    export ENABLE_XOJIT_PREVIEWS\=YES
    export ENFORCE_VALID_ARCHS\=YES
    export ENTITLEMENTS_DESTINATION\=__entitlements
    export ENTITLEMENTS_REQUIRED\=NO
    export EXCLUDED_INSTALLSRC_SUBDIRECTORY_PATTERNS\=.DS_Store\ .svn\ .git\ .hg\ CVS
    export EXCLUDED_RECURSIVE_SEARCH_PATH_SUBDIRECTORIES\=\*.nib\ \*.lproj\ \*.framework\ \*.gch\ \*.xcode\*\ \*.xcassets\ \*.icon\ \(\*\)\ .DS_Store\ CVS\ .svn\ .git\ .hg\ \*.pbproj\ \*.pbxproj
    export EXECUTABLES_FOLDER_PATH\=React_featureflags.framework/en.lproj
    export EXECUTABLE_FOLDER_PATH\=React_featureflags.framework
    export EXECUTABLE_FOLDER_PATH_SHALLOW_BUNDLE_NO\=React_featureflags.framework
    export EXECUTABLE_FOLDER_PATH_SHALLOW_BUNDLE_YES\=React_featureflags.framework
    export EXECUTABLE_NAME\=React_featureflags
    export EXECUTABLE_PATH\=React_featureflags.framework/React_featureflags
    export EXPANDED_CODE_SIGN_IDENTITY\=-
    export EXPANDED_CODE_SIGN_IDENTITY_NAME\=Sign\ to\ Run\ Locally
    export EXTENSIONS_FOLDER_PATH\=React_featureflags.framework/Extensions
    export FILE_LIST\=/Users/antoniogrillo-balen/Library/Developer/Xcode/DerivedData/risebysolis-gzfsziqwziaggpcbgdowmssiasmi/Build/Intermediates.noindex/Pods.build/Debug-iphonesimulator/React-featureflags.build/Objects/LinkFileList
    export FIXED_FILES_DIR\=/Users/antoniogrillo-balen/Library/Developer/Xcode/DerivedData/risebysolis-gzfsziqwziaggpcbgdowmssiasmi/Build/Intermediates.noindex/Pods.build/Debug-iphonesimulator/React-featureflags.build/FixedFiles
    export FRAMEWORKS_FOLDER_PATH\=React_featureflags.framework/Frameworks
    export FRAMEWORK_FLAG_PREFIX\=-framework
    export FRAMEWORK_SEARCH_PATHS\=/Users/antoniogrillo-balen/Library/Developer/Xcode/DerivedData/risebysolis-gzfsziqwziaggpcbgdowmssiasmi/Build/Products/Debug-iphonesimulator/React-featureflags\ 
    export FRAMEWORK_VERSION\=A
    export FULL_PRODUCT_NAME\=React_featureflags.framework
    export FUSE_BUILD_PHASES\=YES
    export FUSE_BUILD_SCRIPT_PHASES\=NO
    export GCC3_VERSION\=3.3
    export GCC_C_LANGUAGE_STANDARD\=gnu11
    export GCC_DYNAMIC_NO_PIC\=NO
    export GCC_INLINES_ARE_PRIVATE_EXTERN\=YES
    export GCC_NO_COMMON_BLOCKS\=YES
    export GCC_OBJC_LEGACY_DISPATCH\=YES
    export GCC_OPTIMIZATION_LEVEL\=0
    export GCC_PFE_FILE_C_DIALECTS\=c\ objective-c\ c++\ objective-c++
    export GCC_PREFIX_HEADER\=Target\ Support\ Files/React-featureflags/React-featureflags-prefix.pch
    export GCC_PREPROCESSOR_DEFINITIONS\=POD_CONFIGURATION_DEBUG\=1\ DEBUG\=1\ \ COCOAPODS\=1
    export GCC_TREAT_WARNINGS_AS_ERRORS\=NO
    export GCC_VERSION\=com.apple.compilers.llvm.clang.1_0
    export GCC_VERSION_IDENTIFIER\=com_apple_compilers_llvm_clang_1_0
    export GCC_WARN_64_TO_32_BIT_CONVERSION\=YES
    export GCC_WARN_ABOUT_RETURN_TYPE\=YES_ERROR
    export GCC_WARN_UNDECLARED_SELECTOR\=YES
    export GCC_WARN_UNINITIALIZED_AUTOS\=YES_AGGRESSIVE
    export GCC_WARN_UNUSED_FUNCTION\=YES
    export GCC_WARN_UNUSED_VARIABLE\=YES
    export GENERATED_MODULEMAP_DIR\=/Users/antoniogrillo-balen/Library/Developer/Xcode/DerivedData/risebysolis-gzfsziqwziaggpcbgdowmssiasmi/Build/Intermediates.noindex/GeneratedModuleMaps-iphonesimulator
    export GENERATE_INFOPLIST_FILE\=NO
    export GENERATE_INTERMEDIATE_TEXT_BASED_STUBS\=YES
    export GENERATE_PKGINFO_FILE\=NO
    export GENERATE_PRELINK_OBJECT_FILE\=NO
    export GENERATE_PROFILING_CODE\=NO
    export GENERATE_TEXT_BASED_STUBS\=NO
    export GID\=20
    export GROUP\=staff
    export HEADERMAP_INCLUDES_FLAT_ENTRIES_FOR_TARGET_BEING_BUILT\=YES
    export HEADERMAP_INCLUDES_FRAMEWORK_ENTRIES_FOR_ALL_PRODUCT_TYPES\=YES
    export HEADERMAP_INCLUDES_FRAMEWORK_ENTRIES_FOR_TARGETS_NOT_BEING_BUILT\=YES
    export HEADERMAP_INCLUDES_NONPUBLIC_NONPRIVATE_HEADERS\=YES
    export HEADERMAP_INCLUDES_PROJECT_HEADERS\=YES
    export HEADERMAP_USES_FRAMEWORK_PREFIX_ENTRIES\=YES
    export HEADERMAP_USES_VFS\=YES
    export HEADER_SEARCH_PATHS\=/Users/antoniogrillo-balen/Library/Developer/Xcode/DerivedData/risebysolis-gzfsziqwziaggpcbgdowmssiasmi/Build/Products/Debug-iphonesimulator/React-featureflags/include\ \ /Users/antoniogrillo-balen/Library/Developer/Xcode/DerivedData/risebysolis-gzfsziqwziaggpcbgdowmssiasmi/Build/Products/Debug-iphonesimulator/ReactCommon/ReactCommon.framework/Headers\ /Users/antoniogrillo-balen/Library/Developer/Xcode/DerivedData/risebysolis-gzfsziqwziaggpcbgdowmssiasmi/Build/Products/Debug-iphonesimulator/ReactCommon/ReactCommon.framework/Headers/react/nativemodule/core\ /Users/antoniogrillo-balen/Library/Developer/Xcode/DerivedData/risebysolis-gzfsziqwziaggpcbgdowmssiasmi/Build/Products/Debug-iphonesimulator/ReactCommon-Samples/ReactCommon_Samples.framework/Headers\ /Users/antoniogrillo-balen/Library/Developer/Xcode/DerivedData/risebysolis-gzfsziqwziaggpcbgdowmssiasmi/Build/Products/Debug-iphonesimulator/ReactCommon-Samples/ReactCommon_Samples.framework/Headers/platform/ios\ /Users/antoniogrillo-balen/Library/Developer/Xcode/DerivedData/risebysolis-gzfsziqwziaggpcbgdowmssiasmi/Build/Products/Debug-iphonesimulator/React-Fabric/React_Fabric.framework/Headers/react/renderer/components/view/platform/cxx\ /Users/antoniogrillo-balen/Library/Developer/Xcode/DerivedData/risebysolis-gzfsziqwziaggpcbgdowmssiasmi/Build/Products/Debug-iphonesimulator/React-NativeModulesApple/React_NativeModulesApple.framework/Headers\ /Users/antoniogrillo-balen/Library/Developer/Xcode/DerivedData/risebysolis-gzfsziqwziaggpcbgdowmssiasmi/Build/Products/Debug-iphonesimulator/React-graphics/React_graphics.framework/Headers\ /Users/antoniogrillo-balen/Library/Developer/Xcode/DerivedData/risebysolis-gzfsziqwziaggpcbgdowmssiasmi/Build/Products/Debug-iphonesimulator/React-graphics/React_graphics.framework/Headers/react/renderer/graphics/platform/ios\ \"/Users/antoniogrillo-balen/Desktop/Projects/RiseBuild/ios/Pods/../../node_modules/react-native/ReactCommon/react/featureflags/../..\"
    export HOME\=/Users/antoniogrillo-balen
    export HOST_ARCH\=arm64
    export HOST_PLATFORM\=macosx
    export ICONV\=/usr/bin/iconv
    export IMPLICIT_DEPENDENCY_DOMAIN\=default
    export INDEX_STORE_COMPRESS\=NO
    export INDEX_STORE_ONLY_PROJECT_FILES\=NO
    export INFOPLIST_ENABLE_CFBUNDLEICONS_MERGE\=YES
    export INFOPLIST_EXPAND_BUILD_SETTINGS\=YES
    export INFOPLIST_FILE\=Target\ Support\ Files/React-featureflags/React-featureflags-Info.plist
    export INFOPLIST_OUTPUT_FORMAT\=binary
    export INFOPLIST_PATH\=React_featureflags.framework/Info.plist
    export INFOPLIST_PREPROCESS\=NO
    export INFOSTRINGS_PATH\=React_featureflags.framework/en.lproj/InfoPlist.strings
    export INLINE_PRIVATE_FRAMEWORKS\=NO
    export INSTALLAPI_IGNORE_SKIP_INSTALL\=YES
    export INSTALLHDRS_COPY_PHASE\=NO
    export INSTALLHDRS_SCRIPT_PHASE\=NO
    export INSTALL_DIR\=/tmp/Pods.dst/Library/Frameworks
    export INSTALL_GROUP\=staff
    export INSTALL_MODE_FLAG\=u+w,go-w,a+rX
    export INSTALL_OWNER\=antoniogrillo-balen
    export INSTALL_PATH\=/Library/Frameworks
    export INSTALL_ROOT\=/tmp/Pods.dst
    export IPHONEOS_DEPLOYMENT_TARGET\=15.1
    export IS_UNOPTIMIZED_BUILD\=YES
    export JAVAC_DEFAULT_FLAGS\=-J-Xms64m\ -J-XX:NewSize\=4M\ -J-Dfile.encoding\=UTF8
    export JAVA_APP_STUB\=/System/Library/Frameworks/JavaVM.framework/Resources/MacOS/JavaApplicationStub
    export JAVA_ARCHIVE_CLASSES\=YES
    export JAVA_ARCHIVE_TYPE\=JAR
    export JAVA_COMPILER\=/usr/bin/javac
    export JAVA_FOLDER_PATH\=React_featureflags.framework/Java
    export JAVA_FRAMEWORK_RESOURCES_DIRS\=Resources
    export JAVA_JAR_FLAGS\=cv
    export JAVA_SOURCE_SUBDIR\=.
    export JAVA_USE_DEPENDENCIES\=YES
    export JAVA_ZIP_FLAGS\=-urg
    export JIKES_DEFAULT_FLAGS\=+E\ +OLDCSO
    export KEEP_PRIVATE_EXTERNS\=NO
    export LD_DEPENDENCY_INFO_FILE\=/Users/antoniogrillo-balen/Library/Developer/Xcode/DerivedData/risebysolis-gzfsziqwziaggpcbgdowmssiasmi/Build/Intermediates.noindex/Pods.build/Debug-iphonesimulator/React-featureflags.build/Objects-normal/undefined_arch/React_featureflags_dependency_info.dat
    export LD_DYLIB_INSTALL_NAME\=@rpath/React_featureflags.framework/React_featureflags
    export LD_EXPORT_SYMBOLS\=YES
    export LD_GENERATE_MAP_FILE\=NO
    export LD_MAP_FILE_PATH\=/Users/antoniogrillo-balen/Library/Developer/Xcode/DerivedData/risebysolis-gzfsziqwziaggpcbgdowmssiasmi/Build/Intermediates.noindex/Pods.build/Debug-iphonesimulator/React-featureflags.build/React_featureflags-LinkMap-normal-undefined_arch.txt
    export LD_NO_PIE\=NO
    export LD_QUOTE_LINKER_ARGUMENTS_FOR_COMPILER_DRIVER\=YES
    export LD_RUNPATH_SEARCH_PATHS\=\ @executable_path/Frameworks\ @loader_path/Frameworks
    export LD_SHARED_CACHE_ELIGIBLE\=Automatic
    export LD_WARN_DUPLICATE_LIBRARIES\=NO
    export LD_WARN_UNUSED_DYLIBS\=NO
    export LEGACY_DEVELOPER_DIR\=/Applications/Xcode.app/Contents/PlugIns/Xcode3Core.ideplugin/Contents/SharedSupport/Developer
    export LEX\=lex
    export LIBRARY_DEXT_INSTALL_PATH\=/Library/DriverExtensions
    export LIBRARY_FLAG_NOSPACE\=YES
    export LIBRARY_FLAG_PREFIX\=-l
    export LIBRARY_KEXT_INSTALL_PATH\=/Library/Extensions
    export LIBRARY_SEARCH_PATHS\=/Users/antoniogrillo-balen/Library/Developer/Xcode/DerivedData/risebysolis-gzfsziqwziaggpcbgdowmssiasmi/Build/Products/Debug-iphonesimulator/React-featureflags\ 
    export LINKER_DISPLAYS_MANGLED_NAMES\=NO
    export LINK_FILE_LIST_normal_arm64\=/Users/antoniogrillo-balen/Library/Developer/Xcode/DerivedData/risebysolis-gzfsziqwziaggpcbgdowmssiasmi/Build/Intermediates.noindex/Pods.build/Debug-iphonesimulator/React-featureflags.build/Objects-normal/arm64/React_featureflags.LinkFileList
    export LINK_OBJC_RUNTIME\=YES
    export LINK_WITH_STANDARD_LIBRARIES\=YES
    export LLVM_TARGET_TRIPLE_OS_VERSION\=ios15.1
    export LLVM_TARGET_TRIPLE_SUFFIX\=-simulator
    export LLVM_TARGET_TRIPLE_VENDOR\=apple
    export LM_AUX_CONST_METADATA_LIST_PATH_normal_arm64\=/Users/antoniogrillo-balen/Library/Developer/Xcode/DerivedData/risebysolis-gzfsziqwziaggpcbgdowmssiasmi/Build/Intermediates.noindex/Pods.build/Debug-iphonesimulator/React-featureflags.build/Objects-normal/arm64/React_featureflags.SwiftConstValuesFileList
    export LOCALIZATION_EXPORT_SUPPORTED\=YES
    export LOCALIZATION_PREFERS_STRING_CATALOGS\=NO
    export LOCALIZED_RESOURCES_FOLDER_PATH\=React_featureflags.framework/en.lproj
    export LOCALIZED_STRING_CODE_COMMENTS\=NO
    export LOCALIZED_STRING_MACRO_NAMES\=NSLocalizedString\ CFCopyLocalizedString
    export LOCALIZED_STRING_SWIFTUI_SUPPORT\=YES
    export LOCAL_ADMIN_APPS_DIR\=/Applications/Utilities
    export LOCAL_APPS_DIR\=/Applications
    export LOCAL_DEVELOPER_DIR\=/Library/Developer
    export LOCAL_LIBRARY_DIR\=/Library
    export LOCROOT\=/Users/antoniogrillo-balen/Desktop/Projects/RiseBuild/ios/Pods
    export LOCSYMROOT\=/Users/antoniogrillo-balen/Desktop/Projects/RiseBuild/ios/Pods
    export MACH_O_TYPE\=staticlib
    export MAC_OS_X_PRODUCT_BUILD_VERSION\=25E253
    export MAC_OS_X_VERSION_ACTUAL\=260401
    export MAC_OS_X_VERSION_MAJOR\=260000
    export MAC_OS_X_VERSION_MINOR\=260400
    export MAKE_MERGEABLE\=NO
    export MERGEABLE_LIBRARY\=NO
    export MERGED_BINARY_TYPE\=none
    export MERGE_LINKED_LIBRARIES\=NO
    export METAL_LIBRARY_FILE_BASE\=default
    export METAL_LIBRARY_OUTPUT_DIR\=/Users/antoniogrillo-balen/Library/Developer/Xcode/DerivedData/risebysolis-gzfsziqwziaggpcbgdowmssiasmi/Build/Products/Debug-iphonesimulator/React-featureflags/React_featureflags.framework
    export MODULEMAP_FILE\=Target\ Support\ Files/React-featureflags/React-featureflags.modulemap
    export MODULES_FOLDER_PATH\=React_featureflags.framework/Modules
    export MODULE_CACHE_DIR\=/Users/antoniogrillo-balen/Library/Developer/Xcode/DerivedData/ModuleCache.noindex
    export MTL_ENABLE_DEBUG_INFO\=INCLUDE_SOURCE
    export MTL_FAST_MATH\=YES
    export NATIVE_ARCH\=arm64
    export NATIVE_ARCH_32_BIT\=arm
    export NATIVE_ARCH_64_BIT\=arm64
    export NATIVE_ARCH_ACTUAL\=arm64
    export NO_COMMON\=YES
    export OBJC_ABI_VERSION\=2
    export OBJECT_FILE_DIR\=/Users/antoniogrillo-balen/Library/Developer/Xcode/DerivedData/risebysolis-gzfsziqwziaggpcbgdowmssiasmi/Build/Intermediates.noindex/Pods.build/Debug-iphonesimulator/React-featureflags.build/Objects
    export OBJECT_FILE_DIR_normal\=/Users/antoniogrillo-balen/Library/Developer/Xcode/DerivedData/risebysolis-gzfsziqwziaggpcbgdowmssiasmi/Build/Intermediates.noindex/Pods.build/Debug-iphonesimulator/React-featureflags.build/Objects-normal
    export OBJROOT\=/Users/antoniogrillo-balen/Library/Developer/Xcode/DerivedData/risebysolis-gzfsziqwziaggpcbgdowmssiasmi/Build/Intermediates.noindex
    export ONLY_ACTIVE_ARCH\=YES
    export OS\=MACOS
    export OSAC\=/usr/bin/osacompile
    export OTHER_LDFLAGS\=\ \ 
    export PACKAGE_TYPE\=com.apple.package-type.wrapper.framework
    export PASCAL_STRINGS\=YES
    export PATH\=/Applications/Xcode.app/Contents/SharedFrameworks/SwiftBuild.framework/Versions/A/PlugIns/SWBBuildService.bundle/Contents/PlugIns/SWBUniversalPlatformPlugin.bundle/Contents/Frameworks/SWBUniversalPlatform.framework/Resources:/Applications/Xcode.app/Contents/Developer/Toolchains/XcodeDefault.xctoolchain/usr/bin:/Applications/Xcode.app/Contents/Developer/Toolchains/XcodeDefault.xctoolchain/usr/local/bin:/Applications/Xcode.app/Contents/Developer/Toolchains/XcodeDefault.xctoolchain/usr/libexec:/Applications/Xcode.app/Contents/Developer/Platforms/iPhoneSimulator.platform/usr/bin:/Applications/Xcode.app/Contents/Developer/Platforms/iPhoneSimulator.platform/usr/local/bin:/Applications/Xcode.app/Contents/Developer/Platforms/iPhoneSimulator.platform/Developer/usr/bin:/Applications/Xcode.app/Contents/Developer/Platforms/iPhoneSimulator.platform/Developer/usr/local/bin:/Applications/Xcode.app/Contents/Developer/usr/bin:/Applications/Xcode.app/Contents/Developer/usr/local/bin:/opt/homebrew/opt/ruby/bin:/opt/homebrew/lib/ruby/gems/4.0.0/bin:/opt/homebrew/bin:/opt/homebrew/sbin:/Users/antoniogrillo-balen/.nvm/versions/node/v24.14.1/bin:/Library/Frameworks/Python.framework/Versions/3.14/bin:/usr/local/bin:/System/Cryptexes/App/usr/bin:/usr/bin:/bin:/usr/sbin:/sbin:/var/run/com.apple.security.cryptexd/codex.system/bootstrap/usr/local/bin:/var/run/com.apple.security.cryptexd/codex.system/bootstrap/usr/bin:/var/run/com.apple.security.cryptexd/codex.system/bootstrap/usr/appleinternal/bin:/opt/pkg/env/active/bin:/opt/pmk/env/global/bin:/Library/Apple/usr/bin:/Applications/VMware\ Fusion.app/Contents/Public:/Users/antoniogrillo-balen/.cargo/bin:/Users/antoniogrillo-balen/.cache/plugins/.install-staging/25283474a0e0d4a060cb0e915c1ec54e3d41ef2e/cursor/repo/bin:/Users/antoniogrillo-balen/.claude/plugins/cache/claude-plugins-official/superpowers/5.1.0/bin:/Users/antoniogrillo-balen/.claude/plugins/cache/claude-plugins-official/frontend-design/unknown/bin:/Users/antoniogrillo-balen/.claude/plugins/cache/claude-plugins-official/code-simplifier/1.0.0/bin:/Users/antoniogrillo-balen/.claude/plugins/cache/claude-plugins-official/security-guidance/unknown/bin:/Users/antoniogrillo-balen/.claude/plugins/cache/thedotmack/claude-mem/12.1.1/bin
    export PATH_PREFIXES_EXCLUDED_FROM_HEADER_DEPENDENCIES\=/usr/include\ /usr/local/include\ /System/Library/Frameworks\ /System/Library/PrivateFrameworks\ /Applications/Xcode.app/Contents/Developer/Headers\ /Applications/Xcode.app/Contents/Developer/SDKs\ /Applications/Xcode.app/Contents/Developer/Platforms
    export PBDEVELOPMENTPLIST_PATH\=React_featureflags.framework/pbdevelopment.plist
    export PER_ARCH_MODULE_FILE_DIR\=/Users/antoniogrillo-balen/Library/Developer/Xcode/DerivedData/risebysolis-gzfsziqwziaggpcbgdowmssiasmi/Build/Intermediates.noindex/Pods.build/Debug-iphonesimulator/React-featureflags.build/Objects-normal/undefined_arch
    export PER_ARCH_OBJECT_FILE_DIR\=/Users/antoniogrillo-balen/Library/Developer/Xcode/DerivedData/risebysolis-gzfsziqwziaggpcbgdowmssiasmi/Build/Intermediates.noindex/Pods.build/Debug-iphonesimulator/React-featureflags.build/Objects-normal/undefined_arch
    export PER_VARIANT_OBJECT_FILE_DIR\=/Users/antoniogrillo-balen/Library/Developer/Xcode/DerivedData/risebysolis-gzfsziqwziaggpcbgdowmssiasmi/Build/Intermediates.noindex/Pods.build/Debug-iphonesimulator/React-featureflags.build/Objects-normal
    export PKGINFO_FILE_PATH\=/Users/antoniogrillo-balen/Library/Developer/Xcode/DerivedData/risebysolis-gzfsziqwziaggpcbgdowmssiasmi/Build/Intermediates.noindex/Pods.build/Debug-iphonesimulator/React-featureflags.build/PkgInfo
    export PKGINFO_PATH\=React_featureflags.framework/PkgInfo
    export PLATFORM_DEVELOPER_APPLICATIONS_DIR\=/Applications/Xcode.app/Contents/Developer/Platforms/iPhoneSimulator.platform/Developer/Applications
    export PLATFORM_DEVELOPER_BIN_DIR\=/Applications/Xcode.app/Contents/Developer/Platforms/iPhoneSimulator.platform/Developer/usr/bin
    export PLATFORM_DEVELOPER_LIBRARY_DIR\=/Applications/Xcode.app/Contents/Developer/Platforms/iPhoneSimulator.platform/Developer/Library
    export PLATFORM_DEVELOPER_SDK_DIR\=/Applications/Xcode.app/Contents/Developer/Platforms/iPhoneSimulator.platform/Developer/SDKs
    export PLATFORM_DEVELOPER_TOOLS_DIR\=/Applications/Xcode.app/Contents/Developer/Platforms/iPhoneSimulator.platform/Developer/Tools
    export PLATFORM_DEVELOPER_USR_DIR\=/Applications/Xcode.app/Contents/Developer/Platforms/iPhoneSimulator.platform/Developer/usr
    export PLATFORM_DIR\=/Applications/Xcode.app/Contents/Developer/Platforms/iPhoneSimulator.platform
    export PLATFORM_DISPLAY_NAME\=iOS\ Simulator
    export PLATFORM_FAMILY_NAME\=iOS
    export PLATFORM_NAME\=iphonesimulator
    export PLATFORM_PREFERRED_ARCH\=x86_64
    export PLATFORM_PRODUCT_BUILD_VERSION\=23F73
    export PLATFORM_REQUIRES_SWIFT_AUTOLINK_EXTRACT\=NO
    export PLATFORM_REQUIRES_SWIFT_MODULEWRAP\=NO
    export PLATFORM_USES_DSYMS\=YES
    export PLIST_FILE_OUTPUT_FORMAT\=binary
    export PLUGINS_FOLDER_PATH\=React_featureflags.framework/PlugIns
    export PODS_BUILD_DIR\=/Users/antoniogrillo-balen/Library/Developer/Xcode/DerivedData/risebysolis-gzfsziqwziaggpcbgdowmssiasmi/Build/Products
    export PODS_CONFIGURATION_BUILD_DIR\=/Users/antoniogrillo-balen/Library/Developer/Xcode/DerivedData/risebysolis-gzfsziqwziaggpcbgdowmssiasmi/Build/Products/Debug-iphonesimulator
    export PODS_DEVELOPMENT_LANGUAGE\=en
    export PODS_ROOT\=/Users/antoniogrillo-balen/Desktop/Projects/RiseBuild/ios/Pods
    export PODS_TARGET_SRCROOT\=/Users/antoniogrillo-balen/Desktop/Projects/RiseBuild/ios/Pods/../../node_modules/react-native/ReactCommon/react/featureflags
    export PODS_XCFRAMEWORKS_BUILD_DIR\=/Users/antoniogrillo-balen/Library/Developer/Xcode/DerivedData/risebysolis-gzfsziqwziaggpcbgdowmssiasmi/Build/Products/Debug-iphonesimulator/XCFrameworkIntermediates
    export PRECOMPS_INCLUDE_HEADERS_FROM_BUILT_PRODUCTS_DIR\=YES
    export PRECOMP_DESTINATION_DIR\=/Users/antoniogrillo-balen/Library/Developer/Xcode/DerivedData/risebysolis-gzfsziqwziaggpcbgdowmssiasmi/Build/Intermediates.noindex/Pods.build/Debug-iphonesimulator/React-featureflags.build/PrefixHeaders
    export PRIVATE_HEADERS_FOLDER_PATH\=React_featureflags.framework/PrivateHeaders
    export PROCESSED_INFOPLIST_PATH\=/Users/antoniogrillo-balen/Library/Developer/Xcode/DerivedData/risebysolis-gzfsziqwziaggpcbgdowmssiasmi/Build/Intermediates.noindex/Pods.build/Debug-iphonesimulator/React-featureflags.build/Objects-normal/undefined_arch/Processed-Info.plist
    export PRODUCT_BUNDLE_IDENTIFIER\=org.cocoapods.React-featureflags
    export PRODUCT_BUNDLE_PACKAGE_TYPE\=FMWK
    export PRODUCT_MODULE_NAME\=React_featureflags
    export PRODUCT_NAME\=React_featureflags
    export PRODUCT_SETTINGS_PATH\=/Users/antoniogrillo-balen/Desktop/Projects/RiseBuild/ios/Pods/Target\ Support\ Files/React-featureflags/React-featureflags-Info.plist
    export PRODUCT_TYPE\=com.apple.product-type.framework
    export PROFILING_CODE\=NO
    export PROJECT\=Pods
    export PROJECT_DERIVED_FILE_DIR\=/Users/antoniogrillo-balen/Library/Developer/Xcode/DerivedData/risebysolis-gzfsziqwziaggpcbgdowmssiasmi/Build/Intermediates.noindex/Pods.build/DerivedSources
    export PROJECT_DIR\=/Users/antoniogrillo-balen/Desktop/Projects/RiseBuild/ios/Pods
    export PROJECT_FILE_PATH\=/Users/antoniogrillo-balen/Desktop/Projects/RiseBuild/ios/Pods/Pods.xcodeproj
    export PROJECT_GUID\=8699adb1dd336b26511df848a716bd42
    export PROJECT_NAME\=Pods
    export PROJECT_TEMP_DIR\=/Users/antoniogrillo-balen/Library/Developer/Xcode/DerivedData/risebysolis-gzfsziqwziaggpcbgdowmssiasmi/Build/Intermediates.noindex/Pods.build
    export PROJECT_TEMP_ROOT\=/Users/antoniogrillo-balen/Library/Developer/Xcode/DerivedData/risebysolis-gzfsziqwziaggpcbgdowmssiasmi/Build/Intermediates.noindex
    export PUBLIC_HEADERS_FOLDER_PATH\=React_featureflags.framework/Headers
    export REACT_NATIVE_PATH\=/Users/antoniogrillo-balen/Desktop/Projects/RiseBuild/ios/Pods/../../node_modules/react-native
    export RECOMMENDED_IPHONEOS_DEPLOYMENT_TARGET\=15.0
    export RECURSIVE_SEARCH_PATHS_FOLLOW_SYMLINKS\=YES
    export REMOVE_CVS_FROM_RESOURCES\=YES
    export REMOVE_GIT_FROM_RESOURCES\=YES
    export REMOVE_HEADERS_FROM_EMBEDDED_BUNDLES\=YES
    export REMOVE_HG_FROM_RESOURCES\=YES
    export REMOVE_STATIC_EXECUTABLES_FROM_EMBEDDED_BUNDLES\=YES
    export REMOVE_SVN_FROM_RESOURCES\=YES
    export RESCHEDULE_INDEPENDENT_HEADERS_PHASES\=YES
    export REZ_COLLECTOR_DIR\=/Users/antoniogrillo-balen/Library/Developer/Xcode/DerivedData/risebysolis-gzfsziqwziaggpcbgdowmssiasmi/Build/Intermediates.noindex/Pods.build/Debug-iphonesimulator/React-featureflags.build/ResourceManagerResources
    export REZ_OBJECTS_DIR\=/Users/antoniogrillo-balen/Library/Developer/Xcode/DerivedData/risebysolis-gzfsziqwziaggpcbgdowmssiasmi/Build/Intermediates.noindex/Pods.build/Debug-iphonesimulator/React-featureflags.build/ResourceManagerResources/Objects
    export REZ_SEARCH_PATHS\=/Users/antoniogrillo-balen/Library/Developer/Xcode/DerivedData/risebysolis-gzfsziqwziaggpcbgdowmssiasmi/Build/Products/Debug-iphonesimulator/React-featureflags\ 
    export RPATH_ORIGIN\=@loader_path
    export RUNTIME_EXCEPTION_ALLOW_DYLD_ENVIRONMENT_VARIABLES\=NO
    export RUNTIME_EXCEPTION_ALLOW_JIT\=NO
    export RUNTIME_EXCEPTION_ALLOW_UNSIGNED_EXECUTABLE_MEMORY\=NO
    export RUNTIME_EXCEPTION_DEBUGGING_TOOL\=NO
    export RUNTIME_EXCEPTION_DISABLE_EXECUTABLE_PAGE_PROTECTION\=NO
    export RUNTIME_EXCEPTION_DISABLE_LIBRARY_VALIDATION\=NO
    export SCANNING_PCM_KEEP_CACHE_DIRECTORY\=YES
    export SCAN_ALL_SOURCE_FILES_FOR_INCLUDES\=NO
    export SCRIPTS_FOLDER_PATH\=React_featureflags.framework/Scripts
    export SCRIPT_INPUT_FILE_COUNT\=0
    export SCRIPT_INPUT_FILE_LIST_COUNT\=0
    export SCRIPT_OUTPUT_FILE_COUNT\=0
    export SCRIPT_OUTPUT_FILE_LIST_COUNT\=0
    export SDKROOT\=/Applications/Xcode.app/Contents/Developer/Platforms/iPhoneSimulator.platform/Developer/SDKs/iPhoneSimulator26.5.sdk
    export SDK_DIR\=/Applications/Xcode.app/Contents/Developer/Platforms/iPhoneSimulator.platform/Developer/SDKs/iPhoneSimulator26.5.sdk
    export SDK_DIR_iphonesimulator\=/Applications/Xcode.app/Contents/Developer/Platforms/iPhoneSimulator.platform/Developer/SDKs/iPhoneSimulator26.5.sdk
    export SDK_DIR_iphonesimulator26_5\=/Applications/Xcode.app/Contents/Developer/Platforms/iPhoneSimulator.platform/Developer/SDKs/iPhoneSimulator26.5.sdk
    export SDK_NAME\=iphonesimulator26.5
    export SDK_NAMES\=iphonesimulator26.5
    export SDK_PRODUCT_BUILD_VERSION\=23F73
    export SDK_STAT_CACHE_DIR\=/Users/antoniogrillo-balen/Library/Developer/Xcode/DerivedData
    export SDK_STAT_CACHE_ENABLE\=YES
    export SDK_STAT_CACHE_PATH\=/Users/antoniogrillo-balen/Library/Developer/Xcode/DerivedData/SDKStatCaches.noindex/iphonesimulator26.5-23F73-6cfe768891a92b912361537c460fe42b.sdkstatcache
    export SDK_VERSION\=26.5
    export SDK_VERSION_ACTUAL\=260500
    export SDK_VERSION_MAJOR\=260000
    export SDK_VERSION_MINOR\=260500
    export SED\=/usr/bin/sed
    export SEPARATE_STRIP\=NO
    export SEPARATE_SYMBOL_EDIT\=NO
    export SET_DIR_MODE_OWNER_GROUP\=YES
    export SET_FILE_MODE_OWNER_GROUP\=NO
    export SHALLOW_BUNDLE\=YES
    export SHALLOW_BUNDLE_TRIPLE\=ios-simulator
    export SHALLOW_BUNDLE_ios_macabi\=NO
    export SHALLOW_BUNDLE_macos\=NO
    export SHARED_DERIVED_FILE_DIR\=/Users/antoniogrillo-balen/Library/Developer/Xcode/DerivedData/risebysolis-gzfsziqwziaggpcbgdowmssiasmi/Build/Products/Debug-iphonesimulator/React-featureflags/DerivedSources
    export SHARED_FRAMEWORKS_FOLDER_PATH\=React_featureflags.framework/SharedFrameworks
    export SHARED_PRECOMPS_DIR\=/Users/antoniogrillo-balen/Library/Developer/Xcode/DerivedData/risebysolis-gzfsziqwziaggpcbgdowmssiasmi/Build/Intermediates.noindex/PrecompiledHeaders
    export SHARED_SUPPORT_FOLDER_PATH\=React_featureflags.framework
    export SKIP_INSTALL\=YES
    export SKIP_MERGEABLE_LIBRARY_BUNDLE_HOOK\=NO
    export SOURCE_ROOT\=/Users/antoniogrillo-balen/Desktop/Projects/RiseBuild/ios/Pods
    export SRCROOT\=/Users/antoniogrillo-balen/Desktop/Projects/RiseBuild/ios/Pods
    export STRINGSDATA_DIR\=/Users/antoniogrillo-balen/Library/Developer/Xcode/DerivedData/risebysolis-gzfsziqwziaggpcbgdowmssiasmi/Build/Intermediates.noindex/Pods.build/Debug-iphonesimulator/React-featureflags.build/Objects-normal/undefined_arch
    export STRINGSDATA_ROOT\=/Users/antoniogrillo-balen/Library/Developer/Xcode/DerivedData/risebysolis-gzfsziqwziaggpcbgdowmssiasmi/Build/Intermediates.noindex/Pods.build/Debug-iphonesimulator/React-featureflags.build
    export STRINGS_FILE_INFOPLIST_RENAME\=YES
    export STRINGS_FILE_OUTPUT_ENCODING\=binary
    export STRING_CATALOG_GENERATE_SYMBOLS\=NO
    export STRIP_BITCODE_FROM_COPIED_FILES\=NO
    export STRIP_INSTALLED_PRODUCT\=NO
    export STRIP_STYLE\=debugging
    export STRIP_SWIFT_SYMBOLS\=YES
    export SUPPORTED_DEVICE_FAMILIES\=1,2
    export SUPPORTED_PLATFORMS\=iphoneos\ iphonesimulator
    export SUPPORTS_TEXT_BASED_API\=NO
    export SUPPRESS_WARNINGS\=NO
    export SWIFT_ACTIVE_COMPILATION_CONDITIONS\=\ DEBUG\ 
    export SWIFT_EMIT_CONST_VALUE_PROTOCOLS\=AnyResolverProviding\ AppEntity\ AppEnum\ AppExtension\ AppIntent\ AppIntentsPackage\ AppShortcutProviding\ AppShortcutsProvider\ AppUnionValue\ AppUnionValueCasesProviding\ DynamicOptionsProvider\ EntityQuery\ ExtensionPointDefining\ IntentValueQuery\ Resolver\ TransientEntity\ _AssistantIntentsProvider\ _GenerativeFunctionExtractable\ _IntentValueRepresentable
    export SWIFT_EMIT_LOC_STRINGS\=NO
    export SWIFT_ENABLE_EXPLICIT_MODULES\=YES
    export SWIFT_INSTALL_MODULE_FOR_DEPLOYMENT\=YES
    export SWIFT_INSTALL_OBJC_HEADER\=YES
    export SWIFT_OPTIMIZATION_LEVEL\=-Onone
    export SWIFT_PLATFORM_TARGET_PREFIX\=ios
    export SWIFT_RESPONSE_FILE_PATH_normal_arm64\=/Users/antoniogrillo-balen/Library/Developer/Xcode/DerivedData/risebysolis-gzfsziqwziaggpcbgdowmssiasmi/Build/Intermediates.noindex/Pods.build/Debug-iphonesimulator/React-featureflags.build/Objects-normal/arm64/React_featureflags.SwiftFileList
    export SWIFT_VERSION\=5.0
    export SYMROOT\=/Users/antoniogrillo-balen/Library/Developer/Xcode/DerivedData/risebysolis-gzfsziqwziaggpcbgdowmssiasmi/Build/Products
    export SYSTEM_ADMIN_APPS_DIR\=/Applications/Utilities
    export SYSTEM_APPS_DIR\=/Applications
    export SYSTEM_CORE_SERVICES_DIR\=/System/Library/CoreServices
    export SYSTEM_DEMOS_DIR\=/Applications/Extras
    export SYSTEM_DEVELOPER_APPS_DIR\=/Applications/Xcode.app/Contents/Developer/Applications
    export SYSTEM_DEVELOPER_BIN_DIR\=/Applications/Xcode.app/Contents/Developer/usr/bin
    export SYSTEM_DEVELOPER_DEMOS_DIR\=/Applications/Xcode.app/Contents/Developer/Applications/Utilities/Built\ Examples
    export SYSTEM_DEVELOPER_DIR\=/Applications/Xcode.app/Contents/Developer
    export SYSTEM_DEVELOPER_DOC_DIR\=/Applications/Xcode.app/Contents/Developer/ADC\ Reference\ Library
    export SYSTEM_DEVELOPER_GRAPHICS_TOOLS_DIR\=/Applications/Xcode.app/Contents/Developer/Applications/Graphics\ Tools
    export SYSTEM_DEVELOPER_JAVA_TOOLS_DIR\=/Applications/Xcode.app/Contents/Developer/Applications/Java\ Tools
    export SYSTEM_DEVELOPER_PERFORMANCE_TOOLS_DIR\=/Applications/Xcode.app/Contents/Developer/Applications/Performance\ Tools
    export SYSTEM_DEVELOPER_RELEASENOTES_DIR\=/Applications/Xcode.app/Contents/Developer/ADC\ Reference\ Library/releasenotes
    export SYSTEM_DEVELOPER_TOOLS\=/Applications/Xcode.app/Contents/Developer/Tools
    export SYSTEM_DEVELOPER_TOOLS_DOC_DIR\=/Applications/Xcode.app/Contents/Developer/ADC\ Reference\ Library/documentation/DeveloperTools
    export SYSTEM_DEVELOPER_TOOLS_RELEASENOTES_DIR\=/Applications/Xcode.app/Contents/Developer/ADC\ Reference\ Library/releasenotes/DeveloperTools
    export SYSTEM_DEVELOPER_USR_DIR\=/Applications/Xcode.app/Contents/Developer/usr
    export SYSTEM_DEVELOPER_UTILITIES_DIR\=/Applications/Xcode.app/Contents/Developer/Applications/Utilities
    export SYSTEM_DEXT_INSTALL_PATH\=/System/Library/DriverExtensions
    export SYSTEM_DOCUMENTATION_DIR\=/Library/Documentation
    export SYSTEM_EXTENSIONS_FOLDER_PATH\=React_featureflags.framework/SystemExtensions
    export SYSTEM_EXTENSIONS_FOLDER_PATH_SHALLOW_BUNDLE_NO\=React_featureflags.framework/Library/SystemExtensions
    export SYSTEM_EXTENSIONS_FOLDER_PATH_SHALLOW_BUNDLE_YES\=React_featureflags.framework/SystemExtensions
    export SYSTEM_KEXT_INSTALL_PATH\=/System/Library/Extensions
    export SYSTEM_LIBRARY_DIR\=/System/Library
    export TAPI_DEMANGLE\=YES
    export TAPI_ENABLE_PROJECT_HEADERS\=NO
    export TAPI_LANGUAGE\=objective-c
    export TAPI_LANGUAGE_STANDARD\=compiler-default
    export TAPI_USE_SRCROOT\=YES
    export TAPI_VERIFY_MODE\=Pedantic
    export TARGETED_DEVICE_FAMILY\=1,2
    export TARGETNAME\=React-featureflags
    export TARGET_BUILD_DIR\=/Users/antoniogrillo-balen/Library/Developer/Xcode/DerivedData/risebysolis-gzfsziqwziaggpcbgdowmssiasmi/Build/Products/Debug-iphonesimulator/React-featureflags
    export TARGET_DEVICE_IDENTIFIER\=0C333F8A-4681-4475-855E-6FFD70F12533
    export TARGET_DEVICE_MODEL\=iPhone16,2
    export TARGET_DEVICE_OS_VERSION\=26.4.1
    export TARGET_DEVICE_PLATFORM_NAME\=iphonesimulator
    export TARGET_NAME\=React-featureflags
    export TARGET_TEMP_DIR\=/Users/antoniogrillo-balen/Library/Developer/Xcode/DerivedData/risebysolis-gzfsziqwziaggpcbgdowmssiasmi/Build/Intermediates.noindex/Pods.build/Debug-iphonesimulator/React-featureflags.build
    export TEMP_DIR\=/Users/antoniogrillo-balen/Library/Developer/Xcode/DerivedData/risebysolis-gzfsziqwziaggpcbgdowmssiasmi/Build/Intermediates.noindex/Pods.build/Debug-iphonesimulator/React-featureflags.build
    export TEMP_FILES_DIR\=/Users/antoniogrillo-balen/Library/Developer/Xcode/DerivedData/risebysolis-gzfsziqwziaggpcbgdowmssiasmi/Build/Intermediates.noindex/Pods.build/Debug-iphonesimulator/React-featureflags.build
    export TEMP_FILE_DIR\=/Users/antoniogrillo-balen/Library/Developer/Xcode/DerivedData/risebysolis-gzfsziqwziaggpcbgdowmssiasmi/Build/Intermediates.noindex/Pods.build/Debug-iphonesimulator/React-featureflags.build
    export TEMP_ROOT\=/Users/antoniogrillo-balen/Library/Developer/Xcode/DerivedData/risebysolis-gzfsziqwziaggpcbgdowmssiasmi/Build/Intermediates.noindex
    export TEMP_SANDBOX_DIR\=/Users/antoniogrillo-balen/Library/Developer/Xcode/DerivedData/risebysolis-gzfsziqwziaggpcbgdowmssiasmi/Build/Intermediates.noindex/TemporaryTaskSandboxes
    export TEST_FRAMEWORK_SEARCH_PATHS\=\ /Applications/Xcode.app/Contents/Developer/Platforms/iPhoneSimulator.platform/Developer/Library/Frameworks\ /Applications/Xcode.app/Contents/Developer/Platforms/iPhoneSimulator.platform/Developer/SDKs/iPhoneSimulator26.5.sdk/Developer/Library/Frameworks
    export TEST_LIBRARY_SEARCH_PATHS\=\ /Applications/Xcode.app/Contents/Developer/Platforms/iPhoneSimulator.platform/Developer/usr/lib
    export TOOLCHAINS\=com.apple.dt.toolchain.XcodeDefault
    export TOOLCHAIN_DIR\=/Applications/Xcode.app/Contents/Developer/Toolchains/XcodeDefault.xctoolchain
    export TREAT_MISSING_BASELINES_AS_TEST_FAILURES\=NO
    export TREAT_MISSING_SCRIPT_PHASE_OUTPUTS_AS_ERRORS\=NO
    export TeamIdentifierPrefix\=FAKETEAMID.
    export UID\=501
    export UNINSTALLED_PRODUCTS_DIR\=/Users/antoniogrillo-balen/Library/Developer/Xcode/DerivedData/risebysolis-gzfsziqwziaggpcbgdowmssiasmi/Build/Intermediates.noindex/UninstalledProducts
    export UNLOCALIZED_RESOURCES_FOLDER_PATH\=React_featureflags.framework
    export UNLOCALIZED_RESOURCES_FOLDER_PATH_SHALLOW_BUNDLE_NO\=React_featureflags.framework/Resources
    export UNLOCALIZED_RESOURCES_FOLDER_PATH_SHALLOW_BUNDLE_YES\=React_featureflags.framework
    export UNSTRIPPED_PRODUCT\=NO
    export USER\=antoniogrillo-balen
    export USER_APPS_DIR\=/Users/antoniogrillo-balen/Applications
    export USER_LIBRARY_DIR\=/Users/antoniogrillo-balen/Library
    export USE_DYNAMIC_NO_PIC\=YES
    export USE_HEADERMAP\=YES
    export USE_HEADER_SYMLINKS\=NO
    export USE_HERMES\=true
    export USE_RECURSIVE_SCRIPT_INPUTS_IN_SCRIPT_PHASES\=YES
    export VALIDATE_DEVELOPMENT_ASSET_PATHS\=YES_ERROR
    export VALIDATE_PRODUCT\=NO
    export VALID_ARCHS\=arm64\ x86_64
    export VERBOSE_PBXCP\=NO
    export VERSIONING_SYSTEM\=apple-generic
    export VERSIONPLIST_PATH\=React_featureflags.framework/version.plist
    export VERSIONS_FOLDER_PATH\=React_featureflags.framework
    export VERSIONS_FOLDER_PATH_SHALLOW_BUNDLE_NO\=React_featureflags.framework/Versions
    export VERSIONS_FOLDER_PATH_SHALLOW_BUNDLE_YES\=React_featureflags.framework
    export VERSION_INFO_BUILDER\=antoniogrillo-balen
    export VERSION_INFO_FILE\=React_featureflags_vers.c
    export VERSION_INFO_STRING\=\"@\(\#\)PROGRAM:React_featureflags\ \ PROJECT:Pods-1\"
    export WORKSPACE_DIR\=/Users/antoniogrillo-balen/Desktop/Projects/RiseBuild/ios
    export WRAPPER_EXTENSION\=framework
    export WRAPPER_NAME\=React_featureflags.framework
    export WRAPPER_SUFFIX\=.framework
    export WRAP_ASSET_PACKS_IN_SEPARATE_DIRECTORIES\=NO
    export XCODE_APP_SUPPORT_DIR\=/Applications/Xcode.app/Contents/Developer/Library/Xcode
    export XCODE_PRODUCT_BUILD_VERSION\=17F42
    export XCODE_VERSION_ACTUAL\=2650
    export XCODE_VERSION_MAJOR\=2600
    export XCODE_VERSION_MINOR\=2650
    export XPCSERVICES_FOLDER_PATH\=React_featureflags.framework/XPCServices
    export YACC\=yacc
    export _DISCOVER_COMMAND_LINE_LINKER_INPUTS\=YES
    export _DISCOVER_COMMAND_LINE_LINKER_INPUTS_INCLUDE_WL\=YES
    export _LD_MULTIARCH\=YES
    export _WRAPPER_CONTENTS_DIR_SHALLOW_BUNDLE_NO\=/Contents
    export _WRAPPER_PARENT_PATH_SHALLOW_BUNDLE_NO\=/..
    export _WRAPPER_RESOURCES_DIR_SHALLOW_BUNDLE_NO\=/Resources
    export __DIAGNOSE_DEPRECATED_ARCHS\=YES
    export __ORIGINAL_SDK_DEFINED_LLVM_TARGET_TRIPLE_SYS\=ios
    export arch\=undefined_arch
    export variant\=normal
    /bin/sh -c /Users/antoniogrillo-balen/Library/Developer/Xcode/DerivedData/risebysolis-gzfsziqwziaggpcbgdowmssiasmi/Build/Intermediates.noindex/Pods.build/Debug-iphonesimulator/React-featureflags.build/Script-46EB2E0002AC30.sh

warning: Run script build phase 'Create Symlinks to Header Folders' will be run during every build because it does not specify any outputs. To address this issue, either add output dependencies to the script phase, or configure it to run in every build by unchecking "Based on dependency analysis" in the script phase. (in target 'React-debug' from project 'Pods')
PhaseScriptExecution Create\ Symlinks\ to\ Header\ Folders /Users/antoniogrillo-balen/Library/Developer/Xcode/DerivedData/risebysolis-gzfsziqwziaggpcbgdowmssiasmi/Build/Intermediates.noindex/Pods.build/Debug-iphonesimulator/React-debug.build/Script-46EB2E0002A710.sh (in target 'React-debug' from project 'Pods')
    cd /Users/antoniogrillo-balen/Desktop/Projects/RiseBuild/ios/Pods
    export ACTION\=build
    export AD_HOC_CODE_SIGNING_ALLOWED\=YES
    export ALLOW_BUILD_REQUEST_OVERRIDES\=NO
    export ALLOW_TARGET_PLATFORM_SPECIALIZATION\=NO
    export ALTERNATE_GROUP\=staff
    export ALTERNATE_MODE\=u+w,go-w,a+rX
    export ALTERNATE_OWNER\=antoniogrillo-balen
    export ALTERNATIVE_DISTRIBUTION_WEB\=NO
    export ALWAYS_EMBED_SWIFT_STANDARD_LIBRARIES\=NO
    export ALWAYS_SEARCH_USER_PATHS\=NO
    export ALWAYS_USE_SEPARATE_HEADERMAPS\=NO
    export APPLICATION_EXTENSION_API_ONLY\=NO
    export APPLY_RULES_IN_COPY_FILES\=NO
    export APPLY_RULES_IN_COPY_HEADERS\=NO
    export APP_SHORTCUTS_ENABLE_FLEXIBLE_MATCHING\=YES
    export ARCHS\=arm64
    export ARCHS_BASE\=arm64
    export ARCHS_STANDARD\=arm64\ x86_64
    export ARCHS_STANDARD_32_64_BIT\=arm64\ x86_64
    export ARCHS_STANDARD_64_BIT\=arm64\ x86_64
    export ARCHS_STANDARD_INCLUDING_64_BIT\=arm64\ x86_64
    export ARCHS_UNIVERSAL_IPHONE_OS\=arm64\ x86_64
    export ASSETCATALOG_FILTER_FOR_DEVICE_MODEL\=iPhone16,2
    export ASSETCATALOG_FILTER_FOR_DEVICE_OS_VERSION\=26.4.1
    export ASSETCATALOG_FILTER_FOR_THINNING_DEVICE_CONFIGURATION\=iPhone16,2
    export AUTOMATICALLY_MERGE_DEPENDENCIES\=NO
    export AUTOMATION_APPLE_EVENTS\=NO
    export AVAILABLE_PLATFORMS\=android\ appletvos\ appletvsimulator\ driverkit\ freebsd\ iphoneos\ iphonesimulator\ linux\ macosx\ none\ openbsd\ qnx\ watchos\ watchsimulator\ webassembly\ xros\ xrsimulator
    export AppIdentifierPrefix\=FAKETEAMID.
    export BUILD_ACTIVE_RESOURCES_ONLY\=YES
    export BUILD_COMPONENTS\=headers\ build
    export BUILD_DIR\=/Users/antoniogrillo-balen/Library/Developer/Xcode/DerivedData/risebysolis-gzfsziqwziaggpcbgdowmssiasmi/Build/Products
    export BUILD_LIBRARY_FOR_DISTRIBUTION\=NO
    export BUILD_ONLY_KNOWN_LOCALIZATIONS\=NO
    export BUILD_ROOT\=/Users/antoniogrillo-balen/Library/Developer/Xcode/DerivedData/risebysolis-gzfsziqwziaggpcbgdowmssiasmi/Build/Products
    export BUILD_STYLE\=
    export BUILD_VARIANTS\=normal
    export BUILT_PRODUCTS_DIR\=/Users/antoniogrillo-balen/Library/Developer/Xcode/DerivedData/risebysolis-gzfsziqwziaggpcbgdowmssiasmi/Build/Products/Debug-iphonesimulator/React-debug
    export BUNDLE_CONTENTS_FOLDER_PATH_deep\=Contents/
    export BUNDLE_EXECUTABLE_FOLDER_NAME_deep\=MacOS
    export BUNDLE_EXTENSIONS_FOLDER_PATH\=Extensions
    export BUNDLE_FORMAT\=shallow
    export BUNDLE_FRAMEWORKS_FOLDER_PATH\=Frameworks
    export BUNDLE_PLUGINS_FOLDER_PATH\=PlugIns
    export BUNDLE_PRIVATE_HEADERS_FOLDER_PATH\=PrivateHeaders
    export BUNDLE_PUBLIC_HEADERS_FOLDER_PATH\=Headers
    export CACHE_ROOT\=/var/folders/2z/jtlqylkx0c709j3xb7b0g4cm0000gn/C/com.apple.DeveloperTools/26.5-17F42/Xcode
    export CCHROOT\=/var/folders/2z/jtlqylkx0c709j3xb7b0g4cm0000gn/C/com.apple.DeveloperTools/26.5-17F42/Xcode
    export CHMOD\=/bin/chmod
    export CHOWN\=chown
    export CLANG_ANALYZER_LOCALIZABILITY_NONLOCALIZED\=YES
    export CLANG_ANALYZER_NONNULL\=YES
    export CLANG_ANALYZER_NUMBER_OBJECT_CONVERSION\=YES_AGGRESSIVE
    export CLANG_CACHE_FINE_GRAINED_OUTPUTS\=YES
    export CLANG_CXX_LANGUAGE_STANDARD\=c++20
    export CLANG_CXX_LIBRARY\=libc++
    export CLANG_ENABLE_EXPLICIT_MODULES\=YES
    export CLANG_ENABLE_MODULES\=YES
    export CLANG_ENABLE_OBJC_ARC\=YES
    export CLANG_ENABLE_OBJC_WEAK\=NO
    export CLANG_MODULES_BUILD_SESSION_FILE\=/Users/antoniogrillo-balen/Library/Developer/Xcode/DerivedData/ModuleCache.noindex/Session.modulevalidation
    export CLANG_WARN_BLOCK_CAPTURE_AUTORELEASING\=YES
    export CLANG_WARN_BOOL_CONVERSION\=YES
    export CLANG_WARN_COMMA\=YES
    export CLANG_WARN_CONSTANT_CONVERSION\=YES
    export CLANG_WARN_DEPRECATED_OBJC_IMPLEMENTATIONS\=YES
    export CLANG_WARN_DIRECT_OBJC_ISA_USAGE\=YES_ERROR
    export CLANG_WARN_DOCUMENTATION_COMMENTS\=YES
    export CLANG_WARN_EMPTY_BODY\=YES
    export CLANG_WARN_ENUM_CONVERSION\=YES
    export CLANG_WARN_INFINITE_RECURSION\=YES
    export CLANG_WARN_INT_CONVERSION\=YES
    export CLANG_WARN_NON_LITERAL_NULL_CONVERSION\=YES
    export CLANG_WARN_OBJC_IMPLICIT_RETAIN_SELF\=YES
    export CLANG_WARN_OBJC_LITERAL_CONVERSION\=YES
    export CLANG_WARN_OBJC_ROOT_CLASS\=YES_ERROR
    export CLANG_WARN_QUOTED_INCLUDE_IN_FRAMEWORK_HEADER\=NO
    export CLANG_WARN_RANGE_LOOP_ANALYSIS\=YES
    export CLANG_WARN_STRICT_PROTOTYPES\=YES
    export CLANG_WARN_SUSPICIOUS_MOVE\=YES
    export CLANG_WARN_UNGUARDED_AVAILABILITY\=YES_AGGRESSIVE
    export CLANG_WARN_UNREACHABLE_CODE\=YES
    export CLANG_WARN__DUPLICATE_METHOD_MATCH\=YES
    export CLASS_FILE_DIR\=/Users/antoniogrillo-balen/Library/Developer/Xcode/DerivedData/risebysolis-gzfsziqwziaggpcbgdowmssiasmi/Build/Intermediates.noindex/Pods.build/Debug-iphonesimulator/React-debug.build/JavaClasses
    export CLEAN_PRECOMPS\=YES
    export CLONE_HEADERS\=NO
    export CODESIGNING_FOLDER_PATH\=/Users/antoniogrillo-balen/Library/Developer/Xcode/DerivedData/risebysolis-gzfsziqwziaggpcbgdowmssiasmi/Build/Products/Debug-iphonesimulator/React-debug/React_debug.framework
    export CODE_SIGNING_ALLOWED\=YES
    export CODE_SIGNING_REQUIRED\=NO
    export CODE_SIGNING_REQUIRES_TEAM\=YES
    export CODE_SIGN_CONTEXT_CLASS\=XCiPhoneSimulatorCodeSignContext
    export CODE_SIGN_IDENTITY\=-
    export CODE_SIGN_INJECT_BASE_ENTITLEMENTS\=YES
    export COLOR_DIAGNOSTICS\=NO
    export COMBINE_HIDPI_IMAGES\=NO
    export COMPILATION_CACHE_CAS_PATH\=/Users/antoniogrillo-balen/Library/Developer/Xcode/DerivedData/CompilationCache.noindex
    export COMPILATION_CACHE_KEEP_CAS_DIRECTORY\=YES
    export COMPILER_INDEX_STORE_ENABLE\=Default
    export COMPOSITE_SDK_DIRS\=/Users/antoniogrillo-balen/Library/Developer/Xcode/DerivedData/risebysolis-gzfsziqwziaggpcbgdowmssiasmi/Build/Intermediates.noindex/CompositeSDKs
    export COMPRESS_PNG_FILES\=YES
    export CONFIGURATION\=Debug
    export CONFIGURATION_BUILD_DIR\=/Users/antoniogrillo-balen/Library/Developer/Xcode/DerivedData/risebysolis-gzfsziqwziaggpcbgdowmssiasmi/Build/Products/Debug-iphonesimulator/React-debug
    export CONFIGURATION_TEMP_DIR\=/Users/antoniogrillo-balen/Library/Developer/Xcode/DerivedData/risebysolis-gzfsziqwziaggpcbgdowmssiasmi/Build/Intermediates.noindex/Pods.build/Debug-iphonesimulator
    export CONTENTS_FOLDER_PATH\=React_debug.framework
    export CONTENTS_FOLDER_PATH_SHALLOW_BUNDLE_NO\=React_debug.framework/A
    export CONTENTS_FOLDER_PATH_SHALLOW_BUNDLE_YES\=React_debug.framework
    export COPYING_PRESERVES_HFS_DATA\=NO
    export COPY_HEADERS_RUN_UNIFDEF\=NO
    export COPY_PHASE_STRIP\=NO
    export CORRESPONDING_DEVICE_PLATFORM_DIR\=/Applications/Xcode.app/Contents/Developer/Platforms/iPhoneOS.platform
    export CORRESPONDING_DEVICE_PLATFORM_NAME\=iphoneos
    export CORRESPONDING_DEVICE_SDK_DIR\=/Applications/Xcode.app/Contents/Developer/Platforms/iPhoneOS.platform/Developer/SDKs/iPhoneOS26.5.sdk
    export CORRESPONDING_DEVICE_SDK_NAME\=iphoneos26.5
    export CP\=/bin/cp
    export CREATE_INFOPLIST_SECTION_IN_BINARY\=NO
    export CURRENT_ARCH\=undefined_arch
    export CURRENT_PROJECT_VERSION\=1
    export CURRENT_VARIANT\=normal
    export CURRENT_VERSION\=Current
    export DEAD_CODE_STRIPPING\=YES
    export DEBUGGING_SYMBOLS\=YES
    export DEBUG_INFORMATION_FORMAT\=dwarf
    export DEBUG_INFORMATION_VERSION\=compiler-default
    export DEFAULT_COMPILER\=com.apple.compilers.llvm.clang.1_0
    export DEFAULT_DEXT_INSTALL_PATH\=/System/Library/DriverExtensions
    export DEFAULT_KEXT_INSTALL_PATH\=/System/Library/Extensions
    export DEFINES_MODULE\=YES
    export DEPLOYMENT_LOCATION\=NO
    export DEPLOYMENT_POSTPROCESSING\=NO
    export DEPLOYMENT_TARGET_SETTING_NAME\=IPHONEOS_DEPLOYMENT_TARGET
    export DEPLOYMENT_TARGET_SUGGESTED_VALUES\=12.0\ 12.1\ 12.2\ 12.3\ 12.4\ 13.0\ 13.1\ 13.2\ 13.3\ 13.4\ 13.5\ 13.6\ 14.0\ 14.1\ 14.2\ 14.3\ 14.4\ 14.5\ 14.6\ 14.7\ 15.0\ 15.1\ 15.2\ 15.3\ 15.4\ 15.5\ 15.6\ 16.0\ 16.1\ 16.2\ 16.3\ 16.4\ 16.5\ 16.6\ 17.0\ 17.1\ 17.2\ 17.3\ 17.4\ 17.5\ 17.6\ 18.0\ 18.1\ 18.2\ 18.3\ 18.4\ 18.5\ 18.6\ 26.0\ 26.2\ 26.3\ 26.4\ 26.5
    export DERIVED_FILES_DIR\=/Users/antoniogrillo-balen/Library/Developer/Xcode/DerivedData/risebysolis-gzfsziqwziaggpcbgdowmssiasmi/Build/Intermediates.noindex/Pods.build/Debug-iphonesimulator/React-debug.build/DerivedSources
    export DERIVED_FILE_DIR\=/Users/antoniogrillo-balen/Library/Developer/Xcode/DerivedData/risebysolis-gzfsziqwziaggpcbgdowmssiasmi/Build/Intermediates.noindex/Pods.build/Debug-iphonesimulator/React-debug.build/DerivedSources
    export DERIVED_SOURCES_DIR\=/Users/antoniogrillo-balen/Library/Developer/Xcode/DerivedData/risebysolis-gzfsziqwziaggpcbgdowmssiasmi/Build/Intermediates.noindex/Pods.build/Debug-iphonesimulator/React-debug.build/DerivedSources
    export DEVELOPER_APPLICATIONS_DIR\=/Applications/Xcode.app/Contents/Developer/Applications
    export DEVELOPER_BIN_DIR\=/Applications/Xcode.app/Contents/Developer/usr/bin
    export DEVELOPER_DIR\=/Applications/Xcode.app/Contents/Developer
    export DEVELOPER_FRAMEWORKS_DIR\=/Applications/Xcode.app/Contents/Developer/Library/Frameworks
    export DEVELOPER_FRAMEWORKS_DIR_QUOTED\=/Applications/Xcode.app/Contents/Developer/Library/Frameworks
    export DEVELOPER_LIBRARY_DIR\=/Applications/Xcode.app/Contents/Developer/Library
    export DEVELOPER_SDK_DIR\=/Applications/Xcode.app/Contents/Developer/Platforms/MacOSX.platform/Developer/SDKs
    export DEVELOPER_TOOLS_DIR\=/Applications/Xcode.app/Contents/Developer/Tools
    export DEVELOPER_USR_DIR\=/Applications/Xcode.app/Contents/Developer/usr
    export DEVELOPMENT_LANGUAGE\=en
    export DIAGNOSE_MISSING_TARGET_DEPENDENCIES\=YES
    export DIFF\=/usr/bin/diff
    export DOCUMENTATION_FOLDER_PATH\=React_debug.framework/en.lproj/Documentation
    export DONT_GENERATE_INFOPLIST_FILE\=NO
    export DSTROOT\=/tmp/Pods.dst
    export DT_TOOLCHAIN_DIR\=/Applications/Xcode.app/Contents/Developer/Toolchains/XcodeDefault.xctoolchain
    export DUMP_DEPENDENCIES\=NO
    export DUMP_DEPENDENCIES_OUTPUT_PATH\=/Users/antoniogrillo-balen/Library/Developer/Xcode/DerivedData/risebysolis-gzfsziqwziaggpcbgdowmssiasmi/Build/Intermediates.noindex/Pods.build/Debug-iphonesimulator/React-debug.build/React-debug-BuildDependencyInfo.json
    export DWARF_DSYM_FILE_NAME\=React_debug.framework.dSYM
    export DWARF_DSYM_FILE_SHOULD_ACCOMPANY_PRODUCT\=NO
    export DWARF_DSYM_FOLDER_PATH\=/Users/antoniogrillo-balen/Library/Developer/Xcode/DerivedData/risebysolis-gzfsziqwziaggpcbgdowmssiasmi/Build/Products/Debug-iphonesimulator/React-debug
    export DYLIB_COMPATIBILITY_VERSION\=1
    export DYLIB_CURRENT_VERSION\=1
    export DYLIB_INSTALL_NAME_BASE\=@rpath
    export DYNAMIC_LIBRARY_EXTENSION\=dylib
    export EAGER_COMPILATION_ALLOW_SCRIPTS\=NO
    export EAGER_LINKING\=NO
    export EFFECTIVE_PLATFORM_NAME\=-iphonesimulator
    export EFFECTIVE_SWIFT_VERSION\=5
    export EMBEDDED_CONTENT_CONTAINS_SWIFT\=NO
    export EMBED_ASSET_PACKS_IN_PRODUCT_BUNDLE\=NO
    export ENABLE_APP_SANDBOX\=NO
    export ENABLE_CODE_COVERAGE\=YES
    export ENABLE_COHORT_ARCHS\=NO
    export ENABLE_CPLUSPLUS_BOUNDS_SAFE_BUFFERS\=NO
    export ENABLE_C_BOUNDS_SAFETY\=NO
    export ENABLE_DEFAULT_HEADER_SEARCH_PATHS\=YES
    export ENABLE_DEFAULT_SEARCH_PATHS\=YES
    export ENABLE_ENHANCED_SECURITY\=NO
    export ENABLE_HARDENED_RUNTIME\=NO
    export ENABLE_HEADER_DEPENDENCIES\=YES
    export ENABLE_INCOMING_NETWORK_CONNECTIONS\=NO
    export ENABLE_MODULE_VERIFIER\=NO
    export ENABLE_ON_DEMAND_RESOURCES\=NO
    export ENABLE_OUTGOING_NETWORK_CONNECTIONS\=NO
    export ENABLE_POINTER_AUTHENTICATION\=NO
    export ENABLE_PREVIEWS\=NO
    export ENABLE_RESOURCE_ACCESS_AUDIO_INPUT\=NO
    export ENABLE_RESOURCE_ACCESS_BLUETOOTH\=NO
    export ENABLE_RESOURCE_ACCESS_CALENDARS\=NO
    export ENABLE_RESOURCE_ACCESS_CAMERA\=NO
    export ENABLE_RESOURCE_ACCESS_CONTACTS\=NO
    export ENABLE_RESOURCE_ACCESS_LOCATION\=NO
    export ENABLE_RESOURCE_ACCESS_PHOTO_LIBRARY\=NO
    export ENABLE_RESOURCE_ACCESS_PRINTING\=NO
    export ENABLE_RESOURCE_ACCESS_USB\=NO
    export ENABLE_SDK_IMPORTS\=NO
    export ENABLE_SECURITY_COMPILER_WARNINGS\=NO
    export ENABLE_STRICT_OBJC_MSGSEND\=YES
    export ENABLE_TESTABILITY\=YES
    export ENABLE_TESTING_SEARCH_PATHS\=NO
    export ENABLE_USER_SCRIPT_SANDBOXING\=NO
    export ENABLE_XOJIT_PREVIEWS\=YES
    export ENFORCE_VALID_ARCHS\=YES
    export ENTITLEMENTS_DESTINATION\=__entitlements
    export ENTITLEMENTS_REQUIRED\=NO
    export EXCLUDED_INSTALLSRC_SUBDIRECTORY_PATTERNS\=.DS_Store\ .svn\ .git\ .hg\ CVS
    export EXCLUDED_RECURSIVE_SEARCH_PATH_SUBDIRECTORIES\=\*.nib\ \*.lproj\ \*.framework\ \*.gch\ \*.xcode\*\ \*.xcassets\ \*.icon\ \(\*\)\ .DS_Store\ CVS\ .svn\ .git\ .hg\ \*.pbproj\ \*.pbxproj
    export EXECUTABLES_FOLDER_PATH\=React_debug.framework/en.lproj
    export EXECUTABLE_FOLDER_PATH\=React_debug.framework
    export EXECUTABLE_FOLDER_PATH_SHALLOW_BUNDLE_NO\=React_debug.framework
    export EXECUTABLE_FOLDER_PATH_SHALLOW_BUNDLE_YES\=React_debug.framework
    export EXECUTABLE_NAME\=React_debug
    export EXECUTABLE_PATH\=React_debug.framework/React_debug
    export EXPANDED_CODE_SIGN_IDENTITY\=-
    export EXPANDED_CODE_SIGN_IDENTITY_NAME\=Sign\ to\ Run\ Locally
    export EXTENSIONS_FOLDER_PATH\=React_debug.framework/Extensions
    export FILE_LIST\=/Users/antoniogrillo-balen/Library/Developer/Xcode/DerivedData/risebysolis-gzfsziqwziaggpcbgdowmssiasmi/Build/Intermediates.noindex/Pods.build/Debug-iphonesimulator/React-debug.build/Objects/LinkFileList
    export FIXED_FILES_DIR\=/Users/antoniogrillo-balen/Library/Developer/Xcode/DerivedData/risebysolis-gzfsziqwziaggpcbgdowmssiasmi/Build/Intermediates.noindex/Pods.build/Debug-iphonesimulator/React-debug.build/FixedFiles
    export FRAMEWORKS_FOLDER_PATH\=React_debug.framework/Frameworks
    export FRAMEWORK_FLAG_PREFIX\=-framework
    export FRAMEWORK_SEARCH_PATHS\=/Users/antoniogrillo-balen/Library/Developer/Xcode/DerivedData/risebysolis-gzfsziqwziaggpcbgdowmssiasmi/Build/Products/Debug-iphonesimulator/React-debug\ 
    export FRAMEWORK_VERSION\=A
    export FULL_PRODUCT_NAME\=React_debug.framework
    export FUSE_BUILD_PHASES\=YES
    export FUSE_BUILD_SCRIPT_PHASES\=NO
    export GCC3_VERSION\=3.3
    export GCC_C_LANGUAGE_STANDARD\=gnu11
    export GCC_DYNAMIC_NO_PIC\=NO
    export GCC_INLINES_ARE_PRIVATE_EXTERN\=YES
    export GCC_NO_COMMON_BLOCKS\=YES
    export GCC_OBJC_LEGACY_DISPATCH\=YES
    export GCC_OPTIMIZATION_LEVEL\=0
    export GCC_PFE_FILE_C_DIALECTS\=c\ objective-c\ c++\ objective-c++
    export GCC_PREFIX_HEADER\=Target\ Support\ Files/React-debug/React-debug-prefix.pch
    export GCC_PREPROCESSOR_DEFINITIONS\=POD_CONFIGURATION_DEBUG\=1\ DEBUG\=1\ \ COCOAPODS\=1
    export GCC_TREAT_WARNINGS_AS_ERRORS\=NO
    export GCC_VERSION\=com.apple.compilers.llvm.clang.1_0
    export GCC_VERSION_IDENTIFIER\=com_apple_compilers_llvm_clang_1_0
    export GCC_WARN_64_TO_32_BIT_CONVERSION\=YES
    export GCC_WARN_ABOUT_RETURN_TYPE\=YES_ERROR
    export GCC_WARN_UNDECLARED_SELECTOR\=YES
    export GCC_WARN_UNINITIALIZED_AUTOS\=YES_AGGRESSIVE
    export GCC_WARN_UNUSED_FUNCTION\=YES
    export GCC_WARN_UNUSED_VARIABLE\=YES
    export GENERATED_MODULEMAP_DIR\=/Users/antoniogrillo-balen/Library/Developer/Xcode/DerivedData/risebysolis-gzfsziqwziaggpcbgdowmssiasmi/Build/Intermediates.noindex/GeneratedModuleMaps-iphonesimulator
    export GENERATE_INFOPLIST_FILE\=NO
    export GENERATE_INTERMEDIATE_TEXT_BASED_STUBS\=YES
    export GENERATE_PKGINFO_FILE\=NO
    export GENERATE_PRELINK_OBJECT_FILE\=NO
    export GENERATE_PROFILING_CODE\=NO
    export GENERATE_TEXT_BASED_STUBS\=NO
    export GID\=20
    export GROUP\=staff
    export HEADERMAP_INCLUDES_FLAT_ENTRIES_FOR_TARGET_BEING_BUILT\=YES
    export HEADERMAP_INCLUDES_FRAMEWORK_ENTRIES_FOR_ALL_PRODUCT_TYPES\=YES
    export HEADERMAP_INCLUDES_FRAMEWORK_ENTRIES_FOR_TARGETS_NOT_BEING_BUILT\=YES
    export HEADERMAP_INCLUDES_NONPUBLIC_NONPRIVATE_HEADERS\=YES
    export HEADERMAP_INCLUDES_PROJECT_HEADERS\=YES
    export HEADERMAP_USES_FRAMEWORK_PREFIX_ENTRIES\=YES
    export HEADERMAP_USES_VFS\=YES
    export HEADER_SEARCH_PATHS\=/Users/antoniogrillo-balen/Library/Developer/Xcode/DerivedData/risebysolis-gzfsziqwziaggpcbgdowmssiasmi/Build/Products/Debug-iphonesimulator/React-debug/include\ \ /Users/antoniogrillo-balen/Library/Developer/Xcode/DerivedData/risebysolis-gzfsziqwziaggpcbgdowmssiasmi/Build/Products/Debug-iphonesimulator/ReactCommon/ReactCommon.framework/Headers\ /Users/antoniogrillo-balen/Library/Developer/Xcode/DerivedData/risebysolis-gzfsziqwziaggpcbgdowmssiasmi/Build/Products/Debug-iphonesimulator/ReactCommon/ReactCommon.framework/Headers/react/nativemodule/core\ /Users/antoniogrillo-balen/Library/Developer/Xcode/DerivedData/risebysolis-gzfsziqwziaggpcbgdowmssiasmi/Build/Products/Debug-iphonesimulator/ReactCommon-Samples/ReactCommon_Samples.framework/Headers\ /Users/antoniogrillo-balen/Library/Developer/Xcode/DerivedData/risebysolis-gzfsziqwziaggpcbgdowmssiasmi/Build/Products/Debug-iphonesimulator/ReactCommon-Samples/ReactCommon_Samples.framework/Headers/platform/ios\ /Users/antoniogrillo-balen/Library/Developer/Xcode/DerivedData/risebysolis-gzfsziqwziaggpcbgdowmssiasmi/Build/Products/Debug-iphonesimulator/React-Fabric/React_Fabric.framework/Headers/react/renderer/components/view/platform/cxx\ /Users/antoniogrillo-balen/Library/Developer/Xcode/DerivedData/risebysolis-gzfsziqwziaggpcbgdowmssiasmi/Build/Products/Debug-iphonesimulator/React-NativeModulesApple/React_NativeModulesApple.framework/Headers\ /Users/antoniogrillo-balen/Library/Developer/Xcode/DerivedData/risebysolis-gzfsziqwziaggpcbgdowmssiasmi/Build/Products/Debug-iphonesimulator/React-graphics/React_graphics.framework/Headers\ /Users/antoniogrillo-balen/Library/Developer/Xcode/DerivedData/risebysolis-gzfsziqwziaggpcbgdowmssiasmi/Build/Products/Debug-iphonesimulator/React-graphics/React_graphics.framework/Headers/react/renderer/graphics/platform/ios
    export HOME\=/Users/antoniogrillo-balen
    export HOST_ARCH\=arm64
    export HOST_PLATFORM\=macosx
    export ICONV\=/usr/bin/iconv
    export IMPLICIT_DEPENDENCY_DOMAIN\=default
    export INDEX_STORE_COMPRESS\=NO
    export INDEX_STORE_ONLY_PROJECT_FILES\=NO
    export INFOPLIST_ENABLE_CFBUNDLEICONS_MERGE\=YES
    export INFOPLIST_EXPAND_BUILD_SETTINGS\=YES
    export INFOPLIST_FILE\=Target\ Support\ Files/React-debug/React-debug-Info.plist
    export INFOPLIST_OUTPUT_FORMAT\=binary
    export INFOPLIST_PATH\=React_debug.framework/Info.plist
    export INFOPLIST_PREPROCESS\=NO
    export INFOSTRINGS_PATH\=React_debug.framework/en.lproj/InfoPlist.strings
    export INLINE_PRIVATE_FRAMEWORKS\=NO
    export INSTALLAPI_IGNORE_SKIP_INSTALL\=YES
    export INSTALLHDRS_COPY_PHASE\=NO
    export INSTALLHDRS_SCRIPT_PHASE\=NO
    export INSTALL_DIR\=/tmp/Pods.dst/Library/Frameworks
    export INSTALL_GROUP\=staff
    export INSTALL_MODE_FLAG\=u+w,go-w,a+rX
    export INSTALL_OWNER\=antoniogrillo-balen
    export INSTALL_PATH\=/Library/Frameworks
    export INSTALL_ROOT\=/tmp/Pods.dst
    export IPHONEOS_DEPLOYMENT_TARGET\=15.1
    export IS_UNOPTIMIZED_BUILD\=YES
    export JAVAC_DEFAULT_FLAGS\=-J-Xms64m\ -J-XX:NewSize\=4M\ -J-Dfile.encoding\=UTF8
    export JAVA_APP_STUB\=/System/Library/Frameworks/JavaVM.framework/Resources/MacOS/JavaApplicationStub
    export JAVA_ARCHIVE_CLASSES\=YES
    export JAVA_ARCHIVE_TYPE\=JAR
    export JAVA_COMPILER\=/usr/bin/javac
    export JAVA_FOLDER_PATH\=React_debug.framework/Java
    export JAVA_FRAMEWORK_RESOURCES_DIRS\=Resources
    export JAVA_JAR_FLAGS\=cv
    export JAVA_SOURCE_SUBDIR\=.
    export JAVA_USE_DEPENDENCIES\=YES
    export JAVA_ZIP_FLAGS\=-urg
    export JIKES_DEFAULT_FLAGS\=+E\ +OLDCSO
    export KEEP_PRIVATE_EXTERNS\=NO
    export LD_DEPENDENCY_INFO_FILE\=/Users/antoniogrillo-balen/Library/Developer/Xcode/DerivedData/risebysolis-gzfsziqwziaggpcbgdowmssiasmi/Build/Intermediates.noindex/Pods.build/Debug-iphonesimulator/React-debug.build/Objects-normal/undefined_arch/React_debug_dependency_info.dat
    export LD_DYLIB_INSTALL_NAME\=@rpath/React_debug.framework/React_debug
    export LD_EXPORT_SYMBOLS\=YES
    export LD_GENERATE_MAP_FILE\=NO
    export LD_MAP_FILE_PATH\=/Users/antoniogrillo-balen/Library/Developer/Xcode/DerivedData/risebysolis-gzfsziqwziaggpcbgdowmssiasmi/Build/Intermediates.noindex/Pods.build/Debug-iphonesimulator/React-debug.build/React_debug-LinkMap-normal-undefined_arch.txt
    export LD_NO_PIE\=NO
    export LD_QUOTE_LINKER_ARGUMENTS_FOR_COMPILER_DRIVER\=YES
    export LD_RUNPATH_SEARCH_PATHS\=\ @executable_path/Frameworks\ @loader_path/Frameworks
    export LD_SHARED_CACHE_ELIGIBLE\=Automatic
    export LD_WARN_DUPLICATE_LIBRARIES\=NO
    export LD_WARN_UNUSED_DYLIBS\=NO
    export LEGACY_DEVELOPER_DIR\=/Applications/Xcode.app/Contents/PlugIns/Xcode3Core.ideplugin/Contents/SharedSupport/Developer
    export LEX\=lex
    export LIBRARY_DEXT_INSTALL_PATH\=/Library/DriverExtensions
    export LIBRARY_FLAG_NOSPACE\=YES
    export LIBRARY_FLAG_PREFIX\=-l
    export LIBRARY_KEXT_INSTALL_PATH\=/Library/Extensions
    export LIBRARY_SEARCH_PATHS\=/Users/antoniogrillo-balen/Library/Developer/Xcode/DerivedData/risebysolis-gzfsziqwziaggpcbgdowmssiasmi/Build/Products/Debug-iphonesimulator/React-debug\ 
    export LINKER_DISPLAYS_MANGLED_NAMES\=NO
    export LINK_FILE_LIST_normal_arm64\=/Users/antoniogrillo-balen/Library/Developer/Xcode/DerivedData/risebysolis-gzfsziqwziaggpcbgdowmssiasmi/Build/Intermediates.noindex/Pods.build/Debug-iphonesimulator/React-debug.build/Objects-normal/arm64/React_debug.LinkFileList
    export LINK_OBJC_RUNTIME\=YES
    export LINK_WITH_STANDARD_LIBRARIES\=YES
    export LLVM_TARGET_TRIPLE_OS_VERSION\=ios15.1
    export LLVM_TARGET_TRIPLE_SUFFIX\=-simulator
    export LLVM_TARGET_TRIPLE_VENDOR\=apple
    export LM_AUX_CONST_METADATA_LIST_PATH_normal_arm64\=/Users/antoniogrillo-balen/Library/Developer/Xcode/DerivedData/risebysolis-gzfsziqwziaggpcbgdowmssiasmi/Build/Intermediates.noindex/Pods.build/Debug-iphonesimulator/React-debug.build/Objects-normal/arm64/React_debug.SwiftConstValuesFileList
    export LOCALIZATION_EXPORT_SUPPORTED\=YES
    export LOCALIZATION_PREFERS_STRING_CATALOGS\=NO
    export LOCALIZED_RESOURCES_FOLDER_PATH\=React_debug.framework/en.lproj
    export LOCALIZED_STRING_CODE_COMMENTS\=NO
    export LOCALIZED_STRING_MACRO_NAMES\=NSLocalizedString\ CFCopyLocalizedString
    export LOCALIZED_STRING_SWIFTUI_SUPPORT\=YES
    export LOCAL_ADMIN_APPS_DIR\=/Applications/Utilities
    export LOCAL_APPS_DIR\=/Applications
    export LOCAL_DEVELOPER_DIR\=/Library/Developer
    export LOCAL_LIBRARY_DIR\=/Library
    export LOCROOT\=/Users/antoniogrillo-balen/Desktop/Projects/RiseBuild/ios/Pods
    export LOCSYMROOT\=/Users/antoniogrillo-balen/Desktop/Projects/RiseBuild/ios/Pods
    export MACH_O_TYPE\=staticlib
    export MAC_OS_X_PRODUCT_BUILD_VERSION\=25E253
    export MAC_OS_X_VERSION_ACTUAL\=260401
    export MAC_OS_X_VERSION_MAJOR\=260000
    export MAC_OS_X_VERSION_MINOR\=260400
    export MAKE_MERGEABLE\=NO
    export MERGEABLE_LIBRARY\=NO
    export MERGED_BINARY_TYPE\=none
    export MERGE_LINKED_LIBRARIES\=NO
    export METAL_LIBRARY_FILE_BASE\=default
    export METAL_LIBRARY_OUTPUT_DIR\=/Users/antoniogrillo-balen/Library/Developer/Xcode/DerivedData/risebysolis-gzfsziqwziaggpcbgdowmssiasmi/Build/Products/Debug-iphonesimulator/React-debug/React_debug.framework
    export MODULEMAP_FILE\=Target\ Support\ Files/React-debug/React-debug.modulemap
    export MODULES_FOLDER_PATH\=React_debug.framework/Modules
    export MODULE_CACHE_DIR\=/Users/antoniogrillo-balen/Library/Developer/Xcode/DerivedData/ModuleCache.noindex
    export MTL_ENABLE_DEBUG_INFO\=INCLUDE_SOURCE
    export MTL_FAST_MATH\=YES
    export NATIVE_ARCH\=arm64
    export NATIVE_ARCH_32_BIT\=arm
    export NATIVE_ARCH_64_BIT\=arm64
    export NATIVE_ARCH_ACTUAL\=arm64
    export NO_COMMON\=YES
    export OBJC_ABI_VERSION\=2
    export OBJECT_FILE_DIR\=/Users/antoniogrillo-balen/Library/Developer/Xcode/DerivedData/risebysolis-gzfsziqwziaggpcbgdowmssiasmi/Build/Intermediates.noindex/Pods.build/Debug-iphonesimulator/React-debug.build/Objects
    export OBJECT_FILE_DIR_normal\=/Users/antoniogrillo-balen/Library/Developer/Xcode/DerivedData/risebysolis-gzfsziqwziaggpcbgdowmssiasmi/Build/Intermediates.noindex/Pods.build/Debug-iphonesimulator/React-debug.build/Objects-normal
    export OBJROOT\=/Users/antoniogrillo-balen/Library/Developer/Xcode/DerivedData/risebysolis-gzfsziqwziaggpcbgdowmssiasmi/Build/Intermediates.noindex
    export ONLY_ACTIVE_ARCH\=YES
    export OS\=MACOS
    export OSAC\=/usr/bin/osacompile
    export OTHER_LDFLAGS\=\ \ 
    export PACKAGE_TYPE\=com.apple.package-type.wrapper.framework
    export PASCAL_STRINGS\=YES
    export PATH\=/Applications/Xcode.app/Contents/SharedFrameworks/SwiftBuild.framework/Versions/A/PlugIns/SWBBuildService.bundle/Contents/PlugIns/SWBUniversalPlatformPlugin.bundle/Contents/Frameworks/SWBUniversalPlatform.framework/Resources:/Applications/Xcode.app/Contents/Developer/Toolchains/XcodeDefault.xctoolchain/usr/bin:/Applications/Xcode.app/Contents/Developer/Toolchains/XcodeDefault.xctoolchain/usr/local/bin:/Applications/Xcode.app/Contents/Developer/Toolchains/XcodeDefault.xctoolchain/usr/libexec:/Applications/Xcode.app/Contents/Developer/Platforms/iPhoneSimulator.platform/usr/bin:/Applications/Xcode.app/Contents/Developer/Platforms/iPhoneSimulator.platform/usr/local/bin:/Applications/Xcode.app/Contents/Developer/Platforms/iPhoneSimulator.platform/Developer/usr/bin:/Applications/Xcode.app/Contents/Developer/Platforms/iPhoneSimulator.platform/Developer/usr/local/bin:/Applications/Xcode.app/Contents/Developer/usr/bin:/Applications/Xcode.app/Contents/Developer/usr/local/bin:/opt/homebrew/opt/ruby/bin:/opt/homebrew/lib/ruby/gems/4.0.0/bin:/opt/homebrew/bin:/opt/homebrew/sbin:/Users/antoniogrillo-balen/.nvm/versions/node/v24.14.1/bin:/Library/Frameworks/Python.framework/Versions/3.14/bin:/usr/local/bin:/System/Cryptexes/App/usr/bin:/usr/bin:/bin:/usr/sbin:/sbin:/var/run/com.apple.security.cryptexd/codex.system/bootstrap/usr/local/bin:/var/run/com.apple.security.cryptexd/codex.system/bootstrap/usr/bin:/var/run/com.apple.security.cryptexd/codex.system/bootstrap/usr/appleinternal/bin:/opt/pkg/env/active/bin:/opt/pmk/env/global/bin:/Library/Apple/usr/bin:/Applications/VMware\ Fusion.app/Contents/Public:/Users/antoniogrillo-balen/.cargo/bin:/Users/antoniogrillo-balen/.cache/plugins/.install-staging/25283474a0e0d4a060cb0e915c1ec54e3d41ef2e/cursor/repo/bin:/Users/antoniogrillo-balen/.claude/plugins/cache/claude-plugins-official/superpowers/5.1.0/bin:/Users/antoniogrillo-balen/.claude/plugins/cache/claude-plugins-official/frontend-design/unknown/bin:/Users/antoniogrillo-balen/.claude/plugins/cache/claude-plugins-official/code-simplifier/1.0.0/bin:/Users/antoniogrillo-balen/.claude/plugins/cache/claude-plugins-official/security-guidance/unknown/bin:/Users/antoniogrillo-balen/.claude/plugins/cache/thedotmack/claude-mem/12.1.1/bin
    export PATH_PREFIXES_EXCLUDED_FROM_HEADER_DEPENDENCIES\=/usr/include\ /usr/local/include\ /System/Library/Frameworks\ /System/Library/PrivateFrameworks\ /Applications/Xcode.app/Contents/Developer/Headers\ /Applications/Xcode.app/Contents/Developer/SDKs\ /Applications/Xcode.app/Contents/Developer/Platforms
    export PBDEVELOPMENTPLIST_PATH\=React_debug.framework/pbdevelopment.plist
    export PER_ARCH_MODULE_FILE_DIR\=/Users/antoniogrillo-balen/Library/Developer/Xcode/DerivedData/risebysolis-gzfsziqwziaggpcbgdowmssiasmi/Build/Intermediates.noindex/Pods.build/Debug-iphonesimulator/React-debug.build/Objects-normal/undefined_arch
    export PER_ARCH_OBJECT_FILE_DIR\=/Users/antoniogrillo-balen/Library/Developer/Xcode/DerivedData/risebysolis-gzfsziqwziaggpcbgdowmssiasmi/Build/Intermediates.noindex/Pods.build/Debug-iphonesimulator/React-debug.build/Objects-normal/undefined_arch
    export PER_VARIANT_OBJECT_FILE_DIR\=/Users/antoniogrillo-balen/Library/Developer/Xcode/DerivedData/risebysolis-gzfsziqwziaggpcbgdowmssiasmi/Build/Intermediates.noindex/Pods.build/Debug-iphonesimulator/React-debug.build/Objects-normal
    export PKGINFO_FILE_PATH\=/Users/antoniogrillo-balen/Library/Developer/Xcode/DerivedData/risebysolis-gzfsziqwziaggpcbgdowmssiasmi/Build/Intermediates.noindex/Pods.build/Debug-iphonesimulator/React-debug.build/PkgInfo
    export PKGINFO_PATH\=React_debug.framework/PkgInfo
    export PLATFORM_DEVELOPER_APPLICATIONS_DIR\=/Applications/Xcode.app/Contents/Developer/Platforms/iPhoneSimulator.platform/Developer/Applications
    export PLATFORM_DEVELOPER_BIN_DIR\=/Applications/Xcode.app/Contents/Developer/Platforms/iPhoneSimulator.platform/Developer/usr/bin
    export PLATFORM_DEVELOPER_LIBRARY_DIR\=/Applications/Xcode.app/Contents/Developer/Platforms/iPhoneSimulator.platform/Developer/Library
    export PLATFORM_DEVELOPER_SDK_DIR\=/Applications/Xcode.app/Contents/Developer/Platforms/iPhoneSimulator.platform/Developer/SDKs
    export PLATFORM_DEVELOPER_TOOLS_DIR\=/Applications/Xcode.app/Contents/Developer/Platforms/iPhoneSimulator.platform/Developer/Tools
    export PLATFORM_DEVELOPER_USR_DIR\=/Applications/Xcode.app/Contents/Developer/Platforms/iPhoneSimulator.platform/Developer/usr
    export PLATFORM_DIR\=/Applications/Xcode.app/Contents/Developer/Platforms/iPhoneSimulator.platform
    export PLATFORM_DISPLAY_NAME\=iOS\ Simulator
    export PLATFORM_FAMILY_NAME\=iOS
    export PLATFORM_NAME\=iphonesimulator
    export PLATFORM_PREFERRED_ARCH\=x86_64
    export PLATFORM_PRODUCT_BUILD_VERSION\=23F73
    export PLATFORM_REQUIRES_SWIFT_AUTOLINK_EXTRACT\=NO
    export PLATFORM_REQUIRES_SWIFT_MODULEWRAP\=NO
    export PLATFORM_USES_DSYMS\=YES
    export PLIST_FILE_OUTPUT_FORMAT\=binary
    export PLUGINS_FOLDER_PATH\=React_debug.framework/PlugIns
    export PODS_BUILD_DIR\=/Users/antoniogrillo-balen/Library/Developer/Xcode/DerivedData/risebysolis-gzfsziqwziaggpcbgdowmssiasmi/Build/Products
    export PODS_CONFIGURATION_BUILD_DIR\=/Users/antoniogrillo-balen/Library/Developer/Xcode/DerivedData/risebysolis-gzfsziqwziaggpcbgdowmssiasmi/Build/Products/Debug-iphonesimulator
    export PODS_DEVELOPMENT_LANGUAGE\=en
    export PODS_ROOT\=/Users/antoniogrillo-balen/Desktop/Projects/RiseBuild/ios/Pods
    export PODS_TARGET_SRCROOT\=/Users/antoniogrillo-balen/Desktop/Projects/RiseBuild/ios/Pods/../../node_modules/react-native/ReactCommon/react/debug
    export PODS_XCFRAMEWORKS_BUILD_DIR\=/Users/antoniogrillo-balen/Library/Developer/Xcode/DerivedData/risebysolis-gzfsziqwziaggpcbgdowmssiasmi/Build/Products/Debug-iphonesimulator/XCFrameworkIntermediates
    export PRECOMPS_INCLUDE_HEADERS_FROM_BUILT_PRODUCTS_DIR\=YES
    export PRECOMP_DESTINATION_DIR\=/Users/antoniogrillo-balen/Library/Developer/Xcode/DerivedData/risebysolis-gzfsziqwziaggpcbgdowmssiasmi/Build/Intermediates.noindex/Pods.build/Debug-iphonesimulator/React-debug.build/PrefixHeaders
    export PRIVATE_HEADERS_FOLDER_PATH\=React_debug.framework/PrivateHeaders
    export PROCESSED_INFOPLIST_PATH\=/Users/antoniogrillo-balen/Library/Developer/Xcode/DerivedData/risebysolis-gzfsziqwziaggpcbgdowmssiasmi/Build/Intermediates.noindex/Pods.build/Debug-iphonesimulator/React-debug.build/Objects-normal/undefined_arch/Processed-Info.plist
    export PRODUCT_BUNDLE_IDENTIFIER\=org.cocoapods.React-debug
    export PRODUCT_BUNDLE_PACKAGE_TYPE\=FMWK
    export PRODUCT_MODULE_NAME\=React_debug
    export PRODUCT_NAME\=React_debug
    export PRODUCT_SETTINGS_PATH\=/Users/antoniogrillo-balen/Desktop/Projects/RiseBuild/ios/Pods/Target\ Support\ Files/React-debug/React-debug-Info.plist
    export PRODUCT_TYPE\=com.apple.product-type.framework
    export PROFILING_CODE\=NO
    export PROJECT\=Pods
    export PROJECT_DERIVED_FILE_DIR\=/Users/antoniogrillo-balen/Library/Developer/Xcode/DerivedData/risebysolis-gzfsziqwziaggpcbgdowmssiasmi/Build/Intermediates.noindex/Pods.build/DerivedSources
    export PROJECT_DIR\=/Users/antoniogrillo-balen/Desktop/Projects/RiseBuild/ios/Pods
    export PROJECT_FILE_PATH\=/Users/antoniogrillo-balen/Desktop/Projects/RiseBuild/ios/Pods/Pods.xcodeproj
    export PROJECT_GUID\=8699adb1dd336b26511df848a716bd42
    export PROJECT_NAME\=Pods
    export PROJECT_TEMP_DIR\=/Users/antoniogrillo-balen/Library/Developer/Xcode/DerivedData/risebysolis-gzfsziqwziaggpcbgdowmssiasmi/Build/Intermediates.noindex/Pods.build
    export PROJECT_TEMP_ROOT\=/Users/antoniogrillo-balen/Library/Developer/Xcode/DerivedData/risebysolis-gzfsziqwziaggpcbgdowmssiasmi/Build/Intermediates.noindex
    export PUBLIC_HEADERS_FOLDER_PATH\=React_debug.framework/Headers
    export REACT_NATIVE_PATH\=/Users/antoniogrillo-balen/Desktop/Projects/RiseBuild/ios/Pods/../../node_modules/react-native
    export RECOMMENDED_IPHONEOS_DEPLOYMENT_TARGET\=15.0
    export RECURSIVE_SEARCH_PATHS_FOLLOW_SYMLINKS\=YES
    export REMOVE_CVS_FROM_RESOURCES\=YES
    export REMOVE_GIT_FROM_RESOURCES\=YES
    export REMOVE_HEADERS_FROM_EMBEDDED_BUNDLES\=YES
    export REMOVE_HG_FROM_RESOURCES\=YES
    export REMOVE_STATIC_EXECUTABLES_FROM_EMBEDDED_BUNDLES\=YES
    export REMOVE_SVN_FROM_RESOURCES\=YES
    export RESCHEDULE_INDEPENDENT_HEADERS_PHASES\=YES
    export REZ_COLLECTOR_DIR\=/Users/antoniogrillo-balen/Library/Developer/Xcode/DerivedData/risebysolis-gzfsziqwziaggpcbgdowmssiasmi/Build/Intermediates.noindex/Pods.build/Debug-iphonesimulator/React-debug.build/ResourceManagerResources
    export REZ_OBJECTS_DIR\=/Users/antoniogrillo-balen/Library/Developer/Xcode/DerivedData/risebysolis-gzfsziqwziaggpcbgdowmssiasmi/Build/Intermediates.noindex/Pods.build/Debug-iphonesimulator/React-debug.build/ResourceManagerResources/Objects
    export REZ_SEARCH_PATHS\=/Users/antoniogrillo-balen/Library/Developer/Xcode/DerivedData/risebysolis-gzfsziqwziaggpcbgdowmssiasmi/Build/Products/Debug-iphonesimulator/React-debug\ 
    export RPATH_ORIGIN\=@loader_path
    export RUNTIME_EXCEPTION_ALLOW_DYLD_ENVIRONMENT_VARIABLES\=NO
    export RUNTIME_EXCEPTION_ALLOW_JIT\=NO
    export RUNTIME_EXCEPTION_ALLOW_UNSIGNED_EXECUTABLE_MEMORY\=NO
    export RUNTIME_EXCEPTION_DEBUGGING_TOOL\=NO
    export RUNTIME_EXCEPTION_DISABLE_EXECUTABLE_PAGE_PROTECTION\=NO
    export RUNTIME_EXCEPTION_DISABLE_LIBRARY_VALIDATION\=NO
    export SCANNING_PCM_KEEP_CACHE_DIRECTORY\=YES
    export SCAN_ALL_SOURCE_FILES_FOR_INCLUDES\=NO
    export SCRIPTS_FOLDER_PATH\=React_debug.framework/Scripts
    export SCRIPT_INPUT_FILE_COUNT\=0
    export SCRIPT_INPUT_FILE_LIST_COUNT\=0
    export SCRIPT_OUTPUT_FILE_COUNT\=0
    export SCRIPT_OUTPUT_FILE_LIST_COUNT\=0
    export SDKROOT\=/Applications/Xcode.app/Contents/Developer/Platforms/iPhoneSimulator.platform/Developer/SDKs/iPhoneSimulator26.5.sdk
    export SDK_DIR\=/Applications/Xcode.app/Contents/Developer/Platforms/iPhoneSimulator.platform/Developer/SDKs/iPhoneSimulator26.5.sdk
    export SDK_DIR_iphonesimulator\=/Applications/Xcode.app/Contents/Developer/Platforms/iPhoneSimulator.platform/Developer/SDKs/iPhoneSimulator26.5.sdk
    export SDK_DIR_iphonesimulator26_5\=/Applications/Xcode.app/Contents/Developer/Platforms/iPhoneSimulator.platform/Developer/SDKs/iPhoneSimulator26.5.sdk
    export SDK_NAME\=iphonesimulator26.5
    export SDK_NAMES\=iphonesimulator26.5
    export SDK_PRODUCT_BUILD_VERSION\=23F73
    export SDK_STAT_CACHE_DIR\=/Users/antoniogrillo-balen/Library/Developer/Xcode/DerivedData
    export SDK_STAT_CACHE_ENABLE\=YES
    export SDK_STAT_CACHE_PATH\=/Users/antoniogrillo-balen/Library/Developer/Xcode/DerivedData/SDKStatCaches.noindex/iphonesimulator26.5-23F73-6cfe768891a92b912361537c460fe42b.sdkstatcache
    export SDK_VERSION\=26.5
    export SDK_VERSION_ACTUAL\=260500
    export SDK_VERSION_MAJOR\=260000
    export SDK_VERSION_MINOR\=260500
    export SED\=/usr/bin/sed
    export SEPARATE_STRIP\=NO
    export SEPARATE_SYMBOL_EDIT\=NO
    export SET_DIR_MODE_OWNER_GROUP\=YES
    export SET_FILE_MODE_OWNER_GROUP\=NO
    export SHALLOW_BUNDLE\=YES
    export SHALLOW_BUNDLE_TRIPLE\=ios-simulator
    export SHALLOW_BUNDLE_ios_macabi\=NO
    export SHALLOW_BUNDLE_macos\=NO
    export SHARED_DERIVED_FILE_DIR\=/Users/antoniogrillo-balen/Library/Developer/Xcode/DerivedData/risebysolis-gzfsziqwziaggpcbgdowmssiasmi/Build/Products/Debug-iphonesimulator/React-debug/DerivedSources
    export SHARED_FRAMEWORKS_FOLDER_PATH\=React_debug.framework/SharedFrameworks
    export SHARED_PRECOMPS_DIR\=/Users/antoniogrillo-balen/Library/Developer/Xcode/DerivedData/risebysolis-gzfsziqwziaggpcbgdowmssiasmi/Build/Intermediates.noindex/PrecompiledHeaders
    export SHARED_SUPPORT_FOLDER_PATH\=React_debug.framework
    export SKIP_INSTALL\=YES
    export SKIP_MERGEABLE_LIBRARY_BUNDLE_HOOK\=NO
    export SOURCE_ROOT\=/Users/antoniogrillo-balen/Desktop/Projects/RiseBuild/ios/Pods
    export SRCROOT\=/Users/antoniogrillo-balen/Desktop/Projects/RiseBuild/ios/Pods
    export STRINGSDATA_DIR\=/Users/antoniogrillo-balen/Library/Developer/Xcode/DerivedData/risebysolis-gzfsziqwziaggpcbgdowmssiasmi/Build/Intermediates.noindex/Pods.build/Debug-iphonesimulator/React-debug.build/Objects-normal/undefined_arch
    export STRINGSDATA_ROOT\=/Users/antoniogrillo-balen/Library/Developer/Xcode/DerivedData/risebysolis-gzfsziqwziaggpcbgdowmssiasmi/Build/Intermediates.noindex/Pods.build/Debug-iphonesimulator/React-debug.build
    export STRINGS_FILE_INFOPLIST_RENAME\=YES
    export STRINGS_FILE_OUTPUT_ENCODING\=binary
    export STRING_CATALOG_GENERATE_SYMBOLS\=NO
    export STRIP_BITCODE_FROM_COPIED_FILES\=NO
    export STRIP_INSTALLED_PRODUCT\=NO
    export STRIP_STYLE\=debugging
    export STRIP_SWIFT_SYMBOLS\=YES
    export SUPPORTED_DEVICE_FAMILIES\=1,2
    export SUPPORTED_PLATFORMS\=iphoneos\ iphonesimulator
    export SUPPORTS_TEXT_BASED_API\=NO
    export SUPPRESS_WARNINGS\=NO
    export SWIFT_ACTIVE_COMPILATION_CONDITIONS\=\ DEBUG\ 
    export SWIFT_EMIT_CONST_VALUE_PROTOCOLS\=AnyResolverProviding\ AppEntity\ AppEnum\ AppExtension\ AppIntent\ AppIntentsPackage\ AppShortcutProviding\ AppShortcutsProvider\ AppUnionValue\ AppUnionValueCasesProviding\ DynamicOptionsProvider\ EntityQuery\ ExtensionPointDefining\ IntentValueQuery\ Resolver\ TransientEntity\ _AssistantIntentsProvider\ _GenerativeFunctionExtractable\ _IntentValueRepresentable
    export SWIFT_EMIT_LOC_STRINGS\=NO
    export SWIFT_ENABLE_EXPLICIT_MODULES\=YES
    export SWIFT_INSTALL_MODULE_FOR_DEPLOYMENT\=YES
    export SWIFT_INSTALL_OBJC_HEADER\=YES
    export SWIFT_OPTIMIZATION_LEVEL\=-Onone
    export SWIFT_PLATFORM_TARGET_PREFIX\=ios
    export SWIFT_RESPONSE_FILE_PATH_normal_arm64\=/Users/antoniogrillo-balen/Library/Developer/Xcode/DerivedData/risebysolis-gzfsziqwziaggpcbgdowmssiasmi/Build/Intermediates.noindex/Pods.build/Debug-iphonesimulator/React-debug.build/Objects-normal/arm64/React_debug.SwiftFileList
    export SWIFT_VERSION\=5.0
    export SYMROOT\=/Users/antoniogrillo-balen/Library/Developer/Xcode/DerivedData/risebysolis-gzfsziqwziaggpcbgdowmssiasmi/Build/Products
    export SYSTEM_ADMIN_APPS_DIR\=/Applications/Utilities
    export SYSTEM_APPS_DIR\=/Applications
    export SYSTEM_CORE_SERVICES_DIR\=/System/Library/CoreServices
    export SYSTEM_DEMOS_DIR\=/Applications/Extras
    export SYSTEM_DEVELOPER_APPS_DIR\=/Applications/Xcode.app/Contents/Developer/Applications
    export SYSTEM_DEVELOPER_BIN_DIR\=/Applications/Xcode.app/Contents/Developer/usr/bin
    export SYSTEM_DEVELOPER_DEMOS_DIR\=/Applications/Xcode.app/Contents/Developer/Applications/Utilities/Built\ Examples
    export SYSTEM_DEVELOPER_DIR\=/Applications/Xcode.app/Contents/Developer
    export SYSTEM_DEVELOPER_DOC_DIR\=/Applications/Xcode.app/Contents/Developer/ADC\ Reference\ Library
    export SYSTEM_DEVELOPER_GRAPHICS_TOOLS_DIR\=/Applications/Xcode.app/Contents/Developer/Applications/Graphics\ Tools
    export SYSTEM_DEVELOPER_JAVA_TOOLS_DIR\=/Applications/Xcode.app/Contents/Developer/Applications/Java\ Tools
    export SYSTEM_DEVELOPER_PERFORMANCE_TOOLS_DIR\=/Applications/Xcode.app/Contents/Developer/Applications/Performance\ Tools
    export SYSTEM_DEVELOPER_RELEASENOTES_DIR\=/Applications/Xcode.app/Contents/Developer/ADC\ Reference\ Library/releasenotes
    export SYSTEM_DEVELOPER_TOOLS\=/Applications/Xcode.app/Contents/Developer/Tools
    export SYSTEM_DEVELOPER_TOOLS_DOC_DIR\=/Applications/Xcode.app/Contents/Developer/ADC\ Reference\ Library/documentation/DeveloperTools
    export SYSTEM_DEVELOPER_TOOLS_RELEASENOTES_DIR\=/Applications/Xcode.app/Contents/Developer/ADC\ Reference\ Library/releasenotes/DeveloperTools
    export SYSTEM_DEVELOPER_USR_DIR\=/Applications/Xcode.app/Contents/Developer/usr
    export SYSTEM_DEVELOPER_UTILITIES_DIR\=/Applications/Xcode.app/Contents/Developer/Applications/Utilities
    export SYSTEM_DEXT_INSTALL_PATH\=/System/Library/DriverExtensions
    export SYSTEM_DOCUMENTATION_DIR\=/Library/Documentation
    export SYSTEM_EXTENSIONS_FOLDER_PATH\=React_debug.framework/SystemExtensions
    export SYSTEM_EXTENSIONS_FOLDER_PATH_SHALLOW_BUNDLE_NO\=React_debug.framework/Library/SystemExtensions
    export SYSTEM_EXTENSIONS_FOLDER_PATH_SHALLOW_BUNDLE_YES\=React_debug.framework/SystemExtensions
    export SYSTEM_KEXT_INSTALL_PATH\=/System/Library/Extensions
    export SYSTEM_LIBRARY_DIR\=/System/Library
    export TAPI_DEMANGLE\=YES
    export TAPI_ENABLE_PROJECT_HEADERS\=NO
    export TAPI_LANGUAGE\=objective-c
    export TAPI_LANGUAGE_STANDARD\=compiler-default
    export TAPI_USE_SRCROOT\=YES
    export TAPI_VERIFY_MODE\=Pedantic
    export TARGETED_DEVICE_FAMILY\=1,2
    export TARGETNAME\=React-debug
    export TARGET_BUILD_DIR\=/Users/antoniogrillo-balen/Library/Developer/Xcode/DerivedData/risebysolis-gzfsziqwziaggpcbgdowmssiasmi/Build/Products/Debug-iphonesimulator/React-debug
    export TARGET_DEVICE_IDENTIFIER\=0C333F8A-4681-4475-855E-6FFD70F12533
    export TARGET_DEVICE_MODEL\=iPhone16,2
    export TARGET_DEVICE_OS_VERSION\=26.4.1
    export TARGET_DEVICE_PLATFORM_NAME\=iphonesimulator
    export TARGET_NAME\=React-debug
    export TARGET_TEMP_DIR\=/Users/antoniogrillo-balen/Library/Developer/Xcode/DerivedData/risebysolis-gzfsziqwziaggpcbgdowmssiasmi/Build/Intermediates.noindex/Pods.build/Debug-iphonesimulator/React-debug.build
    export TEMP_DIR\=/Users/antoniogrillo-balen/Library/Developer/Xcode/DerivedData/risebysolis-gzfsziqwziaggpcbgdowmssiasmi/Build/Intermediates.noindex/Pods.build/Debug-iphonesimulator/React-debug.build
    export TEMP_FILES_DIR\=/Users/antoniogrillo-balen/Library/Developer/Xcode/DerivedData/risebysolis-gzfsziqwziaggpcbgdowmssiasmi/Build/Intermediates.noindex/Pods.build/Debug-iphonesimulator/React-debug.build
    export TEMP_FILE_DIR\=/Users/antoniogrillo-balen/Library/Developer/Xcode/DerivedData/risebysolis-gzfsziqwziaggpcbgdowmssiasmi/Build/Intermediates.noindex/Pods.build/Debug-iphonesimulator/React-debug.build
    export TEMP_ROOT\=/Users/antoniogrillo-balen/Library/Developer/Xcode/DerivedData/risebysolis-gzfsziqwziaggpcbgdowmssiasmi/Build/Intermediates.noindex
    export TEMP_SANDBOX_DIR\=/Users/antoniogrillo-balen/Library/Developer/Xcode/DerivedData/risebysolis-gzfsziqwziaggpcbgdowmssiasmi/Build/Intermediates.noindex/TemporaryTaskSandboxes
    export TEST_FRAMEWORK_SEARCH_PATHS\=\ /Applications/Xcode.app/Contents/Developer/Platforms/iPhoneSimulator.platform/Developer/Library/Frameworks\ /Applications/Xcode.app/Contents/Developer/Platforms/iPhoneSimulator.platform/Developer/SDKs/iPhoneSimulator26.5.sdk/Developer/Library/Frameworks
    export TEST_LIBRARY_SEARCH_PATHS\=\ /Applications/Xcode.app/Contents/Developer/Platforms/iPhoneSimulator.platform/Developer/usr/lib
    export TOOLCHAINS\=com.apple.dt.toolchain.XcodeDefault
    export TOOLCHAIN_DIR\=/Applications/Xcode.app/Contents/Developer/Toolchains/XcodeDefault.xctoolchain
    export TREAT_MISSING_BASELINES_AS_TEST_FAILURES\=NO
    export TREAT_MISSING_SCRIPT_PHASE_OUTPUTS_AS_ERRORS\=NO
    export TeamIdentifierPrefix\=FAKETEAMID.
    export UID\=501
    export UNINSTALLED_PRODUCTS_DIR\=/Users/antoniogrillo-balen/Library/Developer/Xcode/DerivedData/risebysolis-gzfsziqwziaggpcbgdowmssiasmi/Build/Intermediates.noindex/UninstalledProducts
    export UNLOCALIZED_RESOURCES_FOLDER_PATH\=React_debug.framework
    export UNLOCALIZED_RESOURCES_FOLDER_PATH_SHALLOW_BUNDLE_NO\=React_debug.framework/Resources
    export UNLOCALIZED_RESOURCES_FOLDER_PATH_SHALLOW_BUNDLE_YES\=React_debug.framework
    export UNSTRIPPED_PRODUCT\=NO
    export USER\=antoniogrillo-balen
    export USER_APPS_DIR\=/Users/antoniogrillo-balen/Applications
    export USER_LIBRARY_DIR\=/Users/antoniogrillo-balen/Library
    export USE_DYNAMIC_NO_PIC\=YES
    export USE_HEADERMAP\=YES
    export USE_HEADER_SYMLINKS\=NO
    export USE_HERMES\=true
    export USE_RECURSIVE_SCRIPT_INPUTS_IN_SCRIPT_PHASES\=YES
    export VALIDATE_DEVELOPMENT_ASSET_PATHS\=YES_ERROR
    export VALIDATE_PRODUCT\=NO
    export VALID_ARCHS\=arm64\ x86_64
    export VERBOSE_PBXCP\=NO
    export VERSIONING_SYSTEM\=apple-generic
    export VERSIONPLIST_PATH\=React_debug.framework/version.plist
    export VERSIONS_FOLDER_PATH\=React_debug.framework
    export VERSIONS_FOLDER_PATH_SHALLOW_BUNDLE_NO\=React_debug.framework/Versions
    export VERSIONS_FOLDER_PATH_SHALLOW_BUNDLE_YES\=React_debug.framework
    export VERSION_INFO_BUILDER\=antoniogrillo-balen
    export VERSION_INFO_FILE\=React_debug_vers.c
    export VERSION_INFO_STRING\=\"@\(\#\)PROGRAM:React_debug\ \ PROJECT:Pods-1\"
    export WORKSPACE_DIR\=/Users/antoniogrillo-balen/Desktop/Projects/RiseBuild/ios
    export WRAPPER_EXTENSION\=framework
    export WRAPPER_NAME\=React_debug.framework
    export WRAPPER_SUFFIX\=.framework
    export WRAP_ASSET_PACKS_IN_SEPARATE_DIRECTORIES\=NO
    export XCODE_APP_SUPPORT_DIR\=/Applications/Xcode.app/Contents/Developer/Library/Xcode
    export XCODE_PRODUCT_BUILD_VERSION\=17F42
    export XCODE_VERSION_ACTUAL\=2650
    export XCODE_VERSION_MAJOR\=2600
    export XCODE_VERSION_MINOR\=2650
    export XPCSERVICES_FOLDER_PATH\=React_debug.framework/XPCServices
    export YACC\=yacc
    export _DISCOVER_COMMAND_LINE_LINKER_INPUTS\=YES
    export _DISCOVER_COMMAND_LINE_LINKER_INPUTS_INCLUDE_WL\=YES
    export _LD_MULTIARCH\=YES
    export _WRAPPER_CONTENTS_DIR_SHALLOW_BUNDLE_NO\=/Contents
    export _WRAPPER_PARENT_PATH_SHALLOW_BUNDLE_NO\=/..
    export _WRAPPER_RESOURCES_DIR_SHALLOW_BUNDLE_NO\=/Resources
    export __DIAGNOSE_DEPRECATED_ARCHS\=YES
    export __ORIGINAL_SDK_DEFINED_LLVM_TARGET_TRIPLE_SYS\=ios
    export arch\=undefined_arch
    export variant\=normal
    /bin/sh -c /Users/antoniogrillo-balen/Library/Developer/Xcode/DerivedData/risebysolis-gzfsziqwziaggpcbgdowmssiasmi/Build/Intermediates.noindex/Pods.build/Debug-iphonesimulator/React-debug.build/Script-46EB2E0002A710.sh

warning: Run script build phase 'Create Symlinks to Header Folders' will be run during every build because it does not specify any outputs. To address this issue, either add output dependencies to the script phase, or configure it to run in every build by unchecking "Based on dependency analysis" in the script phase. (in target 'React-performancetimeline' from project 'Pods')
PhaseScriptExecution Create\ Symlinks\ to\ Header\ Folders /Users/antoniogrillo-balen/Library/Developer/Xcode/DerivedData/risebysolis-gzfsziqwziaggpcbgdowmssiasmi/Build/Intermediates.noindex/Pods.build/Debug-iphonesimulator/React-performancetimeline.build/Script-46EB2E0002C790.sh (in target 'React-performancetimeline' from project 'Pods')
    cd /Users/antoniogrillo-balen/Desktop/Projects/RiseBuild/ios/Pods
    export ACTION\=build
    export AD_HOC_CODE_SIGNING_ALLOWED\=YES
    export ALLOW_BUILD_REQUEST_OVERRIDES\=NO
    export ALLOW_TARGET_PLATFORM_SPECIALIZATION\=NO
    export ALTERNATE_GROUP\=staff
    export ALTERNATE_MODE\=u+w,go-w,a+rX
    export ALTERNATE_OWNER\=antoniogrillo-balen
    export ALTERNATIVE_DISTRIBUTION_WEB\=NO
    export ALWAYS_EMBED_SWIFT_STANDARD_LIBRARIES\=NO
    export ALWAYS_SEARCH_USER_PATHS\=NO
    export ALWAYS_USE_SEPARATE_HEADERMAPS\=NO
    export APPLICATION_EXTENSION_API_ONLY\=NO
    export APPLY_RULES_IN_COPY_FILES\=NO
    export APPLY_RULES_IN_COPY_HEADERS\=NO
    export APP_SHORTCUTS_ENABLE_FLEXIBLE_MATCHING\=YES
    export ARCHS\=arm64
    export ARCHS_BASE\=arm64
    export ARCHS_STANDARD\=arm64\ x86_64
    export ARCHS_STANDARD_32_64_BIT\=arm64\ x86_64
    export ARCHS_STANDARD_64_BIT\=arm64\ x86_64
    export ARCHS_STANDARD_INCLUDING_64_BIT\=arm64\ x86_64
    export ARCHS_UNIVERSAL_IPHONE_OS\=arm64\ x86_64
    export ASSETCATALOG_FILTER_FOR_DEVICE_MODEL\=iPhone16,2
    export ASSETCATALOG_FILTER_FOR_DEVICE_OS_VERSION\=26.4.1
    export ASSETCATALOG_FILTER_FOR_THINNING_DEVICE_CONFIGURATION\=iPhone16,2
    export AUTOMATICALLY_MERGE_DEPENDENCIES\=NO
    export AUTOMATION_APPLE_EVENTS\=NO
    export AVAILABLE_PLATFORMS\=android\ appletvos\ appletvsimulator\ driverkit\ freebsd\ iphoneos\ iphonesimulator\ linux\ macosx\ none\ openbsd\ qnx\ watchos\ watchsimulator\ webassembly\ xros\ xrsimulator
    export AppIdentifierPrefix\=FAKETEAMID.
    export BUILD_ACTIVE_RESOURCES_ONLY\=YES
    export BUILD_COMPONENTS\=headers\ build
    export BUILD_DIR\=/Users/antoniogrillo-balen/Library/Developer/Xcode/DerivedData/risebysolis-gzfsziqwziaggpcbgdowmssiasmi/Build/Products
    export BUILD_LIBRARY_FOR_DISTRIBUTION\=NO
    export BUILD_ONLY_KNOWN_LOCALIZATIONS\=NO
    export BUILD_ROOT\=/Users/antoniogrillo-balen/Library/Developer/Xcode/DerivedData/risebysolis-gzfsziqwziaggpcbgdowmssiasmi/Build/Products
    export BUILD_STYLE\=
    export BUILD_VARIANTS\=normal
    export BUILT_PRODUCTS_DIR\=/Users/antoniogrillo-balen/Library/Developer/Xcode/DerivedData/risebysolis-gzfsziqwziaggpcbgdowmssiasmi/Build/Products/Debug-iphonesimulator/React-performancetimeline
    export BUNDLE_CONTENTS_FOLDER_PATH_deep\=Contents/
    export BUNDLE_EXECUTABLE_FOLDER_NAME_deep\=MacOS
    export BUNDLE_EXTENSIONS_FOLDER_PATH\=Extensions
    export BUNDLE_FORMAT\=shallow
    export BUNDLE_FRAMEWORKS_FOLDER_PATH\=Frameworks
    export BUNDLE_PLUGINS_FOLDER_PATH\=PlugIns
    export BUNDLE_PRIVATE_HEADERS_FOLDER_PATH\=PrivateHeaders
    export BUNDLE_PUBLIC_HEADERS_FOLDER_PATH\=Headers
    export CACHE_ROOT\=/var/folders/2z/jtlqylkx0c709j3xb7b0g4cm0000gn/C/com.apple.DeveloperTools/26.5-17F42/Xcode
    export CCHROOT\=/var/folders/2z/jtlqylkx0c709j3xb7b0g4cm0000gn/C/com.apple.DeveloperTools/26.5-17F42/Xcode
    export CHMOD\=/bin/chmod
    export CHOWN\=chown
    export CLANG_ANALYZER_LOCALIZABILITY_NONLOCALIZED\=YES
    export CLANG_ANALYZER_NONNULL\=YES
    export CLANG_ANALYZER_NUMBER_OBJECT_CONVERSION\=YES_AGGRESSIVE
    export CLANG_CACHE_FINE_GRAINED_OUTPUTS\=YES
    export CLANG_CXX_LANGUAGE_STANDARD\=c++20
    export CLANG_CXX_LIBRARY\=libc++
    export CLANG_ENABLE_EXPLICIT_MODULES\=YES
    export CLANG_ENABLE_MODULES\=YES
    export CLANG_ENABLE_OBJC_ARC\=YES
    export CLANG_ENABLE_OBJC_WEAK\=NO
    export CLANG_MODULES_BUILD_SESSION_FILE\=/Users/antoniogrillo-balen/Library/Developer/Xcode/DerivedData/ModuleCache.noindex/Session.modulevalidation
    export CLANG_WARN_BLOCK_CAPTURE_AUTORELEASING\=YES
    export CLANG_WARN_BOOL_CONVERSION\=YES
    export CLANG_WARN_COMMA\=YES
    export CLANG_WARN_CONSTANT_CONVERSION\=YES
    export CLANG_WARN_DEPRECATED_OBJC_IMPLEMENTATIONS\=YES
    export CLANG_WARN_DIRECT_OBJC_ISA_USAGE\=YES_ERROR
    export CLANG_WARN_DOCUMENTATION_COMMENTS\=YES
    export CLANG_WARN_EMPTY_BODY\=YES
    export CLANG_WARN_ENUM_CONVERSION\=YES
    export CLANG_WARN_INFINITE_RECURSION\=YES
    export CLANG_WARN_INT_CONVERSION\=YES
    export CLANG_WARN_NON_LITERAL_NULL_CONVERSION\=YES
    export CLANG_WARN_OBJC_IMPLICIT_RETAIN_SELF\=YES
    export CLANG_WARN_OBJC_LITERAL_CONVERSION\=YES
    export CLANG_WARN_OBJC_ROOT_CLASS\=YES_ERROR
    export CLANG_WARN_QUOTED_INCLUDE_IN_FRAMEWORK_HEADER\=NO
    export CLANG_WARN_RANGE_LOOP_ANALYSIS\=YES
    export CLANG_WARN_STRICT_PROTOTYPES\=YES
    export CLANG_WARN_SUSPICIOUS_MOVE\=YES
    export CLANG_WARN_UNGUARDED_AVAILABILITY\=YES_AGGRESSIVE
    export CLANG_WARN_UNREACHABLE_CODE\=YES
    export CLANG_WARN__DUPLICATE_METHOD_MATCH\=YES
    export CLASS_FILE_DIR\=/Users/antoniogrillo-balen/Library/Developer/Xcode/DerivedData/risebysolis-gzfsziqwziaggpcbgdowmssiasmi/Build/Intermediates.noindex/Pods.build/Debug-iphonesimulator/React-performancetimeline.build/JavaClasses
    export CLEAN_PRECOMPS\=YES
    export CLONE_HEADERS\=NO
    export CODESIGNING_FOLDER_PATH\=/Users/antoniogrillo-balen/Library/Developer/Xcode/DerivedData/risebysolis-gzfsziqwziaggpcbgdowmssiasmi/Build/Products/Debug-iphonesimulator/React-performancetimeline/React_performancetimeline.framework
    export CODE_SIGNING_ALLOWED\=YES
    export CODE_SIGNING_REQUIRED\=NO
    export CODE_SIGNING_REQUIRES_TEAM\=YES
    export CODE_SIGN_CONTEXT_CLASS\=XCiPhoneSimulatorCodeSignContext
    export CODE_SIGN_IDENTITY\=-
    export CODE_SIGN_INJECT_BASE_ENTITLEMENTS\=YES
    export COLOR_DIAGNOSTICS\=NO
    export COMBINE_HIDPI_IMAGES\=NO
    export COMPILATION_CACHE_CAS_PATH\=/Users/antoniogrillo-balen/Library/Developer/Xcode/DerivedData/CompilationCache.noindex
    export COMPILATION_CACHE_KEEP_CAS_DIRECTORY\=YES
    export COMPILER_INDEX_STORE_ENABLE\=Default
    export COMPOSITE_SDK_DIRS\=/Users/antoniogrillo-balen/Library/Developer/Xcode/DerivedData/risebysolis-gzfsziqwziaggpcbgdowmssiasmi/Build/Intermediates.noindex/CompositeSDKs
    export COMPRESS_PNG_FILES\=YES
    export CONFIGURATION\=Debug
    export CONFIGURATION_BUILD_DIR\=/Users/antoniogrillo-balen/Library/Developer/Xcode/DerivedData/risebysolis-gzfsziqwziaggpcbgdowmssiasmi/Build/Products/Debug-iphonesimulator/React-performancetimeline
    export CONFIGURATION_TEMP_DIR\=/Users/antoniogrillo-balen/Library/Developer/Xcode/DerivedData/risebysolis-gzfsziqwziaggpcbgdowmssiasmi/Build/Intermediates.noindex/Pods.build/Debug-iphonesimulator
    export CONTENTS_FOLDER_PATH\=React_performancetimeline.framework
    export CONTENTS_FOLDER_PATH_SHALLOW_BUNDLE_NO\=React_performancetimeline.framework/A
    export CONTENTS_FOLDER_PATH_SHALLOW_BUNDLE_YES\=React_performancetimeline.framework
    export COPYING_PRESERVES_HFS_DATA\=NO
    export COPY_HEADERS_RUN_UNIFDEF\=NO
    export COPY_PHASE_STRIP\=NO
    export CORRESPONDING_DEVICE_PLATFORM_DIR\=/Applications/Xcode.app/Contents/Developer/Platforms/iPhoneOS.platform
    export CORRESPONDING_DEVICE_PLATFORM_NAME\=iphoneos
    export CORRESPONDING_DEVICE_SDK_DIR\=/Applications/Xcode.app/Contents/Developer/Platforms/iPhoneOS.platform/Developer/SDKs/iPhoneOS26.5.sdk
    export CORRESPONDING_DEVICE_SDK_NAME\=iphoneos26.5
    export CP\=/bin/cp
    export CREATE_INFOPLIST_SECTION_IN_BINARY\=NO
    export CURRENT_ARCH\=undefined_arch
    export CURRENT_PROJECT_VERSION\=1
    export CURRENT_VARIANT\=normal
    export CURRENT_VERSION\=Current
    export DEAD_CODE_STRIPPING\=YES
    export DEBUGGING_SYMBOLS\=YES
    export DEBUG_INFORMATION_FORMAT\=dwarf
    export DEBUG_INFORMATION_VERSION\=compiler-default
    export DEFAULT_COMPILER\=com.apple.compilers.llvm.clang.1_0
    export DEFAULT_DEXT_INSTALL_PATH\=/System/Library/DriverExtensions
    export DEFAULT_KEXT_INSTALL_PATH\=/System/Library/Extensions
    export DEFINES_MODULE\=YES
    export DEPLOYMENT_LOCATION\=NO
    export DEPLOYMENT_POSTPROCESSING\=NO
    export DEPLOYMENT_TARGET_SETTING_NAME\=IPHONEOS_DEPLOYMENT_TARGET
    export DEPLOYMENT_TARGET_SUGGESTED_VALUES\=12.0\ 12.1\ 12.2\ 12.3\ 12.4\ 13.0\ 13.1\ 13.2\ 13.3\ 13.4\ 13.5\ 13.6\ 14.0\ 14.1\ 14.2\ 14.3\ 14.4\ 14.5\ 14.6\ 14.7\ 15.0\ 15.1\ 15.2\ 15.3\ 15.4\ 15.5\ 15.6\ 16.0\ 16.1\ 16.2\ 16.3\ 16.4\ 16.5\ 16.6\ 17.0\ 17.1\ 17.2\ 17.3\ 17.4\ 17.5\ 17.6\ 18.0\ 18.1\ 18.2\ 18.3\ 18.4\ 18.5\ 18.6\ 26.0\ 26.2\ 26.3\ 26.4\ 26.5
    export DERIVED_FILES_DIR\=/Users/antoniogrillo-balen/Library/Developer/Xcode/DerivedData/risebysolis-gzfsziqwziaggpcbgdowmssiasmi/Build/Intermediates.noindex/Pods.build/Debug-iphonesimulator/React-performancetimeline.build/DerivedSources
    export DERIVED_FILE_DIR\=/Users/antoniogrillo-balen/Library/Developer/Xcode/DerivedData/risebysolis-gzfsziqwziaggpcbgdowmssiasmi/Build/Intermediates.noindex/Pods.build/Debug-iphonesimulator/React-performancetimeline.build/DerivedSources
    export DERIVED_SOURCES_DIR\=/Users/antoniogrillo-balen/Library/Developer/Xcode/DerivedData/risebysolis-gzfsziqwziaggpcbgdowmssiasmi/Build/Intermediates.noindex/Pods.build/Debug-iphonesimulator/React-performancetimeline.build/DerivedSources
    export DEVELOPER_APPLICATIONS_DIR\=/Applications/Xcode.app/Contents/Developer/Applications
    export DEVELOPER_BIN_DIR\=/Applications/Xcode.app/Contents/Developer/usr/bin
    export DEVELOPER_DIR\=/Applications/Xcode.app/Contents/Developer
    export DEVELOPER_FRAMEWORKS_DIR\=/Applications/Xcode.app/Contents/Developer/Library/Frameworks
    export DEVELOPER_FRAMEWORKS_DIR_QUOTED\=/Applications/Xcode.app/Contents/Developer/Library/Frameworks
    export DEVELOPER_LIBRARY_DIR\=/Applications/Xcode.app/Contents/Developer/Library
    export DEVELOPER_SDK_DIR\=/Applications/Xcode.app/Contents/Developer/Platforms/MacOSX.platform/Developer/SDKs
    export DEVELOPER_TOOLS_DIR\=/Applications/Xcode.app/Contents/Developer/Tools
    export DEVELOPER_USR_DIR\=/Applications/Xcode.app/Contents/Developer/usr
    export DEVELOPMENT_LANGUAGE\=en
    export DIAGNOSE_MISSING_TARGET_DEPENDENCIES\=YES
    export DIFF\=/usr/bin/diff
    export DOCUMENTATION_FOLDER_PATH\=React_performancetimeline.framework/en.lproj/Documentation
    export DONT_GENERATE_INFOPLIST_FILE\=NO
    export DSTROOT\=/tmp/Pods.dst
    export DT_TOOLCHAIN_DIR\=/Applications/Xcode.app/Contents/Developer/Toolchains/XcodeDefault.xctoolchain
    export DUMP_DEPENDENCIES\=NO
    export DUMP_DEPENDENCIES_OUTPUT_PATH\=/Users/antoniogrillo-balen/Library/Developer/Xcode/DerivedData/risebysolis-gzfsziqwziaggpcbgdowmssiasmi/Build/Intermediates.noindex/Pods.build/Debug-iphonesimulator/React-performancetimeline.build/React-performancetimeline-BuildDependencyInfo.json
    export DWARF_DSYM_FILE_NAME\=React_performancetimeline.framework.dSYM
    export DWARF_DSYM_FILE_SHOULD_ACCOMPANY_PRODUCT\=NO
    export DWARF_DSYM_FOLDER_PATH\=/Users/antoniogrillo-balen/Library/Developer/Xcode/DerivedData/risebysolis-gzfsziqwziaggpcbgdowmssiasmi/Build/Products/Debug-iphonesimulator/React-performancetimeline
    export DYLIB_COMPATIBILITY_VERSION\=1
    export DYLIB_CURRENT_VERSION\=1
    export DYLIB_INSTALL_NAME_BASE\=@rpath
    export DYNAMIC_LIBRARY_EXTENSION\=dylib
    export EAGER_COMPILATION_ALLOW_SCRIPTS\=NO
    export EAGER_LINKING\=NO
    export EFFECTIVE_PLATFORM_NAME\=-iphonesimulator
    export EFFECTIVE_SWIFT_VERSION\=5
    export EMBEDDED_CONTENT_CONTAINS_SWIFT\=NO
    export EMBED_ASSET_PACKS_IN_PRODUCT_BUNDLE\=NO
    export ENABLE_APP_SANDBOX\=NO
    export ENABLE_CODE_COVERAGE\=YES
    export ENABLE_COHORT_ARCHS\=NO
    export ENABLE_CPLUSPLUS_BOUNDS_SAFE_BUFFERS\=NO
    export ENABLE_C_BOUNDS_SAFETY\=NO
    export ENABLE_DEFAULT_HEADER_SEARCH_PATHS\=YES
    export ENABLE_DEFAULT_SEARCH_PATHS\=YES
    export ENABLE_ENHANCED_SECURITY\=NO
    export ENABLE_HARDENED_RUNTIME\=NO
    export ENABLE_HEADER_DEPENDENCIES\=YES
    export ENABLE_INCOMING_NETWORK_CONNECTIONS\=NO
    export ENABLE_MODULE_VERIFIER\=NO
    export ENABLE_ON_DEMAND_RESOURCES\=NO
    export ENABLE_OUTGOING_NETWORK_CONNECTIONS\=NO
    export ENABLE_POINTER_AUTHENTICATION\=NO
    export ENABLE_PREVIEWS\=NO
    export ENABLE_RESOURCE_ACCESS_AUDIO_INPUT\=NO
    export ENABLE_RESOURCE_ACCESS_BLUETOOTH\=NO
    export ENABLE_RESOURCE_ACCESS_CALENDARS\=NO
    export ENABLE_RESOURCE_ACCESS_CAMERA\=NO
    export ENABLE_RESOURCE_ACCESS_CONTACTS\=NO
    export ENABLE_RESOURCE_ACCESS_LOCATION\=NO
    export ENABLE_RESOURCE_ACCESS_PHOTO_LIBRARY\=NO
    export ENABLE_RESOURCE_ACCESS_PRINTING\=NO
    export ENABLE_RESOURCE_ACCESS_USB\=NO
    export ENABLE_SDK_IMPORTS\=NO
    export ENABLE_SECURITY_COMPILER_WARNINGS\=NO
    export ENABLE_STRICT_OBJC_MSGSEND\=YES
    export ENABLE_TESTABILITY\=YES
    export ENABLE_TESTING_SEARCH_PATHS\=NO
    export ENABLE_USER_SCRIPT_SANDBOXING\=NO
    export ENABLE_XOJIT_PREVIEWS\=YES
    export ENFORCE_VALID_ARCHS\=YES
    export ENTITLEMENTS_DESTINATION\=__entitlements
    export ENTITLEMENTS_REQUIRED\=NO
    export EXCLUDED_INSTALLSRC_SUBDIRECTORY_PATTERNS\=.DS_Store\ .svn\ .git\ .hg\ CVS
    export EXCLUDED_RECURSIVE_SEARCH_PATH_SUBDIRECTORIES\=\*.nib\ \*.lproj\ \*.framework\ \*.gch\ \*.xcode\*\ \*.xcassets\ \*.icon\ \(\*\)\ .DS_Store\ CVS\ .svn\ .git\ .hg\ \*.pbproj\ \*.pbxproj
    export EXECUTABLES_FOLDER_PATH\=React_performancetimeline.framework/en.lproj
    export EXECUTABLE_FOLDER_PATH\=React_performancetimeline.framework
    export EXECUTABLE_FOLDER_PATH_SHALLOW_BUNDLE_NO\=React_performancetimeline.framework
    export EXECUTABLE_FOLDER_PATH_SHALLOW_BUNDLE_YES\=React_performancetimeline.framework
    export EXECUTABLE_NAME\=React_performancetimeline
    export EXECUTABLE_PATH\=React_performancetimeline.framework/React_performancetimeline
    export EXPANDED_CODE_SIGN_IDENTITY\=-
    export EXPANDED_CODE_SIGN_IDENTITY_NAME\=Sign\ to\ Run\ Locally
    export EXTENSIONS_FOLDER_PATH\=React_performancetimeline.framework/Extensions
    export FILE_LIST\=/Users/antoniogrillo-balen/Library/Developer/Xcode/DerivedData/risebysolis-gzfsziqwziaggpcbgdowmssiasmi/Build/Intermediates.noindex/Pods.build/Debug-iphonesimulator/React-performancetimeline.build/Objects/LinkFileList
    export FIXED_FILES_DIR\=/Users/antoniogrillo-balen/Library/Developer/Xcode/DerivedData/risebysolis-gzfsziqwziaggpcbgdowmssiasmi/Build/Intermediates.noindex/Pods.build/Debug-iphonesimulator/React-performancetimeline.build/FixedFiles
    export FRAMEWORKS_FOLDER_PATH\=React_performancetimeline.framework/Frameworks
    export FRAMEWORK_FLAG_PREFIX\=-framework
    export FRAMEWORK_SEARCH_PATHS\=/Users/antoniogrillo-balen/Library/Developer/Xcode/DerivedData/risebysolis-gzfsziqwziaggpcbgdowmssiasmi/Build/Products/Debug-iphonesimulator/React-performancetimeline\ \ \"/Users/antoniogrillo-balen/Library/Developer/Xcode/DerivedData/risebysolis-gzfsziqwziaggpcbgdowmssiasmi/Build/Products/Debug-iphonesimulator/DoubleConversion\"\ \"/Users/antoniogrillo-balen/Library/Developer/Xcode/DerivedData/risebysolis-gzfsziqwziaggpcbgdowmssiasmi/Build/Products/Debug-iphonesimulator/RCT-Folly\"\ \"/Users/antoniogrillo-balen/Library/Developer/Xcode/DerivedData/risebysolis-gzfsziqwziaggpcbgdowmssiasmi/Build/Products/Debug-iphonesimulator/React-cxxreact\"\ \"/Users/antoniogrillo-balen/Library/Developer/Xcode/DerivedData/risebysolis-gzfsziqwziaggpcbgdowmssiasmi/Build/Products/Debug-iphonesimulator/React-debug\"\ \"/Users/antoniogrillo-balen/Library/Developer/Xcode/DerivedData/risebysolis-gzfsziqwziaggpcbgdowmssiasmi/Build/Products/Debug-iphonesimulator/React-featureflags\"\ \"/Users/antoniogrillo-balen/Library/Developer/Xcode/DerivedData/risebysolis-gzfsziqwziaggpcbgdowmssiasmi/Build/Products/Debug-iphonesimulator/React-jsi\"\ \"/Users/antoniogrillo-balen/Library/Developer/Xcode/DerivedData/risebysolis-gzfsziqwziaggpcbgdowmssiasmi/Build/Products/Debug-iphonesimulator/React-jsinspector\"\ \"/Users/antoniogrillo-balen/Library/Developer/Xcode/DerivedData/risebysolis-gzfsziqwziaggpcbgdowmssiasmi/Build/Products/Debug-iphonesimulator/React-logger\"\ \"/Users/antoniogrillo-balen/Library/Developer/Xcode/DerivedData/risebysolis-gzfsziqwziaggpcbgdowmssiasmi/Build/Products/Debug-iphonesimulator/React-perflogger\"\ \"/Users/antoniogrillo-balen/Library/Developer/Xcode/DerivedData/risebysolis-gzfsziqwziaggpcbgdowmssiasmi/Build/Products/Debug-iphonesimulator/fmt\"\ \"/Users/antoniogrillo-balen/Library/Developer/Xcode/DerivedData/risebysolis-gzfsziqwziaggpcbgdowmssiasmi/Build/Products/Debug-iphonesimulator/glog\"\ \"/Users/antoniogrillo-balen/Desktop/Projects/RiseBuild/ios/Pods/hermes-engine/destroot/Library/Frameworks/universal\"\ \"/Users/antoniogrillo-balen/Library/Developer/Xcode/DerivedData/risebysolis-gzfsziqwziaggpcbgdowmssiasmi/Build/Products/Debug-iphonesimulator/XCFrameworkIntermediates/hermes-engine/Pre-built\"
    export FRAMEWORK_VERSION\=A
    export FULL_PRODUCT_NAME\=React_performancetimeline.framework
    export FUSE_BUILD_PHASES\=YES
    export FUSE_BUILD_SCRIPT_PHASES\=NO
    export GCC3_VERSION\=3.3
    export GCC_C_LANGUAGE_STANDARD\=gnu11
    export GCC_DYNAMIC_NO_PIC\=NO
    export GCC_INLINES_ARE_PRIVATE_EXTERN\=YES
    export GCC_NO_COMMON_BLOCKS\=YES
    export GCC_OBJC_LEGACY_DISPATCH\=YES
    export GCC_OPTIMIZATION_LEVEL\=0
    export GCC_PFE_FILE_C_DIALECTS\=c\ objective-c\ c++\ objective-c++
    export GCC_PREFIX_HEADER\=Target\ Support\ Files/React-performancetimeline/React-performancetimeline-prefix.pch
    export GCC_PREPROCESSOR_DEFINITIONS\=POD_CONFIGURATION_DEBUG\=1\ DEBUG\=1\ \ COCOAPODS\=1
    export GCC_TREAT_WARNINGS_AS_ERRORS\=NO
    export GCC_VERSION\=com.apple.compilers.llvm.clang.1_0
    export GCC_VERSION_IDENTIFIER\=com_apple_compilers_llvm_clang_1_0
    export GCC_WARN_64_TO_32_BIT_CONVERSION\=YES
    export GCC_WARN_ABOUT_RETURN_TYPE\=YES_ERROR
    export GCC_WARN_UNDECLARED_SELECTOR\=YES
    export GCC_WARN_UNINITIALIZED_AUTOS\=YES_AGGRESSIVE
    export GCC_WARN_UNUSED_FUNCTION\=YES
    export GCC_WARN_UNUSED_VARIABLE\=YES
    export GENERATED_MODULEMAP_DIR\=/Users/antoniogrillo-balen/Library/Developer/Xcode/DerivedData/risebysolis-gzfsziqwziaggpcbgdowmssiasmi/Build/Intermediates.noindex/GeneratedModuleMaps-iphonesimulator
    export GENERATE_INFOPLIST_FILE\=NO
    export GENERATE_INTERMEDIATE_TEXT_BASED_STUBS\=YES
    export GENERATE_PKGINFO_FILE\=NO
    export GENERATE_PRELINK_OBJECT_FILE\=NO
    export GENERATE_PROFILING_CODE\=NO
    export GENERATE_TEXT_BASED_STUBS\=NO
    export GID\=20
    export GROUP\=staff
    export HEADERMAP_INCLUDES_FLAT_ENTRIES_FOR_TARGET_BEING_BUILT\=YES
    export HEADERMAP_INCLUDES_FRAMEWORK_ENTRIES_FOR_ALL_PRODUCT_TYPES\=YES
    export HEADERMAP_INCLUDES_FRAMEWORK_ENTRIES_FOR_TARGETS_NOT_BEING_BUILT\=YES
    export HEADERMAP_INCLUDES_NONPUBLIC_NONPRIVATE_HEADERS\=YES
    export HEADERMAP_INCLUDES_PROJECT_HEADERS\=YES
    export HEADERMAP_USES_FRAMEWORK_PREFIX_ENTRIES\=YES
    export HEADERMAP_USES_VFS\=YES
    export HEADER_SEARCH_PATHS\=/Users/antoniogrillo-balen/Library/Developer/Xcode/DerivedData/risebysolis-gzfsziqwziaggpcbgdowmssiasmi/Build/Products/Debug-iphonesimulator/React-performancetimeline/include\ \ /Users/antoniogrillo-balen/Library/Developer/Xcode/DerivedData/risebysolis-gzfsziqwziaggpcbgdowmssiasmi/Build/Products/Debug-iphonesimulator/ReactCommon/ReactCommon.framework/Headers\ /Users/antoniogrillo-balen/Library/Developer/Xcode/DerivedData/risebysolis-gzfsziqwziaggpcbgdowmssiasmi/Build/Products/Debug-iphonesimulator/ReactCommon/ReactCommon.framework/Headers/react/nativemodule/core\ /Users/antoniogrillo-balen/Library/Developer/Xcode/DerivedData/risebysolis-gzfsziqwziaggpcbgdowmssiasmi/Build/Products/Debug-iphonesimulator/ReactCommon-Samples/ReactCommon_Samples.framework/Headers\ /Users/antoniogrillo-balen/Library/Developer/Xcode/DerivedData/risebysolis-gzfsziqwziaggpcbgdowmssiasmi/Build/Products/Debug-iphonesimulator/ReactCommon-Samples/ReactCommon_Samples.framework/Headers/platform/ios\ /Users/antoniogrillo-balen/Library/Developer/Xcode/DerivedData/risebysolis-gzfsziqwziaggpcbgdowmssiasmi/Build/Products/Debug-iphonesimulator/React-Fabric/React_Fabric.framework/Headers/react/renderer/components/view/platform/cxx\ /Users/antoniogrillo-balen/Library/Developer/Xcode/DerivedData/risebysolis-gzfsziqwziaggpcbgdowmssiasmi/Build/Products/Debug-iphonesimulator/React-NativeModulesApple/React_NativeModulesApple.framework/Headers\ /Users/antoniogrillo-balen/Library/Developer/Xcode/DerivedData/risebysolis-gzfsziqwziaggpcbgdowmssiasmi/Build/Products/Debug-iphonesimulator/React-graphics/React_graphics.framework/Headers\ /Users/antoniogrillo-balen/Library/Developer/Xcode/DerivedData/risebysolis-gzfsziqwziaggpcbgdowmssiasmi/Build/Products/Debug-iphonesimulator/React-graphics/React_graphics.framework/Headers/react/renderer/graphics/platform/ios\ \"/Users/antoniogrillo-balen/Desktop/Projects/RiseBuild/ios/Pods/Headers/Public\"\ \"/Users/antoniogrillo-balen/Desktop/Projects/RiseBuild/ios/Pods/Headers/Public/React-callinvoker\"\ \"/Users/antoniogrillo-balen/Desktop/Projects/RiseBuild/ios/Pods/Headers/Public/React-runtimeexecutor\"\ \"/Users/antoniogrillo-balen/Desktop/Projects/RiseBuild/ios/Pods/Headers/Public/React-timing\"\ \"/Users/antoniogrillo-balen/Desktop/Projects/RiseBuild/ios/Pods/Headers/Public/boost\"\ \"/Users/antoniogrillo-balen/Desktop/Projects/RiseBuild/ios/Pods/Headers/Public/fast_float\"\ \"/Users/antoniogrillo-balen/Desktop/Projects/RiseBuild/ios/Pods/Headers/Public/hermes-engine\"\ \"/Users/antoniogrillo-balen/Desktop/Projects/RiseBuild/ios/Pods/RCT-Folly\"\ \"/Users/antoniogrillo-balen/Desktop/Projects/RiseBuild/ios/Pods/boost\"\ \"/Users/antoniogrillo-balen/Desktop/Projects/RiseBuild/ios/Pods/../../node_modules/react-native/ReactCommon/react/performance/timeline/../../..\"\ \"/Users/antoniogrillo-balen/Desktop/Projects/RiseBuild/ios/Pods/RCT-Folly\"\ \"/Users/antoniogrillo-balen/Desktop/Projects/RiseBuild/ios/Pods/DoubleConversion\"\ \"/Users/antoniogrillo-balen/Desktop/Projects/RiseBuild/ios/Pods/fast_float/include\"\ \"/Users/antoniogrillo-balen/Desktop/Projects/RiseBuild/ios/Pods/fmt/include\"\ \"/Users/antoniogrillo-balen/Desktop/Projects/RiseBuild/ios/Pods/boost\"
    export HOME\=/Users/antoniogrillo-balen
    export HOST_ARCH\=arm64
    export HOST_PLATFORM\=macosx
    export ICONV\=/usr/bin/iconv
    export IMPLICIT_DEPENDENCY_DOMAIN\=default
    export INDEX_STORE_COMPRESS\=NO
    export INDEX_STORE_ONLY_PROJECT_FILES\=NO
    export INFOPLIST_ENABLE_CFBUNDLEICONS_MERGE\=YES
    export INFOPLIST_EXPAND_BUILD_SETTINGS\=YES
    export INFOPLIST_FILE\=Target\ Support\ Files/React-performancetimeline/React-performancetimeline-Info.plist
    export INFOPLIST_OUTPUT_FORMAT\=binary
    export INFOPLIST_PATH\=React_performancetimeline.framework/Info.plist
    export INFOPLIST_PREPROCESS\=NO
    export INFOSTRINGS_PATH\=React_performancetimeline.framework/en.lproj/InfoPlist.strings
    export INLINE_PRIVATE_FRAMEWORKS\=NO
    export INSTALLAPI_IGNORE_SKIP_INSTALL\=YES
    export INSTALLHDRS_COPY_PHASE\=NO
    export INSTALLHDRS_SCRIPT_PHASE\=NO
    export INSTALL_DIR\=/tmp/Pods.dst/Library/Frameworks
    export INSTALL_GROUP\=staff
    export INSTALL_MODE_FLAG\=u+w,go-w,a+rX
    export INSTALL_OWNER\=antoniogrillo-balen
    export INSTALL_PATH\=/Library/Frameworks
    export INSTALL_ROOT\=/tmp/Pods.dst
    export IPHONEOS_DEPLOYMENT_TARGET\=15.1
    export IS_UNOPTIMIZED_BUILD\=YES
    export JAVAC_DEFAULT_FLAGS\=-J-Xms64m\ -J-XX:NewSize\=4M\ -J-Dfile.encoding\=UTF8
    export JAVA_APP_STUB\=/System/Library/Frameworks/JavaVM.framework/Resources/MacOS/JavaApplicationStub
    export JAVA_ARCHIVE_CLASSES\=YES
    export JAVA_ARCHIVE_TYPE\=JAR
    export JAVA_COMPILER\=/usr/bin/javac
    export JAVA_FOLDER_PATH\=React_performancetimeline.framework/Java
    export JAVA_FRAMEWORK_RESOURCES_DIRS\=Resources
    export JAVA_JAR_FLAGS\=cv
    export JAVA_SOURCE_SUBDIR\=.
    export JAVA_USE_DEPENDENCIES\=YES
    export JAVA_ZIP_FLAGS\=-urg
    export JIKES_DEFAULT_FLAGS\=+E\ +OLDCSO
    export KEEP_PRIVATE_EXTERNS\=NO
    export LD_DEPENDENCY_INFO_FILE\=/Users/antoniogrillo-balen/Library/Developer/Xcode/DerivedData/risebysolis-gzfsziqwziaggpcbgdowmssiasmi/Build/Intermediates.noindex/Pods.build/Debug-iphonesimulator/React-performancetimeline.build/Objects-normal/undefined_arch/React_performancetimeline_dependency_info.dat
    export LD_DYLIB_INSTALL_NAME\=@rpath/React_performancetimeline.framework/React_performancetimeline
    export LD_EXPORT_SYMBOLS\=YES
    export LD_GENERATE_MAP_FILE\=NO
    export LD_MAP_FILE_PATH\=/Users/antoniogrillo-balen/Library/Developer/Xcode/DerivedData/risebysolis-gzfsziqwziaggpcbgdowmssiasmi/Build/Intermediates.noindex/Pods.build/Debug-iphonesimulator/React-performancetimeline.build/React_performancetimeline-LinkMap-normal-undefined_arch.txt
    export LD_NO_PIE\=NO
    export LD_QUOTE_LINKER_ARGUMENTS_FOR_COMPILER_DRIVER\=YES
    export LD_RUNPATH_SEARCH_PATHS\=\ @executable_path/Frameworks\ @loader_path/Frameworks
    export LD_SHARED_CACHE_ELIGIBLE\=Automatic
    export LD_WARN_DUPLICATE_LIBRARIES\=NO
    export LD_WARN_UNUSED_DYLIBS\=NO
    export LEGACY_DEVELOPER_DIR\=/Applications/Xcode.app/Contents/PlugIns/Xcode3Core.ideplugin/Contents/SharedSupport/Developer
    export LEX\=lex
    export LIBRARY_DEXT_INSTALL_PATH\=/Library/DriverExtensions
    export LIBRARY_FLAG_NOSPACE\=YES
    export LIBRARY_FLAG_PREFIX\=-l
    export LIBRARY_KEXT_INSTALL_PATH\=/Library/Extensions
    export LIBRARY_SEARCH_PATHS\=/Users/antoniogrillo-balen/Library/Developer/Xcode/DerivedData/risebysolis-gzfsziqwziaggpcbgdowmssiasmi/Build/Products/Debug-iphonesimulator/React-performancetimeline\ 
    export LINKER_DISPLAYS_MANGLED_NAMES\=NO
    export LINK_FILE_LIST_normal_arm64\=/Users/antoniogrillo-balen/Library/Developer/Xcode/DerivedData/risebysolis-gzfsziqwziaggpcbgdowmssiasmi/Build/Intermediates.noindex/Pods.build/Debug-iphonesimulator/React-performancetimeline.build/Objects-normal/arm64/React_performancetimeline.LinkFileList
    export LINK_OBJC_RUNTIME\=YES
    export LINK_WITH_STANDARD_LIBRARIES\=YES
    export LLVM_TARGET_TRIPLE_OS_VERSION\=ios15.1
    export LLVM_TARGET_TRIPLE_SUFFIX\=-simulator
    export LLVM_TARGET_TRIPLE_VENDOR\=apple
    export LM_AUX_CONST_METADATA_LIST_PATH_normal_arm64\=/Users/antoniogrillo-balen/Library/Developer/Xcode/DerivedData/risebysolis-gzfsziqwziaggpcbgdowmssiasmi/Build/Intermediates.noindex/Pods.build/Debug-iphonesimulator/React-performancetimeline.build/Objects-normal/arm64/React_performancetimeline.SwiftConstValuesFileList
    export LOCALIZATION_EXPORT_SUPPORTED\=YES
    export LOCALIZATION_PREFERS_STRING_CATALOGS\=NO
    export LOCALIZED_RESOURCES_FOLDER_PATH\=React_performancetimeline.framework/en.lproj
    export LOCALIZED_STRING_CODE_COMMENTS\=NO
    export LOCALIZED_STRING_MACRO_NAMES\=NSLocalizedString\ CFCopyLocalizedString
    export LOCALIZED_STRING_SWIFTUI_SUPPORT\=YES
    export LOCAL_ADMIN_APPS_DIR\=/Applications/Utilities
    export LOCAL_APPS_DIR\=/Applications
    export LOCAL_DEVELOPER_DIR\=/Library/Developer
    export LOCAL_LIBRARY_DIR\=/Library
    export LOCROOT\=/Users/antoniogrillo-balen/Desktop/Projects/RiseBuild/ios/Pods
    export LOCSYMROOT\=/Users/antoniogrillo-balen/Desktop/Projects/RiseBuild/ios/Pods
    export MACH_O_TYPE\=staticlib
    export MAC_OS_X_PRODUCT_BUILD_VERSION\=25E253
    export MAC_OS_X_VERSION_ACTUAL\=260401
    export MAC_OS_X_VERSION_MAJOR\=260000
    export MAC_OS_X_VERSION_MINOR\=260400
    export MAKE_MERGEABLE\=NO
    export MERGEABLE_LIBRARY\=NO
    export MERGED_BINARY_TYPE\=none
    export MERGE_LINKED_LIBRARIES\=NO
    export METAL_LIBRARY_FILE_BASE\=default
    export METAL_LIBRARY_OUTPUT_DIR\=/Users/antoniogrillo-balen/Library/Developer/Xcode/DerivedData/risebysolis-gzfsziqwziaggpcbgdowmssiasmi/Build/Products/Debug-iphonesimulator/React-performancetimeline/React_performancetimeline.framework
    export MODULEMAP_FILE\=Target\ Support\ Files/React-performancetimeline/React-performancetimeline.modulemap
    export MODULES_FOLDER_PATH\=React_performancetimeline.framework/Modules
    export MODULE_CACHE_DIR\=/Users/antoniogrillo-balen/Library/Developer/Xcode/DerivedData/ModuleCache.noindex
    export MTL_ENABLE_DEBUG_INFO\=INCLUDE_SOURCE
    export MTL_FAST_MATH\=YES
    export NATIVE_ARCH\=arm64
    export NATIVE_ARCH_32_BIT\=arm
    export NATIVE_ARCH_64_BIT\=arm64
    export NATIVE_ARCH_ACTUAL\=arm64
    export NO_COMMON\=YES
    export OBJC_ABI_VERSION\=2
    export OBJECT_FILE_DIR\=/Users/antoniogrillo-balen/Library/Developer/Xcode/DerivedData/risebysolis-gzfsziqwziaggpcbgdowmssiasmi/Build/Intermediates.noindex/Pods.build/Debug-iphonesimulator/React-performancetimeline.build/Objects
    export OBJECT_FILE_DIR_normal\=/Users/antoniogrillo-balen/Library/Developer/Xcode/DerivedData/risebysolis-gzfsziqwziaggpcbgdowmssiasmi/Build/Intermediates.noindex/Pods.build/Debug-iphonesimulator/React-performancetimeline.build/Objects-normal
    export OBJROOT\=/Users/antoniogrillo-balen/Library/Developer/Xcode/DerivedData/risebysolis-gzfsziqwziaggpcbgdowmssiasmi/Build/Intermediates.noindex
    export ONLY_ACTIVE_ARCH\=YES
    export OS\=MACOS
    export OSAC\=/usr/bin/osacompile
    export OTHER_LDFLAGS\=\ \ 
    export PACKAGE_TYPE\=com.apple.package-type.wrapper.framework
    export PASCAL_STRINGS\=YES
    export PATH\=/Applications/Xcode.app/Contents/SharedFrameworks/SwiftBuild.framework/Versions/A/PlugIns/SWBBuildService.bundle/Contents/PlugIns/SWBUniversalPlatformPlugin.bundle/Contents/Frameworks/SWBUniversalPlatform.framework/Resources:/Applications/Xcode.app/Contents/Developer/Toolchains/XcodeDefault.xctoolchain/usr/bin:/Applications/Xcode.app/Contents/Developer/Toolchains/XcodeDefault.xctoolchain/usr/local/bin:/Applications/Xcode.app/Contents/Developer/Toolchains/XcodeDefault.xctoolchain/usr/libexec:/Applications/Xcode.app/Contents/Developer/Platforms/iPhoneSimulator.platform/usr/bin:/Applications/Xcode.app/Contents/Developer/Platforms/iPhoneSimulator.platform/usr/local/bin:/Applications/Xcode.app/Contents/Developer/Platforms/iPhoneSimulator.platform/Developer/usr/bin:/Applications/Xcode.app/Contents/Developer/Platforms/iPhoneSimulator.platform/Developer/usr/local/bin:/Applications/Xcode.app/Contents/Developer/usr/bin:/Applications/Xcode.app/Contents/Developer/usr/local/bin:/opt/homebrew/opt/ruby/bin:/opt/homebrew/lib/ruby/gems/4.0.0/bin:/opt/homebrew/bin:/opt/homebrew/sbin:/Users/antoniogrillo-balen/.nvm/versions/node/v24.14.1/bin:/Library/Frameworks/Python.framework/Versions/3.14/bin:/usr/local/bin:/System/Cryptexes/App/usr/bin:/usr/bin:/bin:/usr/sbin:/sbin:/var/run/com.apple.security.cryptexd/codex.system/bootstrap/usr/local/bin:/var/run/com.apple.security.cryptexd/codex.system/bootstrap/usr/bin:/var/run/com.apple.security.cryptexd/codex.system/bootstrap/usr/appleinternal/bin:/opt/pkg/env/active/bin:/opt/pmk/env/global/bin:/Library/Apple/usr/bin:/Applications/VMware\ Fusion.app/Contents/Public:/Users/antoniogrillo-balen/.cargo/bin:/Users/antoniogrillo-balen/.cache/plugins/.install-staging/25283474a0e0d4a060cb0e915c1ec54e3d41ef2e/cursor/repo/bin:/Users/antoniogrillo-balen/.claude/plugins/cache/claude-plugins-official/superpowers/5.1.0/bin:/Users/antoniogrillo-balen/.claude/plugins/cache/claude-plugins-official/frontend-design/unknown/bin:/Users/antoniogrillo-balen/.claude/plugins/cache/claude-plugins-official/code-simplifier/1.0.0/bin:/Users/antoniogrillo-balen/.claude/plugins/cache/claude-plugins-official/security-guidance/unknown/bin:/Users/antoniogrillo-balen/.claude/plugins/cache/thedotmack/claude-mem/12.1.1/bin
    export PATH_PREFIXES_EXCLUDED_FROM_HEADER_DEPENDENCIES\=/usr/include\ /usr/local/include\ /System/Library/Frameworks\ /System/Library/PrivateFrameworks\ /Applications/Xcode.app/Contents/Developer/Headers\ /Applications/Xcode.app/Contents/Developer/SDKs\ /Applications/Xcode.app/Contents/Developer/Platforms
    export PBDEVELOPMENTPLIST_PATH\=React_performancetimeline.framework/pbdevelopment.plist
    export PER_ARCH_MODULE_FILE_DIR\=/Users/antoniogrillo-balen/Library/Developer/Xcode/DerivedData/risebysolis-gzfsziqwziaggpcbgdowmssiasmi/Build/Intermediates.noindex/Pods.build/Debug-iphonesimulator/React-performancetimeline.build/Objects-normal/undefined_arch
    export PER_ARCH_OBJECT_FILE_DIR\=/Users/antoniogrillo-balen/Library/Developer/Xcode/DerivedData/risebysolis-gzfsziqwziaggpcbgdowmssiasmi/Build/Intermediates.noindex/Pods.build/Debug-iphonesimulator/React-performancetimeline.build/Objects-normal/undefined_arch
    export PER_VARIANT_OBJECT_FILE_DIR\=/Users/antoniogrillo-balen/Library/Developer/Xcode/DerivedData/risebysolis-gzfsziqwziaggpcbgdowmssiasmi/Build/Intermediates.noindex/Pods.build/Debug-iphonesimulator/React-performancetimeline.build/Objects-normal
    export PKGINFO_FILE_PATH\=/Users/antoniogrillo-balen/Library/Developer/Xcode/DerivedData/risebysolis-gzfsziqwziaggpcbgdowmssiasmi/Build/Intermediates.noindex/Pods.build/Debug-iphonesimulator/React-performancetimeline.build/PkgInfo
    export PKGINFO_PATH\=React_performancetimeline.framework/PkgInfo
    export PLATFORM_DEVELOPER_APPLICATIONS_DIR\=/Applications/Xcode.app/Contents/Developer/Platforms/iPhoneSimulator.platform/Developer/Applications
    export PLATFORM_DEVELOPER_BIN_DIR\=/Applications/Xcode.app/Contents/Developer/Platforms/iPhoneSimulator.platform/Developer/usr/bin
    export PLATFORM_DEVELOPER_LIBRARY_DIR\=/Applications/Xcode.app/Contents/Developer/Platforms/iPhoneSimulator.platform/Developer/Library
    export PLATFORM_DEVELOPER_SDK_DIR\=/Applications/Xcode.app/Contents/Developer/Platforms/iPhoneSimulator.platform/Developer/SDKs
    export PLATFORM_DEVELOPER_TOOLS_DIR\=/Applications/Xcode.app/Contents/Developer/Platforms/iPhoneSimulator.platform/Developer/Tools
    export PLATFORM_DEVELOPER_USR_DIR\=/Applications/Xcode.app/Contents/Developer/Platforms/iPhoneSimulator.platform/Developer/usr
    export PLATFORM_DIR\=/Applications/Xcode.app/Contents/Developer/Platforms/iPhoneSimulator.platform
    export PLATFORM_DISPLAY_NAME\=iOS\ Simulator
    export PLATFORM_FAMILY_NAME\=iOS
    export PLATFORM_NAME\=iphonesimulator
    export PLATFORM_PREFERRED_ARCH\=x86_64
    export PLATFORM_PRODUCT_BUILD_VERSION\=23F73
    export PLATFORM_REQUIRES_SWIFT_AUTOLINK_EXTRACT\=NO
    export PLATFORM_REQUIRES_SWIFT_MODULEWRAP\=NO
    export PLATFORM_USES_DSYMS\=YES
    export PLIST_FILE_OUTPUT_FORMAT\=binary
    export PLUGINS_FOLDER_PATH\=React_performancetimeline.framework/PlugIns
    export PODS_BUILD_DIR\=/Users/antoniogrillo-balen/Library/Developer/Xcode/DerivedData/risebysolis-gzfsziqwziaggpcbgdowmssiasmi/Build/Products
    export PODS_CONFIGURATION_BUILD_DIR\=/Users/antoniogrillo-balen/Library/Developer/Xcode/DerivedData/risebysolis-gzfsziqwziaggpcbgdowmssiasmi/Build/Products/Debug-iphonesimulator
    export PODS_DEVELOPMENT_LANGUAGE\=en
    export PODS_ROOT\=/Users/antoniogrillo-balen/Desktop/Projects/RiseBuild/ios/Pods
    export PODS_TARGET_SRCROOT\=/Users/antoniogrillo-balen/Desktop/Projects/RiseBuild/ios/Pods/../../node_modules/react-native/ReactCommon/react/performance/timeline
    export PODS_XCFRAMEWORKS_BUILD_DIR\=/Users/antoniogrillo-balen/Library/Developer/Xcode/DerivedData/risebysolis-gzfsziqwziaggpcbgdowmssiasmi/Build/Products/Debug-iphonesimulator/XCFrameworkIntermediates
    export PRECOMPS_INCLUDE_HEADERS_FROM_BUILT_PRODUCTS_DIR\=YES
    export PRECOMP_DESTINATION_DIR\=/Users/antoniogrillo-balen/Library/Developer/Xcode/DerivedData/risebysolis-gzfsziqwziaggpcbgdowmssiasmi/Build/Intermediates.noindex/Pods.build/Debug-iphonesimulator/React-performancetimeline.build/PrefixHeaders
    export PRIVATE_HEADERS_FOLDER_PATH\=React_performancetimeline.framework/PrivateHeaders
    export PROCESSED_INFOPLIST_PATH\=/Users/antoniogrillo-balen/Library/Developer/Xcode/DerivedData/risebysolis-gzfsziqwziaggpcbgdowmssiasmi/Build/Intermediates.noindex/Pods.build/Debug-iphonesimulator/React-performancetimeline.build/Objects-normal/undefined_arch/Processed-Info.plist
    export PRODUCT_BUNDLE_IDENTIFIER\=org.cocoapods.React-performancetimeline
    export PRODUCT_BUNDLE_PACKAGE_TYPE\=FMWK
    export PRODUCT_MODULE_NAME\=React_performancetimeline
    export PRODUCT_NAME\=React_performancetimeline
    export PRODUCT_SETTINGS_PATH\=/Users/antoniogrillo-balen/Desktop/Projects/RiseBuild/ios/Pods/Target\ Support\ Files/React-performancetimeline/React-performancetimeline-Info.plist
    export PRODUCT_TYPE\=com.apple.product-type.framework
    export PROFILING_CODE\=NO
    export PROJECT\=Pods
    export PROJECT_DERIVED_FILE_DIR\=/Users/antoniogrillo-balen/Library/Developer/Xcode/DerivedData/risebysolis-gzfsziqwziaggpcbgdowmssiasmi/Build/Intermediates.noindex/Pods.build/DerivedSources
    export PROJECT_DIR\=/Users/antoniogrillo-balen/Desktop/Projects/RiseBuild/ios/Pods
    export PROJECT_FILE_PATH\=/Users/antoniogrillo-balen/Desktop/Projects/RiseBuild/ios/Pods/Pods.xcodeproj
    export PROJECT_GUID\=8699adb1dd336b26511df848a716bd42
    export PROJECT_NAME\=Pods
    export PROJECT_TEMP_DIR\=/Users/antoniogrillo-balen/Library/Developer/Xcode/DerivedData/risebysolis-gzfsziqwziaggpcbgdowmssiasmi/Build/Intermediates.noindex/Pods.build
    export PROJECT_TEMP_ROOT\=/Users/antoniogrillo-balen/Library/Developer/Xcode/DerivedData/risebysolis-gzfsziqwziaggpcbgdowmssiasmi/Build/Intermediates.noindex
    export PUBLIC_HEADERS_FOLDER_PATH\=React_performancetimeline.framework/Headers
    export REACT_NATIVE_PATH\=/Users/antoniogrillo-balen/Desktop/Projects/RiseBuild/ios/Pods/../../node_modules/react-native
    export RECOMMENDED_IPHONEOS_DEPLOYMENT_TARGET\=15.0
    export RECURSIVE_SEARCH_PATHS_FOLLOW_SYMLINKS\=YES
    export REMOVE_CVS_FROM_RESOURCES\=YES
    export REMOVE_GIT_FROM_RESOURCES\=YES
    export REMOVE_HEADERS_FROM_EMBEDDED_BUNDLES\=YES
    export REMOVE_HG_FROM_RESOURCES\=YES
    export REMOVE_STATIC_EXECUTABLES_FROM_EMBEDDED_BUNDLES\=YES
    export REMOVE_SVN_FROM_RESOURCES\=YES
    export RESCHEDULE_INDEPENDENT_HEADERS_PHASES\=YES
    export REZ_COLLECTOR_DIR\=/Users/antoniogrillo-balen/Library/Developer/Xcode/DerivedData/risebysolis-gzfsziqwziaggpcbgdowmssiasmi/Build/Intermediates.noindex/Pods.build/Debug-iphonesimulator/React-performancetimeline.build/ResourceManagerResources
    export REZ_OBJECTS_DIR\=/Users/antoniogrillo-balen/Library/Developer/Xcode/DerivedData/risebysolis-gzfsziqwziaggpcbgdowmssiasmi/Build/Intermediates.noindex/Pods.build/Debug-iphonesimulator/React-performancetimeline.build/ResourceManagerResources/Objects
    export REZ_SEARCH_PATHS\=/Users/antoniogrillo-balen/Library/Developer/Xcode/DerivedData/risebysolis-gzfsziqwziaggpcbgdowmssiasmi/Build/Products/Debug-iphonesimulator/React-performancetimeline\ 
    export RPATH_ORIGIN\=@loader_path
    export RUNTIME_EXCEPTION_ALLOW_DYLD_ENVIRONMENT_VARIABLES\=NO
    export RUNTIME_EXCEPTION_ALLOW_JIT\=NO
    export RUNTIME_EXCEPTION_ALLOW_UNSIGNED_EXECUTABLE_MEMORY\=NO
    export RUNTIME_EXCEPTION_DEBUGGING_TOOL\=NO
    export RUNTIME_EXCEPTION_DISABLE_EXECUTABLE_PAGE_PROTECTION\=NO
    export RUNTIME_EXCEPTION_DISABLE_LIBRARY_VALIDATION\=NO
    export SCANNING_PCM_KEEP_CACHE_DIRECTORY\=YES
    export SCAN_ALL_SOURCE_FILES_FOR_INCLUDES\=NO
    export SCRIPTS_FOLDER_PATH\=React_performancetimeline.framework/Scripts
    export SCRIPT_INPUT_FILE_COUNT\=0
    export SCRIPT_INPUT_FILE_LIST_COUNT\=0
    export SCRIPT_OUTPUT_FILE_COUNT\=0
    export SCRIPT_OUTPUT_FILE_LIST_COUNT\=0
    export SDKROOT\=/Applications/Xcode.app/Contents/Developer/Platforms/iPhoneSimulator.platform/Developer/SDKs/iPhoneSimulator26.5.sdk
    export SDK_DIR\=/Applications/Xcode.app/Contents/Developer/Platforms/iPhoneSimulator.platform/Developer/SDKs/iPhoneSimulator26.5.sdk
    export SDK_DIR_iphonesimulator\=/Applications/Xcode.app/Contents/Developer/Platforms/iPhoneSimulator.platform/Developer/SDKs/iPhoneSimulator26.5.sdk
    export SDK_DIR_iphonesimulator26_5\=/Applications/Xcode.app/Contents/Developer/Platforms/iPhoneSimulator.platform/Developer/SDKs/iPhoneSimulator26.5.sdk
    export SDK_NAME\=iphonesimulator26.5
    export SDK_NAMES\=iphonesimulator26.5
    export SDK_PRODUCT_BUILD_VERSION\=23F73
    export SDK_STAT_CACHE_DIR\=/Users/antoniogrillo-balen/Library/Developer/Xcode/DerivedData
    export SDK_STAT_CACHE_ENABLE\=YES
    export SDK_STAT_CACHE_PATH\=/Users/antoniogrillo-balen/Library/Developer/Xcode/DerivedData/SDKStatCaches.noindex/iphonesimulator26.5-23F73-6cfe768891a92b912361537c460fe42b.sdkstatcache
    export SDK_VERSION\=26.5
    export SDK_VERSION_ACTUAL\=260500
    export SDK_VERSION_MAJOR\=260000
    export SDK_VERSION_MINOR\=260500
    export SED\=/usr/bin/sed
    export SEPARATE_STRIP\=NO
    export SEPARATE_SYMBOL_EDIT\=NO
    export SET_DIR_MODE_OWNER_GROUP\=YES
    export SET_FILE_MODE_OWNER_GROUP\=NO
    export SHALLOW_BUNDLE\=YES
    export SHALLOW_BUNDLE_TRIPLE\=ios-simulator
    export SHALLOW_BUNDLE_ios_macabi\=NO
    export SHALLOW_BUNDLE_macos\=NO
    export SHARED_DERIVED_FILE_DIR\=/Users/antoniogrillo-balen/Library/Developer/Xcode/DerivedData/risebysolis-gzfsziqwziaggpcbgdowmssiasmi/Build/Products/Debug-iphonesimulator/React-performancetimeline/DerivedSources
    export SHARED_FRAMEWORKS_FOLDER_PATH\=React_performancetimeline.framework/SharedFrameworks
    export SHARED_PRECOMPS_DIR\=/Users/antoniogrillo-balen/Library/Developer/Xcode/DerivedData/risebysolis-gzfsziqwziaggpcbgdowmssiasmi/Build/Intermediates.noindex/PrecompiledHeaders
    export SHARED_SUPPORT_FOLDER_PATH\=React_performancetimeline.framework
    export SKIP_INSTALL\=YES
    export SKIP_MERGEABLE_LIBRARY_BUNDLE_HOOK\=NO
    export SOURCE_ROOT\=/Users/antoniogrillo-balen/Desktop/Projects/RiseBuild/ios/Pods
    export SRCROOT\=/Users/antoniogrillo-balen/Desktop/Projects/RiseBuild/ios/Pods
    export STRINGSDATA_DIR\=/Users/antoniogrillo-balen/Library/Developer/Xcode/DerivedData/risebysolis-gzfsziqwziaggpcbgdowmssiasmi/Build/Intermediates.noindex/Pods.build/Debug-iphonesimulator/React-performancetimeline.build/Objects-normal/undefined_arch
    export STRINGSDATA_ROOT\=/Users/antoniogrillo-balen/Library/Developer/Xcode/DerivedData/risebysolis-gzfsziqwziaggpcbgdowmssiasmi/Build/Intermediates.noindex/Pods.build/Debug-iphonesimulator/React-performancetimeline.build
    export STRINGS_FILE_INFOPLIST_RENAME\=YES
    export STRINGS_FILE_OUTPUT_ENCODING\=binary
    export STRING_CATALOG_GENERATE_SYMBOLS\=NO
    export STRIP_BITCODE_FROM_COPIED_FILES\=NO
    export STRIP_INSTALLED_PRODUCT\=NO
    export STRIP_STYLE\=debugging
    export STRIP_SWIFT_SYMBOLS\=YES
    export SUPPORTED_DEVICE_FAMILIES\=1,2
    export SUPPORTED_PLATFORMS\=iphoneos\ iphonesimulator
    export SUPPORTS_TEXT_BASED_API\=NO
    export SUPPRESS_WARNINGS\=NO
    export SWIFT_ACTIVE_COMPILATION_CONDITIONS\=\ DEBUG\ 
    export SWIFT_EMIT_CONST_VALUE_PROTOCOLS\=AnyResolverProviding\ AppEntity\ AppEnum\ AppExtension\ AppIntent\ AppIntentsPackage\ AppShortcutProviding\ AppShortcutsProvider\ AppUnionValue\ AppUnionValueCasesProviding\ DynamicOptionsProvider\ EntityQuery\ ExtensionPointDefining\ IntentValueQuery\ Resolver\ TransientEntity\ _AssistantIntentsProvider\ _GenerativeFunctionExtractable\ _IntentValueRepresentable
    export SWIFT_EMIT_LOC_STRINGS\=NO
    export SWIFT_ENABLE_EXPLICIT_MODULES\=YES
    export SWIFT_INSTALL_MODULE_FOR_DEPLOYMENT\=YES
    export SWIFT_INSTALL_OBJC_HEADER\=YES
    export SWIFT_OPTIMIZATION_LEVEL\=-Onone
    export SWIFT_PLATFORM_TARGET_PREFIX\=ios
    export SWIFT_RESPONSE_FILE_PATH_normal_arm64\=/Users/antoniogrillo-balen/Library/Developer/Xcode/DerivedData/risebysolis-gzfsziqwziaggpcbgdowmssiasmi/Build/Intermediates.noindex/Pods.build/Debug-iphonesimulator/React-performancetimeline.build/Objects-normal/arm64/React_performancetimeline.SwiftFileList
    export SWIFT_VERSION\=5.0
    export SYMROOT\=/Users/antoniogrillo-balen/Library/Developer/Xcode/DerivedData/risebysolis-gzfsziqwziaggpcbgdowmssiasmi/Build/Products
    export SYSTEM_ADMIN_APPS_DIR\=/Applications/Utilities
    export SYSTEM_APPS_DIR\=/Applications
    export SYSTEM_CORE_SERVICES_DIR\=/System/Library/CoreServices
    export SYSTEM_DEMOS_DIR\=/Applications/Extras
    export SYSTEM_DEVELOPER_APPS_DIR\=/Applications/Xcode.app/Contents/Developer/Applications
    export SYSTEM_DEVELOPER_BIN_DIR\=/Applications/Xcode.app/Contents/Developer/usr/bin
    export SYSTEM_DEVELOPER_DEMOS_DIR\=/Applications/Xcode.app/Contents/Developer/Applications/Utilities/Built\ Examples
    export SYSTEM_DEVELOPER_DIR\=/Applications/Xcode.app/Contents/Developer
    export SYSTEM_DEVELOPER_DOC_DIR\=/Applications/Xcode.app/Contents/Developer/ADC\ Reference\ Library
    export SYSTEM_DEVELOPER_GRAPHICS_TOOLS_DIR\=/Applications/Xcode.app/Contents/Developer/Applications/Graphics\ Tools
    export SYSTEM_DEVELOPER_JAVA_TOOLS_DIR\=/Applications/Xcode.app/Contents/Developer/Applications/Java\ Tools
    export SYSTEM_DEVELOPER_PERFORMANCE_TOOLS_DIR\=/Applications/Xcode.app/Contents/Developer/Applications/Performance\ Tools
    export SYSTEM_DEVELOPER_RELEASENOTES_DIR\=/Applications/Xcode.app/Contents/Developer/ADC\ Reference\ Library/releasenotes
    export SYSTEM_DEVELOPER_TOOLS\=/Applications/Xcode.app/Contents/Developer/Tools
    export SYSTEM_DEVELOPER_TOOLS_DOC_DIR\=/Applications/Xcode.app/Contents/Developer/ADC\ Reference\ Library/documentation/DeveloperTools
    export SYSTEM_DEVELOPER_TOOLS_RELEASENOTES_DIR\=/Applications/Xcode.app/Contents/Developer/ADC\ Reference\ Library/releasenotes/DeveloperTools
    export SYSTEM_DEVELOPER_USR_DIR\=/Applications/Xcode.app/Contents/Developer/usr
    export SYSTEM_DEVELOPER_UTILITIES_DIR\=/Applications/Xcode.app/Contents/Developer/Applications/Utilities
    export SYSTEM_DEXT_INSTALL_PATH\=/System/Library/DriverExtensions
    export SYSTEM_DOCUMENTATION_DIR\=/Library/Documentation
    export SYSTEM_EXTENSIONS_FOLDER_PATH\=React_performancetimeline.framework/SystemExtensions
    export SYSTEM_EXTENSIONS_FOLDER_PATH_SHALLOW_BUNDLE_NO\=React_performancetimeline.framework/Library/SystemExtensions
    export SYSTEM_EXTENSIONS_FOLDER_PATH_SHALLOW_BUNDLE_YES\=React_performancetimeline.framework/SystemExtensions
    export SYSTEM_KEXT_INSTALL_PATH\=/System/Library/Extensions
    export SYSTEM_LIBRARY_DIR\=/System/Library
    export TAPI_DEMANGLE\=YES
    export TAPI_ENABLE_PROJECT_HEADERS\=NO
    export TAPI_LANGUAGE\=objective-c
    export TAPI_LANGUAGE_STANDARD\=compiler-default
    export TAPI_USE_SRCROOT\=YES
    export TAPI_VERIFY_MODE\=Pedantic
    export TARGETED_DEVICE_FAMILY\=1,2
    export TARGETNAME\=React-performancetimeline
    export TARGET_BUILD_DIR\=/Users/antoniogrillo-balen/Library/Developer/Xcode/DerivedData/risebysolis-gzfsziqwziaggpcbgdowmssiasmi/Build/Products/Debug-iphonesimulator/React-performancetimeline
    export TARGET_DEVICE_IDENTIFIER\=0C333F8A-4681-4475-855E-6FFD70F12533
    export TARGET_DEVICE_MODEL\=iPhone16,2
    export TARGET_DEVICE_OS_VERSION\=26.4.1
    export TARGET_DEVICE_PLATFORM_NAME\=iphonesimulator
    export TARGET_NAME\=React-performancetimeline
    export TARGET_TEMP_DIR\=/Users/antoniogrillo-balen/Library/Developer/Xcode/DerivedData/risebysolis-gzfsziqwziaggpcbgdowmssiasmi/Build/Intermediates.noindex/Pods.build/Debug-iphonesimulator/React-performancetimeline.build
    export TEMP_DIR\=/Users/antoniogrillo-balen/Library/Developer/Xcode/DerivedData/risebysolis-gzfsziqwziaggpcbgdowmssiasmi/Build/Intermediates.noindex/Pods.build/Debug-iphonesimulator/React-performancetimeline.build
    export TEMP_FILES_DIR\=/Users/antoniogrillo-balen/Library/Developer/Xcode/DerivedData/risebysolis-gzfsziqwziaggpcbgdowmssiasmi/Build/Intermediates.noindex/Pods.build/Debug-iphonesimulator/React-performancetimeline.build
    export TEMP_FILE_DIR\=/Users/antoniogrillo-balen/Library/Developer/Xcode/DerivedData/risebysolis-gzfsziqwziaggpcbgdowmssiasmi/Build/Intermediates.noindex/Pods.build/Debug-iphonesimulator/React-performancetimeline.build
    export TEMP_ROOT\=/Users/antoniogrillo-balen/Library/Developer/Xcode/DerivedData/risebysolis-gzfsziqwziaggpcbgdowmssiasmi/Build/Intermediates.noindex
    export TEMP_SANDBOX_DIR\=/Users/antoniogrillo-balen/Library/Developer/Xcode/DerivedData/risebysolis-gzfsziqwziaggpcbgdowmssiasmi/Build/Intermediates.noindex/TemporaryTaskSandboxes
    export TEST_FRAMEWORK_SEARCH_PATHS\=\ /Applications/Xcode.app/Contents/Developer/Platforms/iPhoneSimulator.platform/Developer/Library/Frameworks\ /Applications/Xcode.app/Contents/Developer/Platforms/iPhoneSimulator.platform/Developer/SDKs/iPhoneSimulator26.5.sdk/Developer/Library/Frameworks
    export TEST_LIBRARY_SEARCH_PATHS\=\ /Applications/Xcode.app/Contents/Developer/Platforms/iPhoneSimulator.platform/Developer/usr/lib
    export TOOLCHAINS\=com.apple.dt.toolchain.XcodeDefault
    export TOOLCHAIN_DIR\=/Applications/Xcode.app/Contents/Developer/Toolchains/XcodeDefault.xctoolchain
    export TREAT_MISSING_BASELINES_AS_TEST_FAILURES\=NO
    export TREAT_MISSING_SCRIPT_PHASE_OUTPUTS_AS_ERRORS\=NO
    export TeamIdentifierPrefix\=FAKETEAMID.
    export UID\=501
    export UNINSTALLED_PRODUCTS_DIR\=/Users/antoniogrillo-balen/Library/Developer/Xcode/DerivedData/risebysolis-gzfsziqwziaggpcbgdowmssiasmi/Build/Intermediates.noindex/UninstalledProducts
    export UNLOCALIZED_RESOURCES_FOLDER_PATH\=React_performancetimeline.framework
    export UNLOCALIZED_RESOURCES_FOLDER_PATH_SHALLOW_BUNDLE_NO\=React_performancetimeline.framework/Resources
    export UNLOCALIZED_RESOURCES_FOLDER_PATH_SHALLOW_BUNDLE_YES\=React_performancetimeline.framework
    export UNSTRIPPED_PRODUCT\=NO
    export USER\=antoniogrillo-balen
    export USER_APPS_DIR\=/Users/antoniogrillo-balen/Applications
    export USER_LIBRARY_DIR\=/Users/antoniogrillo-balen/Library
    export USE_DYNAMIC_NO_PIC\=YES
    export USE_HEADERMAP\=YES
    export USE_HEADER_SYMLINKS\=NO
    export USE_HERMES\=true
    export USE_RECURSIVE_SCRIPT_INPUTS_IN_SCRIPT_PHASES\=YES
    export VALIDATE_DEVELOPMENT_ASSET_PATHS\=YES_ERROR
    export VALIDATE_PRODUCT\=NO
    export VALID_ARCHS\=arm64\ x86_64
    export VERBOSE_PBXCP\=NO
    export VERSIONING_SYSTEM\=apple-generic
    export VERSIONPLIST_PATH\=React_performancetimeline.framework/version.plist
    export VERSIONS_FOLDER_PATH\=React_performancetimeline.framework
    export VERSIONS_FOLDER_PATH_SHALLOW_BUNDLE_NO\=React_performancetimeline.framework/Versions
    export VERSIONS_FOLDER_PATH_SHALLOW_BUNDLE_YES\=React_performancetimeline.framework
    export VERSION_INFO_BUILDER\=antoniogrillo-balen
    export VERSION_INFO_FILE\=React_performancetimeline_vers.c
    export VERSION_INFO_STRING\=\"@\(\#\)PROGRAM:React_performancetimeline\ \ PROJECT:Pods-1\"
    export WORKSPACE_DIR\=/Users/antoniogrillo-balen/Desktop/Projects/RiseBuild/ios
    export WRAPPER_EXTENSION\=framework
    export WRAPPER_NAME\=React_performancetimeline.framework
    export WRAPPER_SUFFIX\=.framework
    export WRAP_ASSET_PACKS_IN_SEPARATE_DIRECTORIES\=NO
    export XCODE_APP_SUPPORT_DIR\=/Applications/Xcode.app/Contents/Developer/Library/Xcode
    export XCODE_PRODUCT_BUILD_VERSION\=17F42
    export XCODE_VERSION_ACTUAL\=2650
    export XCODE_VERSION_MAJOR\=2600
    export XCODE_VERSION_MINOR\=2650
    export XPCSERVICES_FOLDER_PATH\=React_performancetimeline.framework/XPCServices
    export YACC\=yacc
    export _DISCOVER_COMMAND_LINE_LINKER_INPUTS\=YES
    export _DISCOVER_COMMAND_LINE_LINKER_INPUTS_INCLUDE_WL\=YES
    export _LD_MULTIARCH\=YES
    export _WRAPPER_CONTENTS_DIR_SHALLOW_BUNDLE_NO\=/Contents
    export _WRAPPER_PARENT_PATH_SHALLOW_BUNDLE_NO\=/..
    export _WRAPPER_RESOURCES_DIR_SHALLOW_BUNDLE_NO\=/Resources
    export __DIAGNOSE_DEPRECATED_ARCHS\=YES
    export __ORIGINAL_SDK_DEFINED_LLVM_TARGET_TRIPLE_SYS\=ios
    export arch\=undefined_arch
    export variant\=normal
    /bin/sh -c /Users/antoniogrillo-balen/Library/Developer/Xcode/DerivedData/risebysolis-gzfsziqwziaggpcbgdowmssiasmi/Build/Intermediates.noindex/Pods.build/Debug-iphonesimulator/React-performancetimeline.build/Script-46EB2E0002C790.sh

warning: Run script build phase 'Create Symlinks to Header Folders' will be run during every build because it does not specify any outputs. To address this issue, either add output dependencies to the script phase, or configure it to run in every build by unchecking "Based on dependency analysis" in the script phase. (in target 'React-rendererdebug' from project 'Pods')
PhaseScriptExecution Create\ Symlinks\ to\ Header\ Folders /Users/antoniogrillo-balen/Library/Developer/Xcode/DerivedData/risebysolis-gzfsziqwziaggpcbgdowmssiasmi/Build/Intermediates.noindex/Pods.build/Debug-iphonesimulator/React-rendererdebug.build/Script-46EB2E0002CB40.sh (in target 'React-rendererdebug' from project 'Pods')
    cd /Users/antoniogrillo-balen/Desktop/Projects/RiseBuild/ios/Pods
    export ACTION\=build
    export AD_HOC_CODE_SIGNING_ALLOWED\=YES
    export ALLOW_BUILD_REQUEST_OVERRIDES\=NO
    export ALLOW_TARGET_PLATFORM_SPECIALIZATION\=NO
    export ALTERNATE_GROUP\=staff
    export ALTERNATE_MODE\=u+w,go-w,a+rX
    export ALTERNATE_OWNER\=antoniogrillo-balen
    export ALTERNATIVE_DISTRIBUTION_WEB\=NO
    export ALWAYS_EMBED_SWIFT_STANDARD_LIBRARIES\=NO
    export ALWAYS_SEARCH_USER_PATHS\=NO
    export ALWAYS_USE_SEPARATE_HEADERMAPS\=NO
    export APPLICATION_EXTENSION_API_ONLY\=NO
    export APPLY_RULES_IN_COPY_FILES\=NO
    export APPLY_RULES_IN_COPY_HEADERS\=NO
    export APP_SHORTCUTS_ENABLE_FLEXIBLE_MATCHING\=YES
    export ARCHS\=arm64
    export ARCHS_BASE\=arm64
    export ARCHS_STANDARD\=arm64\ x86_64
    export ARCHS_STANDARD_32_64_BIT\=arm64\ x86_64
    export ARCHS_STANDARD_64_BIT\=arm64\ x86_64
    export ARCHS_STANDARD_INCLUDING_64_BIT\=arm64\ x86_64
    export ARCHS_UNIVERSAL_IPHONE_OS\=arm64\ x86_64
    export ASSETCATALOG_FILTER_FOR_DEVICE_MODEL\=iPhone16,2
    export ASSETCATALOG_FILTER_FOR_DEVICE_OS_VERSION\=26.4.1
    export ASSETCATALOG_FILTER_FOR_THINNING_DEVICE_CONFIGURATION\=iPhone16,2
    export AUTOMATICALLY_MERGE_DEPENDENCIES\=NO
    export AUTOMATION_APPLE_EVENTS\=NO
    export AVAILABLE_PLATFORMS\=android\ appletvos\ appletvsimulator\ driverkit\ freebsd\ iphoneos\ iphonesimulator\ linux\ macosx\ none\ openbsd\ qnx\ watchos\ watchsimulator\ webassembly\ xros\ xrsimulator
    export AppIdentifierPrefix\=FAKETEAMID.
    export BUILD_ACTIVE_RESOURCES_ONLY\=YES
    export BUILD_COMPONENTS\=headers\ build
    export BUILD_DIR\=/Users/antoniogrillo-balen/Library/Developer/Xcode/DerivedData/risebysolis-gzfsziqwziaggpcbgdowmssiasmi/Build/Products
    export BUILD_LIBRARY_FOR_DISTRIBUTION\=NO
    export BUILD_ONLY_KNOWN_LOCALIZATIONS\=NO
    export BUILD_ROOT\=/Users/antoniogrillo-balen/Library/Developer/Xcode/DerivedData/risebysolis-gzfsziqwziaggpcbgdowmssiasmi/Build/Products
    export BUILD_STYLE\=
    export BUILD_VARIANTS\=normal
    export BUILT_PRODUCTS_DIR\=/Users/antoniogrillo-balen/Library/Developer/Xcode/DerivedData/risebysolis-gzfsziqwziaggpcbgdowmssiasmi/Build/Products/Debug-iphonesimulator/React-rendererdebug
    export BUNDLE_CONTENTS_FOLDER_PATH_deep\=Contents/
    export BUNDLE_EXECUTABLE_FOLDER_NAME_deep\=MacOS
    export BUNDLE_EXTENSIONS_FOLDER_PATH\=Extensions
    export BUNDLE_FORMAT\=shallow
    export BUNDLE_FRAMEWORKS_FOLDER_PATH\=Frameworks
    export BUNDLE_PLUGINS_FOLDER_PATH\=PlugIns
    export BUNDLE_PRIVATE_HEADERS_FOLDER_PATH\=PrivateHeaders
    export BUNDLE_PUBLIC_HEADERS_FOLDER_PATH\=Headers
    export CACHE_ROOT\=/var/folders/2z/jtlqylkx0c709j3xb7b0g4cm0000gn/C/com.apple.DeveloperTools/26.5-17F42/Xcode
    export CCHROOT\=/var/folders/2z/jtlqylkx0c709j3xb7b0g4cm0000gn/C/com.apple.DeveloperTools/26.5-17F42/Xcode
    export CHMOD\=/bin/chmod
    export CHOWN\=chown
    export CLANG_ANALYZER_LOCALIZABILITY_NONLOCALIZED\=YES
    export CLANG_ANALYZER_NONNULL\=YES
    export CLANG_ANALYZER_NUMBER_OBJECT_CONVERSION\=YES_AGGRESSIVE
    export CLANG_CACHE_FINE_GRAINED_OUTPUTS\=YES
    export CLANG_CXX_LANGUAGE_STANDARD\=c++20
    export CLANG_CXX_LIBRARY\=libc++
    export CLANG_ENABLE_EXPLICIT_MODULES\=YES
    export CLANG_ENABLE_MODULES\=YES
    export CLANG_ENABLE_OBJC_ARC\=YES
    export CLANG_ENABLE_OBJC_WEAK\=NO
    export CLANG_MODULES_BUILD_SESSION_FILE\=/Users/antoniogrillo-balen/Library/Developer/Xcode/DerivedData/ModuleCache.noindex/Session.modulevalidation
    export CLANG_WARN_BLOCK_CAPTURE_AUTORELEASING\=YES
    export CLANG_WARN_BOOL_CONVERSION\=YES
    export CLANG_WARN_COMMA\=YES
    export CLANG_WARN_CONSTANT_CONVERSION\=YES
    export CLANG_WARN_DEPRECATED_OBJC_IMPLEMENTATIONS\=YES
    export CLANG_WARN_DIRECT_OBJC_ISA_USAGE\=YES_ERROR
    export CLANG_WARN_DOCUMENTATION_COMMENTS\=YES
    export CLANG_WARN_EMPTY_BODY\=YES
    export CLANG_WARN_ENUM_CONVERSION\=YES
    export CLANG_WARN_INFINITE_RECURSION\=YES
    export CLANG_WARN_INT_CONVERSION\=YES
    export CLANG_WARN_NON_LITERAL_NULL_CONVERSION\=YES
    export CLANG_WARN_OBJC_IMPLICIT_RETAIN_SELF\=YES
    export CLANG_WARN_OBJC_LITERAL_CONVERSION\=YES
    export CLANG_WARN_OBJC_ROOT_CLASS\=YES_ERROR
    export CLANG_WARN_QUOTED_INCLUDE_IN_FRAMEWORK_HEADER\=NO
    export CLANG_WARN_RANGE_LOOP_ANALYSIS\=YES
    export CLANG_WARN_STRICT_PROTOTYPES\=YES
    export CLANG_WARN_SUSPICIOUS_MOVE\=YES
    export CLANG_WARN_UNGUARDED_AVAILABILITY\=YES_AGGRESSIVE
    export CLANG_WARN_UNREACHABLE_CODE\=YES
    export CLANG_WARN__DUPLICATE_METHOD_MATCH\=YES
    export CLASS_FILE_DIR\=/Users/antoniogrillo-balen/Library/Developer/Xcode/DerivedData/risebysolis-gzfsziqwziaggpcbgdowmssiasmi/Build/Intermediates.noindex/Pods.build/Debug-iphonesimulator/React-rendererdebug.build/JavaClasses
    export CLEAN_PRECOMPS\=YES
    export CLONE_HEADERS\=NO
    export CODESIGNING_FOLDER_PATH\=/Users/antoniogrillo-balen/Library/Developer/Xcode/DerivedData/risebysolis-gzfsziqwziaggpcbgdowmssiasmi/Build/Products/Debug-iphonesimulator/React-rendererdebug/React_rendererdebug.framework
    export CODE_SIGNING_ALLOWED\=YES
    export CODE_SIGNING_REQUIRED\=NO
    export CODE_SIGNING_REQUIRES_TEAM\=YES
    export CODE_SIGN_CONTEXT_CLASS\=XCiPhoneSimulatorCodeSignContext
    export CODE_SIGN_IDENTITY\=-
    export CODE_SIGN_INJECT_BASE_ENTITLEMENTS\=YES
    export COLOR_DIAGNOSTICS\=NO
    export COMBINE_HIDPI_IMAGES\=NO
    export COMPILATION_CACHE_CAS_PATH\=/Users/antoniogrillo-balen/Library/Developer/Xcode/DerivedData/CompilationCache.noindex
    export COMPILATION_CACHE_KEEP_CAS_DIRECTORY\=YES
    export COMPILER_INDEX_STORE_ENABLE\=Default
    export COMPOSITE_SDK_DIRS\=/Users/antoniogrillo-balen/Library/Developer/Xcode/DerivedData/risebysolis-gzfsziqwziaggpcbgdowmssiasmi/Build/Intermediates.noindex/CompositeSDKs
    export COMPRESS_PNG_FILES\=YES
    export CONFIGURATION\=Debug
    export CONFIGURATION_BUILD_DIR\=/Users/antoniogrillo-balen/Library/Developer/Xcode/DerivedData/risebysolis-gzfsziqwziaggpcbgdowmssiasmi/Build/Products/Debug-iphonesimulator/React-rendererdebug
    export CONFIGURATION_TEMP_DIR\=/Users/antoniogrillo-balen/Library/Developer/Xcode/DerivedData/risebysolis-gzfsziqwziaggpcbgdowmssiasmi/Build/Intermediates.noindex/Pods.build/Debug-iphonesimulator
    export CONTENTS_FOLDER_PATH\=React_rendererdebug.framework
    export CONTENTS_FOLDER_PATH_SHALLOW_BUNDLE_NO\=React_rendererdebug.framework/A
    export CONTENTS_FOLDER_PATH_SHALLOW_BUNDLE_YES\=React_rendererdebug.framework
    export COPYING_PRESERVES_HFS_DATA\=NO
    export COPY_HEADERS_RUN_UNIFDEF\=NO
    export COPY_PHASE_STRIP\=NO
    export CORRESPONDING_DEVICE_PLATFORM_DIR\=/Applications/Xcode.app/Contents/Developer/Platforms/iPhoneOS.platform
    export CORRESPONDING_DEVICE_PLATFORM_NAME\=iphoneos
    export CORRESPONDING_DEVICE_SDK_DIR\=/Applications/Xcode.app/Contents/Developer/Platforms/iPhoneOS.platform/Developer/SDKs/iPhoneOS26.5.sdk
    export CORRESPONDING_DEVICE_SDK_NAME\=iphoneos26.5
    export CP\=/bin/cp
    export CREATE_INFOPLIST_SECTION_IN_BINARY\=NO
    export CURRENT_ARCH\=undefined_arch
    export CURRENT_PROJECT_VERSION\=1
    export CURRENT_VARIANT\=normal
    export CURRENT_VERSION\=Current
    export DEAD_CODE_STRIPPING\=YES
    export DEBUGGING_SYMBOLS\=YES
    export DEBUG_INFORMATION_FORMAT\=dwarf
    export DEBUG_INFORMATION_VERSION\=compiler-default
    export DEFAULT_COMPILER\=com.apple.compilers.llvm.clang.1_0
    export DEFAULT_DEXT_INSTALL_PATH\=/System/Library/DriverExtensions
    export DEFAULT_KEXT_INSTALL_PATH\=/System/Library/Extensions
    export DEFINES_MODULE\=YES
    export DEPLOYMENT_LOCATION\=NO
    export DEPLOYMENT_POSTPROCESSING\=NO
    export DEPLOYMENT_TARGET_SETTING_NAME\=IPHONEOS_DEPLOYMENT_TARGET
    export DEPLOYMENT_TARGET_SUGGESTED_VALUES\=12.0\ 12.1\ 12.2\ 12.3\ 12.4\ 13.0\ 13.1\ 13.2\ 13.3\ 13.4\ 13.5\ 13.6\ 14.0\ 14.1\ 14.2\ 14.3\ 14.4\ 14.5\ 14.6\ 14.7\ 15.0\ 15.1\ 15.2\ 15.3\ 15.4\ 15.5\ 15.6\ 16.0\ 16.1\ 16.2\ 16.3\ 16.4\ 16.5\ 16.6\ 17.0\ 17.1\ 17.2\ 17.3\ 17.4\ 17.5\ 17.6\ 18.0\ 18.1\ 18.2\ 18.3\ 18.4\ 18.5\ 18.6\ 26.0\ 26.2\ 26.3\ 26.4\ 26.5
    export DERIVED_FILES_DIR\=/Users/antoniogrillo-balen/Library/Developer/Xcode/DerivedData/risebysolis-gzfsziqwziaggpcbgdowmssiasmi/Build/Intermediates.noindex/Pods.build/Debug-iphonesimulator/React-rendererdebug.build/DerivedSources
    export DERIVED_FILE_DIR\=/Users/antoniogrillo-balen/Library/Developer/Xcode/DerivedData/risebysolis-gzfsziqwziaggpcbgdowmssiasmi/Build/Intermediates.noindex/Pods.build/Debug-iphonesimulator/React-rendererdebug.build/DerivedSources
    export DERIVED_SOURCES_DIR\=/Users/antoniogrillo-balen/Library/Developer/Xcode/DerivedData/risebysolis-gzfsziqwziaggpcbgdowmssiasmi/Build/Intermediates.noindex/Pods.build/Debug-iphonesimulator/React-rendererdebug.build/DerivedSources
    export DEVELOPER_APPLICATIONS_DIR\=/Applications/Xcode.app/Contents/Developer/Applications
    export DEVELOPER_BIN_DIR\=/Applications/Xcode.app/Contents/Developer/usr/bin
    export DEVELOPER_DIR\=/Applications/Xcode.app/Contents/Developer
    export DEVELOPER_FRAMEWORKS_DIR\=/Applications/Xcode.app/Contents/Developer/Library/Frameworks
    export DEVELOPER_FRAMEWORKS_DIR_QUOTED\=/Applications/Xcode.app/Contents/Developer/Library/Frameworks
    export DEVELOPER_LIBRARY_DIR\=/Applications/Xcode.app/Contents/Developer/Library
    export DEVELOPER_SDK_DIR\=/Applications/Xcode.app/Contents/Developer/Platforms/MacOSX.platform/Developer/SDKs
    export DEVELOPER_TOOLS_DIR\=/Applications/Xcode.app/Contents/Developer/Tools
    export DEVELOPER_USR_DIR\=/Applications/Xcode.app/Contents/Developer/usr
    export DEVELOPMENT_LANGUAGE\=en
    export DIAGNOSE_MISSING_TARGET_DEPENDENCIES\=YES
    export DIFF\=/usr/bin/diff
    export DOCUMENTATION_FOLDER_PATH\=React_rendererdebug.framework/en.lproj/Documentation
    export DONT_GENERATE_INFOPLIST_FILE\=NO
    export DSTROOT\=/tmp/Pods.dst
    export DT_TOOLCHAIN_DIR\=/Applications/Xcode.app/Contents/Developer/Toolchains/XcodeDefault.xctoolchain
    export DUMP_DEPENDENCIES\=NO
    export DUMP_DEPENDENCIES_OUTPUT_PATH\=/Users/antoniogrillo-balen/Library/Developer/Xcode/DerivedData/risebysolis-gzfsziqwziaggpcbgdowmssiasmi/Build/Intermediates.noindex/Pods.build/Debug-iphonesimulator/React-rendererdebug.build/React-rendererdebug-BuildDependencyInfo.json
    export DWARF_DSYM_FILE_NAME\=React_rendererdebug.framework.dSYM
    export DWARF_DSYM_FILE_SHOULD_ACCOMPANY_PRODUCT\=NO
    export DWARF_DSYM_FOLDER_PATH\=/Users/antoniogrillo-balen/Library/Developer/Xcode/DerivedData/risebysolis-gzfsziqwziaggpcbgdowmssiasmi/Build/Products/Debug-iphonesimulator/React-rendererdebug
    export DYLIB_COMPATIBILITY_VERSION\=1
    export DYLIB_CURRENT_VERSION\=1
    export DYLIB_INSTALL_NAME_BASE\=@rpath
    export DYNAMIC_LIBRARY_EXTENSION\=dylib
    export EAGER_COMPILATION_ALLOW_SCRIPTS\=NO
    export EAGER_LINKING\=NO
    export EFFECTIVE_PLATFORM_NAME\=-iphonesimulator
    export EFFECTIVE_SWIFT_VERSION\=5
    export EMBEDDED_CONTENT_CONTAINS_SWIFT\=NO
    export EMBED_ASSET_PACKS_IN_PRODUCT_BUNDLE\=NO
    export ENABLE_APP_SANDBOX\=NO
    export ENABLE_CODE_COVERAGE\=YES
    export ENABLE_COHORT_ARCHS\=NO
    export ENABLE_CPLUSPLUS_BOUNDS_SAFE_BUFFERS\=NO
    export ENABLE_C_BOUNDS_SAFETY\=NO
    export ENABLE_DEFAULT_HEADER_SEARCH_PATHS\=YES
    export ENABLE_DEFAULT_SEARCH_PATHS\=YES
    export ENABLE_ENHANCED_SECURITY\=NO
    export ENABLE_HARDENED_RUNTIME\=NO
    export ENABLE_HEADER_DEPENDENCIES\=YES
    export ENABLE_INCOMING_NETWORK_CONNECTIONS\=NO
    export ENABLE_MODULE_VERIFIER\=NO
    export ENABLE_ON_DEMAND_RESOURCES\=NO
    export ENABLE_OUTGOING_NETWORK_CONNECTIONS\=NO
    export ENABLE_POINTER_AUTHENTICATION\=NO
    export ENABLE_PREVIEWS\=NO
    export ENABLE_RESOURCE_ACCESS_AUDIO_INPUT\=NO
    export ENABLE_RESOURCE_ACCESS_BLUETOOTH\=NO
    export ENABLE_RESOURCE_ACCESS_CALENDARS\=NO
    export ENABLE_RESOURCE_ACCESS_CAMERA\=NO
    export ENABLE_RESOURCE_ACCESS_CONTACTS\=NO
    export ENABLE_RESOURCE_ACCESS_LOCATION\=NO
    export ENABLE_RESOURCE_ACCESS_PHOTO_LIBRARY\=NO
    export ENABLE_RESOURCE_ACCESS_PRINTING\=NO
    export ENABLE_RESOURCE_ACCESS_USB\=NO
    export ENABLE_SDK_IMPORTS\=NO
    export ENABLE_SECURITY_COMPILER_WARNINGS\=NO
    export ENABLE_STRICT_OBJC_MSGSEND\=YES
    export ENABLE_TESTABILITY\=YES
    export ENABLE_TESTING_SEARCH_PATHS\=NO
    export ENABLE_USER_SCRIPT_SANDBOXING\=NO
    export ENABLE_XOJIT_PREVIEWS\=YES
    export ENFORCE_VALID_ARCHS\=YES
    export ENTITLEMENTS_DESTINATION\=__entitlements
    export ENTITLEMENTS_REQUIRED\=NO
    export EXCLUDED_INSTALLSRC_SUBDIRECTORY_PATTERNS\=.DS_Store\ .svn\ .git\ .hg\ CVS
    export EXCLUDED_RECURSIVE_SEARCH_PATH_SUBDIRECTORIES\=\*.nib\ \*.lproj\ \*.framework\ \*.gch\ \*.xcode\*\ \*.xcassets\ \*.icon\ \(\*\)\ .DS_Store\ CVS\ .svn\ .git\ .hg\ \*.pbproj\ \*.pbxproj
    export EXECUTABLES_FOLDER_PATH\=React_rendererdebug.framework/en.lproj
    export EXECUTABLE_FOLDER_PATH\=React_rendererdebug.framework
    export EXECUTABLE_FOLDER_PATH_SHALLOW_BUNDLE_NO\=React_rendererdebug.framework
    export EXECUTABLE_FOLDER_PATH_SHALLOW_BUNDLE_YES\=React_rendererdebug.framework
    export EXECUTABLE_NAME\=React_rendererdebug
    export EXECUTABLE_PATH\=React_rendererdebug.framework/React_rendererdebug
    export EXPANDED_CODE_SIGN_IDENTITY\=-
    export EXPANDED_CODE_SIGN_IDENTITY_NAME\=Sign\ to\ Run\ Locally
    export EXTENSIONS_FOLDER_PATH\=React_rendererdebug.framework/Extensions
    export FILE_LIST\=/Users/antoniogrillo-balen/Library/Developer/Xcode/DerivedData/risebysolis-gzfsziqwziaggpcbgdowmssiasmi/Build/Intermediates.noindex/Pods.build/Debug-iphonesimulator/React-rendererdebug.build/Objects/LinkFileList
    export FIXED_FILES_DIR\=/Users/antoniogrillo-balen/Library/Developer/Xcode/DerivedData/risebysolis-gzfsziqwziaggpcbgdowmssiasmi/Build/Intermediates.noindex/Pods.build/Debug-iphonesimulator/React-rendererdebug.build/FixedFiles
    export FRAMEWORKS_FOLDER_PATH\=React_rendererdebug.framework/Frameworks
    export FRAMEWORK_FLAG_PREFIX\=-framework
    export FRAMEWORK_SEARCH_PATHS\=/Users/antoniogrillo-balen/Library/Developer/Xcode/DerivedData/risebysolis-gzfsziqwziaggpcbgdowmssiasmi/Build/Products/Debug-iphonesimulator/React-rendererdebug\ \ \"/Users/antoniogrillo-balen/Library/Developer/Xcode/DerivedData/risebysolis-gzfsziqwziaggpcbgdowmssiasmi/Build/Products/Debug-iphonesimulator/DoubleConversion\"\ \"/Users/antoniogrillo-balen/Library/Developer/Xcode/DerivedData/risebysolis-gzfsziqwziaggpcbgdowmssiasmi/Build/Products/Debug-iphonesimulator/RCT-Folly\"\ \"/Users/antoniogrillo-balen/Library/Developer/Xcode/DerivedData/risebysolis-gzfsziqwziaggpcbgdowmssiasmi/Build/Products/Debug-iphonesimulator/React-debug\"\ \"/Users/antoniogrillo-balen/Library/Developer/Xcode/DerivedData/risebysolis-gzfsziqwziaggpcbgdowmssiasmi/Build/Products/Debug-iphonesimulator/fmt\"\ \"/Users/antoniogrillo-balen/Library/Developer/Xcode/DerivedData/risebysolis-gzfsziqwziaggpcbgdowmssiasmi/Build/Products/Debug-iphonesimulator/glog\"
    export FRAMEWORK_VERSION\=A
    export FULL_PRODUCT_NAME\=React_rendererdebug.framework
    export FUSE_BUILD_PHASES\=YES
    export FUSE_BUILD_SCRIPT_PHASES\=NO
    export GCC3_VERSION\=3.3
    export GCC_C_LANGUAGE_STANDARD\=gnu11
    export GCC_DYNAMIC_NO_PIC\=NO
    export GCC_INLINES_ARE_PRIVATE_EXTERN\=YES
    export GCC_NO_COMMON_BLOCKS\=YES
    export GCC_OBJC_LEGACY_DISPATCH\=YES
    export GCC_OPTIMIZATION_LEVEL\=0
    export GCC_PFE_FILE_C_DIALECTS\=c\ objective-c\ c++\ objective-c++
    export GCC_PREFIX_HEADER\=Target\ Support\ Files/React-rendererdebug/React-rendererdebug-prefix.pch
    export GCC_PREPROCESSOR_DEFINITIONS\=POD_CONFIGURATION_DEBUG\=1\ DEBUG\=1\ \ COCOAPODS\=1
    export GCC_TREAT_WARNINGS_AS_ERRORS\=NO
    export GCC_VERSION\=com.apple.compilers.llvm.clang.1_0
    export GCC_VERSION_IDENTIFIER\=com_apple_compilers_llvm_clang_1_0
    export GCC_WARN_64_TO_32_BIT_CONVERSION\=YES
    export GCC_WARN_ABOUT_RETURN_TYPE\=YES_ERROR
    export GCC_WARN_UNDECLARED_SELECTOR\=YES
    export GCC_WARN_UNINITIALIZED_AUTOS\=YES_AGGRESSIVE
    export GCC_WARN_UNUSED_FUNCTION\=YES
    export GCC_WARN_UNUSED_VARIABLE\=YES
    export GENERATED_MODULEMAP_DIR\=/Users/antoniogrillo-balen/Library/Developer/Xcode/DerivedData/risebysolis-gzfsziqwziaggpcbgdowmssiasmi/Build/Intermediates.noindex/GeneratedModuleMaps-iphonesimulator
    export GENERATE_INFOPLIST_FILE\=NO
    export GENERATE_INTERMEDIATE_TEXT_BASED_STUBS\=YES
    export GENERATE_PKGINFO_FILE\=NO
    export GENERATE_PRELINK_OBJECT_FILE\=NO
    export GENERATE_PROFILING_CODE\=NO
    export GENERATE_TEXT_BASED_STUBS\=NO
    export GID\=20
    export GROUP\=staff
    export HEADERMAP_INCLUDES_FLAT_ENTRIES_FOR_TARGET_BEING_BUILT\=YES
    export HEADERMAP_INCLUDES_FRAMEWORK_ENTRIES_FOR_ALL_PRODUCT_TYPES\=YES
    export HEADERMAP_INCLUDES_FRAMEWORK_ENTRIES_FOR_TARGETS_NOT_BEING_BUILT\=YES
    export HEADERMAP_INCLUDES_NONPUBLIC_NONPRIVATE_HEADERS\=YES
    export HEADERMAP_INCLUDES_PROJECT_HEADERS\=YES
    export HEADERMAP_USES_FRAMEWORK_PREFIX_ENTRIES\=YES
    export HEADERMAP_USES_VFS\=YES
    export HEADER_SEARCH_PATHS\=/Users/antoniogrillo-balen/Library/Developer/Xcode/DerivedData/risebysolis-gzfsziqwziaggpcbgdowmssiasmi/Build/Products/Debug-iphonesimulator/React-rendererdebug/include\ \ /Users/antoniogrillo-balen/Library/Developer/Xcode/DerivedData/risebysolis-gzfsziqwziaggpcbgdowmssiasmi/Build/Products/Debug-iphonesimulator/ReactCommon/ReactCommon.framework/Headers\ /Users/antoniogrillo-balen/Library/Developer/Xcode/DerivedData/risebysolis-gzfsziqwziaggpcbgdowmssiasmi/Build/Products/Debug-iphonesimulator/ReactCommon/ReactCommon.framework/Headers/react/nativemodule/core\ /Users/antoniogrillo-balen/Library/Developer/Xcode/DerivedData/risebysolis-gzfsziqwziaggpcbgdowmssiasmi/Build/Products/Debug-iphonesimulator/ReactCommon-Samples/ReactCommon_Samples.framework/Headers\ /Users/antoniogrillo-balen/Library/Developer/Xcode/DerivedData/risebysolis-gzfsziqwziaggpcbgdowmssiasmi/Build/Products/Debug-iphonesimulator/ReactCommon-Samples/ReactCommon_Samples.framework/Headers/platform/ios\ /Users/antoniogrillo-balen/Library/Developer/Xcode/DerivedData/risebysolis-gzfsziqwziaggpcbgdowmssiasmi/Build/Products/Debug-iphonesimulator/React-Fabric/React_Fabric.framework/Headers/react/renderer/components/view/platform/cxx\ /Users/antoniogrillo-balen/Library/Developer/Xcode/DerivedData/risebysolis-gzfsziqwziaggpcbgdowmssiasmi/Build/Products/Debug-iphonesimulator/React-NativeModulesApple/React_NativeModulesApple.framework/Headers\ /Users/antoniogrillo-balen/Library/Developer/Xcode/DerivedData/risebysolis-gzfsziqwziaggpcbgdowmssiasmi/Build/Products/Debug-iphonesimulator/React-graphics/React_graphics.framework/Headers\ /Users/antoniogrillo-balen/Library/Developer/Xcode/DerivedData/risebysolis-gzfsziqwziaggpcbgdowmssiasmi/Build/Products/Debug-iphonesimulator/React-graphics/React_graphics.framework/Headers/react/renderer/graphics/platform/ios\ \"/Users/antoniogrillo-balen/Desktop/Projects/RiseBuild/ios/Pods/Headers/Public\"\ \"/Users/antoniogrillo-balen/Desktop/Projects/RiseBuild/ios/Pods/Headers/Public/boost\"\ \"/Users/antoniogrillo-balen/Desktop/Projects/RiseBuild/ios/Pods/Headers/Public/fast_float\"\ \"/Users/antoniogrillo-balen/Desktop/Projects/RiseBuild/ios/Pods/RCT-Folly\"\ \"/Users/antoniogrillo-balen/Desktop/Projects/RiseBuild/ios/Pods/boost\"\ \"/Users/antoniogrillo-balen/Desktop/Projects/RiseBuild/ios/Pods/RCT-Folly\"\ \"/Users/antoniogrillo-balen/Desktop/Projects/RiseBuild/ios/Pods/DoubleConversion\"\ \"/Users/antoniogrillo-balen/Desktop/Projects/RiseBuild/ios/Pods/fast_float/include\"\ \"/Users/antoniogrillo-balen/Desktop/Projects/RiseBuild/ios/Pods/fmt/include\"\ \"/Users/antoniogrillo-balen/Desktop/Projects/RiseBuild/ios/Pods/../../node_modules/react-native/ReactCommon/react/renderer/debug/../../..\"\ \"/Users/antoniogrillo-balen/Library/Developer/Xcode/DerivedData/risebysolis-gzfsziqwziaggpcbgdowmssiasmi/Build/Products/Debug-iphonesimulator/React-debug/React_debug.framework/Headers\"\ \"/Users/antoniogrillo-balen/Desktop/Projects/RiseBuild/ios/Pods/RCT-Folly\"\ \"/Users/antoniogrillo-balen/Desktop/Projects/RiseBuild/ios/Pods/DoubleConversion\"\ \"/Users/antoniogrillo-balen/Desktop/Projects/RiseBuild/ios/Pods/fast_float/include\"\ \"/Users/antoniogrillo-balen/Desktop/Projects/RiseBuild/ios/Pods/fmt/include\"\ \"/Users/antoniogrillo-balen/Desktop/Projects/RiseBuild/ios/Pods/boost\"
    export HOME\=/Users/antoniogrillo-balen
    export HOST_ARCH\=arm64
    export HOST_PLATFORM\=macosx
    export ICONV\=/usr/bin/iconv
    export IMPLICIT_DEPENDENCY_DOMAIN\=default
    export INDEX_STORE_COMPRESS\=NO
    export INDEX_STORE_ONLY_PROJECT_FILES\=NO
    export INFOPLIST_ENABLE_CFBUNDLEICONS_MERGE\=YES
    export INFOPLIST_EXPAND_BUILD_SETTINGS\=YES
    export INFOPLIST_FILE\=Target\ Support\ Files/React-rendererdebug/React-rendererdebug-Info.plist
    export INFOPLIST_OUTPUT_FORMAT\=binary
    export INFOPLIST_PATH\=React_rendererdebug.framework/Info.plist
    export INFOPLIST_PREPROCESS\=NO
    export INFOSTRINGS_PATH\=React_rendererdebug.framework/en.lproj/InfoPlist.strings
    export INLINE_PRIVATE_FRAMEWORKS\=NO
    export INSTALLAPI_IGNORE_SKIP_INSTALL\=YES
    export INSTALLHDRS_COPY_PHASE\=NO
    export INSTALLHDRS_SCRIPT_PHASE\=NO
    export INSTALL_DIR\=/tmp/Pods.dst/Library/Frameworks
    export INSTALL_GROUP\=staff
    export INSTALL_MODE_FLAG\=u+w,go-w,a+rX
    export INSTALL_OWNER\=antoniogrillo-balen
    export INSTALL_PATH\=/Library/Frameworks
    export INSTALL_ROOT\=/tmp/Pods.dst
    export IPHONEOS_DEPLOYMENT_TARGET\=15.1
    export IS_UNOPTIMIZED_BUILD\=YES
    export JAVAC_DEFAULT_FLAGS\=-J-Xms64m\ -J-XX:NewSize\=4M\ -J-Dfile.encoding\=UTF8
    export JAVA_APP_STUB\=/System/Library/Frameworks/JavaVM.framework/Resources/MacOS/JavaApplicationStub
    export JAVA_ARCHIVE_CLASSES\=YES
    export JAVA_ARCHIVE_TYPE\=JAR
    export JAVA_COMPILER\=/usr/bin/javac
    export JAVA_FOLDER_PATH\=React_rendererdebug.framework/Java
    export JAVA_FRAMEWORK_RESOURCES_DIRS\=Resources
    export JAVA_JAR_FLAGS\=cv
    export JAVA_SOURCE_SUBDIR\=.
    export JAVA_USE_DEPENDENCIES\=YES
    export JAVA_ZIP_FLAGS\=-urg
    export JIKES_DEFAULT_FLAGS\=+E\ +OLDCSO
    export KEEP_PRIVATE_EXTERNS\=NO
    export LD_DEPENDENCY_INFO_FILE\=/Users/antoniogrillo-balen/Library/Developer/Xcode/DerivedData/risebysolis-gzfsziqwziaggpcbgdowmssiasmi/Build/Intermediates.noindex/Pods.build/Debug-iphonesimulator/React-rendererdebug.build/Objects-normal/undefined_arch/React_rendererdebug_dependency_info.dat
    export LD_DYLIB_INSTALL_NAME\=@rpath/React_rendererdebug.framework/React_rendererdebug
    export LD_EXPORT_SYMBOLS\=YES
    export LD_GENERATE_MAP_FILE\=NO
    export LD_MAP_FILE_PATH\=/Users/antoniogrillo-balen/Library/Developer/Xcode/DerivedData/risebysolis-gzfsziqwziaggpcbgdowmssiasmi/Build/Intermediates.noindex/Pods.build/Debug-iphonesimulator/React-rendererdebug.build/React_rendererdebug-LinkMap-normal-undefined_arch.txt
    export LD_NO_PIE\=NO
    export LD_QUOTE_LINKER_ARGUMENTS_FOR_COMPILER_DRIVER\=YES
    export LD_RUNPATH_SEARCH_PATHS\=\ @executable_path/Frameworks\ @loader_path/Frameworks
    export LD_SHARED_CACHE_ELIGIBLE\=Automatic
    export LD_WARN_DUPLICATE_LIBRARIES\=NO
    export LD_WARN_UNUSED_DYLIBS\=NO
    export LEGACY_DEVELOPER_DIR\=/Applications/Xcode.app/Contents/PlugIns/Xcode3Core.ideplugin/Contents/SharedSupport/Developer
    export LEX\=lex
    export LIBRARY_DEXT_INSTALL_PATH\=/Library/DriverExtensions
    export LIBRARY_FLAG_NOSPACE\=YES
    export LIBRARY_FLAG_PREFIX\=-l
    export LIBRARY_KEXT_INSTALL_PATH\=/Library/Extensions
    export LIBRARY_SEARCH_PATHS\=/Users/antoniogrillo-balen/Library/Developer/Xcode/DerivedData/risebysolis-gzfsziqwziaggpcbgdowmssiasmi/Build/Products/Debug-iphonesimulator/React-rendererdebug\ 
    export LINKER_DISPLAYS_MANGLED_NAMES\=NO
    export LINK_FILE_LIST_normal_arm64\=/Users/antoniogrillo-balen/Library/Developer/Xcode/DerivedData/risebysolis-gzfsziqwziaggpcbgdowmssiasmi/Build/Intermediates.noindex/Pods.build/Debug-iphonesimulator/React-rendererdebug.build/Objects-normal/arm64/React_rendererdebug.LinkFileList
    export LINK_OBJC_RUNTIME\=YES
    export LINK_WITH_STANDARD_LIBRARIES\=YES
    export LLVM_TARGET_TRIPLE_OS_VERSION\=ios15.1
    export LLVM_TARGET_TRIPLE_SUFFIX\=-simulator
    export LLVM_TARGET_TRIPLE_VENDOR\=apple
    export LM_AUX_CONST_METADATA_LIST_PATH_normal_arm64\=/Users/antoniogrillo-balen/Library/Developer/Xcode/DerivedData/risebysolis-gzfsziqwziaggpcbgdowmssiasmi/Build/Intermediates.noindex/Pods.build/Debug-iphonesimulator/React-rendererdebug.build/Objects-normal/arm64/React_rendererdebug.SwiftConstValuesFileList
    export LOCALIZATION_EXPORT_SUPPORTED\=YES
    export LOCALIZATION_PREFERS_STRING_CATALOGS\=NO
    export LOCALIZED_RESOURCES_FOLDER_PATH\=React_rendererdebug.framework/en.lproj
    export LOCALIZED_STRING_CODE_COMMENTS\=NO
    export LOCALIZED_STRING_MACRO_NAMES\=NSLocalizedString\ CFCopyLocalizedString
    export LOCALIZED_STRING_SWIFTUI_SUPPORT\=YES
    export LOCAL_ADMIN_APPS_DIR\=/Applications/Utilities
    export LOCAL_APPS_DIR\=/Applications
    export LOCAL_DEVELOPER_DIR\=/Library/Developer
    export LOCAL_LIBRARY_DIR\=/Library
    export LOCROOT\=/Users/antoniogrillo-balen/Desktop/Projects/RiseBuild/ios/Pods
    export LOCSYMROOT\=/Users/antoniogrillo-balen/Desktop/Projects/RiseBuild/ios/Pods
    export MACH_O_TYPE\=staticlib
    export MAC_OS_X_PRODUCT_BUILD_VERSION\=25E253
    export MAC_OS_X_VERSION_ACTUAL\=260401
    export MAC_OS_X_VERSION_MAJOR\=260000
    export MAC_OS_X_VERSION_MINOR\=260400
    export MAKE_MERGEABLE\=NO
    export MERGEABLE_LIBRARY\=NO
    export MERGED_BINARY_TYPE\=none
    export MERGE_LINKED_LIBRARIES\=NO
    export METAL_LIBRARY_FILE_BASE\=default
    export METAL_LIBRARY_OUTPUT_DIR\=/Users/antoniogrillo-balen/Library/Developer/Xcode/DerivedData/risebysolis-gzfsziqwziaggpcbgdowmssiasmi/Build/Products/Debug-iphonesimulator/React-rendererdebug/React_rendererdebug.framework
    export MODULEMAP_FILE\=Target\ Support\ Files/React-rendererdebug/React-rendererdebug.modulemap
    export MODULES_FOLDER_PATH\=React_rendererdebug.framework/Modules
    export MODULE_CACHE_DIR\=/Users/antoniogrillo-balen/Library/Developer/Xcode/DerivedData/ModuleCache.noindex
    export MTL_ENABLE_DEBUG_INFO\=INCLUDE_SOURCE
    export MTL_FAST_MATH\=YES
    export NATIVE_ARCH\=arm64
    export NATIVE_ARCH_32_BIT\=arm
    export NATIVE_ARCH_64_BIT\=arm64
    export NATIVE_ARCH_ACTUAL\=arm64
    export NO_COMMON\=YES
    export OBJC_ABI_VERSION\=2
    export OBJECT_FILE_DIR\=/Users/antoniogrillo-balen/Library/Developer/Xcode/DerivedData/risebysolis-gzfsziqwziaggpcbgdowmssiasmi/Build/Intermediates.noindex/Pods.build/Debug-iphonesimulator/React-rendererdebug.build/Objects
    export OBJECT_FILE_DIR_normal\=/Users/antoniogrillo-balen/Library/Developer/Xcode/DerivedData/risebysolis-gzfsziqwziaggpcbgdowmssiasmi/Build/Intermediates.noindex/Pods.build/Debug-iphonesimulator/React-rendererdebug.build/Objects-normal
    export OBJROOT\=/Users/antoniogrillo-balen/Library/Developer/Xcode/DerivedData/risebysolis-gzfsziqwziaggpcbgdowmssiasmi/Build/Intermediates.noindex
    export ONLY_ACTIVE_ARCH\=YES
    export OS\=MACOS
    export OSAC\=/usr/bin/osacompile
    export OTHER_LDFLAGS\=\ \ 
    export PACKAGE_TYPE\=com.apple.package-type.wrapper.framework
    export PASCAL_STRINGS\=YES
    export PATH\=/Applications/Xcode.app/Contents/SharedFrameworks/SwiftBuild.framework/Versions/A/PlugIns/SWBBuildService.bundle/Contents/PlugIns/SWBUniversalPlatformPlugin.bundle/Contents/Frameworks/SWBUniversalPlatform.framework/Resources:/Applications/Xcode.app/Contents/Developer/Toolchains/XcodeDefault.xctoolchain/usr/bin:/Applications/Xcode.app/Contents/Developer/Toolchains/XcodeDefault.xctoolchain/usr/local/bin:/Applications/Xcode.app/Contents/Developer/Toolchains/XcodeDefault.xctoolchain/usr/libexec:/Applications/Xcode.app/Contents/Developer/Platforms/iPhoneSimulator.platform/usr/bin:/Applications/Xcode.app/Contents/Developer/Platforms/iPhoneSimulator.platform/usr/local/bin:/Applications/Xcode.app/Contents/Developer/Platforms/iPhoneSimulator.platform/Developer/usr/bin:/Applications/Xcode.app/Contents/Developer/Platforms/iPhoneSimulator.platform/Developer/usr/local/bin:/Applications/Xcode.app/Contents/Developer/usr/bin:/Applications/Xcode.app/Contents/Developer/usr/local/bin:/opt/homebrew/opt/ruby/bin:/opt/homebrew/lib/ruby/gems/4.0.0/bin:/opt/homebrew/bin:/opt/homebrew/sbin:/Users/antoniogrillo-balen/.nvm/versions/node/v24.14.1/bin:/Library/Frameworks/Python.framework/Versions/3.14/bin:/usr/local/bin:/System/Cryptexes/App/usr/bin:/usr/bin:/bin:/usr/sbin:/sbin:/var/run/com.apple.security.cryptexd/codex.system/bootstrap/usr/local/bin:/var/run/com.apple.security.cryptexd/codex.system/bootstrap/usr/bin:/var/run/com.apple.security.cryptexd/codex.system/bootstrap/usr/appleinternal/bin:/opt/pkg/env/active/bin:/opt/pmk/env/global/bin:/Library/Apple/usr/bin:/Applications/VMware\ Fusion.app/Contents/Public:/Users/antoniogrillo-balen/.cargo/bin:/Users/antoniogrillo-balen/.cache/plugins/.install-staging/25283474a0e0d4a060cb0e915c1ec54e3d41ef2e/cursor/repo/bin:/Users/antoniogrillo-balen/.claude/plugins/cache/claude-plugins-official/superpowers/5.1.0/bin:/Users/antoniogrillo-balen/.claude/plugins/cache/claude-plugins-official/frontend-design/unknown/bin:/Users/antoniogrillo-balen/.claude/plugins/cache/claude-plugins-official/code-simplifier/1.0.0/bin:/Users/antoniogrillo-balen/.claude/plugins/cache/claude-plugins-official/security-guidance/unknown/bin:/Users/antoniogrillo-balen/.claude/plugins/cache/thedotmack/claude-mem/12.1.1/bin
    export PATH_PREFIXES_EXCLUDED_FROM_HEADER_DEPENDENCIES\=/usr/include\ /usr/local/include\ /System/Library/Frameworks\ /System/Library/PrivateFrameworks\ /Applications/Xcode.app/Contents/Developer/Headers\ /Applications/Xcode.app/Contents/Developer/SDKs\ /Applications/Xcode.app/Contents/Developer/Platforms
    export PBDEVELOPMENTPLIST_PATH\=React_rendererdebug.framework/pbdevelopment.plist
    export PER_ARCH_MODULE_FILE_DIR\=/Users/antoniogrillo-balen/Library/Developer/Xcode/DerivedData/risebysolis-gzfsziqwziaggpcbgdowmssiasmi/Build/Intermediates.noindex/Pods.build/Debug-iphonesimulator/React-rendererdebug.build/Objects-normal/undefined_arch
    export PER_ARCH_OBJECT_FILE_DIR\=/Users/antoniogrillo-balen/Library/Developer/Xcode/DerivedData/risebysolis-gzfsziqwziaggpcbgdowmssiasmi/Build/Intermediates.noindex/Pods.build/Debug-iphonesimulator/React-rendererdebug.build/Objects-normal/undefined_arch
    export PER_VARIANT_OBJECT_FILE_DIR\=/Users/antoniogrillo-balen/Library/Developer/Xcode/DerivedData/risebysolis-gzfsziqwziaggpcbgdowmssiasmi/Build/Intermediates.noindex/Pods.build/Debug-iphonesimulator/React-rendererdebug.build/Objects-normal
    export PKGINFO_FILE_PATH\=/Users/antoniogrillo-balen/Library/Developer/Xcode/DerivedData/risebysolis-gzfsziqwziaggpcbgdowmssiasmi/Build/Intermediates.noindex/Pods.build/Debug-iphonesimulator/React-rendererdebug.build/PkgInfo
    export PKGINFO_PATH\=React_rendererdebug.framework/PkgInfo
    export PLATFORM_DEVELOPER_APPLICATIONS_DIR\=/Applications/Xcode.app/Contents/Developer/Platforms/iPhoneSimulator.platform/Developer/Applications
    export PLATFORM_DEVELOPER_BIN_DIR\=/Applications/Xcode.app/Contents/Developer/Platforms/iPhoneSimulator.platform/Developer/usr/bin
    export PLATFORM_DEVELOPER_LIBRARY_DIR\=/Applications/Xcode.app/Contents/Developer/Platforms/iPhoneSimulator.platform/Developer/Library
    export PLATFORM_DEVELOPER_SDK_DIR\=/Applications/Xcode.app/Contents/Developer/Platforms/iPhoneSimulator.platform/Developer/SDKs
    export PLATFORM_DEVELOPER_TOOLS_DIR\=/Applications/Xcode.app/Contents/Developer/Platforms/iPhoneSimulator.platform/Developer/Tools
    export PLATFORM_DEVELOPER_USR_DIR\=/Applications/Xcode.app/Contents/Developer/Platforms/iPhoneSimulator.platform/Developer/usr
    export PLATFORM_DIR\=/Applications/Xcode.app/Contents/Developer/Platforms/iPhoneSimulator.platform
    export PLATFORM_DISPLAY_NAME\=iOS\ Simulator
    export PLATFORM_FAMILY_NAME\=iOS
    export PLATFORM_NAME\=iphonesimulator
    export PLATFORM_PREFERRED_ARCH\=x86_64
    export PLATFORM_PRODUCT_BUILD_VERSION\=23F73
    export PLATFORM_REQUIRES_SWIFT_AUTOLINK_EXTRACT\=NO
    export PLATFORM_REQUIRES_SWIFT_MODULEWRAP\=NO
    export PLATFORM_USES_DSYMS\=YES
    export PLIST_FILE_OUTPUT_FORMAT\=binary
    export PLUGINS_FOLDER_PATH\=React_rendererdebug.framework/PlugIns
    export PODS_BUILD_DIR\=/Users/antoniogrillo-balen/Library/Developer/Xcode/DerivedData/risebysolis-gzfsziqwziaggpcbgdowmssiasmi/Build/Products
    export PODS_CONFIGURATION_BUILD_DIR\=/Users/antoniogrillo-balen/Library/Developer/Xcode/DerivedData/risebysolis-gzfsziqwziaggpcbgdowmssiasmi/Build/Products/Debug-iphonesimulator
    export PODS_DEVELOPMENT_LANGUAGE\=en
    export PODS_ROOT\=/Users/antoniogrillo-balen/Desktop/Projects/RiseBuild/ios/Pods
    export PODS_TARGET_SRCROOT\=/Users/antoniogrillo-balen/Desktop/Projects/RiseBuild/ios/Pods/../../node_modules/react-native/ReactCommon/react/renderer/debug
    export PODS_XCFRAMEWORKS_BUILD_DIR\=/Users/antoniogrillo-balen/Library/Developer/Xcode/DerivedData/risebysolis-gzfsziqwziaggpcbgdowmssiasmi/Build/Products/Debug-iphonesimulator/XCFrameworkIntermediates
    export PRECOMPS_INCLUDE_HEADERS_FROM_BUILT_PRODUCTS_DIR\=YES
    export PRECOMP_DESTINATION_DIR\=/Users/antoniogrillo-balen/Library/Developer/Xcode/DerivedData/risebysolis-gzfsziqwziaggpcbgdowmssiasmi/Build/Intermediates.noindex/Pods.build/Debug-iphonesimulator/React-rendererdebug.build/PrefixHeaders
    export PRIVATE_HEADERS_FOLDER_PATH\=React_rendererdebug.framework/PrivateHeaders
    export PROCESSED_INFOPLIST_PATH\=/Users/antoniogrillo-balen/Library/Developer/Xcode/DerivedData/risebysolis-gzfsziqwziaggpcbgdowmssiasmi/Build/Intermediates.noindex/Pods.build/Debug-iphonesimulator/React-rendererdebug.build/Objects-normal/undefined_arch/Processed-Info.plist
    export PRODUCT_BUNDLE_IDENTIFIER\=org.cocoapods.React-rendererdebug
    export PRODUCT_BUNDLE_PACKAGE_TYPE\=FMWK
    export PRODUCT_MODULE_NAME\=React_rendererdebug
    export PRODUCT_NAME\=React_rendererdebug
    export PRODUCT_SETTINGS_PATH\=/Users/antoniogrillo-balen/Desktop/Projects/RiseBuild/ios/Pods/Target\ Support\ Files/React-rendererdebug/React-rendererdebug-Info.plist
    export PRODUCT_TYPE\=com.apple.product-type.framework
    export PROFILING_CODE\=NO
    export PROJECT\=Pods
    export PROJECT_DERIVED_FILE_DIR\=/Users/antoniogrillo-balen/Library/Developer/Xcode/DerivedData/risebysolis-gzfsziqwziaggpcbgdowmssiasmi/Build/Intermediates.noindex/Pods.build/DerivedSources
    export PROJECT_DIR\=/Users/antoniogrillo-balen/Desktop/Projects/RiseBuild/ios/Pods
    export PROJECT_FILE_PATH\=/Users/antoniogrillo-balen/Desktop/Projects/RiseBuild/ios/Pods/Pods.xcodeproj
    export PROJECT_GUID\=8699adb1dd336b26511df848a716bd42
    export PROJECT_NAME\=Pods
    export PROJECT_TEMP_DIR\=/Users/antoniogrillo-balen/Library/Developer/Xcode/DerivedData/risebysolis-gzfsziqwziaggpcbgdowmssiasmi/Build/Intermediates.noindex/Pods.build
    export PROJECT_TEMP_ROOT\=/Users/antoniogrillo-balen/Library/Developer/Xcode/DerivedData/risebysolis-gzfsziqwziaggpcbgdowmssiasmi/Build/Intermediates.noindex
    export PUBLIC_HEADERS_FOLDER_PATH\=React_rendererdebug.framework/Headers
    export REACT_NATIVE_PATH\=/Users/antoniogrillo-balen/Desktop/Projects/RiseBuild/ios/Pods/../../node_modules/react-native
    export RECOMMENDED_IPHONEOS_DEPLOYMENT_TARGET\=15.0
    export RECURSIVE_SEARCH_PATHS_FOLLOW_SYMLINKS\=YES
    export REMOVE_CVS_FROM_RESOURCES\=YES
    export REMOVE_GIT_FROM_RESOURCES\=YES
    export REMOVE_HEADERS_FROM_EMBEDDED_BUNDLES\=YES
    export REMOVE_HG_FROM_RESOURCES\=YES
    export REMOVE_STATIC_EXECUTABLES_FROM_EMBEDDED_BUNDLES\=YES
    export REMOVE_SVN_FROM_RESOURCES\=YES
    export RESCHEDULE_INDEPENDENT_HEADERS_PHASES\=YES
    export REZ_COLLECTOR_DIR\=/Users/antoniogrillo-balen/Library/Developer/Xcode/DerivedData/risebysolis-gzfsziqwziaggpcbgdowmssiasmi/Build/Intermediates.noindex/Pods.build/Debug-iphonesimulator/React-rendererdebug.build/ResourceManagerResources
    export REZ_OBJECTS_DIR\=/Users/antoniogrillo-balen/Library/Developer/Xcode/DerivedData/risebysolis-gzfsziqwziaggpcbgdowmssiasmi/Build/Intermediates.noindex/Pods.build/Debug-iphonesimulator/React-rendererdebug.build/ResourceManagerResources/Objects
    export REZ_SEARCH_PATHS\=/Users/antoniogrillo-balen/Library/Developer/Xcode/DerivedData/risebysolis-gzfsziqwziaggpcbgdowmssiasmi/Build/Products/Debug-iphonesimulator/React-rendererdebug\ 
    export RPATH_ORIGIN\=@loader_path
    export RUNTIME_EXCEPTION_ALLOW_DYLD_ENVIRONMENT_VARIABLES\=NO
    export RUNTIME_EXCEPTION_ALLOW_JIT\=NO
    export RUNTIME_EXCEPTION_ALLOW_UNSIGNED_EXECUTABLE_MEMORY\=NO
    export RUNTIME_EXCEPTION_DEBUGGING_TOOL\=NO
    export RUNTIME_EXCEPTION_DISABLE_EXECUTABLE_PAGE_PROTECTION\=NO
    export RUNTIME_EXCEPTION_DISABLE_LIBRARY_VALIDATION\=NO
    export SCANNING_PCM_KEEP_CACHE_DIRECTORY\=YES
    export SCAN_ALL_SOURCE_FILES_FOR_INCLUDES\=NO
    export SCRIPTS_FOLDER_PATH\=React_rendererdebug.framework/Scripts
    export SCRIPT_INPUT_FILE_COUNT\=0
    export SCRIPT_INPUT_FILE_LIST_COUNT\=0
    export SCRIPT_OUTPUT_FILE_COUNT\=0
    export SCRIPT_OUTPUT_FILE_LIST_COUNT\=0
    export SDKROOT\=/Applications/Xcode.app/Contents/Developer/Platforms/iPhoneSimulator.platform/Developer/SDKs/iPhoneSimulator26.5.sdk
    export SDK_DIR\=/Applications/Xcode.app/Contents/Developer/Platforms/iPhoneSimulator.platform/Developer/SDKs/iPhoneSimulator26.5.sdk
    export SDK_DIR_iphonesimulator\=/Applications/Xcode.app/Contents/Developer/Platforms/iPhoneSimulator.platform/Developer/SDKs/iPhoneSimulator26.5.sdk
    export SDK_DIR_iphonesimulator26_5\=/Applications/Xcode.app/Contents/Developer/Platforms/iPhoneSimulator.platform/Developer/SDKs/iPhoneSimulator26.5.sdk
    export SDK_NAME\=iphonesimulator26.5
    export SDK_NAMES\=iphonesimulator26.5
    export SDK_PRODUCT_BUILD_VERSION\=23F73
    export SDK_STAT_CACHE_DIR\=/Users/antoniogrillo-balen/Library/Developer/Xcode/DerivedData
    export SDK_STAT_CACHE_ENABLE\=YES
    export SDK_STAT_CACHE_PATH\=/Users/antoniogrillo-balen/Library/Developer/Xcode/DerivedData/SDKStatCaches.noindex/iphonesimulator26.5-23F73-6cfe768891a92b912361537c460fe42b.sdkstatcache
    export SDK_VERSION\=26.5
    export SDK_VERSION_ACTUAL\=260500
    export SDK_VERSION_MAJOR\=260000
    export SDK_VERSION_MINOR\=260500
    export SED\=/usr/bin/sed
    export SEPARATE_STRIP\=NO
    export SEPARATE_SYMBOL_EDIT\=NO
    export SET_DIR_MODE_OWNER_GROUP\=YES
    export SET_FILE_MODE_OWNER_GROUP\=NO
    export SHALLOW_BUNDLE\=YES
    export SHALLOW_BUNDLE_TRIPLE\=ios-simulator
    export SHALLOW_BUNDLE_ios_macabi\=NO
    export SHALLOW_BUNDLE_macos\=NO
    export SHARED_DERIVED_FILE_DIR\=/Users/antoniogrillo-balen/Library/Developer/Xcode/DerivedData/risebysolis-gzfsziqwziaggpcbgdowmssiasmi/Build/Products/Debug-iphonesimulator/React-rendererdebug/DerivedSources
    export SHARED_FRAMEWORKS_FOLDER_PATH\=React_rendererdebug.framework/SharedFrameworks
    export SHARED_PRECOMPS_DIR\=/Users/antoniogrillo-balen/Library/Developer/Xcode/DerivedData/risebysolis-gzfsziqwziaggpcbgdowmssiasmi/Build/Intermediates.noindex/PrecompiledHeaders
    export SHARED_SUPPORT_FOLDER_PATH\=React_rendererdebug.framework
    export SKIP_INSTALL\=YES
    export SKIP_MERGEABLE_LIBRARY_BUNDLE_HOOK\=NO
    export SOURCE_ROOT\=/Users/antoniogrillo-balen/Desktop/Projects/RiseBuild/ios/Pods
    export SRCROOT\=/Users/antoniogrillo-balen/Desktop/Projects/RiseBuild/ios/Pods
    export STRINGSDATA_DIR\=/Users/antoniogrillo-balen/Library/Developer/Xcode/DerivedData/risebysolis-gzfsziqwziaggpcbgdowmssiasmi/Build/Intermediates.noindex/Pods.build/Debug-iphonesimulator/React-rendererdebug.build/Objects-normal/undefined_arch
    export STRINGSDATA_ROOT\=/Users/antoniogrillo-balen/Library/Developer/Xcode/DerivedData/risebysolis-gzfsziqwziaggpcbgdowmssiasmi/Build/Intermediates.noindex/Pods.build/Debug-iphonesimulator/React-rendererdebug.build
    export STRINGS_FILE_INFOPLIST_RENAME\=YES
    export STRINGS_FILE_OUTPUT_ENCODING\=binary
    export STRING_CATALOG_GENERATE_SYMBOLS\=NO
    export STRIP_BITCODE_FROM_COPIED_FILES\=NO
    export STRIP_INSTALLED_PRODUCT\=NO
    export STRIP_STYLE\=debugging
    export STRIP_SWIFT_SYMBOLS\=YES
    export SUPPORTED_DEVICE_FAMILIES\=1,2
    export SUPPORTED_PLATFORMS\=iphoneos\ iphonesimulator
    export SUPPORTS_TEXT_BASED_API\=NO
    export SUPPRESS_WARNINGS\=NO
    export SWIFT_ACTIVE_COMPILATION_CONDITIONS\=\ DEBUG\ 
    export SWIFT_EMIT_CONST_VALUE_PROTOCOLS\=AnyResolverProviding\ AppEntity\ AppEnum\ AppExtension\ AppIntent\ AppIntentsPackage\ AppShortcutProviding\ AppShortcutsProvider\ AppUnionValue\ AppUnionValueCasesProviding\ DynamicOptionsProvider\ EntityQuery\ ExtensionPointDefining\ IntentValueQuery\ Resolver\ TransientEntity\ _AssistantIntentsProvider\ _GenerativeFunctionExtractable\ _IntentValueRepresentable
    export SWIFT_EMIT_LOC_STRINGS\=NO
    export SWIFT_ENABLE_EXPLICIT_MODULES\=YES
    export SWIFT_INSTALL_MODULE_FOR_DEPLOYMENT\=YES
    export SWIFT_INSTALL_OBJC_HEADER\=YES
    export SWIFT_OPTIMIZATION_LEVEL\=-Onone
    export SWIFT_PLATFORM_TARGET_PREFIX\=ios
    export SWIFT_RESPONSE_FILE_PATH_normal_arm64\=/Users/antoniogrillo-balen/Library/Developer/Xcode/DerivedData/risebysolis-gzfsziqwziaggpcbgdowmssiasmi/Build/Intermediates.noindex/Pods.build/Debug-iphonesimulator/React-rendererdebug.build/Objects-normal/arm64/React_rendererdebug.SwiftFileList
    export SWIFT_VERSION\=5.0
    export SYMROOT\=/Users/antoniogrillo-balen/Library/Developer/Xcode/DerivedData/risebysolis-gzfsziqwziaggpcbgdowmssiasmi/Build/Products
    export SYSTEM_ADMIN_APPS_DIR\=/Applications/Utilities
    export SYSTEM_APPS_DIR\=/Applications
    export SYSTEM_CORE_SERVICES_DIR\=/System/Library/CoreServices
    export SYSTEM_DEMOS_DIR\=/Applications/Extras
    export SYSTEM_DEVELOPER_APPS_DIR\=/Applications/Xcode.app/Contents/Developer/Applications
    export SYSTEM_DEVELOPER_BIN_DIR\=/Applications/Xcode.app/Contents/Developer/usr/bin
    export SYSTEM_DEVELOPER_DEMOS_DIR\=/Applications/Xcode.app/Contents/Developer/Applications/Utilities/Built\ Examples
    export SYSTEM_DEVELOPER_DIR\=/Applications/Xcode.app/Contents/Developer
    export SYSTEM_DEVELOPER_DOC_DIR\=/Applications/Xcode.app/Contents/Developer/ADC\ Reference\ Library
    export SYSTEM_DEVELOPER_GRAPHICS_TOOLS_DIR\=/Applications/Xcode.app/Contents/Developer/Applications/Graphics\ Tools
    export SYSTEM_DEVELOPER_JAVA_TOOLS_DIR\=/Applications/Xcode.app/Contents/Developer/Applications/Java\ Tools
    export SYSTEM_DEVELOPER_PERFORMANCE_TOOLS_DIR\=/Applications/Xcode.app/Contents/Developer/Applications/Performance\ Tools
    export SYSTEM_DEVELOPER_RELEASENOTES_DIR\=/Applications/Xcode.app/Contents/Developer/ADC\ Reference\ Library/releasenotes
    export SYSTEM_DEVELOPER_TOOLS\=/Applications/Xcode.app/Contents/Developer/Tools
    export SYSTEM_DEVELOPER_TOOLS_DOC_DIR\=/Applications/Xcode.app/Contents/Developer/ADC\ Reference\ Library/documentation/DeveloperTools
    export SYSTEM_DEVELOPER_TOOLS_RELEASENOTES_DIR\=/Applications/Xcode.app/Contents/Developer/ADC\ Reference\ Library/releasenotes/DeveloperTools
    export SYSTEM_DEVELOPER_USR_DIR\=/Applications/Xcode.app/Contents/Developer/usr
    export SYSTEM_DEVELOPER_UTILITIES_DIR\=/Applications/Xcode.app/Contents/Developer/Applications/Utilities
    export SYSTEM_DEXT_INSTALL_PATH\=/System/Library/DriverExtensions
    export SYSTEM_DOCUMENTATION_DIR\=/Library/Documentation
    export SYSTEM_EXTENSIONS_FOLDER_PATH\=React_rendererdebug.framework/SystemExtensions
    export SYSTEM_EXTENSIONS_FOLDER_PATH_SHALLOW_BUNDLE_NO\=React_rendererdebug.framework/Library/SystemExtensions
    export SYSTEM_EXTENSIONS_FOLDER_PATH_SHALLOW_BUNDLE_YES\=React_rendererdebug.framework/SystemExtensions
    export SYSTEM_KEXT_INSTALL_PATH\=/System/Library/Extensions
    export SYSTEM_LIBRARY_DIR\=/System/Library
    export TAPI_DEMANGLE\=YES
    export TAPI_ENABLE_PROJECT_HEADERS\=NO
    export TAPI_LANGUAGE\=objective-c
    export TAPI_LANGUAGE_STANDARD\=compiler-default
    export TAPI_USE_SRCROOT\=YES
    export TAPI_VERIFY_MODE\=Pedantic
    export TARGETED_DEVICE_FAMILY\=1,2
    export TARGETNAME\=React-rendererdebug
    export TARGET_BUILD_DIR\=/Users/antoniogrillo-balen/Library/Developer/Xcode/DerivedData/risebysolis-gzfsziqwziaggpcbgdowmssiasmi/Build/Products/Debug-iphonesimulator/React-rendererdebug
    export TARGET_DEVICE_IDENTIFIER\=0C333F8A-4681-4475-855E-6FFD70F12533
    export TARGET_DEVICE_MODEL\=iPhone16,2
    export TARGET_DEVICE_OS_VERSION\=26.4.1
    export TARGET_DEVICE_PLATFORM_NAME\=iphonesimulator
    export TARGET_NAME\=React-rendererdebug
    export TARGET_TEMP_DIR\=/Users/antoniogrillo-balen/Library/Developer/Xcode/DerivedData/risebysolis-gzfsziqwziaggpcbgdowmssiasmi/Build/Intermediates.noindex/Pods.build/Debug-iphonesimulator/React-rendererdebug.build
    export TEMP_DIR\=/Users/antoniogrillo-balen/Library/Developer/Xcode/DerivedData/risebysolis-gzfsziqwziaggpcbgdowmssiasmi/Build/Intermediates.noindex/Pods.build/Debug-iphonesimulator/React-rendererdebug.build
    export TEMP_FILES_DIR\=/Users/antoniogrillo-balen/Library/Developer/Xcode/DerivedData/risebysolis-gzfsziqwziaggpcbgdowmssiasmi/Build/Intermediates.noindex/Pods.build/Debug-iphonesimulator/React-rendererdebug.build
    export TEMP_FILE_DIR\=/Users/antoniogrillo-balen/Library/Developer/Xcode/DerivedData/risebysolis-gzfsziqwziaggpcbgdowmssiasmi/Build/Intermediates.noindex/Pods.build/Debug-iphonesimulator/React-rendererdebug.build
    export TEMP_ROOT\=/Users/antoniogrillo-balen/Library/Developer/Xcode/DerivedData/risebysolis-gzfsziqwziaggpcbgdowmssiasmi/Build/Intermediates.noindex
    export TEMP_SANDBOX_DIR\=/Users/antoniogrillo-balen/Library/Developer/Xcode/DerivedData/risebysolis-gzfsziqwziaggpcbgdowmssiasmi/Build/Intermediates.noindex/TemporaryTaskSandboxes
    export TEST_FRAMEWORK_SEARCH_PATHS\=\ /Applications/Xcode.app/Contents/Developer/Platforms/iPhoneSimulator.platform/Developer/Library/Frameworks\ /Applications/Xcode.app/Contents/Developer/Platforms/iPhoneSimulator.platform/Developer/SDKs/iPhoneSimulator26.5.sdk/Developer/Library/Frameworks
    export TEST_LIBRARY_SEARCH_PATHS\=\ /Applications/Xcode.app/Contents/Developer/Platforms/iPhoneSimulator.platform/Developer/usr/lib
    export TOOLCHAINS\=com.apple.dt.toolchain.XcodeDefault
    export TOOLCHAIN_DIR\=/Applications/Xcode.app/Contents/Developer/Toolchains/XcodeDefault.xctoolchain
    export TREAT_MISSING_BASELINES_AS_TEST_FAILURES\=NO
    export TREAT_MISSING_SCRIPT_PHASE_OUTPUTS_AS_ERRORS\=NO
    export TeamIdentifierPrefix\=FAKETEAMID.
    export UID\=501
    export UNINSTALLED_PRODUCTS_DIR\=/Users/antoniogrillo-balen/Library/Developer/Xcode/DerivedData/risebysolis-gzfsziqwziaggpcbgdowmssiasmi/Build/Intermediates.noindex/UninstalledProducts
    export UNLOCALIZED_RESOURCES_FOLDER_PATH\=React_rendererdebug.framework
    export UNLOCALIZED_RESOURCES_FOLDER_PATH_SHALLOW_BUNDLE_NO\=React_rendererdebug.framework/Resources
    export UNLOCALIZED_RESOURCES_FOLDER_PATH_SHALLOW_BUNDLE_YES\=React_rendererdebug.framework
    export UNSTRIPPED_PRODUCT\=NO
    export USER\=antoniogrillo-balen
    export USER_APPS_DIR\=/Users/antoniogrillo-balen/Applications
    export USER_LIBRARY_DIR\=/Users/antoniogrillo-balen/Library
    export USE_DYNAMIC_NO_PIC\=YES
    export USE_HEADERMAP\=YES
    export USE_HEADER_SYMLINKS\=NO
    export USE_HERMES\=true
    export USE_RECURSIVE_SCRIPT_INPUTS_IN_SCRIPT_PHASES\=YES
    export VALIDATE_DEVELOPMENT_ASSET_PATHS\=YES_ERROR
    export VALIDATE_PRODUCT\=NO
    export VALID_ARCHS\=arm64\ x86_64
    export VERBOSE_PBXCP\=NO
    export VERSIONING_SYSTEM\=apple-generic
    export VERSIONPLIST_PATH\=React_rendererdebug.framework/version.plist
    export VERSIONS_FOLDER_PATH\=React_rendererdebug.framework
    export VERSIONS_FOLDER_PATH_SHALLOW_BUNDLE_NO\=React_rendererdebug.framework/Versions
    export VERSIONS_FOLDER_PATH_SHALLOW_BUNDLE_YES\=React_rendererdebug.framework
    export VERSION_INFO_BUILDER\=antoniogrillo-balen
    export VERSION_INFO_FILE\=React_rendererdebug_vers.c
    export VERSION_INFO_STRING\=\"@\(\#\)PROGRAM:React_rendererdebug\ \ PROJECT:Pods-1\"
    export WORKSPACE_DIR\=/Users/antoniogrillo-balen/Desktop/Projects/RiseBuild/ios
    export WRAPPER_EXTENSION\=framework
    export WRAPPER_NAME\=React_rendererdebug.framework
    export WRAPPER_SUFFIX\=.framework
    export WRAP_ASSET_PACKS_IN_SEPARATE_DIRECTORIES\=NO
    export XCODE_APP_SUPPORT_DIR\=/Applications/Xcode.app/Contents/Developer/Library/Xcode
    export XCODE_PRODUCT_BUILD_VERSION\=17F42
    export XCODE_VERSION_ACTUAL\=2650
    export XCODE_VERSION_MAJOR\=2600
    export XCODE_VERSION_MINOR\=2650
    export XPCSERVICES_FOLDER_PATH\=React_rendererdebug.framework/XPCServices
    export YACC\=yacc
    export _DISCOVER_COMMAND_LINE_LINKER_INPUTS\=YES
    export _DISCOVER_COMMAND_LINE_LINKER_INPUTS_INCLUDE_WL\=YES
    export _LD_MULTIARCH\=YES
    export _WRAPPER_CONTENTS_DIR_SHALLOW_BUNDLE_NO\=/Contents
    export _WRAPPER_PARENT_PATH_SHALLOW_BUNDLE_NO\=/..
    export _WRAPPER_RESOURCES_DIR_SHALLOW_BUNDLE_NO\=/Resources
    export __DIAGNOSE_DEPRECATED_ARCHS\=YES
    export __ORIGINAL_SDK_DEFINED_LLVM_TARGET_TRIPLE_SYS\=ios
    export arch\=undefined_arch
    export variant\=normal
    /bin/sh -c /Users/antoniogrillo-balen/Library/Developer/Xcode/DerivedData/risebysolis-gzfsziqwziaggpcbgdowmssiasmi/Build/Intermediates.noindex/Pods.build/Debug-iphonesimulator/React-rendererdebug.build/Script-46EB2E0002CB40.sh

warning: Run script build phase 'Create Symlinks to Header Folders' will be run during every build because it does not specify any outputs. To address this issue, either add output dependencies to the script phase, or configure it to run in every build by unchecking "Based on dependency analysis" in the script phase. (in target 'React-utils' from project 'Pods')
PhaseScriptExecution Create\ Symlinks\ to\ Header\ Folders /Users/antoniogrillo-balen/Library/Developer/Xcode/DerivedData/risebysolis-gzfsziqwziaggpcbgdowmssiasmi/Build/Intermediates.noindex/Pods.build/Debug-iphonesimulator/React-utils.build/Script-46EB2E0002D2F0.sh (in target 'React-utils' from project 'Pods')
    cd /Users/antoniogrillo-balen/Desktop/Projects/RiseBuild/ios/Pods
    export ACTION\=build
    export AD_HOC_CODE_SIGNING_ALLOWED\=YES
    export ALLOW_BUILD_REQUEST_OVERRIDES\=NO
    export ALLOW_TARGET_PLATFORM_SPECIALIZATION\=NO
    export ALTERNATE_GROUP\=staff
    export ALTERNATE_MODE\=u+w,go-w,a+rX
    export ALTERNATE_OWNER\=antoniogrillo-balen
    export ALTERNATIVE_DISTRIBUTION_WEB\=NO
    export ALWAYS_EMBED_SWIFT_STANDARD_LIBRARIES\=NO
    export ALWAYS_SEARCH_USER_PATHS\=NO
    export ALWAYS_USE_SEPARATE_HEADERMAPS\=NO
    export APPLICATION_EXTENSION_API_ONLY\=NO
    export APPLY_RULES_IN_COPY_FILES\=NO
    export APPLY_RULES_IN_COPY_HEADERS\=NO
    export APP_SHORTCUTS_ENABLE_FLEXIBLE_MATCHING\=YES
    export ARCHS\=arm64
    export ARCHS_BASE\=arm64
    export ARCHS_STANDARD\=arm64\ x86_64
    export ARCHS_STANDARD_32_64_BIT\=arm64\ x86_64
    export ARCHS_STANDARD_64_BIT\=arm64\ x86_64
    export ARCHS_STANDARD_INCLUDING_64_BIT\=arm64\ x86_64
    export ARCHS_UNIVERSAL_IPHONE_OS\=arm64\ x86_64
    export ASSETCATALOG_FILTER_FOR_DEVICE_MODEL\=iPhone16,2
    export ASSETCATALOG_FILTER_FOR_DEVICE_OS_VERSION\=26.4.1
    export ASSETCATALOG_FILTER_FOR_THINNING_DEVICE_CONFIGURATION\=iPhone16,2
    export AUTOMATICALLY_MERGE_DEPENDENCIES\=NO
    export AUTOMATION_APPLE_EVENTS\=NO
    export AVAILABLE_PLATFORMS\=android\ appletvos\ appletvsimulator\ driverkit\ freebsd\ iphoneos\ iphonesimulator\ linux\ macosx\ none\ openbsd\ qnx\ watchos\ watchsimulator\ webassembly\ xros\ xrsimulator
    export AppIdentifierPrefix\=FAKETEAMID.
    export BUILD_ACTIVE_RESOURCES_ONLY\=YES
    export BUILD_COMPONENTS\=headers\ build
    export BUILD_DIR\=/Users/antoniogrillo-balen/Library/Developer/Xcode/DerivedData/risebysolis-gzfsziqwziaggpcbgdowmssiasmi/Build/Products
    export BUILD_LIBRARY_FOR_DISTRIBUTION\=NO
    export BUILD_ONLY_KNOWN_LOCALIZATIONS\=NO
    export BUILD_ROOT\=/Users/antoniogrillo-balen/Library/Developer/Xcode/DerivedData/risebysolis-gzfsziqwziaggpcbgdowmssiasmi/Build/Products
    export BUILD_STYLE\=
    export BUILD_VARIANTS\=normal
    export BUILT_PRODUCTS_DIR\=/Users/antoniogrillo-balen/Library/Developer/Xcode/DerivedData/risebysolis-gzfsziqwziaggpcbgdowmssiasmi/Build/Products/Debug-iphonesimulator/React-utils
    export BUNDLE_CONTENTS_FOLDER_PATH_deep\=Contents/
    export BUNDLE_EXECUTABLE_FOLDER_NAME_deep\=MacOS
    export BUNDLE_EXTENSIONS_FOLDER_PATH\=Extensions
    export BUNDLE_FORMAT\=shallow
    export BUNDLE_FRAMEWORKS_FOLDER_PATH\=Frameworks
    export BUNDLE_PLUGINS_FOLDER_PATH\=PlugIns
    export BUNDLE_PRIVATE_HEADERS_FOLDER_PATH\=PrivateHeaders
    export BUNDLE_PUBLIC_HEADERS_FOLDER_PATH\=Headers
    export CACHE_ROOT\=/var/folders/2z/jtlqylkx0c709j3xb7b0g4cm0000gn/C/com.apple.DeveloperTools/26.5-17F42/Xcode
    export CCHROOT\=/var/folders/2z/jtlqylkx0c709j3xb7b0g4cm0000gn/C/com.apple.DeveloperTools/26.5-17F42/Xcode
    export CHMOD\=/bin/chmod
    export CHOWN\=chown
    export CLANG_ANALYZER_LOCALIZABILITY_NONLOCALIZED\=YES
    export CLANG_ANALYZER_NONNULL\=YES
    export CLANG_ANALYZER_NUMBER_OBJECT_CONVERSION\=YES_AGGRESSIVE
    export CLANG_CACHE_FINE_GRAINED_OUTPUTS\=YES
    export CLANG_CXX_LANGUAGE_STANDARD\=c++20
    export CLANG_CXX_LIBRARY\=libc++
    export CLANG_ENABLE_EXPLICIT_MODULES\=YES
    export CLANG_ENABLE_MODULES\=YES
    export CLANG_ENABLE_OBJC_ARC\=YES
    export CLANG_ENABLE_OBJC_WEAK\=NO
    export CLANG_MODULES_BUILD_SESSION_FILE\=/Users/antoniogrillo-balen/Library/Developer/Xcode/DerivedData/ModuleCache.noindex/Session.modulevalidation
    export CLANG_WARN_BLOCK_CAPTURE_AUTORELEASING\=YES
    export CLANG_WARN_BOOL_CONVERSION\=YES
    export CLANG_WARN_COMMA\=YES
    export CLANG_WARN_CONSTANT_CONVERSION\=YES
    export CLANG_WARN_DEPRECATED_OBJC_IMPLEMENTATIONS\=YES
    export CLANG_WARN_DIRECT_OBJC_ISA_USAGE\=YES_ERROR
    export CLANG_WARN_DOCUMENTATION_COMMENTS\=YES
    export CLANG_WARN_EMPTY_BODY\=YES
    export CLANG_WARN_ENUM_CONVERSION\=YES
    export CLANG_WARN_INFINITE_RECURSION\=YES
    export CLANG_WARN_INT_CONVERSION\=YES
    export CLANG_WARN_NON_LITERAL_NULL_CONVERSION\=YES
    export CLANG_WARN_OBJC_IMPLICIT_RETAIN_SELF\=YES
    export CLANG_WARN_OBJC_LITERAL_CONVERSION\=YES
    export CLANG_WARN_OBJC_ROOT_CLASS\=YES_ERROR
    export CLANG_WARN_QUOTED_INCLUDE_IN_FRAMEWORK_HEADER\=NO
    export CLANG_WARN_RANGE_LOOP_ANALYSIS\=YES
    export CLANG_WARN_STRICT_PROTOTYPES\=YES
    export CLANG_WARN_SUSPICIOUS_MOVE\=YES
    export CLANG_WARN_UNGUARDED_AVAILABILITY\=YES_AGGRESSIVE
    export CLANG_WARN_UNREACHABLE_CODE\=YES
    export CLANG_WARN__DUPLICATE_METHOD_MATCH\=YES
    export CLASS_FILE_DIR\=/Users/antoniogrillo-balen/Library/Developer/Xcode/DerivedData/risebysolis-gzfsziqwziaggpcbgdowmssiasmi/Build/Intermediates.noindex/Pods.build/Debug-iphonesimulator/React-utils.build/JavaClasses
    export CLEAN_PRECOMPS\=YES
    export CLONE_HEADERS\=NO
    export CODESIGNING_FOLDER_PATH\=/Users/antoniogrillo-balen/Library/Developer/Xcode/DerivedData/risebysolis-gzfsziqwziaggpcbgdowmssiasmi/Build/Products/Debug-iphonesimulator/React-utils/React_utils.framework
    export CODE_SIGNING_ALLOWED\=YES
    export CODE_SIGNING_REQUIRED\=NO
    export CODE_SIGNING_REQUIRES_TEAM\=YES
    export CODE_SIGN_CONTEXT_CLASS\=XCiPhoneSimulatorCodeSignContext
    export CODE_SIGN_IDENTITY\=-
    export CODE_SIGN_INJECT_BASE_ENTITLEMENTS\=YES
    export COLOR_DIAGNOSTICS\=NO
    export COMBINE_HIDPI_IMAGES\=NO
    export COMPILATION_CACHE_CAS_PATH\=/Users/antoniogrillo-balen/Library/Developer/Xcode/DerivedData/CompilationCache.noindex
    export COMPILATION_CACHE_KEEP_CAS_DIRECTORY\=YES
    export COMPILER_INDEX_STORE_ENABLE\=Default
    export COMPOSITE_SDK_DIRS\=/Users/antoniogrillo-balen/Library/Developer/Xcode/DerivedData/risebysolis-gzfsziqwziaggpcbgdowmssiasmi/Build/Intermediates.noindex/CompositeSDKs
    export COMPRESS_PNG_FILES\=YES
    export CONFIGURATION\=Debug
    export CONFIGURATION_BUILD_DIR\=/Users/antoniogrillo-balen/Library/Developer/Xcode/DerivedData/risebysolis-gzfsziqwziaggpcbgdowmssiasmi/Build/Products/Debug-iphonesimulator/React-utils
    export CONFIGURATION_TEMP_DIR\=/Users/antoniogrillo-balen/Library/Developer/Xcode/DerivedData/risebysolis-gzfsziqwziaggpcbgdowmssiasmi/Build/Intermediates.noindex/Pods.build/Debug-iphonesimulator
    export CONTENTS_FOLDER_PATH\=React_utils.framework
    export CONTENTS_FOLDER_PATH_SHALLOW_BUNDLE_NO\=React_utils.framework/A
    export CONTENTS_FOLDER_PATH_SHALLOW_BUNDLE_YES\=React_utils.framework
    export COPYING_PRESERVES_HFS_DATA\=NO
    export COPY_HEADERS_RUN_UNIFDEF\=NO
    export COPY_PHASE_STRIP\=NO
    export CORRESPONDING_DEVICE_PLATFORM_DIR\=/Applications/Xcode.app/Contents/Developer/Platforms/iPhoneOS.platform
    export CORRESPONDING_DEVICE_PLATFORM_NAME\=iphoneos
    export CORRESPONDING_DEVICE_SDK_DIR\=/Applications/Xcode.app/Contents/Developer/Platforms/iPhoneOS.platform/Developer/SDKs/iPhoneOS26.5.sdk
    export CORRESPONDING_DEVICE_SDK_NAME\=iphoneos26.5
    export CP\=/bin/cp
    export CREATE_INFOPLIST_SECTION_IN_BINARY\=NO
    export CURRENT_ARCH\=undefined_arch
    export CURRENT_PROJECT_VERSION\=1
    export CURRENT_VARIANT\=normal
    export CURRENT_VERSION\=Current
    export DEAD_CODE_STRIPPING\=YES
    export DEBUGGING_SYMBOLS\=YES
    export DEBUG_INFORMATION_FORMAT\=dwarf
    export DEBUG_INFORMATION_VERSION\=compiler-default
    export DEFAULT_COMPILER\=com.apple.compilers.llvm.clang.1_0
    export DEFAULT_DEXT_INSTALL_PATH\=/System/Library/DriverExtensions
    export DEFAULT_KEXT_INSTALL_PATH\=/System/Library/Extensions
    export DEFINES_MODULE\=YES
    export DEPLOYMENT_LOCATION\=NO
    export DEPLOYMENT_POSTPROCESSING\=NO
    export DEPLOYMENT_TARGET_SETTING_NAME\=IPHONEOS_DEPLOYMENT_TARGET
    export DEPLOYMENT_TARGET_SUGGESTED_VALUES\=12.0\ 12.1\ 12.2\ 12.3\ 12.4\ 13.0\ 13.1\ 13.2\ 13.3\ 13.4\ 13.5\ 13.6\ 14.0\ 14.1\ 14.2\ 14.3\ 14.4\ 14.5\ 14.6\ 14.7\ 15.0\ 15.1\ 15.2\ 15.3\ 15.4\ 15.5\ 15.6\ 16.0\ 16.1\ 16.2\ 16.3\ 16.4\ 16.5\ 16.6\ 17.0\ 17.1\ 17.2\ 17.3\ 17.4\ 17.5\ 17.6\ 18.0\ 18.1\ 18.2\ 18.3\ 18.4\ 18.5\ 18.6\ 26.0\ 26.2\ 26.3\ 26.4\ 26.5
    export DERIVED_FILES_DIR\=/Users/antoniogrillo-balen/Library/Developer/Xcode/DerivedData/risebysolis-gzfsziqwziaggpcbgdowmssiasmi/Build/Intermediates.noindex/Pods.build/Debug-iphonesimulator/React-utils.build/DerivedSources
    export DERIVED_FILE_DIR\=/Users/antoniogrillo-balen/Library/Developer/Xcode/DerivedData/risebysolis-gzfsziqwziaggpcbgdowmssiasmi/Build/Intermediates.noindex/Pods.build/Debug-iphonesimulator/React-utils.build/DerivedSources
    export DERIVED_SOURCES_DIR\=/Users/antoniogrillo-balen/Library/Developer/Xcode/DerivedData/risebysolis-gzfsziqwziaggpcbgdowmssiasmi/Build/Intermediates.noindex/Pods.build/Debug-iphonesimulator/React-utils.build/DerivedSources
    export DEVELOPER_APPLICATIONS_DIR\=/Applications/Xcode.app/Contents/Developer/Applications
    export DEVELOPER_BIN_DIR\=/Applications/Xcode.app/Contents/Developer/usr/bin
    export DEVELOPER_DIR\=/Applications/Xcode.app/Contents/Developer
    export DEVELOPER_FRAMEWORKS_DIR\=/Applications/Xcode.app/Contents/Developer/Library/Frameworks
    export DEVELOPER_FRAMEWORKS_DIR_QUOTED\=/Applications/Xcode.app/Contents/Developer/Library/Frameworks
    export DEVELOPER_LIBRARY_DIR\=/Applications/Xcode.app/Contents/Developer/Library
    export DEVELOPER_SDK_DIR\=/Applications/Xcode.app/Contents/Developer/Platforms/MacOSX.platform/Developer/SDKs
    export DEVELOPER_TOOLS_DIR\=/Applications/Xcode.app/Contents/Developer/Tools
    export DEVELOPER_USR_DIR\=/Applications/Xcode.app/Contents/Developer/usr
    export DEVELOPMENT_LANGUAGE\=en
    export DIAGNOSE_MISSING_TARGET_DEPENDENCIES\=YES
    export DIFF\=/usr/bin/diff
    export DOCUMENTATION_FOLDER_PATH\=React_utils.framework/en.lproj/Documentation
    export DONT_GENERATE_INFOPLIST_FILE\=NO
    export DSTROOT\=/tmp/Pods.dst
    export DT_TOOLCHAIN_DIR\=/Applications/Xcode.app/Contents/Developer/Toolchains/XcodeDefault.xctoolchain
    export DUMP_DEPENDENCIES\=NO
    export DUMP_DEPENDENCIES_OUTPUT_PATH\=/Users/antoniogrillo-balen/Library/Developer/Xcode/DerivedData/risebysolis-gzfsziqwziaggpcbgdowmssiasmi/Build/Intermediates.noindex/Pods.build/Debug-iphonesimulator/React-utils.build/React-utils-BuildDependencyInfo.json
    export DWARF_DSYM_FILE_NAME\=React_utils.framework.dSYM
    export DWARF_DSYM_FILE_SHOULD_ACCOMPANY_PRODUCT\=NO
    export DWARF_DSYM_FOLDER_PATH\=/Users/antoniogrillo-balen/Library/Developer/Xcode/DerivedData/risebysolis-gzfsziqwziaggpcbgdowmssiasmi/Build/Products/Debug-iphonesimulator/React-utils
    export DYLIB_COMPATIBILITY_VERSION\=1
    export DYLIB_CURRENT_VERSION\=1
    export DYLIB_INSTALL_NAME_BASE\=@rpath
    export DYNAMIC_LIBRARY_EXTENSION\=dylib
    export EAGER_COMPILATION_ALLOW_SCRIPTS\=NO
    export EAGER_LINKING\=NO
    export EFFECTIVE_PLATFORM_NAME\=-iphonesimulator
    export EFFECTIVE_SWIFT_VERSION\=5
    export EMBEDDED_CONTENT_CONTAINS_SWIFT\=NO
    export EMBED_ASSET_PACKS_IN_PRODUCT_BUNDLE\=NO
    export ENABLE_APP_SANDBOX\=NO
    export ENABLE_CODE_COVERAGE\=YES
    export ENABLE_COHORT_ARCHS\=NO
    export ENABLE_CPLUSPLUS_BOUNDS_SAFE_BUFFERS\=NO
    export ENABLE_C_BOUNDS_SAFETY\=NO
    export ENABLE_DEFAULT_HEADER_SEARCH_PATHS\=YES
    export ENABLE_DEFAULT_SEARCH_PATHS\=YES
    export ENABLE_ENHANCED_SECURITY\=NO
    export ENABLE_HARDENED_RUNTIME\=NO
    export ENABLE_HEADER_DEPENDENCIES\=YES
    export ENABLE_INCOMING_NETWORK_CONNECTIONS\=NO
    export ENABLE_MODULE_VERIFIER\=NO
    export ENABLE_ON_DEMAND_RESOURCES\=NO
    export ENABLE_OUTGOING_NETWORK_CONNECTIONS\=NO
    export ENABLE_POINTER_AUTHENTICATION\=NO
    export ENABLE_PREVIEWS\=NO
    export ENABLE_RESOURCE_ACCESS_AUDIO_INPUT\=NO
    export ENABLE_RESOURCE_ACCESS_BLUETOOTH\=NO
    export ENABLE_RESOURCE_ACCESS_CALENDARS\=NO
    export ENABLE_RESOURCE_ACCESS_CAMERA\=NO
    export ENABLE_RESOURCE_ACCESS_CONTACTS\=NO
    export ENABLE_RESOURCE_ACCESS_LOCATION\=NO
    export ENABLE_RESOURCE_ACCESS_PHOTO_LIBRARY\=NO
    export ENABLE_RESOURCE_ACCESS_PRINTING\=NO
    export ENABLE_RESOURCE_ACCESS_USB\=NO
    export ENABLE_SDK_IMPORTS\=NO
    export ENABLE_SECURITY_COMPILER_WARNINGS\=NO
    export ENABLE_STRICT_OBJC_MSGSEND\=YES
    export ENABLE_TESTABILITY\=YES
    export ENABLE_TESTING_SEARCH_PATHS\=NO
    export ENABLE_USER_SCRIPT_SANDBOXING\=NO
    export ENABLE_XOJIT_PREVIEWS\=YES
    export ENFORCE_VALID_ARCHS\=YES
    export ENTITLEMENTS_DESTINATION\=__entitlements
    export ENTITLEMENTS_REQUIRED\=NO
    export EXCLUDED_INSTALLSRC_SUBDIRECTORY_PATTERNS\=.DS_Store\ .svn\ .git\ .hg\ CVS
    export EXCLUDED_RECURSIVE_SEARCH_PATH_SUBDIRECTORIES\=\*.nib\ \*.lproj\ \*.framework\ \*.gch\ \*.xcode\*\ \*.xcassets\ \*.icon\ \(\*\)\ .DS_Store\ CVS\ .svn\ .git\ .hg\ \*.pbproj\ \*.pbxproj
    export EXECUTABLES_FOLDER_PATH\=React_utils.framework/en.lproj
    export EXECUTABLE_FOLDER_PATH\=React_utils.framework
    export EXECUTABLE_FOLDER_PATH_SHALLOW_BUNDLE_NO\=React_utils.framework
    export EXECUTABLE_FOLDER_PATH_SHALLOW_BUNDLE_YES\=React_utils.framework
    export EXECUTABLE_NAME\=React_utils
    export EXECUTABLE_PATH\=React_utils.framework/React_utils
    export EXPANDED_CODE_SIGN_IDENTITY\=-
    export EXPANDED_CODE_SIGN_IDENTITY_NAME\=Sign\ to\ Run\ Locally
    export EXTENSIONS_FOLDER_PATH\=React_utils.framework/Extensions
    export FILE_LIST\=/Users/antoniogrillo-balen/Library/Developer/Xcode/DerivedData/risebysolis-gzfsziqwziaggpcbgdowmssiasmi/Build/Intermediates.noindex/Pods.build/Debug-iphonesimulator/React-utils.build/Objects/LinkFileList
    export FIXED_FILES_DIR\=/Users/antoniogrillo-balen/Library/Developer/Xcode/DerivedData/risebysolis-gzfsziqwziaggpcbgdowmssiasmi/Build/Intermediates.noindex/Pods.build/Debug-iphonesimulator/React-utils.build/FixedFiles
    export FRAMEWORKS_FOLDER_PATH\=React_utils.framework/Frameworks
    export FRAMEWORK_FLAG_PREFIX\=-framework
    export FRAMEWORK_SEARCH_PATHS\=/Users/antoniogrillo-balen/Library/Developer/Xcode/DerivedData/risebysolis-gzfsziqwziaggpcbgdowmssiasmi/Build/Products/Debug-iphonesimulator/React-utils\ \ \"/Users/antoniogrillo-balen/Library/Developer/Xcode/DerivedData/risebysolis-gzfsziqwziaggpcbgdowmssiasmi/Build/Products/Debug-iphonesimulator/DoubleConversion\"\ \"/Users/antoniogrillo-balen/Library/Developer/Xcode/DerivedData/risebysolis-gzfsziqwziaggpcbgdowmssiasmi/Build/Products/Debug-iphonesimulator/RCT-Folly\"\ \"/Users/antoniogrillo-balen/Library/Developer/Xcode/DerivedData/risebysolis-gzfsziqwziaggpcbgdowmssiasmi/Build/Products/Debug-iphonesimulator/React-debug\"\ \"/Users/antoniogrillo-balen/Library/Developer/Xcode/DerivedData/risebysolis-gzfsziqwziaggpcbgdowmssiasmi/Build/Products/Debug-iphonesimulator/React-jsi\"\ \"/Users/antoniogrillo-balen/Library/Developer/Xcode/DerivedData/risebysolis-gzfsziqwziaggpcbgdowmssiasmi/Build/Products/Debug-iphonesimulator/fmt\"\ \"/Users/antoniogrillo-balen/Library/Developer/Xcode/DerivedData/risebysolis-gzfsziqwziaggpcbgdowmssiasmi/Build/Products/Debug-iphonesimulator/glog\"\ \"/Users/antoniogrillo-balen/Desktop/Projects/RiseBuild/ios/Pods/hermes-engine/destroot/Library/Frameworks/universal\"\ \"/Users/antoniogrillo-balen/Library/Developer/Xcode/DerivedData/risebysolis-gzfsziqwziaggpcbgdowmssiasmi/Build/Products/Debug-iphonesimulator/XCFrameworkIntermediates/hermes-engine/Pre-built\"
    export FRAMEWORK_VERSION\=A
    export FULL_PRODUCT_NAME\=React_utils.framework
    export FUSE_BUILD_PHASES\=YES
    export FUSE_BUILD_SCRIPT_PHASES\=NO
    export GCC3_VERSION\=3.3
    export GCC_C_LANGUAGE_STANDARD\=gnu11
    export GCC_DYNAMIC_NO_PIC\=NO
    export GCC_INLINES_ARE_PRIVATE_EXTERN\=YES
    export GCC_NO_COMMON_BLOCKS\=YES
    export GCC_OBJC_LEGACY_DISPATCH\=YES
    export GCC_OPTIMIZATION_LEVEL\=0
    export GCC_PFE_FILE_C_DIALECTS\=c\ objective-c\ c++\ objective-c++
    export GCC_PREFIX_HEADER\=Target\ Support\ Files/React-utils/React-utils-prefix.pch
    export GCC_PREPROCESSOR_DEFINITIONS\=POD_CONFIGURATION_DEBUG\=1\ DEBUG\=1\ \ COCOAPODS\=1
    export GCC_TREAT_WARNINGS_AS_ERRORS\=NO
    export GCC_VERSION\=com.apple.compilers.llvm.clang.1_0
    export GCC_VERSION_IDENTIFIER\=com_apple_compilers_llvm_clang_1_0
    export GCC_WARN_64_TO_32_BIT_CONVERSION\=YES
    export GCC_WARN_ABOUT_RETURN_TYPE\=YES_ERROR
    export GCC_WARN_UNDECLARED_SELECTOR\=YES
    export GCC_WARN_UNINITIALIZED_AUTOS\=YES_AGGRESSIVE
    export GCC_WARN_UNUSED_FUNCTION\=YES
    export GCC_WARN_UNUSED_VARIABLE\=YES
    export GENERATED_MODULEMAP_DIR\=/Users/antoniogrillo-balen/Library/Developer/Xcode/DerivedData/risebysolis-gzfsziqwziaggpcbgdowmssiasmi/Build/Intermediates.noindex/GeneratedModuleMaps-iphonesimulator
    export GENERATE_INFOPLIST_FILE\=NO
    export GENERATE_INTERMEDIATE_TEXT_BASED_STUBS\=YES
    export GENERATE_PKGINFO_FILE\=NO
    export GENERATE_PRELINK_OBJECT_FILE\=NO
    export GENERATE_PROFILING_CODE\=NO
    export GENERATE_TEXT_BASED_STUBS\=NO
    export GID\=20
    export GROUP\=staff
    export HEADERMAP_INCLUDES_FLAT_ENTRIES_FOR_TARGET_BEING_BUILT\=YES
    export HEADERMAP_INCLUDES_FRAMEWORK_ENTRIES_FOR_ALL_PRODUCT_TYPES\=YES
    export HEADERMAP_INCLUDES_FRAMEWORK_ENTRIES_FOR_TARGETS_NOT_BEING_BUILT\=YES
    export HEADERMAP_INCLUDES_NONPUBLIC_NONPRIVATE_HEADERS\=YES
    export HEADERMAP_INCLUDES_PROJECT_HEADERS\=YES
    export HEADERMAP_USES_FRAMEWORK_PREFIX_ENTRIES\=YES
    export HEADERMAP_USES_VFS\=YES
    export HEADER_SEARCH_PATHS\=/Users/antoniogrillo-balen/Library/Developer/Xcode/DerivedData/risebysolis-gzfsziqwziaggpcbgdowmssiasmi/Build/Products/Debug-iphonesimulator/React-utils/include\ \ /Users/antoniogrillo-balen/Library/Developer/Xcode/DerivedData/risebysolis-gzfsziqwziaggpcbgdowmssiasmi/Build/Products/Debug-iphonesimulator/ReactCommon/ReactCommon.framework/Headers\ /Users/antoniogrillo-balen/Library/Developer/Xcode/DerivedData/risebysolis-gzfsziqwziaggpcbgdowmssiasmi/Build/Products/Debug-iphonesimulator/ReactCommon/ReactCommon.framework/Headers/react/nativemodule/core\ /Users/antoniogrillo-balen/Library/Developer/Xcode/DerivedData/risebysolis-gzfsziqwziaggpcbgdowmssiasmi/Build/Products/Debug-iphonesimulator/ReactCommon-Samples/ReactCommon_Samples.framework/Headers\ /Users/antoniogrillo-balen/Library/Developer/Xcode/DerivedData/risebysolis-gzfsziqwziaggpcbgdowmssiasmi/Build/Products/Debug-iphonesimulator/ReactCommon-Samples/ReactCommon_Samples.framework/Headers/platform/ios\ /Users/antoniogrillo-balen/Library/Developer/Xcode/DerivedData/risebysolis-gzfsziqwziaggpcbgdowmssiasmi/Build/Products/Debug-iphonesimulator/React-Fabric/React_Fabric.framework/Headers/react/renderer/components/view/platform/cxx\ /Users/antoniogrillo-balen/Library/Developer/Xcode/DerivedData/risebysolis-gzfsziqwziaggpcbgdowmssiasmi/Build/Products/Debug-iphonesimulator/React-NativeModulesApple/React_NativeModulesApple.framework/Headers\ /Users/antoniogrillo-balen/Library/Developer/Xcode/DerivedData/risebysolis-gzfsziqwziaggpcbgdowmssiasmi/Build/Products/Debug-iphonesimulator/React-graphics/React_graphics.framework/Headers\ /Users/antoniogrillo-balen/Library/Developer/Xcode/DerivedData/risebysolis-gzfsziqwziaggpcbgdowmssiasmi/Build/Products/Debug-iphonesimulator/React-graphics/React_graphics.framework/Headers/react/renderer/graphics/platform/ios\ \"/Users/antoniogrillo-balen/Desktop/Projects/RiseBuild/ios/Pods/Headers/Public\"\ \"/Users/antoniogrillo-balen/Desktop/Projects/RiseBuild/ios/Pods/Headers/Public/boost\"\ \"/Users/antoniogrillo-balen/Desktop/Projects/RiseBuild/ios/Pods/Headers/Public/fast_float\"\ \"/Users/antoniogrillo-balen/Desktop/Projects/RiseBuild/ios/Pods/Headers/Public/hermes-engine\"\ \"/Users/antoniogrillo-balen/Desktop/Projects/RiseBuild/ios/Pods/RCT-Folly\"\ \"/Users/antoniogrillo-balen/Desktop/Projects/RiseBuild/ios/Pods/../../node_modules/react-native/ReactCommon/react/utils\"\ \"/Users/antoniogrillo-balen/Desktop/Projects/RiseBuild/ios/Pods/../../node_modules/react-native/ReactCommon/react/utils/ReactCommon\"\ \"/Users/antoniogrillo-balen/Library/Developer/Xcode/DerivedData/risebysolis-gzfsziqwziaggpcbgdowmssiasmi/Build/Products/Debug-iphonesimulator/React-debug/React_debug.framework/Headers\"\ \"/Users/antoniogrillo-balen/Desktop/Projects/RiseBuild/ios/Pods/RCT-Folly\"\ \"/Users/antoniogrillo-balen/Desktop/Projects/RiseBuild/ios/Pods/DoubleConversion\"\ \"/Users/antoniogrillo-balen/Desktop/Projects/RiseBuild/ios/Pods/fast_float/include\"\ \"/Users/antoniogrillo-balen/Desktop/Projects/RiseBuild/ios/Pods/fmt/include\"\ \"/Users/antoniogrillo-balen/Desktop/Projects/RiseBuild/ios/Pods/boost\"
    export HOME\=/Users/antoniogrillo-balen
    export HOST_ARCH\=arm64
    export HOST_PLATFORM\=macosx
    export ICONV\=/usr/bin/iconv
    export IMPLICIT_DEPENDENCY_DOMAIN\=default
    export INDEX_STORE_COMPRESS\=NO
    export INDEX_STORE_ONLY_PROJECT_FILES\=NO
    export INFOPLIST_ENABLE_CFBUNDLEICONS_MERGE\=YES
    export INFOPLIST_EXPAND_BUILD_SETTINGS\=YES
    export INFOPLIST_FILE\=Target\ Support\ Files/React-utils/React-utils-Info.plist
    export INFOPLIST_OUTPUT_FORMAT\=binary
    export INFOPLIST_PATH\=React_utils.framework/Info.plist
    export INFOPLIST_PREPROCESS\=NO
    export INFOSTRINGS_PATH\=React_utils.framework/en.lproj/InfoPlist.strings
    export INLINE_PRIVATE_FRAMEWORKS\=NO
    export INSTALLAPI_IGNORE_SKIP_INSTALL\=YES
    export INSTALLHDRS_COPY_PHASE\=NO
    export INSTALLHDRS_SCRIPT_PHASE\=NO
    export INSTALL_DIR\=/tmp/Pods.dst/Library/Frameworks
    export INSTALL_GROUP\=staff
    export INSTALL_MODE_FLAG\=u+w,go-w,a+rX
    export INSTALL_OWNER\=antoniogrillo-balen
    export INSTALL_PATH\=/Library/Frameworks
    export INSTALL_ROOT\=/tmp/Pods.dst
    export IPHONEOS_DEPLOYMENT_TARGET\=15.1
    export IS_UNOPTIMIZED_BUILD\=YES
    export JAVAC_DEFAULT_FLAGS\=-J-Xms64m\ -J-XX:NewSize\=4M\ -J-Dfile.encoding\=UTF8
    export JAVA_APP_STUB\=/System/Library/Frameworks/JavaVM.framework/Resources/MacOS/JavaApplicationStub
    export JAVA_ARCHIVE_CLASSES\=YES
    export JAVA_ARCHIVE_TYPE\=JAR
    export JAVA_COMPILER\=/usr/bin/javac
    export JAVA_FOLDER_PATH\=React_utils.framework/Java
    export JAVA_FRAMEWORK_RESOURCES_DIRS\=Resources
    export JAVA_JAR_FLAGS\=cv
    export JAVA_SOURCE_SUBDIR\=.
    export JAVA_USE_DEPENDENCIES\=YES
    export JAVA_ZIP_FLAGS\=-urg
    export JIKES_DEFAULT_FLAGS\=+E\ +OLDCSO
    export KEEP_PRIVATE_EXTERNS\=NO
    export LD_DEPENDENCY_INFO_FILE\=/Users/antoniogrillo-balen/Library/Developer/Xcode/DerivedData/risebysolis-gzfsziqwziaggpcbgdowmssiasmi/Build/Intermediates.noindex/Pods.build/Debug-iphonesimulator/React-utils.build/Objects-normal/undefined_arch/React_utils_dependency_info.dat
    export LD_DYLIB_INSTALL_NAME\=@rpath/React_utils.framework/React_utils
    export LD_EXPORT_SYMBOLS\=YES
    export LD_GENERATE_MAP_FILE\=NO
    export LD_MAP_FILE_PATH\=/Users/antoniogrillo-balen/Library/Developer/Xcode/DerivedData/risebysolis-gzfsziqwziaggpcbgdowmssiasmi/Build/Intermediates.noindex/Pods.build/Debug-iphonesimulator/React-utils.build/React_utils-LinkMap-normal-undefined_arch.txt
    export LD_NO_PIE\=NO
    export LD_QUOTE_LINKER_ARGUMENTS_FOR_COMPILER_DRIVER\=YES
    export LD_RUNPATH_SEARCH_PATHS\=\ @executable_path/Frameworks\ @loader_path/Frameworks
    export LD_SHARED_CACHE_ELIGIBLE\=Automatic
    export LD_WARN_DUPLICATE_LIBRARIES\=NO
    export LD_WARN_UNUSED_DYLIBS\=NO
    export LEGACY_DEVELOPER_DIR\=/Applications/Xcode.app/Contents/PlugIns/Xcode3Core.ideplugin/Contents/SharedSupport/Developer
    export LEX\=lex
    export LIBRARY_DEXT_INSTALL_PATH\=/Library/DriverExtensions
    export LIBRARY_FLAG_NOSPACE\=YES
    export LIBRARY_FLAG_PREFIX\=-l
    export LIBRARY_KEXT_INSTALL_PATH\=/Library/Extensions
    export LIBRARY_SEARCH_PATHS\=/Users/antoniogrillo-balen/Library/Developer/Xcode/DerivedData/risebysolis-gzfsziqwziaggpcbgdowmssiasmi/Build/Products/Debug-iphonesimulator/React-utils\ 
    export LINKER_DISPLAYS_MANGLED_NAMES\=NO
    export LINK_FILE_LIST_normal_arm64\=/Users/antoniogrillo-balen/Library/Developer/Xcode/DerivedData/risebysolis-gzfsziqwziaggpcbgdowmssiasmi/Build/Intermediates.noindex/Pods.build/Debug-iphonesimulator/React-utils.build/Objects-normal/arm64/React_utils.LinkFileList
    export LINK_OBJC_RUNTIME\=YES
    export LINK_WITH_STANDARD_LIBRARIES\=YES
    export LLVM_TARGET_TRIPLE_OS_VERSION\=ios15.1
    export LLVM_TARGET_TRIPLE_SUFFIX\=-simulator
    export LLVM_TARGET_TRIPLE_VENDOR\=apple
    export LM_AUX_CONST_METADATA_LIST_PATH_normal_arm64\=/Users/antoniogrillo-balen/Library/Developer/Xcode/DerivedData/risebysolis-gzfsziqwziaggpcbgdowmssiasmi/Build/Intermediates.noindex/Pods.build/Debug-iphonesimulator/React-utils.build/Objects-normal/arm64/React_utils.SwiftConstValuesFileList
    export LOCALIZATION_EXPORT_SUPPORTED\=YES
    export LOCALIZATION_PREFERS_STRING_CATALOGS\=NO
    export LOCALIZED_RESOURCES_FOLDER_PATH\=React_utils.framework/en.lproj
    export LOCALIZED_STRING_CODE_COMMENTS\=NO
    export LOCALIZED_STRING_MACRO_NAMES\=NSLocalizedString\ CFCopyLocalizedString
    export LOCALIZED_STRING_SWIFTUI_SUPPORT\=YES
    export LOCAL_ADMIN_APPS_DIR\=/Applications/Utilities
    export LOCAL_APPS_DIR\=/Applications
    export LOCAL_DEVELOPER_DIR\=/Library/Developer
    export LOCAL_LIBRARY_DIR\=/Library
    export LOCROOT\=/Users/antoniogrillo-balen/Desktop/Projects/RiseBuild/ios/Pods
    export LOCSYMROOT\=/Users/antoniogrillo-balen/Desktop/Projects/RiseBuild/ios/Pods
    export MACH_O_TYPE\=staticlib
    export MAC_OS_X_PRODUCT_BUILD_VERSION\=25E253
    export MAC_OS_X_VERSION_ACTUAL\=260401
    export MAC_OS_X_VERSION_MAJOR\=260000
    export MAC_OS_X_VERSION_MINOR\=260400
    export MAKE_MERGEABLE\=NO
    export MERGEABLE_LIBRARY\=NO
    export MERGED_BINARY_TYPE\=none
    export MERGE_LINKED_LIBRARIES\=NO
    export METAL_LIBRARY_FILE_BASE\=default
    export METAL_LIBRARY_OUTPUT_DIR\=/Users/antoniogrillo-balen/Library/Developer/Xcode/DerivedData/risebysolis-gzfsziqwziaggpcbgdowmssiasmi/Build/Products/Debug-iphonesimulator/React-utils/React_utils.framework
    export MODULEMAP_FILE\=Target\ Support\ Files/React-utils/React-utils.modulemap
    export MODULES_FOLDER_PATH\=React_utils.framework/Modules
    export MODULE_CACHE_DIR\=/Users/antoniogrillo-balen/Library/Developer/Xcode/DerivedData/ModuleCache.noindex
    export MTL_ENABLE_DEBUG_INFO\=INCLUDE_SOURCE
    export MTL_FAST_MATH\=YES
    export NATIVE_ARCH\=arm64
    export NATIVE_ARCH_32_BIT\=arm
    export NATIVE_ARCH_64_BIT\=arm64
    export NATIVE_ARCH_ACTUAL\=arm64
    export NO_COMMON\=YES
    export OBJC_ABI_VERSION\=2
    export OBJECT_FILE_DIR\=/Users/antoniogrillo-balen/Library/Developer/Xcode/DerivedData/risebysolis-gzfsziqwziaggpcbgdowmssiasmi/Build/Intermediates.noindex/Pods.build/Debug-iphonesimulator/React-utils.build/Objects
    export OBJECT_FILE_DIR_normal\=/Users/antoniogrillo-balen/Library/Developer/Xcode/DerivedData/risebysolis-gzfsziqwziaggpcbgdowmssiasmi/Build/Intermediates.noindex/Pods.build/Debug-iphonesimulator/React-utils.build/Objects-normal
    export OBJROOT\=/Users/antoniogrillo-balen/Library/Developer/Xcode/DerivedData/risebysolis-gzfsziqwziaggpcbgdowmssiasmi/Build/Intermediates.noindex
    export ONLY_ACTIVE_ARCH\=YES
    export OS\=MACOS
    export OSAC\=/usr/bin/osacompile
    export OTHER_LDFLAGS\=\ \ 
    export PACKAGE_TYPE\=com.apple.package-type.wrapper.framework
    export PASCAL_STRINGS\=YES
    export PATH\=/Applications/Xcode.app/Contents/SharedFrameworks/SwiftBuild.framework/Versions/A/PlugIns/SWBBuildService.bundle/Contents/PlugIns/SWBUniversalPlatformPlugin.bundle/Contents/Frameworks/SWBUniversalPlatform.framework/Resources:/Applications/Xcode.app/Contents/Developer/Toolchains/XcodeDefault.xctoolchain/usr/bin:/Applications/Xcode.app/Contents/Developer/Toolchains/XcodeDefault.xctoolchain/usr/local/bin:/Applications/Xcode.app/Contents/Developer/Toolchains/XcodeDefault.xctoolchain/usr/libexec:/Applications/Xcode.app/Contents/Developer/Platforms/iPhoneSimulator.platform/usr/bin:/Applications/Xcode.app/Contents/Developer/Platforms/iPhoneSimulator.platform/usr/local/bin:/Applications/Xcode.app/Contents/Developer/Platforms/iPhoneSimulator.platform/Developer/usr/bin:/Applications/Xcode.app/Contents/Developer/Platforms/iPhoneSimulator.platform/Developer/usr/local/bin:/Applications/Xcode.app/Contents/Developer/usr/bin:/Applications/Xcode.app/Contents/Developer/usr/local/bin:/opt/homebrew/opt/ruby/bin:/opt/homebrew/lib/ruby/gems/4.0.0/bin:/opt/homebrew/bin:/opt/homebrew/sbin:/Users/antoniogrillo-balen/.nvm/versions/node/v24.14.1/bin:/Library/Frameworks/Python.framework/Versions/3.14/bin:/usr/local/bin:/System/Cryptexes/App/usr/bin:/usr/bin:/bin:/usr/sbin:/sbin:/var/run/com.apple.security.cryptexd/codex.system/bootstrap/usr/local/bin:/var/run/com.apple.security.cryptexd/codex.system/bootstrap/usr/bin:/var/run/com.apple.security.cryptexd/codex.system/bootstrap/usr/appleinternal/bin:/opt/pkg/env/active/bin:/opt/pmk/env/global/bin:/Library/Apple/usr/bin:/Applications/VMware\ Fusion.app/Contents/Public:/Users/antoniogrillo-balen/.cargo/bin:/Users/antoniogrillo-balen/.cache/plugins/.install-staging/25283474a0e0d4a060cb0e915c1ec54e3d41ef2e/cursor/repo/bin:/Users/antoniogrillo-balen/.claude/plugins/cache/claude-plugins-official/superpowers/5.1.0/bin:/Users/antoniogrillo-balen/.claude/plugins/cache/claude-plugins-official/frontend-design/unknown/bin:/Users/antoniogrillo-balen/.claude/plugins/cache/claude-plugins-official/code-simplifier/1.0.0/bin:/Users/antoniogrillo-balen/.claude/plugins/cache/claude-plugins-official/security-guidance/unknown/bin:/Users/antoniogrillo-balen/.claude/plugins/cache/thedotmack/claude-mem/12.1.1/bin
    export PATH_PREFIXES_EXCLUDED_FROM_HEADER_DEPENDENCIES\=/usr/include\ /usr/local/include\ /System/Library/Frameworks\ /System/Library/PrivateFrameworks\ /Applications/Xcode.app/Contents/Developer/Headers\ /Applications/Xcode.app/Contents/Developer/SDKs\ /Applications/Xcode.app/Contents/Developer/Platforms
    export PBDEVELOPMENTPLIST_PATH\=React_utils.framework/pbdevelopment.plist
    export PER_ARCH_MODULE_FILE_DIR\=/Users/antoniogrillo-balen/Library/Developer/Xcode/DerivedData/risebysolis-gzfsziqwziaggpcbgdowmssiasmi/Build/Intermediates.noindex/Pods.build/Debug-iphonesimulator/React-utils.build/Objects-normal/undefined_arch
    export PER_ARCH_OBJECT_FILE_DIR\=/Users/antoniogrillo-balen/Library/Developer/Xcode/DerivedData/risebysolis-gzfsziqwziaggpcbgdowmssiasmi/Build/Intermediates.noindex/Pods.build/Debug-iphonesimulator/React-utils.build/Objects-normal/undefined_arch
    export PER_VARIANT_OBJECT_FILE_DIR\=/Users/antoniogrillo-balen/Library/Developer/Xcode/DerivedData/risebysolis-gzfsziqwziaggpcbgdowmssiasmi/Build/Intermediates.noindex/Pods.build/Debug-iphonesimulator/React-utils.build/Objects-normal
    export PKGINFO_FILE_PATH\=/Users/antoniogrillo-balen/Library/Developer/Xcode/DerivedData/risebysolis-gzfsziqwziaggpcbgdowmssiasmi/Build/Intermediates.noindex/Pods.build/Debug-iphonesimulator/React-utils.build/PkgInfo
    export PKGINFO_PATH\=React_utils.framework/PkgInfo
    export PLATFORM_DEVELOPER_APPLICATIONS_DIR\=/Applications/Xcode.app/Contents/Developer/Platforms/iPhoneSimulator.platform/Developer/Applications
    export PLATFORM_DEVELOPER_BIN_DIR\=/Applications/Xcode.app/Contents/Developer/Platforms/iPhoneSimulator.platform/Developer/usr/bin
    export PLATFORM_DEVELOPER_LIBRARY_DIR\=/Applications/Xcode.app/Contents/Developer/Platforms/iPhoneSimulator.platform/Developer/Library
    export PLATFORM_DEVELOPER_SDK_DIR\=/Applications/Xcode.app/Contents/Developer/Platforms/iPhoneSimulator.platform/Developer/SDKs
    export PLATFORM_DEVELOPER_TOOLS_DIR\=/Applications/Xcode.app/Contents/Developer/Platforms/iPhoneSimulator.platform/Developer/Tools
    export PLATFORM_DEVELOPER_USR_DIR\=/Applications/Xcode.app/Contents/Developer/Platforms/iPhoneSimulator.platform/Developer/usr
    export PLATFORM_DIR\=/Applications/Xcode.app/Contents/Developer/Platforms/iPhoneSimulator.platform
    export PLATFORM_DISPLAY_NAME\=iOS\ Simulator
    export PLATFORM_FAMILY_NAME\=iOS
    export PLATFORM_NAME\=iphonesimulator
    export PLATFORM_PREFERRED_ARCH\=x86_64
    export PLATFORM_PRODUCT_BUILD_VERSION\=23F73
    export PLATFORM_REQUIRES_SWIFT_AUTOLINK_EXTRACT\=NO
    export PLATFORM_REQUIRES_SWIFT_MODULEWRAP\=NO
    export PLATFORM_USES_DSYMS\=YES
    export PLIST_FILE_OUTPUT_FORMAT\=binary
    export PLUGINS_FOLDER_PATH\=React_utils.framework/PlugIns
    export PODS_BUILD_DIR\=/Users/antoniogrillo-balen/Library/Developer/Xcode/DerivedData/risebysolis-gzfsziqwziaggpcbgdowmssiasmi/Build/Products
    export PODS_CONFIGURATION_BUILD_DIR\=/Users/antoniogrillo-balen/Library/Developer/Xcode/DerivedData/risebysolis-gzfsziqwziaggpcbgdowmssiasmi/Build/Products/Debug-iphonesimulator
    export PODS_DEVELOPMENT_LANGUAGE\=en
    export PODS_ROOT\=/Users/antoniogrillo-balen/Desktop/Projects/RiseBuild/ios/Pods
    export PODS_TARGET_SRCROOT\=/Users/antoniogrillo-balen/Desktop/Projects/RiseBuild/ios/Pods/../../node_modules/react-native/ReactCommon/react/utils
    export PODS_XCFRAMEWORKS_BUILD_DIR\=/Users/antoniogrillo-balen/Library/Developer/Xcode/DerivedData/risebysolis-gzfsziqwziaggpcbgdowmssiasmi/Build/Products/Debug-iphonesimulator/XCFrameworkIntermediates
    export PRECOMPS_INCLUDE_HEADERS_FROM_BUILT_PRODUCTS_DIR\=YES
    export PRECOMP_DESTINATION_DIR\=/Users/antoniogrillo-balen/Library/Developer/Xcode/DerivedData/risebysolis-gzfsziqwziaggpcbgdowmssiasmi/Build/Intermediates.noindex/Pods.build/Debug-iphonesimulator/React-utils.build/PrefixHeaders
    export PRIVATE_HEADERS_FOLDER_PATH\=React_utils.framework/PrivateHeaders
    export PROCESSED_INFOPLIST_PATH\=/Users/antoniogrillo-balen/Library/Developer/Xcode/DerivedData/risebysolis-gzfsziqwziaggpcbgdowmssiasmi/Build/Intermediates.noindex/Pods.build/Debug-iphonesimulator/React-utils.build/Objects-normal/undefined_arch/Processed-Info.plist
    export PRODUCT_BUNDLE_IDENTIFIER\=org.cocoapods.React-utils
    export PRODUCT_BUNDLE_PACKAGE_TYPE\=FMWK
    export PRODUCT_MODULE_NAME\=React_utils
    export PRODUCT_NAME\=React_utils
    export PRODUCT_SETTINGS_PATH\=/Users/antoniogrillo-balen/Desktop/Projects/RiseBuild/ios/Pods/Target\ Support\ Files/React-utils/React-utils-Info.plist
    export PRODUCT_TYPE\=com.apple.product-type.framework
    export PROFILING_CODE\=NO
    export PROJECT\=Pods
    export PROJECT_DERIVED_FILE_DIR\=/Users/antoniogrillo-balen/Library/Developer/Xcode/DerivedData/risebysolis-gzfsziqwziaggpcbgdowmssiasmi/Build/Intermediates.noindex/Pods.build/DerivedSources
    export PROJECT_DIR\=/Users/antoniogrillo-balen/Desktop/Projects/RiseBuild/ios/Pods
    export PROJECT_FILE_PATH\=/Users/antoniogrillo-balen/Desktop/Projects/RiseBuild/ios/Pods/Pods.xcodeproj
    export PROJECT_GUID\=8699adb1dd336b26511df848a716bd42
    export PROJECT_NAME\=Pods
    export PROJECT_TEMP_DIR\=/Users/antoniogrillo-balen/Library/Developer/Xcode/DerivedData/risebysolis-gzfsziqwziaggpcbgdowmssiasmi/Build/Intermediates.noindex/Pods.build
    export PROJECT_TEMP_ROOT\=/Users/antoniogrillo-balen/Library/Developer/Xcode/DerivedData/risebysolis-gzfsziqwziaggpcbgdowmssiasmi/Build/Intermediates.noindex
    export PUBLIC_HEADERS_FOLDER_PATH\=React_utils.framework/Headers
    export REACT_NATIVE_PATH\=/Users/antoniogrillo-balen/Desktop/Projects/RiseBuild/ios/Pods/../../node_modules/react-native
    export RECOMMENDED_IPHONEOS_DEPLOYMENT_TARGET\=15.0
    export RECURSIVE_SEARCH_PATHS_FOLLOW_SYMLINKS\=YES
    export REMOVE_CVS_FROM_RESOURCES\=YES
    export REMOVE_GIT_FROM_RESOURCES\=YES
    export REMOVE_HEADERS_FROM_EMBEDDED_BUNDLES\=YES
    export REMOVE_HG_FROM_RESOURCES\=YES
    export REMOVE_STATIC_EXECUTABLES_FROM_EMBEDDED_BUNDLES\=YES
    export REMOVE_SVN_FROM_RESOURCES\=YES
    export RESCHEDULE_INDEPENDENT_HEADERS_PHASES\=YES
    export REZ_COLLECTOR_DIR\=/Users/antoniogrillo-balen/Library/Developer/Xcode/DerivedData/risebysolis-gzfsziqwziaggpcbgdowmssiasmi/Build/Intermediates.noindex/Pods.build/Debug-iphonesimulator/React-utils.build/ResourceManagerResources
    export REZ_OBJECTS_DIR\=/Users/antoniogrillo-balen/Library/Developer/Xcode/DerivedData/risebysolis-gzfsziqwziaggpcbgdowmssiasmi/Build/Intermediates.noindex/Pods.build/Debug-iphonesimulator/React-utils.build/ResourceManagerResources/Objects
    export REZ_SEARCH_PATHS\=/Users/antoniogrillo-balen/Library/Developer/Xcode/DerivedData/risebysolis-gzfsziqwziaggpcbgdowmssiasmi/Build/Products/Debug-iphonesimulator/React-utils\ 
    export RPATH_ORIGIN\=@loader_path
    export RUNTIME_EXCEPTION_ALLOW_DYLD_ENVIRONMENT_VARIABLES\=NO
    export RUNTIME_EXCEPTION_ALLOW_JIT\=NO
    export RUNTIME_EXCEPTION_ALLOW_UNSIGNED_EXECUTABLE_MEMORY\=NO
    export RUNTIME_EXCEPTION_DEBUGGING_TOOL\=NO
    export RUNTIME_EXCEPTION_DISABLE_EXECUTABLE_PAGE_PROTECTION\=NO
    export RUNTIME_EXCEPTION_DISABLE_LIBRARY_VALIDATION\=NO
    export SCANNING_PCM_KEEP_CACHE_DIRECTORY\=YES
    export SCAN_ALL_SOURCE_FILES_FOR_INCLUDES\=NO
    export SCRIPTS_FOLDER_PATH\=React_utils.framework/Scripts
    export SCRIPT_INPUT_FILE_COUNT\=0
    export SCRIPT_INPUT_FILE_LIST_COUNT\=0
    export SCRIPT_OUTPUT_FILE_COUNT\=0
    export SCRIPT_OUTPUT_FILE_LIST_COUNT\=0
    export SDKROOT\=/Applications/Xcode.app/Contents/Developer/Platforms/iPhoneSimulator.platform/Developer/SDKs/iPhoneSimulator26.5.sdk
    export SDK_DIR\=/Applications/Xcode.app/Contents/Developer/Platforms/iPhoneSimulator.platform/Developer/SDKs/iPhoneSimulator26.5.sdk
    export SDK_DIR_iphonesimulator\=/Applications/Xcode.app/Contents/Developer/Platforms/iPhoneSimulator.platform/Developer/SDKs/iPhoneSimulator26.5.sdk
    export SDK_DIR_iphonesimulator26_5\=/Applications/Xcode.app/Contents/Developer/Platforms/iPhoneSimulator.platform/Developer/SDKs/iPhoneSimulator26.5.sdk
    export SDK_NAME\=iphonesimulator26.5
    export SDK_NAMES\=iphonesimulator26.5
    export SDK_PRODUCT_BUILD_VERSION\=23F73
    export SDK_STAT_CACHE_DIR\=/Users/antoniogrillo-balen/Library/Developer/Xcode/DerivedData
    export SDK_STAT_CACHE_ENABLE\=YES
    export SDK_STAT_CACHE_PATH\=/Users/antoniogrillo-balen/Library/Developer/Xcode/DerivedData/SDKStatCaches.noindex/iphonesimulator26.5-23F73-6cfe768891a92b912361537c460fe42b.sdkstatcache
    export SDK_VERSION\=26.5
    export SDK_VERSION_ACTUAL\=260500
    export SDK_VERSION_MAJOR\=260000
    export SDK_VERSION_MINOR\=260500
    export SED\=/usr/bin/sed
    export SEPARATE_STRIP\=NO
    export SEPARATE_SYMBOL_EDIT\=NO
    export SET_DIR_MODE_OWNER_GROUP\=YES
    export SET_FILE_MODE_OWNER_GROUP\=NO
    export SHALLOW_BUNDLE\=YES
    export SHALLOW_BUNDLE_TRIPLE\=ios-simulator
    export SHALLOW_BUNDLE_ios_macabi\=NO
    export SHALLOW_BUNDLE_macos\=NO
    export SHARED_DERIVED_FILE_DIR\=/Users/antoniogrillo-balen/Library/Developer/Xcode/DerivedData/risebysolis-gzfsziqwziaggpcbgdowmssiasmi/Build/Products/Debug-iphonesimulator/React-utils/DerivedSources
    export SHARED_FRAMEWORKS_FOLDER_PATH\=React_utils.framework/SharedFrameworks
    export SHARED_PRECOMPS_DIR\=/Users/antoniogrillo-balen/Library/Developer/Xcode/DerivedData/risebysolis-gzfsziqwziaggpcbgdowmssiasmi/Build/Intermediates.noindex/PrecompiledHeaders
    export SHARED_SUPPORT_FOLDER_PATH\=React_utils.framework
    export SKIP_INSTALL\=YES
    export SKIP_MERGEABLE_LIBRARY_BUNDLE_HOOK\=NO
    export SOURCE_ROOT\=/Users/antoniogrillo-balen/Desktop/Projects/RiseBuild/ios/Pods
    export SRCROOT\=/Users/antoniogrillo-balen/Desktop/Projects/RiseBuild/ios/Pods
    export STRINGSDATA_DIR\=/Users/antoniogrillo-balen/Library/Developer/Xcode/DerivedData/risebysolis-gzfsziqwziaggpcbgdowmssiasmi/Build/Intermediates.noindex/Pods.build/Debug-iphonesimulator/React-utils.build/Objects-normal/undefined_arch
    export STRINGSDATA_ROOT\=/Users/antoniogrillo-balen/Library/Developer/Xcode/DerivedData/risebysolis-gzfsziqwziaggpcbgdowmssiasmi/Build/Intermediates.noindex/Pods.build/Debug-iphonesimulator/React-utils.build
    export STRINGS_FILE_INFOPLIST_RENAME\=YES
    export STRINGS_FILE_OUTPUT_ENCODING\=binary
    export STRING_CATALOG_GENERATE_SYMBOLS\=NO
    export STRIP_BITCODE_FROM_COPIED_FILES\=NO
    export STRIP_INSTALLED_PRODUCT\=NO
    export STRIP_STYLE\=debugging
    export STRIP_SWIFT_SYMBOLS\=YES
    export SUPPORTED_DEVICE_FAMILIES\=1,2
    export SUPPORTED_PLATFORMS\=iphoneos\ iphonesimulator
    export SUPPORTS_TEXT_BASED_API\=NO
    export SUPPRESS_WARNINGS\=NO
    export SWIFT_ACTIVE_COMPILATION_CONDITIONS\=\ DEBUG\ 
    export SWIFT_EMIT_CONST_VALUE_PROTOCOLS\=AnyResolverProviding\ AppEntity\ AppEnum\ AppExtension\ AppIntent\ AppIntentsPackage\ AppShortcutProviding\ AppShortcutsProvider\ AppUnionValue\ AppUnionValueCasesProviding\ DynamicOptionsProvider\ EntityQuery\ ExtensionPointDefining\ IntentValueQuery\ Resolver\ TransientEntity\ _AssistantIntentsProvider\ _GenerativeFunctionExtractable\ _IntentValueRepresentable
    export SWIFT_EMIT_LOC_STRINGS\=NO
    export SWIFT_ENABLE_EXPLICIT_MODULES\=YES
    export SWIFT_INSTALL_MODULE_FOR_DEPLOYMENT\=YES
    export SWIFT_INSTALL_OBJC_HEADER\=YES
    export SWIFT_OPTIMIZATION_LEVEL\=-Onone
    export SWIFT_PLATFORM_TARGET_PREFIX\=ios
    export SWIFT_RESPONSE_FILE_PATH_normal_arm64\=/Users/antoniogrillo-balen/Library/Developer/Xcode/DerivedData/risebysolis-gzfsziqwziaggpcbgdowmssiasmi/Build/Intermediates.noindex/Pods.build/Debug-iphonesimulator/React-utils.build/Objects-normal/arm64/React_utils.SwiftFileList
    export SWIFT_VERSION\=5.0
    export SYMROOT\=/Users/antoniogrillo-balen/Library/Developer/Xcode/DerivedData/risebysolis-gzfsziqwziaggpcbgdowmssiasmi/Build/Products
    export SYSTEM_ADMIN_APPS_DIR\=/Applications/Utilities
    export SYSTEM_APPS_DIR\=/Applications
    export SYSTEM_CORE_SERVICES_DIR\=/System/Library/CoreServices
    export SYSTEM_DEMOS_DIR\=/Applications/Extras
    export SYSTEM_DEVELOPER_APPS_DIR\=/Applications/Xcode.app/Contents/Developer/Applications
    export SYSTEM_DEVELOPER_BIN_DIR\=/Applications/Xcode.app/Contents/Developer/usr/bin
    export SYSTEM_DEVELOPER_DEMOS_DIR\=/Applications/Xcode.app/Contents/Developer/Applications/Utilities/Built\ Examples
    export SYSTEM_DEVELOPER_DIR\=/Applications/Xcode.app/Contents/Developer
    export SYSTEM_DEVELOPER_DOC_DIR\=/Applications/Xcode.app/Contents/Developer/ADC\ Reference\ Library
    export SYSTEM_DEVELOPER_GRAPHICS_TOOLS_DIR\=/Applications/Xcode.app/Contents/Developer/Applications/Graphics\ Tools
    export SYSTEM_DEVELOPER_JAVA_TOOLS_DIR\=/Applications/Xcode.app/Contents/Developer/Applications/Java\ Tools
    export SYSTEM_DEVELOPER_PERFORMANCE_TOOLS_DIR\=/Applications/Xcode.app/Contents/Developer/Applications/Performance\ Tools
    export SYSTEM_DEVELOPER_RELEASENOTES_DIR\=/Applications/Xcode.app/Contents/Developer/ADC\ Reference\ Library/releasenotes
    export SYSTEM_DEVELOPER_TOOLS\=/Applications/Xcode.app/Contents/Developer/Tools
    export SYSTEM_DEVELOPER_TOOLS_DOC_DIR\=/Applications/Xcode.app/Contents/Developer/ADC\ Reference\ Library/documentation/DeveloperTools
    export SYSTEM_DEVELOPER_TOOLS_RELEASENOTES_DIR\=/Applications/Xcode.app/Contents/Developer/ADC\ Reference\ Library/releasenotes/DeveloperTools
    export SYSTEM_DEVELOPER_USR_DIR\=/Applications/Xcode.app/Contents/Developer/usr
    export SYSTEM_DEVELOPER_UTILITIES_DIR\=/Applications/Xcode.app/Contents/Developer/Applications/Utilities
    export SYSTEM_DEXT_INSTALL_PATH\=/System/Library/DriverExtensions
    export SYSTEM_DOCUMENTATION_DIR\=/Library/Documentation
    export SYSTEM_EXTENSIONS_FOLDER_PATH\=React_utils.framework/SystemExtensions
    export SYSTEM_EXTENSIONS_FOLDER_PATH_SHALLOW_BUNDLE_NO\=React_utils.framework/Library/SystemExtensions
    export SYSTEM_EXTENSIONS_FOLDER_PATH_SHALLOW_BUNDLE_YES\=React_utils.framework/SystemExtensions
    export SYSTEM_KEXT_INSTALL_PATH\=/System/Library/Extensions
    export SYSTEM_LIBRARY_DIR\=/System/Library
    export TAPI_DEMANGLE\=YES
    export TAPI_ENABLE_PROJECT_HEADERS\=NO
    export TAPI_LANGUAGE\=objective-c
    export TAPI_LANGUAGE_STANDARD\=compiler-default
    export TAPI_USE_SRCROOT\=YES
    export TAPI_VERIFY_MODE\=Pedantic
    export TARGETED_DEVICE_FAMILY\=1,2
    export TARGETNAME\=React-utils
    export TARGET_BUILD_DIR\=/Users/antoniogrillo-balen/Library/Developer/Xcode/DerivedData/risebysolis-gzfsziqwziaggpcbgdowmssiasmi/Build/Products/Debug-iphonesimulator/React-utils
    export TARGET_DEVICE_IDENTIFIER\=0C333F8A-4681-4475-855E-6FFD70F12533
    export TARGET_DEVICE_MODEL\=iPhone16,2
    export TARGET_DEVICE_OS_VERSION\=26.4.1
    export TARGET_DEVICE_PLATFORM_NAME\=iphonesimulator
    export TARGET_NAME\=React-utils
    export TARGET_TEMP_DIR\=/Users/antoniogrillo-balen/Library/Developer/Xcode/DerivedData/risebysolis-gzfsziqwziaggpcbgdowmssiasmi/Build/Intermediates.noindex/Pods.build/Debug-iphonesimulator/React-utils.build
    export TEMP_DIR\=/Users/antoniogrillo-balen/Library/Developer/Xcode/DerivedData/risebysolis-gzfsziqwziaggpcbgdowmssiasmi/Build/Intermediates.noindex/Pods.build/Debug-iphonesimulator/React-utils.build
    export TEMP_FILES_DIR\=/Users/antoniogrillo-balen/Library/Developer/Xcode/DerivedData/risebysolis-gzfsziqwziaggpcbgdowmssiasmi/Build/Intermediates.noindex/Pods.build/Debug-iphonesimulator/React-utils.build
    export TEMP_FILE_DIR\=/Users/antoniogrillo-balen/Library/Developer/Xcode/DerivedData/risebysolis-gzfsziqwziaggpcbgdowmssiasmi/Build/Intermediates.noindex/Pods.build/Debug-iphonesimulator/React-utils.build
    export TEMP_ROOT\=/Users/antoniogrillo-balen/Library/Developer/Xcode/DerivedData/risebysolis-gzfsziqwziaggpcbgdowmssiasmi/Build/Intermediates.noindex
    export TEMP_SANDBOX_DIR\=/Users/antoniogrillo-balen/Library/Developer/Xcode/DerivedData/risebysolis-gzfsziqwziaggpcbgdowmssiasmi/Build/Intermediates.noindex/TemporaryTaskSandboxes
    export TEST_FRAMEWORK_SEARCH_PATHS\=\ /Applications/Xcode.app/Contents/Developer/Platforms/iPhoneSimulator.platform/Developer/Library/Frameworks\ /Applications/Xcode.app/Contents/Developer/Platforms/iPhoneSimulator.platform/Developer/SDKs/iPhoneSimulator26.5.sdk/Developer/Library/Frameworks
    export TEST_LIBRARY_SEARCH_PATHS\=\ /Applications/Xcode.app/Contents/Developer/Platforms/iPhoneSimulator.platform/Developer/usr/lib
    export TOOLCHAINS\=com.apple.dt.toolchain.XcodeDefault
    export TOOLCHAIN_DIR\=/Applications/Xcode.app/Contents/Developer/Toolchains/XcodeDefault.xctoolchain
    export TREAT_MISSING_BASELINES_AS_TEST_FAILURES\=NO
    export TREAT_MISSING_SCRIPT_PHASE_OUTPUTS_AS_ERRORS\=NO
    export TeamIdentifierPrefix\=FAKETEAMID.
    export UID\=501
    export UNINSTALLED_PRODUCTS_DIR\=/Users/antoniogrillo-balen/Library/Developer/Xcode/DerivedData/risebysolis-gzfsziqwziaggpcbgdowmssiasmi/Build/Intermediates.noindex/UninstalledProducts
    export UNLOCALIZED_RESOURCES_FOLDER_PATH\=React_utils.framework
    export UNLOCALIZED_RESOURCES_FOLDER_PATH_SHALLOW_BUNDLE_NO\=React_utils.framework/Resources
    export UNLOCALIZED_RESOURCES_FOLDER_PATH_SHALLOW_BUNDLE_YES\=React_utils.framework
    export UNSTRIPPED_PRODUCT\=NO
    export USER\=antoniogrillo-balen
    export USER_APPS_DIR\=/Users/antoniogrillo-balen/Applications
    export USER_LIBRARY_DIR\=/Users/antoniogrillo-balen/Library
    export USE_DYNAMIC_NO_PIC\=YES
    export USE_HEADERMAP\=YES
    export USE_HEADER_SYMLINKS\=NO
    export USE_HERMES\=true
    export USE_RECURSIVE_SCRIPT_INPUTS_IN_SCRIPT_PHASES\=YES
    export VALIDATE_DEVELOPMENT_ASSET_PATHS\=YES_ERROR
    export VALIDATE_PRODUCT\=NO
    export VALID_ARCHS\=arm64\ x86_64
    export VERBOSE_PBXCP\=NO
    export VERSIONING_SYSTEM\=apple-generic
    export VERSIONPLIST_PATH\=React_utils.framework/version.plist
    export VERSIONS_FOLDER_PATH\=React_utils.framework
    export VERSIONS_FOLDER_PATH_SHALLOW_BUNDLE_NO\=React_utils.framework/Versions
    export VERSIONS_FOLDER_PATH_SHALLOW_BUNDLE_YES\=React_utils.framework
    export VERSION_INFO_BUILDER\=antoniogrillo-balen
    export VERSION_INFO_FILE\=React_utils_vers.c
    export VERSION_INFO_STRING\=\"@\(\#\)PROGRAM:React_utils\ \ PROJECT:Pods-1\"
    export WORKSPACE_DIR\=/Users/antoniogrillo-balen/Desktop/Projects/RiseBuild/ios
    export WRAPPER_EXTENSION\=framework
    export WRAPPER_NAME\=React_utils.framework
    export WRAPPER_SUFFIX\=.framework
    export WRAP_ASSET_PACKS_IN_SEPARATE_DIRECTORIES\=NO
    export XCODE_APP_SUPPORT_DIR\=/Applications/Xcode.app/Contents/Developer/Library/Xcode
    export XCODE_PRODUCT_BUILD_VERSION\=17F42
    export XCODE_VERSION_ACTUAL\=2650
    export XCODE_VERSION_MAJOR\=2600
    export XCODE_VERSION_MINOR\=2650
    export XPCSERVICES_FOLDER_PATH\=React_utils.framework/XPCServices
    export YACC\=yacc
    export _DISCOVER_COMMAND_LINE_LINKER_INPUTS\=YES
    export _DISCOVER_COMMAND_LINE_LINKER_INPUTS_INCLUDE_WL\=YES
    export _LD_MULTIARCH\=YES
    export _WRAPPER_CONTENTS_DIR_SHALLOW_BUNDLE_NO\=/Contents
    export _WRAPPER_PARENT_PATH_SHALLOW_BUNDLE_NO\=/..
    export _WRAPPER_RESOURCES_DIR_SHALLOW_BUNDLE_NO\=/Resources
    export __DIAGNOSE_DEPRECATED_ARCHS\=YES
    export __ORIGINAL_SDK_DEFINED_LLVM_TARGET_TRIPLE_SYS\=ios
    export arch\=undefined_arch
    export variant\=normal
    /bin/sh -c /Users/antoniogrillo-balen/Library/Developer/Xcode/DerivedData/risebysolis-gzfsziqwziaggpcbgdowmssiasmi/Build/Intermediates.noindex/Pods.build/Debug-iphonesimulator/React-utils.build/Script-46EB2E0002D2F0.sh

warning: Run script build phase 'Create Symlinks to Header Folders' will be run during every build because it does not specify any outputs. To address this issue, either add output dependencies to the script phase, or configure it to run in every build by unchecking "Based on dependency analysis" in the script phase. (in target 'React-rendererconsistency' from project 'Pods')
PhaseScriptExecution Create\ Symlinks\ to\ Header\ Folders /Users/antoniogrillo-balen/Library/Developer/Xcode/DerivedData/risebysolis-gzfsziqwziaggpcbgdowmssiasmi/Build/Intermediates.noindex/Pods.build/Debug-iphonesimulator/React-rendererconsistency.build/Script-46EB2E0002C940.sh (in target 'React-rendererconsistency' from project 'Pods')
    cd /Users/antoniogrillo-balen/Desktop/Projects/RiseBuild/ios/Pods
    export ACTION\=build
    export AD_HOC_CODE_SIGNING_ALLOWED\=YES
    export ALLOW_BUILD_REQUEST_OVERRIDES\=NO
    export ALLOW_TARGET_PLATFORM_SPECIALIZATION\=NO
    export ALTERNATE_GROUP\=staff
    export ALTERNATE_MODE\=u+w,go-w,a+rX
    export ALTERNATE_OWNER\=antoniogrillo-balen
    export ALTERNATIVE_DISTRIBUTION_WEB\=NO
    export ALWAYS_EMBED_SWIFT_STANDARD_LIBRARIES\=NO
    export ALWAYS_SEARCH_USER_PATHS\=NO
    export ALWAYS_USE_SEPARATE_HEADERMAPS\=NO
    export APPLICATION_EXTENSION_API_ONLY\=NO
    export APPLY_RULES_IN_COPY_FILES\=NO
    export APPLY_RULES_IN_COPY_HEADERS\=NO
    export APP_SHORTCUTS_ENABLE_FLEXIBLE_MATCHING\=YES
    export ARCHS\=arm64
    export ARCHS_BASE\=arm64
    export ARCHS_STANDARD\=arm64\ x86_64
    export ARCHS_STANDARD_32_64_BIT\=arm64\ x86_64
    export ARCHS_STANDARD_64_BIT\=arm64\ x86_64
    export ARCHS_STANDARD_INCLUDING_64_BIT\=arm64\ x86_64
    export ARCHS_UNIVERSAL_IPHONE_OS\=arm64\ x86_64
    export ASSETCATALOG_FILTER_FOR_DEVICE_MODEL\=iPhone16,2
    export ASSETCATALOG_FILTER_FOR_DEVICE_OS_VERSION\=26.4.1
    export ASSETCATALOG_FILTER_FOR_THINNING_DEVICE_CONFIGURATION\=iPhone16,2
    export AUTOMATICALLY_MERGE_DEPENDENCIES\=NO
    export AUTOMATION_APPLE_EVENTS\=NO
    export AVAILABLE_PLATFORMS\=android\ appletvos\ appletvsimulator\ driverkit\ freebsd\ iphoneos\ iphonesimulator\ linux\ macosx\ none\ openbsd\ qnx\ watchos\ watchsimulator\ webassembly\ xros\ xrsimulator
    export AppIdentifierPrefix\=FAKETEAMID.
    export BUILD_ACTIVE_RESOURCES_ONLY\=YES
    export BUILD_COMPONENTS\=headers\ build
    export BUILD_DIR\=/Users/antoniogrillo-balen/Library/Developer/Xcode/DerivedData/risebysolis-gzfsziqwziaggpcbgdowmssiasmi/Build/Products
    export BUILD_LIBRARY_FOR_DISTRIBUTION\=NO
    export BUILD_ONLY_KNOWN_LOCALIZATIONS\=NO
    export BUILD_ROOT\=/Users/antoniogrillo-balen/Library/Developer/Xcode/DerivedData/risebysolis-gzfsziqwziaggpcbgdowmssiasmi/Build/Products
    export BUILD_STYLE\=
    export BUILD_VARIANTS\=normal
    export BUILT_PRODUCTS_DIR\=/Users/antoniogrillo-balen/Library/Developer/Xcode/DerivedData/risebysolis-gzfsziqwziaggpcbgdowmssiasmi/Build/Products/Debug-iphonesimulator/React-rendererconsistency
    export BUNDLE_CONTENTS_FOLDER_PATH_deep\=Contents/
    export BUNDLE_EXECUTABLE_FOLDER_NAME_deep\=MacOS
    export BUNDLE_EXTENSIONS_FOLDER_PATH\=Extensions
    export BUNDLE_FORMAT\=shallow
    export BUNDLE_FRAMEWORKS_FOLDER_PATH\=Frameworks
    export BUNDLE_PLUGINS_FOLDER_PATH\=PlugIns
    export BUNDLE_PRIVATE_HEADERS_FOLDER_PATH\=PrivateHeaders
    export BUNDLE_PUBLIC_HEADERS_FOLDER_PATH\=Headers
    export CACHE_ROOT\=/var/folders/2z/jtlqylkx0c709j3xb7b0g4cm0000gn/C/com.apple.DeveloperTools/26.5-17F42/Xcode
    export CCHROOT\=/var/folders/2z/jtlqylkx0c709j3xb7b0g4cm0000gn/C/com.apple.DeveloperTools/26.5-17F42/Xcode
    export CHMOD\=/bin/chmod
    export CHOWN\=chown
    export CLANG_ANALYZER_LOCALIZABILITY_NONLOCALIZED\=YES
    export CLANG_ANALYZER_NONNULL\=YES
    export CLANG_ANALYZER_NUMBER_OBJECT_CONVERSION\=YES_AGGRESSIVE
    export CLANG_CACHE_FINE_GRAINED_OUTPUTS\=YES
    export CLANG_CXX_LANGUAGE_STANDARD\=c++20
    export CLANG_CXX_LIBRARY\=libc++
    export CLANG_ENABLE_EXPLICIT_MODULES\=YES
    export CLANG_ENABLE_MODULES\=YES
    export CLANG_ENABLE_OBJC_ARC\=YES
    export CLANG_ENABLE_OBJC_WEAK\=NO
    export CLANG_MODULES_BUILD_SESSION_FILE\=/Users/antoniogrillo-balen/Library/Developer/Xcode/DerivedData/ModuleCache.noindex/Session.modulevalidation
    export CLANG_WARN_BLOCK_CAPTURE_AUTORELEASING\=YES
    export CLANG_WARN_BOOL_CONVERSION\=YES
    export CLANG_WARN_COMMA\=YES
    export CLANG_WARN_CONSTANT_CONVERSION\=YES
    export CLANG_WARN_DEPRECATED_OBJC_IMPLEMENTATIONS\=YES
    export CLANG_WARN_DIRECT_OBJC_ISA_USAGE\=YES_ERROR
    export CLANG_WARN_DOCUMENTATION_COMMENTS\=YES
    export CLANG_WARN_EMPTY_BODY\=YES
    export CLANG_WARN_ENUM_CONVERSION\=YES
    export CLANG_WARN_INFINITE_RECURSION\=YES
    export CLANG_WARN_INT_CONVERSION\=YES
    export CLANG_WARN_NON_LITERAL_NULL_CONVERSION\=YES
    export CLANG_WARN_OBJC_IMPLICIT_RETAIN_SELF\=YES
    export CLANG_WARN_OBJC_LITERAL_CONVERSION\=YES
    export CLANG_WARN_OBJC_ROOT_CLASS\=YES_ERROR
    export CLANG_WARN_QUOTED_INCLUDE_IN_FRAMEWORK_HEADER\=NO
    export CLANG_WARN_RANGE_LOOP_ANALYSIS\=YES
    export CLANG_WARN_STRICT_PROTOTYPES\=YES
    export CLANG_WARN_SUSPICIOUS_MOVE\=YES
    export CLANG_WARN_UNGUARDED_AVAILABILITY\=YES_AGGRESSIVE
    export CLANG_WARN_UNREACHABLE_CODE\=YES
    export CLANG_WARN__DUPLICATE_METHOD_MATCH\=YES
    export CLASS_FILE_DIR\=/Users/antoniogrillo-balen/Library/Developer/Xcode/DerivedData/risebysolis-gzfsziqwziaggpcbgdowmssiasmi/Build/Intermediates.noindex/Pods.build/Debug-iphonesimulator/React-rendererconsistency.build/JavaClasses
    export CLEAN_PRECOMPS\=YES
    export CLONE_HEADERS\=NO
    export CODESIGNING_FOLDER_PATH\=/Users/antoniogrillo-balen/Library/Developer/Xcode/DerivedData/risebysolis-gzfsziqwziaggpcbgdowmssiasmi/Build/Products/Debug-iphonesimulator/React-rendererconsistency/React_rendererconsistency.framework
    export CODE_SIGNING_ALLOWED\=YES
    export CODE_SIGNING_REQUIRED\=NO
    export CODE_SIGNING_REQUIRES_TEAM\=YES
    export CODE_SIGN_CONTEXT_CLASS\=XCiPhoneSimulatorCodeSignContext
    export CODE_SIGN_IDENTITY\=-
    export CODE_SIGN_INJECT_BASE_ENTITLEMENTS\=YES
    export COLOR_DIAGNOSTICS\=NO
    export COMBINE_HIDPI_IMAGES\=NO
    export COMPILATION_CACHE_CAS_PATH\=/Users/antoniogrillo-balen/Library/Developer/Xcode/DerivedData/CompilationCache.noindex
    export COMPILATION_CACHE_KEEP_CAS_DIRECTORY\=YES
    export COMPILER_INDEX_STORE_ENABLE\=Default
    export COMPOSITE_SDK_DIRS\=/Users/antoniogrillo-balen/Library/Developer/Xcode/DerivedData/risebysolis-gzfsziqwziaggpcbgdowmssiasmi/Build/Intermediates.noindex/CompositeSDKs
    export COMPRESS_PNG_FILES\=YES
    export CONFIGURATION\=Debug
    export CONFIGURATION_BUILD_DIR\=/Users/antoniogrillo-balen/Library/Developer/Xcode/DerivedData/risebysolis-gzfsziqwziaggpcbgdowmssiasmi/Build/Products/Debug-iphonesimulator/React-rendererconsistency
    export CONFIGURATION_TEMP_DIR\=/Users/antoniogrillo-balen/Library/Developer/Xcode/DerivedData/risebysolis-gzfsziqwziaggpcbgdowmssiasmi/Build/Intermediates.noindex/Pods.build/Debug-iphonesimulator
    export CONTENTS_FOLDER_PATH\=React_rendererconsistency.framework
    export CONTENTS_FOLDER_PATH_SHALLOW_BUNDLE_NO\=React_rendererconsistency.framework/A
    export CONTENTS_FOLDER_PATH_SHALLOW_BUNDLE_YES\=React_rendererconsistency.framework
    export COPYING_PRESERVES_HFS_DATA\=NO
    export COPY_HEADERS_RUN_UNIFDEF\=NO
    export COPY_PHASE_STRIP\=NO
    export CORRESPONDING_DEVICE_PLATFORM_DIR\=/Applications/Xcode.app/Contents/Developer/Platforms/iPhoneOS.platform
    export CORRESPONDING_DEVICE_PLATFORM_NAME\=iphoneos
    export CORRESPONDING_DEVICE_SDK_DIR\=/Applications/Xcode.app/Contents/Developer/Platforms/iPhoneOS.platform/Developer/SDKs/iPhoneOS26.5.sdk
    export CORRESPONDING_DEVICE_SDK_NAME\=iphoneos26.5
    export CP\=/bin/cp
    export CREATE_INFOPLIST_SECTION_IN_BINARY\=NO
    export CURRENT_ARCH\=undefined_arch
    export CURRENT_PROJECT_VERSION\=1
    export CURRENT_VARIANT\=normal
    export CURRENT_VERSION\=Current
    export DEAD_CODE_STRIPPING\=YES
    export DEBUGGING_SYMBOLS\=YES
    export DEBUG_INFORMATION_FORMAT\=dwarf
    export DEBUG_INFORMATION_VERSION\=compiler-default
    export DEFAULT_COMPILER\=com.apple.compilers.llvm.clang.1_0
    export DEFAULT_DEXT_INSTALL_PATH\=/System/Library/DriverExtensions
    export DEFAULT_KEXT_INSTALL_PATH\=/System/Library/Extensions
    export DEFINES_MODULE\=YES
    export DEPLOYMENT_LOCATION\=NO
    export DEPLOYMENT_POSTPROCESSING\=NO
    export DEPLOYMENT_TARGET_SETTING_NAME\=IPHONEOS_DEPLOYMENT_TARGET
    export DEPLOYMENT_TARGET_SUGGESTED_VALUES\=12.0\ 12.1\ 12.2\ 12.3\ 12.4\ 13.0\ 13.1\ 13.2\ 13.3\ 13.4\ 13.5\ 13.6\ 14.0\ 14.1\ 14.2\ 14.3\ 14.4\ 14.5\ 14.6\ 14.7\ 15.0\ 15.1\ 15.2\ 15.3\ 15.4\ 15.5\ 15.6\ 16.0\ 16.1\ 16.2\ 16.3\ 16.4\ 16.5\ 16.6\ 17.0\ 17.1\ 17.2\ 17.3\ 17.4\ 17.5\ 17.6\ 18.0\ 18.1\ 18.2\ 18.3\ 18.4\ 18.5\ 18.6\ 26.0\ 26.2\ 26.3\ 26.4\ 26.5
    export DERIVED_FILES_DIR\=/Users/antoniogrillo-balen/Library/Developer/Xcode/DerivedData/risebysolis-gzfsziqwziaggpcbgdowmssiasmi/Build/Intermediates.noindex/Pods.build/Debug-iphonesimulator/React-rendererconsistency.build/DerivedSources
    export DERIVED_FILE_DIR\=/Users/antoniogrillo-balen/Library/Developer/Xcode/DerivedData/risebysolis-gzfsziqwziaggpcbgdowmssiasmi/Build/Intermediates.noindex/Pods.build/Debug-iphonesimulator/React-rendererconsistency.build/DerivedSources
    export DERIVED_SOURCES_DIR\=/Users/antoniogrillo-balen/Library/Developer/Xcode/DerivedData/risebysolis-gzfsziqwziaggpcbgdowmssiasmi/Build/Intermediates.noindex/Pods.build/Debug-iphonesimulator/React-rendererconsistency.build/DerivedSources
    export DEVELOPER_APPLICATIONS_DIR\=/Applications/Xcode.app/Contents/Developer/Applications
    export DEVELOPER_BIN_DIR\=/Applications/Xcode.app/Contents/Developer/usr/bin
    export DEVELOPER_DIR\=/Applications/Xcode.app/Contents/Developer
    export DEVELOPER_FRAMEWORKS_DIR\=/Applications/Xcode.app/Contents/Developer/Library/Frameworks
    export DEVELOPER_FRAMEWORKS_DIR_QUOTED\=/Applications/Xcode.app/Contents/Developer/Library/Frameworks
    export DEVELOPER_LIBRARY_DIR\=/Applications/Xcode.app/Contents/Developer/Library
    export DEVELOPER_SDK_DIR\=/Applications/Xcode.app/Contents/Developer/Platforms/MacOSX.platform/Developer/SDKs
    export DEVELOPER_TOOLS_DIR\=/Applications/Xcode.app/Contents/Developer/Tools
    export DEVELOPER_USR_DIR\=/Applications/Xcode.app/Contents/Developer/usr
    export DEVELOPMENT_LANGUAGE\=en
    export DIAGNOSE_MISSING_TARGET_DEPENDENCIES\=YES
    export DIFF\=/usr/bin/diff
    export DOCUMENTATION_FOLDER_PATH\=React_rendererconsistency.framework/en.lproj/Documentation
    export DONT_GENERATE_INFOPLIST_FILE\=NO
    export DSTROOT\=/tmp/Pods.dst
    export DT_TOOLCHAIN_DIR\=/Applications/Xcode.app/Contents/Developer/Toolchains/XcodeDefault.xctoolchain
    export DUMP_DEPENDENCIES\=NO
    export DUMP_DEPENDENCIES_OUTPUT_PATH\=/Users/antoniogrillo-balen/Library/Developer/Xcode/DerivedData/risebysolis-gzfsziqwziaggpcbgdowmssiasmi/Build/Intermediates.noindex/Pods.build/Debug-iphonesimulator/React-rendererconsistency.build/React-rendererconsistency-BuildDependencyInfo.json
    export DWARF_DSYM_FILE_NAME\=React_rendererconsistency.framework.dSYM
    export DWARF_DSYM_FILE_SHOULD_ACCOMPANY_PRODUCT\=NO
    export DWARF_DSYM_FOLDER_PATH\=/Users/antoniogrillo-balen/Library/Developer/Xcode/DerivedData/risebysolis-gzfsziqwziaggpcbgdowmssiasmi/Build/Products/Debug-iphonesimulator/React-rendererconsistency
    export DYLIB_COMPATIBILITY_VERSION\=1
    export DYLIB_CURRENT_VERSION\=1
    export DYLIB_INSTALL_NAME_BASE\=@rpath
    export DYNAMIC_LIBRARY_EXTENSION\=dylib
    export EAGER_COMPILATION_ALLOW_SCRIPTS\=NO
    export EAGER_LINKING\=NO
    export EFFECTIVE_PLATFORM_NAME\=-iphonesimulator
    export EFFECTIVE_SWIFT_VERSION\=5
    export EMBEDDED_CONTENT_CONTAINS_SWIFT\=NO
    export EMBED_ASSET_PACKS_IN_PRODUCT_BUNDLE\=NO
    export ENABLE_APP_SANDBOX\=NO
    export ENABLE_CODE_COVERAGE\=YES
    export ENABLE_COHORT_ARCHS\=NO
    export ENABLE_CPLUSPLUS_BOUNDS_SAFE_BUFFERS\=NO
    export ENABLE_C_BOUNDS_SAFETY\=NO
    export ENABLE_DEFAULT_HEADER_SEARCH_PATHS\=YES
    export ENABLE_DEFAULT_SEARCH_PATHS\=YES
    export ENABLE_ENHANCED_SECURITY\=NO
    export ENABLE_HARDENED_RUNTIME\=NO
    export ENABLE_HEADER_DEPENDENCIES\=YES
    export ENABLE_INCOMING_NETWORK_CONNECTIONS\=NO
    export ENABLE_MODULE_VERIFIER\=NO
    export ENABLE_ON_DEMAND_RESOURCES\=NO
    export ENABLE_OUTGOING_NETWORK_CONNECTIONS\=NO
    export ENABLE_POINTER_AUTHENTICATION\=NO
    export ENABLE_PREVIEWS\=NO
    export ENABLE_RESOURCE_ACCESS_AUDIO_INPUT\=NO
    export ENABLE_RESOURCE_ACCESS_BLUETOOTH\=NO
    export ENABLE_RESOURCE_ACCESS_CALENDARS\=NO
    export ENABLE_RESOURCE_ACCESS_CAMERA\=NO
    export ENABLE_RESOURCE_ACCESS_CONTACTS\=NO
    export ENABLE_RESOURCE_ACCESS_LOCATION\=NO
    export ENABLE_RESOURCE_ACCESS_PHOTO_LIBRARY\=NO
    export ENABLE_RESOURCE_ACCESS_PRINTING\=NO
    export ENABLE_RESOURCE_ACCESS_USB\=NO
    export ENABLE_SDK_IMPORTS\=NO
    export ENABLE_SECURITY_COMPILER_WARNINGS\=NO
    export ENABLE_STRICT_OBJC_MSGSEND\=YES
    export ENABLE_TESTABILITY\=YES
    export ENABLE_TESTING_SEARCH_PATHS\=NO
    export ENABLE_USER_SCRIPT_SANDBOXING\=NO
    export ENABLE_XOJIT_PREVIEWS\=YES
    export ENFORCE_VALID_ARCHS\=YES
    export ENTITLEMENTS_DESTINATION\=__entitlements
    export ENTITLEMENTS_REQUIRED\=NO
    export EXCLUDED_INSTALLSRC_SUBDIRECTORY_PATTERNS\=.DS_Store\ .svn\ .git\ .hg\ CVS
    export EXCLUDED_RECURSIVE_SEARCH_PATH_SUBDIRECTORIES\=\*.nib\ \*.lproj\ \*.framework\ \*.gch\ \*.xcode\*\ \*.xcassets\ \*.icon\ \(\*\)\ .DS_Store\ CVS\ .svn\ .git\ .hg\ \*.pbproj\ \*.pbxproj
    export EXECUTABLES_FOLDER_PATH\=React_rendererconsistency.framework/en.lproj
    export EXECUTABLE_FOLDER_PATH\=React_rendererconsistency.framework
    export EXECUTABLE_FOLDER_PATH_SHALLOW_BUNDLE_NO\=React_rendererconsistency.framework
    export EXECUTABLE_FOLDER_PATH_SHALLOW_BUNDLE_YES\=React_rendererconsistency.framework
    export EXECUTABLE_NAME\=React_rendererconsistency
    export EXECUTABLE_PATH\=React_rendererconsistency.framework/React_rendererconsistency
    export EXPANDED_CODE_SIGN_IDENTITY\=-
    export EXPANDED_CODE_SIGN_IDENTITY_NAME\=Sign\ to\ Run\ Locally
    export EXTENSIONS_FOLDER_PATH\=React_rendererconsistency.framework/Extensions
    export FILE_LIST\=/Users/antoniogrillo-balen/Library/Developer/Xcode/DerivedData/risebysolis-gzfsziqwziaggpcbgdowmssiasmi/Build/Intermediates.noindex/Pods.build/Debug-iphonesimulator/React-rendererconsistency.build/Objects/LinkFileList
    export FIXED_FILES_DIR\=/Users/antoniogrillo-balen/Library/Developer/Xcode/DerivedData/risebysolis-gzfsziqwziaggpcbgdowmssiasmi/Build/Intermediates.noindex/Pods.build/Debug-iphonesimulator/React-rendererconsistency.build/FixedFiles
    export FRAMEWORKS_FOLDER_PATH\=React_rendererconsistency.framework/Frameworks
    export FRAMEWORK_FLAG_PREFIX\=-framework
    export FRAMEWORK_SEARCH_PATHS\=/Users/antoniogrillo-balen/Library/Developer/Xcode/DerivedData/risebysolis-gzfsziqwziaggpcbgdowmssiasmi/Build/Products/Debug-iphonesimulator/React-rendererconsistency\ 
    export FRAMEWORK_VERSION\=A
    export FULL_PRODUCT_NAME\=React_rendererconsistency.framework
    export FUSE_BUILD_PHASES\=YES
    export FUSE_BUILD_SCRIPT_PHASES\=NO
    export GCC3_VERSION\=3.3
    export GCC_C_LANGUAGE_STANDARD\=gnu11
    export GCC_DYNAMIC_NO_PIC\=NO
    export GCC_INLINES_ARE_PRIVATE_EXTERN\=YES
    export GCC_NO_COMMON_BLOCKS\=YES
    export GCC_OBJC_LEGACY_DISPATCH\=YES
    export GCC_OPTIMIZATION_LEVEL\=0
    export GCC_PFE_FILE_C_DIALECTS\=c\ objective-c\ c++\ objective-c++
    export GCC_PREFIX_HEADER\=Target\ Support\ Files/React-rendererconsistency/React-rendererconsistency-prefix.pch
    export GCC_PREPROCESSOR_DEFINITIONS\=POD_CONFIGURATION_DEBUG\=1\ DEBUG\=1\ \ COCOAPODS\=1
    export GCC_TREAT_WARNINGS_AS_ERRORS\=NO
    export GCC_VERSION\=com.apple.compilers.llvm.clang.1_0
    export GCC_VERSION_IDENTIFIER\=com_apple_compilers_llvm_clang_1_0
    export GCC_WARN_64_TO_32_BIT_CONVERSION\=YES
    export GCC_WARN_ABOUT_RETURN_TYPE\=YES_ERROR
    export GCC_WARN_UNDECLARED_SELECTOR\=YES
    export GCC_WARN_UNINITIALIZED_AUTOS\=YES_AGGRESSIVE
    export GCC_WARN_UNUSED_FUNCTION\=YES
    export GCC_WARN_UNUSED_VARIABLE\=YES
    export GENERATED_MODULEMAP_DIR\=/Users/antoniogrillo-balen/Library/Developer/Xcode/DerivedData/risebysolis-gzfsziqwziaggpcbgdowmssiasmi/Build/Intermediates.noindex/GeneratedModuleMaps-iphonesimulator
    export GENERATE_INFOPLIST_FILE\=NO
    export GENERATE_INTERMEDIATE_TEXT_BASED_STUBS\=YES
    export GENERATE_PKGINFO_FILE\=NO
    export GENERATE_PRELINK_OBJECT_FILE\=NO
    export GENERATE_PROFILING_CODE\=NO
    export GENERATE_TEXT_BASED_STUBS\=NO
    export GID\=20
    export GROUP\=staff
    export HEADERMAP_INCLUDES_FLAT_ENTRIES_FOR_TARGET_BEING_BUILT\=YES
    export HEADERMAP_INCLUDES_FRAMEWORK_ENTRIES_FOR_ALL_PRODUCT_TYPES\=YES
    export HEADERMAP_INCLUDES_FRAMEWORK_ENTRIES_FOR_TARGETS_NOT_BEING_BUILT\=YES
    export HEADERMAP_INCLUDES_NONPUBLIC_NONPRIVATE_HEADERS\=YES
    export HEADERMAP_INCLUDES_PROJECT_HEADERS\=YES
    export HEADERMAP_USES_FRAMEWORK_PREFIX_ENTRIES\=YES
    export HEADERMAP_USES_VFS\=YES
    export HEADER_SEARCH_PATHS\=/Users/antoniogrillo-balen/Library/Developer/Xcode/DerivedData/risebysolis-gzfsziqwziaggpcbgdowmssiasmi/Build/Products/Debug-iphonesimulator/React-rendererconsistency/include\ \ /Users/antoniogrillo-balen/Library/Developer/Xcode/DerivedData/risebysolis-gzfsziqwziaggpcbgdowmssiasmi/Build/Products/Debug-iphonesimulator/ReactCommon/ReactCommon.framework/Headers\ /Users/antoniogrillo-balen/Library/Developer/Xcode/DerivedData/risebysolis-gzfsziqwziaggpcbgdowmssiasmi/Build/Products/Debug-iphonesimulator/ReactCommon/ReactCommon.framework/Headers/react/nativemodule/core\ /Users/antoniogrillo-balen/Library/Developer/Xcode/DerivedData/risebysolis-gzfsziqwziaggpcbgdowmssiasmi/Build/Products/Debug-iphonesimulator/ReactCommon-Samples/ReactCommon_Samples.framework/Headers\ /Users/antoniogrillo-balen/Library/Developer/Xcode/DerivedData/risebysolis-gzfsziqwziaggpcbgdowmssiasmi/Build/Products/Debug-iphonesimulator/ReactCommon-Samples/ReactCommon_Samples.framework/Headers/platform/ios\ /Users/antoniogrillo-balen/Library/Developer/Xcode/DerivedData/risebysolis-gzfsziqwziaggpcbgdowmssiasmi/Build/Products/Debug-iphonesimulator/React-Fabric/React_Fabric.framework/Headers/react/renderer/components/view/platform/cxx\ /Users/antoniogrillo-balen/Library/Developer/Xcode/DerivedData/risebysolis-gzfsziqwziaggpcbgdowmssiasmi/Build/Products/Debug-iphonesimulator/React-NativeModulesApple/React_NativeModulesApple.framework/Headers\ /Users/antoniogrillo-balen/Library/Developer/Xcode/DerivedData/risebysolis-gzfsziqwziaggpcbgdowmssiasmi/Build/Products/Debug-iphonesimulator/React-graphics/React_graphics.framework/Headers\ /Users/antoniogrillo-balen/Library/Developer/Xcode/DerivedData/risebysolis-gzfsziqwziaggpcbgdowmssiasmi/Build/Products/Debug-iphonesimulator/React-graphics/React_graphics.framework/Headers/react/renderer/graphics/platform/ios\ \"/Users/antoniogrillo-balen/Desktop/Projects/RiseBuild/ios/Pods/../../node_modules/react-native/ReactCommon/react/renderer/consistency/../../..\"
    export HOME\=/Users/antoniogrillo-balen
    export HOST_ARCH\=arm64
    export HOST_PLATFORM\=macosx
    export ICONV\=/usr/bin/iconv
    export IMPLICIT_DEPENDENCY_DOMAIN\=default
    export INDEX_STORE_COMPRESS\=NO
    export INDEX_STORE_ONLY_PROJECT_FILES\=NO
    export INFOPLIST_ENABLE_CFBUNDLEICONS_MERGE\=YES
    export INFOPLIST_EXPAND_BUILD_SETTINGS\=YES
    export INFOPLIST_FILE\=Target\ Support\ Files/React-rendererconsistency/React-rendererconsistency-Info.plist
    export INFOPLIST_OUTPUT_FORMAT\=binary
    export INFOPLIST_PATH\=React_rendererconsistency.framework/Info.plist
    export INFOPLIST_PREPROCESS\=NO
    export INFOSTRINGS_PATH\=React_rendererconsistency.framework/en.lproj/InfoPlist.strings
    export INLINE_PRIVATE_FRAMEWORKS\=NO
    export INSTALLAPI_IGNORE_SKIP_INSTALL\=YES
    export INSTALLHDRS_COPY_PHASE\=NO
    export INSTALLHDRS_SCRIPT_PHASE\=NO
    export INSTALL_DIR\=/tmp/Pods.dst/Library/Frameworks
    export INSTALL_GROUP\=staff
    export INSTALL_MODE_FLAG\=u+w,go-w,a+rX
    export INSTALL_OWNER\=antoniogrillo-balen
    export INSTALL_PATH\=/Library/Frameworks
    export INSTALL_ROOT\=/tmp/Pods.dst
    export IPHONEOS_DEPLOYMENT_TARGET\=15.1
    export IS_UNOPTIMIZED_BUILD\=YES
    export JAVAC_DEFAULT_FLAGS\=-J-Xms64m\ -J-XX:NewSize\=4M\ -J-Dfile.encoding\=UTF8
    export JAVA_APP_STUB\=/System/Library/Frameworks/JavaVM.framework/Resources/MacOS/JavaApplicationStub
    export JAVA_ARCHIVE_CLASSES\=YES
    export JAVA_ARCHIVE_TYPE\=JAR
    export JAVA_COMPILER\=/usr/bin/javac
    export JAVA_FOLDER_PATH\=React_rendererconsistency.framework/Java
    export JAVA_FRAMEWORK_RESOURCES_DIRS\=Resources
    export JAVA_JAR_FLAGS\=cv
    export JAVA_SOURCE_SUBDIR\=.
    export JAVA_USE_DEPENDENCIES\=YES
    export JAVA_ZIP_FLAGS\=-urg
    export JIKES_DEFAULT_FLAGS\=+E\ +OLDCSO
    export KEEP_PRIVATE_EXTERNS\=NO
    export LD_DEPENDENCY_INFO_FILE\=/Users/antoniogrillo-balen/Library/Developer/Xcode/DerivedData/risebysolis-gzfsziqwziaggpcbgdowmssiasmi/Build/Intermediates.noindex/Pods.build/Debug-iphonesimulator/React-rendererconsistency.build/Objects-normal/undefined_arch/React_rendererconsistency_dependency_info.dat
    export LD_DYLIB_INSTALL_NAME\=@rpath/React_rendererconsistency.framework/React_rendererconsistency
    export LD_EXPORT_SYMBOLS\=YES
    export LD_GENERATE_MAP_FILE\=NO
    export LD_MAP_FILE_PATH\=/Users/antoniogrillo-balen/Library/Developer/Xcode/DerivedData/risebysolis-gzfsziqwziaggpcbgdowmssiasmi/Build/Intermediates.noindex/Pods.build/Debug-iphonesimulator/React-rendererconsistency.build/React_rendererconsistency-LinkMap-normal-undefined_arch.txt
    export LD_NO_PIE\=NO
    export LD_QUOTE_LINKER_ARGUMENTS_FOR_COMPILER_DRIVER\=YES
    export LD_RUNPATH_SEARCH_PATHS\=\ @executable_path/Frameworks\ @loader_path/Frameworks
    export LD_SHARED_CACHE_ELIGIBLE\=Automatic
    export LD_WARN_DUPLICATE_LIBRARIES\=NO
    export LD_WARN_UNUSED_DYLIBS\=NO
    export LEGACY_DEVELOPER_DIR\=/Applications/Xcode.app/Contents/PlugIns/Xcode3Core.ideplugin/Contents/SharedSupport/Developer
    export LEX\=lex
    export LIBRARY_DEXT_INSTALL_PATH\=/Library/DriverExtensions
    export LIBRARY_FLAG_NOSPACE\=YES
    export LIBRARY_FLAG_PREFIX\=-l
    export LIBRARY_KEXT_INSTALL_PATH\=/Library/Extensions
    export LIBRARY_SEARCH_PATHS\=/Users/antoniogrillo-balen/Library/Developer/Xcode/DerivedData/risebysolis-gzfsziqwziaggpcbgdowmssiasmi/Build/Products/Debug-iphonesimulator/React-rendererconsistency\ 
    export LINKER_DISPLAYS_MANGLED_NAMES\=NO
    export LINK_FILE_LIST_normal_arm64\=/Users/antoniogrillo-balen/Library/Developer/Xcode/DerivedData/risebysolis-gzfsziqwziaggpcbgdowmssiasmi/Build/Intermediates.noindex/Pods.build/Debug-iphonesimulator/React-rendererconsistency.build/Objects-normal/arm64/React_rendererconsistency.LinkFileList
    export LINK_OBJC_RUNTIME\=YES
    export LINK_WITH_STANDARD_LIBRARIES\=YES
    export LLVM_TARGET_TRIPLE_OS_VERSION\=ios15.1
    export LLVM_TARGET_TRIPLE_SUFFIX\=-simulator
    export LLVM_TARGET_TRIPLE_VENDOR\=apple
    export LM_AUX_CONST_METADATA_LIST_PATH_normal_arm64\=/Users/antoniogrillo-balen/Library/Developer/Xcode/DerivedData/risebysolis-gzfsziqwziaggpcbgdowmssiasmi/Build/Intermediates.noindex/Pods.build/Debug-iphonesimulator/React-rendererconsistency.build/Objects-normal/arm64/React_rendererconsistency.SwiftConstValuesFileList
    export LOCALIZATION_EXPORT_SUPPORTED\=YES
    export LOCALIZATION_PREFERS_STRING_CATALOGS\=NO
    export LOCALIZED_RESOURCES_FOLDER_PATH\=React_rendererconsistency.framework/en.lproj
    export LOCALIZED_STRING_CODE_COMMENTS\=NO
    export LOCALIZED_STRING_MACRO_NAMES\=NSLocalizedString\ CFCopyLocalizedString
    export LOCALIZED_STRING_SWIFTUI_SUPPORT\=YES
    export LOCAL_ADMIN_APPS_DIR\=/Applications/Utilities
    export LOCAL_APPS_DIR\=/Applications
    export LOCAL_DEVELOPER_DIR\=/Library/Developer
    export LOCAL_LIBRARY_DIR\=/Library
    export LOCROOT\=/Users/antoniogrillo-balen/Desktop/Projects/RiseBuild/ios/Pods
    export LOCSYMROOT\=/Users/antoniogrillo-balen/Desktop/Projects/RiseBuild/ios/Pods
    export MACH_O_TYPE\=staticlib
    export MAC_OS_X_PRODUCT_BUILD_VERSION\=25E253
    export MAC_OS_X_VERSION_ACTUAL\=260401
    export MAC_OS_X_VERSION_MAJOR\=260000
    export MAC_OS_X_VERSION_MINOR\=260400
    export MAKE_MERGEABLE\=NO
    export MERGEABLE_LIBRARY\=NO
    export MERGED_BINARY_TYPE\=none
    export MERGE_LINKED_LIBRARIES\=NO
    export METAL_LIBRARY_FILE_BASE\=default
    export METAL_LIBRARY_OUTPUT_DIR\=/Users/antoniogrillo-balen/Library/Developer/Xcode/DerivedData/risebysolis-gzfsziqwziaggpcbgdowmssiasmi/Build/Products/Debug-iphonesimulator/React-rendererconsistency/React_rendererconsistency.framework
    export MODULEMAP_FILE\=Target\ Support\ Files/React-rendererconsistency/React-rendererconsistency.modulemap
    export MODULES_FOLDER_PATH\=React_rendererconsistency.framework/Modules
    export MODULE_CACHE_DIR\=/Users/antoniogrillo-balen/Library/Developer/Xcode/DerivedData/ModuleCache.noindex
    export MTL_ENABLE_DEBUG_INFO\=INCLUDE_SOURCE
    export MTL_FAST_MATH\=YES
    export NATIVE_ARCH\=arm64
    export NATIVE_ARCH_32_BIT\=arm
    export NATIVE_ARCH_64_BIT\=arm64
    export NATIVE_ARCH_ACTUAL\=arm64
    export NO_COMMON\=YES
    export OBJC_ABI_VERSION\=2
    export OBJECT_FILE_DIR\=/Users/antoniogrillo-balen/Library/Developer/Xcode/DerivedData/risebysolis-gzfsziqwziaggpcbgdowmssiasmi/Build/Intermediates.noindex/Pods.build/Debug-iphonesimulator/React-rendererconsistency.build/Objects
    export OBJECT_FILE_DIR_normal\=/Users/antoniogrillo-balen/Library/Developer/Xcode/DerivedData/risebysolis-gzfsziqwziaggpcbgdowmssiasmi/Build/Intermediates.noindex/Pods.build/Debug-iphonesimulator/React-rendererconsistency.build/Objects-normal
    export OBJROOT\=/Users/antoniogrillo-balen/Library/Developer/Xcode/DerivedData/risebysolis-gzfsziqwziaggpcbgdowmssiasmi/Build/Intermediates.noindex
    export ONLY_ACTIVE_ARCH\=YES
    export OS\=MACOS
    export OSAC\=/usr/bin/osacompile
    export OTHER_LDFLAGS\=\ \ 
    export PACKAGE_TYPE\=com.apple.package-type.wrapper.framework
    export PASCAL_STRINGS\=YES
    export PATH\=/Applications/Xcode.app/Contents/SharedFrameworks/SwiftBuild.framework/Versions/A/PlugIns/SWBBuildService.bundle/Contents/PlugIns/SWBUniversalPlatformPlugin.bundle/Contents/Frameworks/SWBUniversalPlatform.framework/Resources:/Applications/Xcode.app/Contents/Developer/Toolchains/XcodeDefault.xctoolchain/usr/bin:/Applications/Xcode.app/Contents/Developer/Toolchains/XcodeDefault.xctoolchain/usr/local/bin:/Applications/Xcode.app/Contents/Developer/Toolchains/XcodeDefault.xctoolchain/usr/libexec:/Applications/Xcode.app/Contents/Developer/Platforms/iPhoneSimulator.platform/usr/bin:/Applications/Xcode.app/Contents/Developer/Platforms/iPhoneSimulator.platform/usr/local/bin:/Applications/Xcode.app/Contents/Developer/Platforms/iPhoneSimulator.platform/Developer/usr/bin:/Applications/Xcode.app/Contents/Developer/Platforms/iPhoneSimulator.platform/Developer/usr/local/bin:/Applications/Xcode.app/Contents/Developer/usr/bin:/Applications/Xcode.app/Contents/Developer/usr/local/bin:/opt/homebrew/opt/ruby/bin:/opt/homebrew/lib/ruby/gems/4.0.0/bin:/opt/homebrew/bin:/opt/homebrew/sbin:/Users/antoniogrillo-balen/.nvm/versions/node/v24.14.1/bin:/Library/Frameworks/Python.framework/Versions/3.14/bin:/usr/local/bin:/System/Cryptexes/App/usr/bin:/usr/bin:/bin:/usr/sbin:/sbin:/var/run/com.apple.security.cryptexd/codex.system/bootstrap/usr/local/bin:/var/run/com.apple.security.cryptexd/codex.system/bootstrap/usr/bin:/var/run/com.apple.security.cryptexd/codex.system/bootstrap/usr/appleinternal/bin:/opt/pkg/env/active/bin:/opt/pmk/env/global/bin:/Library/Apple/usr/bin:/Applications/VMware\ Fusion.app/Contents/Public:/Users/antoniogrillo-balen/.cargo/bin:/Users/antoniogrillo-balen/.cache/plugins/.install-staging/25283474a0e0d4a060cb0e915c1ec54e3d41ef2e/cursor/repo/bin:/Users/antoniogrillo-balen/.claude/plugins/cache/claude-plugins-official/superpowers/5.1.0/bin:/Users/antoniogrillo-balen/.claude/plugins/cache/claude-plugins-official/frontend-design/unknown/bin:/Users/antoniogrillo-balen/.claude/plugins/cache/claude-plugins-official/code-simplifier/1.0.0/bin:/Users/antoniogrillo-balen/.claude/plugins/cache/claude-plugins-official/security-guidance/unknown/bin:/Users/antoniogrillo-balen/.claude/plugins/cache/thedotmack/claude-mem/12.1.1/bin
    export PATH_PREFIXES_EXCLUDED_FROM_HEADER_DEPENDENCIES\=/usr/include\ /usr/local/include\ /System/Library/Frameworks\ /System/Library/PrivateFrameworks\ /Applications/Xcode.app/Contents/Developer/Headers\ /Applications/Xcode.app/Contents/Developer/SDKs\ /Applications/Xcode.app/Contents/Developer/Platforms
    export PBDEVELOPMENTPLIST_PATH\=React_rendererconsistency.framework/pbdevelopment.plist
    export PER_ARCH_MODULE_FILE_DIR\=/Users/antoniogrillo-balen/Library/Developer/Xcode/DerivedData/risebysolis-gzfsziqwziaggpcbgdowmssiasmi/Build/Intermediates.noindex/Pods.build/Debug-iphonesimulator/React-rendererconsistency.build/Objects-normal/undefined_arch
    export PER_ARCH_OBJECT_FILE_DIR\=/Users/antoniogrillo-balen/Library/Developer/Xcode/DerivedData/risebysolis-gzfsziqwziaggpcbgdowmssiasmi/Build/Intermediates.noindex/Pods.build/Debug-iphonesimulator/React-rendererconsistency.build/Objects-normal/undefined_arch
    export PER_VARIANT_OBJECT_FILE_DIR\=/Users/antoniogrillo-balen/Library/Developer/Xcode/DerivedData/risebysolis-gzfsziqwziaggpcbgdowmssiasmi/Build/Intermediates.noindex/Pods.build/Debug-iphonesimulator/React-rendererconsistency.build/Objects-normal
    export PKGINFO_FILE_PATH\=/Users/antoniogrillo-balen/Library/Developer/Xcode/DerivedData/risebysolis-gzfsziqwziaggpcbgdowmssiasmi/Build/Intermediates.noindex/Pods.build/Debug-iphonesimulator/React-rendererconsistency.build/PkgInfo
    export PKGINFO_PATH\=React_rendererconsistency.framework/PkgInfo
    export PLATFORM_DEVELOPER_APPLICATIONS_DIR\=/Applications/Xcode.app/Contents/Developer/Platforms/iPhoneSimulator.platform/Developer/Applications
    export PLATFORM_DEVELOPER_BIN_DIR\=/Applications/Xcode.app/Contents/Developer/Platforms/iPhoneSimulator.platform/Developer/usr/bin
    export PLATFORM_DEVELOPER_LIBRARY_DIR\=/Applications/Xcode.app/Contents/Developer/Platforms/iPhoneSimulator.platform/Developer/Library
    export PLATFORM_DEVELOPER_SDK_DIR\=/Applications/Xcode.app/Contents/Developer/Platforms/iPhoneSimulator.platform/Developer/SDKs
    export PLATFORM_DEVELOPER_TOOLS_DIR\=/Applications/Xcode.app/Contents/Developer/Platforms/iPhoneSimulator.platform/Developer/Tools
    export PLATFORM_DEVELOPER_USR_DIR\=/Applications/Xcode.app/Contents/Developer/Platforms/iPhoneSimulator.platform/Developer/usr
    export PLATFORM_DIR\=/Applications/Xcode.app/Contents/Developer/Platforms/iPhoneSimulator.platform
    export PLATFORM_DISPLAY_NAME\=iOS\ Simulator
    export PLATFORM_FAMILY_NAME\=iOS
    export PLATFORM_NAME\=iphonesimulator
    export PLATFORM_PREFERRED_ARCH\=x86_64
    export PLATFORM_PRODUCT_BUILD_VERSION\=23F73
    export PLATFORM_REQUIRES_SWIFT_AUTOLINK_EXTRACT\=NO
    export PLATFORM_REQUIRES_SWIFT_MODULEWRAP\=NO
    export PLATFORM_USES_DSYMS\=YES
    export PLIST_FILE_OUTPUT_FORMAT\=binary
    export PLUGINS_FOLDER_PATH\=React_rendererconsistency.framework/PlugIns
    export PODS_BUILD_DIR\=/Users/antoniogrillo-balen/Library/Developer/Xcode/DerivedData/risebysolis-gzfsziqwziaggpcbgdowmssiasmi/Build/Products
    export PODS_CONFIGURATION_BUILD_DIR\=/Users/antoniogrillo-balen/Library/Developer/Xcode/DerivedData/risebysolis-gzfsziqwziaggpcbgdowmssiasmi/Build/Products/Debug-iphonesimulator
    export PODS_DEVELOPMENT_LANGUAGE\=en
    export PODS_ROOT\=/Users/antoniogrillo-balen/Desktop/Projects/RiseBuild/ios/Pods
    export PODS_TARGET_SRCROOT\=/Users/antoniogrillo-balen/Desktop/Projects/RiseBuild/ios/Pods/../../node_modules/react-native/ReactCommon/react/renderer/consistency
    export PODS_XCFRAMEWORKS_BUILD_DIR\=/Users/antoniogrillo-balen/Library/Developer/Xcode/DerivedData/risebysolis-gzfsziqwziaggpcbgdowmssiasmi/Build/Products/Debug-iphonesimulator/XCFrameworkIntermediates
    export PRECOMPS_INCLUDE_HEADERS_FROM_BUILT_PRODUCTS_DIR\=YES
    export PRECOMP_DESTINATION_DIR\=/Users/antoniogrillo-balen/Library/Developer/Xcode/DerivedData/risebysolis-gzfsziqwziaggpcbgdowmssiasmi/Build/Intermediates.noindex/Pods.build/Debug-iphonesimulator/React-rendererconsistency.build/PrefixHeaders
    export PRIVATE_HEADERS_FOLDER_PATH\=React_rendererconsistency.framework/PrivateHeaders
    export PROCESSED_INFOPLIST_PATH\=/Users/antoniogrillo-balen/Library/Developer/Xcode/DerivedData/risebysolis-gzfsziqwziaggpcbgdowmssiasmi/Build/Intermediates.noindex/Pods.build/Debug-iphonesimulator/React-rendererconsistency.build/Objects-normal/undefined_arch/Processed-Info.plist
    export PRODUCT_BUNDLE_IDENTIFIER\=org.cocoapods.React-rendererconsistency
    export PRODUCT_BUNDLE_PACKAGE_TYPE\=FMWK
    export PRODUCT_MODULE_NAME\=React_rendererconsistency
    export PRODUCT_NAME\=React_rendererconsistency
    export PRODUCT_SETTINGS_PATH\=/Users/antoniogrillo-balen/Desktop/Projects/RiseBuild/ios/Pods/Target\ Support\ Files/React-rendererconsistency/React-rendererconsistency-Info.plist
    export PRODUCT_TYPE\=com.apple.product-type.framework
    export PROFILING_CODE\=NO
    export PROJECT\=Pods
    export PROJECT_DERIVED_FILE_DIR\=/Users/antoniogrillo-balen/Library/Developer/Xcode/DerivedData/risebysolis-gzfsziqwziaggpcbgdowmssiasmi/Build/Intermediates.noindex/Pods.build/DerivedSources
    export PROJECT_DIR\=/Users/antoniogrillo-balen/Desktop/Projects/RiseBuild/ios/Pods
    export PROJECT_FILE_PATH\=/Users/antoniogrillo-balen/Desktop/Projects/RiseBuild/ios/Pods/Pods.xcodeproj
    export PROJECT_GUID\=8699adb1dd336b26511df848a716bd42
    export PROJECT_NAME\=Pods
    export PROJECT_TEMP_DIR\=/Users/antoniogrillo-balen/Library/Developer/Xcode/DerivedData/risebysolis-gzfsziqwziaggpcbgdowmssiasmi/Build/Intermediates.noindex/Pods.build
    export PROJECT_TEMP_ROOT\=/Users/antoniogrillo-balen/Library/Developer/Xcode/DerivedData/risebysolis-gzfsziqwziaggpcbgdowmssiasmi/Build/Intermediates.noindex
    export PUBLIC_HEADERS_FOLDER_PATH\=React_rendererconsistency.framework/Headers
    export REACT_NATIVE_PATH\=/Users/antoniogrillo-balen/Desktop/Projects/RiseBuild/ios/Pods/../../node_modules/react-native
    export RECOMMENDED_IPHONEOS_DEPLOYMENT_TARGET\=15.0
    export RECURSIVE_SEARCH_PATHS_FOLLOW_SYMLINKS\=YES
    export REMOVE_CVS_FROM_RESOURCES\=YES
    export REMOVE_GIT_FROM_RESOURCES\=YES
    export REMOVE_HEADERS_FROM_EMBEDDED_BUNDLES\=YES
    export REMOVE_HG_FROM_RESOURCES\=YES
    export REMOVE_STATIC_EXECUTABLES_FROM_EMBEDDED_BUNDLES\=YES
    export REMOVE_SVN_FROM_RESOURCES\=YES
    export RESCHEDULE_INDEPENDENT_HEADERS_PHASES\=YES
    export REZ_COLLECTOR_DIR\=/Users/antoniogrillo-balen/Library/Developer/Xcode/DerivedData/risebysolis-gzfsziqwziaggpcbgdowmssiasmi/Build/Intermediates.noindex/Pods.build/Debug-iphonesimulator/React-rendererconsistency.build/ResourceManagerResources
    export REZ_OBJECTS_DIR\=/Users/antoniogrillo-balen/Library/Developer/Xcode/DerivedData/risebysolis-gzfsziqwziaggpcbgdowmssiasmi/Build/Intermediates.noindex/Pods.build/Debug-iphonesimulator/React-rendererconsistency.build/ResourceManagerResources/Objects
    export REZ_SEARCH_PATHS\=/Users/antoniogrillo-balen/Library/Developer/Xcode/DerivedData/risebysolis-gzfsziqwziaggpcbgdowmssiasmi/Build/Products/Debug-iphonesimulator/React-rendererconsistency\ 
    export RPATH_ORIGIN\=@loader_path
    export RUNTIME_EXCEPTION_ALLOW_DYLD_ENVIRONMENT_VARIABLES\=NO
    export RUNTIME_EXCEPTION_ALLOW_JIT\=NO
    export RUNTIME_EXCEPTION_ALLOW_UNSIGNED_EXECUTABLE_MEMORY\=NO
    export RUNTIME_EXCEPTION_DEBUGGING_TOOL\=NO
    export RUNTIME_EXCEPTION_DISABLE_EXECUTABLE_PAGE_PROTECTION\=NO
    export RUNTIME_EXCEPTION_DISABLE_LIBRARY_VALIDATION\=NO
    export SCANNING_PCM_KEEP_CACHE_DIRECTORY\=YES
    export SCAN_ALL_SOURCE_FILES_FOR_INCLUDES\=NO
    export SCRIPTS_FOLDER_PATH\=React_rendererconsistency.framework/Scripts
    export SCRIPT_INPUT_FILE_COUNT\=0
    export SCRIPT_INPUT_FILE_LIST_COUNT\=0
    export SCRIPT_OUTPUT_FILE_COUNT\=0
    export SCRIPT_OUTPUT_FILE_LIST_COUNT\=0
    export SDKROOT\=/Applications/Xcode.app/Contents/Developer/Platforms/iPhoneSimulator.platform/Developer/SDKs/iPhoneSimulator26.5.sdk
    export SDK_DIR\=/Applications/Xcode.app/Contents/Developer/Platforms/iPhoneSimulator.platform/Developer/SDKs/iPhoneSimulator26.5.sdk
    export SDK_DIR_iphonesimulator\=/Applications/Xcode.app/Contents/Developer/Platforms/iPhoneSimulator.platform/Developer/SDKs/iPhoneSimulator26.5.sdk
    export SDK_DIR_iphonesimulator26_5\=/Applications/Xcode.app/Contents/Developer/Platforms/iPhoneSimulator.platform/Developer/SDKs/iPhoneSimulator26.5.sdk
    export SDK_NAME\=iphonesimulator26.5
    export SDK_NAMES\=iphonesimulator26.5
    export SDK_PRODUCT_BUILD_VERSION\=23F73
    export SDK_STAT_CACHE_DIR\=/Users/antoniogrillo-balen/Library/Developer/Xcode/DerivedData
    export SDK_STAT_CACHE_ENABLE\=YES
    export SDK_STAT_CACHE_PATH\=/Users/antoniogrillo-balen/Library/Developer/Xcode/DerivedData/SDKStatCaches.noindex/iphonesimulator26.5-23F73-6cfe768891a92b912361537c460fe42b.sdkstatcache
    export SDK_VERSION\=26.5
    export SDK_VERSION_ACTUAL\=260500
    export SDK_VERSION_MAJOR\=260000
    export SDK_VERSION_MINOR\=260500
    export SED\=/usr/bin/sed
    export SEPARATE_STRIP\=NO
    export SEPARATE_SYMBOL_EDIT\=NO
    export SET_DIR_MODE_OWNER_GROUP\=YES
    export SET_FILE_MODE_OWNER_GROUP\=NO
    export SHALLOW_BUNDLE\=YES
    export SHALLOW_BUNDLE_TRIPLE\=ios-simulator
    export SHALLOW_BUNDLE_ios_macabi\=NO
    export SHALLOW_BUNDLE_macos\=NO
    export SHARED_DERIVED_FILE_DIR\=/Users/antoniogrillo-balen/Library/Developer/Xcode/DerivedData/risebysolis-gzfsziqwziaggpcbgdowmssiasmi/Build/Products/Debug-iphonesimulator/React-rendererconsistency/DerivedSources
    export SHARED_FRAMEWORKS_FOLDER_PATH\=React_rendererconsistency.framework/SharedFrameworks
    export SHARED_PRECOMPS_DIR\=/Users/antoniogrillo-balen/Library/Developer/Xcode/DerivedData/risebysolis-gzfsziqwziaggpcbgdowmssiasmi/Build/Intermediates.noindex/PrecompiledHeaders
    export SHARED_SUPPORT_FOLDER_PATH\=React_rendererconsistency.framework
    export SKIP_INSTALL\=YES
    export SKIP_MERGEABLE_LIBRARY_BUNDLE_HOOK\=NO
    export SOURCE_ROOT\=/Users/antoniogrillo-balen/Desktop/Projects/RiseBuild/ios/Pods
    export SRCROOT\=/Users/antoniogrillo-balen/Desktop/Projects/RiseBuild/ios/Pods
    export STRINGSDATA_DIR\=/Users/antoniogrillo-balen/Library/Developer/Xcode/DerivedData/risebysolis-gzfsziqwziaggpcbgdowmssiasmi/Build/Intermediates.noindex/Pods.build/Debug-iphonesimulator/React-rendererconsistency.build/Objects-normal/undefined_arch
    export STRINGSDATA_ROOT\=/Users/antoniogrillo-balen/Library/Developer/Xcode/DerivedData/risebysolis-gzfsziqwziaggpcbgdowmssiasmi/Build/Intermediates.noindex/Pods.build/Debug-iphonesimulator/React-rendererconsistency.build
    export STRINGS_FILE_INFOPLIST_RENAME\=YES
    export STRINGS_FILE_OUTPUT_ENCODING\=binary
    export STRING_CATALOG_GENERATE_SYMBOLS\=NO
    export STRIP_BITCODE_FROM_COPIED_FILES\=NO
    export STRIP_INSTALLED_PRODUCT\=NO
    export STRIP_STYLE\=debugging
    export STRIP_SWIFT_SYMBOLS\=YES
    export SUPPORTED_DEVICE_FAMILIES\=1,2
    export SUPPORTED_PLATFORMS\=iphoneos\ iphonesimulator
    export SUPPORTS_TEXT_BASED_API\=NO
    export SUPPRESS_WARNINGS\=NO
    export SWIFT_ACTIVE_COMPILATION_CONDITIONS\=\ DEBUG\ 
    export SWIFT_EMIT_CONST_VALUE_PROTOCOLS\=AnyResolverProviding\ AppEntity\ AppEnum\ AppExtension\ AppIntent\ AppIntentsPackage\ AppShortcutProviding\ AppShortcutsProvider\ AppUnionValue\ AppUnionValueCasesProviding\ DynamicOptionsProvider\ EntityQuery\ ExtensionPointDefining\ IntentValueQuery\ Resolver\ TransientEntity\ _AssistantIntentsProvider\ _GenerativeFunctionExtractable\ _IntentValueRepresentable
    export SWIFT_EMIT_LOC_STRINGS\=NO
    export SWIFT_ENABLE_EXPLICIT_MODULES\=YES
    export SWIFT_INSTALL_MODULE_FOR_DEPLOYMENT\=YES
    export SWIFT_INSTALL_OBJC_HEADER\=YES
    export SWIFT_OPTIMIZATION_LEVEL\=-Onone
    export SWIFT_PLATFORM_TARGET_PREFIX\=ios
    export SWIFT_RESPONSE_FILE_PATH_normal_arm64\=/Users/antoniogrillo-balen/Library/Developer/Xcode/DerivedData/risebysolis-gzfsziqwziaggpcbgdowmssiasmi/Build/Intermediates.noindex/Pods.build/Debug-iphonesimulator/React-rendererconsistency.build/Objects-normal/arm64/React_rendererconsistency.SwiftFileList
    export SWIFT_VERSION\=5.0
    export SYMROOT\=/Users/antoniogrillo-balen/Library/Developer/Xcode/DerivedData/risebysolis-gzfsziqwziaggpcbgdowmssiasmi/Build/Products
    export SYSTEM_ADMIN_APPS_DIR\=/Applications/Utilities
    export SYSTEM_APPS_DIR\=/Applications
    export SYSTEM_CORE_SERVICES_DIR\=/System/Library/CoreServices
    export SYSTEM_DEMOS_DIR\=/Applications/Extras
    export SYSTEM_DEVELOPER_APPS_DIR\=/Applications/Xcode.app/Contents/Developer/Applications
    export SYSTEM_DEVELOPER_BIN_DIR\=/Applications/Xcode.app/Contents/Developer/usr/bin
    export SYSTEM_DEVELOPER_DEMOS_DIR\=/Applications/Xcode.app/Contents/Developer/Applications/Utilities/Built\ Examples
    export SYSTEM_DEVELOPER_DIR\=/Applications/Xcode.app/Contents/Developer
    export SYSTEM_DEVELOPER_DOC_DIR\=/Applications/Xcode.app/Contents/Developer/ADC\ Reference\ Library
    export SYSTEM_DEVELOPER_GRAPHICS_TOOLS_DIR\=/Applications/Xcode.app/Contents/Developer/Applications/Graphics\ Tools
    export SYSTEM_DEVELOPER_JAVA_TOOLS_DIR\=/Applications/Xcode.app/Contents/Developer/Applications/Java\ Tools
    export SYSTEM_DEVELOPER_PERFORMANCE_TOOLS_DIR\=/Applications/Xcode.app/Contents/Developer/Applications/Performance\ Tools
    export SYSTEM_DEVELOPER_RELEASENOTES_DIR\=/Applications/Xcode.app/Contents/Developer/ADC\ Reference\ Library/releasenotes
    export SYSTEM_DEVELOPER_TOOLS\=/Applications/Xcode.app/Contents/Developer/Tools
    export SYSTEM_DEVELOPER_TOOLS_DOC_DIR\=/Applications/Xcode.app/Contents/Developer/ADC\ Reference\ Library/documentation/DeveloperTools
    export SYSTEM_DEVELOPER_TOOLS_RELEASENOTES_DIR\=/Applications/Xcode.app/Contents/Developer/ADC\ Reference\ Library/releasenotes/DeveloperTools
    export SYSTEM_DEVELOPER_USR_DIR\=/Applications/Xcode.app/Contents/Developer/usr
    export SYSTEM_DEVELOPER_UTILITIES_DIR\=/Applications/Xcode.app/Contents/Developer/Applications/Utilities
    export SYSTEM_DEXT_INSTALL_PATH\=/System/Library/DriverExtensions
    export SYSTEM_DOCUMENTATION_DIR\=/Library/Documentation
    export SYSTEM_EXTENSIONS_FOLDER_PATH\=React_rendererconsistency.framework/SystemExtensions
    export SYSTEM_EXTENSIONS_FOLDER_PATH_SHALLOW_BUNDLE_NO\=React_rendererconsistency.framework/Library/SystemExtensions
    export SYSTEM_EXTENSIONS_FOLDER_PATH_SHALLOW_BUNDLE_YES\=React_rendererconsistency.framework/SystemExtensions
    export SYSTEM_KEXT_INSTALL_PATH\=/System/Library/Extensions
    export SYSTEM_LIBRARY_DIR\=/System/Library
    export TAPI_DEMANGLE\=YES
    export TAPI_ENABLE_PROJECT_HEADERS\=NO
    export TAPI_LANGUAGE\=objective-c
    export TAPI_LANGUAGE_STANDARD\=compiler-default
    export TAPI_USE_SRCROOT\=YES
    export TAPI_VERIFY_MODE\=Pedantic
    export TARGETED_DEVICE_FAMILY\=1,2
    export TARGETNAME\=React-rendererconsistency
    export TARGET_BUILD_DIR\=/Users/antoniogrillo-balen/Library/Developer/Xcode/DerivedData/risebysolis-gzfsziqwziaggpcbgdowmssiasmi/Build/Products/Debug-iphonesimulator/React-rendererconsistency
    export TARGET_DEVICE_IDENTIFIER\=0C333F8A-4681-4475-855E-6FFD70F12533
    export TARGET_DEVICE_MODEL\=iPhone16,2
    export TARGET_DEVICE_OS_VERSION\=26.4.1
    export TARGET_DEVICE_PLATFORM_NAME\=iphonesimulator
    export TARGET_NAME\=React-rendererconsistency
    export TARGET_TEMP_DIR\=/Users/antoniogrillo-balen/Library/Developer/Xcode/DerivedData/risebysolis-gzfsziqwziaggpcbgdowmssiasmi/Build/Intermediates.noindex/Pods.build/Debug-iphonesimulator/React-rendererconsistency.build
    export TEMP_DIR\=/Users/antoniogrillo-balen/Library/Developer/Xcode/DerivedData/risebysolis-gzfsziqwziaggpcbgdowmssiasmi/Build/Intermediates.noindex/Pods.build/Debug-iphonesimulator/React-rendererconsistency.build
    export TEMP_FILES_DIR\=/Users/antoniogrillo-balen/Library/Developer/Xcode/DerivedData/risebysolis-gzfsziqwziaggpcbgdowmssiasmi/Build/Intermediates.noindex/Pods.build/Debug-iphonesimulator/React-rendererconsistency.build
    export TEMP_FILE_DIR\=/Users/antoniogrillo-balen/Library/Developer/Xcode/DerivedData/risebysolis-gzfsziqwziaggpcbgdowmssiasmi/Build/Intermediates.noindex/Pods.build/Debug-iphonesimulator/React-rendererconsistency.build
    export TEMP_ROOT\=/Users/antoniogrillo-balen/Library/Developer/Xcode/DerivedData/risebysolis-gzfsziqwziaggpcbgdowmssiasmi/Build/Intermediates.noindex
    export TEMP_SANDBOX_DIR\=/Users/antoniogrillo-balen/Library/Developer/Xcode/DerivedData/risebysolis-gzfsziqwziaggpcbgdowmssiasmi/Build/Intermediates.noindex/TemporaryTaskSandboxes
    export TEST_FRAMEWORK_SEARCH_PATHS\=\ /Applications/Xcode.app/Contents/Developer/Platforms/iPhoneSimulator.platform/Developer/Library/Frameworks\ /Applications/Xcode.app/Contents/Developer/Platforms/iPhoneSimulator.platform/Developer/SDKs/iPhoneSimulator26.5.sdk/Developer/Library/Frameworks
    export TEST_LIBRARY_SEARCH_PATHS\=\ /Applications/Xcode.app/Contents/Developer/Platforms/iPhoneSimulator.platform/Developer/usr/lib
    export TOOLCHAINS\=com.apple.dt.toolchain.XcodeDefault
    export TOOLCHAIN_DIR\=/Applications/Xcode.app/Contents/Developer/Toolchains/XcodeDefault.xctoolchain
    export TREAT_MISSING_BASELINES_AS_TEST_FAILURES\=NO
    export TREAT_MISSING_SCRIPT_PHASE_OUTPUTS_AS_ERRORS\=NO
    export TeamIdentifierPrefix\=FAKETEAMID.
    export UID\=501
    export UNINSTALLED_PRODUCTS_DIR\=/Users/antoniogrillo-balen/Library/Developer/Xcode/DerivedData/risebysolis-gzfsziqwziaggpcbgdowmssiasmi/Build/Intermediates.noindex/UninstalledProducts
    export UNLOCALIZED_RESOURCES_FOLDER_PATH\=React_rendererconsistency.framework
    export UNLOCALIZED_RESOURCES_FOLDER_PATH_SHALLOW_BUNDLE_NO\=React_rendererconsistency.framework/Resources
    export UNLOCALIZED_RESOURCES_FOLDER_PATH_SHALLOW_BUNDLE_YES\=React_rendererconsistency.framework
    export UNSTRIPPED_PRODUCT\=NO
    export USER\=antoniogrillo-balen
    export USER_APPS_DIR\=/Users/antoniogrillo-balen/Applications
    export USER_LIBRARY_DIR\=/Users/antoniogrillo-balen/Library
    export USE_DYNAMIC_NO_PIC\=YES
    export USE_HEADERMAP\=YES
    export USE_HEADER_SYMLINKS\=NO
    export USE_HERMES\=true
    export USE_RECURSIVE_SCRIPT_INPUTS_IN_SCRIPT_PHASES\=YES
    export VALIDATE_DEVELOPMENT_ASSET_PATHS\=YES_ERROR
    export VALIDATE_PRODUCT\=NO
    export VALID_ARCHS\=arm64\ x86_64
    export VERBOSE_PBXCP\=NO
    export VERSIONING_SYSTEM\=apple-generic
    export VERSIONPLIST_PATH\=React_rendererconsistency.framework/version.plist
    export VERSIONS_FOLDER_PATH\=React_rendererconsistency.framework
    export VERSIONS_FOLDER_PATH_SHALLOW_BUNDLE_NO\=React_rendererconsistency.framework/Versions
    export VERSIONS_FOLDER_PATH_SHALLOW_BUNDLE_YES\=React_rendererconsistency.framework
    export VERSION_INFO_BUILDER\=antoniogrillo-balen
    export VERSION_INFO_FILE\=React_rendererconsistency_vers.c
    export VERSION_INFO_STRING\=\"@\(\#\)PROGRAM:React_rendererconsistency\ \ PROJECT:Pods-1\"
    export WORKSPACE_DIR\=/Users/antoniogrillo-balen/Desktop/Projects/RiseBuild/ios
    export WRAPPER_EXTENSION\=framework
    export WRAPPER_NAME\=React_rendererconsistency.framework
    export WRAPPER_SUFFIX\=.framework
    export WRAP_ASSET_PACKS_IN_SEPARATE_DIRECTORIES\=NO
    export XCODE_APP_SUPPORT_DIR\=/Applications/Xcode.app/Contents/Developer/Library/Xcode
    export XCODE_PRODUCT_BUILD_VERSION\=17F42
    export XCODE_VERSION_ACTUAL\=2650
    export XCODE_VERSION_MAJOR\=2600
    export XCODE_VERSION_MINOR\=2650
    export XPCSERVICES_FOLDER_PATH\=React_rendererconsistency.framework/XPCServices
    export YACC\=yacc
    export _DISCOVER_COMMAND_LINE_LINKER_INPUTS\=YES
    export _DISCOVER_COMMAND_LINE_LINKER_INPUTS_INCLUDE_WL\=YES
    export _LD_MULTIARCH\=YES
    export _WRAPPER_CONTENTS_DIR_SHALLOW_BUNDLE_NO\=/Contents
    export _WRAPPER_PARENT_PATH_SHALLOW_BUNDLE_NO\=/..
    export _WRAPPER_RESOURCES_DIR_SHALLOW_BUNDLE_NO\=/Resources
    export __DIAGNOSE_DEPRECATED_ARCHS\=YES
    export __ORIGINAL_SDK_DEFINED_LLVM_TARGET_TRIPLE_SYS\=ios
    export arch\=undefined_arch
    export variant\=normal
    /bin/sh -c /Users/antoniogrillo-balen/Library/Developer/Xcode/DerivedData/risebysolis-gzfsziqwziaggpcbgdowmssiasmi/Build/Intermediates.noindex/Pods.build/Debug-iphonesimulator/React-rendererconsistency.build/Script-46EB2E0002C940.sh

warning: Run script build phase 'Create Symlinks to Header Folders' will be run during every build because it does not specify any outputs. To address this issue, either add output dependencies to the script phase, or configure it to run in every build by unchecking "Based on dependency analysis" in the script phase. (in target 'React-runtimescheduler' from project 'Pods')
PhaseScriptExecution Create\ Symlinks\ to\ Header\ Folders /Users/antoniogrillo-balen/Library/Developer/Xcode/DerivedData/risebysolis-gzfsziqwziaggpcbgdowmssiasmi/Build/Intermediates.noindex/Pods.build/Debug-iphonesimulator/React-runtimescheduler.build/Script-46EB2E0002CF20.sh (in target 'React-runtimescheduler' from project 'Pods')
    cd /Users/antoniogrillo-balen/Desktop/Projects/RiseBuild/ios/Pods
    export ACTION\=build
    export AD_HOC_CODE_SIGNING_ALLOWED\=YES
    export ALLOW_BUILD_REQUEST_OVERRIDES\=NO
    export ALLOW_TARGET_PLATFORM_SPECIALIZATION\=NO
    export ALTERNATE_GROUP\=staff
    export ALTERNATE_MODE\=u+w,go-w,a+rX
    export ALTERNATE_OWNER\=antoniogrillo-balen
    export ALTERNATIVE_DISTRIBUTION_WEB\=NO
    export ALWAYS_EMBED_SWIFT_STANDARD_LIBRARIES\=NO
    export ALWAYS_SEARCH_USER_PATHS\=NO
    export ALWAYS_USE_SEPARATE_HEADERMAPS\=NO
    export APPLICATION_EXTENSION_API_ONLY\=NO
    export APPLY_RULES_IN_COPY_FILES\=NO
    export APPLY_RULES_IN_COPY_HEADERS\=NO
    export APP_SHORTCUTS_ENABLE_FLEXIBLE_MATCHING\=YES
    export ARCHS\=arm64
    export ARCHS_BASE\=arm64
    export ARCHS_STANDARD\=arm64\ x86_64
    export ARCHS_STANDARD_32_64_BIT\=arm64\ x86_64
    export ARCHS_STANDARD_64_BIT\=arm64\ x86_64
    export ARCHS_STANDARD_INCLUDING_64_BIT\=arm64\ x86_64
    export ARCHS_UNIVERSAL_IPHONE_OS\=arm64\ x86_64
    export ASSETCATALOG_FILTER_FOR_DEVICE_MODEL\=iPhone16,2
    export ASSETCATALOG_FILTER_FOR_DEVICE_OS_VERSION\=26.4.1
    export ASSETCATALOG_FILTER_FOR_THINNING_DEVICE_CONFIGURATION\=iPhone16,2
    export AUTOMATICALLY_MERGE_DEPENDENCIES\=NO
    export AUTOMATION_APPLE_EVENTS\=NO
    export AVAILABLE_PLATFORMS\=android\ appletvos\ appletvsimulator\ driverkit\ freebsd\ iphoneos\ iphonesimulator\ linux\ macosx\ none\ openbsd\ qnx\ watchos\ watchsimulator\ webassembly\ xros\ xrsimulator
    export AppIdentifierPrefix\=FAKETEAMID.
    export BUILD_ACTIVE_RESOURCES_ONLY\=YES
    export BUILD_COMPONENTS\=headers\ build
    export BUILD_DIR\=/Users/antoniogrillo-balen/Library/Developer/Xcode/DerivedData/risebysolis-gzfsziqwziaggpcbgdowmssiasmi/Build/Products
    export BUILD_LIBRARY_FOR_DISTRIBUTION\=NO
    export BUILD_ONLY_KNOWN_LOCALIZATIONS\=NO
    export BUILD_ROOT\=/Users/antoniogrillo-balen/Library/Developer/Xcode/DerivedData/risebysolis-gzfsziqwziaggpcbgdowmssiasmi/Build/Products
    export BUILD_STYLE\=
    export BUILD_VARIANTS\=normal
    export BUILT_PRODUCTS_DIR\=/Users/antoniogrillo-balen/Library/Developer/Xcode/DerivedData/risebysolis-gzfsziqwziaggpcbgdowmssiasmi/Build/Products/Debug-iphonesimulator/React-runtimescheduler
    export BUNDLE_CONTENTS_FOLDER_PATH_deep\=Contents/
    export BUNDLE_EXECUTABLE_FOLDER_NAME_deep\=MacOS
    export BUNDLE_EXTENSIONS_FOLDER_PATH\=Extensions
    export BUNDLE_FORMAT\=shallow
    export BUNDLE_FRAMEWORKS_FOLDER_PATH\=Frameworks
    export BUNDLE_PLUGINS_FOLDER_PATH\=PlugIns
    export BUNDLE_PRIVATE_HEADERS_FOLDER_PATH\=PrivateHeaders
    export BUNDLE_PUBLIC_HEADERS_FOLDER_PATH\=Headers
    export CACHE_ROOT\=/var/folders/2z/jtlqylkx0c709j3xb7b0g4cm0000gn/C/com.apple.DeveloperTools/26.5-17F42/Xcode
    export CCHROOT\=/var/folders/2z/jtlqylkx0c709j3xb7b0g4cm0000gn/C/com.apple.DeveloperTools/26.5-17F42/Xcode
    export CHMOD\=/bin/chmod
    export CHOWN\=chown
    export CLANG_ANALYZER_LOCALIZABILITY_NONLOCALIZED\=YES
    export CLANG_ANALYZER_NONNULL\=YES
    export CLANG_ANALYZER_NUMBER_OBJECT_CONVERSION\=YES_AGGRESSIVE
    export CLANG_CACHE_FINE_GRAINED_OUTPUTS\=YES
    export CLANG_CXX_LANGUAGE_STANDARD\=c++20
    export CLANG_CXX_LIBRARY\=libc++
    export CLANG_ENABLE_EXPLICIT_MODULES\=YES
    export CLANG_ENABLE_MODULES\=YES
    export CLANG_ENABLE_OBJC_ARC\=YES
    export CLANG_ENABLE_OBJC_WEAK\=NO
    export CLANG_MODULES_BUILD_SESSION_FILE\=/Users/antoniogrillo-balen/Library/Developer/Xcode/DerivedData/ModuleCache.noindex/Session.modulevalidation
    export CLANG_WARN_BLOCK_CAPTURE_AUTORELEASING\=YES
    export CLANG_WARN_BOOL_CONVERSION\=YES
    export CLANG_WARN_COMMA\=YES
    export CLANG_WARN_CONSTANT_CONVERSION\=YES
    export CLANG_WARN_DEPRECATED_OBJC_IMPLEMENTATIONS\=YES
    export CLANG_WARN_DIRECT_OBJC_ISA_USAGE\=YES_ERROR
    export CLANG_WARN_DOCUMENTATION_COMMENTS\=YES
    export CLANG_WARN_EMPTY_BODY\=YES
    export CLANG_WARN_ENUM_CONVERSION\=YES
    export CLANG_WARN_INFINITE_RECURSION\=YES
    export CLANG_WARN_INT_CONVERSION\=YES
    export CLANG_WARN_NON_LITERAL_NULL_CONVERSION\=YES
    export CLANG_WARN_OBJC_IMPLICIT_RETAIN_SELF\=YES
    export CLANG_WARN_OBJC_LITERAL_CONVERSION\=YES
    export CLANG_WARN_OBJC_ROOT_CLASS\=YES_ERROR
    export CLANG_WARN_QUOTED_INCLUDE_IN_FRAMEWORK_HEADER\=NO
    export CLANG_WARN_RANGE_LOOP_ANALYSIS\=YES
    export CLANG_WARN_STRICT_PROTOTYPES\=YES
    export CLANG_WARN_SUSPICIOUS_MOVE\=YES
    export CLANG_WARN_UNGUARDED_AVAILABILITY\=YES_AGGRESSIVE
    export CLANG_WARN_UNREACHABLE_CODE\=YES
    export CLANG_WARN__DUPLICATE_METHOD_MATCH\=YES
    export CLASS_FILE_DIR\=/Users/antoniogrillo-balen/Library/Developer/Xcode/DerivedData/risebysolis-gzfsziqwziaggpcbgdowmssiasmi/Build/Intermediates.noindex/Pods.build/Debug-iphonesimulator/React-runtimescheduler.build/JavaClasses
    export CLEAN_PRECOMPS\=YES
    export CLONE_HEADERS\=NO
    export CODESIGNING_FOLDER_PATH\=/Users/antoniogrillo-balen/Library/Developer/Xcode/DerivedData/risebysolis-gzfsziqwziaggpcbgdowmssiasmi/Build/Products/Debug-iphonesimulator/React-runtimescheduler/React_runtimescheduler.framework
    export CODE_SIGNING_ALLOWED\=YES
    export CODE_SIGNING_REQUIRED\=NO
    export CODE_SIGNING_REQUIRES_TEAM\=YES
    export CODE_SIGN_CONTEXT_CLASS\=XCiPhoneSimulatorCodeSignContext
    export CODE_SIGN_IDENTITY\=-
    export CODE_SIGN_INJECT_BASE_ENTITLEMENTS\=YES
    export COLOR_DIAGNOSTICS\=NO
    export COMBINE_HIDPI_IMAGES\=NO
    export COMPILATION_CACHE_CAS_PATH\=/Users/antoniogrillo-balen/Library/Developer/Xcode/DerivedData/CompilationCache.noindex
    export COMPILATION_CACHE_KEEP_CAS_DIRECTORY\=YES
    export COMPILER_INDEX_STORE_ENABLE\=Default
    export COMPOSITE_SDK_DIRS\=/Users/antoniogrillo-balen/Library/Developer/Xcode/DerivedData/risebysolis-gzfsziqwziaggpcbgdowmssiasmi/Build/Intermediates.noindex/CompositeSDKs
    export COMPRESS_PNG_FILES\=YES
    export CONFIGURATION\=Debug
    export CONFIGURATION_BUILD_DIR\=/Users/antoniogrillo-balen/Library/Developer/Xcode/DerivedData/risebysolis-gzfsziqwziaggpcbgdowmssiasmi/Build/Products/Debug-iphonesimulator/React-runtimescheduler
    export CONFIGURATION_TEMP_DIR\=/Users/antoniogrillo-balen/Library/Developer/Xcode/DerivedData/risebysolis-gzfsziqwziaggpcbgdowmssiasmi/Build/Intermediates.noindex/Pods.build/Debug-iphonesimulator
    export CONTENTS_FOLDER_PATH\=React_runtimescheduler.framework
    export CONTENTS_FOLDER_PATH_SHALLOW_BUNDLE_NO\=React_runtimescheduler.framework/A
    export CONTENTS_FOLDER_PATH_SHALLOW_BUNDLE_YES\=React_runtimescheduler.framework
    export COPYING_PRESERVES_HFS_DATA\=NO
    export COPY_HEADERS_RUN_UNIFDEF\=NO
    export COPY_PHASE_STRIP\=NO
    export CORRESPONDING_DEVICE_PLATFORM_DIR\=/Applications/Xcode.app/Contents/Developer/Platforms/iPhoneOS.platform
    export CORRESPONDING_DEVICE_PLATFORM_NAME\=iphoneos
    export CORRESPONDING_DEVICE_SDK_DIR\=/Applications/Xcode.app/Contents/Developer/Platforms/iPhoneOS.platform/Developer/SDKs/iPhoneOS26.5.sdk
    export CORRESPONDING_DEVICE_SDK_NAME\=iphoneos26.5
    export CP\=/bin/cp
    export CREATE_INFOPLIST_SECTION_IN_BINARY\=NO
    export CURRENT_ARCH\=undefined_arch
    export CURRENT_PROJECT_VERSION\=1
    export CURRENT_VARIANT\=normal
    export CURRENT_VERSION\=Current
    export DEAD_CODE_STRIPPING\=YES
    export DEBUGGING_SYMBOLS\=YES
    export DEBUG_INFORMATION_FORMAT\=dwarf
    export DEBUG_INFORMATION_VERSION\=compiler-default
    export DEFAULT_COMPILER\=com.apple.compilers.llvm.clang.1_0
    export DEFAULT_DEXT_INSTALL_PATH\=/System/Library/DriverExtensions
    export DEFAULT_KEXT_INSTALL_PATH\=/System/Library/Extensions
    export DEFINES_MODULE\=YES
    export DEPLOYMENT_LOCATION\=NO
    export DEPLOYMENT_POSTPROCESSING\=NO
    export DEPLOYMENT_TARGET_SETTING_NAME\=IPHONEOS_DEPLOYMENT_TARGET
    export DEPLOYMENT_TARGET_SUGGESTED_VALUES\=12.0\ 12.1\ 12.2\ 12.3\ 12.4\ 13.0\ 13.1\ 13.2\ 13.3\ 13.4\ 13.5\ 13.6\ 14.0\ 14.1\ 14.2\ 14.3\ 14.4\ 14.5\ 14.6\ 14.7\ 15.0\ 15.1\ 15.2\ 15.3\ 15.4\ 15.5\ 15.6\ 16.0\ 16.1\ 16.2\ 16.3\ 16.4\ 16.5\ 16.6\ 17.0\ 17.1\ 17.2\ 17.3\ 17.4\ 17.5\ 17.6\ 18.0\ 18.1\ 18.2\ 18.3\ 18.4\ 18.5\ 18.6\ 26.0\ 26.2\ 26.3\ 26.4\ 26.5
    export DERIVED_FILES_DIR\=/Users/antoniogrillo-balen/Library/Developer/Xcode/DerivedData/risebysolis-gzfsziqwziaggpcbgdowmssiasmi/Build/Intermediates.noindex/Pods.build/Debug-iphonesimulator/React-runtimescheduler.build/DerivedSources
    export DERIVED_FILE_DIR\=/Users/antoniogrillo-balen/Library/Developer/Xcode/DerivedData/risebysolis-gzfsziqwziaggpcbgdowmssiasmi/Build/Intermediates.noindex/Pods.build/Debug-iphonesimulator/React-runtimescheduler.build/DerivedSources
    export DERIVED_SOURCES_DIR\=/Users/antoniogrillo-balen/Library/Developer/Xcode/DerivedData/risebysolis-gzfsziqwziaggpcbgdowmssiasmi/Build/Intermediates.noindex/Pods.build/Debug-iphonesimulator/React-runtimescheduler.build/DerivedSources
    export DEVELOPER_APPLICATIONS_DIR\=/Applications/Xcode.app/Contents/Developer/Applications
    export DEVELOPER_BIN_DIR\=/Applications/Xcode.app/Contents/Developer/usr/bin
    export DEVELOPER_DIR\=/Applications/Xcode.app/Contents/Developer
    export DEVELOPER_FRAMEWORKS_DIR\=/Applications/Xcode.app/Contents/Developer/Library/Frameworks
    export DEVELOPER_FRAMEWORKS_DIR_QUOTED\=/Applications/Xcode.app/Contents/Developer/Library/Frameworks
    export DEVELOPER_LIBRARY_DIR\=/Applications/Xcode.app/Contents/Developer/Library
    export DEVELOPER_SDK_DIR\=/Applications/Xcode.app/Contents/Developer/Platforms/MacOSX.platform/Developer/SDKs
    export DEVELOPER_TOOLS_DIR\=/Applications/Xcode.app/Contents/Developer/Tools
    export DEVELOPER_USR_DIR\=/Applications/Xcode.app/Contents/Developer/usr
    export DEVELOPMENT_LANGUAGE\=en
    export DIAGNOSE_MISSING_TARGET_DEPENDENCIES\=YES
    export DIFF\=/usr/bin/diff
    export DOCUMENTATION_FOLDER_PATH\=React_runtimescheduler.framework/en.lproj/Documentation
    export DONT_GENERATE_INFOPLIST_FILE\=NO
    export DSTROOT\=/tmp/Pods.dst
    export DT_TOOLCHAIN_DIR\=/Applications/Xcode.app/Contents/Developer/Toolchains/XcodeDefault.xctoolchain
    export DUMP_DEPENDENCIES\=NO
    export DUMP_DEPENDENCIES_OUTPUT_PATH\=/Users/antoniogrillo-balen/Library/Developer/Xcode/DerivedData/risebysolis-gzfsziqwziaggpcbgdowmssiasmi/Build/Intermediates.noindex/Pods.build/Debug-iphonesimulator/React-runtimescheduler.build/React-runtimescheduler-BuildDependencyInfo.json
    export DWARF_DSYM_FILE_NAME\=React_runtimescheduler.framework.dSYM
    export DWARF_DSYM_FILE_SHOULD_ACCOMPANY_PRODUCT\=NO
    export DWARF_DSYM_FOLDER_PATH\=/Users/antoniogrillo-balen/Library/Developer/Xcode/DerivedData/risebysolis-gzfsziqwziaggpcbgdowmssiasmi/Build/Products/Debug-iphonesimulator/React-runtimescheduler
    export DYLIB_COMPATIBILITY_VERSION\=1
    export DYLIB_CURRENT_VERSION\=1
    export DYLIB_INSTALL_NAME_BASE\=@rpath
    export DYNAMIC_LIBRARY_EXTENSION\=dylib
    export EAGER_COMPILATION_ALLOW_SCRIPTS\=NO
    export EAGER_LINKING\=NO
    export EFFECTIVE_PLATFORM_NAME\=-iphonesimulator
    export EFFECTIVE_SWIFT_VERSION\=5
    export EMBEDDED_CONTENT_CONTAINS_SWIFT\=NO
    export EMBED_ASSET_PACKS_IN_PRODUCT_BUNDLE\=NO
    export ENABLE_APP_SANDBOX\=NO
    export ENABLE_CODE_COVERAGE\=YES
    export ENABLE_COHORT_ARCHS\=NO
    export ENABLE_CPLUSPLUS_BOUNDS_SAFE_BUFFERS\=NO
    export ENABLE_C_BOUNDS_SAFETY\=NO
    export ENABLE_DEFAULT_HEADER_SEARCH_PATHS\=YES
    export ENABLE_DEFAULT_SEARCH_PATHS\=YES
    export ENABLE_ENHANCED_SECURITY\=NO
    export ENABLE_HARDENED_RUNTIME\=NO
    export ENABLE_HEADER_DEPENDENCIES\=YES
    export ENABLE_INCOMING_NETWORK_CONNECTIONS\=NO
    export ENABLE_MODULE_VERIFIER\=NO
    export ENABLE_ON_DEMAND_RESOURCES\=NO
    export ENABLE_OUTGOING_NETWORK_CONNECTIONS\=NO
    export ENABLE_POINTER_AUTHENTICATION\=NO
    export ENABLE_PREVIEWS\=NO
    export ENABLE_RESOURCE_ACCESS_AUDIO_INPUT\=NO
    export ENABLE_RESOURCE_ACCESS_BLUETOOTH\=NO
    export ENABLE_RESOURCE_ACCESS_CALENDARS\=NO
    export ENABLE_RESOURCE_ACCESS_CAMERA\=NO
    export ENABLE_RESOURCE_ACCESS_CONTACTS\=NO
    export ENABLE_RESOURCE_ACCESS_LOCATION\=NO
    export ENABLE_RESOURCE_ACCESS_PHOTO_LIBRARY\=NO
    export ENABLE_RESOURCE_ACCESS_PRINTING\=NO
    export ENABLE_RESOURCE_ACCESS_USB\=NO
    export ENABLE_SDK_IMPORTS\=NO
    export ENABLE_SECURITY_COMPILER_WARNINGS\=NO
    export ENABLE_STRICT_OBJC_MSGSEND\=YES
    export ENABLE_TESTABILITY\=YES
    export ENABLE_TESTING_SEARCH_PATHS\=NO
    export ENABLE_USER_SCRIPT_SANDBOXING\=NO
    export ENABLE_XOJIT_PREVIEWS\=YES
    export ENFORCE_VALID_ARCHS\=YES
    export ENTITLEMENTS_DESTINATION\=__entitlements
    export ENTITLEMENTS_REQUIRED\=NO
    export EXCLUDED_INSTALLSRC_SUBDIRECTORY_PATTERNS\=.DS_Store\ .svn\ .git\ .hg\ CVS
    export EXCLUDED_RECURSIVE_SEARCH_PATH_SUBDIRECTORIES\=\*.nib\ \*.lproj\ \*.framework\ \*.gch\ \*.xcode\*\ \*.xcassets\ \*.icon\ \(\*\)\ .DS_Store\ CVS\ .svn\ .git\ .hg\ \*.pbproj\ \*.pbxproj
    export EXECUTABLES_FOLDER_PATH\=React_runtimescheduler.framework/en.lproj
    export EXECUTABLE_FOLDER_PATH\=React_runtimescheduler.framework
    export EXECUTABLE_FOLDER_PATH_SHALLOW_BUNDLE_NO\=React_runtimescheduler.framework
    export EXECUTABLE_FOLDER_PATH_SHALLOW_BUNDLE_YES\=React_runtimescheduler.framework
    export EXECUTABLE_NAME\=React_runtimescheduler
    export EXECUTABLE_PATH\=React_runtimescheduler.framework/React_runtimescheduler
    export EXPANDED_CODE_SIGN_IDENTITY\=-
    export EXPANDED_CODE_SIGN_IDENTITY_NAME\=Sign\ to\ Run\ Locally
    export EXTENSIONS_FOLDER_PATH\=React_runtimescheduler.framework/Extensions
    export FILE_LIST\=/Users/antoniogrillo-balen/Library/Developer/Xcode/DerivedData/risebysolis-gzfsziqwziaggpcbgdowmssiasmi/Build/Intermediates.noindex/Pods.build/Debug-iphonesimulator/React-runtimescheduler.build/Objects/LinkFileList
    export FIXED_FILES_DIR\=/Users/antoniogrillo-balen/Library/Developer/Xcode/DerivedData/risebysolis-gzfsziqwziaggpcbgdowmssiasmi/Build/Intermediates.noindex/Pods.build/Debug-iphonesimulator/React-runtimescheduler.build/FixedFiles
    export FRAMEWORKS_FOLDER_PATH\=React_runtimescheduler.framework/Frameworks
    export FRAMEWORK_FLAG_PREFIX\=-framework
    export FRAMEWORK_SEARCH_PATHS\=/Users/antoniogrillo-balen/Library/Developer/Xcode/DerivedData/risebysolis-gzfsziqwziaggpcbgdowmssiasmi/Build/Products/Debug-iphonesimulator/React-runtimescheduler\ \ \"/Users/antoniogrillo-balen/Library/Developer/Xcode/DerivedData/risebysolis-gzfsziqwziaggpcbgdowmssiasmi/Build/Products/Debug-iphonesimulator/DoubleConversion\"\ \"/Users/antoniogrillo-balen/Library/Developer/Xcode/DerivedData/risebysolis-gzfsziqwziaggpcbgdowmssiasmi/Build/Products/Debug-iphonesimulator/RCT-Folly\"\ \"/Users/antoniogrillo-balen/Library/Developer/Xcode/DerivedData/risebysolis-gzfsziqwziaggpcbgdowmssiasmi/Build/Products/Debug-iphonesimulator/React-cxxreact\"\ \"/Users/antoniogrillo-balen/Library/Developer/Xcode/DerivedData/risebysolis-gzfsziqwziaggpcbgdowmssiasmi/Build/Products/Debug-iphonesimulator/React-debug\"\ \"/Users/antoniogrillo-balen/Library/Developer/Xcode/DerivedData/risebysolis-gzfsziqwziaggpcbgdowmssiasmi/Build/Products/Debug-iphonesimulator/React-featureflags\"\ \"/Users/antoniogrillo-balen/Library/Developer/Xcode/DerivedData/risebysolis-gzfsziqwziaggpcbgdowmssiasmi/Build/Products/Debug-iphonesimulator/React-jsi\"\ \"/Users/antoniogrillo-balen/Library/Developer/Xcode/DerivedData/risebysolis-gzfsziqwziaggpcbgdowmssiasmi/Build/Products/Debug-iphonesimulator/React-jsinspector\"\ \"/Users/antoniogrillo-balen/Library/Developer/Xcode/DerivedData/risebysolis-gzfsziqwziaggpcbgdowmssiasmi/Build/Products/Debug-iphonesimulator/React-logger\"\ \"/Users/antoniogrillo-balen/Library/Developer/Xcode/DerivedData/risebysolis-gzfsziqwziaggpcbgdowmssiasmi/Build/Products/Debug-iphonesimulator/React-perflogger\"\ \"/Users/antoniogrillo-balen/Library/Developer/Xcode/DerivedData/risebysolis-gzfsziqwziaggpcbgdowmssiasmi/Build/Products/Debug-iphonesimulator/React-performancetimeline\"\ \"/Users/antoniogrillo-balen/Library/Developer/Xcode/DerivedData/risebysolis-gzfsziqwziaggpcbgdowmssiasmi/Build/Products/Debug-iphonesimulator/React-rendererconsistency\"\ \"/Users/antoniogrillo-balen/Library/Developer/Xcode/DerivedData/risebysolis-gzfsziqwziaggpcbgdowmssiasmi/Build/Products/Debug-iphonesimulator/React-rendererdebug\"\ \"/Users/antoniogrillo-balen/Library/Developer/Xcode/DerivedData/risebysolis-gzfsziqwziaggpcbgdowmssiasmi/Build/Products/Debug-iphonesimulator/React-utils\"\ \"/Users/antoniogrillo-balen/Library/Developer/Xcode/DerivedData/risebysolis-gzfsziqwziaggpcbgdowmssiasmi/Build/Products/Debug-iphonesimulator/fmt\"\ \"/Users/antoniogrillo-balen/Library/Developer/Xcode/DerivedData/risebysolis-gzfsziqwziaggpcbgdowmssiasmi/Build/Products/Debug-iphonesimulator/glog\"\ \"/Users/antoniogrillo-balen/Desktop/Projects/RiseBuild/ios/Pods/hermes-engine/destroot/Library/Frameworks/universal\"\ \"/Users/antoniogrillo-balen/Library/Developer/Xcode/DerivedData/risebysolis-gzfsziqwziaggpcbgdowmssiasmi/Build/Products/Debug-iphonesimulator/XCFrameworkIntermediates/hermes-engine/Pre-built\"
    export FRAMEWORK_VERSION\=A
    export FULL_PRODUCT_NAME\=React_runtimescheduler.framework
    export FUSE_BUILD_PHASES\=YES
    export FUSE_BUILD_SCRIPT_PHASES\=NO
    export GCC3_VERSION\=3.3
    export GCC_C_LANGUAGE_STANDARD\=gnu11
    export GCC_DYNAMIC_NO_PIC\=NO
    export GCC_INLINES_ARE_PRIVATE_EXTERN\=YES
    export GCC_NO_COMMON_BLOCKS\=YES
    export GCC_OBJC_LEGACY_DISPATCH\=YES
    export GCC_OPTIMIZATION_LEVEL\=0
    export GCC_PFE_FILE_C_DIALECTS\=c\ objective-c\ c++\ objective-c++
    export GCC_PREFIX_HEADER\=Target\ Support\ Files/React-runtimescheduler/React-runtimescheduler-prefix.pch
    export GCC_PREPROCESSOR_DEFINITIONS\=POD_CONFIGURATION_DEBUG\=1\ DEBUG\=1\ \ COCOAPODS\=1
    export GCC_TREAT_WARNINGS_AS_ERRORS\=NO
    export GCC_VERSION\=com.apple.compilers.llvm.clang.1_0
    export GCC_VERSION_IDENTIFIER\=com_apple_compilers_llvm_clang_1_0
    export GCC_WARN_64_TO_32_BIT_CONVERSION\=YES
    export GCC_WARN_ABOUT_RETURN_TYPE\=YES_ERROR
    export GCC_WARN_UNDECLARED_SELECTOR\=YES
    export GCC_WARN_UNINITIALIZED_AUTOS\=YES_AGGRESSIVE
    export GCC_WARN_UNUSED_FUNCTION\=YES
    export GCC_WARN_UNUSED_VARIABLE\=YES
    export GENERATED_MODULEMAP_DIR\=/Users/antoniogrillo-balen/Library/Developer/Xcode/DerivedData/risebysolis-gzfsziqwziaggpcbgdowmssiasmi/Build/Intermediates.noindex/GeneratedModuleMaps-iphonesimulator
    export GENERATE_INFOPLIST_FILE\=NO
    export GENERATE_INTERMEDIATE_TEXT_BASED_STUBS\=YES
    export GENERATE_PKGINFO_FILE\=NO
    export GENERATE_PRELINK_OBJECT_FILE\=NO
    export GENERATE_PROFILING_CODE\=NO
    export GENERATE_TEXT_BASED_STUBS\=NO
    export GID\=20
    export GROUP\=staff
    export HEADERMAP_INCLUDES_FLAT_ENTRIES_FOR_TARGET_BEING_BUILT\=YES
    export HEADERMAP_INCLUDES_FRAMEWORK_ENTRIES_FOR_ALL_PRODUCT_TYPES\=YES
    export HEADERMAP_INCLUDES_FRAMEWORK_ENTRIES_FOR_TARGETS_NOT_BEING_BUILT\=YES
    export HEADERMAP_INCLUDES_NONPUBLIC_NONPRIVATE_HEADERS\=YES
    export HEADERMAP_INCLUDES_PROJECT_HEADERS\=YES
    export HEADERMAP_USES_FRAMEWORK_PREFIX_ENTRIES\=YES
    export HEADERMAP_USES_VFS\=YES
    export HEADER_SEARCH_PATHS\=/Users/antoniogrillo-balen/Library/Developer/Xcode/DerivedData/risebysolis-gzfsziqwziaggpcbgdowmssiasmi/Build/Products/Debug-iphonesimulator/React-runtimescheduler/include\ \ /Users/antoniogrillo-balen/Library/Developer/Xcode/DerivedData/risebysolis-gzfsziqwziaggpcbgdowmssiasmi/Build/Products/Debug-iphonesimulator/ReactCommon/ReactCommon.framework/Headers\ /Users/antoniogrillo-balen/Library/Developer/Xcode/DerivedData/risebysolis-gzfsziqwziaggpcbgdowmssiasmi/Build/Products/Debug-iphonesimulator/ReactCommon/ReactCommon.framework/Headers/react/nativemodule/core\ /Users/antoniogrillo-balen/Library/Developer/Xcode/DerivedData/risebysolis-gzfsziqwziaggpcbgdowmssiasmi/Build/Products/Debug-iphonesimulator/ReactCommon-Samples/ReactCommon_Samples.framework/Headers\ /Users/antoniogrillo-balen/Library/Developer/Xcode/DerivedData/risebysolis-gzfsziqwziaggpcbgdowmssiasmi/Build/Products/Debug-iphonesimulator/ReactCommon-Samples/ReactCommon_Samples.framework/Headers/platform/ios\ /Users/antoniogrillo-balen/Library/Developer/Xcode/DerivedData/risebysolis-gzfsziqwziaggpcbgdowmssiasmi/Build/Products/Debug-iphonesimulator/React-Fabric/React_Fabric.framework/Headers/react/renderer/components/view/platform/cxx\ /Users/antoniogrillo-balen/Library/Developer/Xcode/DerivedData/risebysolis-gzfsziqwziaggpcbgdowmssiasmi/Build/Products/Debug-iphonesimulator/React-NativeModulesApple/React_NativeModulesApple.framework/Headers\ /Users/antoniogrillo-balen/Library/Developer/Xcode/DerivedData/risebysolis-gzfsziqwziaggpcbgdowmssiasmi/Build/Products/Debug-iphonesimulator/React-graphics/React_graphics.framework/Headers\ /Users/antoniogrillo-balen/Library/Developer/Xcode/DerivedData/risebysolis-gzfsziqwziaggpcbgdowmssiasmi/Build/Products/Debug-iphonesimulator/React-graphics/React_graphics.framework/Headers/react/renderer/graphics/platform/ios\ \"/Users/antoniogrillo-balen/Desktop/Projects/RiseBuild/ios/Pods/Headers/Public\"\ \"/Users/antoniogrillo-balen/Desktop/Projects/RiseBuild/ios/Pods/Headers/Public/React-callinvoker\"\ \"/Users/antoniogrillo-balen/Desktop/Projects/RiseBuild/ios/Pods/Headers/Public/React-runtimeexecutor\"\ \"/Users/antoniogrillo-balen/Desktop/Projects/RiseBuild/ios/Pods/Headers/Public/React-timing\"\ \"/Users/antoniogrillo-balen/Desktop/Projects/RiseBuild/ios/Pods/Headers/Public/boost\"\ \"/Users/antoniogrillo-balen/Desktop/Projects/RiseBuild/ios/Pods/Headers/Public/fast_float\"\ \"/Users/antoniogrillo-balen/Desktop/Projects/RiseBuild/ios/Pods/Headers/Public/hermes-engine\"\ \"/Users/antoniogrillo-balen/Desktop/Projects/RiseBuild/ios/Pods/RCT-Folly\"\ \"/Users/antoniogrillo-balen/Desktop/Projects/RiseBuild/ios/Pods/boost\"\ \"/Users/antoniogrillo-balen/Desktop/Projects/RiseBuild/ios/Pods/../../node_modules/react-native/ReactCommon/react/renderer/runtimescheduler/../../..\"\ \"/Users/antoniogrillo-balen/Library/Developer/Xcode/DerivedData/risebysolis-gzfsziqwziaggpcbgdowmssiasmi/Build/Products/Debug-iphonesimulator/React-debug/React_debug.framework/Headers\"\ \"/Users/antoniogrillo-balen/Desktop/Projects/RiseBuild/ios/Pods/RCT-Folly\"\ \"/Users/antoniogrillo-balen/Desktop/Projects/RiseBuild/ios/Pods/DoubleConversion\"\ \"/Users/antoniogrillo-balen/Desktop/Projects/RiseBuild/ios/Pods/fast_float/include\"\ \"/Users/antoniogrillo-balen/Desktop/Projects/RiseBuild/ios/Pods/fmt/include\"\ \"/Users/antoniogrillo-balen/Desktop/Projects/RiseBuild/ios/Pods/boost\"
    export HOME\=/Users/antoniogrillo-balen
    export HOST_ARCH\=arm64
    export HOST_PLATFORM\=macosx
    export ICONV\=/usr/bin/iconv
    export IMPLICIT_DEPENDENCY_DOMAIN\=default
    export INDEX_STORE_COMPRESS\=NO
    export INDEX_STORE_ONLY_PROJECT_FILES\=NO
    export INFOPLIST_ENABLE_CFBUNDLEICONS_MERGE\=YES
    export INFOPLIST_EXPAND_BUILD_SETTINGS\=YES
    export INFOPLIST_FILE\=Target\ Support\ Files/React-runtimescheduler/React-runtimescheduler-Info.plist
    export INFOPLIST_OUTPUT_FORMAT\=binary
    export INFOPLIST_PATH\=React_runtimescheduler.framework/Info.plist
    export INFOPLIST_PREPROCESS\=NO
    export INFOSTRINGS_PATH\=React_runtimescheduler.framework/en.lproj/InfoPlist.strings
    export INLINE_PRIVATE_FRAMEWORKS\=NO
    export INSTALLAPI_IGNORE_SKIP_INSTALL\=YES
    export INSTALLHDRS_COPY_PHASE\=NO
    export INSTALLHDRS_SCRIPT_PHASE\=NO
    export INSTALL_DIR\=/tmp/Pods.dst/Library/Frameworks
    export INSTALL_GROUP\=staff
    export INSTALL_MODE_FLAG\=u+w,go-w,a+rX
    export INSTALL_OWNER\=antoniogrillo-balen
    export INSTALL_PATH\=/Library/Frameworks
    export INSTALL_ROOT\=/tmp/Pods.dst
    export IPHONEOS_DEPLOYMENT_TARGET\=15.1
    export IS_UNOPTIMIZED_BUILD\=YES
    export JAVAC_DEFAULT_FLAGS\=-J-Xms64m\ -J-XX:NewSize\=4M\ -J-Dfile.encoding\=UTF8
    export JAVA_APP_STUB\=/System/Library/Frameworks/JavaVM.framework/Resources/MacOS/JavaApplicationStub
    export JAVA_ARCHIVE_CLASSES\=YES
    export JAVA_ARCHIVE_TYPE\=JAR
    export JAVA_COMPILER\=/usr/bin/javac
    export JAVA_FOLDER_PATH\=React_runtimescheduler.framework/Java
    export JAVA_FRAMEWORK_RESOURCES_DIRS\=Resources
    export JAVA_JAR_FLAGS\=cv
    export JAVA_SOURCE_SUBDIR\=.
    export JAVA_USE_DEPENDENCIES\=YES
    export JAVA_ZIP_FLAGS\=-urg
    export JIKES_DEFAULT_FLAGS\=+E\ +OLDCSO
    export KEEP_PRIVATE_EXTERNS\=NO
    export LD_DEPENDENCY_INFO_FILE\=/Users/antoniogrillo-balen/Library/Developer/Xcode/DerivedData/risebysolis-gzfsziqwziaggpcbgdowmssiasmi/Build/Intermediates.noindex/Pods.build/Debug-iphonesimulator/React-runtimescheduler.build/Objects-normal/undefined_arch/React_runtimescheduler_dependency_info.dat
    export LD_DYLIB_INSTALL_NAME\=@rpath/React_runtimescheduler.framework/React_runtimescheduler
    export LD_EXPORT_SYMBOLS\=YES
    export LD_GENERATE_MAP_FILE\=NO
    export LD_MAP_FILE_PATH\=/Users/antoniogrillo-balen/Library/Developer/Xcode/DerivedData/risebysolis-gzfsziqwziaggpcbgdowmssiasmi/Build/Intermediates.noindex/Pods.build/Debug-iphonesimulator/React-runtimescheduler.build/React_runtimescheduler-LinkMap-normal-undefined_arch.txt
    export LD_NO_PIE\=NO
    export LD_QUOTE_LINKER_ARGUMENTS_FOR_COMPILER_DRIVER\=YES
    export LD_RUNPATH_SEARCH_PATHS\=\ @executable_path/Frameworks\ @loader_path/Frameworks
    export LD_SHARED_CACHE_ELIGIBLE\=Automatic
    export LD_WARN_DUPLICATE_LIBRARIES\=NO
    export LD_WARN_UNUSED_DYLIBS\=NO
    export LEGACY_DEVELOPER_DIR\=/Applications/Xcode.app/Contents/PlugIns/Xcode3Core.ideplugin/Contents/SharedSupport/Developer
    export LEX\=lex
    export LIBRARY_DEXT_INSTALL_PATH\=/Library/DriverExtensions
    export LIBRARY_FLAG_NOSPACE\=YES
    export LIBRARY_FLAG_PREFIX\=-l
    export LIBRARY_KEXT_INSTALL_PATH\=/Library/Extensions
    export LIBRARY_SEARCH_PATHS\=/Users/antoniogrillo-balen/Library/Developer/Xcode/DerivedData/risebysolis-gzfsziqwziaggpcbgdowmssiasmi/Build/Products/Debug-iphonesimulator/React-runtimescheduler\ 
    export LINKER_DISPLAYS_MANGLED_NAMES\=NO
    export LINK_FILE_LIST_normal_arm64\=/Users/antoniogrillo-balen/Library/Developer/Xcode/DerivedData/risebysolis-gzfsziqwziaggpcbgdowmssiasmi/Build/Intermediates.noindex/Pods.build/Debug-iphonesimulator/React-runtimescheduler.build/Objects-normal/arm64/React_runtimescheduler.LinkFileList
    export LINK_OBJC_RUNTIME\=YES
    export LINK_WITH_STANDARD_LIBRARIES\=YES
    export LLVM_TARGET_TRIPLE_OS_VERSION\=ios15.1
    export LLVM_TARGET_TRIPLE_SUFFIX\=-simulator
    export LLVM_TARGET_TRIPLE_VENDOR\=apple
    export LM_AUX_CONST_METADATA_LIST_PATH_normal_arm64\=/Users/antoniogrillo-balen/Library/Developer/Xcode/DerivedData/risebysolis-gzfsziqwziaggpcbgdowmssiasmi/Build/Intermediates.noindex/Pods.build/Debug-iphonesimulator/React-runtimescheduler.build/Objects-normal/arm64/React_runtimescheduler.SwiftConstValuesFileList
    export LOCALIZATION_EXPORT_SUPPORTED\=YES
    export LOCALIZATION_PREFERS_STRING_CATALOGS\=NO
    export LOCALIZED_RESOURCES_FOLDER_PATH\=React_runtimescheduler.framework/en.lproj
    export LOCALIZED_STRING_CODE_COMMENTS\=NO
    export LOCALIZED_STRING_MACRO_NAMES\=NSLocalizedString\ CFCopyLocalizedString
    export LOCALIZED_STRING_SWIFTUI_SUPPORT\=YES
    export LOCAL_ADMIN_APPS_DIR\=/Applications/Utilities
    export LOCAL_APPS_DIR\=/Applications
    export LOCAL_DEVELOPER_DIR\=/Library/Developer
    export LOCAL_LIBRARY_DIR\=/Library
    export LOCROOT\=/Users/antoniogrillo-balen/Desktop/Projects/RiseBuild/ios/Pods
    export LOCSYMROOT\=/Users/antoniogrillo-balen/Desktop/Projects/RiseBuild/ios/Pods
    export MACH_O_TYPE\=staticlib
    export MAC_OS_X_PRODUCT_BUILD_VERSION\=25E253
    export MAC_OS_X_VERSION_ACTUAL\=260401
    export MAC_OS_X_VERSION_MAJOR\=260000
    export MAC_OS_X_VERSION_MINOR\=260400
    export MAKE_MERGEABLE\=NO
    export MERGEABLE_LIBRARY\=NO
    export MERGED_BINARY_TYPE\=none
    export MERGE_LINKED_LIBRARIES\=NO
    export METAL_LIBRARY_FILE_BASE\=default
    export METAL_LIBRARY_OUTPUT_DIR\=/Users/antoniogrillo-balen/Library/Developer/Xcode/DerivedData/risebysolis-gzfsziqwziaggpcbgdowmssiasmi/Build/Products/Debug-iphonesimulator/React-runtimescheduler/React_runtimescheduler.framework
    export MODULEMAP_FILE\=Target\ Support\ Files/React-runtimescheduler/React-runtimescheduler.modulemap
    export MODULES_FOLDER_PATH\=React_runtimescheduler.framework/Modules
    export MODULE_CACHE_DIR\=/Users/antoniogrillo-balen/Library/Developer/Xcode/DerivedData/ModuleCache.noindex
    export MTL_ENABLE_DEBUG_INFO\=INCLUDE_SOURCE
    export MTL_FAST_MATH\=YES
    export NATIVE_ARCH\=arm64
    export NATIVE_ARCH_32_BIT\=arm
    export NATIVE_ARCH_64_BIT\=arm64
    export NATIVE_ARCH_ACTUAL\=arm64
    export NO_COMMON\=YES
    export OBJC_ABI_VERSION\=2
    export OBJECT_FILE_DIR\=/Users/antoniogrillo-balen/Library/Developer/Xcode/DerivedData/risebysolis-gzfsziqwziaggpcbgdowmssiasmi/Build/Intermediates.noindex/Pods.build/Debug-iphonesimulator/React-runtimescheduler.build/Objects
    export OBJECT_FILE_DIR_normal\=/Users/antoniogrillo-balen/Library/Developer/Xcode/DerivedData/risebysolis-gzfsziqwziaggpcbgdowmssiasmi/Build/Intermediates.noindex/Pods.build/Debug-iphonesimulator/React-runtimescheduler.build/Objects-normal
    export OBJROOT\=/Users/antoniogrillo-balen/Library/Developer/Xcode/DerivedData/risebysolis-gzfsziqwziaggpcbgdowmssiasmi/Build/Intermediates.noindex
    export ONLY_ACTIVE_ARCH\=YES
    export OS\=MACOS
    export OSAC\=/usr/bin/osacompile
    export OTHER_LDFLAGS\=\ \ 
    export PACKAGE_TYPE\=com.apple.package-type.wrapper.framework
    export PASCAL_STRINGS\=YES
    export PATH\=/Applications/Xcode.app/Contents/SharedFrameworks/SwiftBuild.framework/Versions/A/PlugIns/SWBBuildService.bundle/Contents/PlugIns/SWBUniversalPlatformPlugin.bundle/Contents/Frameworks/SWBUniversalPlatform.framework/Resources:/Applications/Xcode.app/Contents/Developer/Toolchains/XcodeDefault.xctoolchain/usr/bin:/Applications/Xcode.app/Contents/Developer/Toolchains/XcodeDefault.xctoolchain/usr/local/bin:/Applications/Xcode.app/Contents/Developer/Toolchains/XcodeDefault.xctoolchain/usr/libexec:/Applications/Xcode.app/Contents/Developer/Platforms/iPhoneSimulator.platform/usr/bin:/Applications/Xcode.app/Contents/Developer/Platforms/iPhoneSimulator.platform/usr/local/bin:/Applications/Xcode.app/Contents/Developer/Platforms/iPhoneSimulator.platform/Developer/usr/bin:/Applications/Xcode.app/Contents/Developer/Platforms/iPhoneSimulator.platform/Developer/usr/local/bin:/Applications/Xcode.app/Contents/Developer/usr/bin:/Applications/Xcode.app/Contents/Developer/usr/local/bin:/opt/homebrew/opt/ruby/bin:/opt/homebrew/lib/ruby/gems/4.0.0/bin:/opt/homebrew/bin:/opt/homebrew/sbin:/Users/antoniogrillo-balen/.nvm/versions/node/v24.14.1/bin:/Library/Frameworks/Python.framework/Versions/3.14/bin:/usr/local/bin:/System/Cryptexes/App/usr/bin:/usr/bin:/bin:/usr/sbin:/sbin:/var/run/com.apple.security.cryptexd/codex.system/bootstrap/usr/local/bin:/var/run/com.apple.security.cryptexd/codex.system/bootstrap/usr/bin:/var/run/com.apple.security.cryptexd/codex.system/bootstrap/usr/appleinternal/bin:/opt/pkg/env/active/bin:/opt/pmk/env/global/bin:/Library/Apple/usr/bin:/Applications/VMware\ Fusion.app/Contents/Public:/Users/antoniogrillo-balen/.cargo/bin:/Users/antoniogrillo-balen/.cache/plugins/.install-staging/25283474a0e0d4a060cb0e915c1ec54e3d41ef2e/cursor/repo/bin:/Users/antoniogrillo-balen/.claude/plugins/cache/claude-plugins-official/superpowers/5.1.0/bin:/Users/antoniogrillo-balen/.claude/plugins/cache/claude-plugins-official/frontend-design/unknown/bin:/Users/antoniogrillo-balen/.claude/plugins/cache/claude-plugins-official/code-simplifier/1.0.0/bin:/Users/antoniogrillo-balen/.claude/plugins/cache/claude-plugins-official/security-guidance/unknown/bin:/Users/antoniogrillo-balen/.claude/plugins/cache/thedotmack/claude-mem/12.1.1/bin
    export PATH_PREFIXES_EXCLUDED_FROM_HEADER_DEPENDENCIES\=/usr/include\ /usr/local/include\ /System/Library/Frameworks\ /System/Library/PrivateFrameworks\ /Applications/Xcode.app/Contents/Developer/Headers\ /Applications/Xcode.app/Contents/Developer/SDKs\ /Applications/Xcode.app/Contents/Developer/Platforms
    export PBDEVELOPMENTPLIST_PATH\=React_runtimescheduler.framework/pbdevelopment.plist
    export PER_ARCH_MODULE_FILE_DIR\=/Users/antoniogrillo-balen/Library/Developer/Xcode/DerivedData/risebysolis-gzfsziqwziaggpcbgdowmssiasmi/Build/Intermediates.noindex/Pods.build/Debug-iphonesimulator/React-runtimescheduler.build/Objects-normal/undefined_arch
    export PER_ARCH_OBJECT_FILE_DIR\=/Users/antoniogrillo-balen/Library/Developer/Xcode/DerivedData/risebysolis-gzfsziqwziaggpcbgdowmssiasmi/Build/Intermediates.noindex/Pods.build/Debug-iphonesimulator/React-runtimescheduler.build/Objects-normal/undefined_arch
    export PER_VARIANT_OBJECT_FILE_DIR\=/Users/antoniogrillo-balen/Library/Developer/Xcode/DerivedData/risebysolis-gzfsziqwziaggpcbgdowmssiasmi/Build/Intermediates.noindex/Pods.build/Debug-iphonesimulator/React-runtimescheduler.build/Objects-normal
    export PKGINFO_FILE_PATH\=/Users/antoniogrillo-balen/Library/Developer/Xcode/DerivedData/risebysolis-gzfsziqwziaggpcbgdowmssiasmi/Build/Intermediates.noindex/Pods.build/Debug-iphonesimulator/React-runtimescheduler.build/PkgInfo
    export PKGINFO_PATH\=React_runtimescheduler.framework/PkgInfo
    export PLATFORM_DEVELOPER_APPLICATIONS_DIR\=/Applications/Xcode.app/Contents/Developer/Platforms/iPhoneSimulator.platform/Developer/Applications
    export PLATFORM_DEVELOPER_BIN_DIR\=/Applications/Xcode.app/Contents/Developer/Platforms/iPhoneSimulator.platform/Developer/usr/bin
    export PLATFORM_DEVELOPER_LIBRARY_DIR\=/Applications/Xcode.app/Contents/Developer/Platforms/iPhoneSimulator.platform/Developer/Library
    export PLATFORM_DEVELOPER_SDK_DIR\=/Applications/Xcode.app/Contents/Developer/Platforms/iPhoneSimulator.platform/Developer/SDKs
    export PLATFORM_DEVELOPER_TOOLS_DIR\=/Applications/Xcode.app/Contents/Developer/Platforms/iPhoneSimulator.platform/Developer/Tools
    export PLATFORM_DEVELOPER_USR_DIR\=/Applications/Xcode.app/Contents/Developer/Platforms/iPhoneSimulator.platform/Developer/usr
    export PLATFORM_DIR\=/Applications/Xcode.app/Contents/Developer/Platforms/iPhoneSimulator.platform
    export PLATFORM_DISPLAY_NAME\=iOS\ Simulator
    export PLATFORM_FAMILY_NAME\=iOS
    export PLATFORM_NAME\=iphonesimulator
    export PLATFORM_PREFERRED_ARCH\=x86_64
    export PLATFORM_PRODUCT_BUILD_VERSION\=23F73
    export PLATFORM_REQUIRES_SWIFT_AUTOLINK_EXTRACT\=NO
    export PLATFORM_REQUIRES_SWIFT_MODULEWRAP\=NO
    export PLATFORM_USES_DSYMS\=YES
    export PLIST_FILE_OUTPUT_FORMAT\=binary
    export PLUGINS_FOLDER_PATH\=React_runtimescheduler.framework/PlugIns
    export PODS_BUILD_DIR\=/Users/antoniogrillo-balen/Library/Developer/Xcode/DerivedData/risebysolis-gzfsziqwziaggpcbgdowmssiasmi/Build/Products
    export PODS_CONFIGURATION_BUILD_DIR\=/Users/antoniogrillo-balen/Library/Developer/Xcode/DerivedData/risebysolis-gzfsziqwziaggpcbgdowmssiasmi/Build/Products/Debug-iphonesimulator
    export PODS_DEVELOPMENT_LANGUAGE\=en
    export PODS_ROOT\=/Users/antoniogrillo-balen/Desktop/Projects/RiseBuild/ios/Pods
    export PODS_TARGET_SRCROOT\=/Users/antoniogrillo-balen/Desktop/Projects/RiseBuild/ios/Pods/../../node_modules/react-native/ReactCommon/react/renderer/runtimescheduler
    export PODS_XCFRAMEWORKS_BUILD_DIR\=/Users/antoniogrillo-balen/Library/Developer/Xcode/DerivedData/risebysolis-gzfsziqwziaggpcbgdowmssiasmi/Build/Products/Debug-iphonesimulator/XCFrameworkIntermediates
    export PRECOMPS_INCLUDE_HEADERS_FROM_BUILT_PRODUCTS_DIR\=YES
    export PRECOMP_DESTINATION_DIR\=/Users/antoniogrillo-balen/Library/Developer/Xcode/DerivedData/risebysolis-gzfsziqwziaggpcbgdowmssiasmi/Build/Intermediates.noindex/Pods.build/Debug-iphonesimulator/React-runtimescheduler.build/PrefixHeaders
    export PRIVATE_HEADERS_FOLDER_PATH\=React_runtimescheduler.framework/PrivateHeaders
    export PROCESSED_INFOPLIST_PATH\=/Users/antoniogrillo-balen/Library/Developer/Xcode/DerivedData/risebysolis-gzfsziqwziaggpcbgdowmssiasmi/Build/Intermediates.noindex/Pods.build/Debug-iphonesimulator/React-runtimescheduler.build/Objects-normal/undefined_arch/Processed-Info.plist
    export PRODUCT_BUNDLE_IDENTIFIER\=org.cocoapods.React-runtimescheduler
    export PRODUCT_BUNDLE_PACKAGE_TYPE\=FMWK
    export PRODUCT_MODULE_NAME\=React_runtimescheduler
    export PRODUCT_NAME\=React_runtimescheduler
    export PRODUCT_SETTINGS_PATH\=/Users/antoniogrillo-balen/Desktop/Projects/RiseBuild/ios/Pods/Target\ Support\ Files/React-runtimescheduler/React-runtimescheduler-Info.plist
    export PRODUCT_TYPE\=com.apple.product-type.framework
    export PROFILING_CODE\=NO
    export PROJECT\=Pods
    export PROJECT_DERIVED_FILE_DIR\=/Users/antoniogrillo-balen/Library/Developer/Xcode/DerivedData/risebysolis-gzfsziqwziaggpcbgdowmssiasmi/Build/Intermediates.noindex/Pods.build/DerivedSources
    export PROJECT_DIR\=/Users/antoniogrillo-balen/Desktop/Projects/RiseBuild/ios/Pods
    export PROJECT_FILE_PATH\=/Users/antoniogrillo-balen/Desktop/Projects/RiseBuild/ios/Pods/Pods.xcodeproj
    export PROJECT_GUID\=8699adb1dd336b26511df848a716bd42
    export PROJECT_NAME\=Pods
    export PROJECT_TEMP_DIR\=/Users/antoniogrillo-balen/Library/Developer/Xcode/DerivedData/risebysolis-gzfsziqwziaggpcbgdowmssiasmi/Build/Intermediates.noindex/Pods.build
    export PROJECT_TEMP_ROOT\=/Users/antoniogrillo-balen/Library/Developer/Xcode/DerivedData/risebysolis-gzfsziqwziaggpcbgdowmssiasmi/Build/Intermediates.noindex
    export PUBLIC_HEADERS_FOLDER_PATH\=React_runtimescheduler.framework/Headers
    export REACT_NATIVE_PATH\=/Users/antoniogrillo-balen/Desktop/Projects/RiseBuild/ios/Pods/../../node_modules/react-native
    export RECOMMENDED_IPHONEOS_DEPLOYMENT_TARGET\=15.0
    export RECURSIVE_SEARCH_PATHS_FOLLOW_SYMLINKS\=YES
    export REMOVE_CVS_FROM_RESOURCES\=YES
    export REMOVE_GIT_FROM_RESOURCES\=YES
    export REMOVE_HEADERS_FROM_EMBEDDED_BUNDLES\=YES
    export REMOVE_HG_FROM_RESOURCES\=YES
    export REMOVE_STATIC_EXECUTABLES_FROM_EMBEDDED_BUNDLES\=YES
    export REMOVE_SVN_FROM_RESOURCES\=YES
    export RESCHEDULE_INDEPENDENT_HEADERS_PHASES\=YES
    export REZ_COLLECTOR_DIR\=/Users/antoniogrillo-balen/Library/Developer/Xcode/DerivedData/risebysolis-gzfsziqwziaggpcbgdowmssiasmi/Build/Intermediates.noindex/Pods.build/Debug-iphonesimulator/React-runtimescheduler.build/ResourceManagerResources
    export REZ_OBJECTS_DIR\=/Users/antoniogrillo-balen/Library/Developer/Xcode/DerivedData/risebysolis-gzfsziqwziaggpcbgdowmssiasmi/Build/Intermediates.noindex/Pods.build/Debug-iphonesimulator/React-runtimescheduler.build/ResourceManagerResources/Objects
    export REZ_SEARCH_PATHS\=/Users/antoniogrillo-balen/Library/Developer/Xcode/DerivedData/risebysolis-gzfsziqwziaggpcbgdowmssiasmi/Build/Products/Debug-iphonesimulator/React-runtimescheduler\ 
    export RPATH_ORIGIN\=@loader_path
    export RUNTIME_EXCEPTION_ALLOW_DYLD_ENVIRONMENT_VARIABLES\=NO
    export RUNTIME_EXCEPTION_ALLOW_JIT\=NO
    export RUNTIME_EXCEPTION_ALLOW_UNSIGNED_EXECUTABLE_MEMORY\=NO
    export RUNTIME_EXCEPTION_DEBUGGING_TOOL\=NO
    export RUNTIME_EXCEPTION_DISABLE_EXECUTABLE_PAGE_PROTECTION\=NO
    export RUNTIME_EXCEPTION_DISABLE_LIBRARY_VALIDATION\=NO
    export SCANNING_PCM_KEEP_CACHE_DIRECTORY\=YES
    export SCAN_ALL_SOURCE_FILES_FOR_INCLUDES\=NO
    export SCRIPTS_FOLDER_PATH\=React_runtimescheduler.framework/Scripts
    export SCRIPT_INPUT_FILE_COUNT\=0
    export SCRIPT_INPUT_FILE_LIST_COUNT\=0
    export SCRIPT_OUTPUT_FILE_COUNT\=0
    export SCRIPT_OUTPUT_FILE_LIST_COUNT\=0
    export SDKROOT\=/Applications/Xcode.app/Contents/Developer/Platforms/iPhoneSimulator.platform/Developer/SDKs/iPhoneSimulator26.5.sdk
    export SDK_DIR\=/Applications/Xcode.app/Contents/Developer/Platforms/iPhoneSimulator.platform/Developer/SDKs/iPhoneSimulator26.5.sdk
    export SDK_DIR_iphonesimulator\=/Applications/Xcode.app/Contents/Developer/Platforms/iPhoneSimulator.platform/Developer/SDKs/iPhoneSimulator26.5.sdk
    export SDK_DIR_iphonesimulator26_5\=/Applications/Xcode.app/Contents/Developer/Platforms/iPhoneSimulator.platform/Developer/SDKs/iPhoneSimulator26.5.sdk
    export SDK_NAME\=iphonesimulator26.5
    export SDK_NAMES\=iphonesimulator26.5
    export SDK_PRODUCT_BUILD_VERSION\=23F73
    export SDK_STAT_CACHE_DIR\=/Users/antoniogrillo-balen/Library/Developer/Xcode/DerivedData
    export SDK_STAT_CACHE_ENABLE\=YES
    export SDK_STAT_CACHE_PATH\=/Users/antoniogrillo-balen/Library/Developer/Xcode/DerivedData/SDKStatCaches.noindex/iphonesimulator26.5-23F73-6cfe768891a92b912361537c460fe42b.sdkstatcache
    export SDK_VERSION\=26.5
    export SDK_VERSION_ACTUAL\=260500
    export SDK_VERSION_MAJOR\=260000
    export SDK_VERSION_MINOR\=260500
    export SED\=/usr/bin/sed
    export SEPARATE_STRIP\=NO
    export SEPARATE_SYMBOL_EDIT\=NO
    export SET_DIR_MODE_OWNER_GROUP\=YES
    export SET_FILE_MODE_OWNER_GROUP\=NO
    export SHALLOW_BUNDLE\=YES
    export SHALLOW_BUNDLE_TRIPLE\=ios-simulator
    export SHALLOW_BUNDLE_ios_macabi\=NO
    export SHALLOW_BUNDLE_macos\=NO
    export SHARED_DERIVED_FILE_DIR\=/Users/antoniogrillo-balen/Library/Developer/Xcode/DerivedData/risebysolis-gzfsziqwziaggpcbgdowmssiasmi/Build/Products/Debug-iphonesimulator/React-runtimescheduler/DerivedSources
    export SHARED_FRAMEWORKS_FOLDER_PATH\=React_runtimescheduler.framework/SharedFrameworks
    export SHARED_PRECOMPS_DIR\=/Users/antoniogrillo-balen/Library/Developer/Xcode/DerivedData/risebysolis-gzfsziqwziaggpcbgdowmssiasmi/Build/Intermediates.noindex/PrecompiledHeaders
    export SHARED_SUPPORT_FOLDER_PATH\=React_runtimescheduler.framework
    export SKIP_INSTALL\=YES
    export SKIP_MERGEABLE_LIBRARY_BUNDLE_HOOK\=NO
    export SOURCE_ROOT\=/Users/antoniogrillo-balen/Desktop/Projects/RiseBuild/ios/Pods
    export SRCROOT\=/Users/antoniogrillo-balen/Desktop/Projects/RiseBuild/ios/Pods
    export STRINGSDATA_DIR\=/Users/antoniogrillo-balen/Library/Developer/Xcode/DerivedData/risebysolis-gzfsziqwziaggpcbgdowmssiasmi/Build/Intermediates.noindex/Pods.build/Debug-iphonesimulator/React-runtimescheduler.build/Objects-normal/undefined_arch
    export STRINGSDATA_ROOT\=/Users/antoniogrillo-balen/Library/Developer/Xcode/DerivedData/risebysolis-gzfsziqwziaggpcbgdowmssiasmi/Build/Intermediates.noindex/Pods.build/Debug-iphonesimulator/React-runtimescheduler.build
    export STRINGS_FILE_INFOPLIST_RENAME\=YES
    export STRINGS_FILE_OUTPUT_ENCODING\=binary
    export STRING_CATALOG_GENERATE_SYMBOLS\=NO
    export STRIP_BITCODE_FROM_COPIED_FILES\=NO
    export STRIP_INSTALLED_PRODUCT\=NO
    export STRIP_STYLE\=debugging
    export STRIP_SWIFT_SYMBOLS\=YES
    export SUPPORTED_DEVICE_FAMILIES\=1,2
    export SUPPORTED_PLATFORMS\=iphoneos\ iphonesimulator
    export SUPPORTS_TEXT_BASED_API\=NO
    export SUPPRESS_WARNINGS\=NO
    export SWIFT_ACTIVE_COMPILATION_CONDITIONS\=\ DEBUG\ 
    export SWIFT_EMIT_CONST_VALUE_PROTOCOLS\=AnyResolverProviding\ AppEntity\ AppEnum\ AppExtension\ AppIntent\ AppIntentsPackage\ AppShortcutProviding\ AppShortcutsProvider\ AppUnionValue\ AppUnionValueCasesProviding\ DynamicOptionsProvider\ EntityQuery\ ExtensionPointDefining\ IntentValueQuery\ Resolver\ TransientEntity\ _AssistantIntentsProvider\ _GenerativeFunctionExtractable\ _IntentValueRepresentable
    export SWIFT_EMIT_LOC_STRINGS\=NO
    export SWIFT_ENABLE_EXPLICIT_MODULES\=YES
    export SWIFT_INSTALL_MODULE_FOR_DEPLOYMENT\=YES
    export SWIFT_INSTALL_OBJC_HEADER\=YES
    export SWIFT_OPTIMIZATION_LEVEL\=-Onone
    export SWIFT_PLATFORM_TARGET_PREFIX\=ios
    export SWIFT_RESPONSE_FILE_PATH_normal_arm64\=/Users/antoniogrillo-balen/Library/Developer/Xcode/DerivedData/risebysolis-gzfsziqwziaggpcbgdowmssiasmi/Build/Intermediates.noindex/Pods.build/Debug-iphonesimulator/React-runtimescheduler.build/Objects-normal/arm64/React_runtimescheduler.SwiftFileList
    export SWIFT_VERSION\=5.0
    export SYMROOT\=/Users/antoniogrillo-balen/Library/Developer/Xcode/DerivedData/risebysolis-gzfsziqwziaggpcbgdowmssiasmi/Build/Products
    export SYSTEM_ADMIN_APPS_DIR\=/Applications/Utilities
    export SYSTEM_APPS_DIR\=/Applications
    export SYSTEM_CORE_SERVICES_DIR\=/System/Library/CoreServices
    export SYSTEM_DEMOS_DIR\=/Applications/Extras
    export SYSTEM_DEVELOPER_APPS_DIR\=/Applications/Xcode.app/Contents/Developer/Applications
    export SYSTEM_DEVELOPER_BIN_DIR\=/Applications/Xcode.app/Contents/Developer/usr/bin
    export SYSTEM_DEVELOPER_DEMOS_DIR\=/Applications/Xcode.app/Contents/Developer/Applications/Utilities/Built\ Examples
    export SYSTEM_DEVELOPER_DIR\=/Applications/Xcode.app/Contents/Developer
    export SYSTEM_DEVELOPER_DOC_DIR\=/Applications/Xcode.app/Contents/Developer/ADC\ Reference\ Library
    export SYSTEM_DEVELOPER_GRAPHICS_TOOLS_DIR\=/Applications/Xcode.app/Contents/Developer/Applications/Graphics\ Tools
    export SYSTEM_DEVELOPER_JAVA_TOOLS_DIR\=/Applications/Xcode.app/Contents/Developer/Applications/Java\ Tools
    export SYSTEM_DEVELOPER_PERFORMANCE_TOOLS_DIR\=/Applications/Xcode.app/Contents/Developer/Applications/Performance\ Tools
    export SYSTEM_DEVELOPER_RELEASENOTES_DIR\=/Applications/Xcode.app/Contents/Developer/ADC\ Reference\ Library/releasenotes
    export SYSTEM_DEVELOPER_TOOLS\=/Applications/Xcode.app/Contents/Developer/Tools
    export SYSTEM_DEVELOPER_TOOLS_DOC_DIR\=/Applications/Xcode.app/Contents/Developer/ADC\ Reference\ Library/documentation/DeveloperTools
    export SYSTEM_DEVELOPER_TOOLS_RELEASENOTES_DIR\=/Applications/Xcode.app/Contents/Developer/ADC\ Reference\ Library/releasenotes/DeveloperTools
    export SYSTEM_DEVELOPER_USR_DIR\=/Applications/Xcode.app/Contents/Developer/usr
    export SYSTEM_DEVELOPER_UTILITIES_DIR\=/Applications/Xcode.app/Contents/Developer/Applications/Utilities
    export SYSTEM_DEXT_INSTALL_PATH\=/System/Library/DriverExtensions
    export SYSTEM_DOCUMENTATION_DIR\=/Library/Documentation
    export SYSTEM_EXTENSIONS_FOLDER_PATH\=React_runtimescheduler.framework/SystemExtensions
    export SYSTEM_EXTENSIONS_FOLDER_PATH_SHALLOW_BUNDLE_NO\=React_runtimescheduler.framework/Library/SystemExtensions
    export SYSTEM_EXTENSIONS_FOLDER_PATH_SHALLOW_BUNDLE_YES\=React_runtimescheduler.framework/SystemExtensions
    export SYSTEM_KEXT_INSTALL_PATH\=/System/Library/Extensions
    export SYSTEM_LIBRARY_DIR\=/System/Library
    export TAPI_DEMANGLE\=YES
    export TAPI_ENABLE_PROJECT_HEADERS\=NO
    export TAPI_LANGUAGE\=objective-c
    export TAPI_LANGUAGE_STANDARD\=compiler-default
    export TAPI_USE_SRCROOT\=YES
    export TAPI_VERIFY_MODE\=Pedantic
    export TARGETED_DEVICE_FAMILY\=1,2
    export TARGETNAME\=React-runtimescheduler
    export TARGET_BUILD_DIR\=/Users/antoniogrillo-balen/Library/Developer/Xcode/DerivedData/risebysolis-gzfsziqwziaggpcbgdowmssiasmi/Build/Products/Debug-iphonesimulator/React-runtimescheduler
    export TARGET_DEVICE_IDENTIFIER\=0C333F8A-4681-4475-855E-6FFD70F12533
    export TARGET_DEVICE_MODEL\=iPhone16,2
    export TARGET_DEVICE_OS_VERSION\=26.4.1
    export TARGET_DEVICE_PLATFORM_NAME\=iphonesimulator
    export TARGET_NAME\=React-runtimescheduler
    export TARGET_TEMP_DIR\=/Users/antoniogrillo-balen/Library/Developer/Xcode/DerivedData/risebysolis-gzfsziqwziaggpcbgdowmssiasmi/Build/Intermediates.noindex/Pods.build/Debug-iphonesimulator/React-runtimescheduler.build
    export TEMP_DIR\=/Users/antoniogrillo-balen/Library/Developer/Xcode/DerivedData/risebysolis-gzfsziqwziaggpcbgdowmssiasmi/Build/Intermediates.noindex/Pods.build/Debug-iphonesimulator/React-runtimescheduler.build
    export TEMP_FILES_DIR\=/Users/antoniogrillo-balen/Library/Developer/Xcode/DerivedData/risebysolis-gzfsziqwziaggpcbgdowmssiasmi/Build/Intermediates.noindex/Pods.build/Debug-iphonesimulator/React-runtimescheduler.build
    export TEMP_FILE_DIR\=/Users/antoniogrillo-balen/Library/Developer/Xcode/DerivedData/risebysolis-gzfsziqwziaggpcbgdowmssiasmi/Build/Intermediates.noindex/Pods.build/Debug-iphonesimulator/React-runtimescheduler.build
    export TEMP_ROOT\=/Users/antoniogrillo-balen/Library/Developer/Xcode/DerivedData/risebysolis-gzfsziqwziaggpcbgdowmssiasmi/Build/Intermediates.noindex
    export TEMP_SANDBOX_DIR\=/Users/antoniogrillo-balen/Library/Developer/Xcode/DerivedData/risebysolis-gzfsziqwziaggpcbgdowmssiasmi/Build/Intermediates.noindex/TemporaryTaskSandboxes
    export TEST_FRAMEWORK_SEARCH_PATHS\=\ /Applications/Xcode.app/Contents/Developer/Platforms/iPhoneSimulator.platform/Developer/Library/Frameworks\ /Applications/Xcode.app/Contents/Developer/Platforms/iPhoneSimulator.platform/Developer/SDKs/iPhoneSimulator26.5.sdk/Developer/Library/Frameworks
    export TEST_LIBRARY_SEARCH_PATHS\=\ /Applications/Xcode.app/Contents/Developer/Platforms/iPhoneSimulator.platform/Developer/usr/lib
    export TOOLCHAINS\=com.apple.dt.toolchain.XcodeDefault
    export TOOLCHAIN_DIR\=/Applications/Xcode.app/Contents/Developer/Toolchains/XcodeDefault.xctoolchain
    export TREAT_MISSING_BASELINES_AS_TEST_FAILURES\=NO
    export TREAT_MISSING_SCRIPT_PHASE_OUTPUTS_AS_ERRORS\=NO
    export TeamIdentifierPrefix\=FAKETEAMID.
    export UID\=501
    export UNINSTALLED_PRODUCTS_DIR\=/Users/antoniogrillo-balen/Library/Developer/Xcode/DerivedData/risebysolis-gzfsziqwziaggpcbgdowmssiasmi/Build/Intermediates.noindex/UninstalledProducts
    export UNLOCALIZED_RESOURCES_FOLDER_PATH\=React_runtimescheduler.framework
    export UNLOCALIZED_RESOURCES_FOLDER_PATH_SHALLOW_BUNDLE_NO\=React_runtimescheduler.framework/Resources
    export UNLOCALIZED_RESOURCES_FOLDER_PATH_SHALLOW_BUNDLE_YES\=React_runtimescheduler.framework
    export UNSTRIPPED_PRODUCT\=NO
    export USER\=antoniogrillo-balen
    export USER_APPS_DIR\=/Users/antoniogrillo-balen/Applications
    export USER_LIBRARY_DIR\=/Users/antoniogrillo-balen/Library
    export USE_DYNAMIC_NO_PIC\=YES
    export USE_HEADERMAP\=YES
    export USE_HEADER_SYMLINKS\=NO
    export USE_HERMES\=true
    export USE_RECURSIVE_SCRIPT_INPUTS_IN_SCRIPT_PHASES\=YES
    export VALIDATE_DEVELOPMENT_ASSET_PATHS\=YES_ERROR
    export VALIDATE_PRODUCT\=NO
    export VALID_ARCHS\=arm64\ x86_64
    export VERBOSE_PBXCP\=NO
    export VERSIONING_SYSTEM\=apple-generic
    export VERSIONPLIST_PATH\=React_runtimescheduler.framework/version.plist
    export VERSIONS_FOLDER_PATH\=React_runtimescheduler.framework
    export VERSIONS_FOLDER_PATH_SHALLOW_BUNDLE_NO\=React_runtimescheduler.framework/Versions
    export VERSIONS_FOLDER_PATH_SHALLOW_BUNDLE_YES\=React_runtimescheduler.framework
    export VERSION_INFO_BUILDER\=antoniogrillo-balen
    export VERSION_INFO_FILE\=React_runtimescheduler_vers.c
    export VERSION_INFO_STRING\=\"@\(\#\)PROGRAM:React_runtimescheduler\ \ PROJECT:Pods-1\"
    export WORKSPACE_DIR\=/Users/antoniogrillo-balen/Desktop/Projects/RiseBuild/ios
    export WRAPPER_EXTENSION\=framework
    export WRAPPER_NAME\=React_runtimescheduler.framework
    export WRAPPER_SUFFIX\=.framework
    export WRAP_ASSET_PACKS_IN_SEPARATE_DIRECTORIES\=NO
    export XCODE_APP_SUPPORT_DIR\=/Applications/Xcode.app/Contents/Developer/Library/Xcode
    export XCODE_PRODUCT_BUILD_VERSION\=17F42
    export XCODE_VERSION_ACTUAL\=2650
    export XCODE_VERSION_MAJOR\=2600
    export XCODE_VERSION_MINOR\=2650
    export XPCSERVICES_FOLDER_PATH\=React_runtimescheduler.framework/XPCServices
    export YACC\=yacc
    export _DISCOVER_COMMAND_LINE_LINKER_INPUTS\=YES
    export _DISCOVER_COMMAND_LINE_LINKER_INPUTS_INCLUDE_WL\=YES
    export _LD_MULTIARCH\=YES
    export _WRAPPER_CONTENTS_DIR_SHALLOW_BUNDLE_NO\=/Contents
    export _WRAPPER_PARENT_PATH_SHALLOW_BUNDLE_NO\=/..
    export _WRAPPER_RESOURCES_DIR_SHALLOW_BUNDLE_NO\=/Resources
    export __DIAGNOSE_DEPRECATED_ARCHS\=YES
    export __ORIGINAL_SDK_DEFINED_LLVM_TARGET_TRIPLE_SYS\=ios
    export arch\=undefined_arch
    export variant\=normal
    /bin/sh -c /Users/antoniogrillo-balen/Library/Developer/Xcode/DerivedData/risebysolis-gzfsziqwziaggpcbgdowmssiasmi/Build/Intermediates.noindex/Pods.build/Debug-iphonesimulator/React-runtimescheduler.build/Script-46EB2E0002CF20.sh

warning: Run script build phase 'Create Symlinks to Header Folders' will be run during every build because it does not specify any outputs. To address this issue, either add output dependencies to the script phase, or configure it to run in every build by unchecking "Based on dependency analysis" in the script phase. (in target 'Yoga' from project 'Pods')
PhaseScriptExecution Create\ Symlinks\ to\ Header\ Folders /Users/antoniogrillo-balen/Library/Developer/Xcode/DerivedData/risebysolis-gzfsziqwziaggpcbgdowmssiasmi/Build/Intermediates.noindex/Pods.build/Debug-iphonesimulator/Yoga.build/Script-46EB2E00030C80.sh (in target 'Yoga' from project 'Pods')
    cd /Users/antoniogrillo-balen/Desktop/Projects/RiseBuild/ios/Pods
    export ACTION\=build
    export AD_HOC_CODE_SIGNING_ALLOWED\=YES
    export ALLOW_BUILD_REQUEST_OVERRIDES\=NO
    export ALLOW_TARGET_PLATFORM_SPECIALIZATION\=NO
    export ALTERNATE_GROUP\=staff
    export ALTERNATE_MODE\=u+w,go-w,a+rX
    export ALTERNATE_OWNER\=antoniogrillo-balen
    export ALTERNATIVE_DISTRIBUTION_WEB\=NO
    export ALWAYS_EMBED_SWIFT_STANDARD_LIBRARIES\=NO
    export ALWAYS_SEARCH_USER_PATHS\=NO
    export ALWAYS_USE_SEPARATE_HEADERMAPS\=NO
    export APPLICATION_EXTENSION_API_ONLY\=NO
    export APPLY_RULES_IN_COPY_FILES\=NO
    export APPLY_RULES_IN_COPY_HEADERS\=NO
    export APP_SHORTCUTS_ENABLE_FLEXIBLE_MATCHING\=YES
    export ARCHS\=arm64
    export ARCHS_BASE\=arm64
    export ARCHS_STANDARD\=arm64\ x86_64
    export ARCHS_STANDARD_32_64_BIT\=arm64\ x86_64
    export ARCHS_STANDARD_64_BIT\=arm64\ x86_64
    export ARCHS_STANDARD_INCLUDING_64_BIT\=arm64\ x86_64
    export ARCHS_UNIVERSAL_IPHONE_OS\=arm64\ x86_64
    export ASSETCATALOG_FILTER_FOR_DEVICE_MODEL\=iPhone16,2
    export ASSETCATALOG_FILTER_FOR_DEVICE_OS_VERSION\=26.4.1
    export ASSETCATALOG_FILTER_FOR_THINNING_DEVICE_CONFIGURATION\=iPhone16,2
    export AUTOMATICALLY_MERGE_DEPENDENCIES\=NO
    export AUTOMATION_APPLE_EVENTS\=NO
    export AVAILABLE_PLATFORMS\=android\ appletvos\ appletvsimulator\ driverkit\ freebsd\ iphoneos\ iphonesimulator\ linux\ macosx\ none\ openbsd\ qnx\ watchos\ watchsimulator\ webassembly\ xros\ xrsimulator
    export AppIdentifierPrefix\=FAKETEAMID.
    export BUILD_ACTIVE_RESOURCES_ONLY\=YES
    export BUILD_COMPONENTS\=headers\ build
    export BUILD_DIR\=/Users/antoniogrillo-balen/Library/Developer/Xcode/DerivedData/risebysolis-gzfsziqwziaggpcbgdowmssiasmi/Build/Products
    export BUILD_LIBRARY_FOR_DISTRIBUTION\=NO
    export BUILD_ONLY_KNOWN_LOCALIZATIONS\=NO
    export BUILD_ROOT\=/Users/antoniogrillo-balen/Library/Developer/Xcode/DerivedData/risebysolis-gzfsziqwziaggpcbgdowmssiasmi/Build/Products
    export BUILD_STYLE\=
    export BUILD_VARIANTS\=normal
    export BUILT_PRODUCTS_DIR\=/Users/antoniogrillo-balen/Library/Developer/Xcode/DerivedData/risebysolis-gzfsziqwziaggpcbgdowmssiasmi/Build/Products/Debug-iphonesimulator/Yoga
    export BUNDLE_CONTENTS_FOLDER_PATH_deep\=Contents/
    export BUNDLE_EXECUTABLE_FOLDER_NAME_deep\=MacOS
    export BUNDLE_EXTENSIONS_FOLDER_PATH\=Extensions
    export BUNDLE_FORMAT\=shallow
    export BUNDLE_FRAMEWORKS_FOLDER_PATH\=Frameworks
    export BUNDLE_PLUGINS_FOLDER_PATH\=PlugIns
    export BUNDLE_PRIVATE_HEADERS_FOLDER_PATH\=PrivateHeaders
    export BUNDLE_PUBLIC_HEADERS_FOLDER_PATH\=Headers
    export CACHE_ROOT\=/var/folders/2z/jtlqylkx0c709j3xb7b0g4cm0000gn/C/com.apple.DeveloperTools/26.5-17F42/Xcode
    export CCHROOT\=/var/folders/2z/jtlqylkx0c709j3xb7b0g4cm0000gn/C/com.apple.DeveloperTools/26.5-17F42/Xcode
    export CHMOD\=/bin/chmod
    export CHOWN\=chown
    export CLANG_ANALYZER_LOCALIZABILITY_NONLOCALIZED\=YES
    export CLANG_ANALYZER_NONNULL\=YES
    export CLANG_ANALYZER_NUMBER_OBJECT_CONVERSION\=YES_AGGRESSIVE
    export CLANG_CACHE_FINE_GRAINED_OUTPUTS\=YES
    export CLANG_CXX_LANGUAGE_STANDARD\=c++20
    export CLANG_CXX_LIBRARY\=libc++
    export CLANG_ENABLE_EXPLICIT_MODULES\=YES
    export CLANG_ENABLE_MODULES\=YES
    export CLANG_ENABLE_OBJC_ARC\=YES
    export CLANG_ENABLE_OBJC_WEAK\=NO
    export CLANG_MODULES_BUILD_SESSION_FILE\=/Users/antoniogrillo-balen/Library/Developer/Xcode/DerivedData/ModuleCache.noindex/Session.modulevalidation
    export CLANG_WARN_BLOCK_CAPTURE_AUTORELEASING\=YES
    export CLANG_WARN_BOOL_CONVERSION\=YES
    export CLANG_WARN_COMMA\=YES
    export CLANG_WARN_CONSTANT_CONVERSION\=YES
    export CLANG_WARN_DEPRECATED_OBJC_IMPLEMENTATIONS\=YES
    export CLANG_WARN_DIRECT_OBJC_ISA_USAGE\=YES_ERROR
    export CLANG_WARN_DOCUMENTATION_COMMENTS\=YES
    export CLANG_WARN_EMPTY_BODY\=YES
    export CLANG_WARN_ENUM_CONVERSION\=YES
    export CLANG_WARN_INFINITE_RECURSION\=YES
    export CLANG_WARN_INT_CONVERSION\=YES
    export CLANG_WARN_NON_LITERAL_NULL_CONVERSION\=YES
    export CLANG_WARN_OBJC_IMPLICIT_RETAIN_SELF\=YES
    export CLANG_WARN_OBJC_LITERAL_CONVERSION\=YES
    export CLANG_WARN_OBJC_ROOT_CLASS\=YES_ERROR
    export CLANG_WARN_QUOTED_INCLUDE_IN_FRAMEWORK_HEADER\=NO
    export CLANG_WARN_RANGE_LOOP_ANALYSIS\=YES
    export CLANG_WARN_STRICT_PROTOTYPES\=YES
    export CLANG_WARN_SUSPICIOUS_MOVE\=YES
    export CLANG_WARN_UNGUARDED_AVAILABILITY\=YES_AGGRESSIVE
    export CLANG_WARN_UNREACHABLE_CODE\=YES
    export CLANG_WARN__DUPLICATE_METHOD_MATCH\=YES
    export CLASS_FILE_DIR\=/Users/antoniogrillo-balen/Library/Developer/Xcode/DerivedData/risebysolis-gzfsziqwziaggpcbgdowmssiasmi/Build/Intermediates.noindex/Pods.build/Debug-iphonesimulator/Yoga.build/JavaClasses
    export CLEAN_PRECOMPS\=YES
    export CLONE_HEADERS\=NO
    export CODESIGNING_FOLDER_PATH\=/Users/antoniogrillo-balen/Library/Developer/Xcode/DerivedData/risebysolis-gzfsziqwziaggpcbgdowmssiasmi/Build/Products/Debug-iphonesimulator/Yoga/yoga.framework
    export CODE_SIGNING_ALLOWED\=YES
    export CODE_SIGNING_REQUIRED\=NO
    export CODE_SIGNING_REQUIRES_TEAM\=YES
    export CODE_SIGN_CONTEXT_CLASS\=XCiPhoneSimulatorCodeSignContext
    export CODE_SIGN_IDENTITY\=-
    export CODE_SIGN_INJECT_BASE_ENTITLEMENTS\=YES
    export COLOR_DIAGNOSTICS\=NO
    export COMBINE_HIDPI_IMAGES\=NO
    export COMPILATION_CACHE_CAS_PATH\=/Users/antoniogrillo-balen/Library/Developer/Xcode/DerivedData/CompilationCache.noindex
    export COMPILATION_CACHE_KEEP_CAS_DIRECTORY\=YES
    export COMPILER_INDEX_STORE_ENABLE\=Default
    export COMPOSITE_SDK_DIRS\=/Users/antoniogrillo-balen/Library/Developer/Xcode/DerivedData/risebysolis-gzfsziqwziaggpcbgdowmssiasmi/Build/Intermediates.noindex/CompositeSDKs
    export COMPRESS_PNG_FILES\=YES
    export CONFIGURATION\=Debug
    export CONFIGURATION_BUILD_DIR\=/Users/antoniogrillo-balen/Library/Developer/Xcode/DerivedData/risebysolis-gzfsziqwziaggpcbgdowmssiasmi/Build/Products/Debug-iphonesimulator/Yoga
    export CONFIGURATION_TEMP_DIR\=/Users/antoniogrillo-balen/Library/Developer/Xcode/DerivedData/risebysolis-gzfsziqwziaggpcbgdowmssiasmi/Build/Intermediates.noindex/Pods.build/Debug-iphonesimulator
    export CONTENTS_FOLDER_PATH\=yoga.framework
    export CONTENTS_FOLDER_PATH_SHALLOW_BUNDLE_NO\=yoga.framework/A
    export CONTENTS_FOLDER_PATH_SHALLOW_BUNDLE_YES\=yoga.framework
    export COPYING_PRESERVES_HFS_DATA\=NO
    export COPY_HEADERS_RUN_UNIFDEF\=NO
    export COPY_PHASE_STRIP\=NO
    export CORRESPONDING_DEVICE_PLATFORM_DIR\=/Applications/Xcode.app/Contents/Developer/Platforms/iPhoneOS.platform
    export CORRESPONDING_DEVICE_PLATFORM_NAME\=iphoneos
    export CORRESPONDING_DEVICE_SDK_DIR\=/Applications/Xcode.app/Contents/Developer/Platforms/iPhoneOS.platform/Developer/SDKs/iPhoneOS26.5.sdk
    export CORRESPONDING_DEVICE_SDK_NAME\=iphoneos26.5
    export CP\=/bin/cp
    export CREATE_INFOPLIST_SECTION_IN_BINARY\=NO
    export CURRENT_ARCH\=undefined_arch
    export CURRENT_PROJECT_VERSION\=1
    export CURRENT_VARIANT\=normal
    export CURRENT_VERSION\=Current
    export DEAD_CODE_STRIPPING\=YES
    export DEBUGGING_SYMBOLS\=YES
    export DEBUG_INFORMATION_FORMAT\=dwarf
    export DEBUG_INFORMATION_VERSION\=compiler-default
    export DEFAULT_COMPILER\=com.apple.compilers.llvm.clang.1_0
    export DEFAULT_DEXT_INSTALL_PATH\=/System/Library/DriverExtensions
    export DEFAULT_KEXT_INSTALL_PATH\=/System/Library/Extensions
    export DEFINES_MODULE\=YES
    export DEPLOYMENT_LOCATION\=NO
    export DEPLOYMENT_POSTPROCESSING\=NO
    export DEPLOYMENT_TARGET_SETTING_NAME\=IPHONEOS_DEPLOYMENT_TARGET
    export DEPLOYMENT_TARGET_SUGGESTED_VALUES\=12.0\ 12.1\ 12.2\ 12.3\ 12.4\ 13.0\ 13.1\ 13.2\ 13.3\ 13.4\ 13.5\ 13.6\ 14.0\ 14.1\ 14.2\ 14.3\ 14.4\ 14.5\ 14.6\ 14.7\ 15.0\ 15.1\ 15.2\ 15.3\ 15.4\ 15.5\ 15.6\ 16.0\ 16.1\ 16.2\ 16.3\ 16.4\ 16.5\ 16.6\ 17.0\ 17.1\ 17.2\ 17.3\ 17.4\ 17.5\ 17.6\ 18.0\ 18.1\ 18.2\ 18.3\ 18.4\ 18.5\ 18.6\ 26.0\ 26.2\ 26.3\ 26.4\ 26.5
    export DERIVED_FILES_DIR\=/Users/antoniogrillo-balen/Library/Developer/Xcode/DerivedData/risebysolis-gzfsziqwziaggpcbgdowmssiasmi/Build/Intermediates.noindex/Pods.build/Debug-iphonesimulator/Yoga.build/DerivedSources
    export DERIVED_FILE_DIR\=/Users/antoniogrillo-balen/Library/Developer/Xcode/DerivedData/risebysolis-gzfsziqwziaggpcbgdowmssiasmi/Build/Intermediates.noindex/Pods.build/Debug-iphonesimulator/Yoga.build/DerivedSources
    export DERIVED_SOURCES_DIR\=/Users/antoniogrillo-balen/Library/Developer/Xcode/DerivedData/risebysolis-gzfsziqwziaggpcbgdowmssiasmi/Build/Intermediates.noindex/Pods.build/Debug-iphonesimulator/Yoga.build/DerivedSources
    export DEVELOPER_APPLICATIONS_DIR\=/Applications/Xcode.app/Contents/Developer/Applications
    export DEVELOPER_BIN_DIR\=/Applications/Xcode.app/Contents/Developer/usr/bin
    export DEVELOPER_DIR\=/Applications/Xcode.app/Contents/Developer
    export DEVELOPER_FRAMEWORKS_DIR\=/Applications/Xcode.app/Contents/Developer/Library/Frameworks
    export DEVELOPER_FRAMEWORKS_DIR_QUOTED\=/Applications/Xcode.app/Contents/Developer/Library/Frameworks
    export DEVELOPER_LIBRARY_DIR\=/Applications/Xcode.app/Contents/Developer/Library
    export DEVELOPER_SDK_DIR\=/Applications/Xcode.app/Contents/Developer/Platforms/MacOSX.platform/Developer/SDKs
    export DEVELOPER_TOOLS_DIR\=/Applications/Xcode.app/Contents/Developer/Tools
    export DEVELOPER_USR_DIR\=/Applications/Xcode.app/Contents/Developer/usr
    export DEVELOPMENT_LANGUAGE\=en
    export DIAGNOSE_MISSING_TARGET_DEPENDENCIES\=YES
    export DIFF\=/usr/bin/diff
    export DOCUMENTATION_FOLDER_PATH\=yoga.framework/en.lproj/Documentation
    export DONT_GENERATE_INFOPLIST_FILE\=NO
    export DSTROOT\=/tmp/Pods.dst
    export DT_TOOLCHAIN_DIR\=/Applications/Xcode.app/Contents/Developer/Toolchains/XcodeDefault.xctoolchain
    export DUMP_DEPENDENCIES\=NO
    export DUMP_DEPENDENCIES_OUTPUT_PATH\=/Users/antoniogrillo-balen/Library/Developer/Xcode/DerivedData/risebysolis-gzfsziqwziaggpcbgdowmssiasmi/Build/Intermediates.noindex/Pods.build/Debug-iphonesimulator/Yoga.build/Yoga-BuildDependencyInfo.json
    export DWARF_DSYM_FILE_NAME\=yoga.framework.dSYM
    export DWARF_DSYM_FILE_SHOULD_ACCOMPANY_PRODUCT\=NO
    export DWARF_DSYM_FOLDER_PATH\=/Users/antoniogrillo-balen/Library/Developer/Xcode/DerivedData/risebysolis-gzfsziqwziaggpcbgdowmssiasmi/Build/Products/Debug-iphonesimulator/Yoga
    export DYLIB_COMPATIBILITY_VERSION\=1
    export DYLIB_CURRENT_VERSION\=1
    export DYLIB_INSTALL_NAME_BASE\=@rpath
    export DYNAMIC_LIBRARY_EXTENSION\=dylib
    export EAGER_COMPILATION_ALLOW_SCRIPTS\=NO
    export EAGER_LINKING\=NO
    export EFFECTIVE_PLATFORM_NAME\=-iphonesimulator
    export EFFECTIVE_SWIFT_VERSION\=5
    export EMBEDDED_CONTENT_CONTAINS_SWIFT\=NO
    export EMBED_ASSET_PACKS_IN_PRODUCT_BUNDLE\=NO
    export ENABLE_APP_SANDBOX\=NO
    export ENABLE_CODE_COVERAGE\=YES
    export ENABLE_COHORT_ARCHS\=NO
    export ENABLE_CPLUSPLUS_BOUNDS_SAFE_BUFFERS\=NO
    export ENABLE_C_BOUNDS_SAFETY\=NO
    export ENABLE_DEFAULT_HEADER_SEARCH_PATHS\=YES
    export ENABLE_DEFAULT_SEARCH_PATHS\=YES
    export ENABLE_ENHANCED_SECURITY\=NO
    export ENABLE_HARDENED_RUNTIME\=NO
    export ENABLE_HEADER_DEPENDENCIES\=YES
    export ENABLE_INCOMING_NETWORK_CONNECTIONS\=NO
    export ENABLE_MODULE_VERIFIER\=NO
    export ENABLE_ON_DEMAND_RESOURCES\=NO
    export ENABLE_OUTGOING_NETWORK_CONNECTIONS\=NO
    export ENABLE_POINTER_AUTHENTICATION\=NO
    export ENABLE_PREVIEWS\=NO
    export ENABLE_RESOURCE_ACCESS_AUDIO_INPUT\=NO
    export ENABLE_RESOURCE_ACCESS_BLUETOOTH\=NO
    export ENABLE_RESOURCE_ACCESS_CALENDARS\=NO
    export ENABLE_RESOURCE_ACCESS_CAMERA\=NO
    export ENABLE_RESOURCE_ACCESS_CONTACTS\=NO
    export ENABLE_RESOURCE_ACCESS_LOCATION\=NO
    export ENABLE_RESOURCE_ACCESS_PHOTO_LIBRARY\=NO
    export ENABLE_RESOURCE_ACCESS_PRINTING\=NO
    export ENABLE_RESOURCE_ACCESS_USB\=NO
    export ENABLE_SDK_IMPORTS\=NO
    export ENABLE_SECURITY_COMPILER_WARNINGS\=NO
    export ENABLE_STRICT_OBJC_MSGSEND\=YES
    export ENABLE_TESTABILITY\=YES
    export ENABLE_TESTING_SEARCH_PATHS\=NO
    export ENABLE_USER_SCRIPT_SANDBOXING\=NO
    export ENABLE_XOJIT_PREVIEWS\=YES
    export ENFORCE_VALID_ARCHS\=YES
    export ENTITLEMENTS_DESTINATION\=__entitlements
    export ENTITLEMENTS_REQUIRED\=NO
    export EXCLUDED_INSTALLSRC_SUBDIRECTORY_PATTERNS\=.DS_Store\ .svn\ .git\ .hg\ CVS
    export EXCLUDED_RECURSIVE_SEARCH_PATH_SUBDIRECTORIES\=\*.nib\ \*.lproj\ \*.framework\ \*.gch\ \*.xcode\*\ \*.xcassets\ \*.icon\ \(\*\)\ .DS_Store\ CVS\ .svn\ .git\ .hg\ \*.pbproj\ \*.pbxproj
    export EXECUTABLES_FOLDER_PATH\=yoga.framework/en.lproj
    export EXECUTABLE_FOLDER_PATH\=yoga.framework
    export EXECUTABLE_FOLDER_PATH_SHALLOW_BUNDLE_NO\=yoga.framework
    export EXECUTABLE_FOLDER_PATH_SHALLOW_BUNDLE_YES\=yoga.framework
    export EXECUTABLE_NAME\=yoga
    export EXECUTABLE_PATH\=yoga.framework/yoga
    export EXPANDED_CODE_SIGN_IDENTITY\=-
    export EXPANDED_CODE_SIGN_IDENTITY_NAME\=Sign\ to\ Run\ Locally
    export EXTENSIONS_FOLDER_PATH\=yoga.framework/Extensions
    export FILE_LIST\=/Users/antoniogrillo-balen/Library/Developer/Xcode/DerivedData/risebysolis-gzfsziqwziaggpcbgdowmssiasmi/Build/Intermediates.noindex/Pods.build/Debug-iphonesimulator/Yoga.build/Objects/LinkFileList
    export FIXED_FILES_DIR\=/Users/antoniogrillo-balen/Library/Developer/Xcode/DerivedData/risebysolis-gzfsziqwziaggpcbgdowmssiasmi/Build/Intermediates.noindex/Pods.build/Debug-iphonesimulator/Yoga.build/FixedFiles
    export FRAMEWORKS_FOLDER_PATH\=yoga.framework/Frameworks
    export FRAMEWORK_FLAG_PREFIX\=-framework
    export FRAMEWORK_SEARCH_PATHS\=/Users/antoniogrillo-balen/Library/Developer/Xcode/DerivedData/risebysolis-gzfsziqwziaggpcbgdowmssiasmi/Build/Products/Debug-iphonesimulator/Yoga\ 
    export FRAMEWORK_VERSION\=A
    export FULL_PRODUCT_NAME\=yoga.framework
    export FUSE_BUILD_PHASES\=YES
    export FUSE_BUILD_SCRIPT_PHASES\=NO
    export GCC3_VERSION\=3.3
    export GCC_C_LANGUAGE_STANDARD\=gnu11
    export GCC_DYNAMIC_NO_PIC\=NO
    export GCC_INLINES_ARE_PRIVATE_EXTERN\=YES
    export GCC_NO_COMMON_BLOCKS\=YES
    export GCC_OBJC_LEGACY_DISPATCH\=YES
    export GCC_OPTIMIZATION_LEVEL\=0
    export GCC_PFE_FILE_C_DIALECTS\=c\ objective-c\ c++\ objective-c++
    export GCC_PREFIX_HEADER\=Target\ Support\ Files/Yoga/Yoga-prefix.pch
    export GCC_PREPROCESSOR_DEFINITIONS\=POD_CONFIGURATION_DEBUG\=1\ DEBUG\=1\ \ COCOAPODS\=1
    export GCC_TREAT_WARNINGS_AS_ERRORS\=NO
    export GCC_VERSION\=com.apple.compilers.llvm.clang.1_0
    export GCC_VERSION_IDENTIFIER\=com_apple_compilers_llvm_clang_1_0
    export GCC_WARN_64_TO_32_BIT_CONVERSION\=YES
    export GCC_WARN_ABOUT_RETURN_TYPE\=YES_ERROR
    export GCC_WARN_UNDECLARED_SELECTOR\=YES
    export GCC_WARN_UNINITIALIZED_AUTOS\=YES_AGGRESSIVE
    export GCC_WARN_UNUSED_FUNCTION\=YES
    export GCC_WARN_UNUSED_VARIABLE\=YES
    export GENERATED_MODULEMAP_DIR\=/Users/antoniogrillo-balen/Library/Developer/Xcode/DerivedData/risebysolis-gzfsziqwziaggpcbgdowmssiasmi/Build/Intermediates.noindex/GeneratedModuleMaps-iphonesimulator
    export GENERATE_INFOPLIST_FILE\=NO
    export GENERATE_INTERMEDIATE_TEXT_BASED_STUBS\=YES
    export GENERATE_PKGINFO_FILE\=NO
    export GENERATE_PRELINK_OBJECT_FILE\=NO
    export GENERATE_PROFILING_CODE\=NO
    export GENERATE_TEXT_BASED_STUBS\=NO
    export GID\=20
    export GROUP\=staff
    export HEADERMAP_INCLUDES_FLAT_ENTRIES_FOR_TARGET_BEING_BUILT\=YES
    export HEADERMAP_INCLUDES_FRAMEWORK_ENTRIES_FOR_ALL_PRODUCT_TYPES\=YES
    export HEADERMAP_INCLUDES_FRAMEWORK_ENTRIES_FOR_TARGETS_NOT_BEING_BUILT\=YES
    export HEADERMAP_INCLUDES_NONPUBLIC_NONPRIVATE_HEADERS\=YES
    export HEADERMAP_INCLUDES_PROJECT_HEADERS\=YES
    export HEADERMAP_USES_FRAMEWORK_PREFIX_ENTRIES\=YES
    export HEADERMAP_USES_VFS\=YES
    export HEADER_SEARCH_PATHS\=/Users/antoniogrillo-balen/Library/Developer/Xcode/DerivedData/risebysolis-gzfsziqwziaggpcbgdowmssiasmi/Build/Products/Debug-iphonesimulator/Yoga/include\ \ /Users/antoniogrillo-balen/Library/Developer/Xcode/DerivedData/risebysolis-gzfsziqwziaggpcbgdowmssiasmi/Build/Products/Debug-iphonesimulator/ReactCommon/ReactCommon.framework/Headers\ /Users/antoniogrillo-balen/Library/Developer/Xcode/DerivedData/risebysolis-gzfsziqwziaggpcbgdowmssiasmi/Build/Products/Debug-iphonesimulator/ReactCommon/ReactCommon.framework/Headers/react/nativemodule/core\ /Users/antoniogrillo-balen/Library/Developer/Xcode/DerivedData/risebysolis-gzfsziqwziaggpcbgdowmssiasmi/Build/Products/Debug-iphonesimulator/ReactCommon-Samples/ReactCommon_Samples.framework/Headers\ /Users/antoniogrillo-balen/Library/Developer/Xcode/DerivedData/risebysolis-gzfsziqwziaggpcbgdowmssiasmi/Build/Products/Debug-iphonesimulator/ReactCommon-Samples/ReactCommon_Samples.framework/Headers/platform/ios\ /Users/antoniogrillo-balen/Library/Developer/Xcode/DerivedData/risebysolis-gzfsziqwziaggpcbgdowmssiasmi/Build/Products/Debug-iphonesimulator/React-Fabric/React_Fabric.framework/Headers/react/renderer/components/view/platform/cxx\ /Users/antoniogrillo-balen/Library/Developer/Xcode/DerivedData/risebysolis-gzfsziqwziaggpcbgdowmssiasmi/Build/Products/Debug-iphonesimulator/React-NativeModulesApple/React_NativeModulesApple.framework/Headers\ /Users/antoniogrillo-balen/Library/Developer/Xcode/DerivedData/risebysolis-gzfsziqwziaggpcbgdowmssiasmi/Build/Products/Debug-iphonesimulator/React-graphics/React_graphics.framework/Headers\ /Users/antoniogrillo-balen/Library/Developer/Xcode/DerivedData/risebysolis-gzfsziqwziaggpcbgdowmssiasmi/Build/Products/Debug-iphonesimulator/React-graphics/React_graphics.framework/Headers/react/renderer/graphics/platform/ios\ \"/Users/antoniogrillo-balen/Desktop/Projects/RiseBuild/ios/Pods/../../node_modules/react-native/ReactCommon/yoga\"
    export HOME\=/Users/antoniogrillo-balen
    export HOST_ARCH\=arm64
    export HOST_PLATFORM\=macosx
    export ICONV\=/usr/bin/iconv
    export IMPLICIT_DEPENDENCY_DOMAIN\=default
    export INDEX_STORE_COMPRESS\=NO
    export INDEX_STORE_ONLY_PROJECT_FILES\=NO
    export INFOPLIST_ENABLE_CFBUNDLEICONS_MERGE\=YES
    export INFOPLIST_EXPAND_BUILD_SETTINGS\=YES
    export INFOPLIST_FILE\=Target\ Support\ Files/Yoga/Yoga-Info.plist
    export INFOPLIST_OUTPUT_FORMAT\=binary
    export INFOPLIST_PATH\=yoga.framework/Info.plist
    export INFOPLIST_PREPROCESS\=NO
    export INFOSTRINGS_PATH\=yoga.framework/en.lproj/InfoPlist.strings
    export INLINE_PRIVATE_FRAMEWORKS\=NO
    export INSTALLAPI_IGNORE_SKIP_INSTALL\=YES
    export INSTALLHDRS_COPY_PHASE\=NO
    export INSTALLHDRS_SCRIPT_PHASE\=NO
    export INSTALL_DIR\=/tmp/Pods.dst/Library/Frameworks
    export INSTALL_GROUP\=staff
    export INSTALL_MODE_FLAG\=u+w,go-w,a+rX
    export INSTALL_OWNER\=antoniogrillo-balen
    export INSTALL_PATH\=/Library/Frameworks
    export INSTALL_ROOT\=/tmp/Pods.dst
    export IPHONEOS_DEPLOYMENT_TARGET\=15.1
    export IS_UNOPTIMIZED_BUILD\=YES
    export JAVAC_DEFAULT_FLAGS\=-J-Xms64m\ -J-XX:NewSize\=4M\ -J-Dfile.encoding\=UTF8
    export JAVA_APP_STUB\=/System/Library/Frameworks/JavaVM.framework/Resources/MacOS/JavaApplicationStub
    export JAVA_ARCHIVE_CLASSES\=YES
    export JAVA_ARCHIVE_TYPE\=JAR
    export JAVA_COMPILER\=/usr/bin/javac
    export JAVA_FOLDER_PATH\=yoga.framework/Java
    export JAVA_FRAMEWORK_RESOURCES_DIRS\=Resources
    export JAVA_JAR_FLAGS\=cv
    export JAVA_SOURCE_SUBDIR\=.
    export JAVA_USE_DEPENDENCIES\=YES
    export JAVA_ZIP_FLAGS\=-urg
    export JIKES_DEFAULT_FLAGS\=+E\ +OLDCSO
    export KEEP_PRIVATE_EXTERNS\=NO
    export LD_DEPENDENCY_INFO_FILE\=/Users/antoniogrillo-balen/Library/Developer/Xcode/DerivedData/risebysolis-gzfsziqwziaggpcbgdowmssiasmi/Build/Intermediates.noindex/Pods.build/Debug-iphonesimulator/Yoga.build/Objects-normal/undefined_arch/yoga_dependency_info.dat
    export LD_DYLIB_INSTALL_NAME\=@rpath/yoga.framework/yoga
    export LD_EXPORT_SYMBOLS\=YES
    export LD_GENERATE_MAP_FILE\=NO
    export LD_MAP_FILE_PATH\=/Users/antoniogrillo-balen/Library/Developer/Xcode/DerivedData/risebysolis-gzfsziqwziaggpcbgdowmssiasmi/Build/Intermediates.noindex/Pods.build/Debug-iphonesimulator/Yoga.build/yoga-LinkMap-normal-undefined_arch.txt
    export LD_NO_PIE\=NO
    export LD_QUOTE_LINKER_ARGUMENTS_FOR_COMPILER_DRIVER\=YES
    export LD_RUNPATH_SEARCH_PATHS\=\ @executable_path/Frameworks\ @loader_path/Frameworks
    export LD_SHARED_CACHE_ELIGIBLE\=Automatic
    export LD_WARN_DUPLICATE_LIBRARIES\=NO
    export LD_WARN_UNUSED_DYLIBS\=NO
    export LEGACY_DEVELOPER_DIR\=/Applications/Xcode.app/Contents/PlugIns/Xcode3Core.ideplugin/Contents/SharedSupport/Developer
    export LEX\=lex
    export LIBRARY_DEXT_INSTALL_PATH\=/Library/DriverExtensions
    export LIBRARY_FLAG_NOSPACE\=YES
    export LIBRARY_FLAG_PREFIX\=-l
    export LIBRARY_KEXT_INSTALL_PATH\=/Library/Extensions
    export LIBRARY_SEARCH_PATHS\=/Users/antoniogrillo-balen/Library/Developer/Xcode/DerivedData/risebysolis-gzfsziqwziaggpcbgdowmssiasmi/Build/Products/Debug-iphonesimulator/Yoga\ 
    export LINKER_DISPLAYS_MANGLED_NAMES\=NO
    export LINK_FILE_LIST_normal_arm64\=/Users/antoniogrillo-balen/Library/Developer/Xcode/DerivedData/risebysolis-gzfsziqwziaggpcbgdowmssiasmi/Build/Intermediates.noindex/Pods.build/Debug-iphonesimulator/Yoga.build/Objects-normal/arm64/yoga.LinkFileList
    export LINK_OBJC_RUNTIME\=YES
    export LINK_WITH_STANDARD_LIBRARIES\=YES
    export LLVM_TARGET_TRIPLE_OS_VERSION\=ios15.1
    export LLVM_TARGET_TRIPLE_SUFFIX\=-simulator
    export LLVM_TARGET_TRIPLE_VENDOR\=apple
    export LM_AUX_CONST_METADATA_LIST_PATH_normal_arm64\=/Users/antoniogrillo-balen/Library/Developer/Xcode/DerivedData/risebysolis-gzfsziqwziaggpcbgdowmssiasmi/Build/Intermediates.noindex/Pods.build/Debug-iphonesimulator/Yoga.build/Objects-normal/arm64/yoga.SwiftConstValuesFileList
    export LOCALIZATION_EXPORT_SUPPORTED\=YES
    export LOCALIZATION_PREFERS_STRING_CATALOGS\=NO
    export LOCALIZED_RESOURCES_FOLDER_PATH\=yoga.framework/en.lproj
    export LOCALIZED_STRING_CODE_COMMENTS\=NO
    export LOCALIZED_STRING_MACRO_NAMES\=NSLocalizedString\ CFCopyLocalizedString
    export LOCALIZED_STRING_SWIFTUI_SUPPORT\=YES
    export LOCAL_ADMIN_APPS_DIR\=/Applications/Utilities
    export LOCAL_APPS_DIR\=/Applications
    export LOCAL_DEVELOPER_DIR\=/Library/Developer
    export LOCAL_LIBRARY_DIR\=/Library
    export LOCROOT\=/Users/antoniogrillo-balen/Desktop/Projects/RiseBuild/ios/Pods
    export LOCSYMROOT\=/Users/antoniogrillo-balen/Desktop/Projects/RiseBuild/ios/Pods
    export MACH_O_TYPE\=staticlib
    export MAC_OS_X_PRODUCT_BUILD_VERSION\=25E253
    export MAC_OS_X_VERSION_ACTUAL\=260401
    export MAC_OS_X_VERSION_MAJOR\=260000
    export MAC_OS_X_VERSION_MINOR\=260400
    export MAKE_MERGEABLE\=NO
    export MERGEABLE_LIBRARY\=NO
    export MERGED_BINARY_TYPE\=none
    export MERGE_LINKED_LIBRARIES\=NO
    export METAL_LIBRARY_FILE_BASE\=default
    export METAL_LIBRARY_OUTPUT_DIR\=/Users/antoniogrillo-balen/Library/Developer/Xcode/DerivedData/risebysolis-gzfsziqwziaggpcbgdowmssiasmi/Build/Products/Debug-iphonesimulator/Yoga/yoga.framework
    export MODULEMAP_FILE\=Target\ Support\ Files/Yoga/Yoga.modulemap
    export MODULES_FOLDER_PATH\=yoga.framework/Modules
    export MODULE_CACHE_DIR\=/Users/antoniogrillo-balen/Library/Developer/Xcode/DerivedData/ModuleCache.noindex
    export MTL_ENABLE_DEBUG_INFO\=INCLUDE_SOURCE
    export MTL_FAST_MATH\=YES
    export NATIVE_ARCH\=arm64
    export NATIVE_ARCH_32_BIT\=arm
    export NATIVE_ARCH_64_BIT\=arm64
    export NATIVE_ARCH_ACTUAL\=arm64
    export NO_COMMON\=YES
    export OBJC_ABI_VERSION\=2
    export OBJECT_FILE_DIR\=/Users/antoniogrillo-balen/Library/Developer/Xcode/DerivedData/risebysolis-gzfsziqwziaggpcbgdowmssiasmi/Build/Intermediates.noindex/Pods.build/Debug-iphonesimulator/Yoga.build/Objects
    export OBJECT_FILE_DIR_normal\=/Users/antoniogrillo-balen/Library/Developer/Xcode/DerivedData/risebysolis-gzfsziqwziaggpcbgdowmssiasmi/Build/Intermediates.noindex/Pods.build/Debug-iphonesimulator/Yoga.build/Objects-normal
    export OBJROOT\=/Users/antoniogrillo-balen/Library/Developer/Xcode/DerivedData/risebysolis-gzfsziqwziaggpcbgdowmssiasmi/Build/Intermediates.noindex
    export ONLY_ACTIVE_ARCH\=YES
    export OS\=MACOS
    export OSAC\=/usr/bin/osacompile
    export OTHER_LDFLAGS\=\ \ 
    export PACKAGE_TYPE\=com.apple.package-type.wrapper.framework
    export PASCAL_STRINGS\=YES
    export PATH\=/Applications/Xcode.app/Contents/SharedFrameworks/SwiftBuild.framework/Versions/A/PlugIns/SWBBuildService.bundle/Contents/PlugIns/SWBUniversalPlatformPlugin.bundle/Contents/Frameworks/SWBUniversalPlatform.framework/Resources:/Applications/Xcode.app/Contents/Developer/Toolchains/XcodeDefault.xctoolchain/usr/bin:/Applications/Xcode.app/Contents/Developer/Toolchains/XcodeDefault.xctoolchain/usr/local/bin:/Applications/Xcode.app/Contents/Developer/Toolchains/XcodeDefault.xctoolchain/usr/libexec:/Applications/Xcode.app/Contents/Developer/Platforms/iPhoneSimulator.platform/usr/bin:/Applications/Xcode.app/Contents/Developer/Platforms/iPhoneSimulator.platform/usr/local/bin:/Applications/Xcode.app/Contents/Developer/Platforms/iPhoneSimulator.platform/Developer/usr/bin:/Applications/Xcode.app/Contents/Developer/Platforms/iPhoneSimulator.platform/Developer/usr/local/bin:/Applications/Xcode.app/Contents/Developer/usr/bin:/Applications/Xcode.app/Contents/Developer/usr/local/bin:/opt/homebrew/opt/ruby/bin:/opt/homebrew/lib/ruby/gems/4.0.0/bin:/opt/homebrew/bin:/opt/homebrew/sbin:/Users/antoniogrillo-balen/.nvm/versions/node/v24.14.1/bin:/Library/Frameworks/Python.framework/Versions/3.14/bin:/usr/local/bin:/System/Cryptexes/App/usr/bin:/usr/bin:/bin:/usr/sbin:/sbin:/var/run/com.apple.security.cryptexd/codex.system/bootstrap/usr/local/bin:/var/run/com.apple.security.cryptexd/codex.system/bootstrap/usr/bin:/var/run/com.apple.security.cryptexd/codex.system/bootstrap/usr/appleinternal/bin:/opt/pkg/env/active/bin:/opt/pmk/env/global/bin:/Library/Apple/usr/bin:/Applications/VMware\ Fusion.app/Contents/Public:/Users/antoniogrillo-balen/.cargo/bin:/Users/antoniogrillo-balen/.cache/plugins/.install-staging/25283474a0e0d4a060cb0e915c1ec54e3d41ef2e/cursor/repo/bin:/Users/antoniogrillo-balen/.claude/plugins/cache/claude-plugins-official/superpowers/5.1.0/bin:/Users/antoniogrillo-balen/.claude/plugins/cache/claude-plugins-official/frontend-design/unknown/bin:/Users/antoniogrillo-balen/.claude/plugins/cache/claude-plugins-official/code-simplifier/1.0.0/bin:/Users/antoniogrillo-balen/.claude/plugins/cache/claude-plugins-official/security-guidance/unknown/bin:/Users/antoniogrillo-balen/.claude/plugins/cache/thedotmack/claude-mem/12.1.1/bin
    export PATH_PREFIXES_EXCLUDED_FROM_HEADER_DEPENDENCIES\=/usr/include\ /usr/local/include\ /System/Library/Frameworks\ /System/Library/PrivateFrameworks\ /Applications/Xcode.app/Contents/Developer/Headers\ /Applications/Xcode.app/Contents/Developer/SDKs\ /Applications/Xcode.app/Contents/Developer/Platforms
    export PBDEVELOPMENTPLIST_PATH\=yoga.framework/pbdevelopment.plist
    export PER_ARCH_MODULE_FILE_DIR\=/Users/antoniogrillo-balen/Library/Developer/Xcode/DerivedData/risebysolis-gzfsziqwziaggpcbgdowmssiasmi/Build/Intermediates.noindex/Pods.build/Debug-iphonesimulator/Yoga.build/Objects-normal/undefined_arch
    export PER_ARCH_OBJECT_FILE_DIR\=/Users/antoniogrillo-balen/Library/Developer/Xcode/DerivedData/risebysolis-gzfsziqwziaggpcbgdowmssiasmi/Build/Intermediates.noindex/Pods.build/Debug-iphonesimulator/Yoga.build/Objects-normal/undefined_arch
    export PER_VARIANT_OBJECT_FILE_DIR\=/Users/antoniogrillo-balen/Library/Developer/Xcode/DerivedData/risebysolis-gzfsziqwziaggpcbgdowmssiasmi/Build/Intermediates.noindex/Pods.build/Debug-iphonesimulator/Yoga.build/Objects-normal
    export PKGINFO_FILE_PATH\=/Users/antoniogrillo-balen/Library/Developer/Xcode/DerivedData/risebysolis-gzfsziqwziaggpcbgdowmssiasmi/Build/Intermediates.noindex/Pods.build/Debug-iphonesimulator/Yoga.build/PkgInfo
    export PKGINFO_PATH\=yoga.framework/PkgInfo
    export PLATFORM_DEVELOPER_APPLICATIONS_DIR\=/Applications/Xcode.app/Contents/Developer/Platforms/iPhoneSimulator.platform/Developer/Applications
    export PLATFORM_DEVELOPER_BIN_DIR\=/Applications/Xcode.app/Contents/Developer/Platforms/iPhoneSimulator.platform/Developer/usr/bin
    export PLATFORM_DEVELOPER_LIBRARY_DIR\=/Applications/Xcode.app/Contents/Developer/Platforms/iPhoneSimulator.platform/Developer/Library
    export PLATFORM_DEVELOPER_SDK_DIR\=/Applications/Xcode.app/Contents/Developer/Platforms/iPhoneSimulator.platform/Developer/SDKs
    export PLATFORM_DEVELOPER_TOOLS_DIR\=/Applications/Xcode.app/Contents/Developer/Platforms/iPhoneSimulator.platform/Developer/Tools
    export PLATFORM_DEVELOPER_USR_DIR\=/Applications/Xcode.app/Contents/Developer/Platforms/iPhoneSimulator.platform/Developer/usr
    export PLATFORM_DIR\=/Applications/Xcode.app/Contents/Developer/Platforms/iPhoneSimulator.platform
    export PLATFORM_DISPLAY_NAME\=iOS\ Simulator
    export PLATFORM_FAMILY_NAME\=iOS
    export PLATFORM_NAME\=iphonesimulator
    export PLATFORM_PREFERRED_ARCH\=x86_64
    export PLATFORM_PRODUCT_BUILD_VERSION\=23F73
    export PLATFORM_REQUIRES_SWIFT_AUTOLINK_EXTRACT\=NO
    export PLATFORM_REQUIRES_SWIFT_MODULEWRAP\=NO
    export PLATFORM_USES_DSYMS\=YES
    export PLIST_FILE_OUTPUT_FORMAT\=binary
    export PLUGINS_FOLDER_PATH\=yoga.framework/PlugIns
    export PODS_BUILD_DIR\=/Users/antoniogrillo-balen/Library/Developer/Xcode/DerivedData/risebysolis-gzfsziqwziaggpcbgdowmssiasmi/Build/Products
    export PODS_CONFIGURATION_BUILD_DIR\=/Users/antoniogrillo-balen/Library/Developer/Xcode/DerivedData/risebysolis-gzfsziqwziaggpcbgdowmssiasmi/Build/Products/Debug-iphonesimulator
    export PODS_DEVELOPMENT_LANGUAGE\=en
    export PODS_ROOT\=/Users/antoniogrillo-balen/Desktop/Projects/RiseBuild/ios/Pods
    export PODS_TARGET_SRCROOT\=/Users/antoniogrillo-balen/Desktop/Projects/RiseBuild/ios/Pods/../../node_modules/react-native/ReactCommon/yoga
    export PODS_XCFRAMEWORKS_BUILD_DIR\=/Users/antoniogrillo-balen/Library/Developer/Xcode/DerivedData/risebysolis-gzfsziqwziaggpcbgdowmssiasmi/Build/Products/Debug-iphonesimulator/XCFrameworkIntermediates
    export PRECOMPS_INCLUDE_HEADERS_FROM_BUILT_PRODUCTS_DIR\=YES
    export PRECOMP_DESTINATION_DIR\=/Users/antoniogrillo-balen/Library/Developer/Xcode/DerivedData/risebysolis-gzfsziqwziaggpcbgdowmssiasmi/Build/Intermediates.noindex/Pods.build/Debug-iphonesimulator/Yoga.build/PrefixHeaders
    export PRIVATE_HEADERS_FOLDER_PATH\=yoga.framework/PrivateHeaders
    export PROCESSED_INFOPLIST_PATH\=/Users/antoniogrillo-balen/Library/Developer/Xcode/DerivedData/risebysolis-gzfsziqwziaggpcbgdowmssiasmi/Build/Intermediates.noindex/Pods.build/Debug-iphonesimulator/Yoga.build/Objects-normal/undefined_arch/Processed-Info.plist
    export PRODUCT_BUNDLE_IDENTIFIER\=org.cocoapods.yoga
    export PRODUCT_BUNDLE_PACKAGE_TYPE\=FMWK
    export PRODUCT_MODULE_NAME\=yoga
    export PRODUCT_NAME\=yoga
    export PRODUCT_SETTINGS_PATH\=/Users/antoniogrillo-balen/Desktop/Projects/RiseBuild/ios/Pods/Target\ Support\ Files/Yoga/Yoga-Info.plist
    export PRODUCT_TYPE\=com.apple.product-type.framework
    export PROFILING_CODE\=NO
    export PROJECT\=Pods
    export PROJECT_DERIVED_FILE_DIR\=/Users/antoniogrillo-balen/Library/Developer/Xcode/DerivedData/risebysolis-gzfsziqwziaggpcbgdowmssiasmi/Build/Intermediates.noindex/Pods.build/DerivedSources
    export PROJECT_DIR\=/Users/antoniogrillo-balen/Desktop/Projects/RiseBuild/ios/Pods
    export PROJECT_FILE_PATH\=/Users/antoniogrillo-balen/Desktop/Projects/RiseBuild/ios/Pods/Pods.xcodeproj
    export PROJECT_GUID\=8699adb1dd336b26511df848a716bd42
    export PROJECT_NAME\=Pods
    export PROJECT_TEMP_DIR\=/Users/antoniogrillo-balen/Library/Developer/Xcode/DerivedData/risebysolis-gzfsziqwziaggpcbgdowmssiasmi/Build/Intermediates.noindex/Pods.build
    export PROJECT_TEMP_ROOT\=/Users/antoniogrillo-balen/Library/Developer/Xcode/DerivedData/risebysolis-gzfsziqwziaggpcbgdowmssiasmi/Build/Intermediates.noindex
    export PUBLIC_HEADERS_FOLDER_PATH\=yoga.framework/Headers
    export REACT_NATIVE_PATH\=/Users/antoniogrillo-balen/Desktop/Projects/RiseBuild/ios/Pods/../../node_modules/react-native
    export RECOMMENDED_IPHONEOS_DEPLOYMENT_TARGET\=15.0
    export RECURSIVE_SEARCH_PATHS_FOLLOW_SYMLINKS\=YES
    export REMOVE_CVS_FROM_RESOURCES\=YES
    export REMOVE_GIT_FROM_RESOURCES\=YES
    export REMOVE_HEADERS_FROM_EMBEDDED_BUNDLES\=YES
    export REMOVE_HG_FROM_RESOURCES\=YES
    export REMOVE_STATIC_EXECUTABLES_FROM_EMBEDDED_BUNDLES\=YES
    export REMOVE_SVN_FROM_RESOURCES\=YES
    export RESCHEDULE_INDEPENDENT_HEADERS_PHASES\=YES
    export REZ_COLLECTOR_DIR\=/Users/antoniogrillo-balen/Library/Developer/Xcode/DerivedData/risebysolis-gzfsziqwziaggpcbgdowmssiasmi/Build/Intermediates.noindex/Pods.build/Debug-iphonesimulator/Yoga.build/ResourceManagerResources
    export REZ_OBJECTS_DIR\=/Users/antoniogrillo-balen/Library/Developer/Xcode/DerivedData/risebysolis-gzfsziqwziaggpcbgdowmssiasmi/Build/Intermediates.noindex/Pods.build/Debug-iphonesimulator/Yoga.build/ResourceManagerResources/Objects
    export REZ_SEARCH_PATHS\=/Users/antoniogrillo-balen/Library/Developer/Xcode/DerivedData/risebysolis-gzfsziqwziaggpcbgdowmssiasmi/Build/Products/Debug-iphonesimulator/Yoga\ 
    export RPATH_ORIGIN\=@loader_path
    export RUNTIME_EXCEPTION_ALLOW_DYLD_ENVIRONMENT_VARIABLES\=NO
    export RUNTIME_EXCEPTION_ALLOW_JIT\=NO
    export RUNTIME_EXCEPTION_ALLOW_UNSIGNED_EXECUTABLE_MEMORY\=NO
    export RUNTIME_EXCEPTION_DEBUGGING_TOOL\=NO
    export RUNTIME_EXCEPTION_DISABLE_EXECUTABLE_PAGE_PROTECTION\=NO
    export RUNTIME_EXCEPTION_DISABLE_LIBRARY_VALIDATION\=NO
    export SCANNING_PCM_KEEP_CACHE_DIRECTORY\=YES
    export SCAN_ALL_SOURCE_FILES_FOR_INCLUDES\=NO
    export SCRIPTS_FOLDER_PATH\=yoga.framework/Scripts
    export SCRIPT_INPUT_FILE_COUNT\=0
    export SCRIPT_INPUT_FILE_LIST_COUNT\=0
    export SCRIPT_OUTPUT_FILE_COUNT\=0
    export SCRIPT_OUTPUT_FILE_LIST_COUNT\=0
    export SDKROOT\=/Applications/Xcode.app/Contents/Developer/Platforms/iPhoneSimulator.platform/Developer/SDKs/iPhoneSimulator26.5.sdk
    export SDK_DIR\=/Applications/Xcode.app/Contents/Developer/Platforms/iPhoneSimulator.platform/Developer/SDKs/iPhoneSimulator26.5.sdk
    export SDK_DIR_iphonesimulator\=/Applications/Xcode.app/Contents/Developer/Platforms/iPhoneSimulator.platform/Developer/SDKs/iPhoneSimulator26.5.sdk
    export SDK_DIR_iphonesimulator26_5\=/Applications/Xcode.app/Contents/Developer/Platforms/iPhoneSimulator.platform/Developer/SDKs/iPhoneSimulator26.5.sdk
    export SDK_NAME\=iphonesimulator26.5
    export SDK_NAMES\=iphonesimulator26.5
    export SDK_PRODUCT_BUILD_VERSION\=23F73
    export SDK_STAT_CACHE_DIR\=/Users/antoniogrillo-balen/Library/Developer/Xcode/DerivedData
    export SDK_STAT_CACHE_ENABLE\=YES
    export SDK_STAT_CACHE_PATH\=/Users/antoniogrillo-balen/Library/Developer/Xcode/DerivedData/SDKStatCaches.noindex/iphonesimulator26.5-23F73-6cfe768891a92b912361537c460fe42b.sdkstatcache
    export SDK_VERSION\=26.5
    export SDK_VERSION_ACTUAL\=260500
    export SDK_VERSION_MAJOR\=260000
    export SDK_VERSION_MINOR\=260500
    export SED\=/usr/bin/sed
    export SEPARATE_STRIP\=NO
    export SEPARATE_SYMBOL_EDIT\=NO
    export SET_DIR_MODE_OWNER_GROUP\=YES
    export SET_FILE_MODE_OWNER_GROUP\=NO
    export SHALLOW_BUNDLE\=YES
    export SHALLOW_BUNDLE_TRIPLE\=ios-simulator
    export SHALLOW_BUNDLE_ios_macabi\=NO
    export SHALLOW_BUNDLE_macos\=NO
    export SHARED_DERIVED_FILE_DIR\=/Users/antoniogrillo-balen/Library/Developer/Xcode/DerivedData/risebysolis-gzfsziqwziaggpcbgdowmssiasmi/Build/Products/Debug-iphonesimulator/Yoga/DerivedSources
    export SHARED_FRAMEWORKS_FOLDER_PATH\=yoga.framework/SharedFrameworks
    export SHARED_PRECOMPS_DIR\=/Users/antoniogrillo-balen/Library/Developer/Xcode/DerivedData/risebysolis-gzfsziqwziaggpcbgdowmssiasmi/Build/Intermediates.noindex/PrecompiledHeaders
    export SHARED_SUPPORT_FOLDER_PATH\=yoga.framework
    export SKIP_INSTALL\=YES
    export SKIP_MERGEABLE_LIBRARY_BUNDLE_HOOK\=NO
    export SOURCE_ROOT\=/Users/antoniogrillo-balen/Desktop/Projects/RiseBuild/ios/Pods
    export SRCROOT\=/Users/antoniogrillo-balen/Desktop/Projects/RiseBuild/ios/Pods
    export STRINGSDATA_DIR\=/Users/antoniogrillo-balen/Library/Developer/Xcode/DerivedData/risebysolis-gzfsziqwziaggpcbgdowmssiasmi/Build/Intermediates.noindex/Pods.build/Debug-iphonesimulator/Yoga.build/Objects-normal/undefined_arch
    export STRINGSDATA_ROOT\=/Users/antoniogrillo-balen/Library/Developer/Xcode/DerivedData/risebysolis-gzfsziqwziaggpcbgdowmssiasmi/Build/Intermediates.noindex/Pods.build/Debug-iphonesimulator/Yoga.build
    export STRINGS_FILE_INFOPLIST_RENAME\=YES
    export STRINGS_FILE_OUTPUT_ENCODING\=binary
    export STRING_CATALOG_GENERATE_SYMBOLS\=NO
    export STRIP_BITCODE_FROM_COPIED_FILES\=NO
    export STRIP_INSTALLED_PRODUCT\=NO
    export STRIP_STYLE\=debugging
    export STRIP_SWIFT_SYMBOLS\=YES
    export SUPPORTED_DEVICE_FAMILIES\=1,2
    export SUPPORTED_PLATFORMS\=iphoneos\ iphonesimulator
    export SUPPORTS_TEXT_BASED_API\=NO
    export SUPPRESS_WARNINGS\=NO
    export SWIFT_ACTIVE_COMPILATION_CONDITIONS\=\ DEBUG\ 
    export SWIFT_EMIT_CONST_VALUE_PROTOCOLS\=AnyResolverProviding\ AppEntity\ AppEnum\ AppExtension\ AppIntent\ AppIntentsPackage\ AppShortcutProviding\ AppShortcutsProvider\ AppUnionValue\ AppUnionValueCasesProviding\ DynamicOptionsProvider\ EntityQuery\ ExtensionPointDefining\ IntentValueQuery\ Resolver\ TransientEntity\ _AssistantIntentsProvider\ _GenerativeFunctionExtractable\ _IntentValueRepresentable
    export SWIFT_EMIT_LOC_STRINGS\=NO
    export SWIFT_ENABLE_EXPLICIT_MODULES\=YES
    export SWIFT_INSTALL_MODULE_FOR_DEPLOYMENT\=YES
    export SWIFT_INSTALL_OBJC_HEADER\=YES
    export SWIFT_OPTIMIZATION_LEVEL\=-Onone
    export SWIFT_PLATFORM_TARGET_PREFIX\=ios
    export SWIFT_RESPONSE_FILE_PATH_normal_arm64\=/Users/antoniogrillo-balen/Library/Developer/Xcode/DerivedData/risebysolis-gzfsziqwziaggpcbgdowmssiasmi/Build/Intermediates.noindex/Pods.build/Debug-iphonesimulator/Yoga.build/Objects-normal/arm64/yoga.SwiftFileList
    export SWIFT_VERSION\=5.0
    export SYMROOT\=/Users/antoniogrillo-balen/Library/Developer/Xcode/DerivedData/risebysolis-gzfsziqwziaggpcbgdowmssiasmi/Build/Products
    export SYSTEM_ADMIN_APPS_DIR\=/Applications/Utilities
    export SYSTEM_APPS_DIR\=/Applications
    export SYSTEM_CORE_SERVICES_DIR\=/System/Library/CoreServices
    export SYSTEM_DEMOS_DIR\=/Applications/Extras
    export SYSTEM_DEVELOPER_APPS_DIR\=/Applications/Xcode.app/Contents/Developer/Applications
    export SYSTEM_DEVELOPER_BIN_DIR\=/Applications/Xcode.app/Contents/Developer/usr/bin
    export SYSTEM_DEVELOPER_DEMOS_DIR\=/Applications/Xcode.app/Contents/Developer/Applications/Utilities/Built\ Examples
    export SYSTEM_DEVELOPER_DIR\=/Applications/Xcode.app/Contents/Developer
    export SYSTEM_DEVELOPER_DOC_DIR\=/Applications/Xcode.app/Contents/Developer/ADC\ Reference\ Library
    export SYSTEM_DEVELOPER_GRAPHICS_TOOLS_DIR\=/Applications/Xcode.app/Contents/Developer/Applications/Graphics\ Tools
    export SYSTEM_DEVELOPER_JAVA_TOOLS_DIR\=/Applications/Xcode.app/Contents/Developer/Applications/Java\ Tools
    export SYSTEM_DEVELOPER_PERFORMANCE_TOOLS_DIR\=/Applications/Xcode.app/Contents/Developer/Applications/Performance\ Tools
    export SYSTEM_DEVELOPER_RELEASENOTES_DIR\=/Applications/Xcode.app/Contents/Developer/ADC\ Reference\ Library/releasenotes
    export SYSTEM_DEVELOPER_TOOLS\=/Applications/Xcode.app/Contents/Developer/Tools
    export SYSTEM_DEVELOPER_TOOLS_DOC_DIR\=/Applications/Xcode.app/Contents/Developer/ADC\ Reference\ Library/documentation/DeveloperTools
    export SYSTEM_DEVELOPER_TOOLS_RELEASENOTES_DIR\=/Applications/Xcode.app/Contents/Developer/ADC\ Reference\ Library/releasenotes/DeveloperTools
    export SYSTEM_DEVELOPER_USR_DIR\=/Applications/Xcode.app/Contents/Developer/usr
    export SYSTEM_DEVELOPER_UTILITIES_DIR\=/Applications/Xcode.app/Contents/Developer/Applications/Utilities
    export SYSTEM_DEXT_INSTALL_PATH\=/System/Library/DriverExtensions
    export SYSTEM_DOCUMENTATION_DIR\=/Library/Documentation
    export SYSTEM_EXTENSIONS_FOLDER_PATH\=yoga.framework/SystemExtensions
    export SYSTEM_EXTENSIONS_FOLDER_PATH_SHALLOW_BUNDLE_NO\=yoga.framework/Library/SystemExtensions
    export SYSTEM_EXTENSIONS_FOLDER_PATH_SHALLOW_BUNDLE_YES\=yoga.framework/SystemExtensions
    export SYSTEM_KEXT_INSTALL_PATH\=/System/Library/Extensions
    export SYSTEM_LIBRARY_DIR\=/System/Library
    export TAPI_DEMANGLE\=YES
    export TAPI_ENABLE_PROJECT_HEADERS\=NO
    export TAPI_LANGUAGE\=objective-c
    export TAPI_LANGUAGE_STANDARD\=compiler-default
    export TAPI_USE_SRCROOT\=YES
    export TAPI_VERIFY_MODE\=Pedantic
    export TARGETED_DEVICE_FAMILY\=1,2
    export TARGETNAME\=Yoga
    export TARGET_BUILD_DIR\=/Users/antoniogrillo-balen/Library/Developer/Xcode/DerivedData/risebysolis-gzfsziqwziaggpcbgdowmssiasmi/Build/Products/Debug-iphonesimulator/Yoga
    export TARGET_DEVICE_IDENTIFIER\=0C333F8A-4681-4475-855E-6FFD70F12533
    export TARGET_DEVICE_MODEL\=iPhone16,2
    export TARGET_DEVICE_OS_VERSION\=26.4.1
    export TARGET_DEVICE_PLATFORM_NAME\=iphonesimulator
    export TARGET_NAME\=Yoga
    export TARGET_TEMP_DIR\=/Users/antoniogrillo-balen/Library/Developer/Xcode/DerivedData/risebysolis-gzfsziqwziaggpcbgdowmssiasmi/Build/Intermediates.noindex/Pods.build/Debug-iphonesimulator/Yoga.build
    export TEMP_DIR\=/Users/antoniogrillo-balen/Library/Developer/Xcode/DerivedData/risebysolis-gzfsziqwziaggpcbgdowmssiasmi/Build/Intermediates.noindex/Pods.build/Debug-iphonesimulator/Yoga.build
    export TEMP_FILES_DIR\=/Users/antoniogrillo-balen/Library/Developer/Xcode/DerivedData/risebysolis-gzfsziqwziaggpcbgdowmssiasmi/Build/Intermediates.noindex/Pods.build/Debug-iphonesimulator/Yoga.build
    export TEMP_FILE_DIR\=/Users/antoniogrillo-balen/Library/Developer/Xcode/DerivedData/risebysolis-gzfsziqwziaggpcbgdowmssiasmi/Build/Intermediates.noindex/Pods.build/Debug-iphonesimulator/Yoga.build
    export TEMP_ROOT\=/Users/antoniogrillo-balen/Library/Developer/Xcode/DerivedData/risebysolis-gzfsziqwziaggpcbgdowmssiasmi/Build/Intermediates.noindex
    export TEMP_SANDBOX_DIR\=/Users/antoniogrillo-balen/Library/Developer/Xcode/DerivedData/risebysolis-gzfsziqwziaggpcbgdowmssiasmi/Build/Intermediates.noindex/TemporaryTaskSandboxes
    export TEST_FRAMEWORK_SEARCH_PATHS\=\ /Applications/Xcode.app/Contents/Developer/Platforms/iPhoneSimulator.platform/Developer/Library/Frameworks\ /Applications/Xcode.app/Contents/Developer/Platforms/iPhoneSimulator.platform/Developer/SDKs/iPhoneSimulator26.5.sdk/Developer/Library/Frameworks
    export TEST_LIBRARY_SEARCH_PATHS\=\ /Applications/Xcode.app/Contents/Developer/Platforms/iPhoneSimulator.platform/Developer/usr/lib
    export TOOLCHAINS\=com.apple.dt.toolchain.XcodeDefault
    export TOOLCHAIN_DIR\=/Applications/Xcode.app/Contents/Developer/Toolchains/XcodeDefault.xctoolchain
    export TREAT_MISSING_BASELINES_AS_TEST_FAILURES\=NO
    export TREAT_MISSING_SCRIPT_PHASE_OUTPUTS_AS_ERRORS\=NO
    export TeamIdentifierPrefix\=FAKETEAMID.
    export UID\=501
    export UNINSTALLED_PRODUCTS_DIR\=/Users/antoniogrillo-balen/Library/Developer/Xcode/DerivedData/risebysolis-gzfsziqwziaggpcbgdowmssiasmi/Build/Intermediates.noindex/UninstalledProducts
    export UNLOCALIZED_RESOURCES_FOLDER_PATH\=yoga.framework
    export UNLOCALIZED_RESOURCES_FOLDER_PATH_SHALLOW_BUNDLE_NO\=yoga.framework/Resources
    export UNLOCALIZED_RESOURCES_FOLDER_PATH_SHALLOW_BUNDLE_YES\=yoga.framework
    export UNSTRIPPED_PRODUCT\=NO
    export USER\=antoniogrillo-balen
    export USER_APPS_DIR\=/Users/antoniogrillo-balen/Applications
    export USER_LIBRARY_DIR\=/Users/antoniogrillo-balen/Library
    export USE_DYNAMIC_NO_PIC\=YES
    export USE_HEADERMAP\=YES
    export USE_HEADER_SYMLINKS\=NO
    export USE_HERMES\=true
    export USE_RECURSIVE_SCRIPT_INPUTS_IN_SCRIPT_PHASES\=YES
    export VALIDATE_DEVELOPMENT_ASSET_PATHS\=YES_ERROR
    export VALIDATE_PRODUCT\=NO
    export VALID_ARCHS\=arm64\ x86_64
    export VERBOSE_PBXCP\=NO
    export VERSIONING_SYSTEM\=apple-generic
    export VERSIONPLIST_PATH\=yoga.framework/version.plist
    export VERSIONS_FOLDER_PATH\=yoga.framework
    export VERSIONS_FOLDER_PATH_SHALLOW_BUNDLE_NO\=yoga.framework/Versions
    export VERSIONS_FOLDER_PATH_SHALLOW_BUNDLE_YES\=yoga.framework
    export VERSION_INFO_BUILDER\=antoniogrillo-balen
    export VERSION_INFO_FILE\=yoga_vers.c
    export VERSION_INFO_STRING\=\"@\(\#\)PROGRAM:yoga\ \ PROJECT:Pods-1\"
    export WORKSPACE_DIR\=/Users/antoniogrillo-balen/Desktop/Projects/RiseBuild/ios
    export WRAPPER_EXTENSION\=framework
    export WRAPPER_NAME\=yoga.framework
    export WRAPPER_SUFFIX\=.framework
    export WRAP_ASSET_PACKS_IN_SEPARATE_DIRECTORIES\=NO
    export XCODE_APP_SUPPORT_DIR\=/Applications/Xcode.app/Contents/Developer/Library/Xcode
    export XCODE_PRODUCT_BUILD_VERSION\=17F42
    export XCODE_VERSION_ACTUAL\=2650
    export XCODE_VERSION_MAJOR\=2600
    export XCODE_VERSION_MINOR\=2650
    export XPCSERVICES_FOLDER_PATH\=yoga.framework/XPCServices
    export YACC\=yacc
    export _DISCOVER_COMMAND_LINE_LINKER_INPUTS\=YES
    export _DISCOVER_COMMAND_LINE_LINKER_INPUTS_INCLUDE_WL\=YES
    export _LD_MULTIARCH\=YES
    export _WRAPPER_CONTENTS_DIR_SHALLOW_BUNDLE_NO\=/Contents
    export _WRAPPER_PARENT_PATH_SHALLOW_BUNDLE_NO\=/..
    export _WRAPPER_RESOURCES_DIR_SHALLOW_BUNDLE_NO\=/Resources
    export __DIAGNOSE_DEPRECATED_ARCHS\=YES
    export __ORIGINAL_SDK_DEFINED_LLVM_TARGET_TRIPLE_SYS\=ios
    export arch\=undefined_arch
    export variant\=normal
    /bin/sh -c /Users/antoniogrillo-balen/Library/Developer/Xcode/DerivedData/risebysolis-gzfsziqwziaggpcbgdowmssiasmi/Build/Intermediates.noindex/Pods.build/Debug-iphonesimulator/Yoga.build/Script-46EB2E00030C80.sh

warning: Run script build phase 'Create Symlinks to Header Folders' will be run during every build because it does not specify any outputs. To address this issue, either add output dependencies to the script phase, or configure it to run in every build by unchecking "Based on dependency analysis" in the script phase. (in target 'React-graphics' from project 'Pods')
PhaseScriptExecution Create\ Symlinks\ to\ Header\ Folders /Users/antoniogrillo-balen/Library/Developer/Xcode/DerivedData/risebysolis-gzfsziqwziaggpcbgdowmssiasmi/Build/Intermediates.noindex/Pods.build/Debug-iphonesimulator/React-graphics.build/Script-46EB2E0002B270.sh (in target 'React-graphics' from project 'Pods')
    cd /Users/antoniogrillo-balen/Desktop/Projects/RiseBuild/ios/Pods
    export ACTION\=build
    export AD_HOC_CODE_SIGNING_ALLOWED\=YES
    export ALLOW_BUILD_REQUEST_OVERRIDES\=NO
    export ALLOW_TARGET_PLATFORM_SPECIALIZATION\=NO
    export ALTERNATE_GROUP\=staff
    export ALTERNATE_MODE\=u+w,go-w,a+rX
    export ALTERNATE_OWNER\=antoniogrillo-balen
    export ALTERNATIVE_DISTRIBUTION_WEB\=NO
    export ALWAYS_EMBED_SWIFT_STANDARD_LIBRARIES\=NO
    export ALWAYS_SEARCH_USER_PATHS\=NO
    export ALWAYS_USE_SEPARATE_HEADERMAPS\=NO
    export APPLICATION_EXTENSION_API_ONLY\=NO
    export APPLY_RULES_IN_COPY_FILES\=NO
    export APPLY_RULES_IN_COPY_HEADERS\=NO
    export APP_SHORTCUTS_ENABLE_FLEXIBLE_MATCHING\=YES
    export ARCHS\=arm64
    export ARCHS_BASE\=arm64
    export ARCHS_STANDARD\=arm64\ x86_64
    export ARCHS_STANDARD_32_64_BIT\=arm64\ x86_64
    export ARCHS_STANDARD_64_BIT\=arm64\ x86_64
    export ARCHS_STANDARD_INCLUDING_64_BIT\=arm64\ x86_64
    export ARCHS_UNIVERSAL_IPHONE_OS\=arm64\ x86_64
    export ASSETCATALOG_FILTER_FOR_DEVICE_MODEL\=iPhone16,2
    export ASSETCATALOG_FILTER_FOR_DEVICE_OS_VERSION\=26.4.1
    export ASSETCATALOG_FILTER_FOR_THINNING_DEVICE_CONFIGURATION\=iPhone16,2
    export AUTOMATICALLY_MERGE_DEPENDENCIES\=NO
    export AUTOMATION_APPLE_EVENTS\=NO
    export AVAILABLE_PLATFORMS\=android\ appletvos\ appletvsimulator\ driverkit\ freebsd\ iphoneos\ iphonesimulator\ linux\ macosx\ none\ openbsd\ qnx\ watchos\ watchsimulator\ webassembly\ xros\ xrsimulator
    export AppIdentifierPrefix\=FAKETEAMID.
    export BUILD_ACTIVE_RESOURCES_ONLY\=YES
    export BUILD_COMPONENTS\=headers\ build
    export BUILD_DIR\=/Users/antoniogrillo-balen/Library/Developer/Xcode/DerivedData/risebysolis-gzfsziqwziaggpcbgdowmssiasmi/Build/Products
    export BUILD_LIBRARY_FOR_DISTRIBUTION\=NO
    export BUILD_ONLY_KNOWN_LOCALIZATIONS\=NO
    export BUILD_ROOT\=/Users/antoniogrillo-balen/Library/Developer/Xcode/DerivedData/risebysolis-gzfsziqwziaggpcbgdowmssiasmi/Build/Products
    export BUILD_STYLE\=
    export BUILD_VARIANTS\=normal
    export BUILT_PRODUCTS_DIR\=/Users/antoniogrillo-balen/Library/Developer/Xcode/DerivedData/risebysolis-gzfsziqwziaggpcbgdowmssiasmi/Build/Products/Debug-iphonesimulator/React-graphics
    export BUNDLE_CONTENTS_FOLDER_PATH_deep\=Contents/
    export BUNDLE_EXECUTABLE_FOLDER_NAME_deep\=MacOS
    export BUNDLE_EXTENSIONS_FOLDER_PATH\=Extensions
    export BUNDLE_FORMAT\=shallow
    export BUNDLE_FRAMEWORKS_FOLDER_PATH\=Frameworks
    export BUNDLE_PLUGINS_FOLDER_PATH\=PlugIns
    export BUNDLE_PRIVATE_HEADERS_FOLDER_PATH\=PrivateHeaders
    export BUNDLE_PUBLIC_HEADERS_FOLDER_PATH\=Headers
    export CACHE_ROOT\=/var/folders/2z/jtlqylkx0c709j3xb7b0g4cm0000gn/C/com.apple.DeveloperTools/26.5-17F42/Xcode
    export CCHROOT\=/var/folders/2z/jtlqylkx0c709j3xb7b0g4cm0000gn/C/com.apple.DeveloperTools/26.5-17F42/Xcode
    export CHMOD\=/bin/chmod
    export CHOWN\=chown
    export CLANG_ANALYZER_LOCALIZABILITY_NONLOCALIZED\=YES
    export CLANG_ANALYZER_NONNULL\=YES
    export CLANG_ANALYZER_NUMBER_OBJECT_CONVERSION\=YES_AGGRESSIVE
    export CLANG_CACHE_FINE_GRAINED_OUTPUTS\=YES
    export CLANG_CXX_LANGUAGE_STANDARD\=c++20
    export CLANG_CXX_LIBRARY\=libc++
    export CLANG_ENABLE_EXPLICIT_MODULES\=YES
    export CLANG_ENABLE_MODULES\=YES
    export CLANG_ENABLE_OBJC_ARC\=YES
    export CLANG_ENABLE_OBJC_WEAK\=NO
    export CLANG_MODULES_BUILD_SESSION_FILE\=/Users/antoniogrillo-balen/Library/Developer/Xcode/DerivedData/ModuleCache.noindex/Session.modulevalidation
    export CLANG_WARN_BLOCK_CAPTURE_AUTORELEASING\=YES
    export CLANG_WARN_BOOL_CONVERSION\=YES
    export CLANG_WARN_COMMA\=YES
    export CLANG_WARN_CONSTANT_CONVERSION\=YES
    export CLANG_WARN_DEPRECATED_OBJC_IMPLEMENTATIONS\=YES
    export CLANG_WARN_DIRECT_OBJC_ISA_USAGE\=YES_ERROR
    export CLANG_WARN_DOCUMENTATION_COMMENTS\=YES
    export CLANG_WARN_EMPTY_BODY\=YES
    export CLANG_WARN_ENUM_CONVERSION\=YES
    export CLANG_WARN_INFINITE_RECURSION\=YES
    export CLANG_WARN_INT_CONVERSION\=YES
    export CLANG_WARN_NON_LITERAL_NULL_CONVERSION\=YES
    export CLANG_WARN_OBJC_IMPLICIT_RETAIN_SELF\=YES
    export CLANG_WARN_OBJC_LITERAL_CONVERSION\=YES
    export CLANG_WARN_OBJC_ROOT_CLASS\=YES_ERROR
    export CLANG_WARN_QUOTED_INCLUDE_IN_FRAMEWORK_HEADER\=NO
    export CLANG_WARN_RANGE_LOOP_ANALYSIS\=YES
    export CLANG_WARN_STRICT_PROTOTYPES\=YES
    export CLANG_WARN_SUSPICIOUS_MOVE\=YES
    export CLANG_WARN_UNGUARDED_AVAILABILITY\=YES_AGGRESSIVE
    export CLANG_WARN_UNREACHABLE_CODE\=YES
    export CLANG_WARN__DUPLICATE_METHOD_MATCH\=YES
    export CLASS_FILE_DIR\=/Users/antoniogrillo-balen/Library/Developer/Xcode/DerivedData/risebysolis-gzfsziqwziaggpcbgdowmssiasmi/Build/Intermediates.noindex/Pods.build/Debug-iphonesimulator/React-graphics.build/JavaClasses
    export CLEAN_PRECOMPS\=YES
    export CLONE_HEADERS\=NO
    export CODESIGNING_FOLDER_PATH\=/Users/antoniogrillo-balen/Library/Developer/Xcode/DerivedData/risebysolis-gzfsziqwziaggpcbgdowmssiasmi/Build/Products/Debug-iphonesimulator/React-graphics/React_graphics.framework
    export CODE_SIGNING_ALLOWED\=YES
    export CODE_SIGNING_REQUIRED\=NO
    export CODE_SIGNING_REQUIRES_TEAM\=YES
    export CODE_SIGN_CONTEXT_CLASS\=XCiPhoneSimulatorCodeSignContext
    export CODE_SIGN_IDENTITY\=-
    export CODE_SIGN_INJECT_BASE_ENTITLEMENTS\=YES
    export COLOR_DIAGNOSTICS\=NO
    export COMBINE_HIDPI_IMAGES\=NO
    export COMPILATION_CACHE_CAS_PATH\=/Users/antoniogrillo-balen/Library/Developer/Xcode/DerivedData/CompilationCache.noindex
    export COMPILATION_CACHE_KEEP_CAS_DIRECTORY\=YES
    export COMPILER_INDEX_STORE_ENABLE\=Default
    export COMPOSITE_SDK_DIRS\=/Users/antoniogrillo-balen/Library/Developer/Xcode/DerivedData/risebysolis-gzfsziqwziaggpcbgdowmssiasmi/Build/Intermediates.noindex/CompositeSDKs
    export COMPRESS_PNG_FILES\=YES
    export CONFIGURATION\=Debug
    export CONFIGURATION_BUILD_DIR\=/Users/antoniogrillo-balen/Library/Developer/Xcode/DerivedData/risebysolis-gzfsziqwziaggpcbgdowmssiasmi/Build/Products/Debug-iphonesimulator/React-graphics
    export CONFIGURATION_TEMP_DIR\=/Users/antoniogrillo-balen/Library/Developer/Xcode/DerivedData/risebysolis-gzfsziqwziaggpcbgdowmssiasmi/Build/Intermediates.noindex/Pods.build/Debug-iphonesimulator
    export CONTENTS_FOLDER_PATH\=React_graphics.framework
    export CONTENTS_FOLDER_PATH_SHALLOW_BUNDLE_NO\=React_graphics.framework/A
    export CONTENTS_FOLDER_PATH_SHALLOW_BUNDLE_YES\=React_graphics.framework
    export COPYING_PRESERVES_HFS_DATA\=NO
    export COPY_HEADERS_RUN_UNIFDEF\=NO
    export COPY_PHASE_STRIP\=NO
    export CORRESPONDING_DEVICE_PLATFORM_DIR\=/Applications/Xcode.app/Contents/Developer/Platforms/iPhoneOS.platform
    export CORRESPONDING_DEVICE_PLATFORM_NAME\=iphoneos
    export CORRESPONDING_DEVICE_SDK_DIR\=/Applications/Xcode.app/Contents/Developer/Platforms/iPhoneOS.platform/Developer/SDKs/iPhoneOS26.5.sdk
    export CORRESPONDING_DEVICE_SDK_NAME\=iphoneos26.5
    export CP\=/bin/cp
    export CREATE_INFOPLIST_SECTION_IN_BINARY\=NO
    export CURRENT_ARCH\=undefined_arch
    export CURRENT_PROJECT_VERSION\=1
    export CURRENT_VARIANT\=normal
    export CURRENT_VERSION\=Current
    export DEAD_CODE_STRIPPING\=YES
    export DEBUGGING_SYMBOLS\=YES
    export DEBUG_INFORMATION_FORMAT\=dwarf
    export DEBUG_INFORMATION_VERSION\=compiler-default
    export DEFAULT_COMPILER\=com.apple.compilers.llvm.clang.1_0
    export DEFAULT_DEXT_INSTALL_PATH\=/System/Library/DriverExtensions
    export DEFAULT_KEXT_INSTALL_PATH\=/System/Library/Extensions
    export DEFINES_MODULE\=YES
    export DEPLOYMENT_LOCATION\=NO
    export DEPLOYMENT_POSTPROCESSING\=NO
    export DEPLOYMENT_TARGET_SETTING_NAME\=IPHONEOS_DEPLOYMENT_TARGET
    export DEPLOYMENT_TARGET_SUGGESTED_VALUES\=12.0\ 12.1\ 12.2\ 12.3\ 12.4\ 13.0\ 13.1\ 13.2\ 13.3\ 13.4\ 13.5\ 13.6\ 14.0\ 14.1\ 14.2\ 14.3\ 14.4\ 14.5\ 14.6\ 14.7\ 15.0\ 15.1\ 15.2\ 15.3\ 15.4\ 15.5\ 15.6\ 16.0\ 16.1\ 16.2\ 16.3\ 16.4\ 16.5\ 16.6\ 17.0\ 17.1\ 17.2\ 17.3\ 17.4\ 17.5\ 17.6\ 18.0\ 18.1\ 18.2\ 18.3\ 18.4\ 18.5\ 18.6\ 26.0\ 26.2\ 26.3\ 26.4\ 26.5
    export DERIVED_FILES_DIR\=/Users/antoniogrillo-balen/Library/Developer/Xcode/DerivedData/risebysolis-gzfsziqwziaggpcbgdowmssiasmi/Build/Intermediates.noindex/Pods.build/Debug-iphonesimulator/React-graphics.build/DerivedSources
    export DERIVED_FILE_DIR\=/Users/antoniogrillo-balen/Library/Developer/Xcode/DerivedData/risebysolis-gzfsziqwziaggpcbgdowmssiasmi/Build/Intermediates.noindex/Pods.build/Debug-iphonesimulator/React-graphics.build/DerivedSources
    export DERIVED_SOURCES_DIR\=/Users/antoniogrillo-balen/Library/Developer/Xcode/DerivedData/risebysolis-gzfsziqwziaggpcbgdowmssiasmi/Build/Intermediates.noindex/Pods.build/Debug-iphonesimulator/React-graphics.build/DerivedSources
    export DEVELOPER_APPLICATIONS_DIR\=/Applications/Xcode.app/Contents/Developer/Applications
    export DEVELOPER_BIN_DIR\=/Applications/Xcode.app/Contents/Developer/usr/bin
    export DEVELOPER_DIR\=/Applications/Xcode.app/Contents/Developer
    export DEVELOPER_FRAMEWORKS_DIR\=/Applications/Xcode.app/Contents/Developer/Library/Frameworks
    export DEVELOPER_FRAMEWORKS_DIR_QUOTED\=/Applications/Xcode.app/Contents/Developer/Library/Frameworks
    export DEVELOPER_LIBRARY_DIR\=/Applications/Xcode.app/Contents/Developer/Library
    export DEVELOPER_SDK_DIR\=/Applications/Xcode.app/Contents/Developer/Platforms/MacOSX.platform/Developer/SDKs
    export DEVELOPER_TOOLS_DIR\=/Applications/Xcode.app/Contents/Developer/Tools
    export DEVELOPER_USR_DIR\=/Applications/Xcode.app/Contents/Developer/usr
    export DEVELOPMENT_LANGUAGE\=en
    export DIAGNOSE_MISSING_TARGET_DEPENDENCIES\=YES
    export DIFF\=/usr/bin/diff
    export DOCUMENTATION_FOLDER_PATH\=React_graphics.framework/en.lproj/Documentation
    export DONT_GENERATE_INFOPLIST_FILE\=NO
    export DSTROOT\=/tmp/Pods.dst
    export DT_TOOLCHAIN_DIR\=/Applications/Xcode.app/Contents/Developer/Toolchains/XcodeDefault.xctoolchain
    export DUMP_DEPENDENCIES\=NO
    export DUMP_DEPENDENCIES_OUTPUT_PATH\=/Users/antoniogrillo-balen/Library/Developer/Xcode/DerivedData/risebysolis-gzfsziqwziaggpcbgdowmssiasmi/Build/Intermediates.noindex/Pods.build/Debug-iphonesimulator/React-graphics.build/React-graphics-BuildDependencyInfo.json
    export DWARF_DSYM_FILE_NAME\=React_graphics.framework.dSYM
    export DWARF_DSYM_FILE_SHOULD_ACCOMPANY_PRODUCT\=NO
    export DWARF_DSYM_FOLDER_PATH\=/Users/antoniogrillo-balen/Library/Developer/Xcode/DerivedData/risebysolis-gzfsziqwziaggpcbgdowmssiasmi/Build/Products/Debug-iphonesimulator/React-graphics
    export DYLIB_COMPATIBILITY_VERSION\=1
    export DYLIB_CURRENT_VERSION\=1
    export DYLIB_INSTALL_NAME_BASE\=@rpath
    export DYNAMIC_LIBRARY_EXTENSION\=dylib
    export EAGER_COMPILATION_ALLOW_SCRIPTS\=NO
    export EAGER_LINKING\=NO
    export EFFECTIVE_PLATFORM_NAME\=-iphonesimulator
    export EFFECTIVE_SWIFT_VERSION\=5
    export EMBEDDED_CONTENT_CONTAINS_SWIFT\=NO
    export EMBED_ASSET_PACKS_IN_PRODUCT_BUNDLE\=NO
    export ENABLE_APP_SANDBOX\=NO
    export ENABLE_CODE_COVERAGE\=YES
    export ENABLE_COHORT_ARCHS\=NO
    export ENABLE_CPLUSPLUS_BOUNDS_SAFE_BUFFERS\=NO
    export ENABLE_C_BOUNDS_SAFETY\=NO
    export ENABLE_DEFAULT_HEADER_SEARCH_PATHS\=YES
    export ENABLE_DEFAULT_SEARCH_PATHS\=YES
    export ENABLE_ENHANCED_SECURITY\=NO
    export ENABLE_HARDENED_RUNTIME\=NO
    export ENABLE_HEADER_DEPENDENCIES\=YES
    export ENABLE_INCOMING_NETWORK_CONNECTIONS\=NO
    export ENABLE_MODULE_VERIFIER\=NO
    export ENABLE_ON_DEMAND_RESOURCES\=NO
    export ENABLE_OUTGOING_NETWORK_CONNECTIONS\=NO
    export ENABLE_POINTER_AUTHENTICATION\=NO
    export ENABLE_PREVIEWS\=NO
    export ENABLE_RESOURCE_ACCESS_AUDIO_INPUT\=NO
    export ENABLE_RESOURCE_ACCESS_BLUETOOTH\=NO
    export ENABLE_RESOURCE_ACCESS_CALENDARS\=NO
    export ENABLE_RESOURCE_ACCESS_CAMERA\=NO
    export ENABLE_RESOURCE_ACCESS_CONTACTS\=NO
    export ENABLE_RESOURCE_ACCESS_LOCATION\=NO
    export ENABLE_RESOURCE_ACCESS_PHOTO_LIBRARY\=NO
    export ENABLE_RESOURCE_ACCESS_PRINTING\=NO
    export ENABLE_RESOURCE_ACCESS_USB\=NO
    export ENABLE_SDK_IMPORTS\=NO
    export ENABLE_SECURITY_COMPILER_WARNINGS\=NO
    export ENABLE_STRICT_OBJC_MSGSEND\=YES
    export ENABLE_TESTABILITY\=YES
    export ENABLE_TESTING_SEARCH_PATHS\=NO
    export ENABLE_USER_SCRIPT_SANDBOXING\=NO
    export ENABLE_XOJIT_PREVIEWS\=YES
    export ENFORCE_VALID_ARCHS\=YES
    export ENTITLEMENTS_DESTINATION\=__entitlements
    export ENTITLEMENTS_REQUIRED\=NO
    export EXCLUDED_INSTALLSRC_SUBDIRECTORY_PATTERNS\=.DS_Store\ .svn\ .git\ .hg\ CVS
    export EXCLUDED_RECURSIVE_SEARCH_PATH_SUBDIRECTORIES\=\*.nib\ \*.lproj\ \*.framework\ \*.gch\ \*.xcode\*\ \*.xcassets\ \*.icon\ \(\*\)\ .DS_Store\ CVS\ .svn\ .git\ .hg\ \*.pbproj\ \*.pbxproj
    export EXECUTABLES_FOLDER_PATH\=React_graphics.framework/en.lproj
    export EXECUTABLE_FOLDER_PATH\=React_graphics.framework
    export EXECUTABLE_FOLDER_PATH_SHALLOW_BUNDLE_NO\=React_graphics.framework
    export EXECUTABLE_FOLDER_PATH_SHALLOW_BUNDLE_YES\=React_graphics.framework
    export EXECUTABLE_NAME\=React_graphics
    export EXECUTABLE_PATH\=React_graphics.framework/React_graphics
    export EXPANDED_CODE_SIGN_IDENTITY\=-
    export EXPANDED_CODE_SIGN_IDENTITY_NAME\=Sign\ to\ Run\ Locally
    export EXTENSIONS_FOLDER_PATH\=React_graphics.framework/Extensions
    export FILE_LIST\=/Users/antoniogrillo-balen/Library/Developer/Xcode/DerivedData/risebysolis-gzfsziqwziaggpcbgdowmssiasmi/Build/Intermediates.noindex/Pods.build/Debug-iphonesimulator/React-graphics.build/Objects/LinkFileList
    export FIXED_FILES_DIR\=/Users/antoniogrillo-balen/Library/Developer/Xcode/DerivedData/risebysolis-gzfsziqwziaggpcbgdowmssiasmi/Build/Intermediates.noindex/Pods.build/Debug-iphonesimulator/React-graphics.build/FixedFiles
    export FRAMEWORKS_FOLDER_PATH\=React_graphics.framework/Frameworks
    export FRAMEWORK_FLAG_PREFIX\=-framework
    export FRAMEWORK_SEARCH_PATHS\=/Users/antoniogrillo-balen/Library/Developer/Xcode/DerivedData/risebysolis-gzfsziqwziaggpcbgdowmssiasmi/Build/Products/Debug-iphonesimulator/React-graphics\ \ \"/Users/antoniogrillo-balen/Library/Developer/Xcode/DerivedData/risebysolis-gzfsziqwziaggpcbgdowmssiasmi/Build/Products/Debug-iphonesimulator/DoubleConversion\"\ \"/Users/antoniogrillo-balen/Library/Developer/Xcode/DerivedData/risebysolis-gzfsziqwziaggpcbgdowmssiasmi/Build/Products/Debug-iphonesimulator/RCT-Folly\"\ \"/Users/antoniogrillo-balen/Library/Developer/Xcode/DerivedData/risebysolis-gzfsziqwziaggpcbgdowmssiasmi/Build/Products/Debug-iphonesimulator/React-cxxreact\"\ \"/Users/antoniogrillo-balen/Library/Developer/Xcode/DerivedData/risebysolis-gzfsziqwziaggpcbgdowmssiasmi/Build/Products/Debug-iphonesimulator/React-debug\"\ \"/Users/antoniogrillo-balen/Library/Developer/Xcode/DerivedData/risebysolis-gzfsziqwziaggpcbgdowmssiasmi/Build/Products/Debug-iphonesimulator/React-featureflags\"\ \"/Users/antoniogrillo-balen/Library/Developer/Xcode/DerivedData/risebysolis-gzfsziqwziaggpcbgdowmssiasmi/Build/Products/Debug-iphonesimulator/React-jsi\"\ \"/Users/antoniogrillo-balen/Library/Developer/Xcode/DerivedData/risebysolis-gzfsziqwziaggpcbgdowmssiasmi/Build/Products/Debug-iphonesimulator/React-jsiexecutor\"\ \"/Users/antoniogrillo-balen/Library/Developer/Xcode/DerivedData/risebysolis-gzfsziqwziaggpcbgdowmssiasmi/Build/Products/Debug-iphonesimulator/React-jsinspector\"\ \"/Users/antoniogrillo-balen/Library/Developer/Xcode/DerivedData/risebysolis-gzfsziqwziaggpcbgdowmssiasmi/Build/Products/Debug-iphonesimulator/React-logger\"\ \"/Users/antoniogrillo-balen/Library/Developer/Xcode/DerivedData/risebysolis-gzfsziqwziaggpcbgdowmssiasmi/Build/Products/Debug-iphonesimulator/React-perflogger\"\ \"/Users/antoniogrillo-balen/Library/Developer/Xcode/DerivedData/risebysolis-gzfsziqwziaggpcbgdowmssiasmi/Build/Products/Debug-iphonesimulator/React-utils\"\ \"/Users/antoniogrillo-balen/Library/Developer/Xcode/DerivedData/risebysolis-gzfsziqwziaggpcbgdowmssiasmi/Build/Products/Debug-iphonesimulator/fmt\"\ \"/Users/antoniogrillo-balen/Library/Developer/Xcode/DerivedData/risebysolis-gzfsziqwziaggpcbgdowmssiasmi/Build/Products/Debug-iphonesimulator/glog\"\ \"/Users/antoniogrillo-balen/Desktop/Projects/RiseBuild/ios/Pods/hermes-engine/destroot/Library/Frameworks/universal\"\ \"/Users/antoniogrillo-balen/Library/Developer/Xcode/DerivedData/risebysolis-gzfsziqwziaggpcbgdowmssiasmi/Build/Products/Debug-iphonesimulator/XCFrameworkIntermediates/hermes-engine/Pre-built\"
    export FRAMEWORK_VERSION\=A
    export FULL_PRODUCT_NAME\=React_graphics.framework
    export FUSE_BUILD_PHASES\=YES
    export FUSE_BUILD_SCRIPT_PHASES\=NO
    export GCC3_VERSION\=3.3
    export GCC_C_LANGUAGE_STANDARD\=gnu11
    export GCC_DYNAMIC_NO_PIC\=NO
    export GCC_INLINES_ARE_PRIVATE_EXTERN\=YES
    export GCC_NO_COMMON_BLOCKS\=YES
    export GCC_OBJC_LEGACY_DISPATCH\=YES
    export GCC_OPTIMIZATION_LEVEL\=0
    export GCC_PFE_FILE_C_DIALECTS\=c\ objective-c\ c++\ objective-c++
    export GCC_PREFIX_HEADER\=Target\ Support\ Files/React-graphics/React-graphics-prefix.pch
    export GCC_PREPROCESSOR_DEFINITIONS\=POD_CONFIGURATION_DEBUG\=1\ DEBUG\=1\ \ COCOAPODS\=1
    export GCC_TREAT_WARNINGS_AS_ERRORS\=NO
    export GCC_VERSION\=com.apple.compilers.llvm.clang.1_0
    export GCC_VERSION_IDENTIFIER\=com_apple_compilers_llvm_clang_1_0
    export GCC_WARN_64_TO_32_BIT_CONVERSION\=YES
    export GCC_WARN_ABOUT_RETURN_TYPE\=YES_ERROR
    export GCC_WARN_UNDECLARED_SELECTOR\=YES
    export GCC_WARN_UNINITIALIZED_AUTOS\=YES_AGGRESSIVE
    export GCC_WARN_UNUSED_FUNCTION\=YES
    export GCC_WARN_UNUSED_VARIABLE\=YES
    export GENERATED_MODULEMAP_DIR\=/Users/antoniogrillo-balen/Library/Developer/Xcode/DerivedData/risebysolis-gzfsziqwziaggpcbgdowmssiasmi/Build/Intermediates.noindex/GeneratedModuleMaps-iphonesimulator
    export GENERATE_INFOPLIST_FILE\=NO
    export GENERATE_INTERMEDIATE_TEXT_BASED_STUBS\=YES
    export GENERATE_PKGINFO_FILE\=NO
    export GENERATE_PRELINK_OBJECT_FILE\=NO
    export GENERATE_PROFILING_CODE\=NO
    export GENERATE_TEXT_BASED_STUBS\=NO
    export GID\=20
    export GROUP\=staff
    export HEADERMAP_INCLUDES_FLAT_ENTRIES_FOR_TARGET_BEING_BUILT\=YES
    export HEADERMAP_INCLUDES_FRAMEWORK_ENTRIES_FOR_ALL_PRODUCT_TYPES\=YES
    export HEADERMAP_INCLUDES_FRAMEWORK_ENTRIES_FOR_TARGETS_NOT_BEING_BUILT\=YES
    export HEADERMAP_INCLUDES_NONPUBLIC_NONPRIVATE_HEADERS\=YES
    export HEADERMAP_INCLUDES_PROJECT_HEADERS\=YES
    export HEADERMAP_USES_FRAMEWORK_PREFIX_ENTRIES\=YES
    export HEADERMAP_USES_VFS\=YES
    export HEADER_SEARCH_PATHS\=/Users/antoniogrillo-balen/Library/Developer/Xcode/DerivedData/risebysolis-gzfsziqwziaggpcbgdowmssiasmi/Build/Products/Debug-iphonesimulator/React-graphics/include\ \ /Users/antoniogrillo-balen/Library/Developer/Xcode/DerivedData/risebysolis-gzfsziqwziaggpcbgdowmssiasmi/Build/Products/Debug-iphonesimulator/ReactCommon/ReactCommon.framework/Headers\ /Users/antoniogrillo-balen/Library/Developer/Xcode/DerivedData/risebysolis-gzfsziqwziaggpcbgdowmssiasmi/Build/Products/Debug-iphonesimulator/ReactCommon/ReactCommon.framework/Headers/react/nativemodule/core\ /Users/antoniogrillo-balen/Library/Developer/Xcode/DerivedData/risebysolis-gzfsziqwziaggpcbgdowmssiasmi/Build/Products/Debug-iphonesimulator/ReactCommon-Samples/ReactCommon_Samples.framework/Headers\ /Users/antoniogrillo-balen/Library/Developer/Xcode/DerivedData/risebysolis-gzfsziqwziaggpcbgdowmssiasmi/Build/Products/Debug-iphonesimulator/ReactCommon-Samples/ReactCommon_Samples.framework/Headers/platform/ios\ /Users/antoniogrillo-balen/Library/Developer/Xcode/DerivedData/risebysolis-gzfsziqwziaggpcbgdowmssiasmi/Build/Products/Debug-iphonesimulator/React-Fabric/React_Fabric.framework/Headers/react/renderer/components/view/platform/cxx\ /Users/antoniogrillo-balen/Library/Developer/Xcode/DerivedData/risebysolis-gzfsziqwziaggpcbgdowmssiasmi/Build/Products/Debug-iphonesimulator/React-NativeModulesApple/React_NativeModulesApple.framework/Headers\ /Users/antoniogrillo-balen/Library/Developer/Xcode/DerivedData/risebysolis-gzfsziqwziaggpcbgdowmssiasmi/Build/Products/Debug-iphonesimulator/React-graphics/React_graphics.framework/Headers\ /Users/antoniogrillo-balen/Library/Developer/Xcode/DerivedData/risebysolis-gzfsziqwziaggpcbgdowmssiasmi/Build/Products/Debug-iphonesimulator/React-graphics/React_graphics.framework/Headers/react/renderer/graphics/platform/ios\ \"/Users/antoniogrillo-balen/Desktop/Projects/RiseBuild/ios/Pods/Headers/Public\"\ \"/Users/antoniogrillo-balen/Desktop/Projects/RiseBuild/ios/Pods/Headers/Public/React-callinvoker\"\ \"/Users/antoniogrillo-balen/Desktop/Projects/RiseBuild/ios/Pods/Headers/Public/React-runtimeexecutor\"\ \"/Users/antoniogrillo-balen/Desktop/Projects/RiseBuild/ios/Pods/Headers/Public/React-timing\"\ \"/Users/antoniogrillo-balen/Desktop/Projects/RiseBuild/ios/Pods/Headers/Public/boost\"\ \"/Users/antoniogrillo-balen/Desktop/Projects/RiseBuild/ios/Pods/Headers/Public/fast_float\"\ \"/Users/antoniogrillo-balen/Desktop/Projects/RiseBuild/ios/Pods/Headers/Public/hermes-engine\"\ \"/Users/antoniogrillo-balen/Desktop/Projects/RiseBuild/ios/Pods/boost\"\ \"/Users/antoniogrillo-balen/Desktop/Projects/RiseBuild/ios/Pods/../../node_modules/react-native/ReactCommon/react/renderer/graphics/../../../\"\ \"/Users/antoniogrillo-balen/Desktop/Projects/RiseBuild/ios/Pods/RCT-Folly\"\ \"/Users/antoniogrillo-balen/Desktop/Projects/RiseBuild/ios/Pods/DoubleConversion\"\ \"/Users/antoniogrillo-balen/Desktop/Projects/RiseBuild/ios/Pods/fast_float/include\"\ \"/Users/antoniogrillo-balen/Desktop/Projects/RiseBuild/ios/Pods/fmt/include\"\ \"/Users/antoniogrillo-balen/Desktop/Projects/RiseBuild/ios/Pods/../../node_modules/react-native/ReactCommon/react/renderer/graphics/platform/ios\"
    export HOME\=/Users/antoniogrillo-balen
    export HOST_ARCH\=arm64
    export HOST_PLATFORM\=macosx
    export ICONV\=/usr/bin/iconv
    export IMPLICIT_DEPENDENCY_DOMAIN\=default
    export INDEX_STORE_COMPRESS\=NO
    export INDEX_STORE_ONLY_PROJECT_FILES\=NO
    export INFOPLIST_ENABLE_CFBUNDLEICONS_MERGE\=YES
    export INFOPLIST_EXPAND_BUILD_SETTINGS\=YES
    export INFOPLIST_FILE\=Target\ Support\ Files/React-graphics/React-graphics-Info.plist
    export INFOPLIST_OUTPUT_FORMAT\=binary
    export INFOPLIST_PATH\=React_graphics.framework/Info.plist
    export INFOPLIST_PREPROCESS\=NO
    export INFOSTRINGS_PATH\=React_graphics.framework/en.lproj/InfoPlist.strings
    export INLINE_PRIVATE_FRAMEWORKS\=NO
    export INSTALLAPI_IGNORE_SKIP_INSTALL\=YES
    export INSTALLHDRS_COPY_PHASE\=NO
    export INSTALLHDRS_SCRIPT_PHASE\=NO
    export INSTALL_DIR\=/tmp/Pods.dst/Library/Frameworks
    export INSTALL_GROUP\=staff
    export INSTALL_MODE_FLAG\=u+w,go-w,a+rX
    export INSTALL_OWNER\=antoniogrillo-balen
    export INSTALL_PATH\=/Library/Frameworks
    export INSTALL_ROOT\=/tmp/Pods.dst
    export IPHONEOS_DEPLOYMENT_TARGET\=15.1
    export IS_UNOPTIMIZED_BUILD\=YES
    export JAVAC_DEFAULT_FLAGS\=-J-Xms64m\ -J-XX:NewSize\=4M\ -J-Dfile.encoding\=UTF8
    export JAVA_APP_STUB\=/System/Library/Frameworks/JavaVM.framework/Resources/MacOS/JavaApplicationStub
    export JAVA_ARCHIVE_CLASSES\=YES
    export JAVA_ARCHIVE_TYPE\=JAR
    export JAVA_COMPILER\=/usr/bin/javac
    export JAVA_FOLDER_PATH\=React_graphics.framework/Java
    export JAVA_FRAMEWORK_RESOURCES_DIRS\=Resources
    export JAVA_JAR_FLAGS\=cv
    export JAVA_SOURCE_SUBDIR\=.
    export JAVA_USE_DEPENDENCIES\=YES
    export JAVA_ZIP_FLAGS\=-urg
    export JIKES_DEFAULT_FLAGS\=+E\ +OLDCSO
    export KEEP_PRIVATE_EXTERNS\=NO
    export LD_DEPENDENCY_INFO_FILE\=/Users/antoniogrillo-balen/Library/Developer/Xcode/DerivedData/risebysolis-gzfsziqwziaggpcbgdowmssiasmi/Build/Intermediates.noindex/Pods.build/Debug-iphonesimulator/React-graphics.build/Objects-normal/undefined_arch/React_graphics_dependency_info.dat
    export LD_DYLIB_INSTALL_NAME\=@rpath/React_graphics.framework/React_graphics
    export LD_EXPORT_SYMBOLS\=YES
    export LD_GENERATE_MAP_FILE\=NO
    export LD_MAP_FILE_PATH\=/Users/antoniogrillo-balen/Library/Developer/Xcode/DerivedData/risebysolis-gzfsziqwziaggpcbgdowmssiasmi/Build/Intermediates.noindex/Pods.build/Debug-iphonesimulator/React-graphics.build/React_graphics-LinkMap-normal-undefined_arch.txt
    export LD_NO_PIE\=NO
    export LD_QUOTE_LINKER_ARGUMENTS_FOR_COMPILER_DRIVER\=YES
    export LD_RUNPATH_SEARCH_PATHS\=\ @executable_path/Frameworks\ @loader_path/Frameworks
    export LD_SHARED_CACHE_ELIGIBLE\=Automatic
    export LD_WARN_DUPLICATE_LIBRARIES\=NO
    export LD_WARN_UNUSED_DYLIBS\=NO
    export LEGACY_DEVELOPER_DIR\=/Applications/Xcode.app/Contents/PlugIns/Xcode3Core.ideplugin/Contents/SharedSupport/Developer
    export LEX\=lex
    export LIBRARY_DEXT_INSTALL_PATH\=/Library/DriverExtensions
    export LIBRARY_FLAG_NOSPACE\=YES
    export LIBRARY_FLAG_PREFIX\=-l
    export LIBRARY_KEXT_INSTALL_PATH\=/Library/Extensions
    export LIBRARY_SEARCH_PATHS\=/Users/antoniogrillo-balen/Library/Developer/Xcode/DerivedData/risebysolis-gzfsziqwziaggpcbgdowmssiasmi/Build/Products/Debug-iphonesimulator/React-graphics\ 
    export LINKER_DISPLAYS_MANGLED_NAMES\=NO
    export LINK_FILE_LIST_normal_arm64\=/Users/antoniogrillo-balen/Library/Developer/Xcode/DerivedData/risebysolis-gzfsziqwziaggpcbgdowmssiasmi/Build/Intermediates.noindex/Pods.build/Debug-iphonesimulator/React-graphics.build/Objects-normal/arm64/React_graphics.LinkFileList
    export LINK_OBJC_RUNTIME\=YES
    export LINK_WITH_STANDARD_LIBRARIES\=YES
    export LLVM_TARGET_TRIPLE_OS_VERSION\=ios15.1
    export LLVM_TARGET_TRIPLE_SUFFIX\=-simulator
    export LLVM_TARGET_TRIPLE_VENDOR\=apple
    export LM_AUX_CONST_METADATA_LIST_PATH_normal_arm64\=/Users/antoniogrillo-balen/Library/Developer/Xcode/DerivedData/risebysolis-gzfsziqwziaggpcbgdowmssiasmi/Build/Intermediates.noindex/Pods.build/Debug-iphonesimulator/React-graphics.build/Objects-normal/arm64/React_graphics.SwiftConstValuesFileList
    export LOCALIZATION_EXPORT_SUPPORTED\=YES
    export LOCALIZATION_PREFERS_STRING_CATALOGS\=NO
    export LOCALIZED_RESOURCES_FOLDER_PATH\=React_graphics.framework/en.lproj
    export LOCALIZED_STRING_CODE_COMMENTS\=NO
    export LOCALIZED_STRING_MACRO_NAMES\=NSLocalizedString\ CFCopyLocalizedString
    export LOCALIZED_STRING_SWIFTUI_SUPPORT\=YES
    export LOCAL_ADMIN_APPS_DIR\=/Applications/Utilities
    export LOCAL_APPS_DIR\=/Applications
    export LOCAL_DEVELOPER_DIR\=/Library/Developer
    export LOCAL_LIBRARY_DIR\=/Library
    export LOCROOT\=/Users/antoniogrillo-balen/Desktop/Projects/RiseBuild/ios/Pods
    export LOCSYMROOT\=/Users/antoniogrillo-balen/Desktop/Projects/RiseBuild/ios/Pods
    export MACH_O_TYPE\=staticlib
    export MAC_OS_X_PRODUCT_BUILD_VERSION\=25E253
    export MAC_OS_X_VERSION_ACTUAL\=260401
    export MAC_OS_X_VERSION_MAJOR\=260000
    export MAC_OS_X_VERSION_MINOR\=260400
    export MAKE_MERGEABLE\=NO
    export MERGEABLE_LIBRARY\=NO
    export MERGED_BINARY_TYPE\=none
    export MERGE_LINKED_LIBRARIES\=NO
    export METAL_LIBRARY_FILE_BASE\=default
    export METAL_LIBRARY_OUTPUT_DIR\=/Users/antoniogrillo-balen/Library/Developer/Xcode/DerivedData/risebysolis-gzfsziqwziaggpcbgdowmssiasmi/Build/Products/Debug-iphonesimulator/React-graphics/React_graphics.framework
    export MODULEMAP_FILE\=Target\ Support\ Files/React-graphics/React-graphics.modulemap
    export MODULES_FOLDER_PATH\=React_graphics.framework/Modules
    export MODULE_CACHE_DIR\=/Users/antoniogrillo-balen/Library/Developer/Xcode/DerivedData/ModuleCache.noindex
    export MTL_ENABLE_DEBUG_INFO\=INCLUDE_SOURCE
    export MTL_FAST_MATH\=YES
    export NATIVE_ARCH\=arm64
    export NATIVE_ARCH_32_BIT\=arm
    export NATIVE_ARCH_64_BIT\=arm64
    export NATIVE_ARCH_ACTUAL\=arm64
    export NO_COMMON\=YES
    export OBJC_ABI_VERSION\=2
    export OBJECT_FILE_DIR\=/Users/antoniogrillo-balen/Library/Developer/Xcode/DerivedData/risebysolis-gzfsziqwziaggpcbgdowmssiasmi/Build/Intermediates.noindex/Pods.build/Debug-iphonesimulator/React-graphics.build/Objects
    export OBJECT_FILE_DIR_normal\=/Users/antoniogrillo-balen/Library/Developer/Xcode/DerivedData/risebysolis-gzfsziqwziaggpcbgdowmssiasmi/Build/Intermediates.noindex/Pods.build/Debug-iphonesimulator/React-graphics.build/Objects-normal
    export OBJROOT\=/Users/antoniogrillo-balen/Library/Developer/Xcode/DerivedData/risebysolis-gzfsziqwziaggpcbgdowmssiasmi/Build/Intermediates.noindex
    export ONLY_ACTIVE_ARCH\=YES
    export OS\=MACOS
    export OSAC\=/usr/bin/osacompile
    export OTHER_LDFLAGS\=\ \ 
    export PACKAGE_TYPE\=com.apple.package-type.wrapper.framework
    export PASCAL_STRINGS\=YES
    export PATH\=/Applications/Xcode.app/Contents/SharedFrameworks/SwiftBuild.framework/Versions/A/PlugIns/SWBBuildService.bundle/Contents/PlugIns/SWBUniversalPlatformPlugin.bundle/Contents/Frameworks/SWBUniversalPlatform.framework/Resources:/Applications/Xcode.app/Contents/Developer/Toolchains/XcodeDefault.xctoolchain/usr/bin:/Applications/Xcode.app/Contents/Developer/Toolchains/XcodeDefault.xctoolchain/usr/local/bin:/Applications/Xcode.app/Contents/Developer/Toolchains/XcodeDefault.xctoolchain/usr/libexec:/Applications/Xcode.app/Contents/Developer/Platforms/iPhoneSimulator.platform/usr/bin:/Applications/Xcode.app/Contents/Developer/Platforms/iPhoneSimulator.platform/usr/local/bin:/Applications/Xcode.app/Contents/Developer/Platforms/iPhoneSimulator.platform/Developer/usr/bin:/Applications/Xcode.app/Contents/Developer/Platforms/iPhoneSimulator.platform/Developer/usr/local/bin:/Applications/Xcode.app/Contents/Developer/usr/bin:/Applications/Xcode.app/Contents/Developer/usr/local/bin:/opt/homebrew/opt/ruby/bin:/opt/homebrew/lib/ruby/gems/4.0.0/bin:/opt/homebrew/bin:/opt/homebrew/sbin:/Users/antoniogrillo-balen/.nvm/versions/node/v24.14.1/bin:/Library/Frameworks/Python.framework/Versions/3.14/bin:/usr/local/bin:/System/Cryptexes/App/usr/bin:/usr/bin:/bin:/usr/sbin:/sbin:/var/run/com.apple.security.cryptexd/codex.system/bootstrap/usr/local/bin:/var/run/com.apple.security.cryptexd/codex.system/bootstrap/usr/bin:/var/run/com.apple.security.cryptexd/codex.system/bootstrap/usr/appleinternal/bin:/opt/pkg/env/active/bin:/opt/pmk/env/global/bin:/Library/Apple/usr/bin:/Applications/VMware\ Fusion.app/Contents/Public:/Users/antoniogrillo-balen/.cargo/bin:/Users/antoniogrillo-balen/.cache/plugins/.install-staging/25283474a0e0d4a060cb0e915c1ec54e3d41ef2e/cursor/repo/bin:/Users/antoniogrillo-balen/.claude/plugins/cache/claude-plugins-official/superpowers/5.1.0/bin:/Users/antoniogrillo-balen/.claude/plugins/cache/claude-plugins-official/frontend-design/unknown/bin:/Users/antoniogrillo-balen/.claude/plugins/cache/claude-plugins-official/code-simplifier/1.0.0/bin:/Users/antoniogrillo-balen/.claude/plugins/cache/claude-plugins-official/security-guidance/unknown/bin:/Users/antoniogrillo-balen/.claude/plugins/cache/thedotmack/claude-mem/12.1.1/bin
    export PATH_PREFIXES_EXCLUDED_FROM_HEADER_DEPENDENCIES\=/usr/include\ /usr/local/include\ /System/Library/Frameworks\ /System/Library/PrivateFrameworks\ /Applications/Xcode.app/Contents/Developer/Headers\ /Applications/Xcode.app/Contents/Developer/SDKs\ /Applications/Xcode.app/Contents/Developer/Platforms
    export PBDEVELOPMENTPLIST_PATH\=React_graphics.framework/pbdevelopment.plist
    export PER_ARCH_MODULE_FILE_DIR\=/Users/antoniogrillo-balen/Library/Developer/Xcode/DerivedData/risebysolis-gzfsziqwziaggpcbgdowmssiasmi/Build/Intermediates.noindex/Pods.build/Debug-iphonesimulator/React-graphics.build/Objects-normal/undefined_arch
    export PER_ARCH_OBJECT_FILE_DIR\=/Users/antoniogrillo-balen/Library/Developer/Xcode/DerivedData/risebysolis-gzfsziqwziaggpcbgdowmssiasmi/Build/Intermediates.noindex/Pods.build/Debug-iphonesimulator/React-graphics.build/Objects-normal/undefined_arch
    export PER_VARIANT_OBJECT_FILE_DIR\=/Users/antoniogrillo-balen/Library/Developer/Xcode/DerivedData/risebysolis-gzfsziqwziaggpcbgdowmssiasmi/Build/Intermediates.noindex/Pods.build/Debug-iphonesimulator/React-graphics.build/Objects-normal
    export PKGINFO_FILE_PATH\=/Users/antoniogrillo-balen/Library/Developer/Xcode/DerivedData/risebysolis-gzfsziqwziaggpcbgdowmssiasmi/Build/Intermediates.noindex/Pods.build/Debug-iphonesimulator/React-graphics.build/PkgInfo
    export PKGINFO_PATH\=React_graphics.framework/PkgInfo
    export PLATFORM_DEVELOPER_APPLICATIONS_DIR\=/Applications/Xcode.app/Contents/Developer/Platforms/iPhoneSimulator.platform/Developer/Applications
    export PLATFORM_DEVELOPER_BIN_DIR\=/Applications/Xcode.app/Contents/Developer/Platforms/iPhoneSimulator.platform/Developer/usr/bin
    export PLATFORM_DEVELOPER_LIBRARY_DIR\=/Applications/Xcode.app/Contents/Developer/Platforms/iPhoneSimulator.platform/Developer/Library
    export PLATFORM_DEVELOPER_SDK_DIR\=/Applications/Xcode.app/Contents/Developer/Platforms/iPhoneSimulator.platform/Developer/SDKs
    export PLATFORM_DEVELOPER_TOOLS_DIR\=/Applications/Xcode.app/Contents/Developer/Platforms/iPhoneSimulator.platform/Developer/Tools
    export PLATFORM_DEVELOPER_USR_DIR\=/Applications/Xcode.app/Contents/Developer/Platforms/iPhoneSimulator.platform/Developer/usr
    export PLATFORM_DIR\=/Applications/Xcode.app/Contents/Developer/Platforms/iPhoneSimulator.platform
    export PLATFORM_DISPLAY_NAME\=iOS\ Simulator
    export PLATFORM_FAMILY_NAME\=iOS
    export PLATFORM_NAME\=iphonesimulator
    export PLATFORM_PREFERRED_ARCH\=x86_64
    export PLATFORM_PRODUCT_BUILD_VERSION\=23F73
    export PLATFORM_REQUIRES_SWIFT_AUTOLINK_EXTRACT\=NO
    export PLATFORM_REQUIRES_SWIFT_MODULEWRAP\=NO
    export PLATFORM_USES_DSYMS\=YES
    export PLIST_FILE_OUTPUT_FORMAT\=binary
    export PLUGINS_FOLDER_PATH\=React_graphics.framework/PlugIns
    export PODS_BUILD_DIR\=/Users/antoniogrillo-balen/Library/Developer/Xcode/DerivedData/risebysolis-gzfsziqwziaggpcbgdowmssiasmi/Build/Products
    export PODS_CONFIGURATION_BUILD_DIR\=/Users/antoniogrillo-balen/Library/Developer/Xcode/DerivedData/risebysolis-gzfsziqwziaggpcbgdowmssiasmi/Build/Products/Debug-iphonesimulator
    export PODS_DEVELOPMENT_LANGUAGE\=en
    export PODS_ROOT\=/Users/antoniogrillo-balen/Desktop/Projects/RiseBuild/ios/Pods
    export PODS_TARGET_SRCROOT\=/Users/antoniogrillo-balen/Desktop/Projects/RiseBuild/ios/Pods/../../node_modules/react-native/ReactCommon/react/renderer/graphics
    export PODS_XCFRAMEWORKS_BUILD_DIR\=/Users/antoniogrillo-balen/Library/Developer/Xcode/DerivedData/risebysolis-gzfsziqwziaggpcbgdowmssiasmi/Build/Products/Debug-iphonesimulator/XCFrameworkIntermediates
    export PRECOMPS_INCLUDE_HEADERS_FROM_BUILT_PRODUCTS_DIR\=YES
    export PRECOMP_DESTINATION_DIR\=/Users/antoniogrillo-balen/Library/Developer/Xcode/DerivedData/risebysolis-gzfsziqwziaggpcbgdowmssiasmi/Build/Intermediates.noindex/Pods.build/Debug-iphonesimulator/React-graphics.build/PrefixHeaders
    export PRIVATE_HEADERS_FOLDER_PATH\=React_graphics.framework/PrivateHeaders
    export PROCESSED_INFOPLIST_PATH\=/Users/antoniogrillo-balen/Library/Developer/Xcode/DerivedData/risebysolis-gzfsziqwziaggpcbgdowmssiasmi/Build/Intermediates.noindex/Pods.build/Debug-iphonesimulator/React-graphics.build/Objects-normal/undefined_arch/Processed-Info.plist
    export PRODUCT_BUNDLE_IDENTIFIER\=org.cocoapods.React-graphics
    export PRODUCT_BUNDLE_PACKAGE_TYPE\=FMWK
    export PRODUCT_MODULE_NAME\=React_graphics
    export PRODUCT_NAME\=React_graphics
    export PRODUCT_SETTINGS_PATH\=/Users/antoniogrillo-balen/Desktop/Projects/RiseBuild/ios/Pods/Target\ Support\ Files/React-graphics/React-graphics-Info.plist
    export PRODUCT_TYPE\=com.apple.product-type.framework
    export PROFILING_CODE\=NO
    export PROJECT\=Pods
    export PROJECT_DERIVED_FILE_DIR\=/Users/antoniogrillo-balen/Library/Developer/Xcode/DerivedData/risebysolis-gzfsziqwziaggpcbgdowmssiasmi/Build/Intermediates.noindex/Pods.build/DerivedSources
    export PROJECT_DIR\=/Users/antoniogrillo-balen/Desktop/Projects/RiseBuild/ios/Pods
    export PROJECT_FILE_PATH\=/Users/antoniogrillo-balen/Desktop/Projects/RiseBuild/ios/Pods/Pods.xcodeproj
    export PROJECT_GUID\=8699adb1dd336b26511df848a716bd42
    export PROJECT_NAME\=Pods
    export PROJECT_TEMP_DIR\=/Users/antoniogrillo-balen/Library/Developer/Xcode/DerivedData/risebysolis-gzfsziqwziaggpcbgdowmssiasmi/Build/Intermediates.noindex/Pods.build
    export PROJECT_TEMP_ROOT\=/Users/antoniogrillo-balen/Library/Developer/Xcode/DerivedData/risebysolis-gzfsziqwziaggpcbgdowmssiasmi/Build/Intermediates.noindex
    export PUBLIC_HEADERS_FOLDER_PATH\=React_graphics.framework/Headers
    export REACT_NATIVE_PATH\=/Users/antoniogrillo-balen/Desktop/Projects/RiseBuild/ios/Pods/../../node_modules/react-native
    export RECOMMENDED_IPHONEOS_DEPLOYMENT_TARGET\=15.0
    export RECURSIVE_SEARCH_PATHS_FOLLOW_SYMLINKS\=YES
    export REMOVE_CVS_FROM_RESOURCES\=YES
    export REMOVE_GIT_FROM_RESOURCES\=YES
    export REMOVE_HEADERS_FROM_EMBEDDED_BUNDLES\=YES
    export REMOVE_HG_FROM_RESOURCES\=YES
    export REMOVE_STATIC_EXECUTABLES_FROM_EMBEDDED_BUNDLES\=YES
    export REMOVE_SVN_FROM_RESOURCES\=YES
    export RESCHEDULE_INDEPENDENT_HEADERS_PHASES\=YES
    export REZ_COLLECTOR_DIR\=/Users/antoniogrillo-balen/Library/Developer/Xcode/DerivedData/risebysolis-gzfsziqwziaggpcbgdowmssiasmi/Build/Intermediates.noindex/Pods.build/Debug-iphonesimulator/React-graphics.build/ResourceManagerResources
    export REZ_OBJECTS_DIR\=/Users/antoniogrillo-balen/Library/Developer/Xcode/DerivedData/risebysolis-gzfsziqwziaggpcbgdowmssiasmi/Build/Intermediates.noindex/Pods.build/Debug-iphonesimulator/React-graphics.build/ResourceManagerResources/Objects
    export REZ_SEARCH_PATHS\=/Users/antoniogrillo-balen/Library/Developer/Xcode/DerivedData/risebysolis-gzfsziqwziaggpcbgdowmssiasmi/Build/Products/Debug-iphonesimulator/React-graphics\ 
    export RPATH_ORIGIN\=@loader_path
    export RUNTIME_EXCEPTION_ALLOW_DYLD_ENVIRONMENT_VARIABLES\=NO
    export RUNTIME_EXCEPTION_ALLOW_JIT\=NO
    export RUNTIME_EXCEPTION_ALLOW_UNSIGNED_EXECUTABLE_MEMORY\=NO
    export RUNTIME_EXCEPTION_DEBUGGING_TOOL\=NO
    export RUNTIME_EXCEPTION_DISABLE_EXECUTABLE_PAGE_PROTECTION\=NO
    export RUNTIME_EXCEPTION_DISABLE_LIBRARY_VALIDATION\=NO
    export SCANNING_PCM_KEEP_CACHE_DIRECTORY\=YES
    export SCAN_ALL_SOURCE_FILES_FOR_INCLUDES\=NO
    export SCRIPTS_FOLDER_PATH\=React_graphics.framework/Scripts
    export SCRIPT_INPUT_FILE_COUNT\=0
    export SCRIPT_INPUT_FILE_LIST_COUNT\=0
    export SCRIPT_OUTPUT_FILE_COUNT\=0
    export SCRIPT_OUTPUT_FILE_LIST_COUNT\=0
    export SDKROOT\=/Applications/Xcode.app/Contents/Developer/Platforms/iPhoneSimulator.platform/Developer/SDKs/iPhoneSimulator26.5.sdk
    export SDK_DIR\=/Applications/Xcode.app/Contents/Developer/Platforms/iPhoneSimulator.platform/Developer/SDKs/iPhoneSimulator26.5.sdk
    export SDK_DIR_iphonesimulator\=/Applications/Xcode.app/Contents/Developer/Platforms/iPhoneSimulator.platform/Developer/SDKs/iPhoneSimulator26.5.sdk
    export SDK_DIR_iphonesimulator26_5\=/Applications/Xcode.app/Contents/Developer/Platforms/iPhoneSimulator.platform/Developer/SDKs/iPhoneSimulator26.5.sdk
    export SDK_NAME\=iphonesimulator26.5
    export SDK_NAMES\=iphonesimulator26.5
    export SDK_PRODUCT_BUILD_VERSION\=23F73
    export SDK_STAT_CACHE_DIR\=/Users/antoniogrillo-balen/Library/Developer/Xcode/DerivedData
    export SDK_STAT_CACHE_ENABLE\=YES
    export SDK_STAT_CACHE_PATH\=/Users/antoniogrillo-balen/Library/Developer/Xcode/DerivedData/SDKStatCaches.noindex/iphonesimulator26.5-23F73-6cfe768891a92b912361537c460fe42b.sdkstatcache
    export SDK_VERSION\=26.5
    export SDK_VERSION_ACTUAL\=260500
    export SDK_VERSION_MAJOR\=260000
    export SDK_VERSION_MINOR\=260500
    export SED\=/usr/bin/sed
    export SEPARATE_STRIP\=NO
    export SEPARATE_SYMBOL_EDIT\=NO
    export SET_DIR_MODE_OWNER_GROUP\=YES
    export SET_FILE_MODE_OWNER_GROUP\=NO
    export SHALLOW_BUNDLE\=YES
    export SHALLOW_BUNDLE_TRIPLE\=ios-simulator
    export SHALLOW_BUNDLE_ios_macabi\=NO
    export SHALLOW_BUNDLE_macos\=NO
    export SHARED_DERIVED_FILE_DIR\=/Users/antoniogrillo-balen/Library/Developer/Xcode/DerivedData/risebysolis-gzfsziqwziaggpcbgdowmssiasmi/Build/Products/Debug-iphonesimulator/React-graphics/DerivedSources
    export SHARED_FRAMEWORKS_FOLDER_PATH\=React_graphics.framework/SharedFrameworks
    export SHARED_PRECOMPS_DIR\=/Users/antoniogrillo-balen/Library/Developer/Xcode/DerivedData/risebysolis-gzfsziqwziaggpcbgdowmssiasmi/Build/Intermediates.noindex/PrecompiledHeaders
    export SHARED_SUPPORT_FOLDER_PATH\=React_graphics.framework
    export SKIP_INSTALL\=YES
    export SKIP_MERGEABLE_LIBRARY_BUNDLE_HOOK\=NO
    export SOURCE_ROOT\=/Users/antoniogrillo-balen/Desktop/Projects/RiseBuild/ios/Pods
    export SRCROOT\=/Users/antoniogrillo-balen/Desktop/Projects/RiseBuild/ios/Pods
    export STRINGSDATA_DIR\=/Users/antoniogrillo-balen/Library/Developer/Xcode/DerivedData/risebysolis-gzfsziqwziaggpcbgdowmssiasmi/Build/Intermediates.noindex/Pods.build/Debug-iphonesimulator/React-graphics.build/Objects-normal/undefined_arch
    export STRINGSDATA_ROOT\=/Users/antoniogrillo-balen/Library/Developer/Xcode/DerivedData/risebysolis-gzfsziqwziaggpcbgdowmssiasmi/Build/Intermediates.noindex/Pods.build/Debug-iphonesimulator/React-graphics.build
    export STRINGS_FILE_INFOPLIST_RENAME\=YES
    export STRINGS_FILE_OUTPUT_ENCODING\=binary
    export STRING_CATALOG_GENERATE_SYMBOLS\=NO
    export STRIP_BITCODE_FROM_COPIED_FILES\=NO
    export STRIP_INSTALLED_PRODUCT\=NO
    export STRIP_STYLE\=debugging
    export STRIP_SWIFT_SYMBOLS\=YES
    export SUPPORTED_DEVICE_FAMILIES\=1,2
    export SUPPORTED_PLATFORMS\=iphoneos\ iphonesimulator
    export SUPPORTS_TEXT_BASED_API\=NO
    export SUPPRESS_WARNINGS\=NO
    export SWIFT_ACTIVE_COMPILATION_CONDITIONS\=\ DEBUG\ 
    export SWIFT_EMIT_CONST_VALUE_PROTOCOLS\=AnyResolverProviding\ AppEntity\ AppEnum\ AppExtension\ AppIntent\ AppIntentsPackage\ AppShortcutProviding\ AppShortcutsProvider\ AppUnionValue\ AppUnionValueCasesProviding\ DynamicOptionsProvider\ EntityQuery\ ExtensionPointDefining\ IntentValueQuery\ Resolver\ TransientEntity\ _AssistantIntentsProvider\ _GenerativeFunctionExtractable\ _IntentValueRepresentable
    export SWIFT_EMIT_LOC_STRINGS\=NO
    export SWIFT_ENABLE_EXPLICIT_MODULES\=YES
    export SWIFT_INSTALL_MODULE_FOR_DEPLOYMENT\=YES
    export SWIFT_INSTALL_OBJC_HEADER\=YES
    export SWIFT_OPTIMIZATION_LEVEL\=-Onone
    export SWIFT_PLATFORM_TARGET_PREFIX\=ios
    export SWIFT_RESPONSE_FILE_PATH_normal_arm64\=/Users/antoniogrillo-balen/Library/Developer/Xcode/DerivedData/risebysolis-gzfsziqwziaggpcbgdowmssiasmi/Build/Intermediates.noindex/Pods.build/Debug-iphonesimulator/React-graphics.build/Objects-normal/arm64/React_graphics.SwiftFileList
    export SWIFT_VERSION\=5.0
    export SYMROOT\=/Users/antoniogrillo-balen/Library/Developer/Xcode/DerivedData/risebysolis-gzfsziqwziaggpcbgdowmssiasmi/Build/Products
    export SYSTEM_ADMIN_APPS_DIR\=/Applications/Utilities
    export SYSTEM_APPS_DIR\=/Applications
    export SYSTEM_CORE_SERVICES_DIR\=/System/Library/CoreServices
    export SYSTEM_DEMOS_DIR\=/Applications/Extras
    export SYSTEM_DEVELOPER_APPS_DIR\=/Applications/Xcode.app/Contents/Developer/Applications
    export SYSTEM_DEVELOPER_BIN_DIR\=/Applications/Xcode.app/Contents/Developer/usr/bin
    export SYSTEM_DEVELOPER_DEMOS_DIR\=/Applications/Xcode.app/Contents/Developer/Applications/Utilities/Built\ Examples
    export SYSTEM_DEVELOPER_DIR\=/Applications/Xcode.app/Contents/Developer
    export SYSTEM_DEVELOPER_DOC_DIR\=/Applications/Xcode.app/Contents/Developer/ADC\ Reference\ Library
    export SYSTEM_DEVELOPER_GRAPHICS_TOOLS_DIR\=/Applications/Xcode.app/Contents/Developer/Applications/Graphics\ Tools
    export SYSTEM_DEVELOPER_JAVA_TOOLS_DIR\=/Applications/Xcode.app/Contents/Developer/Applications/Java\ Tools
    export SYSTEM_DEVELOPER_PERFORMANCE_TOOLS_DIR\=/Applications/Xcode.app/Contents/Developer/Applications/Performance\ Tools
    export SYSTEM_DEVELOPER_RELEASENOTES_DIR\=/Applications/Xcode.app/Contents/Developer/ADC\ Reference\ Library/releasenotes
    export SYSTEM_DEVELOPER_TOOLS\=/Applications/Xcode.app/Contents/Developer/Tools
    export SYSTEM_DEVELOPER_TOOLS_DOC_DIR\=/Applications/Xcode.app/Contents/Developer/ADC\ Reference\ Library/documentation/DeveloperTools
    export SYSTEM_DEVELOPER_TOOLS_RELEASENOTES_DIR\=/Applications/Xcode.app/Contents/Developer/ADC\ Reference\ Library/releasenotes/DeveloperTools
    export SYSTEM_DEVELOPER_USR_DIR\=/Applications/Xcode.app/Contents/Developer/usr
    export SYSTEM_DEVELOPER_UTILITIES_DIR\=/Applications/Xcode.app/Contents/Developer/Applications/Utilities
    export SYSTEM_DEXT_INSTALL_PATH\=/System/Library/DriverExtensions
    export SYSTEM_DOCUMENTATION_DIR\=/Library/Documentation
    export SYSTEM_EXTENSIONS_FOLDER_PATH\=React_graphics.framework/SystemExtensions
    export SYSTEM_EXTENSIONS_FOLDER_PATH_SHALLOW_BUNDLE_NO\=React_graphics.framework/Library/SystemExtensions
    export SYSTEM_EXTENSIONS_FOLDER_PATH_SHALLOW_BUNDLE_YES\=React_graphics.framework/SystemExtensions
    export SYSTEM_KEXT_INSTALL_PATH\=/System/Library/Extensions
    export SYSTEM_LIBRARY_DIR\=/System/Library
    export TAPI_DEMANGLE\=YES
    export TAPI_ENABLE_PROJECT_HEADERS\=NO
    export TAPI_LANGUAGE\=objective-c
    export TAPI_LANGUAGE_STANDARD\=compiler-default
    export TAPI_USE_SRCROOT\=YES
    export TAPI_VERIFY_MODE\=Pedantic
    export TARGETED_DEVICE_FAMILY\=1,2
    export TARGETNAME\=React-graphics
    export TARGET_BUILD_DIR\=/Users/antoniogrillo-balen/Library/Developer/Xcode/DerivedData/risebysolis-gzfsziqwziaggpcbgdowmssiasmi/Build/Products/Debug-iphonesimulator/React-graphics
    export TARGET_DEVICE_IDENTIFIER\=0C333F8A-4681-4475-855E-6FFD70F12533
    export TARGET_DEVICE_MODEL\=iPhone16,2
    export TARGET_DEVICE_OS_VERSION\=26.4.1
    export TARGET_DEVICE_PLATFORM_NAME\=iphonesimulator
    export TARGET_NAME\=React-graphics
    export TARGET_TEMP_DIR\=/Users/antoniogrillo-balen/Library/Developer/Xcode/DerivedData/risebysolis-gzfsziqwziaggpcbgdowmssiasmi/Build/Intermediates.noindex/Pods.build/Debug-iphonesimulator/React-graphics.build
    export TEMP_DIR\=/Users/antoniogrillo-balen/Library/Developer/Xcode/DerivedData/risebysolis-gzfsziqwziaggpcbgdowmssiasmi/Build/Intermediates.noindex/Pods.build/Debug-iphonesimulator/React-graphics.build
    export TEMP_FILES_DIR\=/Users/antoniogrillo-balen/Library/Developer/Xcode/DerivedData/risebysolis-gzfsziqwziaggpcbgdowmssiasmi/Build/Intermediates.noindex/Pods.build/Debug-iphonesimulator/React-graphics.build
    export TEMP_FILE_DIR\=/Users/antoniogrillo-balen/Library/Developer/Xcode/DerivedData/risebysolis-gzfsziqwziaggpcbgdowmssiasmi/Build/Intermediates.noindex/Pods.build/Debug-iphonesimulator/React-graphics.build
    export TEMP_ROOT\=/Users/antoniogrillo-balen/Library/Developer/Xcode/DerivedData/risebysolis-gzfsziqwziaggpcbgdowmssiasmi/Build/Intermediates.noindex
    export TEMP_SANDBOX_DIR\=/Users/antoniogrillo-balen/Library/Developer/Xcode/DerivedData/risebysolis-gzfsziqwziaggpcbgdowmssiasmi/Build/Intermediates.noindex/TemporaryTaskSandboxes
    export TEST_FRAMEWORK_SEARCH_PATHS\=\ /Applications/Xcode.app/Contents/Developer/Platforms/iPhoneSimulator.platform/Developer/Library/Frameworks\ /Applications/Xcode.app/Contents/Developer/Platforms/iPhoneSimulator.platform/Developer/SDKs/iPhoneSimulator26.5.sdk/Developer/Library/Frameworks
    export TEST_LIBRARY_SEARCH_PATHS\=\ /Applications/Xcode.app/Contents/Developer/Platforms/iPhoneSimulator.platform/Developer/usr/lib
    export TOOLCHAINS\=com.apple.dt.toolchain.XcodeDefault
    export TOOLCHAIN_DIR\=/Applications/Xcode.app/Contents/Developer/Toolchains/XcodeDefault.xctoolchain
    export TREAT_MISSING_BASELINES_AS_TEST_FAILURES\=NO
    export TREAT_MISSING_SCRIPT_PHASE_OUTPUTS_AS_ERRORS\=NO
    export TeamIdentifierPrefix\=FAKETEAMID.
    export UID\=501
    export UNINSTALLED_PRODUCTS_DIR\=/Users/antoniogrillo-balen/Library/Developer/Xcode/DerivedData/risebysolis-gzfsziqwziaggpcbgdowmssiasmi/Build/Intermediates.noindex/UninstalledProducts
    export UNLOCALIZED_RESOURCES_FOLDER_PATH\=React_graphics.framework
    export UNLOCALIZED_RESOURCES_FOLDER_PATH_SHALLOW_BUNDLE_NO\=React_graphics.framework/Resources
    export UNLOCALIZED_RESOURCES_FOLDER_PATH_SHALLOW_BUNDLE_YES\=React_graphics.framework
    export UNSTRIPPED_PRODUCT\=NO
    export USER\=antoniogrillo-balen
    export USER_APPS_DIR\=/Users/antoniogrillo-balen/Applications
    export USER_LIBRARY_DIR\=/Users/antoniogrillo-balen/Library
    export USE_DYNAMIC_NO_PIC\=YES
    export USE_HEADERMAP\=NO
    export USE_HEADER_SYMLINKS\=NO
    export USE_HERMES\=true
    export USE_RECURSIVE_SCRIPT_INPUTS_IN_SCRIPT_PHASES\=YES
    export VALIDATE_DEVELOPMENT_ASSET_PATHS\=YES_ERROR
    export VALIDATE_PRODUCT\=NO
    export VALID_ARCHS\=arm64\ x86_64
    export VERBOSE_PBXCP\=NO
    export VERSIONING_SYSTEM\=apple-generic
    export VERSIONPLIST_PATH\=React_graphics.framework/version.plist
    export VERSIONS_FOLDER_PATH\=React_graphics.framework
    export VERSIONS_FOLDER_PATH_SHALLOW_BUNDLE_NO\=React_graphics.framework/Versions
    export VERSIONS_FOLDER_PATH_SHALLOW_BUNDLE_YES\=React_graphics.framework
    export VERSION_INFO_BUILDER\=antoniogrillo-balen
    export VERSION_INFO_FILE\=React_graphics_vers.c
    export VERSION_INFO_STRING\=\"@\(\#\)PROGRAM:React_graphics\ \ PROJECT:Pods-1\"
    export WORKSPACE_DIR\=/Users/antoniogrillo-balen/Desktop/Projects/RiseBuild/ios
    export WRAPPER_EXTENSION\=framework
    export WRAPPER_NAME\=React_graphics.framework
    export WRAPPER_SUFFIX\=.framework
    export WRAP_ASSET_PACKS_IN_SEPARATE_DIRECTORIES\=NO
    export XCODE_APP_SUPPORT_DIR\=/Applications/Xcode.app/Contents/Developer/Library/Xcode
    export XCODE_PRODUCT_BUILD_VERSION\=17F42
    export XCODE_VERSION_ACTUAL\=2650
    export XCODE_VERSION_MAJOR\=2600
    export XCODE_VERSION_MINOR\=2650
    export XPCSERVICES_FOLDER_PATH\=React_graphics.framework/XPCServices
    export YACC\=yacc
    export _DISCOVER_COMMAND_LINE_LINKER_INPUTS\=YES
    export _DISCOVER_COMMAND_LINE_LINKER_INPUTS_INCLUDE_WL\=YES
    export _LD_MULTIARCH\=YES
    export _WRAPPER_CONTENTS_DIR_SHALLOW_BUNDLE_NO\=/Contents
    export _WRAPPER_PARENT_PATH_SHALLOW_BUNDLE_NO\=/..
    export _WRAPPER_RESOURCES_DIR_SHALLOW_BUNDLE_NO\=/Resources
    export __DIAGNOSE_DEPRECATED_ARCHS\=YES
    export __ORIGINAL_SDK_DEFINED_LLVM_TARGET_TRIPLE_SYS\=ios
    export arch\=undefined_arch
    export variant\=normal
    /bin/sh -c /Users/antoniogrillo-balen/Library/Developer/Xcode/DerivedData/risebysolis-gzfsziqwziaggpcbgdowmssiasmi/Build/Intermediates.noindex/Pods.build/Debug-iphonesimulator/React-graphics.build/Script-46EB2E0002B270.sh

warning: Run script build phase 'Create Symlinks to Header Folders' will be run during every build because it does not specify any outputs. To address this issue, either add output dependencies to the script phase, or configure it to run in every build by unchecking "Based on dependency analysis" in the script phase. (in target 'ReactCommon' from project 'Pods')
PhaseScriptExecution Create\ Symlinks\ to\ Header\ Folders /Users/antoniogrillo-balen/Library/Developer/Xcode/DerivedData/risebysolis-gzfsziqwziaggpcbgdowmssiasmi/Build/Intermediates.noindex/Pods.build/Debug-iphonesimulator/ReactCommon.build/Script-46EB2E0002E110.sh (in target 'ReactCommon' from project 'Pods')
    cd /Users/antoniogrillo-balen/Desktop/Projects/RiseBuild/ios/Pods
    export ACTION\=build
    export AD_HOC_CODE_SIGNING_ALLOWED\=YES
    export ALLOW_BUILD_REQUEST_OVERRIDES\=NO
    export ALLOW_TARGET_PLATFORM_SPECIALIZATION\=NO
    export ALTERNATE_GROUP\=staff
    export ALTERNATE_MODE\=u+w,go-w,a+rX
    export ALTERNATE_OWNER\=antoniogrillo-balen
    export ALTERNATIVE_DISTRIBUTION_WEB\=NO
    export ALWAYS_EMBED_SWIFT_STANDARD_LIBRARIES\=NO
    export ALWAYS_SEARCH_USER_PATHS\=NO
    export ALWAYS_USE_SEPARATE_HEADERMAPS\=NO
    export APPLICATION_EXTENSION_API_ONLY\=NO
    export APPLY_RULES_IN_COPY_FILES\=NO
    export APPLY_RULES_IN_COPY_HEADERS\=NO
    export APP_SHORTCUTS_ENABLE_FLEXIBLE_MATCHING\=YES
    export ARCHS\=arm64
    export ARCHS_BASE\=arm64
    export ARCHS_STANDARD\=arm64\ x86_64
    export ARCHS_STANDARD_32_64_BIT\=arm64\ x86_64
    export ARCHS_STANDARD_64_BIT\=arm64\ x86_64
    export ARCHS_STANDARD_INCLUDING_64_BIT\=arm64\ x86_64
    export ARCHS_UNIVERSAL_IPHONE_OS\=arm64\ x86_64
    export ASSETCATALOG_FILTER_FOR_DEVICE_MODEL\=iPhone16,2
    export ASSETCATALOG_FILTER_FOR_DEVICE_OS_VERSION\=26.4.1
    export ASSETCATALOG_FILTER_FOR_THINNING_DEVICE_CONFIGURATION\=iPhone16,2
    export AUTOMATICALLY_MERGE_DEPENDENCIES\=NO
    export AUTOMATION_APPLE_EVENTS\=NO
    export AVAILABLE_PLATFORMS\=android\ appletvos\ appletvsimulator\ driverkit\ freebsd\ iphoneos\ iphonesimulator\ linux\ macosx\ none\ openbsd\ qnx\ watchos\ watchsimulator\ webassembly\ xros\ xrsimulator
    export AppIdentifierPrefix\=FAKETEAMID.
    export BUILD_ACTIVE_RESOURCES_ONLY\=YES
    export BUILD_COMPONENTS\=headers\ build
    export BUILD_DIR\=/Users/antoniogrillo-balen/Library/Developer/Xcode/DerivedData/risebysolis-gzfsziqwziaggpcbgdowmssiasmi/Build/Products
    export BUILD_LIBRARY_FOR_DISTRIBUTION\=NO
    export BUILD_ONLY_KNOWN_LOCALIZATIONS\=NO
    export BUILD_ROOT\=/Users/antoniogrillo-balen/Library/Developer/Xcode/DerivedData/risebysolis-gzfsziqwziaggpcbgdowmssiasmi/Build/Products
    export BUILD_STYLE\=
    export BUILD_VARIANTS\=normal
    export BUILT_PRODUCTS_DIR\=/Users/antoniogrillo-balen/Library/Developer/Xcode/DerivedData/risebysolis-gzfsziqwziaggpcbgdowmssiasmi/Build/Products/Debug-iphonesimulator/ReactCommon
    export BUNDLE_CONTENTS_FOLDER_PATH_deep\=Contents/
    export BUNDLE_EXECUTABLE_FOLDER_NAME_deep\=MacOS
    export BUNDLE_EXTENSIONS_FOLDER_PATH\=Extensions
    export BUNDLE_FORMAT\=shallow
    export BUNDLE_FRAMEWORKS_FOLDER_PATH\=Frameworks
    export BUNDLE_PLUGINS_FOLDER_PATH\=PlugIns
    export BUNDLE_PRIVATE_HEADERS_FOLDER_PATH\=PrivateHeaders
    export BUNDLE_PUBLIC_HEADERS_FOLDER_PATH\=Headers
    export CACHE_ROOT\=/var/folders/2z/jtlqylkx0c709j3xb7b0g4cm0000gn/C/com.apple.DeveloperTools/26.5-17F42/Xcode
    export CCHROOT\=/var/folders/2z/jtlqylkx0c709j3xb7b0g4cm0000gn/C/com.apple.DeveloperTools/26.5-17F42/Xcode
    export CHMOD\=/bin/chmod
    export CHOWN\=chown
    export CLANG_ANALYZER_LOCALIZABILITY_NONLOCALIZED\=YES
    export CLANG_ANALYZER_NONNULL\=YES
    export CLANG_ANALYZER_NUMBER_OBJECT_CONVERSION\=YES_AGGRESSIVE
    export CLANG_CACHE_FINE_GRAINED_OUTPUTS\=YES
    export CLANG_CXX_LANGUAGE_STANDARD\=c++20
    export CLANG_CXX_LIBRARY\=libc++
    export CLANG_ENABLE_EXPLICIT_MODULES\=YES
    export CLANG_ENABLE_MODULES\=YES
    export CLANG_ENABLE_OBJC_ARC\=YES
    export CLANG_ENABLE_OBJC_WEAK\=NO
    export CLANG_MODULES_BUILD_SESSION_FILE\=/Users/antoniogrillo-balen/Library/Developer/Xcode/DerivedData/ModuleCache.noindex/Session.modulevalidation
    export CLANG_WARN_BLOCK_CAPTURE_AUTORELEASING\=YES
    export CLANG_WARN_BOOL_CONVERSION\=YES
    export CLANG_WARN_COMMA\=YES
    export CLANG_WARN_CONSTANT_CONVERSION\=YES
    export CLANG_WARN_DEPRECATED_OBJC_IMPLEMENTATIONS\=YES
    export CLANG_WARN_DIRECT_OBJC_ISA_USAGE\=YES_ERROR
    export CLANG_WARN_DOCUMENTATION_COMMENTS\=YES
    export CLANG_WARN_EMPTY_BODY\=YES
    export CLANG_WARN_ENUM_CONVERSION\=YES
    export CLANG_WARN_INFINITE_RECURSION\=YES
    export CLANG_WARN_INT_CONVERSION\=YES
    export CLANG_WARN_NON_LITERAL_NULL_CONVERSION\=YES
    export CLANG_WARN_OBJC_IMPLICIT_RETAIN_SELF\=YES
    export CLANG_WARN_OBJC_LITERAL_CONVERSION\=YES
    export CLANG_WARN_OBJC_ROOT_CLASS\=YES_ERROR
    export CLANG_WARN_QUOTED_INCLUDE_IN_FRAMEWORK_HEADER\=NO
    export CLANG_WARN_RANGE_LOOP_ANALYSIS\=YES
    export CLANG_WARN_STRICT_PROTOTYPES\=YES
    export CLANG_WARN_SUSPICIOUS_MOVE\=YES
    export CLANG_WARN_UNGUARDED_AVAILABILITY\=YES_AGGRESSIVE
    export CLANG_WARN_UNREACHABLE_CODE\=YES
    export CLANG_WARN__DUPLICATE_METHOD_MATCH\=YES
    export CLASS_FILE_DIR\=/Users/antoniogrillo-balen/Library/Developer/Xcode/DerivedData/risebysolis-gzfsziqwziaggpcbgdowmssiasmi/Build/Intermediates.noindex/Pods.build/Debug-iphonesimulator/ReactCommon.build/JavaClasses
    export CLEAN_PRECOMPS\=YES
    export CLONE_HEADERS\=NO
    export CODESIGNING_FOLDER_PATH\=/Users/antoniogrillo-balen/Library/Developer/Xcode/DerivedData/risebysolis-gzfsziqwziaggpcbgdowmssiasmi/Build/Products/Debug-iphonesimulator/ReactCommon/ReactCommon.framework
    export CODE_SIGNING_ALLOWED\=YES
    export CODE_SIGNING_REQUIRED\=NO
    export CODE_SIGNING_REQUIRES_TEAM\=YES
    export CODE_SIGN_CONTEXT_CLASS\=XCiPhoneSimulatorCodeSignContext
    export CODE_SIGN_IDENTITY\=-
    export CODE_SIGN_INJECT_BASE_ENTITLEMENTS\=YES
    export COLOR_DIAGNOSTICS\=NO
    export COMBINE_HIDPI_IMAGES\=NO
    export COMPILATION_CACHE_CAS_PATH\=/Users/antoniogrillo-balen/Library/Developer/Xcode/DerivedData/CompilationCache.noindex
    export COMPILATION_CACHE_KEEP_CAS_DIRECTORY\=YES
    export COMPILER_INDEX_STORE_ENABLE\=Default
    export COMPOSITE_SDK_DIRS\=/Users/antoniogrillo-balen/Library/Developer/Xcode/DerivedData/risebysolis-gzfsziqwziaggpcbgdowmssiasmi/Build/Intermediates.noindex/CompositeSDKs
    export COMPRESS_PNG_FILES\=YES
    export CONFIGURATION\=Debug
    export CONFIGURATION_BUILD_DIR\=/Users/antoniogrillo-balen/Library/Developer/Xcode/DerivedData/risebysolis-gzfsziqwziaggpcbgdowmssiasmi/Build/Products/Debug-iphonesimulator/ReactCommon
    export CONFIGURATION_TEMP_DIR\=/Users/antoniogrillo-balen/Library/Developer/Xcode/DerivedData/risebysolis-gzfsziqwziaggpcbgdowmssiasmi/Build/Intermediates.noindex/Pods.build/Debug-iphonesimulator
    export CONTENTS_FOLDER_PATH\=ReactCommon.framework
    export CONTENTS_FOLDER_PATH_SHALLOW_BUNDLE_NO\=ReactCommon.framework/A
    export CONTENTS_FOLDER_PATH_SHALLOW_BUNDLE_YES\=ReactCommon.framework
    export COPYING_PRESERVES_HFS_DATA\=NO
    export COPY_HEADERS_RUN_UNIFDEF\=NO
    export COPY_PHASE_STRIP\=NO
    export CORRESPONDING_DEVICE_PLATFORM_DIR\=/Applications/Xcode.app/Contents/Developer/Platforms/iPhoneOS.platform
    export CORRESPONDING_DEVICE_PLATFORM_NAME\=iphoneos
    export CORRESPONDING_DEVICE_SDK_DIR\=/Applications/Xcode.app/Contents/Developer/Platforms/iPhoneOS.platform/Developer/SDKs/iPhoneOS26.5.sdk
    export CORRESPONDING_DEVICE_SDK_NAME\=iphoneos26.5
    export CP\=/bin/cp
    export CREATE_INFOPLIST_SECTION_IN_BINARY\=NO
    export CURRENT_ARCH\=undefined_arch
    export CURRENT_PROJECT_VERSION\=1
    export CURRENT_VARIANT\=normal
    export CURRENT_VERSION\=Current
    export DEAD_CODE_STRIPPING\=YES
    export DEBUGGING_SYMBOLS\=YES
    export DEBUG_INFORMATION_FORMAT\=dwarf
    export DEBUG_INFORMATION_VERSION\=compiler-default
    export DEFAULT_COMPILER\=com.apple.compilers.llvm.clang.1_0
    export DEFAULT_DEXT_INSTALL_PATH\=/System/Library/DriverExtensions
    export DEFAULT_KEXT_INSTALL_PATH\=/System/Library/Extensions
    export DEFINES_MODULE\=YES
    export DEPLOYMENT_LOCATION\=NO
    export DEPLOYMENT_POSTPROCESSING\=NO
    export DEPLOYMENT_TARGET_SETTING_NAME\=IPHONEOS_DEPLOYMENT_TARGET
    export DEPLOYMENT_TARGET_SUGGESTED_VALUES\=12.0\ 12.1\ 12.2\ 12.3\ 12.4\ 13.0\ 13.1\ 13.2\ 13.3\ 13.4\ 13.5\ 13.6\ 14.0\ 14.1\ 14.2\ 14.3\ 14.4\ 14.5\ 14.6\ 14.7\ 15.0\ 15.1\ 15.2\ 15.3\ 15.4\ 15.5\ 15.6\ 16.0\ 16.1\ 16.2\ 16.3\ 16.4\ 16.5\ 16.6\ 17.0\ 17.1\ 17.2\ 17.3\ 17.4\ 17.5\ 17.6\ 18.0\ 18.1\ 18.2\ 18.3\ 18.4\ 18.5\ 18.6\ 26.0\ 26.2\ 26.3\ 26.4\ 26.5
    export DERIVED_FILES_DIR\=/Users/antoniogrillo-balen/Library/Developer/Xcode/DerivedData/risebysolis-gzfsziqwziaggpcbgdowmssiasmi/Build/Intermediates.noindex/Pods.build/Debug-iphonesimulator/ReactCommon.build/DerivedSources
    export DERIVED_FILE_DIR\=/Users/antoniogrillo-balen/Library/Developer/Xcode/DerivedData/risebysolis-gzfsziqwziaggpcbgdowmssiasmi/Build/Intermediates.noindex/Pods.build/Debug-iphonesimulator/ReactCommon.build/DerivedSources
    export DERIVED_SOURCES_DIR\=/Users/antoniogrillo-balen/Library/Developer/Xcode/DerivedData/risebysolis-gzfsziqwziaggpcbgdowmssiasmi/Build/Intermediates.noindex/Pods.build/Debug-iphonesimulator/ReactCommon.build/DerivedSources
    export DEVELOPER_APPLICATIONS_DIR\=/Applications/Xcode.app/Contents/Developer/Applications
    export DEVELOPER_BIN_DIR\=/Applications/Xcode.app/Contents/Developer/usr/bin
    export DEVELOPER_DIR\=/Applications/Xcode.app/Contents/Developer
    export DEVELOPER_FRAMEWORKS_DIR\=/Applications/Xcode.app/Contents/Developer/Library/Frameworks
    export DEVELOPER_FRAMEWORKS_DIR_QUOTED\=/Applications/Xcode.app/Contents/Developer/Library/Frameworks
    export DEVELOPER_LIBRARY_DIR\=/Applications/Xcode.app/Contents/Developer/Library
    export DEVELOPER_SDK_DIR\=/Applications/Xcode.app/Contents/Developer/Platforms/MacOSX.platform/Developer/SDKs
    export DEVELOPER_TOOLS_DIR\=/Applications/Xcode.app/Contents/Developer/Tools
    export DEVELOPER_USR_DIR\=/Applications/Xcode.app/Contents/Developer/usr
    export DEVELOPMENT_LANGUAGE\=en
    export DIAGNOSE_MISSING_TARGET_DEPENDENCIES\=YES
    export DIFF\=/usr/bin/diff
    export DOCUMENTATION_FOLDER_PATH\=ReactCommon.framework/en.lproj/Documentation
    export DONT_GENERATE_INFOPLIST_FILE\=NO
    export DSTROOT\=/tmp/Pods.dst
    export DT_TOOLCHAIN_DIR\=/Applications/Xcode.app/Contents/Developer/Toolchains/XcodeDefault.xctoolchain
    export DUMP_DEPENDENCIES\=NO
    export DUMP_DEPENDENCIES_OUTPUT_PATH\=/Users/antoniogrillo-balen/Library/Developer/Xcode/DerivedData/risebysolis-gzfsziqwziaggpcbgdowmssiasmi/Build/Intermediates.noindex/Pods.build/Debug-iphonesimulator/ReactCommon.build/ReactCommon-BuildDependencyInfo.json
    export DWARF_DSYM_FILE_NAME\=ReactCommon.framework.dSYM
    export DWARF_DSYM_FILE_SHOULD_ACCOMPANY_PRODUCT\=NO
    export DWARF_DSYM_FOLDER_PATH\=/Users/antoniogrillo-balen/Library/Developer/Xcode/DerivedData/risebysolis-gzfsziqwziaggpcbgdowmssiasmi/Build/Products/Debug-iphonesimulator/ReactCommon
    export DYLIB_COMPATIBILITY_VERSION\=1
    export DYLIB_CURRENT_VERSION\=1
    export DYLIB_INSTALL_NAME_BASE\=@rpath
    export DYNAMIC_LIBRARY_EXTENSION\=dylib
    export EAGER_COMPILATION_ALLOW_SCRIPTS\=NO
    export EAGER_LINKING\=NO
    export EFFECTIVE_PLATFORM_NAME\=-iphonesimulator
    export EFFECTIVE_SWIFT_VERSION\=5
    export EMBEDDED_CONTENT_CONTAINS_SWIFT\=NO
    export EMBED_ASSET_PACKS_IN_PRODUCT_BUNDLE\=NO
    export ENABLE_APP_SANDBOX\=NO
    export ENABLE_CODE_COVERAGE\=YES
    export ENABLE_COHORT_ARCHS\=NO
    export ENABLE_CPLUSPLUS_BOUNDS_SAFE_BUFFERS\=NO
    export ENABLE_C_BOUNDS_SAFETY\=NO
    export ENABLE_DEFAULT_HEADER_SEARCH_PATHS\=YES
    export ENABLE_DEFAULT_SEARCH_PATHS\=YES
    export ENABLE_ENHANCED_SECURITY\=NO
    export ENABLE_HARDENED_RUNTIME\=NO
    export ENABLE_HEADER_DEPENDENCIES\=YES
    export ENABLE_INCOMING_NETWORK_CONNECTIONS\=NO
    export ENABLE_MODULE_VERIFIER\=NO
    export ENABLE_ON_DEMAND_RESOURCES\=NO
    export ENABLE_OUTGOING_NETWORK_CONNECTIONS\=NO
    export ENABLE_POINTER_AUTHENTICATION\=NO
    export ENABLE_PREVIEWS\=NO
    export ENABLE_RESOURCE_ACCESS_AUDIO_INPUT\=NO
    export ENABLE_RESOURCE_ACCESS_BLUETOOTH\=NO
    export ENABLE_RESOURCE_ACCESS_CALENDARS\=NO
    export ENABLE_RESOURCE_ACCESS_CAMERA\=NO
    export ENABLE_RESOURCE_ACCESS_CONTACTS\=NO
    export ENABLE_RESOURCE_ACCESS_LOCATION\=NO
    export ENABLE_RESOURCE_ACCESS_PHOTO_LIBRARY\=NO
    export ENABLE_RESOURCE_ACCESS_PRINTING\=NO
    export ENABLE_RESOURCE_ACCESS_USB\=NO
    export ENABLE_SDK_IMPORTS\=NO
    export ENABLE_SECURITY_COMPILER_WARNINGS\=NO
    export ENABLE_STRICT_OBJC_MSGSEND\=YES
    export ENABLE_TESTABILITY\=YES
    export ENABLE_TESTING_SEARCH_PATHS\=NO
    export ENABLE_USER_SCRIPT_SANDBOXING\=NO
    export ENABLE_XOJIT_PREVIEWS\=YES
    export ENFORCE_VALID_ARCHS\=YES
    export ENTITLEMENTS_DESTINATION\=__entitlements
    export ENTITLEMENTS_REQUIRED\=NO
    export EXCLUDED_INSTALLSRC_SUBDIRECTORY_PATTERNS\=.DS_Store\ .svn\ .git\ .hg\ CVS
    export EXCLUDED_RECURSIVE_SEARCH_PATH_SUBDIRECTORIES\=\*.nib\ \*.lproj\ \*.framework\ \*.gch\ \*.xcode\*\ \*.xcassets\ \*.icon\ \(\*\)\ .DS_Store\ CVS\ .svn\ .git\ .hg\ \*.pbproj\ \*.pbxproj
    export EXECUTABLES_FOLDER_PATH\=ReactCommon.framework/en.lproj
    export EXECUTABLE_FOLDER_PATH\=ReactCommon.framework
    export EXECUTABLE_FOLDER_PATH_SHALLOW_BUNDLE_NO\=ReactCommon.framework
    export EXECUTABLE_FOLDER_PATH_SHALLOW_BUNDLE_YES\=ReactCommon.framework
    export EXECUTABLE_NAME\=ReactCommon
    export EXECUTABLE_PATH\=ReactCommon.framework/ReactCommon
    export EXPANDED_CODE_SIGN_IDENTITY\=-
    export EXPANDED_CODE_SIGN_IDENTITY_NAME\=Sign\ to\ Run\ Locally
    export EXTENSIONS_FOLDER_PATH\=ReactCommon.framework/Extensions
    export FILE_LIST\=/Users/antoniogrillo-balen/Library/Developer/Xcode/DerivedData/risebysolis-gzfsziqwziaggpcbgdowmssiasmi/Build/Intermediates.noindex/Pods.build/Debug-iphonesimulator/ReactCommon.build/Objects/LinkFileList
    export FIXED_FILES_DIR\=/Users/antoniogrillo-balen/Library/Developer/Xcode/DerivedData/risebysolis-gzfsziqwziaggpcbgdowmssiasmi/Build/Intermediates.noindex/Pods.build/Debug-iphonesimulator/ReactCommon.build/FixedFiles
    export FRAMEWORKS_FOLDER_PATH\=ReactCommon.framework/Frameworks
    export FRAMEWORK_FLAG_PREFIX\=-framework
    export FRAMEWORK_SEARCH_PATHS\=/Users/antoniogrillo-balen/Library/Developer/Xcode/DerivedData/risebysolis-gzfsziqwziaggpcbgdowmssiasmi/Build/Products/Debug-iphonesimulator/ReactCommon\ \ \"/Users/antoniogrillo-balen/Library/Developer/Xcode/DerivedData/risebysolis-gzfsziqwziaggpcbgdowmssiasmi/Build/Products/Debug-iphonesimulator/DoubleConversion\"\ \"/Users/antoniogrillo-balen/Library/Developer/Xcode/DerivedData/risebysolis-gzfsziqwziaggpcbgdowmssiasmi/Build/Products/Debug-iphonesimulator/RCT-Folly\"\ \"/Users/antoniogrillo-balen/Library/Developer/Xcode/DerivedData/risebysolis-gzfsziqwziaggpcbgdowmssiasmi/Build/Products/Debug-iphonesimulator/React-cxxreact\"\ \"/Users/antoniogrillo-balen/Library/Developer/Xcode/DerivedData/risebysolis-gzfsziqwziaggpcbgdowmssiasmi/Build/Products/Debug-iphonesimulator/React-debug\"\ \"/Users/antoniogrillo-balen/Library/Developer/Xcode/DerivedData/risebysolis-gzfsziqwziaggpcbgdowmssiasmi/Build/Products/Debug-iphonesimulator/React-featureflags\"\ \"/Users/antoniogrillo-balen/Library/Developer/Xcode/DerivedData/risebysolis-gzfsziqwziaggpcbgdowmssiasmi/Build/Products/Debug-iphonesimulator/React-jsi\"\ \"/Users/antoniogrillo-balen/Library/Developer/Xcode/DerivedData/risebysolis-gzfsziqwziaggpcbgdowmssiasmi/Build/Products/Debug-iphonesimulator/React-jsinspector\"\ \"/Users/antoniogrillo-balen/Library/Developer/Xcode/DerivedData/risebysolis-gzfsziqwziaggpcbgdowmssiasmi/Build/Products/Debug-iphonesimulator/React-logger\"\ \"/Users/antoniogrillo-balen/Library/Developer/Xcode/DerivedData/risebysolis-gzfsziqwziaggpcbgdowmssiasmi/Build/Products/Debug-iphonesimulator/React-perflogger\"\ \"/Users/antoniogrillo-balen/Library/Developer/Xcode/DerivedData/risebysolis-gzfsziqwziaggpcbgdowmssiasmi/Build/Products/Debug-iphonesimulator/React-utils\"\ \"/Users/antoniogrillo-balen/Library/Developer/Xcode/DerivedData/risebysolis-gzfsziqwziaggpcbgdowmssiasmi/Build/Products/Debug-iphonesimulator/fmt\"\ \"/Users/antoniogrillo-balen/Library/Developer/Xcode/DerivedData/risebysolis-gzfsziqwziaggpcbgdowmssiasmi/Build/Products/Debug-iphonesimulator/glog\"\ \"/Users/antoniogrillo-balen/Desktop/Projects/RiseBuild/ios/Pods/hermes-engine/destroot/Library/Frameworks/universal\"\ \"/Users/antoniogrillo-balen/Library/Developer/Xcode/DerivedData/risebysolis-gzfsziqwziaggpcbgdowmssiasmi/Build/Products/Debug-iphonesimulator/XCFrameworkIntermediates/hermes-engine/Pre-built\"
    export FRAMEWORK_VERSION\=A
    export FULL_PRODUCT_NAME\=ReactCommon.framework
    export FUSE_BUILD_PHASES\=YES
    export FUSE_BUILD_SCRIPT_PHASES\=NO
    export GCC3_VERSION\=3.3
    export GCC_C_LANGUAGE_STANDARD\=gnu11
    export GCC_DYNAMIC_NO_PIC\=NO
    export GCC_INLINES_ARE_PRIVATE_EXTERN\=YES
    export GCC_NO_COMMON_BLOCKS\=YES
    export GCC_OBJC_LEGACY_DISPATCH\=YES
    export GCC_OPTIMIZATION_LEVEL\=0
    export GCC_PFE_FILE_C_DIALECTS\=c\ objective-c\ c++\ objective-c++
    export GCC_PREFIX_HEADER\=Target\ Support\ Files/ReactCommon/ReactCommon-prefix.pch
    export GCC_PREPROCESSOR_DEFINITIONS\=POD_CONFIGURATION_DEBUG\=1\ DEBUG\=1\ \ COCOAPODS\=1
    export GCC_TREAT_WARNINGS_AS_ERRORS\=NO
    export GCC_VERSION\=com.apple.compilers.llvm.clang.1_0
    export GCC_VERSION_IDENTIFIER\=com_apple_compilers_llvm_clang_1_0
    export GCC_WARN_64_TO_32_BIT_CONVERSION\=YES
    export GCC_WARN_ABOUT_RETURN_TYPE\=YES_ERROR
    export GCC_WARN_PEDANTIC\=YES
    export GCC_WARN_UNDECLARED_SELECTOR\=YES
    export GCC_WARN_UNINITIALIZED_AUTOS\=YES_AGGRESSIVE
    export GCC_WARN_UNUSED_FUNCTION\=YES
    export GCC_WARN_UNUSED_VARIABLE\=YES
    export GENERATED_MODULEMAP_DIR\=/Users/antoniogrillo-balen/Library/Developer/Xcode/DerivedData/risebysolis-gzfsziqwziaggpcbgdowmssiasmi/Build/Intermediates.noindex/GeneratedModuleMaps-iphonesimulator
    export GENERATE_INFOPLIST_FILE\=NO
    export GENERATE_INTERMEDIATE_TEXT_BASED_STUBS\=YES
    export GENERATE_PKGINFO_FILE\=NO
    export GENERATE_PRELINK_OBJECT_FILE\=NO
    export GENERATE_PROFILING_CODE\=NO
    export GENERATE_TEXT_BASED_STUBS\=NO
    export GID\=20
    export GROUP\=staff
    export HEADERMAP_INCLUDES_FLAT_ENTRIES_FOR_TARGET_BEING_BUILT\=YES
    export HEADERMAP_INCLUDES_FRAMEWORK_ENTRIES_FOR_ALL_PRODUCT_TYPES\=YES
    export HEADERMAP_INCLUDES_FRAMEWORK_ENTRIES_FOR_TARGETS_NOT_BEING_BUILT\=YES
    export HEADERMAP_INCLUDES_NONPUBLIC_NONPRIVATE_HEADERS\=YES
    export HEADERMAP_INCLUDES_PROJECT_HEADERS\=YES
    export HEADERMAP_USES_FRAMEWORK_PREFIX_ENTRIES\=YES
    export HEADERMAP_USES_VFS\=YES
    export HEADER_SEARCH_PATHS\=/Users/antoniogrillo-balen/Library/Developer/Xcode/DerivedData/risebysolis-gzfsziqwziaggpcbgdowmssiasmi/Build/Products/Debug-iphonesimulator/ReactCommon/include\ \ /Users/antoniogrillo-balen/Library/Developer/Xcode/DerivedData/risebysolis-gzfsziqwziaggpcbgdowmssiasmi/Build/Products/Debug-iphonesimulator/ReactCommon/ReactCommon.framework/Headers\ /Users/antoniogrillo-balen/Library/Developer/Xcode/DerivedData/risebysolis-gzfsziqwziaggpcbgdowmssiasmi/Build/Products/Debug-iphonesimulator/ReactCommon/ReactCommon.framework/Headers/react/nativemodule/core\ /Users/antoniogrillo-balen/Library/Developer/Xcode/DerivedData/risebysolis-gzfsziqwziaggpcbgdowmssiasmi/Build/Products/Debug-iphonesimulator/ReactCommon-Samples/ReactCommon_Samples.framework/Headers\ /Users/antoniogrillo-balen/Library/Developer/Xcode/DerivedData/risebysolis-gzfsziqwziaggpcbgdowmssiasmi/Build/Products/Debug-iphonesimulator/ReactCommon-Samples/ReactCommon_Samples.framework/Headers/platform/ios\ /Users/antoniogrillo-balen/Library/Developer/Xcode/DerivedData/risebysolis-gzfsziqwziaggpcbgdowmssiasmi/Build/Products/Debug-iphonesimulator/React-Fabric/React_Fabric.framework/Headers/react/renderer/components/view/platform/cxx\ /Users/antoniogrillo-balen/Library/Developer/Xcode/DerivedData/risebysolis-gzfsziqwziaggpcbgdowmssiasmi/Build/Products/Debug-iphonesimulator/React-NativeModulesApple/React_NativeModulesApple.framework/Headers\ /Users/antoniogrillo-balen/Library/Developer/Xcode/DerivedData/risebysolis-gzfsziqwziaggpcbgdowmssiasmi/Build/Products/Debug-iphonesimulator/React-graphics/React_graphics.framework/Headers\ /Users/antoniogrillo-balen/Library/Developer/Xcode/DerivedData/risebysolis-gzfsziqwziaggpcbgdowmssiasmi/Build/Products/Debug-iphonesimulator/React-graphics/React_graphics.framework/Headers/react/renderer/graphics/platform/ios\ \"/Users/antoniogrillo-balen/Desktop/Projects/RiseBuild/ios/Pods/Headers/Public\"\ \"/Users/antoniogrillo-balen/Desktop/Projects/RiseBuild/ios/Pods/Headers/Public/React-callinvoker\"\ \"/Users/antoniogrillo-balen/Desktop/Projects/RiseBuild/ios/Pods/Headers/Public/React-runtimeexecutor\"\ \"/Users/antoniogrillo-balen/Desktop/Projects/RiseBuild/ios/Pods/Headers/Public/React-timing\"\ \"/Users/antoniogrillo-balen/Desktop/Projects/RiseBuild/ios/Pods/Headers/Public/boost\"\ \"/Users/antoniogrillo-balen/Desktop/Projects/RiseBuild/ios/Pods/Headers/Public/fast_float\"\ \"/Users/antoniogrillo-balen/Desktop/Projects/RiseBuild/ios/Pods/Headers/Public/hermes-engine\"\ \"/Users/antoniogrillo-balen/Desktop/Projects/RiseBuild/ios/Pods/boost\"\ \"/Users/antoniogrillo-balen/Desktop/Projects/RiseBuild/ios/Pods/RCT-Folly\"\ \"/Users/antoniogrillo-balen/Desktop/Projects/RiseBuild/ios/Pods/DoubleConversion\"\ \"/Users/antoniogrillo-balen/Desktop/Projects/RiseBuild/ios/Pods/fast_float/include\"\ \"/Users/antoniogrillo-balen/Desktop/Projects/RiseBuild/ios/Pods/fmt/include\"\ \"/Users/antoniogrillo-balen/Desktop/Projects/RiseBuild/ios/Pods/Headers/Private/React-Core\"\ \"/Users/antoniogrillo-balen/Desktop/Projects/RiseBuild/ios/Pods/boost\"\ \"/Users/antoniogrillo-balen/Desktop/Projects/RiseBuild/ios/Pods/RCT-Folly\"\ \"/Users/antoniogrillo-balen/Desktop/Projects/RiseBuild/ios/Pods/DoubleConversion\"\ \"/Users/antoniogrillo-balen/Desktop/Projects/RiseBuild/ios/Pods/fast_float/include\"\ \"/Users/antoniogrillo-balen/Desktop/Projects/RiseBuild/ios/Pods/fmt/include\"\ \"/Users/antoniogrillo-balen/Desktop/Projects/RiseBuild/ios/Pods/Headers/Private/React-Core\"\ \"/Users/antoniogrillo-balen/Desktop/Projects/RiseBuild/ios/Pods/../../node_modules/react-native/ReactCommon/ReactCommon\"\ \"/Users/antoniogrillo-balen/Desktop/Projects/RiseBuild/ios/Pods/RCT-Folly\"\ \"/Users/antoniogrillo-balen/Desktop/Projects/RiseBuild/ios/Pods/boost\"\ \"/Users/antoniogrillo-balen/Desktop/Projects/RiseBuild/ios/Pods/RCT-Folly\"\ \"/Users/antoniogrillo-balen/Desktop/Projects/RiseBuild/ios/Pods/DoubleConversion\"\ \"/Users/antoniogrillo-balen/Desktop/Projects/RiseBuild/ios/Pods/fast_float/include\"\ \"/Users/antoniogrillo-balen/Desktop/Projects/RiseBuild/ios/Pods/fmt/include\"\ \"/Users/antoniogrillo-balen/Desktop/Projects/RiseBuild/ios/Pods/Headers/Private/React-Core\"\ \"/Users/antoniogrillo-balen/Desktop/Projects/RiseBuild/ios/Pods/../../node_modules/react-native/ReactCommon/ReactCommon\"\ \"/Users/antoniogrillo-balen/Library/Developer/Xcode/DerivedData/risebysolis-gzfsziqwziaggpcbgdowmssiasmi/Build/Products/Debug-iphonesimulator/React-debug/React_debug.framework/Headers\"\ \"/Users/antoniogrillo-balen/Library/Developer/Xcode/DerivedData/risebysolis-gzfsziqwziaggpcbgdowmssiasmi/Build/Products/Debug-iphonesimulator/React-debug/React_featureflags.framework/Headers\"\ \"/Users/antoniogrillo-balen/Library/Developer/Xcode/DerivedData/risebysolis-gzfsziqwziaggpcbgdowmssiasmi/Build/Products/Debug-iphonesimulator/React-utils/React_utils.framework/Headers\"
    export HOME\=/Users/antoniogrillo-balen
    export HOST_ARCH\=arm64
    export HOST_PLATFORM\=macosx
    export ICONV\=/usr/bin/iconv
    export IMPLICIT_DEPENDENCY_DOMAIN\=default
    export INDEX_STORE_COMPRESS\=NO
    export INDEX_STORE_ONLY_PROJECT_FILES\=NO
    export INFOPLIST_ENABLE_CFBUNDLEICONS_MERGE\=YES
    export INFOPLIST_EXPAND_BUILD_SETTINGS\=YES
    export INFOPLIST_FILE\=Target\ Support\ Files/ReactCommon/ReactCommon-Info.plist
    export INFOPLIST_OUTPUT_FORMAT\=binary
    export INFOPLIST_PATH\=ReactCommon.framework/Info.plist
    export INFOPLIST_PREPROCESS\=NO
    export INFOSTRINGS_PATH\=ReactCommon.framework/en.lproj/InfoPlist.strings
    export INLINE_PRIVATE_FRAMEWORKS\=NO
    export INSTALLAPI_IGNORE_SKIP_INSTALL\=YES
    export INSTALLHDRS_COPY_PHASE\=NO
    export INSTALLHDRS_SCRIPT_PHASE\=NO
    export INSTALL_DIR\=/tmp/Pods.dst/Library/Frameworks
    export INSTALL_GROUP\=staff
    export INSTALL_MODE_FLAG\=u+w,go-w,a+rX
    export INSTALL_OWNER\=antoniogrillo-balen
    export INSTALL_PATH\=/Library/Frameworks
    export INSTALL_ROOT\=/tmp/Pods.dst
    export IPHONEOS_DEPLOYMENT_TARGET\=15.1
    export IS_UNOPTIMIZED_BUILD\=YES
    export JAVAC_DEFAULT_FLAGS\=-J-Xms64m\ -J-XX:NewSize\=4M\ -J-Dfile.encoding\=UTF8
    export JAVA_APP_STUB\=/System/Library/Frameworks/JavaVM.framework/Resources/MacOS/JavaApplicationStub
    export JAVA_ARCHIVE_CLASSES\=YES
    export JAVA_ARCHIVE_TYPE\=JAR
    export JAVA_COMPILER\=/usr/bin/javac
    export JAVA_FOLDER_PATH\=ReactCommon.framework/Java
    export JAVA_FRAMEWORK_RESOURCES_DIRS\=Resources
    export JAVA_JAR_FLAGS\=cv
    export JAVA_SOURCE_SUBDIR\=.
    export JAVA_USE_DEPENDENCIES\=YES
    export JAVA_ZIP_FLAGS\=-urg
    export JIKES_DEFAULT_FLAGS\=+E\ +OLDCSO
    export KEEP_PRIVATE_EXTERNS\=NO
    export LD_DEPENDENCY_INFO_FILE\=/Users/antoniogrillo-balen/Library/Developer/Xcode/DerivedData/risebysolis-gzfsziqwziaggpcbgdowmssiasmi/Build/Intermediates.noindex/Pods.build/Debug-iphonesimulator/ReactCommon.build/Objects-normal/undefined_arch/ReactCommon_dependency_info.dat
    export LD_DYLIB_INSTALL_NAME\=@rpath/ReactCommon.framework/ReactCommon
    export LD_EXPORT_SYMBOLS\=YES
    export LD_GENERATE_MAP_FILE\=NO
    export LD_MAP_FILE_PATH\=/Users/antoniogrillo-balen/Library/Developer/Xcode/DerivedData/risebysolis-gzfsziqwziaggpcbgdowmssiasmi/Build/Intermediates.noindex/Pods.build/Debug-iphonesimulator/ReactCommon.build/ReactCommon-LinkMap-normal-undefined_arch.txt
    export LD_NO_PIE\=NO
    export LD_QUOTE_LINKER_ARGUMENTS_FOR_COMPILER_DRIVER\=YES
    export LD_RUNPATH_SEARCH_PATHS\=\ @executable_path/Frameworks\ @loader_path/Frameworks
    export LD_SHARED_CACHE_ELIGIBLE\=Automatic
    export LD_WARN_DUPLICATE_LIBRARIES\=NO
    export LD_WARN_UNUSED_DYLIBS\=NO
    export LEGACY_DEVELOPER_DIR\=/Applications/Xcode.app/Contents/PlugIns/Xcode3Core.ideplugin/Contents/SharedSupport/Developer
    export LEX\=lex
    export LIBRARY_DEXT_INSTALL_PATH\=/Library/DriverExtensions
    export LIBRARY_FLAG_NOSPACE\=YES
    export LIBRARY_FLAG_PREFIX\=-l
    export LIBRARY_KEXT_INSTALL_PATH\=/Library/Extensions
    export LIBRARY_SEARCH_PATHS\=/Users/antoniogrillo-balen/Library/Developer/Xcode/DerivedData/risebysolis-gzfsziqwziaggpcbgdowmssiasmi/Build/Products/Debug-iphonesimulator/ReactCommon\ 
    export LINKER_DISPLAYS_MANGLED_NAMES\=NO
    export LINK_FILE_LIST_normal_arm64\=/Users/antoniogrillo-balen/Library/Developer/Xcode/DerivedData/risebysolis-gzfsziqwziaggpcbgdowmssiasmi/Build/Intermediates.noindex/Pods.build/Debug-iphonesimulator/ReactCommon.build/Objects-normal/arm64/ReactCommon.LinkFileList
    export LINK_OBJC_RUNTIME\=YES
    export LINK_WITH_STANDARD_LIBRARIES\=YES
    export LLVM_TARGET_TRIPLE_OS_VERSION\=ios15.1
    export LLVM_TARGET_TRIPLE_SUFFIX\=-simulator
    export LLVM_TARGET_TRIPLE_VENDOR\=apple
    export LM_AUX_CONST_METADATA_LIST_PATH_normal_arm64\=/Users/antoniogrillo-balen/Library/Developer/Xcode/DerivedData/risebysolis-gzfsziqwziaggpcbgdowmssiasmi/Build/Intermediates.noindex/Pods.build/Debug-iphonesimulator/ReactCommon.build/Objects-normal/arm64/ReactCommon.SwiftConstValuesFileList
    export LOCALIZATION_EXPORT_SUPPORTED\=YES
    export LOCALIZATION_PREFERS_STRING_CATALOGS\=NO
    export LOCALIZED_RESOURCES_FOLDER_PATH\=ReactCommon.framework/en.lproj
    export LOCALIZED_STRING_CODE_COMMENTS\=NO
    export LOCALIZED_STRING_MACRO_NAMES\=NSLocalizedString\ CFCopyLocalizedString
    export LOCALIZED_STRING_SWIFTUI_SUPPORT\=YES
    export LOCAL_ADMIN_APPS_DIR\=/Applications/Utilities
    export LOCAL_APPS_DIR\=/Applications
    export LOCAL_DEVELOPER_DIR\=/Library/Developer
    export LOCAL_LIBRARY_DIR\=/Library
    export LOCROOT\=/Users/antoniogrillo-balen/Desktop/Projects/RiseBuild/ios/Pods
    export LOCSYMROOT\=/Users/antoniogrillo-balen/Desktop/Projects/RiseBuild/ios/Pods
    export MACH_O_TYPE\=staticlib
    export MAC_OS_X_PRODUCT_BUILD_VERSION\=25E253
    export MAC_OS_X_VERSION_ACTUAL\=260401
    export MAC_OS_X_VERSION_MAJOR\=260000
    export MAC_OS_X_VERSION_MINOR\=260400
    export MAKE_MERGEABLE\=NO
    export MERGEABLE_LIBRARY\=NO
    export MERGED_BINARY_TYPE\=none
    export MERGE_LINKED_LIBRARIES\=NO
    export METAL_LIBRARY_FILE_BASE\=default
    export METAL_LIBRARY_OUTPUT_DIR\=/Users/antoniogrillo-balen/Library/Developer/Xcode/DerivedData/risebysolis-gzfsziqwziaggpcbgdowmssiasmi/Build/Products/Debug-iphonesimulator/ReactCommon/ReactCommon.framework
    export MODULEMAP_FILE\=Target\ Support\ Files/ReactCommon/ReactCommon.modulemap
    export MODULES_FOLDER_PATH\=ReactCommon.framework/Modules
    export MODULE_CACHE_DIR\=/Users/antoniogrillo-balen/Library/Developer/Xcode/DerivedData/ModuleCache.noindex
    export MTL_ENABLE_DEBUG_INFO\=INCLUDE_SOURCE
    export MTL_FAST_MATH\=YES
    export NATIVE_ARCH\=arm64
    export NATIVE_ARCH_32_BIT\=arm
    export NATIVE_ARCH_64_BIT\=arm64
    export NATIVE_ARCH_ACTUAL\=arm64
    export NO_COMMON\=YES
    export OBJC_ABI_VERSION\=2
    export OBJECT_FILE_DIR\=/Users/antoniogrillo-balen/Library/Developer/Xcode/DerivedData/risebysolis-gzfsziqwziaggpcbgdowmssiasmi/Build/Intermediates.noindex/Pods.build/Debug-iphonesimulator/ReactCommon.build/Objects
    export OBJECT_FILE_DIR_normal\=/Users/antoniogrillo-balen/Library/Developer/Xcode/DerivedData/risebysolis-gzfsziqwziaggpcbgdowmssiasmi/Build/Intermediates.noindex/Pods.build/Debug-iphonesimulator/ReactCommon.build/Objects-normal
    export OBJROOT\=/Users/antoniogrillo-balen/Library/Developer/Xcode/DerivedData/risebysolis-gzfsziqwziaggpcbgdowmssiasmi/Build/Intermediates.noindex
    export ONLY_ACTIVE_ARCH\=YES
    export OS\=MACOS
    export OSAC\=/usr/bin/osacompile
    export OTHER_LDFLAGS\=\ \ 
    export PACKAGE_TYPE\=com.apple.package-type.wrapper.framework
    export PASCAL_STRINGS\=YES
    export PATH\=/Applications/Xcode.app/Contents/SharedFrameworks/SwiftBuild.framework/Versions/A/PlugIns/SWBBuildService.bundle/Contents/PlugIns/SWBUniversalPlatformPlugin.bundle/Contents/Frameworks/SWBUniversalPlatform.framework/Resources:/Applications/Xcode.app/Contents/Developer/Toolchains/XcodeDefault.xctoolchain/usr/bin:/Applications/Xcode.app/Contents/Developer/Toolchains/XcodeDefault.xctoolchain/usr/local/bin:/Applications/Xcode.app/Contents/Developer/Toolchains/XcodeDefault.xctoolchain/usr/libexec:/Applications/Xcode.app/Contents/Developer/Platforms/iPhoneSimulator.platform/usr/bin:/Applications/Xcode.app/Contents/Developer/Platforms/iPhoneSimulator.platform/usr/local/bin:/Applications/Xcode.app/Contents/Developer/Platforms/iPhoneSimulator.platform/Developer/usr/bin:/Applications/Xcode.app/Contents/Developer/Platforms/iPhoneSimulator.platform/Developer/usr/local/bin:/Applications/Xcode.app/Contents/Developer/usr/bin:/Applications/Xcode.app/Contents/Developer/usr/local/bin:/opt/homebrew/opt/ruby/bin:/opt/homebrew/lib/ruby/gems/4.0.0/bin:/opt/homebrew/bin:/opt/homebrew/sbin:/Users/antoniogrillo-balen/.nvm/versions/node/v24.14.1/bin:/Library/Frameworks/Python.framework/Versions/3.14/bin:/usr/local/bin:/System/Cryptexes/App/usr/bin:/usr/bin:/bin:/usr/sbin:/sbin:/var/run/com.apple.security.cryptexd/codex.system/bootstrap/usr/local/bin:/var/run/com.apple.security.cryptexd/codex.system/bootstrap/usr/bin:/var/run/com.apple.security.cryptexd/codex.system/bootstrap/usr/appleinternal/bin:/opt/pkg/env/active/bin:/opt/pmk/env/global/bin:/Library/Apple/usr/bin:/Applications/VMware\ Fusion.app/Contents/Public:/Users/antoniogrillo-balen/.cargo/bin:/Users/antoniogrillo-balen/.cache/plugins/.install-staging/25283474a0e0d4a060cb0e915c1ec54e3d41ef2e/cursor/repo/bin:/Users/antoniogrillo-balen/.claude/plugins/cache/claude-plugins-official/superpowers/5.1.0/bin:/Users/antoniogrillo-balen/.claude/plugins/cache/claude-plugins-official/frontend-design/unknown/bin:/Users/antoniogrillo-balen/.claude/plugins/cache/claude-plugins-official/code-simplifier/1.0.0/bin:/Users/antoniogrillo-balen/.claude/plugins/cache/claude-plugins-official/security-guidance/unknown/bin:/Users/antoniogrillo-balen/.claude/plugins/cache/thedotmack/claude-mem/12.1.1/bin
    export PATH_PREFIXES_EXCLUDED_FROM_HEADER_DEPENDENCIES\=/usr/include\ /usr/local/include\ /System/Library/Frameworks\ /System/Library/PrivateFrameworks\ /Applications/Xcode.app/Contents/Developer/Headers\ /Applications/Xcode.app/Contents/Developer/SDKs\ /Applications/Xcode.app/Contents/Developer/Platforms
    export PBDEVELOPMENTPLIST_PATH\=ReactCommon.framework/pbdevelopment.plist
    export PER_ARCH_MODULE_FILE_DIR\=/Users/antoniogrillo-balen/Library/Developer/Xcode/DerivedData/risebysolis-gzfsziqwziaggpcbgdowmssiasmi/Build/Intermediates.noindex/Pods.build/Debug-iphonesimulator/ReactCommon.build/Objects-normal/undefined_arch
    export PER_ARCH_OBJECT_FILE_DIR\=/Users/antoniogrillo-balen/Library/Developer/Xcode/DerivedData/risebysolis-gzfsziqwziaggpcbgdowmssiasmi/Build/Intermediates.noindex/Pods.build/Debug-iphonesimulator/ReactCommon.build/Objects-normal/undefined_arch
    export PER_VARIANT_OBJECT_FILE_DIR\=/Users/antoniogrillo-balen/Library/Developer/Xcode/DerivedData/risebysolis-gzfsziqwziaggpcbgdowmssiasmi/Build/Intermediates.noindex/Pods.build/Debug-iphonesimulator/ReactCommon.build/Objects-normal
    export PKGINFO_FILE_PATH\=/Users/antoniogrillo-balen/Library/Developer/Xcode/DerivedData/risebysolis-gzfsziqwziaggpcbgdowmssiasmi/Build/Intermediates.noindex/Pods.build/Debug-iphonesimulator/ReactCommon.build/PkgInfo
    export PKGINFO_PATH\=ReactCommon.framework/PkgInfo
    export PLATFORM_DEVELOPER_APPLICATIONS_DIR\=/Applications/Xcode.app/Contents/Developer/Platforms/iPhoneSimulator.platform/Developer/Applications
    export PLATFORM_DEVELOPER_BIN_DIR\=/Applications/Xcode.app/Contents/Developer/Platforms/iPhoneSimulator.platform/Developer/usr/bin
    export PLATFORM_DEVELOPER_LIBRARY_DIR\=/Applications/Xcode.app/Contents/Developer/Platforms/iPhoneSimulator.platform/Developer/Library
    export PLATFORM_DEVELOPER_SDK_DIR\=/Applications/Xcode.app/Contents/Developer/Platforms/iPhoneSimulator.platform/Developer/SDKs
    export PLATFORM_DEVELOPER_TOOLS_DIR\=/Applications/Xcode.app/Contents/Developer/Platforms/iPhoneSimulator.platform/Developer/Tools
    export PLATFORM_DEVELOPER_USR_DIR\=/Applications/Xcode.app/Contents/Developer/Platforms/iPhoneSimulator.platform/Developer/usr
    export PLATFORM_DIR\=/Applications/Xcode.app/Contents/Developer/Platforms/iPhoneSimulator.platform
    export PLATFORM_DISPLAY_NAME\=iOS\ Simulator
    export PLATFORM_FAMILY_NAME\=iOS
    export PLATFORM_NAME\=iphonesimulator
    export PLATFORM_PREFERRED_ARCH\=x86_64
    export PLATFORM_PRODUCT_BUILD_VERSION\=23F73
    export PLATFORM_REQUIRES_SWIFT_AUTOLINK_EXTRACT\=NO
    export PLATFORM_REQUIRES_SWIFT_MODULEWRAP\=NO
    export PLATFORM_USES_DSYMS\=YES
    export PLIST_FILE_OUTPUT_FORMAT\=binary
    export PLUGINS_FOLDER_PATH\=ReactCommon.framework/PlugIns
    export PODS_BUILD_DIR\=/Users/antoniogrillo-balen/Library/Developer/Xcode/DerivedData/risebysolis-gzfsziqwziaggpcbgdowmssiasmi/Build/Products
    export PODS_CONFIGURATION_BUILD_DIR\=/Users/antoniogrillo-balen/Library/Developer/Xcode/DerivedData/risebysolis-gzfsziqwziaggpcbgdowmssiasmi/Build/Products/Debug-iphonesimulator
    export PODS_DEVELOPMENT_LANGUAGE\=en
    export PODS_ROOT\=/Users/antoniogrillo-balen/Desktop/Projects/RiseBuild/ios/Pods
    export PODS_TARGET_SRCROOT\=/Users/antoniogrillo-balen/Desktop/Projects/RiseBuild/ios/Pods/../../node_modules/react-native/ReactCommon
    export PODS_XCFRAMEWORKS_BUILD_DIR\=/Users/antoniogrillo-balen/Library/Developer/Xcode/DerivedData/risebysolis-gzfsziqwziaggpcbgdowmssiasmi/Build/Products/Debug-iphonesimulator/XCFrameworkIntermediates
    export PRECOMPS_INCLUDE_HEADERS_FROM_BUILT_PRODUCTS_DIR\=YES
    export PRECOMP_DESTINATION_DIR\=/Users/antoniogrillo-balen/Library/Developer/Xcode/DerivedData/risebysolis-gzfsziqwziaggpcbgdowmssiasmi/Build/Intermediates.noindex/Pods.build/Debug-iphonesimulator/ReactCommon.build/PrefixHeaders
    export PRIVATE_HEADERS_FOLDER_PATH\=ReactCommon.framework/PrivateHeaders
    export PROCESSED_INFOPLIST_PATH\=/Users/antoniogrillo-balen/Library/Developer/Xcode/DerivedData/risebysolis-gzfsziqwziaggpcbgdowmssiasmi/Build/Intermediates.noindex/Pods.build/Debug-iphonesimulator/ReactCommon.build/Objects-normal/undefined_arch/Processed-Info.plist
    export PRODUCT_BUNDLE_IDENTIFIER\=org.cocoapods.ReactCommon
    export PRODUCT_BUNDLE_PACKAGE_TYPE\=FMWK
    export PRODUCT_MODULE_NAME\=ReactCommon
    export PRODUCT_NAME\=ReactCommon
    export PRODUCT_SETTINGS_PATH\=/Users/antoniogrillo-balen/Desktop/Projects/RiseBuild/ios/Pods/Target\ Support\ Files/ReactCommon/ReactCommon-Info.plist
    export PRODUCT_TYPE\=com.apple.product-type.framework
    export PROFILING_CODE\=NO
    export PROJECT\=Pods
    export PROJECT_DERIVED_FILE_DIR\=/Users/antoniogrillo-balen/Library/Developer/Xcode/DerivedData/risebysolis-gzfsziqwziaggpcbgdowmssiasmi/Build/Intermediates.noindex/Pods.build/DerivedSources
    export PROJECT_DIR\=/Users/antoniogrillo-balen/Desktop/Projects/RiseBuild/ios/Pods
    export PROJECT_FILE_PATH\=/Users/antoniogrillo-balen/Desktop/Projects/RiseBuild/ios/Pods/Pods.xcodeproj
    export PROJECT_GUID\=8699adb1dd336b26511df848a716bd42
    export PROJECT_NAME\=Pods
    export PROJECT_TEMP_DIR\=/Users/antoniogrillo-balen/Library/Developer/Xcode/DerivedData/risebysolis-gzfsziqwziaggpcbgdowmssiasmi/Build/Intermediates.noindex/Pods.build
    export PROJECT_TEMP_ROOT\=/Users/antoniogrillo-balen/Library/Developer/Xcode/DerivedData/risebysolis-gzfsziqwziaggpcbgdowmssiasmi/Build/Intermediates.noindex
    export PUBLIC_HEADERS_FOLDER_PATH\=ReactCommon.framework/Headers
    export REACT_NATIVE_PATH\=/Users/antoniogrillo-balen/Desktop/Projects/RiseBuild/ios/Pods/../../node_modules/react-native
    export RECOMMENDED_IPHONEOS_DEPLOYMENT_TARGET\=15.0
    export RECURSIVE_SEARCH_PATHS_FOLLOW_SYMLINKS\=YES
    export REMOVE_CVS_FROM_RESOURCES\=YES
    export REMOVE_GIT_FROM_RESOURCES\=YES
    export REMOVE_HEADERS_FROM_EMBEDDED_BUNDLES\=YES
    export REMOVE_HG_FROM_RESOURCES\=YES
    export REMOVE_STATIC_EXECUTABLES_FROM_EMBEDDED_BUNDLES\=YES
    export REMOVE_SVN_FROM_RESOURCES\=YES
    export RESCHEDULE_INDEPENDENT_HEADERS_PHASES\=YES
    export REZ_COLLECTOR_DIR\=/Users/antoniogrillo-balen/Library/Developer/Xcode/DerivedData/risebysolis-gzfsziqwziaggpcbgdowmssiasmi/Build/Intermediates.noindex/Pods.build/Debug-iphonesimulator/ReactCommon.build/ResourceManagerResources
    export REZ_OBJECTS_DIR\=/Users/antoniogrillo-balen/Library/Developer/Xcode/DerivedData/risebysolis-gzfsziqwziaggpcbgdowmssiasmi/Build/Intermediates.noindex/Pods.build/Debug-iphonesimulator/ReactCommon.build/ResourceManagerResources/Objects
    export REZ_SEARCH_PATHS\=/Users/antoniogrillo-balen/Library/Developer/Xcode/DerivedData/risebysolis-gzfsziqwziaggpcbgdowmssiasmi/Build/Products/Debug-iphonesimulator/ReactCommon\ 
    export RPATH_ORIGIN\=@loader_path
    export RUNTIME_EXCEPTION_ALLOW_DYLD_ENVIRONMENT_VARIABLES\=NO
    export RUNTIME_EXCEPTION_ALLOW_JIT\=NO
    export RUNTIME_EXCEPTION_ALLOW_UNSIGNED_EXECUTABLE_MEMORY\=NO
    export RUNTIME_EXCEPTION_DEBUGGING_TOOL\=NO
    export RUNTIME_EXCEPTION_DISABLE_EXECUTABLE_PAGE_PROTECTION\=NO
    export RUNTIME_EXCEPTION_DISABLE_LIBRARY_VALIDATION\=NO
    export SCANNING_PCM_KEEP_CACHE_DIRECTORY\=YES
    export SCAN_ALL_SOURCE_FILES_FOR_INCLUDES\=NO
    export SCRIPTS_FOLDER_PATH\=ReactCommon.framework/Scripts
    export SCRIPT_INPUT_FILE_COUNT\=0
    export SCRIPT_INPUT_FILE_LIST_COUNT\=0
    export SCRIPT_OUTPUT_FILE_COUNT\=0
    export SCRIPT_OUTPUT_FILE_LIST_COUNT\=0
    export SDKROOT\=/Applications/Xcode.app/Contents/Developer/Platforms/iPhoneSimulator.platform/Developer/SDKs/iPhoneSimulator26.5.sdk
    export SDK_DIR\=/Applications/Xcode.app/Contents/Developer/Platforms/iPhoneSimulator.platform/Developer/SDKs/iPhoneSimulator26.5.sdk
    export SDK_DIR_iphonesimulator\=/Applications/Xcode.app/Contents/Developer/Platforms/iPhoneSimulator.platform/Developer/SDKs/iPhoneSimulator26.5.sdk
    export SDK_DIR_iphonesimulator26_5\=/Applications/Xcode.app/Contents/Developer/Platforms/iPhoneSimulator.platform/Developer/SDKs/iPhoneSimulator26.5.sdk
    export SDK_NAME\=iphonesimulator26.5
    export SDK_NAMES\=iphonesimulator26.5
    export SDK_PRODUCT_BUILD_VERSION\=23F73
    export SDK_STAT_CACHE_DIR\=/Users/antoniogrillo-balen/Library/Developer/Xcode/DerivedData
    export SDK_STAT_CACHE_ENABLE\=YES
    export SDK_STAT_CACHE_PATH\=/Users/antoniogrillo-balen/Library/Developer/Xcode/DerivedData/SDKStatCaches.noindex/iphonesimulator26.5-23F73-6cfe768891a92b912361537c460fe42b.sdkstatcache
    export SDK_VERSION\=26.5
    export SDK_VERSION_ACTUAL\=260500
    export SDK_VERSION_MAJOR\=260000
    export SDK_VERSION_MINOR\=260500
    export SED\=/usr/bin/sed
    export SEPARATE_STRIP\=NO
    export SEPARATE_SYMBOL_EDIT\=NO
    export SET_DIR_MODE_OWNER_GROUP\=YES
    export SET_FILE_MODE_OWNER_GROUP\=NO
    export SHALLOW_BUNDLE\=YES
    export SHALLOW_BUNDLE_TRIPLE\=ios-simulator
    export SHALLOW_BUNDLE_ios_macabi\=NO
    export SHALLOW_BUNDLE_macos\=NO
    export SHARED_DERIVED_FILE_DIR\=/Users/antoniogrillo-balen/Library/Developer/Xcode/DerivedData/risebysolis-gzfsziqwziaggpcbgdowmssiasmi/Build/Products/Debug-iphonesimulator/ReactCommon/DerivedSources
    export SHARED_FRAMEWORKS_FOLDER_PATH\=ReactCommon.framework/SharedFrameworks
    export SHARED_PRECOMPS_DIR\=/Users/antoniogrillo-balen/Library/Developer/Xcode/DerivedData/risebysolis-gzfsziqwziaggpcbgdowmssiasmi/Build/Intermediates.noindex/PrecompiledHeaders
    export SHARED_SUPPORT_FOLDER_PATH\=ReactCommon.framework
    export SKIP_INSTALL\=YES
    export SKIP_MERGEABLE_LIBRARY_BUNDLE_HOOK\=NO
    export SOURCE_ROOT\=/Users/antoniogrillo-balen/Desktop/Projects/RiseBuild/ios/Pods
    export SRCROOT\=/Users/antoniogrillo-balen/Desktop/Projects/RiseBuild/ios/Pods
    export STRINGSDATA_DIR\=/Users/antoniogrillo-balen/Library/Developer/Xcode/DerivedData/risebysolis-gzfsziqwziaggpcbgdowmssiasmi/Build/Intermediates.noindex/Pods.build/Debug-iphonesimulator/ReactCommon.build/Objects-normal/undefined_arch
    export STRINGSDATA_ROOT\=/Users/antoniogrillo-balen/Library/Developer/Xcode/DerivedData/risebysolis-gzfsziqwziaggpcbgdowmssiasmi/Build/Intermediates.noindex/Pods.build/Debug-iphonesimulator/ReactCommon.build
    export STRINGS_FILE_INFOPLIST_RENAME\=YES
    export STRINGS_FILE_OUTPUT_ENCODING\=binary
    export STRING_CATALOG_GENERATE_SYMBOLS\=NO
    export STRIP_BITCODE_FROM_COPIED_FILES\=NO
    export STRIP_INSTALLED_PRODUCT\=NO
    export STRIP_STYLE\=debugging
    export STRIP_SWIFT_SYMBOLS\=YES
    export SUPPORTED_DEVICE_FAMILIES\=1,2
    export SUPPORTED_PLATFORMS\=iphoneos\ iphonesimulator
    export SUPPORTS_TEXT_BASED_API\=NO
    export SUPPRESS_WARNINGS\=NO
    export SWIFT_ACTIVE_COMPILATION_CONDITIONS\=\ DEBUG\ 
    export SWIFT_EMIT_CONST_VALUE_PROTOCOLS\=AnyResolverProviding\ AppEntity\ AppEnum\ AppExtension\ AppIntent\ AppIntentsPackage\ AppShortcutProviding\ AppShortcutsProvider\ AppUnionValue\ AppUnionValueCasesProviding\ DynamicOptionsProvider\ EntityQuery\ ExtensionPointDefining\ IntentValueQuery\ Resolver\ TransientEntity\ _AssistantIntentsProvider\ _GenerativeFunctionExtractable\ _IntentValueRepresentable
    export SWIFT_EMIT_LOC_STRINGS\=NO
    export SWIFT_ENABLE_EXPLICIT_MODULES\=YES
    export SWIFT_INSTALL_MODULE_FOR_DEPLOYMENT\=YES
    export SWIFT_INSTALL_OBJC_HEADER\=YES
    export SWIFT_OPTIMIZATION_LEVEL\=-Onone
    export SWIFT_PLATFORM_TARGET_PREFIX\=ios
    export SWIFT_RESPONSE_FILE_PATH_normal_arm64\=/Users/antoniogrillo-balen/Library/Developer/Xcode/DerivedData/risebysolis-gzfsziqwziaggpcbgdowmssiasmi/Build/Intermediates.noindex/Pods.build/Debug-iphonesimulator/ReactCommon.build/Objects-normal/arm64/ReactCommon.SwiftFileList
    export SWIFT_VERSION\=5.0
    export SYMROOT\=/Users/antoniogrillo-balen/Library/Developer/Xcode/DerivedData/risebysolis-gzfsziqwziaggpcbgdowmssiasmi/Build/Products
    export SYSTEM_ADMIN_APPS_DIR\=/Applications/Utilities
    export SYSTEM_APPS_DIR\=/Applications
    export SYSTEM_CORE_SERVICES_DIR\=/System/Library/CoreServices
    export SYSTEM_DEMOS_DIR\=/Applications/Extras
    export SYSTEM_DEVELOPER_APPS_DIR\=/Applications/Xcode.app/Contents/Developer/Applications
    export SYSTEM_DEVELOPER_BIN_DIR\=/Applications/Xcode.app/Contents/Developer/usr/bin
    export SYSTEM_DEVELOPER_DEMOS_DIR\=/Applications/Xcode.app/Contents/Developer/Applications/Utilities/Built\ Examples
    export SYSTEM_DEVELOPER_DIR\=/Applications/Xcode.app/Contents/Developer
    export SYSTEM_DEVELOPER_DOC_DIR\=/Applications/Xcode.app/Contents/Developer/ADC\ Reference\ Library
    export SYSTEM_DEVELOPER_GRAPHICS_TOOLS_DIR\=/Applications/Xcode.app/Contents/Developer/Applications/Graphics\ Tools
    export SYSTEM_DEVELOPER_JAVA_TOOLS_DIR\=/Applications/Xcode.app/Contents/Developer/Applications/Java\ Tools
    export SYSTEM_DEVELOPER_PERFORMANCE_TOOLS_DIR\=/Applications/Xcode.app/Contents/Developer/Applications/Performance\ Tools
    export SYSTEM_DEVELOPER_RELEASENOTES_DIR\=/Applications/Xcode.app/Contents/Developer/ADC\ Reference\ Library/releasenotes
    export SYSTEM_DEVELOPER_TOOLS\=/Applications/Xcode.app/Contents/Developer/Tools
    export SYSTEM_DEVELOPER_TOOLS_DOC_DIR\=/Applications/Xcode.app/Contents/Developer/ADC\ Reference\ Library/documentation/DeveloperTools
    export SYSTEM_DEVELOPER_TOOLS_RELEASENOTES_DIR\=/Applications/Xcode.app/Contents/Developer/ADC\ Reference\ Library/releasenotes/DeveloperTools
    export SYSTEM_DEVELOPER_USR_DIR\=/Applications/Xcode.app/Contents/Developer/usr
    export SYSTEM_DEVELOPER_UTILITIES_DIR\=/Applications/Xcode.app/Contents/Developer/Applications/Utilities
    export SYSTEM_DEXT_INSTALL_PATH\=/System/Library/DriverExtensions
    export SYSTEM_DOCUMENTATION_DIR\=/Library/Documentation
    export SYSTEM_EXTENSIONS_FOLDER_PATH\=ReactCommon.framework/SystemExtensions
    export SYSTEM_EXTENSIONS_FOLDER_PATH_SHALLOW_BUNDLE_NO\=ReactCommon.framework/Library/SystemExtensions
    export SYSTEM_EXTENSIONS_FOLDER_PATH_SHALLOW_BUNDLE_YES\=ReactCommon.framework/SystemExtensions
    export SYSTEM_KEXT_INSTALL_PATH\=/System/Library/Extensions
    export SYSTEM_LIBRARY_DIR\=/System/Library
    export TAPI_DEMANGLE\=YES
    export TAPI_ENABLE_PROJECT_HEADERS\=NO
    export TAPI_LANGUAGE\=objective-c
    export TAPI_LANGUAGE_STANDARD\=compiler-default
    export TAPI_USE_SRCROOT\=YES
    export TAPI_VERIFY_MODE\=Pedantic
    export TARGETED_DEVICE_FAMILY\=1,2
    export TARGETNAME\=ReactCommon
    export TARGET_BUILD_DIR\=/Users/antoniogrillo-balen/Library/Developer/Xcode/DerivedData/risebysolis-gzfsziqwziaggpcbgdowmssiasmi/Build/Products/Debug-iphonesimulator/ReactCommon
    export TARGET_DEVICE_IDENTIFIER\=0C333F8A-4681-4475-855E-6FFD70F12533
    export TARGET_DEVICE_MODEL\=iPhone16,2
    export TARGET_DEVICE_OS_VERSION\=26.4.1
    export TARGET_DEVICE_PLATFORM_NAME\=iphonesimulator
    export TARGET_NAME\=ReactCommon
    export TARGET_TEMP_DIR\=/Users/antoniogrillo-balen/Library/Developer/Xcode/DerivedData/risebysolis-gzfsziqwziaggpcbgdowmssiasmi/Build/Intermediates.noindex/Pods.build/Debug-iphonesimulator/ReactCommon.build
    export TEMP_DIR\=/Users/antoniogrillo-balen/Library/Developer/Xcode/DerivedData/risebysolis-gzfsziqwziaggpcbgdowmssiasmi/Build/Intermediates.noindex/Pods.build/Debug-iphonesimulator/ReactCommon.build
    export TEMP_FILES_DIR\=/Users/antoniogrillo-balen/Library/Developer/Xcode/DerivedData/risebysolis-gzfsziqwziaggpcbgdowmssiasmi/Build/Intermediates.noindex/Pods.build/Debug-iphonesimulator/ReactCommon.build
    export TEMP_FILE_DIR\=/Users/antoniogrillo-balen/Library/Developer/Xcode/DerivedData/risebysolis-gzfsziqwziaggpcbgdowmssiasmi/Build/Intermediates.noindex/Pods.build/Debug-iphonesimulator/ReactCommon.build
    export TEMP_ROOT\=/Users/antoniogrillo-balen/Library/Developer/Xcode/DerivedData/risebysolis-gzfsziqwziaggpcbgdowmssiasmi/Build/Intermediates.noindex
    export TEMP_SANDBOX_DIR\=/Users/antoniogrillo-balen/Library/Developer/Xcode/DerivedData/risebysolis-gzfsziqwziaggpcbgdowmssiasmi/Build/Intermediates.noindex/TemporaryTaskSandboxes
    export TEST_FRAMEWORK_SEARCH_PATHS\=\ /Applications/Xcode.app/Contents/Developer/Platforms/iPhoneSimulator.platform/Developer/Library/Frameworks\ /Applications/Xcode.app/Contents/Developer/Platforms/iPhoneSimulator.platform/Developer/SDKs/iPhoneSimulator26.5.sdk/Developer/Library/Frameworks
    export TEST_LIBRARY_SEARCH_PATHS\=\ /Applications/Xcode.app/Contents/Developer/Platforms/iPhoneSimulator.platform/Developer/usr/lib
    export TOOLCHAINS\=com.apple.dt.toolchain.XcodeDefault
    export TOOLCHAIN_DIR\=/Applications/Xcode.app/Contents/Developer/Toolchains/XcodeDefault.xctoolchain
    export TREAT_MISSING_BASELINES_AS_TEST_FAILURES\=NO
    export TREAT_MISSING_SCRIPT_PHASE_OUTPUTS_AS_ERRORS\=NO
    export TeamIdentifierPrefix\=FAKETEAMID.
    export UID\=501
    export UNINSTALLED_PRODUCTS_DIR\=/Users/antoniogrillo-balen/Library/Developer/Xcode/DerivedData/risebysolis-gzfsziqwziaggpcbgdowmssiasmi/Build/Intermediates.noindex/UninstalledProducts
    export UNLOCALIZED_RESOURCES_FOLDER_PATH\=ReactCommon.framework
    export UNLOCALIZED_RESOURCES_FOLDER_PATH_SHALLOW_BUNDLE_NO\=ReactCommon.framework/Resources
    export UNLOCALIZED_RESOURCES_FOLDER_PATH_SHALLOW_BUNDLE_YES\=ReactCommon.framework
    export UNSTRIPPED_PRODUCT\=NO
    export USER\=antoniogrillo-balen
    export USER_APPS_DIR\=/Users/antoniogrillo-balen/Applications
    export USER_LIBRARY_DIR\=/Users/antoniogrillo-balen/Library
    export USE_DYNAMIC_NO_PIC\=YES
    export USE_HEADERMAP\=YES
    export USE_HEADER_SYMLINKS\=NO
    export USE_HERMES\=true
    export USE_RECURSIVE_SCRIPT_INPUTS_IN_SCRIPT_PHASES\=YES
    export VALIDATE_DEVELOPMENT_ASSET_PATHS\=YES_ERROR
    export VALIDATE_PRODUCT\=NO
    export VALID_ARCHS\=arm64\ x86_64
    export VERBOSE_PBXCP\=NO
    export VERSIONING_SYSTEM\=apple-generic
    export VERSIONPLIST_PATH\=ReactCommon.framework/version.plist
    export VERSIONS_FOLDER_PATH\=ReactCommon.framework
    export VERSIONS_FOLDER_PATH_SHALLOW_BUNDLE_NO\=ReactCommon.framework/Versions
    export VERSIONS_FOLDER_PATH_SHALLOW_BUNDLE_YES\=ReactCommon.framework
    export VERSION_INFO_BUILDER\=antoniogrillo-balen
    export VERSION_INFO_FILE\=ReactCommon_vers.c
    export VERSION_INFO_STRING\=\"@\(\#\)PROGRAM:ReactCommon\ \ PROJECT:Pods-1\"
    export WORKSPACE_DIR\=/Users/antoniogrillo-balen/Desktop/Projects/RiseBuild/ios
    export WRAPPER_EXTENSION\=framework
    export WRAPPER_NAME\=ReactCommon.framework
    export WRAPPER_SUFFIX\=.framework
    export WRAP_ASSET_PACKS_IN_SEPARATE_DIRECTORIES\=NO
    export XCODE_APP_SUPPORT_DIR\=/Applications/Xcode.app/Contents/Developer/Library/Xcode
    export XCODE_PRODUCT_BUILD_VERSION\=17F42
    export XCODE_VERSION_ACTUAL\=2650
    export XCODE_VERSION_MAJOR\=2600
    export XCODE_VERSION_MINOR\=2650
    export XPCSERVICES_FOLDER_PATH\=ReactCommon.framework/XPCServices
    export YACC\=yacc
    export _DISCOVER_COMMAND_LINE_LINKER_INPUTS\=YES
    export _DISCOVER_COMMAND_LINE_LINKER_INPUTS_INCLUDE_WL\=YES
    export _LD_MULTIARCH\=YES
    export _WRAPPER_CONTENTS_DIR_SHALLOW_BUNDLE_NO\=/Contents
    export _WRAPPER_PARENT_PATH_SHALLOW_BUNDLE_NO\=/..
    export _WRAPPER_RESOURCES_DIR_SHALLOW_BUNDLE_NO\=/Resources
    export __DIAGNOSE_DEPRECATED_ARCHS\=YES
    export __ORIGINAL_SDK_DEFINED_LLVM_TARGET_TRIPLE_SYS\=ios
    export arch\=undefined_arch
    export variant\=normal
    /bin/sh -c /Users/antoniogrillo-balen/Library/Developer/Xcode/DerivedData/risebysolis-gzfsziqwziaggpcbgdowmssiasmi/Build/Intermediates.noindex/Pods.build/Debug-iphonesimulator/ReactCommon.build/Script-46EB2E0002E110.sh

warning: Run script build phase 'Create Symlinks to Header Folders' will be run during every build because it does not specify any outputs. To address this issue, either add output dependencies to the script phase, or configure it to run in every build by unchecking "Based on dependency analysis" in the script phase. (in target 'React-Fabric' from project 'Pods')
warning: Run script build phase '[CP-User] [RN]Check rncore' will be run during every build because it does not specify any outputs. To address this issue, either add output dependencies to the script phase, or configure it to run in every build by unchecking "Based on dependency analysis" in the script phase. (in target 'React-Fabric' from project 'Pods')
PhaseScriptExecution [CP-User]\ [RN]Check\ rncore /Users/antoniogrillo-balen/Library/Developer/Xcode/DerivedData/risebysolis-gzfsziqwziaggpcbgdowmssiasmi/Build/Intermediates.noindex/Pods.build/Debug-iphonesimulator/React-Fabric.build/Script-46EB2E00031E80.sh (in target 'React-Fabric' from project 'Pods')
    cd /Users/antoniogrillo-balen/Desktop/Projects/RiseBuild/ios/Pods
    export ACTION\=build
    export AD_HOC_CODE_SIGNING_ALLOWED\=YES
    export ALLOW_BUILD_REQUEST_OVERRIDES\=NO
    export ALLOW_TARGET_PLATFORM_SPECIALIZATION\=NO
    export ALTERNATE_GROUP\=staff
    export ALTERNATE_MODE\=u+w,go-w,a+rX
    export ALTERNATE_OWNER\=antoniogrillo-balen
    export ALTERNATIVE_DISTRIBUTION_WEB\=NO
    export ALWAYS_EMBED_SWIFT_STANDARD_LIBRARIES\=NO
    export ALWAYS_SEARCH_USER_PATHS\=NO
    export ALWAYS_USE_SEPARATE_HEADERMAPS\=NO
    export APPLICATION_EXTENSION_API_ONLY\=NO
    export APPLY_RULES_IN_COPY_FILES\=NO
    export APPLY_RULES_IN_COPY_HEADERS\=NO
    export APP_SHORTCUTS_ENABLE_FLEXIBLE_MATCHING\=YES
    export ARCHS\=arm64
    export ARCHS_BASE\=arm64
    export ARCHS_STANDARD\=arm64\ x86_64
    export ARCHS_STANDARD_32_64_BIT\=arm64\ x86_64
    export ARCHS_STANDARD_64_BIT\=arm64\ x86_64
    export ARCHS_STANDARD_INCLUDING_64_BIT\=arm64\ x86_64
    export ARCHS_UNIVERSAL_IPHONE_OS\=arm64\ x86_64
    export ASSETCATALOG_FILTER_FOR_DEVICE_MODEL\=iPhone16,2
    export ASSETCATALOG_FILTER_FOR_DEVICE_OS_VERSION\=26.4.1
    export ASSETCATALOG_FILTER_FOR_THINNING_DEVICE_CONFIGURATION\=iPhone16,2
    export AUTOMATICALLY_MERGE_DEPENDENCIES\=NO
    export AUTOMATION_APPLE_EVENTS\=NO
    export AVAILABLE_PLATFORMS\=android\ appletvos\ appletvsimulator\ driverkit\ freebsd\ iphoneos\ iphonesimulator\ linux\ macosx\ none\ openbsd\ qnx\ watchos\ watchsimulator\ webassembly\ xros\ xrsimulator
    export AppIdentifierPrefix\=FAKETEAMID.
    export BUILD_ACTIVE_RESOURCES_ONLY\=YES
    export BUILD_COMPONENTS\=headers\ build
    export BUILD_DIR\=/Users/antoniogrillo-balen/Library/Developer/Xcode/DerivedData/risebysolis-gzfsziqwziaggpcbgdowmssiasmi/Build/Products
    export BUILD_LIBRARY_FOR_DISTRIBUTION\=NO
    export BUILD_ONLY_KNOWN_LOCALIZATIONS\=NO
    export BUILD_ROOT\=/Users/antoniogrillo-balen/Library/Developer/Xcode/DerivedData/risebysolis-gzfsziqwziaggpcbgdowmssiasmi/Build/Products
    export BUILD_STYLE\=
    export BUILD_VARIANTS\=normal
    export BUILT_PRODUCTS_DIR\=/Users/antoniogrillo-balen/Library/Developer/Xcode/DerivedData/risebysolis-gzfsziqwziaggpcbgdowmssiasmi/Build/Products/Debug-iphonesimulator/React-Fabric
    export BUNDLE_CONTENTS_FOLDER_PATH_deep\=Contents/
    export BUNDLE_EXECUTABLE_FOLDER_NAME_deep\=MacOS
    export BUNDLE_EXTENSIONS_FOLDER_PATH\=Extensions
    export BUNDLE_FORMAT\=shallow
    export BUNDLE_FRAMEWORKS_FOLDER_PATH\=Frameworks
    export BUNDLE_PLUGINS_FOLDER_PATH\=PlugIns
    export BUNDLE_PRIVATE_HEADERS_FOLDER_PATH\=PrivateHeaders
    export BUNDLE_PUBLIC_HEADERS_FOLDER_PATH\=Headers
    export CACHE_ROOT\=/var/folders/2z/jtlqylkx0c709j3xb7b0g4cm0000gn/C/com.apple.DeveloperTools/26.5-17F42/Xcode
    export CCHROOT\=/var/folders/2z/jtlqylkx0c709j3xb7b0g4cm0000gn/C/com.apple.DeveloperTools/26.5-17F42/Xcode
    export CHMOD\=/bin/chmod
    export CHOWN\=chown
    export CLANG_ANALYZER_LOCALIZABILITY_NONLOCALIZED\=YES
    export CLANG_ANALYZER_NONNULL\=YES
    export CLANG_ANALYZER_NUMBER_OBJECT_CONVERSION\=YES_AGGRESSIVE
    export CLANG_CACHE_FINE_GRAINED_OUTPUTS\=YES
    export CLANG_CXX_LANGUAGE_STANDARD\=c++20
    export CLANG_CXX_LIBRARY\=libc++
    export CLANG_ENABLE_EXPLICIT_MODULES\=YES
    export CLANG_ENABLE_MODULES\=YES
    export CLANG_ENABLE_OBJC_ARC\=YES
    export CLANG_ENABLE_OBJC_WEAK\=NO
    export CLANG_MODULES_BUILD_SESSION_FILE\=/Users/antoniogrillo-balen/Library/Developer/Xcode/DerivedData/ModuleCache.noindex/Session.modulevalidation
    export CLANG_WARN_BLOCK_CAPTURE_AUTORELEASING\=YES
    export CLANG_WARN_BOOL_CONVERSION\=YES
    export CLANG_WARN_COMMA\=YES
    export CLANG_WARN_CONSTANT_CONVERSION\=YES
    export CLANG_WARN_DEPRECATED_OBJC_IMPLEMENTATIONS\=YES
    export CLANG_WARN_DIRECT_OBJC_ISA_USAGE\=YES_ERROR
    export CLANG_WARN_DOCUMENTATION_COMMENTS\=YES
    export CLANG_WARN_EMPTY_BODY\=YES
    export CLANG_WARN_ENUM_CONVERSION\=YES
    export CLANG_WARN_INFINITE_RECURSION\=YES
    export CLANG_WARN_INT_CONVERSION\=YES
    export CLANG_WARN_NON_LITERAL_NULL_CONVERSION\=YES
    export CLANG_WARN_OBJC_IMPLICIT_RETAIN_SELF\=YES
    export CLANG_WARN_OBJC_LITERAL_CONVERSION\=YES
    export CLANG_WARN_OBJC_ROOT_CLASS\=YES_ERROR
    export CLANG_WARN_QUOTED_INCLUDE_IN_FRAMEWORK_HEADER\=NO
    export CLANG_WARN_RANGE_LOOP_ANALYSIS\=YES
    export CLANG_WARN_STRICT_PROTOTYPES\=YES
    export CLANG_WARN_SUSPICIOUS_MOVE\=YES
    export CLANG_WARN_UNGUARDED_AVAILABILITY\=YES_AGGRESSIVE
    export CLANG_WARN_UNREACHABLE_CODE\=YES
    export CLANG_WARN__DUPLICATE_METHOD_MATCH\=YES
    export CLASS_FILE_DIR\=/Users/antoniogrillo-balen/Library/Developer/Xcode/DerivedData/risebysolis-gzfsziqwziaggpcbgdowmssiasmi/Build/Intermediates.noindex/Pods.build/Debug-iphonesimulator/React-Fabric.build/JavaClasses
    export CLEAN_PRECOMPS\=YES
    export CLONE_HEADERS\=NO
    export CODESIGNING_FOLDER_PATH\=/Users/antoniogrillo-balen/Library/Developer/Xcode/DerivedData/risebysolis-gzfsziqwziaggpcbgdowmssiasmi/Build/Products/Debug-iphonesimulator/React-Fabric/React_Fabric.framework
    export CODE_SIGNING_ALLOWED\=YES
    export CODE_SIGNING_REQUIRED\=NO
    export CODE_SIGNING_REQUIRES_TEAM\=YES
    export CODE_SIGN_CONTEXT_CLASS\=XCiPhoneSimulatorCodeSignContext
    export CODE_SIGN_IDENTITY\=-
    export CODE_SIGN_INJECT_BASE_ENTITLEMENTS\=YES
    export COLOR_DIAGNOSTICS\=NO
    export COMBINE_HIDPI_IMAGES\=NO
    export COMPILATION_CACHE_CAS_PATH\=/Users/antoniogrillo-balen/Library/Developer/Xcode/DerivedData/CompilationCache.noindex
    export COMPILATION_CACHE_KEEP_CAS_DIRECTORY\=YES
    export COMPILER_INDEX_STORE_ENABLE\=Default
    export COMPOSITE_SDK_DIRS\=/Users/antoniogrillo-balen/Library/Developer/Xcode/DerivedData/risebysolis-gzfsziqwziaggpcbgdowmssiasmi/Build/Intermediates.noindex/CompositeSDKs
    export COMPRESS_PNG_FILES\=YES
    export CONFIGURATION\=Debug
    export CONFIGURATION_BUILD_DIR\=/Users/antoniogrillo-balen/Library/Developer/Xcode/DerivedData/risebysolis-gzfsziqwziaggpcbgdowmssiasmi/Build/Products/Debug-iphonesimulator/React-Fabric
    export CONFIGURATION_TEMP_DIR\=/Users/antoniogrillo-balen/Library/Developer/Xcode/DerivedData/risebysolis-gzfsziqwziaggpcbgdowmssiasmi/Build/Intermediates.noindex/Pods.build/Debug-iphonesimulator
    export CONTENTS_FOLDER_PATH\=React_Fabric.framework
    export CONTENTS_FOLDER_PATH_SHALLOW_BUNDLE_NO\=React_Fabric.framework/A
    export CONTENTS_FOLDER_PATH_SHALLOW_BUNDLE_YES\=React_Fabric.framework
    export COPYING_PRESERVES_HFS_DATA\=NO
    export COPY_HEADERS_RUN_UNIFDEF\=NO
    export COPY_PHASE_STRIP\=NO
    export CORRESPONDING_DEVICE_PLATFORM_DIR\=/Applications/Xcode.app/Contents/Developer/Platforms/iPhoneOS.platform
    export CORRESPONDING_DEVICE_PLATFORM_NAME\=iphoneos
    export CORRESPONDING_DEVICE_SDK_DIR\=/Applications/Xcode.app/Contents/Developer/Platforms/iPhoneOS.platform/Developer/SDKs/iPhoneOS26.5.sdk
    export CORRESPONDING_DEVICE_SDK_NAME\=iphoneos26.5
    export CP\=/bin/cp
    export CREATE_INFOPLIST_SECTION_IN_BINARY\=NO
    export CURRENT_ARCH\=undefined_arch
    export CURRENT_PROJECT_VERSION\=1
    export CURRENT_VARIANT\=normal
    export CURRENT_VERSION\=Current
    export DEAD_CODE_STRIPPING\=YES
    export DEBUGGING_SYMBOLS\=YES
    export DEBUG_INFORMATION_FORMAT\=dwarf
    export DEBUG_INFORMATION_VERSION\=compiler-default
    export DEFAULT_COMPILER\=com.apple.compilers.llvm.clang.1_0
    export DEFAULT_DEXT_INSTALL_PATH\=/System/Library/DriverExtensions
    export DEFAULT_KEXT_INSTALL_PATH\=/System/Library/Extensions
    export DEFINES_MODULE\=YES
    export DEPLOYMENT_LOCATION\=NO
    export DEPLOYMENT_POSTPROCESSING\=NO
    export DEPLOYMENT_TARGET_SETTING_NAME\=IPHONEOS_DEPLOYMENT_TARGET
    export DEPLOYMENT_TARGET_SUGGESTED_VALUES\=12.0\ 12.1\ 12.2\ 12.3\ 12.4\ 13.0\ 13.1\ 13.2\ 13.3\ 13.4\ 13.5\ 13.6\ 14.0\ 14.1\ 14.2\ 14.3\ 14.4\ 14.5\ 14.6\ 14.7\ 15.0\ 15.1\ 15.2\ 15.3\ 15.4\ 15.5\ 15.6\ 16.0\ 16.1\ 16.2\ 16.3\ 16.4\ 16.5\ 16.6\ 17.0\ 17.1\ 17.2\ 17.3\ 17.4\ 17.5\ 17.6\ 18.0\ 18.1\ 18.2\ 18.3\ 18.4\ 18.5\ 18.6\ 26.0\ 26.2\ 26.3\ 26.4\ 26.5
    export DERIVED_FILES_DIR\=/Users/antoniogrillo-balen/Library/Developer/Xcode/DerivedData/risebysolis-gzfsziqwziaggpcbgdowmssiasmi/Build/Intermediates.noindex/Pods.build/Debug-iphonesimulator/React-Fabric.build/DerivedSources
    export DERIVED_FILE_DIR\=/Users/antoniogrillo-balen/Library/Developer/Xcode/DerivedData/risebysolis-gzfsziqwziaggpcbgdowmssiasmi/Build/Intermediates.noindex/Pods.build/Debug-iphonesimulator/React-Fabric.build/DerivedSources
    export DERIVED_SOURCES_DIR\=/Users/antoniogrillo-balen/Library/Developer/Xcode/DerivedData/risebysolis-gzfsziqwziaggpcbgdowmssiasmi/Build/Intermediates.noindex/Pods.build/Debug-iphonesimulator/React-Fabric.build/DerivedSources
    export DEVELOPER_APPLICATIONS_DIR\=/Applications/Xcode.app/Contents/Developer/Applications
    export DEVELOPER_BIN_DIR\=/Applications/Xcode.app/Contents/Developer/usr/bin
    export DEVELOPER_DIR\=/Applications/Xcode.app/Contents/Developer
    export DEVELOPER_FRAMEWORKS_DIR\=/Applications/Xcode.app/Contents/Developer/Library/Frameworks
    export DEVELOPER_FRAMEWORKS_DIR_QUOTED\=/Applications/Xcode.app/Contents/Developer/Library/Frameworks
    export DEVELOPER_LIBRARY_DIR\=/Applications/Xcode.app/Contents/Developer/Library
    export DEVELOPER_SDK_DIR\=/Applications/Xcode.app/Contents/Developer/Platforms/MacOSX.platform/Developer/SDKs
    export DEVELOPER_TOOLS_DIR\=/Applications/Xcode.app/Contents/Developer/Tools
    export DEVELOPER_USR_DIR\=/Applications/Xcode.app/Contents/Developer/usr
    export DEVELOPMENT_LANGUAGE\=en
    export DIAGNOSE_MISSING_TARGET_DEPENDENCIES\=YES
    export DIFF\=/usr/bin/diff
    export DOCUMENTATION_FOLDER_PATH\=React_Fabric.framework/en.lproj/Documentation
    export DONT_GENERATE_INFOPLIST_FILE\=NO
    export DSTROOT\=/tmp/Pods.dst
    export DT_TOOLCHAIN_DIR\=/Applications/Xcode.app/Contents/Developer/Toolchains/XcodeDefault.xctoolchain
    export DUMP_DEPENDENCIES\=NO
    export DUMP_DEPENDENCIES_OUTPUT_PATH\=/Users/antoniogrillo-balen/Library/Developer/Xcode/DerivedData/risebysolis-gzfsziqwziaggpcbgdowmssiasmi/Build/Intermediates.noindex/Pods.build/Debug-iphonesimulator/React-Fabric.build/React-Fabric-BuildDependencyInfo.json
    export DWARF_DSYM_FILE_NAME\=React_Fabric.framework.dSYM
    export DWARF_DSYM_FILE_SHOULD_ACCOMPANY_PRODUCT\=NO
    export DWARF_DSYM_FOLDER_PATH\=/Users/antoniogrillo-balen/Library/Developer/Xcode/DerivedData/risebysolis-gzfsziqwziaggpcbgdowmssiasmi/Build/Products/Debug-iphonesimulator/React-Fabric
    export DYLIB_COMPATIBILITY_VERSION\=1
    export DYLIB_CURRENT_VERSION\=1
    export DYLIB_INSTALL_NAME_BASE\=@rpath
    export DYNAMIC_LIBRARY_EXTENSION\=dylib
    export EAGER_COMPILATION_ALLOW_SCRIPTS\=NO
    export EAGER_LINKING\=NO
    export EFFECTIVE_PLATFORM_NAME\=-iphonesimulator
    export EFFECTIVE_SWIFT_VERSION\=5
    export EMBEDDED_CONTENT_CONTAINS_SWIFT\=NO
    export EMBED_ASSET_PACKS_IN_PRODUCT_BUNDLE\=NO
    export ENABLE_APP_SANDBOX\=NO
    export ENABLE_CODE_COVERAGE\=YES
    export ENABLE_COHORT_ARCHS\=NO
    export ENABLE_CPLUSPLUS_BOUNDS_SAFE_BUFFERS\=NO
    export ENABLE_C_BOUNDS_SAFETY\=NO
    export ENABLE_DEFAULT_HEADER_SEARCH_PATHS\=YES
    export ENABLE_DEFAULT_SEARCH_PATHS\=YES
    export ENABLE_ENHANCED_SECURITY\=NO
    export ENABLE_HARDENED_RUNTIME\=NO
    export ENABLE_HEADER_DEPENDENCIES\=YES
    export ENABLE_INCOMING_NETWORK_CONNECTIONS\=NO
    export ENABLE_MODULE_VERIFIER\=NO
    export ENABLE_ON_DEMAND_RESOURCES\=NO
    export ENABLE_OUTGOING_NETWORK_CONNECTIONS\=NO
    export ENABLE_POINTER_AUTHENTICATION\=NO
    export ENABLE_PREVIEWS\=NO
    export ENABLE_RESOURCE_ACCESS_AUDIO_INPUT\=NO
    export ENABLE_RESOURCE_ACCESS_BLUETOOTH\=NO
    export ENABLE_RESOURCE_ACCESS_CALENDARS\=NO
    export ENABLE_RESOURCE_ACCESS_CAMERA\=NO
    export ENABLE_RESOURCE_ACCESS_CONTACTS\=NO
    export ENABLE_RESOURCE_ACCESS_LOCATION\=NO
    export ENABLE_RESOURCE_ACCESS_PHOTO_LIBRARY\=NO
    export ENABLE_RESOURCE_ACCESS_PRINTING\=NO
    export ENABLE_RESOURCE_ACCESS_USB\=NO
    export ENABLE_SDK_IMPORTS\=NO
    export ENABLE_SECURITY_COMPILER_WARNINGS\=NO
    export ENABLE_STRICT_OBJC_MSGSEND\=YES
    export ENABLE_TESTABILITY\=YES
    export ENABLE_TESTING_SEARCH_PATHS\=NO
    export ENABLE_USER_SCRIPT_SANDBOXING\=NO
    export ENABLE_XOJIT_PREVIEWS\=YES
    export ENFORCE_VALID_ARCHS\=YES
    export ENTITLEMENTS_DESTINATION\=__entitlements
    export ENTITLEMENTS_REQUIRED\=NO
    export EXCLUDED_INSTALLSRC_SUBDIRECTORY_PATTERNS\=.DS_Store\ .svn\ .git\ .hg\ CVS
    export EXCLUDED_RECURSIVE_SEARCH_PATH_SUBDIRECTORIES\=\*.nib\ \*.lproj\ \*.framework\ \*.gch\ \*.xcode\*\ \*.xcassets\ \*.icon\ \(\*\)\ .DS_Store\ CVS\ .svn\ .git\ .hg\ \*.pbproj\ \*.pbxproj
    export EXECUTABLES_FOLDER_PATH\=React_Fabric.framework/en.lproj
    export EXECUTABLE_FOLDER_PATH\=React_Fabric.framework
    export EXECUTABLE_FOLDER_PATH_SHALLOW_BUNDLE_NO\=React_Fabric.framework
    export EXECUTABLE_FOLDER_PATH_SHALLOW_BUNDLE_YES\=React_Fabric.framework
    export EXECUTABLE_NAME\=React_Fabric
    export EXECUTABLE_PATH\=React_Fabric.framework/React_Fabric
    export EXPANDED_CODE_SIGN_IDENTITY\=-
    export EXPANDED_CODE_SIGN_IDENTITY_NAME\=Sign\ to\ Run\ Locally
    export EXTENSIONS_FOLDER_PATH\=React_Fabric.framework/Extensions
    export FILE_LIST\=/Users/antoniogrillo-balen/Library/Developer/Xcode/DerivedData/risebysolis-gzfsziqwziaggpcbgdowmssiasmi/Build/Intermediates.noindex/Pods.build/Debug-iphonesimulator/React-Fabric.build/Objects/LinkFileList
    export FIXED_FILES_DIR\=/Users/antoniogrillo-balen/Library/Developer/Xcode/DerivedData/risebysolis-gzfsziqwziaggpcbgdowmssiasmi/Build/Intermediates.noindex/Pods.build/Debug-iphonesimulator/React-Fabric.build/FixedFiles
    export FRAMEWORKS_FOLDER_PATH\=React_Fabric.framework/Frameworks
    export FRAMEWORK_FLAG_PREFIX\=-framework
    export FRAMEWORK_SEARCH_PATHS\=/Users/antoniogrillo-balen/Library/Developer/Xcode/DerivedData/risebysolis-gzfsziqwziaggpcbgdowmssiasmi/Build/Products/Debug-iphonesimulator/React-Fabric\ \ \"/Users/antoniogrillo-balen/Library/Developer/Xcode/DerivedData/risebysolis-gzfsziqwziaggpcbgdowmssiasmi/Build/Products/Debug-iphonesimulator/DoubleConversion\"\ \"/Users/antoniogrillo-balen/Library/Developer/Xcode/DerivedData/risebysolis-gzfsziqwziaggpcbgdowmssiasmi/Build/Products/Debug-iphonesimulator/RCT-Folly\"\ \"/Users/antoniogrillo-balen/Library/Developer/Xcode/DerivedData/risebysolis-gzfsziqwziaggpcbgdowmssiasmi/Build/Products/Debug-iphonesimulator/RCTDeprecation\"\ \"/Users/antoniogrillo-balen/Library/Developer/Xcode/DerivedData/risebysolis-gzfsziqwziaggpcbgdowmssiasmi/Build/Products/Debug-iphonesimulator/RCTTypeSafety\"\ \"/Users/antoniogrillo-balen/Library/Developer/Xcode/DerivedData/risebysolis-gzfsziqwziaggpcbgdowmssiasmi/Build/Products/Debug-iphonesimulator/React-Core\"\ \"/Users/antoniogrillo-balen/Library/Developer/Xcode/DerivedData/risebysolis-gzfsziqwziaggpcbgdowmssiasmi/Build/Products/Debug-iphonesimulator/React-cxxreact\"\ \"/Users/antoniogrillo-balen/Library/Developer/Xcode/DerivedData/risebysolis-gzfsziqwziaggpcbgdowmssiasmi/Build/Products/Debug-iphonesimulator/React-debug\"\ \"/Users/antoniogrillo-balen/Library/Developer/Xcode/DerivedData/risebysolis-gzfsziqwziaggpcbgdowmssiasmi/Build/Products/Debug-iphonesimulator/React-featureflags\"\ \"/Users/antoniogrillo-balen/Library/Developer/Xcode/DerivedData/risebysolis-gzfsziqwziaggpcbgdowmssiasmi/Build/Products/Debug-iphonesimulator/React-graphics\"\ \"/Users/antoniogrillo-balen/Library/Developer/Xcode/DerivedData/risebysolis-gzfsziqwziaggpcbgdowmssiasmi/Build/Products/Debug-iphonesimulator/React-hermes\"\ \"/Users/antoniogrillo-balen/Library/Developer/Xcode/DerivedData/risebysolis-gzfsziqwziaggpcbgdowmssiasmi/Build/Products/Debug-iphonesimulator/React-jsi\"\ \"/Users/antoniogrillo-balen/Library/Developer/Xcode/DerivedData/risebysolis-gzfsziqwziaggpcbgdowmssiasmi/Build/Products/Debug-iphonesimulator/React-jsiexecutor\"\ \"/Users/antoniogrillo-balen/Library/Developer/Xcode/DerivedData/risebysolis-gzfsziqwziaggpcbgdowmssiasmi/Build/Products/Debug-iphonesimulator/React-jsinspector\"\ \"/Users/antoniogrillo-balen/Library/Developer/Xcode/DerivedData/risebysolis-gzfsziqwziaggpcbgdowmssiasmi/Build/Products/Debug-iphonesimulator/React-logger\"\ \"/Users/antoniogrillo-balen/Library/Developer/Xcode/DerivedData/risebysolis-gzfsziqwziaggpcbgdowmssiasmi/Build/Products/Debug-iphonesimulator/React-perflogger\"\ \"/Users/antoniogrillo-balen/Library/Developer/Xcode/DerivedData/risebysolis-gzfsziqwziaggpcbgdowmssiasmi/Build/Products/Debug-iphonesimulator/React-performancetimeline\"\ \"/Users/antoniogrillo-balen/Library/Developer/Xcode/DerivedData/risebysolis-gzfsziqwziaggpcbgdowmssiasmi/Build/Products/Debug-iphonesimulator/React-rendererconsistency\"\ \"/Users/antoniogrillo-balen/Library/Developer/Xcode/DerivedData/risebysolis-gzfsziqwziaggpcbgdowmssiasmi/Build/Products/Debug-iphonesimulator/React-rendererdebug\"\ \"/Users/antoniogrillo-balen/Library/Developer/Xcode/DerivedData/risebysolis-gzfsziqwziaggpcbgdowmssiasmi/Build/Products/Debug-iphonesimulator/React-runtimescheduler\"\ \"/Users/antoniogrillo-balen/Library/Developer/Xcode/DerivedData/risebysolis-gzfsziqwziaggpcbgdowmssiasmi/Build/Products/Debug-iphonesimulator/React-utils\"\ \"/Users/antoniogrillo-balen/Library/Developer/Xcode/DerivedData/risebysolis-gzfsziqwziaggpcbgdowmssiasmi/Build/Products/Debug-iphonesimulator/ReactCommon\"\ \"/Users/antoniogrillo-balen/Library/Developer/Xcode/DerivedData/risebysolis-gzfsziqwziaggpcbgdowmssiasmi/Build/Products/Debug-iphonesimulator/SocketRocket\"\ \"/Users/antoniogrillo-balen/Library/Developer/Xcode/DerivedData/risebysolis-gzfsziqwziaggpcbgdowmssiasmi/Build/Products/Debug-iphonesimulator/Yoga\"\ \"/Users/antoniogrillo-balen/Library/Developer/Xcode/DerivedData/risebysolis-gzfsziqwziaggpcbgdowmssiasmi/Build/Products/Debug-iphonesimulator/fmt\"\ \"/Users/antoniogrillo-balen/Library/Developer/Xcode/DerivedData/risebysolis-gzfsziqwziaggpcbgdowmssiasmi/Build/Products/Debug-iphonesimulator/glog\"\ \"/Users/antoniogrillo-balen/Desktop/Projects/RiseBuild/ios/Pods/hermes-engine/destroot/Library/Frameworks/universal\"\ \"/Users/antoniogrillo-balen/Library/Developer/Xcode/DerivedData/risebysolis-gzfsziqwziaggpcbgdowmssiasmi/Build/Products/Debug-iphonesimulator/XCFrameworkIntermediates/hermes-engine/Pre-built\"
    export FRAMEWORK_VERSION\=A
    export FULL_PRODUCT_NAME\=React_Fabric.framework
    export FUSE_BUILD_PHASES\=YES
    export FUSE_BUILD_SCRIPT_PHASES\=NO
    export GCC3_VERSION\=3.3
    export GCC_C_LANGUAGE_STANDARD\=gnu11
    export GCC_DYNAMIC_NO_PIC\=NO
    export GCC_INLINES_ARE_PRIVATE_EXTERN\=YES
    export GCC_NO_COMMON_BLOCKS\=YES
    export GCC_OBJC_LEGACY_DISPATCH\=YES
    export GCC_OPTIMIZATION_LEVEL\=0
    export GCC_PFE_FILE_C_DIALECTS\=c\ objective-c\ c++\ objective-c++
    export GCC_PREFIX_HEADER\=Target\ Support\ Files/React-Fabric/React-Fabric-prefix.pch
    export GCC_PREPROCESSOR_DEFINITIONS\=POD_CONFIGURATION_DEBUG\=1\ DEBUG\=1\ \ COCOAPODS\=1
    export GCC_TREAT_WARNINGS_AS_ERRORS\=NO
    export GCC_VERSION\=com.apple.compilers.llvm.clang.1_0
    export GCC_VERSION_IDENTIFIER\=com_apple_compilers_llvm_clang_1_0
    export GCC_WARN_64_TO_32_BIT_CONVERSION\=YES
    export GCC_WARN_ABOUT_RETURN_TYPE\=YES_ERROR
    export GCC_WARN_PEDANTIC\=YES
    export GCC_WARN_UNDECLARED_SELECTOR\=YES
    export GCC_WARN_UNINITIALIZED_AUTOS\=YES_AGGRESSIVE
    export GCC_WARN_UNUSED_FUNCTION\=YES
    export GCC_WARN_UNUSED_VARIABLE\=YES
    export GENERATED_MODULEMAP_DIR\=/Users/antoniogrillo-balen/Library/Developer/Xcode/DerivedData/risebysolis-gzfsziqwziaggpcbgdowmssiasmi/Build/Intermediates.noindex/GeneratedModuleMaps-iphonesimulator
    export GENERATE_INFOPLIST_FILE\=NO
    export GENERATE_INTERMEDIATE_TEXT_BASED_STUBS\=YES
    export GENERATE_PKGINFO_FILE\=NO
    export GENERATE_PRELINK_OBJECT_FILE\=NO
    export GENERATE_PROFILING_CODE\=NO
    export GENERATE_TEXT_BASED_STUBS\=NO
    export GID\=20
    export GROUP\=staff
    export HEADERMAP_INCLUDES_FLAT_ENTRIES_FOR_TARGET_BEING_BUILT\=YES
    export HEADERMAP_INCLUDES_FRAMEWORK_ENTRIES_FOR_ALL_PRODUCT_TYPES\=YES
    export HEADERMAP_INCLUDES_FRAMEWORK_ENTRIES_FOR_TARGETS_NOT_BEING_BUILT\=YES
    export HEADERMAP_INCLUDES_NONPUBLIC_NONPRIVATE_HEADERS\=YES
    export HEADERMAP_INCLUDES_PROJECT_HEADERS\=YES
    export HEADERMAP_USES_FRAMEWORK_PREFIX_ENTRIES\=YES
    export HEADERMAP_USES_VFS\=YES
    export HEADER_SEARCH_PATHS\=/Users/antoniogrillo-balen/Library/Developer/Xcode/DerivedData/risebysolis-gzfsziqwziaggpcbgdowmssiasmi/Build/Products/Debug-iphonesimulator/React-Fabric/include\ \ /Users/antoniogrillo-balen/Library/Developer/Xcode/DerivedData/risebysolis-gzfsziqwziaggpcbgdowmssiasmi/Build/Products/Debug-iphonesimulator/ReactCommon/ReactCommon.framework/Headers\ /Users/antoniogrillo-balen/Library/Developer/Xcode/DerivedData/risebysolis-gzfsziqwziaggpcbgdowmssiasmi/Build/Products/Debug-iphonesimulator/ReactCommon/ReactCommon.framework/Headers/react/nativemodule/core\ /Users/antoniogrillo-balen/Library/Developer/Xcode/DerivedData/risebysolis-gzfsziqwziaggpcbgdowmssiasmi/Build/Products/Debug-iphonesimulator/ReactCommon-Samples/ReactCommon_Samples.framework/Headers\ /Users/antoniogrillo-balen/Library/Developer/Xcode/DerivedData/risebysolis-gzfsziqwziaggpcbgdowmssiasmi/Build/Products/Debug-iphonesimulator/ReactCommon-Samples/ReactCommon_Samples.framework/Headers/platform/ios\ /Users/antoniogrillo-balen/Library/Developer/Xcode/DerivedData/risebysolis-gzfsziqwziaggpcbgdowmssiasmi/Build/Products/Debug-iphonesimulator/React-Fabric/React_Fabric.framework/Headers/react/renderer/components/view/platform/cxx\ /Users/antoniogrillo-balen/Library/Developer/Xcode/DerivedData/risebysolis-gzfsziqwziaggpcbgdowmssiasmi/Build/Products/Debug-iphonesimulator/React-NativeModulesApple/React_NativeModulesApple.framework/Headers\ /Users/antoniogrillo-balen/Library/Developer/Xcode/DerivedData/risebysolis-gzfsziqwziaggpcbgdowmssiasmi/Build/Products/Debug-iphonesimulator/React-graphics/React_graphics.framework/Headers\ /Users/antoniogrillo-balen/Library/Developer/Xcode/DerivedData/risebysolis-gzfsziqwziaggpcbgdowmssiasmi/Build/Products/Debug-iphonesimulator/React-graphics/React_graphics.framework/Headers/react/renderer/graphics/platform/ios\ \"/Users/antoniogrillo-balen/Desktop/Projects/RiseBuild/ios/Pods/Headers/Public\"\ \"/Users/antoniogrillo-balen/Desktop/Projects/RiseBuild/ios/Pods/Headers/Public/FBLazyVector\"\ \"/Users/antoniogrillo-balen/Desktop/Projects/RiseBuild/ios/Pods/Headers/Public/RCTRequired\"\ \"/Users/antoniogrillo-balen/Desktop/Projects/RiseBuild/ios/Pods/Headers/Public/React-callinvoker\"\ \"/Users/antoniogrillo-balen/Desktop/Projects/RiseBuild/ios/Pods/Headers/Public/React-runtimeexecutor\"\ \"/Users/antoniogrillo-balen/Desktop/Projects/RiseBuild/ios/Pods/Headers/Public/React-timing\"\ \"/Users/antoniogrillo-balen/Desktop/Projects/RiseBuild/ios/Pods/Headers/Public/boost\"\ \"/Users/antoniogrillo-balen/Desktop/Projects/RiseBuild/ios/Pods/Headers/Public/fast_float\"\ \"/Users/antoniogrillo-balen/Desktop/Projects/RiseBuild/ios/Pods/Headers/Public/hermes-engine\"\ \"/Users/antoniogrillo-balen/Library/Developer/Xcode/DerivedData/risebysolis-gzfsziqwziaggpcbgdowmssiasmi/Build/Products/Debug-iphonesimulator/React-rendererdebug/React_rendererdebug.framework/Headers\"\ \"/Users/antoniogrillo-balen/Library/Developer/Xcode/DerivedData/risebysolis-gzfsziqwziaggpcbgdowmssiasmi/Build/Products/Debug-iphonesimulator/React-graphics/React_graphics.framework/Headers\"\ \"/Users/antoniogrillo-balen/Library/Developer/Xcode/DerivedData/risebysolis-gzfsziqwziaggpcbgdowmssiasmi/Build/Products/Debug-iphonesimulator/React-graphics/React_graphics.framework/Headers/react/renderer/graphics/platform/ios\"\ \"/Users/antoniogrillo-balen/Library/Developer/Xcode/DerivedData/risebysolis-gzfsziqwziaggpcbgdowmssiasmi/Build/Products/Debug-iphonesimulator/React-rendererdebug/React_rendererdebug.framework/Headers\"\ \"/Users/antoniogrillo-balen/Library/Developer/Xcode/DerivedData/risebysolis-gzfsziqwziaggpcbgdowmssiasmi/Build/Products/Debug-iphonesimulator/React-graphics/React_graphics.framework/Headers\"\ \"/Users/antoniogrillo-balen/Library/Developer/Xcode/DerivedData/risebysolis-gzfsziqwziaggpcbgdowmssiasmi/Build/Products/Debug-iphonesimulator/React-graphics/React_graphics.framework/Headers/react/renderer/graphics/platform/ios\"\ \"/Users/antoniogrillo-balen/Desktop/Projects/RiseBuild/ios/Pods/Headers/Private/React-Core\"\ \"/Users/antoniogrillo-balen/Library/Developer/Xcode/DerivedData/risebysolis-gzfsziqwziaggpcbgdowmssiasmi/Build/Products/Debug-iphonesimulator/React-rendererdebug/React_rendererdebug.framework/Headers\"\ \"/Users/antoniogrillo-balen/Library/Developer/Xcode/DerivedData/risebysolis-gzfsziqwziaggpcbgdowmssiasmi/Build/Products/Debug-iphonesimulator/React-graphics/React_graphics.framework/Headers\"\ \"/Users/antoniogrillo-balen/Library/Developer/Xcode/DerivedData/risebysolis-gzfsziqwziaggpcbgdowmssiasmi/Build/Products/Debug-iphonesimulator/React-graphics/React_graphics.framework/Headers/react/renderer/graphics/platform/ios\"\ \"/Users/antoniogrillo-balen/Desktop/Projects/RiseBuild/ios/Pods/Headers/Private/Yoga\"\ \"/Users/antoniogrillo-balen/Library/Developer/Xcode/DerivedData/risebysolis-gzfsziqwziaggpcbgdowmssiasmi/Build/Products/Debug-iphonesimulator/React-rendererdebug/React_rendererdebug.framework/Headers\"\ \"/Users/antoniogrillo-balen/Library/Developer/Xcode/DerivedData/risebysolis-gzfsziqwziaggpcbgdowmssiasmi/Build/Products/Debug-iphonesimulator/React-graphics/React_graphics.framework/Headers\"\ \"/Users/antoniogrillo-balen/Library/Developer/Xcode/DerivedData/risebysolis-gzfsziqwziaggpcbgdowmssiasmi/Build/Products/Debug-iphonesimulator/React-graphics/React_graphics.framework/Headers/react/renderer/graphics/platform/ios\"\ \"/Users/antoniogrillo-balen/Desktop/Projects/RiseBuild/ios/Pods/boost\"\ \"/Users/antoniogrillo-balen/Desktop/Projects/RiseBuild/ios/Pods/../../node_modules/react-native/ReactCommon/ReactCommon\"\ \"/Users/antoniogrillo-balen/Desktop/Projects/RiseBuild/ios/Pods/RCT-Folly\"\ \"/Users/antoniogrillo-balen/Desktop/Projects/RiseBuild/ios/Pods/Headers/Private/Yoga\"\ \"/Users/antoniogrillo-balen/Desktop/Projects/RiseBuild/ios/Pods/../../node_modules/react-native/ReactCommon\"\ \"/Users/antoniogrillo-balen/Desktop/Projects/RiseBuild/ios/Pods/DoubleConversion\"\ \"/Users/antoniogrillo-balen/Desktop/Projects/RiseBuild/ios/Pods/fmt/include\"\ \"/Users/antoniogrillo-balen/Desktop/Projects/RiseBuild/ios/Pods/../../node_modules/react-native/ReactCommon/react/renderer/textlayoutmanager/platform/ios\"\ \"/Users/antoniogrillo-balen/Desktop/Projects/RiseBuild/ios/Pods/../../node_modules/react-native/ReactCommon/react/renderer/components/textinput/platform/ios\"\ \"/Users/antoniogrillo-balen/Desktop/Projects/RiseBuild/ios/Pods/../../node_modules/react-native/ReactCommon/react/renderer/components/view/platform/cxx\"
    export HOME\=/Users/antoniogrillo-balen
    export HOST_ARCH\=arm64
    export HOST_PLATFORM\=macosx
    export ICONV\=/usr/bin/iconv
    export IMPLICIT_DEPENDENCY_DOMAIN\=default
    export INDEX_STORE_COMPRESS\=NO
    export INDEX_STORE_ONLY_PROJECT_FILES\=NO
    export INFOPLIST_ENABLE_CFBUNDLEICONS_MERGE\=YES
    export INFOPLIST_EXPAND_BUILD_SETTINGS\=YES
    export INFOPLIST_FILE\=Target\ Support\ Files/React-Fabric/React-Fabric-Info.plist
    export INFOPLIST_OUTPUT_FORMAT\=binary
    export INFOPLIST_PATH\=React_Fabric.framework/Info.plist
    export INFOPLIST_PREPROCESS\=NO
    export INFOSTRINGS_PATH\=React_Fabric.framework/en.lproj/InfoPlist.strings
    export INLINE_PRIVATE_FRAMEWORKS\=NO
    export INSTALLAPI_IGNORE_SKIP_INSTALL\=YES
    export INSTALLHDRS_COPY_PHASE\=NO
    export INSTALLHDRS_SCRIPT_PHASE\=NO
    export INSTALL_DIR\=/tmp/Pods.dst/Library/Frameworks
    export INSTALL_GROUP\=staff
    export INSTALL_MODE_FLAG\=u+w,go-w,a+rX
    export INSTALL_OWNER\=antoniogrillo-balen
    export INSTALL_PATH\=/Library/Frameworks
    export INSTALL_ROOT\=/tmp/Pods.dst
    export IPHONEOS_DEPLOYMENT_TARGET\=15.1
    export IS_UNOPTIMIZED_BUILD\=YES
    export JAVAC_DEFAULT_FLAGS\=-J-Xms64m\ -J-XX:NewSize\=4M\ -J-Dfile.encoding\=UTF8
    export JAVA_APP_STUB\=/System/Library/Frameworks/JavaVM.framework/Resources/MacOS/JavaApplicationStub
    export JAVA_ARCHIVE_CLASSES\=YES
    export JAVA_ARCHIVE_TYPE\=JAR
    export JAVA_COMPILER\=/usr/bin/javac
    export JAVA_FOLDER_PATH\=React_Fabric.framework/Java
    export JAVA_FRAMEWORK_RESOURCES_DIRS\=Resources
    export JAVA_JAR_FLAGS\=cv
    export JAVA_SOURCE_SUBDIR\=.
    export JAVA_USE_DEPENDENCIES\=YES
    export JAVA_ZIP_FLAGS\=-urg
    export JIKES_DEFAULT_FLAGS\=+E\ +OLDCSO
    export KEEP_PRIVATE_EXTERNS\=NO
    export LD_DEPENDENCY_INFO_FILE\=/Users/antoniogrillo-balen/Library/Developer/Xcode/DerivedData/risebysolis-gzfsziqwziaggpcbgdowmssiasmi/Build/Intermediates.noindex/Pods.build/Debug-iphonesimulator/React-Fabric.build/Objects-normal/undefined_arch/React_Fabric_dependency_info.dat
    export LD_DYLIB_INSTALL_NAME\=@rpath/React_Fabric.framework/React_Fabric
    export LD_EXPORT_SYMBOLS\=YES
    export LD_GENERATE_MAP_FILE\=NO
    export LD_MAP_FILE_PATH\=/Users/antoniogrillo-balen/Library/Developer/Xcode/DerivedData/risebysolis-gzfsziqwziaggpcbgdowmssiasmi/Build/Intermediates.noindex/Pods.build/Debug-iphonesimulator/React-Fabric.build/React_Fabric-LinkMap-normal-undefined_arch.txt
    export LD_NO_PIE\=NO
    export LD_QUOTE_LINKER_ARGUMENTS_FOR_COMPILER_DRIVER\=YES
    export LD_RUNPATH_SEARCH_PATHS\=\ @executable_path/Frameworks\ @loader_path/Frameworks
    export LD_SHARED_CACHE_ELIGIBLE\=Automatic
    export LD_WARN_DUPLICATE_LIBRARIES\=NO
    export LD_WARN_UNUSED_DYLIBS\=NO
    export LEGACY_DEVELOPER_DIR\=/Applications/Xcode.app/Contents/PlugIns/Xcode3Core.ideplugin/Contents/SharedSupport/Developer
    export LEX\=lex
    export LIBRARY_DEXT_INSTALL_PATH\=/Library/DriverExtensions
    export LIBRARY_FLAG_NOSPACE\=YES
    export LIBRARY_FLAG_PREFIX\=-l
    export LIBRARY_KEXT_INSTALL_PATH\=/Library/Extensions
    export LIBRARY_SEARCH_PATHS\=/Users/antoniogrillo-balen/Library/Developer/Xcode/DerivedData/risebysolis-gzfsziqwziaggpcbgdowmssiasmi/Build/Products/Debug-iphonesimulator/React-Fabric\ 
    export LINKER_DISPLAYS_MANGLED_NAMES\=NO
    export LINK_FILE_LIST_normal_arm64\=/Users/antoniogrillo-balen/Library/Developer/Xcode/DerivedData/risebysolis-gzfsziqwziaggpcbgdowmssiasmi/Build/Intermediates.noindex/Pods.build/Debug-iphonesimulator/React-Fabric.build/Objects-normal/arm64/React_Fabric.LinkFileList
    export LINK_OBJC_RUNTIME\=YES
    export LINK_WITH_STANDARD_LIBRARIES\=YES
    export LLVM_TARGET_TRIPLE_OS_VERSION\=ios15.1
    export LLVM_TARGET_TRIPLE_SUFFIX\=-simulator
    export LLVM_TARGET_TRIPLE_VENDOR\=apple
    export LM_AUX_CONST_METADATA_LIST_PATH_normal_arm64\=/Users/antoniogrillo-balen/Library/Developer/Xcode/DerivedData/risebysolis-gzfsziqwziaggpcbgdowmssiasmi/Build/Intermediates.noindex/Pods.build/Debug-iphonesimulator/React-Fabric.build/Objects-normal/arm64/React_Fabric.SwiftConstValuesFileList
    export LOCALIZATION_EXPORT_SUPPORTED\=YES
    export LOCALIZATION_PREFERS_STRING_CATALOGS\=NO
    export LOCALIZED_RESOURCES_FOLDER_PATH\=React_Fabric.framework/en.lproj
    export LOCALIZED_STRING_CODE_COMMENTS\=NO
    export LOCALIZED_STRING_MACRO_NAMES\=NSLocalizedString\ CFCopyLocalizedString
    export LOCALIZED_STRING_SWIFTUI_SUPPORT\=YES
    export LOCAL_ADMIN_APPS_DIR\=/Applications/Utilities
    export LOCAL_APPS_DIR\=/Applications
    export LOCAL_DEVELOPER_DIR\=/Library/Developer
    export LOCAL_LIBRARY_DIR\=/Library
    export LOCROOT\=/Users/antoniogrillo-balen/Desktop/Projects/RiseBuild/ios/Pods
    export LOCSYMROOT\=/Users/antoniogrillo-balen/Desktop/Projects/RiseBuild/ios/Pods
    export MACH_O_TYPE\=staticlib
    export MAC_OS_X_PRODUCT_BUILD_VERSION\=25E253
    export MAC_OS_X_VERSION_ACTUAL\=260401
    export MAC_OS_X_VERSION_MAJOR\=260000
    export MAC_OS_X_VERSION_MINOR\=260400
    export MAKE_MERGEABLE\=NO
    export MERGEABLE_LIBRARY\=NO
    export MERGED_BINARY_TYPE\=none
    export MERGE_LINKED_LIBRARIES\=NO
    export METAL_LIBRARY_FILE_BASE\=default
    export METAL_LIBRARY_OUTPUT_DIR\=/Users/antoniogrillo-balen/Library/Developer/Xcode/DerivedData/risebysolis-gzfsziqwziaggpcbgdowmssiasmi/Build/Products/Debug-iphonesimulator/React-Fabric/React_Fabric.framework
    export MODULEMAP_FILE\=Target\ Support\ Files/React-Fabric/React-Fabric.modulemap
    export MODULES_FOLDER_PATH\=React_Fabric.framework/Modules
    export MODULE_CACHE_DIR\=/Users/antoniogrillo-balen/Library/Developer/Xcode/DerivedData/ModuleCache.noindex
    export MTL_ENABLE_DEBUG_INFO\=INCLUDE_SOURCE
    export MTL_FAST_MATH\=YES
    export NATIVE_ARCH\=arm64
    export NATIVE_ARCH_32_BIT\=arm
    export NATIVE_ARCH_64_BIT\=arm64
    export NATIVE_ARCH_ACTUAL\=arm64
    export NO_COMMON\=YES
    export OBJC_ABI_VERSION\=2
    export OBJECT_FILE_DIR\=/Users/antoniogrillo-balen/Library/Developer/Xcode/DerivedData/risebysolis-gzfsziqwziaggpcbgdowmssiasmi/Build/Intermediates.noindex/Pods.build/Debug-iphonesimulator/React-Fabric.build/Objects
    export OBJECT_FILE_DIR_normal\=/Users/antoniogrillo-balen/Library/Developer/Xcode/DerivedData/risebysolis-gzfsziqwziaggpcbgdowmssiasmi/Build/Intermediates.noindex/Pods.build/Debug-iphonesimulator/React-Fabric.build/Objects-normal
    export OBJROOT\=/Users/antoniogrillo-balen/Library/Developer/Xcode/DerivedData/risebysolis-gzfsziqwziaggpcbgdowmssiasmi/Build/Intermediates.noindex
    export ONLY_ACTIVE_ARCH\=YES
    export OS\=MACOS
    export OSAC\=/usr/bin/osacompile
    export OTHER_LDFLAGS\=\ \ 
    export PACKAGE_TYPE\=com.apple.package-type.wrapper.framework
    export PASCAL_STRINGS\=YES
    export PATH\=/Applications/Xcode.app/Contents/SharedFrameworks/SwiftBuild.framework/Versions/A/PlugIns/SWBBuildService.bundle/Contents/PlugIns/SWBUniversalPlatformPlugin.bundle/Contents/Frameworks/SWBUniversalPlatform.framework/Resources:/Applications/Xcode.app/Contents/Developer/Toolchains/XcodeDefault.xctoolchain/usr/bin:/Applications/Xcode.app/Contents/Developer/Toolchains/XcodeDefault.xctoolchain/usr/local/bin:/Applications/Xcode.app/Contents/Developer/Toolchains/XcodeDefault.xctoolchain/usr/libexec:/Applications/Xcode.app/Contents/Developer/Platforms/iPhoneSimulator.platform/usr/bin:/Applications/Xcode.app/Contents/Developer/Platforms/iPhoneSimulator.platform/usr/local/bin:/Applications/Xcode.app/Contents/Developer/Platforms/iPhoneSimulator.platform/Developer/usr/bin:/Applications/Xcode.app/Contents/Developer/Platforms/iPhoneSimulator.platform/Developer/usr/local/bin:/Applications/Xcode.app/Contents/Developer/usr/bin:/Applications/Xcode.app/Contents/Developer/usr/local/bin:/opt/homebrew/opt/ruby/bin:/opt/homebrew/lib/ruby/gems/4.0.0/bin:/opt/homebrew/bin:/opt/homebrew/sbin:/Users/antoniogrillo-balen/.nvm/versions/node/v24.14.1/bin:/Library/Frameworks/Python.framework/Versions/3.14/bin:/usr/local/bin:/System/Cryptexes/App/usr/bin:/usr/bin:/bin:/usr/sbin:/sbin:/var/run/com.apple.security.cryptexd/codex.system/bootstrap/usr/local/bin:/var/run/com.apple.security.cryptexd/codex.system/bootstrap/usr/bin:/var/run/com.apple.security.cryptexd/codex.system/bootstrap/usr/appleinternal/bin:/opt/pkg/env/active/bin:/opt/pmk/env/global/bin:/Library/Apple/usr/bin:/Applications/VMware\ Fusion.app/Contents/Public:/Users/antoniogrillo-balen/.cargo/bin:/Users/antoniogrillo-balen/.cache/plugins/.install-staging/25283474a0e0d4a060cb0e915c1ec54e3d41ef2e/cursor/repo/bin:/Users/antoniogrillo-balen/.claude/plugins/cache/claude-plugins-official/superpowers/5.1.0/bin:/Users/antoniogrillo-balen/.claude/plugins/cache/claude-plugins-official/frontend-design/unknown/bin:/Users/antoniogrillo-balen/.claude/plugins/cache/claude-plugins-official/code-simplifier/1.0.0/bin:/Users/antoniogrillo-balen/.claude/plugins/cache/claude-plugins-official/security-guidance/unknown/bin:/Users/antoniogrillo-balen/.claude/plugins/cache/thedotmack/claude-mem/12.1.1/bin
    export PATH_PREFIXES_EXCLUDED_FROM_HEADER_DEPENDENCIES\=/usr/include\ /usr/local/include\ /System/Library/Frameworks\ /System/Library/PrivateFrameworks\ /Applications/Xcode.app/Contents/Developer/Headers\ /Applications/Xcode.app/Contents/Developer/SDKs\ /Applications/Xcode.app/Contents/Developer/Platforms
    export PBDEVELOPMENTPLIST_PATH\=React_Fabric.framework/pbdevelopment.plist
    export PER_ARCH_MODULE_FILE_DIR\=/Users/antoniogrillo-balen/Library/Developer/Xcode/DerivedData/risebysolis-gzfsziqwziaggpcbgdowmssiasmi/Build/Intermediates.noindex/Pods.build/Debug-iphonesimulator/React-Fabric.build/Objects-normal/undefined_arch
    export PER_ARCH_OBJECT_FILE_DIR\=/Users/antoniogrillo-balen/Library/Developer/Xcode/DerivedData/risebysolis-gzfsziqwziaggpcbgdowmssiasmi/Build/Intermediates.noindex/Pods.build/Debug-iphonesimulator/React-Fabric.build/Objects-normal/undefined_arch
    export PER_VARIANT_OBJECT_FILE_DIR\=/Users/antoniogrillo-balen/Library/Developer/Xcode/DerivedData/risebysolis-gzfsziqwziaggpcbgdowmssiasmi/Build/Intermediates.noindex/Pods.build/Debug-iphonesimulator/React-Fabric.build/Objects-normal
    export PKGINFO_FILE_PATH\=/Users/antoniogrillo-balen/Library/Developer/Xcode/DerivedData/risebysolis-gzfsziqwziaggpcbgdowmssiasmi/Build/Intermediates.noindex/Pods.build/Debug-iphonesimulator/React-Fabric.build/PkgInfo
    export PKGINFO_PATH\=React_Fabric.framework/PkgInfo
    export PLATFORM_DEVELOPER_APPLICATIONS_DIR\=/Applications/Xcode.app/Contents/Developer/Platforms/iPhoneSimulator.platform/Developer/Applications
    export PLATFORM_DEVELOPER_BIN_DIR\=/Applications/Xcode.app/Contents/Developer/Platforms/iPhoneSimulator.platform/Developer/usr/bin
    export PLATFORM_DEVELOPER_LIBRARY_DIR\=/Applications/Xcode.app/Contents/Developer/Platforms/iPhoneSimulator.platform/Developer/Library
    export PLATFORM_DEVELOPER_SDK_DIR\=/Applications/Xcode.app/Contents/Developer/Platforms/iPhoneSimulator.platform/Developer/SDKs
    export PLATFORM_DEVELOPER_TOOLS_DIR\=/Applications/Xcode.app/Contents/Developer/Platforms/iPhoneSimulator.platform/Developer/Tools
    export PLATFORM_DEVELOPER_USR_DIR\=/Applications/Xcode.app/Contents/Developer/Platforms/iPhoneSimulator.platform/Developer/usr
    export PLATFORM_DIR\=/Applications/Xcode.app/Contents/Developer/Platforms/iPhoneSimulator.platform
    export PLATFORM_DISPLAY_NAME\=iOS\ Simulator
    export PLATFORM_FAMILY_NAME\=iOS
    export PLATFORM_NAME\=iphonesimulator
    export PLATFORM_PREFERRED_ARCH\=x86_64
    export PLATFORM_PRODUCT_BUILD_VERSION\=23F73
    export PLATFORM_REQUIRES_SWIFT_AUTOLINK_EXTRACT\=NO
    export PLATFORM_REQUIRES_SWIFT_MODULEWRAP\=NO
    export PLATFORM_USES_DSYMS\=YES
    export PLIST_FILE_OUTPUT_FORMAT\=binary
    export PLUGINS_FOLDER_PATH\=React_Fabric.framework/PlugIns
    export PODS_BUILD_DIR\=/Users/antoniogrillo-balen/Library/Developer/Xcode/DerivedData/risebysolis-gzfsziqwziaggpcbgdowmssiasmi/Build/Products
    export PODS_CONFIGURATION_BUILD_DIR\=/Users/antoniogrillo-balen/Library/Developer/Xcode/DerivedData/risebysolis-gzfsziqwziaggpcbgdowmssiasmi/Build/Products/Debug-iphonesimulator
    export PODS_DEVELOPMENT_LANGUAGE\=en
    export PODS_ROOT\=/Users/antoniogrillo-balen/Desktop/Projects/RiseBuild/ios/Pods
    export PODS_TARGET_SRCROOT\=/Users/antoniogrillo-balen/Desktop/Projects/RiseBuild/ios/Pods/../../node_modules/react-native/ReactCommon
    export PODS_XCFRAMEWORKS_BUILD_DIR\=/Users/antoniogrillo-balen/Library/Developer/Xcode/DerivedData/risebysolis-gzfsziqwziaggpcbgdowmssiasmi/Build/Products/Debug-iphonesimulator/XCFrameworkIntermediates
    export PRECOMPS_INCLUDE_HEADERS_FROM_BUILT_PRODUCTS_DIR\=YES
    export PRECOMP_DESTINATION_DIR\=/Users/antoniogrillo-balen/Library/Developer/Xcode/DerivedData/risebysolis-gzfsziqwziaggpcbgdowmssiasmi/Build/Intermediates.noindex/Pods.build/Debug-iphonesimulator/React-Fabric.build/PrefixHeaders
    export PRIVATE_HEADERS_FOLDER_PATH\=React_Fabric.framework/PrivateHeaders
    export PROCESSED_INFOPLIST_PATH\=/Users/antoniogrillo-balen/Library/Developer/Xcode/DerivedData/risebysolis-gzfsziqwziaggpcbgdowmssiasmi/Build/Intermediates.noindex/Pods.build/Debug-iphonesimulator/React-Fabric.build/Objects-normal/undefined_arch/Processed-Info.plist
    export PRODUCT_BUNDLE_IDENTIFIER\=org.cocoapods.React-Fabric
    export PRODUCT_BUNDLE_PACKAGE_TYPE\=FMWK
    export PRODUCT_MODULE_NAME\=React_Fabric
    export PRODUCT_NAME\=React_Fabric
    export PRODUCT_SETTINGS_PATH\=/Users/antoniogrillo-balen/Desktop/Projects/RiseBuild/ios/Pods/Target\ Support\ Files/React-Fabric/React-Fabric-Info.plist
    export PRODUCT_TYPE\=com.apple.product-type.framework
    export PROFILING_CODE\=NO
    export PROJECT\=Pods
    export PROJECT_DERIVED_FILE_DIR\=/Users/antoniogrillo-balen/Library/Developer/Xcode/DerivedData/risebysolis-gzfsziqwziaggpcbgdowmssiasmi/Build/Intermediates.noindex/Pods.build/DerivedSources
    export PROJECT_DIR\=/Users/antoniogrillo-balen/Desktop/Projects/RiseBuild/ios/Pods
    export PROJECT_FILE_PATH\=/Users/antoniogrillo-balen/Desktop/Projects/RiseBuild/ios/Pods/Pods.xcodeproj
    export PROJECT_GUID\=8699adb1dd336b26511df848a716bd42
    export PROJECT_NAME\=Pods
    export PROJECT_TEMP_DIR\=/Users/antoniogrillo-balen/Library/Developer/Xcode/DerivedData/risebysolis-gzfsziqwziaggpcbgdowmssiasmi/Build/Intermediates.noindex/Pods.build
    export PROJECT_TEMP_ROOT\=/Users/antoniogrillo-balen/Library/Developer/Xcode/DerivedData/risebysolis-gzfsziqwziaggpcbgdowmssiasmi/Build/Intermediates.noindex
    export PUBLIC_HEADERS_FOLDER_PATH\=React_Fabric.framework/Headers
    export REACT_NATIVE_PATH\=/Users/antoniogrillo-balen/Desktop/Projects/RiseBuild/ios/Pods/../../node_modules/react-native
    export RECOMMENDED_IPHONEOS_DEPLOYMENT_TARGET\=15.0
    export RECURSIVE_SEARCH_PATHS_FOLLOW_SYMLINKS\=YES
    export REMOVE_CVS_FROM_RESOURCES\=YES
    export REMOVE_GIT_FROM_RESOURCES\=YES
    export REMOVE_HEADERS_FROM_EMBEDDED_BUNDLES\=YES
    export REMOVE_HG_FROM_RESOURCES\=YES
    export REMOVE_STATIC_EXECUTABLES_FROM_EMBEDDED_BUNDLES\=YES
    export REMOVE_SVN_FROM_RESOURCES\=YES
    export RESCHEDULE_INDEPENDENT_HEADERS_PHASES\=YES
    export REZ_COLLECTOR_DIR\=/Users/antoniogrillo-balen/Library/Developer/Xcode/DerivedData/risebysolis-gzfsziqwziaggpcbgdowmssiasmi/Build/Intermediates.noindex/Pods.build/Debug-iphonesimulator/React-Fabric.build/ResourceManagerResources
    export REZ_OBJECTS_DIR\=/Users/antoniogrillo-balen/Library/Developer/Xcode/DerivedData/risebysolis-gzfsziqwziaggpcbgdowmssiasmi/Build/Intermediates.noindex/Pods.build/Debug-iphonesimulator/React-Fabric.build/ResourceManagerResources/Objects
    export REZ_SEARCH_PATHS\=/Users/antoniogrillo-balen/Library/Developer/Xcode/DerivedData/risebysolis-gzfsziqwziaggpcbgdowmssiasmi/Build/Products/Debug-iphonesimulator/React-Fabric\ 
    export RPATH_ORIGIN\=@loader_path
    export RUNTIME_EXCEPTION_ALLOW_DYLD_ENVIRONMENT_VARIABLES\=NO
    export RUNTIME_EXCEPTION_ALLOW_JIT\=NO
    export RUNTIME_EXCEPTION_ALLOW_UNSIGNED_EXECUTABLE_MEMORY\=NO
    export RUNTIME_EXCEPTION_DEBUGGING_TOOL\=NO
    export RUNTIME_EXCEPTION_DISABLE_EXECUTABLE_PAGE_PROTECTION\=NO
    export RUNTIME_EXCEPTION_DISABLE_LIBRARY_VALIDATION\=NO
    export SCANNING_PCM_KEEP_CACHE_DIRECTORY\=YES
    export SCAN_ALL_SOURCE_FILES_FOR_INCLUDES\=NO
    export SCRIPTS_FOLDER_PATH\=React_Fabric.framework/Scripts
    export SCRIPT_INPUT_FILE_COUNT\=0
    export SCRIPT_INPUT_FILE_LIST_COUNT\=0
    export SCRIPT_OUTPUT_FILE_COUNT\=0
    export SCRIPT_OUTPUT_FILE_LIST_COUNT\=0
    export SDKROOT\=/Applications/Xcode.app/Contents/Developer/Platforms/iPhoneSimulator.platform/Developer/SDKs/iPhoneSimulator26.5.sdk
    export SDK_DIR\=/Applications/Xcode.app/Contents/Developer/Platforms/iPhoneSimulator.platform/Developer/SDKs/iPhoneSimulator26.5.sdk
    export SDK_DIR_iphonesimulator\=/Applications/Xcode.app/Contents/Developer/Platforms/iPhoneSimulator.platform/Developer/SDKs/iPhoneSimulator26.5.sdk
    export SDK_DIR_iphonesimulator26_5\=/Applications/Xcode.app/Contents/Developer/Platforms/iPhoneSimulator.platform/Developer/SDKs/iPhoneSimulator26.5.sdk
    export SDK_NAME\=iphonesimulator26.5
    export SDK_NAMES\=iphonesimulator26.5
    export SDK_PRODUCT_BUILD_VERSION\=23F73
    export SDK_STAT_CACHE_DIR\=/Users/antoniogrillo-balen/Library/Developer/Xcode/DerivedData
    export SDK_STAT_CACHE_ENABLE\=YES
    export SDK_STAT_CACHE_PATH\=/Users/antoniogrillo-balen/Library/Developer/Xcode/DerivedData/SDKStatCaches.noindex/iphonesimulator26.5-23F73-6cfe768891a92b912361537c460fe42b.sdkstatcache
    export SDK_VERSION\=26.5
    export SDK_VERSION_ACTUAL\=260500
    export SDK_VERSION_MAJOR\=260000
    export SDK_VERSION_MINOR\=260500
    export SED\=/usr/bin/sed
    export SEPARATE_STRIP\=NO
    export SEPARATE_SYMBOL_EDIT\=NO
    export SET_DIR_MODE_OWNER_GROUP\=YES
    export SET_FILE_MODE_OWNER_GROUP\=NO
    export SHALLOW_BUNDLE\=YES
    export SHALLOW_BUNDLE_TRIPLE\=ios-simulator
    export SHALLOW_BUNDLE_ios_macabi\=NO
    export SHALLOW_BUNDLE_macos\=NO
    export SHARED_DERIVED_FILE_DIR\=/Users/antoniogrillo-balen/Library/Developer/Xcode/DerivedData/risebysolis-gzfsziqwziaggpcbgdowmssiasmi/Build/Products/Debug-iphonesimulator/React-Fabric/DerivedSources
    export SHARED_FRAMEWORKS_FOLDER_PATH\=React_Fabric.framework/SharedFrameworks
    export SHARED_PRECOMPS_DIR\=/Users/antoniogrillo-balen/Library/Developer/Xcode/DerivedData/risebysolis-gzfsziqwziaggpcbgdowmssiasmi/Build/Intermediates.noindex/PrecompiledHeaders
    export SHARED_SUPPORT_FOLDER_PATH\=React_Fabric.framework
    export SKIP_INSTALL\=YES
    export SKIP_MERGEABLE_LIBRARY_BUNDLE_HOOK\=NO
    export SOURCE_ROOT\=/Users/antoniogrillo-balen/Desktop/Projects/RiseBuild/ios/Pods
    export SRCROOT\=/Users/antoniogrillo-balen/Desktop/Projects/RiseBuild/ios/Pods
    export STRINGSDATA_DIR\=/Users/antoniogrillo-balen/Library/Developer/Xcode/DerivedData/risebysolis-gzfsziqwziaggpcbgdowmssiasmi/Build/Intermediates.noindex/Pods.build/Debug-iphonesimulator/React-Fabric.build/Objects-normal/undefined_arch
    export STRINGSDATA_ROOT\=/Users/antoniogrillo-balen/Library/Developer/Xcode/DerivedData/risebysolis-gzfsziqwziaggpcbgdowmssiasmi/Build/Intermediates.noindex/Pods.build/Debug-iphonesimulator/React-Fabric.build
    export STRINGS_FILE_INFOPLIST_RENAME\=YES
    export STRINGS_FILE_OUTPUT_ENCODING\=binary
    export STRING_CATALOG_GENERATE_SYMBOLS\=NO
    export STRIP_BITCODE_FROM_COPIED_FILES\=NO
    export STRIP_INSTALLED_PRODUCT\=NO
    export STRIP_STYLE\=debugging
    export STRIP_SWIFT_SYMBOLS\=YES
    export SUPPORTED_DEVICE_FAMILIES\=1,2
    export SUPPORTED_PLATFORMS\=iphoneos\ iphonesimulator
    export SUPPORTS_TEXT_BASED_API\=NO
    export SUPPRESS_WARNINGS\=NO
    export SWIFT_ACTIVE_COMPILATION_CONDITIONS\=\ DEBUG\ 
    export SWIFT_EMIT_CONST_VALUE_PROTOCOLS\=AnyResolverProviding\ AppEntity\ AppEnum\ AppExtension\ AppIntent\ AppIntentsPackage\ AppShortcutProviding\ AppShortcutsProvider\ AppUnionValue\ AppUnionValueCasesProviding\ DynamicOptionsProvider\ EntityQuery\ ExtensionPointDefining\ IntentValueQuery\ Resolver\ TransientEntity\ _AssistantIntentsProvider\ _GenerativeFunctionExtractable\ _IntentValueRepresentable
    export SWIFT_EMIT_LOC_STRINGS\=NO
    export SWIFT_ENABLE_EXPLICIT_MODULES\=YES
    export SWIFT_INSTALL_MODULE_FOR_DEPLOYMENT\=YES
    export SWIFT_INSTALL_OBJC_HEADER\=YES
    export SWIFT_OPTIMIZATION_LEVEL\=-Onone
    export SWIFT_PLATFORM_TARGET_PREFIX\=ios
    export SWIFT_RESPONSE_FILE_PATH_normal_arm64\=/Users/antoniogrillo-balen/Library/Developer/Xcode/DerivedData/risebysolis-gzfsziqwziaggpcbgdowmssiasmi/Build/Intermediates.noindex/Pods.build/Debug-iphonesimulator/React-Fabric.build/Objects-normal/arm64/React_Fabric.SwiftFileList
    export SWIFT_VERSION\=5.0
    export SYMROOT\=/Users/antoniogrillo-balen/Library/Developer/Xcode/DerivedData/risebysolis-gzfsziqwziaggpcbgdowmssiasmi/Build/Products
    export SYSTEM_ADMIN_APPS_DIR\=/Applications/Utilities
    export SYSTEM_APPS_DIR\=/Applications
    export SYSTEM_CORE_SERVICES_DIR\=/System/Library/CoreServices
    export SYSTEM_DEMOS_DIR\=/Applications/Extras
    export SYSTEM_DEVELOPER_APPS_DIR\=/Applications/Xcode.app/Contents/Developer/Applications
    export SYSTEM_DEVELOPER_BIN_DIR\=/Applications/Xcode.app/Contents/Developer/usr/bin
    export SYSTEM_DEVELOPER_DEMOS_DIR\=/Applications/Xcode.app/Contents/Developer/Applications/Utilities/Built\ Examples
    export SYSTEM_DEVELOPER_DIR\=/Applications/Xcode.app/Contents/Developer
    export SYSTEM_DEVELOPER_DOC_DIR\=/Applications/Xcode.app/Contents/Developer/ADC\ Reference\ Library
    export SYSTEM_DEVELOPER_GRAPHICS_TOOLS_DIR\=/Applications/Xcode.app/Contents/Developer/Applications/Graphics\ Tools
    export SYSTEM_DEVELOPER_JAVA_TOOLS_DIR\=/Applications/Xcode.app/Contents/Developer/Applications/Java\ Tools
    export SYSTEM_DEVELOPER_PERFORMANCE_TOOLS_DIR\=/Applications/Xcode.app/Contents/Developer/Applications/Performance\ Tools
    export SYSTEM_DEVELOPER_RELEASENOTES_DIR\=/Applications/Xcode.app/Contents/Developer/ADC\ Reference\ Library/releasenotes
    export SYSTEM_DEVELOPER_TOOLS\=/Applications/Xcode.app/Contents/Developer/Tools
    export SYSTEM_DEVELOPER_TOOLS_DOC_DIR\=/Applications/Xcode.app/Contents/Developer/ADC\ Reference\ Library/documentation/DeveloperTools
    export SYSTEM_DEVELOPER_TOOLS_RELEASENOTES_DIR\=/Applications/Xcode.app/Contents/Developer/ADC\ Reference\ Library/releasenotes/DeveloperTools
    export SYSTEM_DEVELOPER_USR_DIR\=/Applications/Xcode.app/Contents/Developer/usr
    export SYSTEM_DEVELOPER_UTILITIES_DIR\=/Applications/Xcode.app/Contents/Developer/Applications/Utilities
    export SYSTEM_DEXT_INSTALL_PATH\=/System/Library/DriverExtensions
    export SYSTEM_DOCUMENTATION_DIR\=/Library/Documentation
    export SYSTEM_EXTENSIONS_FOLDER_PATH\=React_Fabric.framework/SystemExtensions
    export SYSTEM_EXTENSIONS_FOLDER_PATH_SHALLOW_BUNDLE_NO\=React_Fabric.framework/Library/SystemExtensions
    export SYSTEM_EXTENSIONS_FOLDER_PATH_SHALLOW_BUNDLE_YES\=React_Fabric.framework/SystemExtensions
    export SYSTEM_KEXT_INSTALL_PATH\=/System/Library/Extensions
    export SYSTEM_LIBRARY_DIR\=/System/Library
    export TAPI_DEMANGLE\=YES
    export TAPI_ENABLE_PROJECT_HEADERS\=NO
    export TAPI_LANGUAGE\=objective-c
    export TAPI_LANGUAGE_STANDARD\=compiler-default
    export TAPI_USE_SRCROOT\=YES
    export TAPI_VERIFY_MODE\=Pedantic
    export TARGETED_DEVICE_FAMILY\=1,2
    export TARGETNAME\=React-Fabric
    export TARGET_BUILD_DIR\=/Users/antoniogrillo-balen/Library/Developer/Xcode/DerivedData/risebysolis-gzfsziqwziaggpcbgdowmssiasmi/Build/Products/Debug-iphonesimulator/React-Fabric
    export TARGET_DEVICE_IDENTIFIER\=0C333F8A-4681-4475-855E-6FFD70F12533
    export TARGET_DEVICE_MODEL\=iPhone16,2
    export TARGET_DEVICE_OS_VERSION\=26.4.1
    export TARGET_DEVICE_PLATFORM_NAME\=iphonesimulator
    export TARGET_NAME\=React-Fabric
    export TARGET_TEMP_DIR\=/Users/antoniogrillo-balen/Library/Developer/Xcode/DerivedData/risebysolis-gzfsziqwziaggpcbgdowmssiasmi/Build/Intermediates.noindex/Pods.build/Debug-iphonesimulator/React-Fabric.build
    export TEMP_DIR\=/Users/antoniogrillo-balen/Library/Developer/Xcode/DerivedData/risebysolis-gzfsziqwziaggpcbgdowmssiasmi/Build/Intermediates.noindex/Pods.build/Debug-iphonesimulator/React-Fabric.build
    export TEMP_FILES_DIR\=/Users/antoniogrillo-balen/Library/Developer/Xcode/DerivedData/risebysolis-gzfsziqwziaggpcbgdowmssiasmi/Build/Intermediates.noindex/Pods.build/Debug-iphonesimulator/React-Fabric.build
    export TEMP_FILE_DIR\=/Users/antoniogrillo-balen/Library/Developer/Xcode/DerivedData/risebysolis-gzfsziqwziaggpcbgdowmssiasmi/Build/Intermediates.noindex/Pods.build/Debug-iphonesimulator/React-Fabric.build
    export TEMP_ROOT\=/Users/antoniogrillo-balen/Library/Developer/Xcode/DerivedData/risebysolis-gzfsziqwziaggpcbgdowmssiasmi/Build/Intermediates.noindex
    export TEMP_SANDBOX_DIR\=/Users/antoniogrillo-balen/Library/Developer/Xcode/DerivedData/risebysolis-gzfsziqwziaggpcbgdowmssiasmi/Build/Intermediates.noindex/TemporaryTaskSandboxes
    export TEST_FRAMEWORK_SEARCH_PATHS\=\ /Applications/Xcode.app/Contents/Developer/Platforms/iPhoneSimulator.platform/Developer/Library/Frameworks\ /Applications/Xcode.app/Contents/Developer/Platforms/iPhoneSimulator.platform/Developer/SDKs/iPhoneSimulator26.5.sdk/Developer/Library/Frameworks
    export TEST_LIBRARY_SEARCH_PATHS\=\ /Applications/Xcode.app/Contents/Developer/Platforms/iPhoneSimulator.platform/Developer/usr/lib
    export TOOLCHAINS\=com.apple.dt.toolchain.XcodeDefault
    export TOOLCHAIN_DIR\=/Applications/Xcode.app/Contents/Developer/Toolchains/XcodeDefault.xctoolchain
    export TREAT_MISSING_BASELINES_AS_TEST_FAILURES\=NO
    export TREAT_MISSING_SCRIPT_PHASE_OUTPUTS_AS_ERRORS\=NO
    export TeamIdentifierPrefix\=FAKETEAMID.
    export UID\=501
    export UNINSTALLED_PRODUCTS_DIR\=/Users/antoniogrillo-balen/Library/Developer/Xcode/DerivedData/risebysolis-gzfsziqwziaggpcbgdowmssiasmi/Build/Intermediates.noindex/UninstalledProducts
    export UNLOCALIZED_RESOURCES_FOLDER_PATH\=React_Fabric.framework
    export UNLOCALIZED_RESOURCES_FOLDER_PATH_SHALLOW_BUNDLE_NO\=React_Fabric.framework/Resources
    export UNLOCALIZED_RESOURCES_FOLDER_PATH_SHALLOW_BUNDLE_YES\=React_Fabric.framework
    export UNSTRIPPED_PRODUCT\=NO
    export USER\=antoniogrillo-balen
    export USER_APPS_DIR\=/Users/antoniogrillo-balen/Applications
    export USER_LIBRARY_DIR\=/Users/antoniogrillo-balen/Library
    export USE_DYNAMIC_NO_PIC\=YES
    export USE_HEADERMAP\=YES
    export USE_HEADER_SYMLINKS\=NO
    export USE_HERMES\=true
    export USE_RECURSIVE_SCRIPT_INPUTS_IN_SCRIPT_PHASES\=YES
    export VALIDATE_DEVELOPMENT_ASSET_PATHS\=YES_ERROR
    export VALIDATE_PRODUCT\=NO
    export VALID_ARCHS\=arm64\ x86_64
    export VERBOSE_PBXCP\=NO
    export VERSIONING_SYSTEM\=apple-generic
    export VERSIONPLIST_PATH\=React_Fabric.framework/version.plist
    export VERSIONS_FOLDER_PATH\=React_Fabric.framework
    export VERSIONS_FOLDER_PATH_SHALLOW_BUNDLE_NO\=React_Fabric.framework/Versions
    export VERSIONS_FOLDER_PATH_SHALLOW_BUNDLE_YES\=React_Fabric.framework
    export VERSION_INFO_BUILDER\=antoniogrillo-balen
    export VERSION_INFO_FILE\=React_Fabric_vers.c
    export VERSION_INFO_STRING\=\"@\(\#\)PROGRAM:React_Fabric\ \ PROJECT:Pods-1\"
    export WORKSPACE_DIR\=/Users/antoniogrillo-balen/Desktop/Projects/RiseBuild/ios
    export WRAPPER_EXTENSION\=framework
    export WRAPPER_NAME\=React_Fabric.framework
    export WRAPPER_SUFFIX\=.framework
    export WRAP_ASSET_PACKS_IN_SEPARATE_DIRECTORIES\=NO
    export XCODE_APP_SUPPORT_DIR\=/Applications/Xcode.app/Contents/Developer/Library/Xcode
    export XCODE_PRODUCT_BUILD_VERSION\=17F42
    export XCODE_VERSION_ACTUAL\=2650
    export XCODE_VERSION_MAJOR\=2600
    export XCODE_VERSION_MINOR\=2650
    export XPCSERVICES_FOLDER_PATH\=React_Fabric.framework/XPCServices
    export YACC\=yacc
    export _DISCOVER_COMMAND_LINE_LINKER_INPUTS\=YES
    export _DISCOVER_COMMAND_LINE_LINKER_INPUTS_INCLUDE_WL\=YES
    export _LD_MULTIARCH\=YES
    export _WRAPPER_CONTENTS_DIR_SHALLOW_BUNDLE_NO\=/Contents
    export _WRAPPER_PARENT_PATH_SHALLOW_BUNDLE_NO\=/..
    export _WRAPPER_RESOURCES_DIR_SHALLOW_BUNDLE_NO\=/Resources
    export __DIAGNOSE_DEPRECATED_ARCHS\=YES
    export __ORIGINAL_SDK_DEFINED_LLVM_TARGET_TRIPLE_SYS\=ios
    export arch\=undefined_arch
    export variant\=normal
    /bin/sh -c /Users/antoniogrillo-balen/Library/Developer/Xcode/DerivedData/risebysolis-gzfsziqwziaggpcbgdowmssiasmi/Build/Intermediates.noindex/Pods.build/Debug-iphonesimulator/React-Fabric.build/Script-46EB2E00031E80.sh
Checking whether Codegen has run...

PhaseScriptExecution Create\ Symlinks\ to\ Header\ Folders /Users/antoniogrillo-balen/Library/Developer/Xcode/DerivedData/risebysolis-gzfsziqwziaggpcbgdowmssiasmi/Build/Intermediates.noindex/Pods.build/Debug-iphonesimulator/React-Fabric.build/Script-46EB2E00026830.sh (in target 'React-Fabric' from project 'Pods')
    cd /Users/antoniogrillo-balen/Desktop/Projects/RiseBuild/ios/Pods
    export ACTION\=build
    export AD_HOC_CODE_SIGNING_ALLOWED\=YES
    export ALLOW_BUILD_REQUEST_OVERRIDES\=NO
    export ALLOW_TARGET_PLATFORM_SPECIALIZATION\=NO
    export ALTERNATE_GROUP\=staff
    export ALTERNATE_MODE\=u+w,go-w,a+rX
    export ALTERNATE_OWNER\=antoniogrillo-balen
    export ALTERNATIVE_DISTRIBUTION_WEB\=NO
    export ALWAYS_EMBED_SWIFT_STANDARD_LIBRARIES\=NO
    export ALWAYS_SEARCH_USER_PATHS\=NO
    export ALWAYS_USE_SEPARATE_HEADERMAPS\=NO
    export APPLICATION_EXTENSION_API_ONLY\=NO
    export APPLY_RULES_IN_COPY_FILES\=NO
    export APPLY_RULES_IN_COPY_HEADERS\=NO
    export APP_SHORTCUTS_ENABLE_FLEXIBLE_MATCHING\=YES
    export ARCHS\=arm64
    export ARCHS_BASE\=arm64
    export ARCHS_STANDARD\=arm64\ x86_64
    export ARCHS_STANDARD_32_64_BIT\=arm64\ x86_64
    export ARCHS_STANDARD_64_BIT\=arm64\ x86_64
    export ARCHS_STANDARD_INCLUDING_64_BIT\=arm64\ x86_64
    export ARCHS_UNIVERSAL_IPHONE_OS\=arm64\ x86_64
    export ASSETCATALOG_FILTER_FOR_DEVICE_MODEL\=iPhone16,2
    export ASSETCATALOG_FILTER_FOR_DEVICE_OS_VERSION\=26.4.1
    export ASSETCATALOG_FILTER_FOR_THINNING_DEVICE_CONFIGURATION\=iPhone16,2
    export AUTOMATICALLY_MERGE_DEPENDENCIES\=NO
    export AUTOMATION_APPLE_EVENTS\=NO
    export AVAILABLE_PLATFORMS\=android\ appletvos\ appletvsimulator\ driverkit\ freebsd\ iphoneos\ iphonesimulator\ linux\ macosx\ none\ openbsd\ qnx\ watchos\ watchsimulator\ webassembly\ xros\ xrsimulator
    export AppIdentifierPrefix\=FAKETEAMID.
    export BUILD_ACTIVE_RESOURCES_ONLY\=YES
    export BUILD_COMPONENTS\=headers\ build
    export BUILD_DIR\=/Users/antoniogrillo-balen/Library/Developer/Xcode/DerivedData/risebysolis-gzfsziqwziaggpcbgdowmssiasmi/Build/Products
    export BUILD_LIBRARY_FOR_DISTRIBUTION\=NO
    export BUILD_ONLY_KNOWN_LOCALIZATIONS\=NO
    export BUILD_ROOT\=/Users/antoniogrillo-balen/Library/Developer/Xcode/DerivedData/risebysolis-gzfsziqwziaggpcbgdowmssiasmi/Build/Products
    export BUILD_STYLE\=
    export BUILD_VARIANTS\=normal
    export BUILT_PRODUCTS_DIR\=/Users/antoniogrillo-balen/Library/Developer/Xcode/DerivedData/risebysolis-gzfsziqwziaggpcbgdowmssiasmi/Build/Products/Debug-iphonesimulator/React-Fabric
    export BUNDLE_CONTENTS_FOLDER_PATH_deep\=Contents/
    export BUNDLE_EXECUTABLE_FOLDER_NAME_deep\=MacOS
    export BUNDLE_EXTENSIONS_FOLDER_PATH\=Extensions
    export BUNDLE_FORMAT\=shallow
    export BUNDLE_FRAMEWORKS_FOLDER_PATH\=Frameworks
    export BUNDLE_PLUGINS_FOLDER_PATH\=PlugIns
    export BUNDLE_PRIVATE_HEADERS_FOLDER_PATH\=PrivateHeaders
    export BUNDLE_PUBLIC_HEADERS_FOLDER_PATH\=Headers
    export CACHE_ROOT\=/var/folders/2z/jtlqylkx0c709j3xb7b0g4cm0000gn/C/com.apple.DeveloperTools/26.5-17F42/Xcode
    export CCHROOT\=/var/folders/2z/jtlqylkx0c709j3xb7b0g4cm0000gn/C/com.apple.DeveloperTools/26.5-17F42/Xcode
    export CHMOD\=/bin/chmod
    export CHOWN\=chown
    export CLANG_ANALYZER_LOCALIZABILITY_NONLOCALIZED\=YES
    export CLANG_ANALYZER_NONNULL\=YES
    export CLANG_ANALYZER_NUMBER_OBJECT_CONVERSION\=YES_AGGRESSIVE
    export CLANG_CACHE_FINE_GRAINED_OUTPUTS\=YES
    export CLANG_CXX_LANGUAGE_STANDARD\=c++20
    export CLANG_CXX_LIBRARY\=libc++
    export CLANG_ENABLE_EXPLICIT_MODULES\=YES
    export CLANG_ENABLE_MODULES\=YES
    export CLANG_ENABLE_OBJC_ARC\=YES
    export CLANG_ENABLE_OBJC_WEAK\=NO
    export CLANG_MODULES_BUILD_SESSION_FILE\=/Users/antoniogrillo-balen/Library/Developer/Xcode/DerivedData/ModuleCache.noindex/Session.modulevalidation
    export CLANG_WARN_BLOCK_CAPTURE_AUTORELEASING\=YES
    export CLANG_WARN_BOOL_CONVERSION\=YES
    export CLANG_WARN_COMMA\=YES
    export CLANG_WARN_CONSTANT_CONVERSION\=YES
    export CLANG_WARN_DEPRECATED_OBJC_IMPLEMENTATIONS\=YES
    export CLANG_WARN_DIRECT_OBJC_ISA_USAGE\=YES_ERROR
    export CLANG_WARN_DOCUMENTATION_COMMENTS\=YES
    export CLANG_WARN_EMPTY_BODY\=YES
    export CLANG_WARN_ENUM_CONVERSION\=YES
    export CLANG_WARN_INFINITE_RECURSION\=YES
    export CLANG_WARN_INT_CONVERSION\=YES
    export CLANG_WARN_NON_LITERAL_NULL_CONVERSION\=YES
    export CLANG_WARN_OBJC_IMPLICIT_RETAIN_SELF\=YES
    export CLANG_WARN_OBJC_LITERAL_CONVERSION\=YES
    export CLANG_WARN_OBJC_ROOT_CLASS\=YES_ERROR
    export CLANG_WARN_QUOTED_INCLUDE_IN_FRAMEWORK_HEADER\=NO
    export CLANG_WARN_RANGE_LOOP_ANALYSIS\=YES
    export CLANG_WARN_STRICT_PROTOTYPES\=YES
    export CLANG_WARN_SUSPICIOUS_MOVE\=YES
    export CLANG_WARN_UNGUARDED_AVAILABILITY\=YES_AGGRESSIVE
    export CLANG_WARN_UNREACHABLE_CODE\=YES
    export CLANG_WARN__DUPLICATE_METHOD_MATCH\=YES
    export CLASS_FILE_DIR\=/Users/antoniogrillo-balen/Library/Developer/Xcode/DerivedData/risebysolis-gzfsziqwziaggpcbgdowmssiasmi/Build/Intermediates.noindex/Pods.build/Debug-iphonesimulator/React-Fabric.build/JavaClasses
    export CLEAN_PRECOMPS\=YES
    export CLONE_HEADERS\=NO
    export CODESIGNING_FOLDER_PATH\=/Users/antoniogrillo-balen/Library/Developer/Xcode/DerivedData/risebysolis-gzfsziqwziaggpcbgdowmssiasmi/Build/Products/Debug-iphonesimulator/React-Fabric/React_Fabric.framework
    export CODE_SIGNING_ALLOWED\=YES
    export CODE_SIGNING_REQUIRED\=NO
    export CODE_SIGNING_REQUIRES_TEAM\=YES
    export CODE_SIGN_CONTEXT_CLASS\=XCiPhoneSimulatorCodeSignContext
    export CODE_SIGN_IDENTITY\=-
    export CODE_SIGN_INJECT_BASE_ENTITLEMENTS\=YES
    export COLOR_DIAGNOSTICS\=NO
    export COMBINE_HIDPI_IMAGES\=NO
    export COMPILATION_CACHE_CAS_PATH\=/Users/antoniogrillo-balen/Library/Developer/Xcode/DerivedData/CompilationCache.noindex
    export COMPILATION_CACHE_KEEP_CAS_DIRECTORY\=YES
    export COMPILER_INDEX_STORE_ENABLE\=Default
    export COMPOSITE_SDK_DIRS\=/Users/antoniogrillo-balen/Library/Developer/Xcode/DerivedData/risebysolis-gzfsziqwziaggpcbgdowmssiasmi/Build/Intermediates.noindex/CompositeSDKs
    export COMPRESS_PNG_FILES\=YES
    export CONFIGURATION\=Debug
    export CONFIGURATION_BUILD_DIR\=/Users/antoniogrillo-balen/Library/Developer/Xcode/DerivedData/risebysolis-gzfsziqwziaggpcbgdowmssiasmi/Build/Products/Debug-iphonesimulator/React-Fabric
    export CONFIGURATION_TEMP_DIR\=/Users/antoniogrillo-balen/Library/Developer/Xcode/DerivedData/risebysolis-gzfsziqwziaggpcbgdowmssiasmi/Build/Intermediates.noindex/Pods.build/Debug-iphonesimulator
    export CONTENTS_FOLDER_PATH\=React_Fabric.framework
    export CONTENTS_FOLDER_PATH_SHALLOW_BUNDLE_NO\=React_Fabric.framework/A
    export CONTENTS_FOLDER_PATH_SHALLOW_BUNDLE_YES\=React_Fabric.framework
    export COPYING_PRESERVES_HFS_DATA\=NO
    export COPY_HEADERS_RUN_UNIFDEF\=NO
    export COPY_PHASE_STRIP\=NO
    export CORRESPONDING_DEVICE_PLATFORM_DIR\=/Applications/Xcode.app/Contents/Developer/Platforms/iPhoneOS.platform
    export CORRESPONDING_DEVICE_PLATFORM_NAME\=iphoneos
    export CORRESPONDING_DEVICE_SDK_DIR\=/Applications/Xcode.app/Contents/Developer/Platforms/iPhoneOS.platform/Developer/SDKs/iPhoneOS26.5.sdk
    export CORRESPONDING_DEVICE_SDK_NAME\=iphoneos26.5
    export CP\=/bin/cp
    export CREATE_INFOPLIST_SECTION_IN_BINARY\=NO
    export CURRENT_ARCH\=undefined_arch
    export CURRENT_PROJECT_VERSION\=1
    export CURRENT_VARIANT\=normal
    export CURRENT_VERSION\=Current
    export DEAD_CODE_STRIPPING\=YES
    export DEBUGGING_SYMBOLS\=YES
    export DEBUG_INFORMATION_FORMAT\=dwarf
    export DEBUG_INFORMATION_VERSION\=compiler-default
    export DEFAULT_COMPILER\=com.apple.compilers.llvm.clang.1_0
    export DEFAULT_DEXT_INSTALL_PATH\=/System/Library/DriverExtensions
    export DEFAULT_KEXT_INSTALL_PATH\=/System/Library/Extensions
    export DEFINES_MODULE\=YES
    export DEPLOYMENT_LOCATION\=NO
    export DEPLOYMENT_POSTPROCESSING\=NO
    export DEPLOYMENT_TARGET_SETTING_NAME\=IPHONEOS_DEPLOYMENT_TARGET
    export DEPLOYMENT_TARGET_SUGGESTED_VALUES\=12.0\ 12.1\ 12.2\ 12.3\ 12.4\ 13.0\ 13.1\ 13.2\ 13.3\ 13.4\ 13.5\ 13.6\ 14.0\ 14.1\ 14.2\ 14.3\ 14.4\ 14.5\ 14.6\ 14.7\ 15.0\ 15.1\ 15.2\ 15.3\ 15.4\ 15.5\ 15.6\ 16.0\ 16.1\ 16.2\ 16.3\ 16.4\ 16.5\ 16.6\ 17.0\ 17.1\ 17.2\ 17.3\ 17.4\ 17.5\ 17.6\ 18.0\ 18.1\ 18.2\ 18.3\ 18.4\ 18.5\ 18.6\ 26.0\ 26.2\ 26.3\ 26.4\ 26.5
    export DERIVED_FILES_DIR\=/Users/antoniogrillo-balen/Library/Developer/Xcode/DerivedData/risebysolis-gzfsziqwziaggpcbgdowmssiasmi/Build/Intermediates.noindex/Pods.build/Debug-iphonesimulator/React-Fabric.build/DerivedSources
    export DERIVED_FILE_DIR\=/Users/antoniogrillo-balen/Library/Developer/Xcode/DerivedData/risebysolis-gzfsziqwziaggpcbgdowmssiasmi/Build/Intermediates.noindex/Pods.build/Debug-iphonesimulator/React-Fabric.build/DerivedSources
    export DERIVED_SOURCES_DIR\=/Users/antoniogrillo-balen/Library/Developer/Xcode/DerivedData/risebysolis-gzfsziqwziaggpcbgdowmssiasmi/Build/Intermediates.noindex/Pods.build/Debug-iphonesimulator/React-Fabric.build/DerivedSources
    export DEVELOPER_APPLICATIONS_DIR\=/Applications/Xcode.app/Contents/Developer/Applications
    export DEVELOPER_BIN_DIR\=/Applications/Xcode.app/Contents/Developer/usr/bin
    export DEVELOPER_DIR\=/Applications/Xcode.app/Contents/Developer
    export DEVELOPER_FRAMEWORKS_DIR\=/Applications/Xcode.app/Contents/Developer/Library/Frameworks
    export DEVELOPER_FRAMEWORKS_DIR_QUOTED\=/Applications/Xcode.app/Contents/Developer/Library/Frameworks
    export DEVELOPER_LIBRARY_DIR\=/Applications/Xcode.app/Contents/Developer/Library
    export DEVELOPER_SDK_DIR\=/Applications/Xcode.app/Contents/Developer/Platforms/MacOSX.platform/Developer/SDKs
    export DEVELOPER_TOOLS_DIR\=/Applications/Xcode.app/Contents/Developer/Tools
    export DEVELOPER_USR_DIR\=/Applications/Xcode.app/Contents/Developer/usr
    export DEVELOPMENT_LANGUAGE\=en
    export DIAGNOSE_MISSING_TARGET_DEPENDENCIES\=YES
    export DIFF\=/usr/bin/diff
    export DOCUMENTATION_FOLDER_PATH\=React_Fabric.framework/en.lproj/Documentation
    export DONT_GENERATE_INFOPLIST_FILE\=NO
    export DSTROOT\=/tmp/Pods.dst
    export DT_TOOLCHAIN_DIR\=/Applications/Xcode.app/Contents/Developer/Toolchains/XcodeDefault.xctoolchain
    export DUMP_DEPENDENCIES\=NO
    export DUMP_DEPENDENCIES_OUTPUT_PATH\=/Users/antoniogrillo-balen/Library/Developer/Xcode/DerivedData/risebysolis-gzfsziqwziaggpcbgdowmssiasmi/Build/Intermediates.noindex/Pods.build/Debug-iphonesimulator/React-Fabric.build/React-Fabric-BuildDependencyInfo.json
    export DWARF_DSYM_FILE_NAME\=React_Fabric.framework.dSYM
    export DWARF_DSYM_FILE_SHOULD_ACCOMPANY_PRODUCT\=NO
    export DWARF_DSYM_FOLDER_PATH\=/Users/antoniogrillo-balen/Library/Developer/Xcode/DerivedData/risebysolis-gzfsziqwziaggpcbgdowmssiasmi/Build/Products/Debug-iphonesimulator/React-Fabric
    export DYLIB_COMPATIBILITY_VERSION\=1
    export DYLIB_CURRENT_VERSION\=1
    export DYLIB_INSTALL_NAME_BASE\=@rpath
    export DYNAMIC_LIBRARY_EXTENSION\=dylib
    export EAGER_COMPILATION_ALLOW_SCRIPTS\=NO
    export EAGER_LINKING\=NO
    export EFFECTIVE_PLATFORM_NAME\=-iphonesimulator
    export EFFECTIVE_SWIFT_VERSION\=5
    export EMBEDDED_CONTENT_CONTAINS_SWIFT\=NO
    export EMBED_ASSET_PACKS_IN_PRODUCT_BUNDLE\=NO
    export ENABLE_APP_SANDBOX\=NO
    export ENABLE_CODE_COVERAGE\=YES
    export ENABLE_COHORT_ARCHS\=NO
    export ENABLE_CPLUSPLUS_BOUNDS_SAFE_BUFFERS\=NO
    export ENABLE_C_BOUNDS_SAFETY\=NO
    export ENABLE_DEFAULT_HEADER_SEARCH_PATHS\=YES
    export ENABLE_DEFAULT_SEARCH_PATHS\=YES
    export ENABLE_ENHANCED_SECURITY\=NO
    export ENABLE_HARDENED_RUNTIME\=NO
    export ENABLE_HEADER_DEPENDENCIES\=YES
    export ENABLE_INCOMING_NETWORK_CONNECTIONS\=NO
    export ENABLE_MODULE_VERIFIER\=NO
    export ENABLE_ON_DEMAND_RESOURCES\=NO
    export ENABLE_OUTGOING_NETWORK_CONNECTIONS\=NO
    export ENABLE_POINTER_AUTHENTICATION\=NO
    export ENABLE_PREVIEWS\=NO
    export ENABLE_RESOURCE_ACCESS_AUDIO_INPUT\=NO
    export ENABLE_RESOURCE_ACCESS_BLUETOOTH\=NO
    export ENABLE_RESOURCE_ACCESS_CALENDARS\=NO
    export ENABLE_RESOURCE_ACCESS_CAMERA\=NO
    export ENABLE_RESOURCE_ACCESS_CONTACTS\=NO
    export ENABLE_RESOURCE_ACCESS_LOCATION\=NO
    export ENABLE_RESOURCE_ACCESS_PHOTO_LIBRARY\=NO
    export ENABLE_RESOURCE_ACCESS_PRINTING\=NO
    export ENABLE_RESOURCE_ACCESS_USB\=NO
    export ENABLE_SDK_IMPORTS\=NO
    export ENABLE_SECURITY_COMPILER_WARNINGS\=NO
    export ENABLE_STRICT_OBJC_MSGSEND\=YES
    export ENABLE_TESTABILITY\=YES
    export ENABLE_TESTING_SEARCH_PATHS\=NO
    export ENABLE_USER_SCRIPT_SANDBOXING\=NO
    export ENABLE_XOJIT_PREVIEWS\=YES
    export ENFORCE_VALID_ARCHS\=YES
    export ENTITLEMENTS_DESTINATION\=__entitlements
    export ENTITLEMENTS_REQUIRED\=NO
    export EXCLUDED_INSTALLSRC_SUBDIRECTORY_PATTERNS\=.DS_Store\ .svn\ .git\ .hg\ CVS
    export EXCLUDED_RECURSIVE_SEARCH_PATH_SUBDIRECTORIES\=\*.nib\ \*.lproj\ \*.framework\ \*.gch\ \*.xcode\*\ \*.xcassets\ \*.icon\ \(\*\)\ .DS_Store\ CVS\ .svn\ .git\ .hg\ \*.pbproj\ \*.pbxproj
    export EXECUTABLES_FOLDER_PATH\=React_Fabric.framework/en.lproj
    export EXECUTABLE_FOLDER_PATH\=React_Fabric.framework
    export EXECUTABLE_FOLDER_PATH_SHALLOW_BUNDLE_NO\=React_Fabric.framework
    export EXECUTABLE_FOLDER_PATH_SHALLOW_BUNDLE_YES\=React_Fabric.framework
    export EXECUTABLE_NAME\=React_Fabric
    export EXECUTABLE_PATH\=React_Fabric.framework/React_Fabric
    export EXPANDED_CODE_SIGN_IDENTITY\=-
    export EXPANDED_CODE_SIGN_IDENTITY_NAME\=Sign\ to\ Run\ Locally
    export EXTENSIONS_FOLDER_PATH\=React_Fabric.framework/Extensions
    export FILE_LIST\=/Users/antoniogrillo-balen/Library/Developer/Xcode/DerivedData/risebysolis-gzfsziqwziaggpcbgdowmssiasmi/Build/Intermediates.noindex/Pods.build/Debug-iphonesimulator/React-Fabric.build/Objects/LinkFileList
    export FIXED_FILES_DIR\=/Users/antoniogrillo-balen/Library/Developer/Xcode/DerivedData/risebysolis-gzfsziqwziaggpcbgdowmssiasmi/Build/Intermediates.noindex/Pods.build/Debug-iphonesimulator/React-Fabric.build/FixedFiles
    export FRAMEWORKS_FOLDER_PATH\=React_Fabric.framework/Frameworks
    export FRAMEWORK_FLAG_PREFIX\=-framework
    export FRAMEWORK_SEARCH_PATHS\=/Users/antoniogrillo-balen/Library/Developer/Xcode/DerivedData/risebysolis-gzfsziqwziaggpcbgdowmssiasmi/Build/Products/Debug-iphonesimulator/React-Fabric\ \ \"/Users/antoniogrillo-balen/Library/Developer/Xcode/DerivedData/risebysolis-gzfsziqwziaggpcbgdowmssiasmi/Build/Products/Debug-iphonesimulator/DoubleConversion\"\ \"/Users/antoniogrillo-balen/Library/Developer/Xcode/DerivedData/risebysolis-gzfsziqwziaggpcbgdowmssiasmi/Build/Products/Debug-iphonesimulator/RCT-Folly\"\ \"/Users/antoniogrillo-balen/Library/Developer/Xcode/DerivedData/risebysolis-gzfsziqwziaggpcbgdowmssiasmi/Build/Products/Debug-iphonesimulator/RCTDeprecation\"\ \"/Users/antoniogrillo-balen/Library/Developer/Xcode/DerivedData/risebysolis-gzfsziqwziaggpcbgdowmssiasmi/Build/Products/Debug-iphonesimulator/RCTTypeSafety\"\ \"/Users/antoniogrillo-balen/Library/Developer/Xcode/DerivedData/risebysolis-gzfsziqwziaggpcbgdowmssiasmi/Build/Products/Debug-iphonesimulator/React-Core\"\ \"/Users/antoniogrillo-balen/Library/Developer/Xcode/DerivedData/risebysolis-gzfsziqwziaggpcbgdowmssiasmi/Build/Products/Debug-iphonesimulator/React-cxxreact\"\ \"/Users/antoniogrillo-balen/Library/Developer/Xcode/DerivedData/risebysolis-gzfsziqwziaggpcbgdowmssiasmi/Build/Products/Debug-iphonesimulator/React-debug\"\ \"/Users/antoniogrillo-balen/Library/Developer/Xcode/DerivedData/risebysolis-gzfsziqwziaggpcbgdowmssiasmi/Build/Products/Debug-iphonesimulator/React-featureflags\"\ \"/Users/antoniogrillo-balen/Library/Developer/Xcode/DerivedData/risebysolis-gzfsziqwziaggpcbgdowmssiasmi/Build/Products/Debug-iphonesimulator/React-graphics\"\ \"/Users/antoniogrillo-balen/Library/Developer/Xcode/DerivedData/risebysolis-gzfsziqwziaggpcbgdowmssiasmi/Build/Products/Debug-iphonesimulator/React-hermes\"\ \"/Users/antoniogrillo-balen/Library/Developer/Xcode/DerivedData/risebysolis-gzfsziqwziaggpcbgdowmssiasmi/Build/Products/Debug-iphonesimulator/React-jsi\"\ \"/Users/antoniogrillo-balen/Library/Developer/Xcode/DerivedData/risebysolis-gzfsziqwziaggpcbgdowmssiasmi/Build/Products/Debug-iphonesimulator/React-jsiexecutor\"\ \"/Users/antoniogrillo-balen/Library/Developer/Xcode/DerivedData/risebysolis-gzfsziqwziaggpcbgdowmssiasmi/Build/Products/Debug-iphonesimulator/React-jsinspector\"\ \"/Users/antoniogrillo-balen/Library/Developer/Xcode/DerivedData/risebysolis-gzfsziqwziaggpcbgdowmssiasmi/Build/Products/Debug-iphonesimulator/React-logger\"\ \"/Users/antoniogrillo-balen/Library/Developer/Xcode/DerivedData/risebysolis-gzfsziqwziaggpcbgdowmssiasmi/Build/Products/Debug-iphonesimulator/React-perflogger\"\ \"/Users/antoniogrillo-balen/Library/Developer/Xcode/DerivedData/risebysolis-gzfsziqwziaggpcbgdowmssiasmi/Build/Products/Debug-iphonesimulator/React-performancetimeline\"\ \"/Users/antoniogrillo-balen/Library/Developer/Xcode/DerivedData/risebysolis-gzfsziqwziaggpcbgdowmssiasmi/Build/Products/Debug-iphonesimulator/React-rendererconsistency\"\ \"/Users/antoniogrillo-balen/Library/Developer/Xcode/DerivedData/risebysolis-gzfsziqwziaggpcbgdowmssiasmi/Build/Products/Debug-iphonesimulator/React-rendererdebug\"\ \"/Users/antoniogrillo-balen/Library/Developer/Xcode/DerivedData/risebysolis-gzfsziqwziaggpcbgdowmssiasmi/Build/Products/Debug-iphonesimulator/React-runtimescheduler\"\ \"/Users/antoniogrillo-balen/Library/Developer/Xcode/DerivedData/risebysolis-gzfsziqwziaggpcbgdowmssiasmi/Build/Products/Debug-iphonesimulator/React-utils\"\ \"/Users/antoniogrillo-balen/Library/Developer/Xcode/DerivedData/risebysolis-gzfsziqwziaggpcbgdowmssiasmi/Build/Products/Debug-iphonesimulator/ReactCommon\"\ \"/Users/antoniogrillo-balen/Library/Developer/Xcode/DerivedData/risebysolis-gzfsziqwziaggpcbgdowmssiasmi/Build/Products/Debug-iphonesimulator/SocketRocket\"\ \"/Users/antoniogrillo-balen/Library/Developer/Xcode/DerivedData/risebysolis-gzfsziqwziaggpcbgdowmssiasmi/Build/Products/Debug-iphonesimulator/Yoga\"\ \"/Users/antoniogrillo-balen/Library/Developer/Xcode/DerivedData/risebysolis-gzfsziqwziaggpcbgdowmssiasmi/Build/Products/Debug-iphonesimulator/fmt\"\ \"/Users/antoniogrillo-balen/Library/Developer/Xcode/DerivedData/risebysolis-gzfsziqwziaggpcbgdowmssiasmi/Build/Products/Debug-iphonesimulator/glog\"\ \"/Users/antoniogrillo-balen/Desktop/Projects/RiseBuild/ios/Pods/hermes-engine/destroot/Library/Frameworks/universal\"\ \"/Users/antoniogrillo-balen/Library/Developer/Xcode/DerivedData/risebysolis-gzfsziqwziaggpcbgdowmssiasmi/Build/Products/Debug-iphonesimulator/XCFrameworkIntermediates/hermes-engine/Pre-built\"
    export FRAMEWORK_VERSION\=A
    export FULL_PRODUCT_NAME\=React_Fabric.framework
    export FUSE_BUILD_PHASES\=YES
    export FUSE_BUILD_SCRIPT_PHASES\=NO
    export GCC3_VERSION\=3.3
    export GCC_C_LANGUAGE_STANDARD\=gnu11
    export GCC_DYNAMIC_NO_PIC\=NO
    export GCC_INLINES_ARE_PRIVATE_EXTERN\=YES
    export GCC_NO_COMMON_BLOCKS\=YES
    export GCC_OBJC_LEGACY_DISPATCH\=YES
    export GCC_OPTIMIZATION_LEVEL\=0
    export GCC_PFE_FILE_C_DIALECTS\=c\ objective-c\ c++\ objective-c++
    export GCC_PREFIX_HEADER\=Target\ Support\ Files/React-Fabric/React-Fabric-prefix.pch
    export GCC_PREPROCESSOR_DEFINITIONS\=POD_CONFIGURATION_DEBUG\=1\ DEBUG\=1\ \ COCOAPODS\=1
    export GCC_TREAT_WARNINGS_AS_ERRORS\=NO
    export GCC_VERSION\=com.apple.compilers.llvm.clang.1_0
    export GCC_VERSION_IDENTIFIER\=com_apple_compilers_llvm_clang_1_0
    export GCC_WARN_64_TO_32_BIT_CONVERSION\=YES
    export GCC_WARN_ABOUT_RETURN_TYPE\=YES_ERROR
    export GCC_WARN_PEDANTIC\=YES
    export GCC_WARN_UNDECLARED_SELECTOR\=YES
    export GCC_WARN_UNINITIALIZED_AUTOS\=YES_AGGRESSIVE
    export GCC_WARN_UNUSED_FUNCTION\=YES
    export GCC_WARN_UNUSED_VARIABLE\=YES
    export GENERATED_MODULEMAP_DIR\=/Users/antoniogrillo-balen/Library/Developer/Xcode/DerivedData/risebysolis-gzfsziqwziaggpcbgdowmssiasmi/Build/Intermediates.noindex/GeneratedModuleMaps-iphonesimulator
    export GENERATE_INFOPLIST_FILE\=NO
    export GENERATE_INTERMEDIATE_TEXT_BASED_STUBS\=YES
    export GENERATE_PKGINFO_FILE\=NO
    export GENERATE_PRELINK_OBJECT_FILE\=NO
    export GENERATE_PROFILING_CODE\=NO
    export GENERATE_TEXT_BASED_STUBS\=NO
    export GID\=20
    export GROUP\=staff
    export HEADERMAP_INCLUDES_FLAT_ENTRIES_FOR_TARGET_BEING_BUILT\=YES
    export HEADERMAP_INCLUDES_FRAMEWORK_ENTRIES_FOR_ALL_PRODUCT_TYPES\=YES
    export HEADERMAP_INCLUDES_FRAMEWORK_ENTRIES_FOR_TARGETS_NOT_BEING_BUILT\=YES
    export HEADERMAP_INCLUDES_NONPUBLIC_NONPRIVATE_HEADERS\=YES
    export HEADERMAP_INCLUDES_PROJECT_HEADERS\=YES
    export HEADERMAP_USES_FRAMEWORK_PREFIX_ENTRIES\=YES
    export HEADERMAP_USES_VFS\=YES
    export HEADER_SEARCH_PATHS\=/Users/antoniogrillo-balen/Library/Developer/Xcode/DerivedData/risebysolis-gzfsziqwziaggpcbgdowmssiasmi/Build/Products/Debug-iphonesimulator/React-Fabric/include\ \ /Users/antoniogrillo-balen/Library/Developer/Xcode/DerivedData/risebysolis-gzfsziqwziaggpcbgdowmssiasmi/Build/Products/Debug-iphonesimulator/ReactCommon/ReactCommon.framework/Headers\ /Users/antoniogrillo-balen/Library/Developer/Xcode/DerivedData/risebysolis-gzfsziqwziaggpcbgdowmssiasmi/Build/Products/Debug-iphonesimulator/ReactCommon/ReactCommon.framework/Headers/react/nativemodule/core\ /Users/antoniogrillo-balen/Library/Developer/Xcode/DerivedData/risebysolis-gzfsziqwziaggpcbgdowmssiasmi/Build/Products/Debug-iphonesimulator/ReactCommon-Samples/ReactCommon_Samples.framework/Headers\ /Users/antoniogrillo-balen/Library/Developer/Xcode/DerivedData/risebysolis-gzfsziqwziaggpcbgdowmssiasmi/Build/Products/Debug-iphonesimulator/ReactCommon-Samples/ReactCommon_Samples.framework/Headers/platform/ios\ /Users/antoniogrillo-balen/Library/Developer/Xcode/DerivedData/risebysolis-gzfsziqwziaggpcbgdowmssiasmi/Build/Products/Debug-iphonesimulator/React-Fabric/React_Fabric.framework/Headers/react/renderer/components/view/platform/cxx\ /Users/antoniogrillo-balen/Library/Developer/Xcode/DerivedData/risebysolis-gzfsziqwziaggpcbgdowmssiasmi/Build/Products/Debug-iphonesimulator/React-NativeModulesApple/React_NativeModulesApple.framework/Headers\ /Users/antoniogrillo-balen/Library/Developer/Xcode/DerivedData/risebysolis-gzfsziqwziaggpcbgdowmssiasmi/Build/Products/Debug-iphonesimulator/React-graphics/React_graphics.framework/Headers\ /Users/antoniogrillo-balen/Library/Developer/Xcode/DerivedData/risebysolis-gzfsziqwziaggpcbgdowmssiasmi/Build/Products/Debug-iphonesimulator/React-graphics/React_graphics.framework/Headers/react/renderer/graphics/platform/ios\ \"/Users/antoniogrillo-balen/Desktop/Projects/RiseBuild/ios/Pods/Headers/Public\"\ \"/Users/antoniogrillo-balen/Desktop/Projects/RiseBuild/ios/Pods/Headers/Public/FBLazyVector\"\ \"/Users/antoniogrillo-balen/Desktop/Projects/RiseBuild/ios/Pods/Headers/Public/RCTRequired\"\ \"/Users/antoniogrillo-balen/Desktop/Projects/RiseBuild/ios/Pods/Headers/Public/React-callinvoker\"\ \"/Users/antoniogrillo-balen/Desktop/Projects/RiseBuild/ios/Pods/Headers/Public/React-runtimeexecutor\"\ \"/Users/antoniogrillo-balen/Desktop/Projects/RiseBuild/ios/Pods/Headers/Public/React-timing\"\ \"/Users/antoniogrillo-balen/Desktop/Projects/RiseBuild/ios/Pods/Headers/Public/boost\"\ \"/Users/antoniogrillo-balen/Desktop/Projects/RiseBuild/ios/Pods/Headers/Public/fast_float\"\ \"/Users/antoniogrillo-balen/Desktop/Projects/RiseBuild/ios/Pods/Headers/Public/hermes-engine\"\ \"/Users/antoniogrillo-balen/Library/Developer/Xcode/DerivedData/risebysolis-gzfsziqwziaggpcbgdowmssiasmi/Build/Products/Debug-iphonesimulator/React-rendererdebug/React_rendererdebug.framework/Headers\"\ \"/Users/antoniogrillo-balen/Library/Developer/Xcode/DerivedData/risebysolis-gzfsziqwziaggpcbgdowmssiasmi/Build/Products/Debug-iphonesimulator/React-graphics/React_graphics.framework/Headers\"\ \"/Users/antoniogrillo-balen/Library/Developer/Xcode/DerivedData/risebysolis-gzfsziqwziaggpcbgdowmssiasmi/Build/Products/Debug-iphonesimulator/React-graphics/React_graphics.framework/Headers/react/renderer/graphics/platform/ios\"\ \"/Users/antoniogrillo-balen/Library/Developer/Xcode/DerivedData/risebysolis-gzfsziqwziaggpcbgdowmssiasmi/Build/Products/Debug-iphonesimulator/React-rendererdebug/React_rendererdebug.framework/Headers\"\ \"/Users/antoniogrillo-balen/Library/Developer/Xcode/DerivedData/risebysolis-gzfsziqwziaggpcbgdowmssiasmi/Build/Products/Debug-iphonesimulator/React-graphics/React_graphics.framework/Headers\"\ \"/Users/antoniogrillo-balen/Library/Developer/Xcode/DerivedData/risebysolis-gzfsziqwziaggpcbgdowmssiasmi/Build/Products/Debug-iphonesimulator/React-graphics/React_graphics.framework/Headers/react/renderer/graphics/platform/ios\"\ \"/Users/antoniogrillo-balen/Desktop/Projects/RiseBuild/ios/Pods/Headers/Private/React-Core\"\ \"/Users/antoniogrillo-balen/Library/Developer/Xcode/DerivedData/risebysolis-gzfsziqwziaggpcbgdowmssiasmi/Build/Products/Debug-iphonesimulator/React-rendererdebug/React_rendererdebug.framework/Headers\"\ \"/Users/antoniogrillo-balen/Library/Developer/Xcode/DerivedData/risebysolis-gzfsziqwziaggpcbgdowmssiasmi/Build/Products/Debug-iphonesimulator/React-graphics/React_graphics.framework/Headers\"\ \"/Users/antoniogrillo-balen/Library/Developer/Xcode/DerivedData/risebysolis-gzfsziqwziaggpcbgdowmssiasmi/Build/Products/Debug-iphonesimulator/React-graphics/React_graphics.framework/Headers/react/renderer/graphics/platform/ios\"\ \"/Users/antoniogrillo-balen/Desktop/Projects/RiseBuild/ios/Pods/Headers/Private/Yoga\"\ \"/Users/antoniogrillo-balen/Library/Developer/Xcode/DerivedData/risebysolis-gzfsziqwziaggpcbgdowmssiasmi/Build/Products/Debug-iphonesimulator/React-rendererdebug/React_rendererdebug.framework/Headers\"\ \"/Users/antoniogrillo-balen/Library/Developer/Xcode/DerivedData/risebysolis-gzfsziqwziaggpcbgdowmssiasmi/Build/Products/Debug-iphonesimulator/React-graphics/React_graphics.framework/Headers\"\ \"/Users/antoniogrillo-balen/Library/Developer/Xcode/DerivedData/risebysolis-gzfsziqwziaggpcbgdowmssiasmi/Build/Products/Debug-iphonesimulator/React-graphics/React_graphics.framework/Headers/react/renderer/graphics/platform/ios\"\ \"/Users/antoniogrillo-balen/Desktop/Projects/RiseBuild/ios/Pods/boost\"\ \"/Users/antoniogrillo-balen/Desktop/Projects/RiseBuild/ios/Pods/../../node_modules/react-native/ReactCommon/ReactCommon\"\ \"/Users/antoniogrillo-balen/Desktop/Projects/RiseBuild/ios/Pods/RCT-Folly\"\ \"/Users/antoniogrillo-balen/Desktop/Projects/RiseBuild/ios/Pods/Headers/Private/Yoga\"\ \"/Users/antoniogrillo-balen/Desktop/Projects/RiseBuild/ios/Pods/../../node_modules/react-native/ReactCommon\"\ \"/Users/antoniogrillo-balen/Desktop/Projects/RiseBuild/ios/Pods/DoubleConversion\"\ \"/Users/antoniogrillo-balen/Desktop/Projects/RiseBuild/ios/Pods/fmt/include\"\ \"/Users/antoniogrillo-balen/Desktop/Projects/RiseBuild/ios/Pods/../../node_modules/react-native/ReactCommon/react/renderer/textlayoutmanager/platform/ios\"\ \"/Users/antoniogrillo-balen/Desktop/Projects/RiseBuild/ios/Pods/../../node_modules/react-native/ReactCommon/react/renderer/components/textinput/platform/ios\"\ \"/Users/antoniogrillo-balen/Desktop/Projects/RiseBuild/ios/Pods/../../node_modules/react-native/ReactCommon/react/renderer/components/view/platform/cxx\"
    export HOME\=/Users/antoniogrillo-balen
    export HOST_ARCH\=arm64
    export HOST_PLATFORM\=macosx
    export ICONV\=/usr/bin/iconv
    export IMPLICIT_DEPENDENCY_DOMAIN\=default
    export INDEX_STORE_COMPRESS\=NO
    export INDEX_STORE_ONLY_PROJECT_FILES\=NO
    export INFOPLIST_ENABLE_CFBUNDLEICONS_MERGE\=YES
    export INFOPLIST_EXPAND_BUILD_SETTINGS\=YES
    export INFOPLIST_FILE\=Target\ Support\ Files/React-Fabric/React-Fabric-Info.plist
    export INFOPLIST_OUTPUT_FORMAT\=binary
    export INFOPLIST_PATH\=React_Fabric.framework/Info.plist
    export INFOPLIST_PREPROCESS\=NO
    export INFOSTRINGS_PATH\=React_Fabric.framework/en.lproj/InfoPlist.strings
    export INLINE_PRIVATE_FRAMEWORKS\=NO
    export INSTALLAPI_IGNORE_SKIP_INSTALL\=YES
    export INSTALLHDRS_COPY_PHASE\=NO
    export INSTALLHDRS_SCRIPT_PHASE\=NO
    export INSTALL_DIR\=/tmp/Pods.dst/Library/Frameworks
    export INSTALL_GROUP\=staff
    export INSTALL_MODE_FLAG\=u+w,go-w,a+rX
    export INSTALL_OWNER\=antoniogrillo-balen
    export INSTALL_PATH\=/Library/Frameworks
    export INSTALL_ROOT\=/tmp/Pods.dst
    export IPHONEOS_DEPLOYMENT_TARGET\=15.1
    export IS_UNOPTIMIZED_BUILD\=YES
    export JAVAC_DEFAULT_FLAGS\=-J-Xms64m\ -J-XX:NewSize\=4M\ -J-Dfile.encoding\=UTF8
    export JAVA_APP_STUB\=/System/Library/Frameworks/JavaVM.framework/Resources/MacOS/JavaApplicationStub
    export JAVA_ARCHIVE_CLASSES\=YES
    export JAVA_ARCHIVE_TYPE\=JAR
    export JAVA_COMPILER\=/usr/bin/javac
    export JAVA_FOLDER_PATH\=React_Fabric.framework/Java
    export JAVA_FRAMEWORK_RESOURCES_DIRS\=Resources
    export JAVA_JAR_FLAGS\=cv
    export JAVA_SOURCE_SUBDIR\=.
    export JAVA_USE_DEPENDENCIES\=YES
    export JAVA_ZIP_FLAGS\=-urg
    export JIKES_DEFAULT_FLAGS\=+E\ +OLDCSO
    export KEEP_PRIVATE_EXTERNS\=NO
    export LD_DEPENDENCY_INFO_FILE\=/Users/antoniogrillo-balen/Library/Developer/Xcode/DerivedData/risebysolis-gzfsziqwziaggpcbgdowmssiasmi/Build/Intermediates.noindex/Pods.build/Debug-iphonesimulator/React-Fabric.build/Objects-normal/undefined_arch/React_Fabric_dependency_info.dat
    export LD_DYLIB_INSTALL_NAME\=@rpath/React_Fabric.framework/React_Fabric
    export LD_EXPORT_SYMBOLS\=YES
    export LD_GENERATE_MAP_FILE\=NO
    export LD_MAP_FILE_PATH\=/Users/antoniogrillo-balen/Library/Developer/Xcode/DerivedData/risebysolis-gzfsziqwziaggpcbgdowmssiasmi/Build/Intermediates.noindex/Pods.build/Debug-iphonesimulator/React-Fabric.build/React_Fabric-LinkMap-normal-undefined_arch.txt
    export LD_NO_PIE\=NO
    export LD_QUOTE_LINKER_ARGUMENTS_FOR_COMPILER_DRIVER\=YES
    export LD_RUNPATH_SEARCH_PATHS\=\ @executable_path/Frameworks\ @loader_path/Frameworks
    export LD_SHARED_CACHE_ELIGIBLE\=Automatic
    export LD_WARN_DUPLICATE_LIBRARIES\=NO
    export LD_WARN_UNUSED_DYLIBS\=NO
    export LEGACY_DEVELOPER_DIR\=/Applications/Xcode.app/Contents/PlugIns/Xcode3Core.ideplugin/Contents/SharedSupport/Developer
    export LEX\=lex
    export LIBRARY_DEXT_INSTALL_PATH\=/Library/DriverExtensions
    export LIBRARY_FLAG_NOSPACE\=YES
    export LIBRARY_FLAG_PREFIX\=-l
    export LIBRARY_KEXT_INSTALL_PATH\=/Library/Extensions
    export LIBRARY_SEARCH_PATHS\=/Users/antoniogrillo-balen/Library/Developer/Xcode/DerivedData/risebysolis-gzfsziqwziaggpcbgdowmssiasmi/Build/Products/Debug-iphonesimulator/React-Fabric\ 
    export LINKER_DISPLAYS_MANGLED_NAMES\=NO
    export LINK_FILE_LIST_normal_arm64\=/Users/antoniogrillo-balen/Library/Developer/Xcode/DerivedData/risebysolis-gzfsziqwziaggpcbgdowmssiasmi/Build/Intermediates.noindex/Pods.build/Debug-iphonesimulator/React-Fabric.build/Objects-normal/arm64/React_Fabric.LinkFileList
    export LINK_OBJC_RUNTIME\=YES
    export LINK_WITH_STANDARD_LIBRARIES\=YES
    export LLVM_TARGET_TRIPLE_OS_VERSION\=ios15.1
    export LLVM_TARGET_TRIPLE_SUFFIX\=-simulator
    export LLVM_TARGET_TRIPLE_VENDOR\=apple
    export LM_AUX_CONST_METADATA_LIST_PATH_normal_arm64\=/Users/antoniogrillo-balen/Library/Developer/Xcode/DerivedData/risebysolis-gzfsziqwziaggpcbgdowmssiasmi/Build/Intermediates.noindex/Pods.build/Debug-iphonesimulator/React-Fabric.build/Objects-normal/arm64/React_Fabric.SwiftConstValuesFileList
    export LOCALIZATION_EXPORT_SUPPORTED\=YES
    export LOCALIZATION_PREFERS_STRING_CATALOGS\=NO
    export LOCALIZED_RESOURCES_FOLDER_PATH\=React_Fabric.framework/en.lproj
    export LOCALIZED_STRING_CODE_COMMENTS\=NO
    export LOCALIZED_STRING_MACRO_NAMES\=NSLocalizedString\ CFCopyLocalizedString
    export LOCALIZED_STRING_SWIFTUI_SUPPORT\=YES
    export LOCAL_ADMIN_APPS_DIR\=/Applications/Utilities
    export LOCAL_APPS_DIR\=/Applications
    export LOCAL_DEVELOPER_DIR\=/Library/Developer
    export LOCAL_LIBRARY_DIR\=/Library
    export LOCROOT\=/Users/antoniogrillo-balen/Desktop/Projects/RiseBuild/ios/Pods
    export LOCSYMROOT\=/Users/antoniogrillo-balen/Desktop/Projects/RiseBuild/ios/Pods
    export MACH_O_TYPE\=staticlib
    export MAC_OS_X_PRODUCT_BUILD_VERSION\=25E253
    export MAC_OS_X_VERSION_ACTUAL\=260401
    export MAC_OS_X_VERSION_MAJOR\=260000
    export MAC_OS_X_VERSION_MINOR\=260400
    export MAKE_MERGEABLE\=NO
    export MERGEABLE_LIBRARY\=NO
    export MERGED_BINARY_TYPE\=none
    export MERGE_LINKED_LIBRARIES\=NO
    export METAL_LIBRARY_FILE_BASE\=default
    export METAL_LIBRARY_OUTPUT_DIR\=/Users/antoniogrillo-balen/Library/Developer/Xcode/DerivedData/risebysolis-gzfsziqwziaggpcbgdowmssiasmi/Build/Products/Debug-iphonesimulator/React-Fabric/React_Fabric.framework
    export MODULEMAP_FILE\=Target\ Support\ Files/React-Fabric/React-Fabric.modulemap
    export MODULES_FOLDER_PATH\=React_Fabric.framework/Modules
    export MODULE_CACHE_DIR\=/Users/antoniogrillo-balen/Library/Developer/Xcode/DerivedData/ModuleCache.noindex
    export MTL_ENABLE_DEBUG_INFO\=INCLUDE_SOURCE
    export MTL_FAST_MATH\=YES
    export NATIVE_ARCH\=arm64
    export NATIVE_ARCH_32_BIT\=arm
    export NATIVE_ARCH_64_BIT\=arm64
    export NATIVE_ARCH_ACTUAL\=arm64
    export NO_COMMON\=YES
    export OBJC_ABI_VERSION\=2
    export OBJECT_FILE_DIR\=/Users/antoniogrillo-balen/Library/Developer/Xcode/DerivedData/risebysolis-gzfsziqwziaggpcbgdowmssiasmi/Build/Intermediates.noindex/Pods.build/Debug-iphonesimulator/React-Fabric.build/Objects
    export OBJECT_FILE_DIR_normal\=/Users/antoniogrillo-balen/Library/Developer/Xcode/DerivedData/risebysolis-gzfsziqwziaggpcbgdowmssiasmi/Build/Intermediates.noindex/Pods.build/Debug-iphonesimulator/React-Fabric.build/Objects-normal
    export OBJROOT\=/Users/antoniogrillo-balen/Library/Developer/Xcode/DerivedData/risebysolis-gzfsziqwziaggpcbgdowmssiasmi/Build/Intermediates.noindex
    export ONLY_ACTIVE_ARCH\=YES
    export OS\=MACOS
    export OSAC\=/usr/bin/osacompile
    export OTHER_LDFLAGS\=\ \ 
    export PACKAGE_TYPE\=com.apple.package-type.wrapper.framework
    export PASCAL_STRINGS\=YES
    export PATH\=/Applications/Xcode.app/Contents/SharedFrameworks/SwiftBuild.framework/Versions/A/PlugIns/SWBBuildService.bundle/Contents/PlugIns/SWBUniversalPlatformPlugin.bundle/Contents/Frameworks/SWBUniversalPlatform.framework/Resources:/Applications/Xcode.app/Contents/Developer/Toolchains/XcodeDefault.xctoolchain/usr/bin:/Applications/Xcode.app/Contents/Developer/Toolchains/XcodeDefault.xctoolchain/usr/local/bin:/Applications/Xcode.app/Contents/Developer/Toolchains/XcodeDefault.xctoolchain/usr/libexec:/Applications/Xcode.app/Contents/Developer/Platforms/iPhoneSimulator.platform/usr/bin:/Applications/Xcode.app/Contents/Developer/Platforms/iPhoneSimulator.platform/usr/local/bin:/Applications/Xcode.app/Contents/Developer/Platforms/iPhoneSimulator.platform/Developer/usr/bin:/Applications/Xcode.app/Contents/Developer/Platforms/iPhoneSimulator.platform/Developer/usr/local/bin:/Applications/Xcode.app/Contents/Developer/usr/bin:/Applications/Xcode.app/Contents/Developer/usr/local/bin:/opt/homebrew/opt/ruby/bin:/opt/homebrew/lib/ruby/gems/4.0.0/bin:/opt/homebrew/bin:/opt/homebrew/sbin:/Users/antoniogrillo-balen/.nvm/versions/node/v24.14.1/bin:/Library/Frameworks/Python.framework/Versions/3.14/bin:/usr/local/bin:/System/Cryptexes/App/usr/bin:/usr/bin:/bin:/usr/sbin:/sbin:/var/run/com.apple.security.cryptexd/codex.system/bootstrap/usr/local/bin:/var/run/com.apple.security.cryptexd/codex.system/bootstrap/usr/bin:/var/run/com.apple.security.cryptexd/codex.system/bootstrap/usr/appleinternal/bin:/opt/pkg/env/active/bin:/opt/pmk/env/global/bin:/Library/Apple/usr/bin:/Applications/VMware\ Fusion.app/Contents/Public:/Users/antoniogrillo-balen/.cargo/bin:/Users/antoniogrillo-balen/.cache/plugins/.install-staging/25283474a0e0d4a060cb0e915c1ec54e3d41ef2e/cursor/repo/bin:/Users/antoniogrillo-balen/.claude/plugins/cache/claude-plugins-official/superpowers/5.1.0/bin:/Users/antoniogrillo-balen/.claude/plugins/cache/claude-plugins-official/frontend-design/unknown/bin:/Users/antoniogrillo-balen/.claude/plugins/cache/claude-plugins-official/code-simplifier/1.0.0/bin:/Users/antoniogrillo-balen/.claude/plugins/cache/claude-plugins-official/security-guidance/unknown/bin:/Users/antoniogrillo-balen/.claude/plugins/cache/thedotmack/claude-mem/12.1.1/bin
    export PATH_PREFIXES_EXCLUDED_FROM_HEADER_DEPENDENCIES\=/usr/include\ /usr/local/include\ /System/Library/Frameworks\ /System/Library/PrivateFrameworks\ /Applications/Xcode.app/Contents/Developer/Headers\ /Applications/Xcode.app/Contents/Developer/SDKs\ /Applications/Xcode.app/Contents/Developer/Platforms
    export PBDEVELOPMENTPLIST_PATH\=React_Fabric.framework/pbdevelopment.plist
    export PER_ARCH_MODULE_FILE_DIR\=/Users/antoniogrillo-balen/Library/Developer/Xcode/DerivedData/risebysolis-gzfsziqwziaggpcbgdowmssiasmi/Build/Intermediates.noindex/Pods.build/Debug-iphonesimulator/React-Fabric.build/Objects-normal/undefined_arch
    export PER_ARCH_OBJECT_FILE_DIR\=/Users/antoniogrillo-balen/Library/Developer/Xcode/DerivedData/risebysolis-gzfsziqwziaggpcbgdowmssiasmi/Build/Intermediates.noindex/Pods.build/Debug-iphonesimulator/React-Fabric.build/Objects-normal/undefined_arch
    export PER_VARIANT_OBJECT_FILE_DIR\=/Users/antoniogrillo-balen/Library/Developer/Xcode/DerivedData/risebysolis-gzfsziqwziaggpcbgdowmssiasmi/Build/Intermediates.noindex/Pods.build/Debug-iphonesimulator/React-Fabric.build/Objects-normal
    export PKGINFO_FILE_PATH\=/Users/antoniogrillo-balen/Library/Developer/Xcode/DerivedData/risebysolis-gzfsziqwziaggpcbgdowmssiasmi/Build/Intermediates.noindex/Pods.build/Debug-iphonesimulator/React-Fabric.build/PkgInfo
    export PKGINFO_PATH\=React_Fabric.framework/PkgInfo
    export PLATFORM_DEVELOPER_APPLICATIONS_DIR\=/Applications/Xcode.app/Contents/Developer/Platforms/iPhoneSimulator.platform/Developer/Applications
    export PLATFORM_DEVELOPER_BIN_DIR\=/Applications/Xcode.app/Contents/Developer/Platforms/iPhoneSimulator.platform/Developer/usr/bin
    export PLATFORM_DEVELOPER_LIBRARY_DIR\=/Applications/Xcode.app/Contents/Developer/Platforms/iPhoneSimulator.platform/Developer/Library
    export PLATFORM_DEVELOPER_SDK_DIR\=/Applications/Xcode.app/Contents/Developer/Platforms/iPhoneSimulator.platform/Developer/SDKs
    export PLATFORM_DEVELOPER_TOOLS_DIR\=/Applications/Xcode.app/Contents/Developer/Platforms/iPhoneSimulator.platform/Developer/Tools
    export PLATFORM_DEVELOPER_USR_DIR\=/Applications/Xcode.app/Contents/Developer/Platforms/iPhoneSimulator.platform/Developer/usr
    export PLATFORM_DIR\=/Applications/Xcode.app/Contents/Developer/Platforms/iPhoneSimulator.platform
    export PLATFORM_DISPLAY_NAME\=iOS\ Simulator
    export PLATFORM_FAMILY_NAME\=iOS
    export PLATFORM_NAME\=iphonesimulator
    export PLATFORM_PREFERRED_ARCH\=x86_64
    export PLATFORM_PRODUCT_BUILD_VERSION\=23F73
    export PLATFORM_REQUIRES_SWIFT_AUTOLINK_EXTRACT\=NO
    export PLATFORM_REQUIRES_SWIFT_MODULEWRAP\=NO
    export PLATFORM_USES_DSYMS\=YES
    export PLIST_FILE_OUTPUT_FORMAT\=binary
    export PLUGINS_FOLDER_PATH\=React_Fabric.framework/PlugIns
    export PODS_BUILD_DIR\=/Users/antoniogrillo-balen/Library/Developer/Xcode/DerivedData/risebysolis-gzfsziqwziaggpcbgdowmssiasmi/Build/Products
    export PODS_CONFIGURATION_BUILD_DIR\=/Users/antoniogrillo-balen/Library/Developer/Xcode/DerivedData/risebysolis-gzfsziqwziaggpcbgdowmssiasmi/Build/Products/Debug-iphonesimulator
    export PODS_DEVELOPMENT_LANGUAGE\=en
    export PODS_ROOT\=/Users/antoniogrillo-balen/Desktop/Projects/RiseBuild/ios/Pods
    export PODS_TARGET_SRCROOT\=/Users/antoniogrillo-balen/Desktop/Projects/RiseBuild/ios/Pods/../../node_modules/react-native/ReactCommon
    export PODS_XCFRAMEWORKS_BUILD_DIR\=/Users/antoniogrillo-balen/Library/Developer/Xcode/DerivedData/risebysolis-gzfsziqwziaggpcbgdowmssiasmi/Build/Products/Debug-iphonesimulator/XCFrameworkIntermediates
    export PRECOMPS_INCLUDE_HEADERS_FROM_BUILT_PRODUCTS_DIR\=YES
    export PRECOMP_DESTINATION_DIR\=/Users/antoniogrillo-balen/Library/Developer/Xcode/DerivedData/risebysolis-gzfsziqwziaggpcbgdowmssiasmi/Build/Intermediates.noindex/Pods.build/Debug-iphonesimulator/React-Fabric.build/PrefixHeaders
    export PRIVATE_HEADERS_FOLDER_PATH\=React_Fabric.framework/PrivateHeaders
    export PROCESSED_INFOPLIST_PATH\=/Users/antoniogrillo-balen/Library/Developer/Xcode/DerivedData/risebysolis-gzfsziqwziaggpcbgdowmssiasmi/Build/Intermediates.noindex/Pods.build/Debug-iphonesimulator/React-Fabric.build/Objects-normal/undefined_arch/Processed-Info.plist
    export PRODUCT_BUNDLE_IDENTIFIER\=org.cocoapods.React-Fabric
    export PRODUCT_BUNDLE_PACKAGE_TYPE\=FMWK
    export PRODUCT_MODULE_NAME\=React_Fabric
    export PRODUCT_NAME\=React_Fabric
    export PRODUCT_SETTINGS_PATH\=/Users/antoniogrillo-balen/Desktop/Projects/RiseBuild/ios/Pods/Target\ Support\ Files/React-Fabric/React-Fabric-Info.plist
    export PRODUCT_TYPE\=com.apple.product-type.framework
    export PROFILING_CODE\=NO
    export PROJECT\=Pods
    export PROJECT_DERIVED_FILE_DIR\=/Users/antoniogrillo-balen/Library/Developer/Xcode/DerivedData/risebysolis-gzfsziqwziaggpcbgdowmssiasmi/Build/Intermediates.noindex/Pods.build/DerivedSources
    export PROJECT_DIR\=/Users/antoniogrillo-balen/Desktop/Projects/RiseBuild/ios/Pods
    export PROJECT_FILE_PATH\=/Users/antoniogrillo-balen/Desktop/Projects/RiseBuild/ios/Pods/Pods.xcodeproj
    export PROJECT_GUID\=8699adb1dd336b26511df848a716bd42
    export PROJECT_NAME\=Pods
    export PROJECT_TEMP_DIR\=/Users/antoniogrillo-balen/Library/Developer/Xcode/DerivedData/risebysolis-gzfsziqwziaggpcbgdowmssiasmi/Build/Intermediates.noindex/Pods.build
    export PROJECT_TEMP_ROOT\=/Users/antoniogrillo-balen/Library/Developer/Xcode/DerivedData/risebysolis-gzfsziqwziaggpcbgdowmssiasmi/Build/Intermediates.noindex
    export PUBLIC_HEADERS_FOLDER_PATH\=React_Fabric.framework/Headers
    export REACT_NATIVE_PATH\=/Users/antoniogrillo-balen/Desktop/Projects/RiseBuild/ios/Pods/../../node_modules/react-native
    export RECOMMENDED_IPHONEOS_DEPLOYMENT_TARGET\=15.0
    export RECURSIVE_SEARCH_PATHS_FOLLOW_SYMLINKS\=YES
    export REMOVE_CVS_FROM_RESOURCES\=YES
    export REMOVE_GIT_FROM_RESOURCES\=YES
    export REMOVE_HEADERS_FROM_EMBEDDED_BUNDLES\=YES
    export REMOVE_HG_FROM_RESOURCES\=YES
    export REMOVE_STATIC_EXECUTABLES_FROM_EMBEDDED_BUNDLES\=YES
    export REMOVE_SVN_FROM_RESOURCES\=YES
    export RESCHEDULE_INDEPENDENT_HEADERS_PHASES\=YES
    export REZ_COLLECTOR_DIR\=/Users/antoniogrillo-balen/Library/Developer/Xcode/DerivedData/risebysolis-gzfsziqwziaggpcbgdowmssiasmi/Build/Intermediates.noindex/Pods.build/Debug-iphonesimulator/React-Fabric.build/ResourceManagerResources
    export REZ_OBJECTS_DIR\=/Users/antoniogrillo-balen/Library/Developer/Xcode/DerivedData/risebysolis-gzfsziqwziaggpcbgdowmssiasmi/Build/Intermediates.noindex/Pods.build/Debug-iphonesimulator/React-Fabric.build/ResourceManagerResources/Objects
    export REZ_SEARCH_PATHS\=/Users/antoniogrillo-balen/Library/Developer/Xcode/DerivedData/risebysolis-gzfsziqwziaggpcbgdowmssiasmi/Build/Products/Debug-iphonesimulator/React-Fabric\ 
    export RPATH_ORIGIN\=@loader_path
    export RUNTIME_EXCEPTION_ALLOW_DYLD_ENVIRONMENT_VARIABLES\=NO
    export RUNTIME_EXCEPTION_ALLOW_JIT\=NO
    export RUNTIME_EXCEPTION_ALLOW_UNSIGNED_EXECUTABLE_MEMORY\=NO
    export RUNTIME_EXCEPTION_DEBUGGING_TOOL\=NO
    export RUNTIME_EXCEPTION_DISABLE_EXECUTABLE_PAGE_PROTECTION\=NO
    export RUNTIME_EXCEPTION_DISABLE_LIBRARY_VALIDATION\=NO
    export SCANNING_PCM_KEEP_CACHE_DIRECTORY\=YES
    export SCAN_ALL_SOURCE_FILES_FOR_INCLUDES\=NO
    export SCRIPTS_FOLDER_PATH\=React_Fabric.framework/Scripts
    export SCRIPT_INPUT_FILE_COUNT\=0
    export SCRIPT_INPUT_FILE_LIST_COUNT\=0
    export SCRIPT_OUTPUT_FILE_COUNT\=0
    export SCRIPT_OUTPUT_FILE_LIST_COUNT\=0
    export SDKROOT\=/Applications/Xcode.app/Contents/Developer/Platforms/iPhoneSimulator.platform/Developer/SDKs/iPhoneSimulator26.5.sdk
    export SDK_DIR\=/Applications/Xcode.app/Contents/Developer/Platforms/iPhoneSimulator.platform/Developer/SDKs/iPhoneSimulator26.5.sdk
    export SDK_DIR_iphonesimulator\=/Applications/Xcode.app/Contents/Developer/Platforms/iPhoneSimulator.platform/Developer/SDKs/iPhoneSimulator26.5.sdk
    export SDK_DIR_iphonesimulator26_5\=/Applications/Xcode.app/Contents/Developer/Platforms/iPhoneSimulator.platform/Developer/SDKs/iPhoneSimulator26.5.sdk
    export SDK_NAME\=iphonesimulator26.5
    export SDK_NAMES\=iphonesimulator26.5
    export SDK_PRODUCT_BUILD_VERSION\=23F73
    export SDK_STAT_CACHE_DIR\=/Users/antoniogrillo-balen/Library/Developer/Xcode/DerivedData
    export SDK_STAT_CACHE_ENABLE\=YES
    export SDK_STAT_CACHE_PATH\=/Users/antoniogrillo-balen/Library/Developer/Xcode/DerivedData/SDKStatCaches.noindex/iphonesimulator26.5-23F73-6cfe768891a92b912361537c460fe42b.sdkstatcache
    export SDK_VERSION\=26.5
    export SDK_VERSION_ACTUAL\=260500
    export SDK_VERSION_MAJOR\=260000
    export SDK_VERSION_MINOR\=260500
    export SED\=/usr/bin/sed
    export SEPARATE_STRIP\=NO
    export SEPARATE_SYMBOL_EDIT\=NO
    export SET_DIR_MODE_OWNER_GROUP\=YES
    export SET_FILE_MODE_OWNER_GROUP\=NO
    export SHALLOW_BUNDLE\=YES
    export SHALLOW_BUNDLE_TRIPLE\=ios-simulator
    export SHALLOW_BUNDLE_ios_macabi\=NO
    export SHALLOW_BUNDLE_macos\=NO
    export SHARED_DERIVED_FILE_DIR\=/Users/antoniogrillo-balen/Library/Developer/Xcode/DerivedData/risebysolis-gzfsziqwziaggpcbgdowmssiasmi/Build/Products/Debug-iphonesimulator/React-Fabric/DerivedSources
    export SHARED_FRAMEWORKS_FOLDER_PATH\=React_Fabric.framework/SharedFrameworks
    export SHARED_PRECOMPS_DIR\=/Users/antoniogrillo-balen/Library/Developer/Xcode/DerivedData/risebysolis-gzfsziqwziaggpcbgdowmssiasmi/Build/Intermediates.noindex/PrecompiledHeaders
    export SHARED_SUPPORT_FOLDER_PATH\=React_Fabric.framework
    export SKIP_INSTALL\=YES
    export SKIP_MERGEABLE_LIBRARY_BUNDLE_HOOK\=NO
    export SOURCE_ROOT\=/Users/antoniogrillo-balen/Desktop/Projects/RiseBuild/ios/Pods
    export SRCROOT\=/Users/antoniogrillo-balen/Desktop/Projects/RiseBuild/ios/Pods
    export STRINGSDATA_DIR\=/Users/antoniogrillo-balen/Library/Developer/Xcode/DerivedData/risebysolis-gzfsziqwziaggpcbgdowmssiasmi/Build/Intermediates.noindex/Pods.build/Debug-iphonesimulator/React-Fabric.build/Objects-normal/undefined_arch
    export STRINGSDATA_ROOT\=/Users/antoniogrillo-balen/Library/Developer/Xcode/DerivedData/risebysolis-gzfsziqwziaggpcbgdowmssiasmi/Build/Intermediates.noindex/Pods.build/Debug-iphonesimulator/React-Fabric.build
    export STRINGS_FILE_INFOPLIST_RENAME\=YES
    export STRINGS_FILE_OUTPUT_ENCODING\=binary
    export STRING_CATALOG_GENERATE_SYMBOLS\=NO
    export STRIP_BITCODE_FROM_COPIED_FILES\=NO
    export STRIP_INSTALLED_PRODUCT\=NO
    export STRIP_STYLE\=debugging
    export STRIP_SWIFT_SYMBOLS\=YES
    export SUPPORTED_DEVICE_FAMILIES\=1,2
    export SUPPORTED_PLATFORMS\=iphoneos\ iphonesimulator
    export SUPPORTS_TEXT_BASED_API\=NO
    export SUPPRESS_WARNINGS\=NO
    export SWIFT_ACTIVE_COMPILATION_CONDITIONS\=\ DEBUG\ 
    export SWIFT_EMIT_CONST_VALUE_PROTOCOLS\=AnyResolverProviding\ AppEntity\ AppEnum\ AppExtension\ AppIntent\ AppIntentsPackage\ AppShortcutProviding\ AppShortcutsProvider\ AppUnionValue\ AppUnionValueCasesProviding\ DynamicOptionsProvider\ EntityQuery\ ExtensionPointDefining\ IntentValueQuery\ Resolver\ TransientEntity\ _AssistantIntentsProvider\ _GenerativeFunctionExtractable\ _IntentValueRepresentable
    export SWIFT_EMIT_LOC_STRINGS\=NO
    export SWIFT_ENABLE_EXPLICIT_MODULES\=YES
    export SWIFT_INSTALL_MODULE_FOR_DEPLOYMENT\=YES
    export SWIFT_INSTALL_OBJC_HEADER\=YES
    export SWIFT_OPTIMIZATION_LEVEL\=-Onone
    export SWIFT_PLATFORM_TARGET_PREFIX\=ios
    export SWIFT_RESPONSE_FILE_PATH_normal_arm64\=/Users/antoniogrillo-balen/Library/Developer/Xcode/DerivedData/risebysolis-gzfsziqwziaggpcbgdowmssiasmi/Build/Intermediates.noindex/Pods.build/Debug-iphonesimulator/React-Fabric.build/Objects-normal/arm64/React_Fabric.SwiftFileList
    export SWIFT_VERSION\=5.0
    export SYMROOT\=/Users/antoniogrillo-balen/Library/Developer/Xcode/DerivedData/risebysolis-gzfsziqwziaggpcbgdowmssiasmi/Build/Products
    export SYSTEM_ADMIN_APPS_DIR\=/Applications/Utilities
    export SYSTEM_APPS_DIR\=/Applications
    export SYSTEM_CORE_SERVICES_DIR\=/System/Library/CoreServices
    export SYSTEM_DEMOS_DIR\=/Applications/Extras
    export SYSTEM_DEVELOPER_APPS_DIR\=/Applications/Xcode.app/Contents/Developer/Applications
    export SYSTEM_DEVELOPER_BIN_DIR\=/Applications/Xcode.app/Contents/Developer/usr/bin
    export SYSTEM_DEVELOPER_DEMOS_DIR\=/Applications/Xcode.app/Contents/Developer/Applications/Utilities/Built\ Examples
    export SYSTEM_DEVELOPER_DIR\=/Applications/Xcode.app/Contents/Developer
    export SYSTEM_DEVELOPER_DOC_DIR\=/Applications/Xcode.app/Contents/Developer/ADC\ Reference\ Library
    export SYSTEM_DEVELOPER_GRAPHICS_TOOLS_DIR\=/Applications/Xcode.app/Contents/Developer/Applications/Graphics\ Tools
    export SYSTEM_DEVELOPER_JAVA_TOOLS_DIR\=/Applications/Xcode.app/Contents/Developer/Applications/Java\ Tools
    export SYSTEM_DEVELOPER_PERFORMANCE_TOOLS_DIR\=/Applications/Xcode.app/Contents/Developer/Applications/Performance\ Tools
    export SYSTEM_DEVELOPER_RELEASENOTES_DIR\=/Applications/Xcode.app/Contents/Developer/ADC\ Reference\ Library/releasenotes
    export SYSTEM_DEVELOPER_TOOLS\=/Applications/Xcode.app/Contents/Developer/Tools
    export SYSTEM_DEVELOPER_TOOLS_DOC_DIR\=/Applications/Xcode.app/Contents/Developer/ADC\ Reference\ Library/documentation/DeveloperTools
    export SYSTEM_DEVELOPER_TOOLS_RELEASENOTES_DIR\=/Applications/Xcode.app/Contents/Developer/ADC\ Reference\ Library/releasenotes/DeveloperTools
    export SYSTEM_DEVELOPER_USR_DIR\=/Applications/Xcode.app/Contents/Developer/usr
    export SYSTEM_DEVELOPER_UTILITIES_DIR\=/Applications/Xcode.app/Contents/Developer/Applications/Utilities
    export SYSTEM_DEXT_INSTALL_PATH\=/System/Library/DriverExtensions
    export SYSTEM_DOCUMENTATION_DIR\=/Library/Documentation
    export SYSTEM_EXTENSIONS_FOLDER_PATH\=React_Fabric.framework/SystemExtensions
    export SYSTEM_EXTENSIONS_FOLDER_PATH_SHALLOW_BUNDLE_NO\=React_Fabric.framework/Library/SystemExtensions
    export SYSTEM_EXTENSIONS_FOLDER_PATH_SHALLOW_BUNDLE_YES\=React_Fabric.framework/SystemExtensions
    export SYSTEM_KEXT_INSTALL_PATH\=/System/Library/Extensions
    export SYSTEM_LIBRARY_DIR\=/System/Library
    export TAPI_DEMANGLE\=YES
    export TAPI_ENABLE_PROJECT_HEADERS\=NO
    export TAPI_LANGUAGE\=objective-c
    export TAPI_LANGUAGE_STANDARD\=compiler-default
    export TAPI_USE_SRCROOT\=YES
    export TAPI_VERIFY_MODE\=Pedantic
    export TARGETED_DEVICE_FAMILY\=1,2
    export TARGETNAME\=React-Fabric
    export TARGET_BUILD_DIR\=/Users/antoniogrillo-balen/Library/Developer/Xcode/DerivedData/risebysolis-gzfsziqwziaggpcbgdowmssiasmi/Build/Products/Debug-iphonesimulator/React-Fabric
    export TARGET_DEVICE_IDENTIFIER\=0C333F8A-4681-4475-855E-6FFD70F12533
    export TARGET_DEVICE_MODEL\=iPhone16,2
    export TARGET_DEVICE_OS_VERSION\=26.4.1
    export TARGET_DEVICE_PLATFORM_NAME\=iphonesimulator
    export TARGET_NAME\=React-Fabric
    export TARGET_TEMP_DIR\=/Users/antoniogrillo-balen/Library/Developer/Xcode/DerivedData/risebysolis-gzfsziqwziaggpcbgdowmssiasmi/Build/Intermediates.noindex/Pods.build/Debug-iphonesimulator/React-Fabric.build
    export TEMP_DIR\=/Users/antoniogrillo-balen/Library/Developer/Xcode/DerivedData/risebysolis-gzfsziqwziaggpcbgdowmssiasmi/Build/Intermediates.noindex/Pods.build/Debug-iphonesimulator/React-Fabric.build
    export TEMP_FILES_DIR\=/Users/antoniogrillo-balen/Library/Developer/Xcode/DerivedData/risebysolis-gzfsziqwziaggpcbgdowmssiasmi/Build/Intermediates.noindex/Pods.build/Debug-iphonesimulator/React-Fabric.build
    export TEMP_FILE_DIR\=/Users/antoniogrillo-balen/Library/Developer/Xcode/DerivedData/risebysolis-gzfsziqwziaggpcbgdowmssiasmi/Build/Intermediates.noindex/Pods.build/Debug-iphonesimulator/React-Fabric.build
    export TEMP_ROOT\=/Users/antoniogrillo-balen/Library/Developer/Xcode/DerivedData/risebysolis-gzfsziqwziaggpcbgdowmssiasmi/Build/Intermediates.noindex
    export TEMP_SANDBOX_DIR\=/Users/antoniogrillo-balen/Library/Developer/Xcode/DerivedData/risebysolis-gzfsziqwziaggpcbgdowmssiasmi/Build/Intermediates.noindex/TemporaryTaskSandboxes
    export TEST_FRAMEWORK_SEARCH_PATHS\=\ /Applications/Xcode.app/Contents/Developer/Platforms/iPhoneSimulator.platform/Developer/Library/Frameworks\ /Applications/Xcode.app/Contents/Developer/Platforms/iPhoneSimulator.platform/Developer/SDKs/iPhoneSimulator26.5.sdk/Developer/Library/Frameworks
    export TEST_LIBRARY_SEARCH_PATHS\=\ /Applications/Xcode.app/Contents/Developer/Platforms/iPhoneSimulator.platform/Developer/usr/lib
    export TOOLCHAINS\=com.apple.dt.toolchain.XcodeDefault
    export TOOLCHAIN_DIR\=/Applications/Xcode.app/Contents/Developer/Toolchains/XcodeDefault.xctoolchain
    export TREAT_MISSING_BASELINES_AS_TEST_FAILURES\=NO
    export TREAT_MISSING_SCRIPT_PHASE_OUTPUTS_AS_ERRORS\=NO
    export TeamIdentifierPrefix\=FAKETEAMID.
    export UID\=501
    export UNINSTALLED_PRODUCTS_DIR\=/Users/antoniogrillo-balen/Library/Developer/Xcode/DerivedData/risebysolis-gzfsziqwziaggpcbgdowmssiasmi/Build/Intermediates.noindex/UninstalledProducts
    export UNLOCALIZED_RESOURCES_FOLDER_PATH\=React_Fabric.framework
    export UNLOCALIZED_RESOURCES_FOLDER_PATH_SHALLOW_BUNDLE_NO\=React_Fabric.framework/Resources
    export UNLOCALIZED_RESOURCES_FOLDER_PATH_SHALLOW_BUNDLE_YES\=React_Fabric.framework
    export UNSTRIPPED_PRODUCT\=NO
    export USER\=antoniogrillo-balen
    export USER_APPS_DIR\=/Users/antoniogrillo-balen/Applications
    export USER_LIBRARY_DIR\=/Users/antoniogrillo-balen/Library
    export USE_DYNAMIC_NO_PIC\=YES
    export USE_HEADERMAP\=YES
    export USE_HEADER_SYMLINKS\=NO
    export USE_HERMES\=true
    export USE_RECURSIVE_SCRIPT_INPUTS_IN_SCRIPT_PHASES\=YES
    export VALIDATE_DEVELOPMENT_ASSET_PATHS\=YES_ERROR
    export VALIDATE_PRODUCT\=NO
    export VALID_ARCHS\=arm64\ x86_64
    export VERBOSE_PBXCP\=NO
    export VERSIONING_SYSTEM\=apple-generic
    export VERSIONPLIST_PATH\=React_Fabric.framework/version.plist
    export VERSIONS_FOLDER_PATH\=React_Fabric.framework
    export VERSIONS_FOLDER_PATH_SHALLOW_BUNDLE_NO\=React_Fabric.framework/Versions
    export VERSIONS_FOLDER_PATH_SHALLOW_BUNDLE_YES\=React_Fabric.framework
    export VERSION_INFO_BUILDER\=antoniogrillo-balen
    export VERSION_INFO_FILE\=React_Fabric_vers.c
    export VERSION_INFO_STRING\=\"@\(\#\)PROGRAM:React_Fabric\ \ PROJECT:Pods-1\"
    export WORKSPACE_DIR\=/Users/antoniogrillo-balen/Desktop/Projects/RiseBuild/ios
    export WRAPPER_EXTENSION\=framework
    export WRAPPER_NAME\=React_Fabric.framework
    export WRAPPER_SUFFIX\=.framework
    export WRAP_ASSET_PACKS_IN_SEPARATE_DIRECTORIES\=NO
    export XCODE_APP_SUPPORT_DIR\=/Applications/Xcode.app/Contents/Developer/Library/Xcode
    export XCODE_PRODUCT_BUILD_VERSION\=17F42
    export XCODE_VERSION_ACTUAL\=2650
    export XCODE_VERSION_MAJOR\=2600
    export XCODE_VERSION_MINOR\=2650
    export XPCSERVICES_FOLDER_PATH\=React_Fabric.framework/XPCServices
    export YACC\=yacc
    export _DISCOVER_COMMAND_LINE_LINKER_INPUTS\=YES
    export _DISCOVER_COMMAND_LINE_LINKER_INPUTS_INCLUDE_WL\=YES
    export _LD_MULTIARCH\=YES
    export _WRAPPER_CONTENTS_DIR_SHALLOW_BUNDLE_NO\=/Contents
    export _WRAPPER_PARENT_PATH_SHALLOW_BUNDLE_NO\=/..
    export _WRAPPER_RESOURCES_DIR_SHALLOW_BUNDLE_NO\=/Resources
    export __DIAGNOSE_DEPRECATED_ARCHS\=YES
    export __ORIGINAL_SDK_DEFINED_LLVM_TARGET_TRIPLE_SYS\=ios
    export arch\=undefined_arch
    export variant\=normal
    /bin/sh -c /Users/antoniogrillo-balen/Library/Developer/Xcode/DerivedData/risebysolis-gzfsziqwziaggpcbgdowmssiasmi/Build/Intermediates.noindex/Pods.build/Debug-iphonesimulator/React-Fabric.build/Script-46EB2E00026830.sh

warning: Run script build phase 'Create Symlinks to Header Folders' will be run during every build because it does not specify any outputs. To address this issue, either add output dependencies to the script phase, or configure it to run in every build by unchecking "Based on dependency analysis" in the script phase. (in target 'React-ImageManager' from project 'Pods')
PhaseScriptExecution Create\ Symlinks\ to\ Header\ Folders /Users/antoniogrillo-balen/Library/Developer/Xcode/DerivedData/risebysolis-gzfsziqwziaggpcbgdowmssiasmi/Build/Intermediates.noindex/Pods.build/Debug-iphonesimulator/React-ImageManager.build/Script-46EB2E00027880.sh (in target 'React-ImageManager' from project 'Pods')
    cd /Users/antoniogrillo-balen/Desktop/Projects/RiseBuild/ios/Pods
    export ACTION\=build
    export AD_HOC_CODE_SIGNING_ALLOWED\=YES
    export ALLOW_BUILD_REQUEST_OVERRIDES\=NO
    export ALLOW_TARGET_PLATFORM_SPECIALIZATION\=NO
    export ALTERNATE_GROUP\=staff
    export ALTERNATE_MODE\=u+w,go-w,a+rX
    export ALTERNATE_OWNER\=antoniogrillo-balen
    export ALTERNATIVE_DISTRIBUTION_WEB\=NO
    export ALWAYS_EMBED_SWIFT_STANDARD_LIBRARIES\=NO
    export ALWAYS_SEARCH_USER_PATHS\=NO
    export ALWAYS_USE_SEPARATE_HEADERMAPS\=NO
    export APPLICATION_EXTENSION_API_ONLY\=NO
    export APPLY_RULES_IN_COPY_FILES\=NO
    export APPLY_RULES_IN_COPY_HEADERS\=NO
    export APP_SHORTCUTS_ENABLE_FLEXIBLE_MATCHING\=YES
    export ARCHS\=arm64
    export ARCHS_BASE\=arm64
    export ARCHS_STANDARD\=arm64\ x86_64
    export ARCHS_STANDARD_32_64_BIT\=arm64\ x86_64
    export ARCHS_STANDARD_64_BIT\=arm64\ x86_64
    export ARCHS_STANDARD_INCLUDING_64_BIT\=arm64\ x86_64
    export ARCHS_UNIVERSAL_IPHONE_OS\=arm64\ x86_64
    export ASSETCATALOG_FILTER_FOR_DEVICE_MODEL\=iPhone16,2
    export ASSETCATALOG_FILTER_FOR_DEVICE_OS_VERSION\=26.4.1
    export ASSETCATALOG_FILTER_FOR_THINNING_DEVICE_CONFIGURATION\=iPhone16,2
    export AUTOMATICALLY_MERGE_DEPENDENCIES\=NO
    export AUTOMATION_APPLE_EVENTS\=NO
    export AVAILABLE_PLATFORMS\=android\ appletvos\ appletvsimulator\ driverkit\ freebsd\ iphoneos\ iphonesimulator\ linux\ macosx\ none\ openbsd\ qnx\ watchos\ watchsimulator\ webassembly\ xros\ xrsimulator
    export AppIdentifierPrefix\=FAKETEAMID.
    export BUILD_ACTIVE_RESOURCES_ONLY\=YES
    export BUILD_COMPONENTS\=headers\ build
    export BUILD_DIR\=/Users/antoniogrillo-balen/Library/Developer/Xcode/DerivedData/risebysolis-gzfsziqwziaggpcbgdowmssiasmi/Build/Products
    export BUILD_LIBRARY_FOR_DISTRIBUTION\=NO
    export BUILD_ONLY_KNOWN_LOCALIZATIONS\=NO
    export BUILD_ROOT\=/Users/antoniogrillo-balen/Library/Developer/Xcode/DerivedData/risebysolis-gzfsziqwziaggpcbgdowmssiasmi/Build/Products
    export BUILD_STYLE\=
    export BUILD_VARIANTS\=normal
    export BUILT_PRODUCTS_DIR\=/Users/antoniogrillo-balen/Library/Developer/Xcode/DerivedData/risebysolis-gzfsziqwziaggpcbgdowmssiasmi/Build/Products/Debug-iphonesimulator/React-ImageManager
    export BUNDLE_CONTENTS_FOLDER_PATH_deep\=Contents/
    export BUNDLE_EXECUTABLE_FOLDER_NAME_deep\=MacOS
    export BUNDLE_EXTENSIONS_FOLDER_PATH\=Extensions
    export BUNDLE_FORMAT\=shallow
    export BUNDLE_FRAMEWORKS_FOLDER_PATH\=Frameworks
    export BUNDLE_PLUGINS_FOLDER_PATH\=PlugIns
    export BUNDLE_PRIVATE_HEADERS_FOLDER_PATH\=PrivateHeaders
    export BUNDLE_PUBLIC_HEADERS_FOLDER_PATH\=Headers
    export CACHE_ROOT\=/var/folders/2z/jtlqylkx0c709j3xb7b0g4cm0000gn/C/com.apple.DeveloperTools/26.5-17F42/Xcode
    export CCHROOT\=/var/folders/2z/jtlqylkx0c709j3xb7b0g4cm0000gn/C/com.apple.DeveloperTools/26.5-17F42/Xcode
    export CHMOD\=/bin/chmod
    export CHOWN\=chown
    export CLANG_ANALYZER_LOCALIZABILITY_NONLOCALIZED\=YES
    export CLANG_ANALYZER_NONNULL\=YES
    export CLANG_ANALYZER_NUMBER_OBJECT_CONVERSION\=YES_AGGRESSIVE
    export CLANG_CACHE_FINE_GRAINED_OUTPUTS\=YES
    export CLANG_CXX_LANGUAGE_STANDARD\=c++20
    export CLANG_CXX_LIBRARY\=libc++
    export CLANG_ENABLE_EXPLICIT_MODULES\=YES
    export CLANG_ENABLE_MODULES\=YES
    export CLANG_ENABLE_OBJC_ARC\=YES
    export CLANG_ENABLE_OBJC_WEAK\=NO
    export CLANG_MODULES_BUILD_SESSION_FILE\=/Users/antoniogrillo-balen/Library/Developer/Xcode/DerivedData/ModuleCache.noindex/Session.modulevalidation
    export CLANG_WARN_BLOCK_CAPTURE_AUTORELEASING\=YES
    export CLANG_WARN_BOOL_CONVERSION\=YES
    export CLANG_WARN_COMMA\=YES
    export CLANG_WARN_CONSTANT_CONVERSION\=YES
    export CLANG_WARN_DEPRECATED_OBJC_IMPLEMENTATIONS\=YES
    export CLANG_WARN_DIRECT_OBJC_ISA_USAGE\=YES_ERROR
    export CLANG_WARN_DOCUMENTATION_COMMENTS\=YES
    export CLANG_WARN_EMPTY_BODY\=YES
    export CLANG_WARN_ENUM_CONVERSION\=YES
    export CLANG_WARN_INFINITE_RECURSION\=YES
    export CLANG_WARN_INT_CONVERSION\=YES
    export CLANG_WARN_NON_LITERAL_NULL_CONVERSION\=YES
    export CLANG_WARN_OBJC_IMPLICIT_RETAIN_SELF\=YES
    export CLANG_WARN_OBJC_LITERAL_CONVERSION\=YES
    export CLANG_WARN_OBJC_ROOT_CLASS\=YES_ERROR
    export CLANG_WARN_QUOTED_INCLUDE_IN_FRAMEWORK_HEADER\=NO
    export CLANG_WARN_RANGE_LOOP_ANALYSIS\=YES
    export CLANG_WARN_STRICT_PROTOTYPES\=YES
    export CLANG_WARN_SUSPICIOUS_MOVE\=YES
    export CLANG_WARN_UNGUARDED_AVAILABILITY\=YES_AGGRESSIVE
    export CLANG_WARN_UNREACHABLE_CODE\=YES
    export CLANG_WARN__DUPLICATE_METHOD_MATCH\=YES
    export CLASS_FILE_DIR\=/Users/antoniogrillo-balen/Library/Developer/Xcode/DerivedData/risebysolis-gzfsziqwziaggpcbgdowmssiasmi/Build/Intermediates.noindex/Pods.build/Debug-iphonesimulator/React-ImageManager.build/JavaClasses
    export CLEAN_PRECOMPS\=YES
    export CLONE_HEADERS\=NO
    export CODESIGNING_FOLDER_PATH\=/Users/antoniogrillo-balen/Library/Developer/Xcode/DerivedData/risebysolis-gzfsziqwziaggpcbgdowmssiasmi/Build/Products/Debug-iphonesimulator/React-ImageManager/React_ImageManager.framework
    export CODE_SIGNING_ALLOWED\=YES
    export CODE_SIGNING_REQUIRED\=NO
    export CODE_SIGNING_REQUIRES_TEAM\=YES
    export CODE_SIGN_CONTEXT_CLASS\=XCiPhoneSimulatorCodeSignContext
    export CODE_SIGN_IDENTITY\=-
    export CODE_SIGN_INJECT_BASE_ENTITLEMENTS\=YES
    export COLOR_DIAGNOSTICS\=NO
    export COMBINE_HIDPI_IMAGES\=NO
    export COMPILATION_CACHE_CAS_PATH\=/Users/antoniogrillo-balen/Library/Developer/Xcode/DerivedData/CompilationCache.noindex
    export COMPILATION_CACHE_KEEP_CAS_DIRECTORY\=YES
    export COMPILER_INDEX_STORE_ENABLE\=Default
    export COMPOSITE_SDK_DIRS\=/Users/antoniogrillo-balen/Library/Developer/Xcode/DerivedData/risebysolis-gzfsziqwziaggpcbgdowmssiasmi/Build/Intermediates.noindex/CompositeSDKs
    export COMPRESS_PNG_FILES\=YES
    export CONFIGURATION\=Debug
    export CONFIGURATION_BUILD_DIR\=/Users/antoniogrillo-balen/Library/Developer/Xcode/DerivedData/risebysolis-gzfsziqwziaggpcbgdowmssiasmi/Build/Products/Debug-iphonesimulator/React-ImageManager
    export CONFIGURATION_TEMP_DIR\=/Users/antoniogrillo-balen/Library/Developer/Xcode/DerivedData/risebysolis-gzfsziqwziaggpcbgdowmssiasmi/Build/Intermediates.noindex/Pods.build/Debug-iphonesimulator
    export CONTENTS_FOLDER_PATH\=React_ImageManager.framework
    export CONTENTS_FOLDER_PATH_SHALLOW_BUNDLE_NO\=React_ImageManager.framework/A
    export CONTENTS_FOLDER_PATH_SHALLOW_BUNDLE_YES\=React_ImageManager.framework
    export COPYING_PRESERVES_HFS_DATA\=NO
    export COPY_HEADERS_RUN_UNIFDEF\=NO
    export COPY_PHASE_STRIP\=NO
    export CORRESPONDING_DEVICE_PLATFORM_DIR\=/Applications/Xcode.app/Contents/Developer/Platforms/iPhoneOS.platform
    export CORRESPONDING_DEVICE_PLATFORM_NAME\=iphoneos
    export CORRESPONDING_DEVICE_SDK_DIR\=/Applications/Xcode.app/Contents/Developer/Platforms/iPhoneOS.platform/Developer/SDKs/iPhoneOS26.5.sdk
    export CORRESPONDING_DEVICE_SDK_NAME\=iphoneos26.5
    export CP\=/bin/cp
    export CREATE_INFOPLIST_SECTION_IN_BINARY\=NO
    export CURRENT_ARCH\=undefined_arch
    export CURRENT_PROJECT_VERSION\=1
    export CURRENT_VARIANT\=normal
    export CURRENT_VERSION\=Current
    export DEAD_CODE_STRIPPING\=YES
    export DEBUGGING_SYMBOLS\=YES
    export DEBUG_INFORMATION_FORMAT\=dwarf
    export DEBUG_INFORMATION_VERSION\=compiler-default
    export DEFAULT_COMPILER\=com.apple.compilers.llvm.clang.1_0
    export DEFAULT_DEXT_INSTALL_PATH\=/System/Library/DriverExtensions
    export DEFAULT_KEXT_INSTALL_PATH\=/System/Library/Extensions
    export DEFINES_MODULE\=YES
    export DEPLOYMENT_LOCATION\=NO
    export DEPLOYMENT_POSTPROCESSING\=NO
    export DEPLOYMENT_TARGET_SETTING_NAME\=IPHONEOS_DEPLOYMENT_TARGET
    export DEPLOYMENT_TARGET_SUGGESTED_VALUES\=12.0\ 12.1\ 12.2\ 12.3\ 12.4\ 13.0\ 13.1\ 13.2\ 13.3\ 13.4\ 13.5\ 13.6\ 14.0\ 14.1\ 14.2\ 14.3\ 14.4\ 14.5\ 14.6\ 14.7\ 15.0\ 15.1\ 15.2\ 15.3\ 15.4\ 15.5\ 15.6\ 16.0\ 16.1\ 16.2\ 16.3\ 16.4\ 16.5\ 16.6\ 17.0\ 17.1\ 17.2\ 17.3\ 17.4\ 17.5\ 17.6\ 18.0\ 18.1\ 18.2\ 18.3\ 18.4\ 18.5\ 18.6\ 26.0\ 26.2\ 26.3\ 26.4\ 26.5
    export DERIVED_FILES_DIR\=/Users/antoniogrillo-balen/Library/Developer/Xcode/DerivedData/risebysolis-gzfsziqwziaggpcbgdowmssiasmi/Build/Intermediates.noindex/Pods.build/Debug-iphonesimulator/React-ImageManager.build/DerivedSources
    export DERIVED_FILE_DIR\=/Users/antoniogrillo-balen/Library/Developer/Xcode/DerivedData/risebysolis-gzfsziqwziaggpcbgdowmssiasmi/Build/Intermediates.noindex/Pods.build/Debug-iphonesimulator/React-ImageManager.build/DerivedSources
    export DERIVED_SOURCES_DIR\=/Users/antoniogrillo-balen/Library/Developer/Xcode/DerivedData/risebysolis-gzfsziqwziaggpcbgdowmssiasmi/Build/Intermediates.noindex/Pods.build/Debug-iphonesimulator/React-ImageManager.build/DerivedSources
    export DEVELOPER_APPLICATIONS_DIR\=/Applications/Xcode.app/Contents/Developer/Applications
    export DEVELOPER_BIN_DIR\=/Applications/Xcode.app/Contents/Developer/usr/bin
    export DEVELOPER_DIR\=/Applications/Xcode.app/Contents/Developer
    export DEVELOPER_FRAMEWORKS_DIR\=/Applications/Xcode.app/Contents/Developer/Library/Frameworks
    export DEVELOPER_FRAMEWORKS_DIR_QUOTED\=/Applications/Xcode.app/Contents/Developer/Library/Frameworks
    export DEVELOPER_LIBRARY_DIR\=/Applications/Xcode.app/Contents/Developer/Library
    export DEVELOPER_SDK_DIR\=/Applications/Xcode.app/Contents/Developer/Platforms/MacOSX.platform/Developer/SDKs
    export DEVELOPER_TOOLS_DIR\=/Applications/Xcode.app/Contents/Developer/Tools
    export DEVELOPER_USR_DIR\=/Applications/Xcode.app/Contents/Developer/usr
    export DEVELOPMENT_LANGUAGE\=en
    export DIAGNOSE_MISSING_TARGET_DEPENDENCIES\=YES
    export DIFF\=/usr/bin/diff
    export DOCUMENTATION_FOLDER_PATH\=React_ImageManager.framework/en.lproj/Documentation
    export DONT_GENERATE_INFOPLIST_FILE\=NO
    export DSTROOT\=/tmp/Pods.dst
    export DT_TOOLCHAIN_DIR\=/Applications/Xcode.app/Contents/Developer/Toolchains/XcodeDefault.xctoolchain
    export DUMP_DEPENDENCIES\=NO
    export DUMP_DEPENDENCIES_OUTPUT_PATH\=/Users/antoniogrillo-balen/Library/Developer/Xcode/DerivedData/risebysolis-gzfsziqwziaggpcbgdowmssiasmi/Build/Intermediates.noindex/Pods.build/Debug-iphonesimulator/React-ImageManager.build/React-ImageManager-BuildDependencyInfo.json
    export DWARF_DSYM_FILE_NAME\=React_ImageManager.framework.dSYM
    export DWARF_DSYM_FILE_SHOULD_ACCOMPANY_PRODUCT\=NO
    export DWARF_DSYM_FOLDER_PATH\=/Users/antoniogrillo-balen/Library/Developer/Xcode/DerivedData/risebysolis-gzfsziqwziaggpcbgdowmssiasmi/Build/Products/Debug-iphonesimulator/React-ImageManager
    export DYLIB_COMPATIBILITY_VERSION\=1
    export DYLIB_CURRENT_VERSION\=1
    export DYLIB_INSTALL_NAME_BASE\=@rpath
    export DYNAMIC_LIBRARY_EXTENSION\=dylib
    export EAGER_COMPILATION_ALLOW_SCRIPTS\=NO
    export EAGER_LINKING\=NO
    export EFFECTIVE_PLATFORM_NAME\=-iphonesimulator
    export EFFECTIVE_SWIFT_VERSION\=5
    export EMBEDDED_CONTENT_CONTAINS_SWIFT\=NO
    export EMBED_ASSET_PACKS_IN_PRODUCT_BUNDLE\=NO
    export ENABLE_APP_SANDBOX\=NO
    export ENABLE_CODE_COVERAGE\=YES
    export ENABLE_COHORT_ARCHS\=NO
    export ENABLE_CPLUSPLUS_BOUNDS_SAFE_BUFFERS\=NO
    export ENABLE_C_BOUNDS_SAFETY\=NO
    export ENABLE_DEFAULT_HEADER_SEARCH_PATHS\=YES
    export ENABLE_DEFAULT_SEARCH_PATHS\=YES
    export ENABLE_ENHANCED_SECURITY\=NO
    export ENABLE_HARDENED_RUNTIME\=NO
    export ENABLE_HEADER_DEPENDENCIES\=YES
    export ENABLE_INCOMING_NETWORK_CONNECTIONS\=NO
    export ENABLE_MODULE_VERIFIER\=NO
    export ENABLE_ON_DEMAND_RESOURCES\=NO
    export ENABLE_OUTGOING_NETWORK_CONNECTIONS\=NO
    export ENABLE_POINTER_AUTHENTICATION\=NO
    export ENABLE_PREVIEWS\=NO
    export ENABLE_RESOURCE_ACCESS_AUDIO_INPUT\=NO
    export ENABLE_RESOURCE_ACCESS_BLUETOOTH\=NO
    export ENABLE_RESOURCE_ACCESS_CALENDARS\=NO
    export ENABLE_RESOURCE_ACCESS_CAMERA\=NO
    export ENABLE_RESOURCE_ACCESS_CONTACTS\=NO
    export ENABLE_RESOURCE_ACCESS_LOCATION\=NO
    export ENABLE_RESOURCE_ACCESS_PHOTO_LIBRARY\=NO
    export ENABLE_RESOURCE_ACCESS_PRINTING\=NO
    export ENABLE_RESOURCE_ACCESS_USB\=NO
    export ENABLE_SDK_IMPORTS\=NO
    export ENABLE_SECURITY_COMPILER_WARNINGS\=NO
    export ENABLE_STRICT_OBJC_MSGSEND\=YES
    export ENABLE_TESTABILITY\=YES
    export ENABLE_TESTING_SEARCH_PATHS\=NO
    export ENABLE_USER_SCRIPT_SANDBOXING\=NO
    export ENABLE_XOJIT_PREVIEWS\=YES
    export ENFORCE_VALID_ARCHS\=YES
    export ENTITLEMENTS_DESTINATION\=__entitlements
    export ENTITLEMENTS_REQUIRED\=NO
    export EXCLUDED_INSTALLSRC_SUBDIRECTORY_PATTERNS\=.DS_Store\ .svn\ .git\ .hg\ CVS
    export EXCLUDED_RECURSIVE_SEARCH_PATH_SUBDIRECTORIES\=\*.nib\ \*.lproj\ \*.framework\ \*.gch\ \*.xcode\*\ \*.xcassets\ \*.icon\ \(\*\)\ .DS_Store\ CVS\ .svn\ .git\ .hg\ \*.pbproj\ \*.pbxproj
    export EXECUTABLES_FOLDER_PATH\=React_ImageManager.framework/en.lproj
    export EXECUTABLE_FOLDER_PATH\=React_ImageManager.framework
    export EXECUTABLE_FOLDER_PATH_SHALLOW_BUNDLE_NO\=React_ImageManager.framework
    export EXECUTABLE_FOLDER_PATH_SHALLOW_BUNDLE_YES\=React_ImageManager.framework
    export EXECUTABLE_NAME\=React_ImageManager
    export EXECUTABLE_PATH\=React_ImageManager.framework/React_ImageManager
    export EXPANDED_CODE_SIGN_IDENTITY\=-
    export EXPANDED_CODE_SIGN_IDENTITY_NAME\=Sign\ to\ Run\ Locally
    export EXTENSIONS_FOLDER_PATH\=React_ImageManager.framework/Extensions
    export FILE_LIST\=/Users/antoniogrillo-balen/Library/Developer/Xcode/DerivedData/risebysolis-gzfsziqwziaggpcbgdowmssiasmi/Build/Intermediates.noindex/Pods.build/Debug-iphonesimulator/React-ImageManager.build/Objects/LinkFileList
    export FIXED_FILES_DIR\=/Users/antoniogrillo-balen/Library/Developer/Xcode/DerivedData/risebysolis-gzfsziqwziaggpcbgdowmssiasmi/Build/Intermediates.noindex/Pods.build/Debug-iphonesimulator/React-ImageManager.build/FixedFiles
    export FRAMEWORKS_FOLDER_PATH\=React_ImageManager.framework/Frameworks
    export FRAMEWORK_FLAG_PREFIX\=-framework
    export FRAMEWORK_SEARCH_PATHS\=/Users/antoniogrillo-balen/Library/Developer/Xcode/DerivedData/risebysolis-gzfsziqwziaggpcbgdowmssiasmi/Build/Products/Debug-iphonesimulator/React-ImageManager\ \ \"/Users/antoniogrillo-balen/Library/Developer/Xcode/DerivedData/risebysolis-gzfsziqwziaggpcbgdowmssiasmi/Build/Products/Debug-iphonesimulator/DoubleConversion\"\ \"/Users/antoniogrillo-balen/Library/Developer/Xcode/DerivedData/risebysolis-gzfsziqwziaggpcbgdowmssiasmi/Build/Products/Debug-iphonesimulator/RCT-Folly\"\ \"/Users/antoniogrillo-balen/Library/Developer/Xcode/DerivedData/risebysolis-gzfsziqwziaggpcbgdowmssiasmi/Build/Products/Debug-iphonesimulator/RCTDeprecation\"\ \"/Users/antoniogrillo-balen/Library/Developer/Xcode/DerivedData/risebysolis-gzfsziqwziaggpcbgdowmssiasmi/Build/Products/Debug-iphonesimulator/RCTTypeSafety\"\ \"/Users/antoniogrillo-balen/Library/Developer/Xcode/DerivedData/risebysolis-gzfsziqwziaggpcbgdowmssiasmi/Build/Products/Debug-iphonesimulator/React-Core\"\ \"/Users/antoniogrillo-balen/Library/Developer/Xcode/DerivedData/risebysolis-gzfsziqwziaggpcbgdowmssiasmi/Build/Products/Debug-iphonesimulator/React-Fabric\"\ \"/Users/antoniogrillo-balen/Library/Developer/Xcode/DerivedData/risebysolis-gzfsziqwziaggpcbgdowmssiasmi/Build/Products/Debug-iphonesimulator/React-cxxreact\"\ \"/Users/antoniogrillo-balen/Library/Developer/Xcode/DerivedData/risebysolis-gzfsziqwziaggpcbgdowmssiasmi/Build/Products/Debug-iphonesimulator/React-debug\"\ \"/Users/antoniogrillo-balen/Library/Developer/Xcode/DerivedData/risebysolis-gzfsziqwziaggpcbgdowmssiasmi/Build/Products/Debug-iphonesimulator/React-featureflags\"\ \"/Users/antoniogrillo-balen/Library/Developer/Xcode/DerivedData/risebysolis-gzfsziqwziaggpcbgdowmssiasmi/Build/Products/Debug-iphonesimulator/React-graphics\"\ \"/Users/antoniogrillo-balen/Library/Developer/Xcode/DerivedData/risebysolis-gzfsziqwziaggpcbgdowmssiasmi/Build/Products/Debug-iphonesimulator/React-hermes\"\ \"/Users/antoniogrillo-balen/Library/Developer/Xcode/DerivedData/risebysolis-gzfsziqwziaggpcbgdowmssiasmi/Build/Products/Debug-iphonesimulator/React-jsi\"\ \"/Users/antoniogrillo-balen/Library/Developer/Xcode/DerivedData/risebysolis-gzfsziqwziaggpcbgdowmssiasmi/Build/Products/Debug-iphonesimulator/React-jsiexecutor\"\ \"/Users/antoniogrillo-balen/Library/Developer/Xcode/DerivedData/risebysolis-gzfsziqwziaggpcbgdowmssiasmi/Build/Products/Debug-iphonesimulator/React-jsinspector\"\ \"/Users/antoniogrillo-balen/Library/Developer/Xcode/DerivedData/risebysolis-gzfsziqwziaggpcbgdowmssiasmi/Build/Products/Debug-iphonesimulator/React-logger\"\ \"/Users/antoniogrillo-balen/Library/Developer/Xcode/DerivedData/risebysolis-gzfsziqwziaggpcbgdowmssiasmi/Build/Products/Debug-iphonesimulator/React-perflogger\"\ \"/Users/antoniogrillo-balen/Library/Developer/Xcode/DerivedData/risebysolis-gzfsziqwziaggpcbgdowmssiasmi/Build/Products/Debug-iphonesimulator/React-performancetimeline\"\ \"/Users/antoniogrillo-balen/Library/Developer/Xcode/DerivedData/risebysolis-gzfsziqwziaggpcbgdowmssiasmi/Build/Products/Debug-iphonesimulator/React-rendererconsistency\"\ \"/Users/antoniogrillo-balen/Library/Developer/Xcode/DerivedData/risebysolis-gzfsziqwziaggpcbgdowmssiasmi/Build/Products/Debug-iphonesimulator/React-rendererdebug\"\ \"/Users/antoniogrillo-balen/Library/Developer/Xcode/DerivedData/risebysolis-gzfsziqwziaggpcbgdowmssiasmi/Build/Products/Debug-iphonesimulator/React-runtimescheduler\"\ \"/Users/antoniogrillo-balen/Library/Developer/Xcode/DerivedData/risebysolis-gzfsziqwziaggpcbgdowmssiasmi/Build/Products/Debug-iphonesimulator/React-utils\"\ \"/Users/antoniogrillo-balen/Library/Developer/Xcode/DerivedData/risebysolis-gzfsziqwziaggpcbgdowmssiasmi/Build/Products/Debug-iphonesimulator/ReactCommon\"\ \"/Users/antoniogrillo-balen/Library/Developer/Xcode/DerivedData/risebysolis-gzfsziqwziaggpcbgdowmssiasmi/Build/Products/Debug-iphonesimulator/SocketRocket\"\ \"/Users/antoniogrillo-balen/Library/Developer/Xcode/DerivedData/risebysolis-gzfsziqwziaggpcbgdowmssiasmi/Build/Products/Debug-iphonesimulator/Yoga\"\ \"/Users/antoniogrillo-balen/Library/Developer/Xcode/DerivedData/risebysolis-gzfsziqwziaggpcbgdowmssiasmi/Build/Products/Debug-iphonesimulator/fmt\"\ \"/Users/antoniogrillo-balen/Library/Developer/Xcode/DerivedData/risebysolis-gzfsziqwziaggpcbgdowmssiasmi/Build/Products/Debug-iphonesimulator/glog\"\ \"/Users/antoniogrillo-balen/Desktop/Projects/RiseBuild/ios/Pods/hermes-engine/destroot/Library/Frameworks/universal\"\ \"/Users/antoniogrillo-balen/Library/Developer/Xcode/DerivedData/risebysolis-gzfsziqwziaggpcbgdowmssiasmi/Build/Products/Debug-iphonesimulator/XCFrameworkIntermediates/hermes-engine/Pre-built\"
    export FRAMEWORK_VERSION\=A
    export FULL_PRODUCT_NAME\=React_ImageManager.framework
    export FUSE_BUILD_PHASES\=YES
    export FUSE_BUILD_SCRIPT_PHASES\=NO
    export GCC3_VERSION\=3.3
    export GCC_C_LANGUAGE_STANDARD\=gnu11
    export GCC_DYNAMIC_NO_PIC\=NO
    export GCC_INLINES_ARE_PRIVATE_EXTERN\=YES
    export GCC_NO_COMMON_BLOCKS\=YES
    export GCC_OBJC_LEGACY_DISPATCH\=YES
    export GCC_OPTIMIZATION_LEVEL\=0
    export GCC_PFE_FILE_C_DIALECTS\=c\ objective-c\ c++\ objective-c++
    export GCC_PREFIX_HEADER\=Target\ Support\ Files/React-ImageManager/React-ImageManager-prefix.pch
    export GCC_PREPROCESSOR_DEFINITIONS\=POD_CONFIGURATION_DEBUG\=1\ DEBUG\=1\ \ COCOAPODS\=1
    export GCC_TREAT_WARNINGS_AS_ERRORS\=NO
    export GCC_VERSION\=com.apple.compilers.llvm.clang.1_0
    export GCC_VERSION_IDENTIFIER\=com_apple_compilers_llvm_clang_1_0
    export GCC_WARN_64_TO_32_BIT_CONVERSION\=YES
    export GCC_WARN_ABOUT_RETURN_TYPE\=YES_ERROR
    export GCC_WARN_UNDECLARED_SELECTOR\=YES
    export GCC_WARN_UNINITIALIZED_AUTOS\=YES_AGGRESSIVE
    export GCC_WARN_UNUSED_FUNCTION\=YES
    export GCC_WARN_UNUSED_VARIABLE\=YES
    export GENERATED_MODULEMAP_DIR\=/Users/antoniogrillo-balen/Library/Developer/Xcode/DerivedData/risebysolis-gzfsziqwziaggpcbgdowmssiasmi/Build/Intermediates.noindex/GeneratedModuleMaps-iphonesimulator
    export GENERATE_INFOPLIST_FILE\=NO
    export GENERATE_INTERMEDIATE_TEXT_BASED_STUBS\=YES
    export GENERATE_PKGINFO_FILE\=NO
    export GENERATE_PRELINK_OBJECT_FILE\=NO
    export GENERATE_PROFILING_CODE\=NO
    export GENERATE_TEXT_BASED_STUBS\=NO
    export GID\=20
    export GROUP\=staff
    export HEADERMAP_INCLUDES_FLAT_ENTRIES_FOR_TARGET_BEING_BUILT\=YES
    export HEADERMAP_INCLUDES_FRAMEWORK_ENTRIES_FOR_ALL_PRODUCT_TYPES\=YES
    export HEADERMAP_INCLUDES_FRAMEWORK_ENTRIES_FOR_TARGETS_NOT_BEING_BUILT\=YES
    export HEADERMAP_INCLUDES_NONPUBLIC_NONPRIVATE_HEADERS\=YES
    export HEADERMAP_INCLUDES_PROJECT_HEADERS\=YES
    export HEADERMAP_USES_FRAMEWORK_PREFIX_ENTRIES\=YES
    export HEADERMAP_USES_VFS\=YES
    export HEADER_SEARCH_PATHS\=/Users/antoniogrillo-balen/Library/Developer/Xcode/DerivedData/risebysolis-gzfsziqwziaggpcbgdowmssiasmi/Build/Products/Debug-iphonesimulator/React-ImageManager/include\ \ /Users/antoniogrillo-balen/Library/Developer/Xcode/DerivedData/risebysolis-gzfsziqwziaggpcbgdowmssiasmi/Build/Products/Debug-iphonesimulator/ReactCommon/ReactCommon.framework/Headers\ /Users/antoniogrillo-balen/Library/Developer/Xcode/DerivedData/risebysolis-gzfsziqwziaggpcbgdowmssiasmi/Build/Products/Debug-iphonesimulator/ReactCommon/ReactCommon.framework/Headers/react/nativemodule/core\ /Users/antoniogrillo-balen/Library/Developer/Xcode/DerivedData/risebysolis-gzfsziqwziaggpcbgdowmssiasmi/Build/Products/Debug-iphonesimulator/ReactCommon-Samples/ReactCommon_Samples.framework/Headers\ /Users/antoniogrillo-balen/Library/Developer/Xcode/DerivedData/risebysolis-gzfsziqwziaggpcbgdowmssiasmi/Build/Products/Debug-iphonesimulator/ReactCommon-Samples/ReactCommon_Samples.framework/Headers/platform/ios\ /Users/antoniogrillo-balen/Library/Developer/Xcode/DerivedData/risebysolis-gzfsziqwziaggpcbgdowmssiasmi/Build/Products/Debug-iphonesimulator/React-Fabric/React_Fabric.framework/Headers/react/renderer/components/view/platform/cxx\ /Users/antoniogrillo-balen/Library/Developer/Xcode/DerivedData/risebysolis-gzfsziqwziaggpcbgdowmssiasmi/Build/Products/Debug-iphonesimulator/React-NativeModulesApple/React_NativeModulesApple.framework/Headers\ /Users/antoniogrillo-balen/Library/Developer/Xcode/DerivedData/risebysolis-gzfsziqwziaggpcbgdowmssiasmi/Build/Products/Debug-iphonesimulator/React-graphics/React_graphics.framework/Headers\ /Users/antoniogrillo-balen/Library/Developer/Xcode/DerivedData/risebysolis-gzfsziqwziaggpcbgdowmssiasmi/Build/Products/Debug-iphonesimulator/React-graphics/React_graphics.framework/Headers/react/renderer/graphics/platform/ios\ \"/Users/antoniogrillo-balen/Desktop/Projects/RiseBuild/ios/Pods/Headers/Public\"\ \"/Users/antoniogrillo-balen/Desktop/Projects/RiseBuild/ios/Pods/Headers/Public/FBLazyVector\"\ \"/Users/antoniogrillo-balen/Desktop/Projects/RiseBuild/ios/Pods/Headers/Public/RCTRequired\"\ \"/Users/antoniogrillo-balen/Desktop/Projects/RiseBuild/ios/Pods/Headers/Public/React-callinvoker\"\ \"/Users/antoniogrillo-balen/Desktop/Projects/RiseBuild/ios/Pods/Headers/Public/React-runtimeexecutor\"\ \"/Users/antoniogrillo-balen/Desktop/Projects/RiseBuild/ios/Pods/Headers/Public/React-timing\"\ \"/Users/antoniogrillo-balen/Desktop/Projects/RiseBuild/ios/Pods/Headers/Public/boost\"\ \"/Users/antoniogrillo-balen/Desktop/Projects/RiseBuild/ios/Pods/Headers/Public/fast_float\"\ \"/Users/antoniogrillo-balen/Desktop/Projects/RiseBuild/ios/Pods/Headers/Public/hermes-engine\"\ \"/Users/antoniogrillo-balen/Desktop/Projects/RiseBuild/ios/Pods/boost\"\ \"/Users/antoniogrillo-balen/Desktop/Projects/RiseBuild/ios/Pods/../../node_modules/react-native/ReactCommon/react/renderer/imagemanager/platform/ios/../../../\"\ \"/Users/antoniogrillo-balen/Desktop/Projects/RiseBuild/ios/Pods/../../node_modules/react-native/ReactCommon/react/renderer/imagemanager/platform/ios\"\ \"/Users/antoniogrillo-balen/Desktop/Projects/RiseBuild/ios/Pods/RCT-Folly\"\ \"/Users/antoniogrillo-balen/Desktop/Projects/RiseBuild/ios/Pods/DoubleConversion\"\ \"/Users/antoniogrillo-balen/Desktop/Projects/RiseBuild/ios/Pods/fast_float/include\"\ \"/Users/antoniogrillo-balen/Desktop/Projects/RiseBuild/ios/Pods/fmt/include\"\ \"/Users/antoniogrillo-balen/Library/Developer/Xcode/DerivedData/risebysolis-gzfsziqwziaggpcbgdowmssiasmi/Build/Products/Debug-iphonesimulator/React-Fabric/React_Fabric.framework/Headers\"\ \"/Users/antoniogrillo-balen/Library/Developer/Xcode/DerivedData/risebysolis-gzfsziqwziaggpcbgdowmssiasmi/Build/Products/Debug-iphonesimulator/React-graphics/React_graphics.framework/Headers\"\ \"/Users/antoniogrillo-balen/Library/Developer/Xcode/DerivedData/risebysolis-gzfsziqwziaggpcbgdowmssiasmi/Build/Products/Debug-iphonesimulator/React-graphics/React_graphics.framework/Headers/react/renderer/graphics/platform/ios\"\ \"/Users/antoniogrillo-balen/Library/Developer/Xcode/DerivedData/risebysolis-gzfsziqwziaggpcbgdowmssiasmi/Build/Products/Debug-iphonesimulator/React-debug/React_debug.framework/Headers\"\ \"/Users/antoniogrillo-balen/Library/Developer/Xcode/DerivedData/risebysolis-gzfsziqwziaggpcbgdowmssiasmi/Build/Products/Debug-iphonesimulator/React-utils/React_utils.framework/Headers\"\ \"/Users/antoniogrillo-balen/Library/Developer/Xcode/DerivedData/risebysolis-gzfsziqwziaggpcbgdowmssiasmi/Build/Products/Debug-iphonesimulator/React-rendererdebug/React_rendererdebug.framework/Headers\"
    export HOME\=/Users/antoniogrillo-balen
    export HOST_ARCH\=arm64
    export HOST_PLATFORM\=macosx
    export ICONV\=/usr/bin/iconv
    export IMPLICIT_DEPENDENCY_DOMAIN\=default
    export INDEX_STORE_COMPRESS\=NO
    export INDEX_STORE_ONLY_PROJECT_FILES\=NO
    export INFOPLIST_ENABLE_CFBUNDLEICONS_MERGE\=YES
    export INFOPLIST_EXPAND_BUILD_SETTINGS\=YES
    export INFOPLIST_FILE\=Target\ Support\ Files/React-ImageManager/React-ImageManager-Info.plist
    export INFOPLIST_OUTPUT_FORMAT\=binary
    export INFOPLIST_PATH\=React_ImageManager.framework/Info.plist
    export INFOPLIST_PREPROCESS\=NO
    export INFOSTRINGS_PATH\=React_ImageManager.framework/en.lproj/InfoPlist.strings
    export INLINE_PRIVATE_FRAMEWORKS\=NO
    export INSTALLAPI_IGNORE_SKIP_INSTALL\=YES
    export INSTALLHDRS_COPY_PHASE\=NO
    export INSTALLHDRS_SCRIPT_PHASE\=NO
    export INSTALL_DIR\=/tmp/Pods.dst/Library/Frameworks
    export INSTALL_GROUP\=staff
    export INSTALL_MODE_FLAG\=u+w,go-w,a+rX
    export INSTALL_OWNER\=antoniogrillo-balen
    export INSTALL_PATH\=/Library/Frameworks
    export INSTALL_ROOT\=/tmp/Pods.dst
    export IPHONEOS_DEPLOYMENT_TARGET\=15.1
    export IS_UNOPTIMIZED_BUILD\=YES
    export JAVAC_DEFAULT_FLAGS\=-J-Xms64m\ -J-XX:NewSize\=4M\ -J-Dfile.encoding\=UTF8
    export JAVA_APP_STUB\=/System/Library/Frameworks/JavaVM.framework/Resources/MacOS/JavaApplicationStub
    export JAVA_ARCHIVE_CLASSES\=YES
    export JAVA_ARCHIVE_TYPE\=JAR
    export JAVA_COMPILER\=/usr/bin/javac
    export JAVA_FOLDER_PATH\=React_ImageManager.framework/Java
    export JAVA_FRAMEWORK_RESOURCES_DIRS\=Resources
    export JAVA_JAR_FLAGS\=cv
    export JAVA_SOURCE_SUBDIR\=.
    export JAVA_USE_DEPENDENCIES\=YES
    export JAVA_ZIP_FLAGS\=-urg
    export JIKES_DEFAULT_FLAGS\=+E\ +OLDCSO
    export KEEP_PRIVATE_EXTERNS\=NO
    export LD_DEPENDENCY_INFO_FILE\=/Users/antoniogrillo-balen/Library/Developer/Xcode/DerivedData/risebysolis-gzfsziqwziaggpcbgdowmssiasmi/Build/Intermediates.noindex/Pods.build/Debug-iphonesimulator/React-ImageManager.build/Objects-normal/undefined_arch/React_ImageManager_dependency_info.dat
    export LD_DYLIB_INSTALL_NAME\=@rpath/React_ImageManager.framework/React_ImageManager
    export LD_EXPORT_SYMBOLS\=YES
    export LD_GENERATE_MAP_FILE\=NO
    export LD_MAP_FILE_PATH\=/Users/antoniogrillo-balen/Library/Developer/Xcode/DerivedData/risebysolis-gzfsziqwziaggpcbgdowmssiasmi/Build/Intermediates.noindex/Pods.build/Debug-iphonesimulator/React-ImageManager.build/React_ImageManager-LinkMap-normal-undefined_arch.txt
    export LD_NO_PIE\=NO
    export LD_QUOTE_LINKER_ARGUMENTS_FOR_COMPILER_DRIVER\=YES
    export LD_RUNPATH_SEARCH_PATHS\=\ @executable_path/Frameworks\ @loader_path/Frameworks
    export LD_SHARED_CACHE_ELIGIBLE\=Automatic
    export LD_WARN_DUPLICATE_LIBRARIES\=NO
    export LD_WARN_UNUSED_DYLIBS\=NO
    export LEGACY_DEVELOPER_DIR\=/Applications/Xcode.app/Contents/PlugIns/Xcode3Core.ideplugin/Contents/SharedSupport/Developer
    export LEX\=lex
    export LIBRARY_DEXT_INSTALL_PATH\=/Library/DriverExtensions
    export LIBRARY_FLAG_NOSPACE\=YES
    export LIBRARY_FLAG_PREFIX\=-l
    export LIBRARY_KEXT_INSTALL_PATH\=/Library/Extensions
    export LIBRARY_SEARCH_PATHS\=/Users/antoniogrillo-balen/Library/Developer/Xcode/DerivedData/risebysolis-gzfsziqwziaggpcbgdowmssiasmi/Build/Products/Debug-iphonesimulator/React-ImageManager\ 
    export LINKER_DISPLAYS_MANGLED_NAMES\=NO
    export LINK_FILE_LIST_normal_arm64\=/Users/antoniogrillo-balen/Library/Developer/Xcode/DerivedData/risebysolis-gzfsziqwziaggpcbgdowmssiasmi/Build/Intermediates.noindex/Pods.build/Debug-iphonesimulator/React-ImageManager.build/Objects-normal/arm64/React_ImageManager.LinkFileList
    export LINK_OBJC_RUNTIME\=YES
    export LINK_WITH_STANDARD_LIBRARIES\=YES
    export LLVM_TARGET_TRIPLE_OS_VERSION\=ios15.1
    export LLVM_TARGET_TRIPLE_SUFFIX\=-simulator
    export LLVM_TARGET_TRIPLE_VENDOR\=apple
    export LM_AUX_CONST_METADATA_LIST_PATH_normal_arm64\=/Users/antoniogrillo-balen/Library/Developer/Xcode/DerivedData/risebysolis-gzfsziqwziaggpcbgdowmssiasmi/Build/Intermediates.noindex/Pods.build/Debug-iphonesimulator/React-ImageManager.build/Objects-normal/arm64/React_ImageManager.SwiftConstValuesFileList
    export LOCALIZATION_EXPORT_SUPPORTED\=YES
    export LOCALIZATION_PREFERS_STRING_CATALOGS\=NO
    export LOCALIZED_RESOURCES_FOLDER_PATH\=React_ImageManager.framework/en.lproj
    export LOCALIZED_STRING_CODE_COMMENTS\=NO
    export LOCALIZED_STRING_MACRO_NAMES\=NSLocalizedString\ CFCopyLocalizedString
    export LOCALIZED_STRING_SWIFTUI_SUPPORT\=YES
    export LOCAL_ADMIN_APPS_DIR\=/Applications/Utilities
    export LOCAL_APPS_DIR\=/Applications
    export LOCAL_DEVELOPER_DIR\=/Library/Developer
    export LOCAL_LIBRARY_DIR\=/Library
    export LOCROOT\=/Users/antoniogrillo-balen/Desktop/Projects/RiseBuild/ios/Pods
    export LOCSYMROOT\=/Users/antoniogrillo-balen/Desktop/Projects/RiseBuild/ios/Pods
    export MACH_O_TYPE\=staticlib
    export MAC_OS_X_PRODUCT_BUILD_VERSION\=25E253
    export MAC_OS_X_VERSION_ACTUAL\=260401
    export MAC_OS_X_VERSION_MAJOR\=260000
    export MAC_OS_X_VERSION_MINOR\=260400
    export MAKE_MERGEABLE\=NO
    export MERGEABLE_LIBRARY\=NO
    export MERGED_BINARY_TYPE\=none
    export MERGE_LINKED_LIBRARIES\=NO
    export METAL_LIBRARY_FILE_BASE\=default
    export METAL_LIBRARY_OUTPUT_DIR\=/Users/antoniogrillo-balen/Library/Developer/Xcode/DerivedData/risebysolis-gzfsziqwziaggpcbgdowmssiasmi/Build/Products/Debug-iphonesimulator/React-ImageManager/React_ImageManager.framework
    export MODULEMAP_FILE\=Target\ Support\ Files/React-ImageManager/React-ImageManager.modulemap
    export MODULES_FOLDER_PATH\=React_ImageManager.framework/Modules
    export MODULE_CACHE_DIR\=/Users/antoniogrillo-balen/Library/Developer/Xcode/DerivedData/ModuleCache.noindex
    export MTL_ENABLE_DEBUG_INFO\=INCLUDE_SOURCE
    export MTL_FAST_MATH\=YES
    export NATIVE_ARCH\=arm64
    export NATIVE_ARCH_32_BIT\=arm
    export NATIVE_ARCH_64_BIT\=arm64
    export NATIVE_ARCH_ACTUAL\=arm64
    export NO_COMMON\=YES
    export OBJC_ABI_VERSION\=2
    export OBJECT_FILE_DIR\=/Users/antoniogrillo-balen/Library/Developer/Xcode/DerivedData/risebysolis-gzfsziqwziaggpcbgdowmssiasmi/Build/Intermediates.noindex/Pods.build/Debug-iphonesimulator/React-ImageManager.build/Objects
    export OBJECT_FILE_DIR_normal\=/Users/antoniogrillo-balen/Library/Developer/Xcode/DerivedData/risebysolis-gzfsziqwziaggpcbgdowmssiasmi/Build/Intermediates.noindex/Pods.build/Debug-iphonesimulator/React-ImageManager.build/Objects-normal
    export OBJROOT\=/Users/antoniogrillo-balen/Library/Developer/Xcode/DerivedData/risebysolis-gzfsziqwziaggpcbgdowmssiasmi/Build/Intermediates.noindex
    export ONLY_ACTIVE_ARCH\=YES
    export OS\=MACOS
    export OSAC\=/usr/bin/osacompile
    export OTHER_LDFLAGS\=\ \ 
    export PACKAGE_TYPE\=com.apple.package-type.wrapper.framework
    export PASCAL_STRINGS\=YES
    export PATH\=/Applications/Xcode.app/Contents/SharedFrameworks/SwiftBuild.framework/Versions/A/PlugIns/SWBBuildService.bundle/Contents/PlugIns/SWBUniversalPlatformPlugin.bundle/Contents/Frameworks/SWBUniversalPlatform.framework/Resources:/Applications/Xcode.app/Contents/Developer/Toolchains/XcodeDefault.xctoolchain/usr/bin:/Applications/Xcode.app/Contents/Developer/Toolchains/XcodeDefault.xctoolchain/usr/local/bin:/Applications/Xcode.app/Contents/Developer/Toolchains/XcodeDefault.xctoolchain/usr/libexec:/Applications/Xcode.app/Contents/Developer/Platforms/iPhoneSimulator.platform/usr/bin:/Applications/Xcode.app/Contents/Developer/Platforms/iPhoneSimulator.platform/usr/local/bin:/Applications/Xcode.app/Contents/Developer/Platforms/iPhoneSimulator.platform/Developer/usr/bin:/Applications/Xcode.app/Contents/Developer/Platforms/iPhoneSimulator.platform/Developer/usr/local/bin:/Applications/Xcode.app/Contents/Developer/usr/bin:/Applications/Xcode.app/Contents/Developer/usr/local/bin:/opt/homebrew/opt/ruby/bin:/opt/homebrew/lib/ruby/gems/4.0.0/bin:/opt/homebrew/bin:/opt/homebrew/sbin:/Users/antoniogrillo-balen/.nvm/versions/node/v24.14.1/bin:/Library/Frameworks/Python.framework/Versions/3.14/bin:/usr/local/bin:/System/Cryptexes/App/usr/bin:/usr/bin:/bin:/usr/sbin:/sbin:/var/run/com.apple.security.cryptexd/codex.system/bootstrap/usr/local/bin:/var/run/com.apple.security.cryptexd/codex.system/bootstrap/usr/bin:/var/run/com.apple.security.cryptexd/codex.system/bootstrap/usr/appleinternal/bin:/opt/pkg/env/active/bin:/opt/pmk/env/global/bin:/Library/Apple/usr/bin:/Applications/VMware\ Fusion.app/Contents/Public:/Users/antoniogrillo-balen/.cargo/bin:/Users/antoniogrillo-balen/.cache/plugins/.install-staging/25283474a0e0d4a060cb0e915c1ec54e3d41ef2e/cursor/repo/bin:/Users/antoniogrillo-balen/.claude/plugins/cache/claude-plugins-official/superpowers/5.1.0/bin:/Users/antoniogrillo-balen/.claude/plugins/cache/claude-plugins-official/frontend-design/unknown/bin:/Users/antoniogrillo-balen/.claude/plugins/cache/claude-plugins-official/code-simplifier/1.0.0/bin:/Users/antoniogrillo-balen/.claude/plugins/cache/claude-plugins-official/security-guidance/unknown/bin:/Users/antoniogrillo-balen/.claude/plugins/cache/thedotmack/claude-mem/12.1.1/bin
    export PATH_PREFIXES_EXCLUDED_FROM_HEADER_DEPENDENCIES\=/usr/include\ /usr/local/include\ /System/Library/Frameworks\ /System/Library/PrivateFrameworks\ /Applications/Xcode.app/Contents/Developer/Headers\ /Applications/Xcode.app/Contents/Developer/SDKs\ /Applications/Xcode.app/Contents/Developer/Platforms
    export PBDEVELOPMENTPLIST_PATH\=React_ImageManager.framework/pbdevelopment.plist
    export PER_ARCH_MODULE_FILE_DIR\=/Users/antoniogrillo-balen/Library/Developer/Xcode/DerivedData/risebysolis-gzfsziqwziaggpcbgdowmssiasmi/Build/Intermediates.noindex/Pods.build/Debug-iphonesimulator/React-ImageManager.build/Objects-normal/undefined_arch
    export PER_ARCH_OBJECT_FILE_DIR\=/Users/antoniogrillo-balen/Library/Developer/Xcode/DerivedData/risebysolis-gzfsziqwziaggpcbgdowmssiasmi/Build/Intermediates.noindex/Pods.build/Debug-iphonesimulator/React-ImageManager.build/Objects-normal/undefined_arch
    export PER_VARIANT_OBJECT_FILE_DIR\=/Users/antoniogrillo-balen/Library/Developer/Xcode/DerivedData/risebysolis-gzfsziqwziaggpcbgdowmssiasmi/Build/Intermediates.noindex/Pods.build/Debug-iphonesimulator/React-ImageManager.build/Objects-normal
    export PKGINFO_FILE_PATH\=/Users/antoniogrillo-balen/Library/Developer/Xcode/DerivedData/risebysolis-gzfsziqwziaggpcbgdowmssiasmi/Build/Intermediates.noindex/Pods.build/Debug-iphonesimulator/React-ImageManager.build/PkgInfo
    export PKGINFO_PATH\=React_ImageManager.framework/PkgInfo
    export PLATFORM_DEVELOPER_APPLICATIONS_DIR\=/Applications/Xcode.app/Contents/Developer/Platforms/iPhoneSimulator.platform/Developer/Applications
    export PLATFORM_DEVELOPER_BIN_DIR\=/Applications/Xcode.app/Contents/Developer/Platforms/iPhoneSimulator.platform/Developer/usr/bin
    export PLATFORM_DEVELOPER_LIBRARY_DIR\=/Applications/Xcode.app/Contents/Developer/Platforms/iPhoneSimulator.platform/Developer/Library
    export PLATFORM_DEVELOPER_SDK_DIR\=/Applications/Xcode.app/Contents/Developer/Platforms/iPhoneSimulator.platform/Developer/SDKs
    export PLATFORM_DEVELOPER_TOOLS_DIR\=/Applications/Xcode.app/Contents/Developer/Platforms/iPhoneSimulator.platform/Developer/Tools
    export PLATFORM_DEVELOPER_USR_DIR\=/Applications/Xcode.app/Contents/Developer/Platforms/iPhoneSimulator.platform/Developer/usr
    export PLATFORM_DIR\=/Applications/Xcode.app/Contents/Developer/Platforms/iPhoneSimulator.platform
    export PLATFORM_DISPLAY_NAME\=iOS\ Simulator
    export PLATFORM_FAMILY_NAME\=iOS
    export PLATFORM_NAME\=iphonesimulator
    export PLATFORM_PREFERRED_ARCH\=x86_64
    export PLATFORM_PRODUCT_BUILD_VERSION\=23F73
    export PLATFORM_REQUIRES_SWIFT_AUTOLINK_EXTRACT\=NO
    export PLATFORM_REQUIRES_SWIFT_MODULEWRAP\=NO
    export PLATFORM_USES_DSYMS\=YES
    export PLIST_FILE_OUTPUT_FORMAT\=binary
    export PLUGINS_FOLDER_PATH\=React_ImageManager.framework/PlugIns
    export PODS_BUILD_DIR\=/Users/antoniogrillo-balen/Library/Developer/Xcode/DerivedData/risebysolis-gzfsziqwziaggpcbgdowmssiasmi/Build/Products
    export PODS_CONFIGURATION_BUILD_DIR\=/Users/antoniogrillo-balen/Library/Developer/Xcode/DerivedData/risebysolis-gzfsziqwziaggpcbgdowmssiasmi/Build/Products/Debug-iphonesimulator
    export PODS_DEVELOPMENT_LANGUAGE\=en
    export PODS_ROOT\=/Users/antoniogrillo-balen/Desktop/Projects/RiseBuild/ios/Pods
    export PODS_TARGET_SRCROOT\=/Users/antoniogrillo-balen/Desktop/Projects/RiseBuild/ios/Pods/../../node_modules/react-native/ReactCommon/react/renderer/imagemanager/platform/ios
    export PODS_XCFRAMEWORKS_BUILD_DIR\=/Users/antoniogrillo-balen/Library/Developer/Xcode/DerivedData/risebysolis-gzfsziqwziaggpcbgdowmssiasmi/Build/Products/Debug-iphonesimulator/XCFrameworkIntermediates
    export PRECOMPS_INCLUDE_HEADERS_FROM_BUILT_PRODUCTS_DIR\=YES
    export PRECOMP_DESTINATION_DIR\=/Users/antoniogrillo-balen/Library/Developer/Xcode/DerivedData/risebysolis-gzfsziqwziaggpcbgdowmssiasmi/Build/Intermediates.noindex/Pods.build/Debug-iphonesimulator/React-ImageManager.build/PrefixHeaders
    export PRIVATE_HEADERS_FOLDER_PATH\=React_ImageManager.framework/PrivateHeaders
    export PROCESSED_INFOPLIST_PATH\=/Users/antoniogrillo-balen/Library/Developer/Xcode/DerivedData/risebysolis-gzfsziqwziaggpcbgdowmssiasmi/Build/Intermediates.noindex/Pods.build/Debug-iphonesimulator/React-ImageManager.build/Objects-normal/undefined_arch/Processed-Info.plist
    export PRODUCT_BUNDLE_IDENTIFIER\=org.cocoapods.React-ImageManager
    export PRODUCT_BUNDLE_PACKAGE_TYPE\=FMWK
    export PRODUCT_MODULE_NAME\=React_ImageManager
    export PRODUCT_NAME\=React_ImageManager
    export PRODUCT_SETTINGS_PATH\=/Users/antoniogrillo-balen/Desktop/Projects/RiseBuild/ios/Pods/Target\ Support\ Files/React-ImageManager/React-ImageManager-Info.plist
    export PRODUCT_TYPE\=com.apple.product-type.framework
    export PROFILING_CODE\=NO
    export PROJECT\=Pods
    export PROJECT_DERIVED_FILE_DIR\=/Users/antoniogrillo-balen/Library/Developer/Xcode/DerivedData/risebysolis-gzfsziqwziaggpcbgdowmssiasmi/Build/Intermediates.noindex/Pods.build/DerivedSources
    export PROJECT_DIR\=/Users/antoniogrillo-balen/Desktop/Projects/RiseBuild/ios/Pods
    export PROJECT_FILE_PATH\=/Users/antoniogrillo-balen/Desktop/Projects/RiseBuild/ios/Pods/Pods.xcodeproj
    export PROJECT_GUID\=8699adb1dd336b26511df848a716bd42
    export PROJECT_NAME\=Pods
    export PROJECT_TEMP_DIR\=/Users/antoniogrillo-balen/Library/Developer/Xcode/DerivedData/risebysolis-gzfsziqwziaggpcbgdowmssiasmi/Build/Intermediates.noindex/Pods.build
    export PROJECT_TEMP_ROOT\=/Users/antoniogrillo-balen/Library/Developer/Xcode/DerivedData/risebysolis-gzfsziqwziaggpcbgdowmssiasmi/Build/Intermediates.noindex
    export PUBLIC_HEADERS_FOLDER_PATH\=React_ImageManager.framework/Headers
    export REACT_NATIVE_PATH\=/Users/antoniogrillo-balen/Desktop/Projects/RiseBuild/ios/Pods/../../node_modules/react-native
    export RECOMMENDED_IPHONEOS_DEPLOYMENT_TARGET\=15.0
    export RECURSIVE_SEARCH_PATHS_FOLLOW_SYMLINKS\=YES
    export REMOVE_CVS_FROM_RESOURCES\=YES
    export REMOVE_GIT_FROM_RESOURCES\=YES
    export REMOVE_HEADERS_FROM_EMBEDDED_BUNDLES\=YES
    export REMOVE_HG_FROM_RESOURCES\=YES
    export REMOVE_STATIC_EXECUTABLES_FROM_EMBEDDED_BUNDLES\=YES
    export REMOVE_SVN_FROM_RESOURCES\=YES
    export RESCHEDULE_INDEPENDENT_HEADERS_PHASES\=YES
    export REZ_COLLECTOR_DIR\=/Users/antoniogrillo-balen/Library/Developer/Xcode/DerivedData/risebysolis-gzfsziqwziaggpcbgdowmssiasmi/Build/Intermediates.noindex/Pods.build/Debug-iphonesimulator/React-ImageManager.build/ResourceManagerResources
    export REZ_OBJECTS_DIR\=/Users/antoniogrillo-balen/Library/Developer/Xcode/DerivedData/risebysolis-gzfsziqwziaggpcbgdowmssiasmi/Build/Intermediates.noindex/Pods.build/Debug-iphonesimulator/React-ImageManager.build/ResourceManagerResources/Objects
    export REZ_SEARCH_PATHS\=/Users/antoniogrillo-balen/Library/Developer/Xcode/DerivedData/risebysolis-gzfsziqwziaggpcbgdowmssiasmi/Build/Products/Debug-iphonesimulator/React-ImageManager\ 
    export RPATH_ORIGIN\=@loader_path
    export RUNTIME_EXCEPTION_ALLOW_DYLD_ENVIRONMENT_VARIABLES\=NO
    export RUNTIME_EXCEPTION_ALLOW_JIT\=NO
    export RUNTIME_EXCEPTION_ALLOW_UNSIGNED_EXECUTABLE_MEMORY\=NO
    export RUNTIME_EXCEPTION_DEBUGGING_TOOL\=NO
    export RUNTIME_EXCEPTION_DISABLE_EXECUTABLE_PAGE_PROTECTION\=NO
    export RUNTIME_EXCEPTION_DISABLE_LIBRARY_VALIDATION\=NO
    export SCANNING_PCM_KEEP_CACHE_DIRECTORY\=YES
    export SCAN_ALL_SOURCE_FILES_FOR_INCLUDES\=NO
    export SCRIPTS_FOLDER_PATH\=React_ImageManager.framework/Scripts
    export SCRIPT_INPUT_FILE_COUNT\=0
    export SCRIPT_INPUT_FILE_LIST_COUNT\=0
    export SCRIPT_OUTPUT_FILE_COUNT\=0
    export SCRIPT_OUTPUT_FILE_LIST_COUNT\=0
    export SDKROOT\=/Applications/Xcode.app/Contents/Developer/Platforms/iPhoneSimulator.platform/Developer/SDKs/iPhoneSimulator26.5.sdk
    export SDK_DIR\=/Applications/Xcode.app/Contents/Developer/Platforms/iPhoneSimulator.platform/Developer/SDKs/iPhoneSimulator26.5.sdk
    export SDK_DIR_iphonesimulator\=/Applications/Xcode.app/Contents/Developer/Platforms/iPhoneSimulator.platform/Developer/SDKs/iPhoneSimulator26.5.sdk
    export SDK_DIR_iphonesimulator26_5\=/Applications/Xcode.app/Contents/Developer/Platforms/iPhoneSimulator.platform/Developer/SDKs/iPhoneSimulator26.5.sdk
    export SDK_NAME\=iphonesimulator26.5
    export SDK_NAMES\=iphonesimulator26.5
    export SDK_PRODUCT_BUILD_VERSION\=23F73
    export SDK_STAT_CACHE_DIR\=/Users/antoniogrillo-balen/Library/Developer/Xcode/DerivedData
    export SDK_STAT_CACHE_ENABLE\=YES
    export SDK_STAT_CACHE_PATH\=/Users/antoniogrillo-balen/Library/Developer/Xcode/DerivedData/SDKStatCaches.noindex/iphonesimulator26.5-23F73-6cfe768891a92b912361537c460fe42b.sdkstatcache
    export SDK_VERSION\=26.5
    export SDK_VERSION_ACTUAL\=260500
    export SDK_VERSION_MAJOR\=260000
    export SDK_VERSION_MINOR\=260500
    export SED\=/usr/bin/sed
    export SEPARATE_STRIP\=NO
    export SEPARATE_SYMBOL_EDIT\=NO
    export SET_DIR_MODE_OWNER_GROUP\=YES
    export SET_FILE_MODE_OWNER_GROUP\=NO
    export SHALLOW_BUNDLE\=YES
    export SHALLOW_BUNDLE_TRIPLE\=ios-simulator
    export SHALLOW_BUNDLE_ios_macabi\=NO
    export SHALLOW_BUNDLE_macos\=NO
    export SHARED_DERIVED_FILE_DIR\=/Users/antoniogrillo-balen/Library/Developer/Xcode/DerivedData/risebysolis-gzfsziqwziaggpcbgdowmssiasmi/Build/Products/Debug-iphonesimulator/React-ImageManager/DerivedSources
    export SHARED_FRAMEWORKS_FOLDER_PATH\=React_ImageManager.framework/SharedFrameworks
    export SHARED_PRECOMPS_DIR\=/Users/antoniogrillo-balen/Library/Developer/Xcode/DerivedData/risebysolis-gzfsziqwziaggpcbgdowmssiasmi/Build/Intermediates.noindex/PrecompiledHeaders
    export SHARED_SUPPORT_FOLDER_PATH\=React_ImageManager.framework
    export SKIP_INSTALL\=YES
    export SKIP_MERGEABLE_LIBRARY_BUNDLE_HOOK\=NO
    export SOURCE_ROOT\=/Users/antoniogrillo-balen/Desktop/Projects/RiseBuild/ios/Pods
    export SRCROOT\=/Users/antoniogrillo-balen/Desktop/Projects/RiseBuild/ios/Pods
    export STRINGSDATA_DIR\=/Users/antoniogrillo-balen/Library/Developer/Xcode/DerivedData/risebysolis-gzfsziqwziaggpcbgdowmssiasmi/Build/Intermediates.noindex/Pods.build/Debug-iphonesimulator/React-ImageManager.build/Objects-normal/undefined_arch
    export STRINGSDATA_ROOT\=/Users/antoniogrillo-balen/Library/Developer/Xcode/DerivedData/risebysolis-gzfsziqwziaggpcbgdowmssiasmi/Build/Intermediates.noindex/Pods.build/Debug-iphonesimulator/React-ImageManager.build
    export STRINGS_FILE_INFOPLIST_RENAME\=YES
    export STRINGS_FILE_OUTPUT_ENCODING\=binary
    export STRING_CATALOG_GENERATE_SYMBOLS\=NO
    export STRIP_BITCODE_FROM_COPIED_FILES\=NO
    export STRIP_INSTALLED_PRODUCT\=NO
    export STRIP_STYLE\=debugging
    export STRIP_SWIFT_SYMBOLS\=YES
    export SUPPORTED_DEVICE_FAMILIES\=1,2
    export SUPPORTED_PLATFORMS\=iphoneos\ iphonesimulator
    export SUPPORTS_TEXT_BASED_API\=NO
    export SUPPRESS_WARNINGS\=NO
    export SWIFT_ACTIVE_COMPILATION_CONDITIONS\=\ DEBUG\ 
    export SWIFT_EMIT_CONST_VALUE_PROTOCOLS\=AnyResolverProviding\ AppEntity\ AppEnum\ AppExtension\ AppIntent\ AppIntentsPackage\ AppShortcutProviding\ AppShortcutsProvider\ AppUnionValue\ AppUnionValueCasesProviding\ DynamicOptionsProvider\ EntityQuery\ ExtensionPointDefining\ IntentValueQuery\ Resolver\ TransientEntity\ _AssistantIntentsProvider\ _GenerativeFunctionExtractable\ _IntentValueRepresentable
    export SWIFT_EMIT_LOC_STRINGS\=NO
    export SWIFT_ENABLE_EXPLICIT_MODULES\=YES
    export SWIFT_INSTALL_MODULE_FOR_DEPLOYMENT\=YES
    export SWIFT_INSTALL_OBJC_HEADER\=YES
    export SWIFT_OPTIMIZATION_LEVEL\=-Onone
    export SWIFT_PLATFORM_TARGET_PREFIX\=ios
    export SWIFT_RESPONSE_FILE_PATH_normal_arm64\=/Users/antoniogrillo-balen/Library/Developer/Xcode/DerivedData/risebysolis-gzfsziqwziaggpcbgdowmssiasmi/Build/Intermediates.noindex/Pods.build/Debug-iphonesimulator/React-ImageManager.build/Objects-normal/arm64/React_ImageManager.SwiftFileList
    export SWIFT_VERSION\=5.0
    export SYMROOT\=/Users/antoniogrillo-balen/Library/Developer/Xcode/DerivedData/risebysolis-gzfsziqwziaggpcbgdowmssiasmi/Build/Products
    export SYSTEM_ADMIN_APPS_DIR\=/Applications/Utilities
    export SYSTEM_APPS_DIR\=/Applications
    export SYSTEM_CORE_SERVICES_DIR\=/System/Library/CoreServices
    export SYSTEM_DEMOS_DIR\=/Applications/Extras
    export SYSTEM_DEVELOPER_APPS_DIR\=/Applications/Xcode.app/Contents/Developer/Applications
    export SYSTEM_DEVELOPER_BIN_DIR\=/Applications/Xcode.app/Contents/Developer/usr/bin
    export SYSTEM_DEVELOPER_DEMOS_DIR\=/Applications/Xcode.app/Contents/Developer/Applications/Utilities/Built\ Examples
    export SYSTEM_DEVELOPER_DIR\=/Applications/Xcode.app/Contents/Developer
    export SYSTEM_DEVELOPER_DOC_DIR\=/Applications/Xcode.app/Contents/Developer/ADC\ Reference\ Library
    export SYSTEM_DEVELOPER_GRAPHICS_TOOLS_DIR\=/Applications/Xcode.app/Contents/Developer/Applications/Graphics\ Tools
    export SYSTEM_DEVELOPER_JAVA_TOOLS_DIR\=/Applications/Xcode.app/Contents/Developer/Applications/Java\ Tools
    export SYSTEM_DEVELOPER_PERFORMANCE_TOOLS_DIR\=/Applications/Xcode.app/Contents/Developer/Applications/Performance\ Tools
    export SYSTEM_DEVELOPER_RELEASENOTES_DIR\=/Applications/Xcode.app/Contents/Developer/ADC\ Reference\ Library/releasenotes
    export SYSTEM_DEVELOPER_TOOLS\=/Applications/Xcode.app/Contents/Developer/Tools
    export SYSTEM_DEVELOPER_TOOLS_DOC_DIR\=/Applications/Xcode.app/Contents/Developer/ADC\ Reference\ Library/documentation/DeveloperTools
    export SYSTEM_DEVELOPER_TOOLS_RELEASENOTES_DIR\=/Applications/Xcode.app/Contents/Developer/ADC\ Reference\ Library/releasenotes/DeveloperTools
    export SYSTEM_DEVELOPER_USR_DIR\=/Applications/Xcode.app/Contents/Developer/usr
    export SYSTEM_DEVELOPER_UTILITIES_DIR\=/Applications/Xcode.app/Contents/Developer/Applications/Utilities
    export SYSTEM_DEXT_INSTALL_PATH\=/System/Library/DriverExtensions
    export SYSTEM_DOCUMENTATION_DIR\=/Library/Documentation
    export SYSTEM_EXTENSIONS_FOLDER_PATH\=React_ImageManager.framework/SystemExtensions
    export SYSTEM_EXTENSIONS_FOLDER_PATH_SHALLOW_BUNDLE_NO\=React_ImageManager.framework/Library/SystemExtensions
    export SYSTEM_EXTENSIONS_FOLDER_PATH_SHALLOW_BUNDLE_YES\=React_ImageManager.framework/SystemExtensions
    export SYSTEM_KEXT_INSTALL_PATH\=/System/Library/Extensions
    export SYSTEM_LIBRARY_DIR\=/System/Library
    export TAPI_DEMANGLE\=YES
    export TAPI_ENABLE_PROJECT_HEADERS\=NO
    export TAPI_LANGUAGE\=objective-c
    export TAPI_LANGUAGE_STANDARD\=compiler-default
    export TAPI_USE_SRCROOT\=YES
    export TAPI_VERIFY_MODE\=Pedantic
    export TARGETED_DEVICE_FAMILY\=1,2
    export TARGETNAME\=React-ImageManager
    export TARGET_BUILD_DIR\=/Users/antoniogrillo-balen/Library/Developer/Xcode/DerivedData/risebysolis-gzfsziqwziaggpcbgdowmssiasmi/Build/Products/Debug-iphonesimulator/React-ImageManager
    export TARGET_DEVICE_IDENTIFIER\=0C333F8A-4681-4475-855E-6FFD70F12533
    export TARGET_DEVICE_MODEL\=iPhone16,2
    export TARGET_DEVICE_OS_VERSION\=26.4.1
    export TARGET_DEVICE_PLATFORM_NAME\=iphonesimulator
    export TARGET_NAME\=React-ImageManager
    export TARGET_TEMP_DIR\=/Users/antoniogrillo-balen/Library/Developer/Xcode/DerivedData/risebysolis-gzfsziqwziaggpcbgdowmssiasmi/Build/Intermediates.noindex/Pods.build/Debug-iphonesimulator/React-ImageManager.build
    export TEMP_DIR\=/Users/antoniogrillo-balen/Library/Developer/Xcode/DerivedData/risebysolis-gzfsziqwziaggpcbgdowmssiasmi/Build/Intermediates.noindex/Pods.build/Debug-iphonesimulator/React-ImageManager.build
    export TEMP_FILES_DIR\=/Users/antoniogrillo-balen/Library/Developer/Xcode/DerivedData/risebysolis-gzfsziqwziaggpcbgdowmssiasmi/Build/Intermediates.noindex/Pods.build/Debug-iphonesimulator/React-ImageManager.build
    export TEMP_FILE_DIR\=/Users/antoniogrillo-balen/Library/Developer/Xcode/DerivedData/risebysolis-gzfsziqwziaggpcbgdowmssiasmi/Build/Intermediates.noindex/Pods.build/Debug-iphonesimulator/React-ImageManager.build
    export TEMP_ROOT\=/Users/antoniogrillo-balen/Library/Developer/Xcode/DerivedData/risebysolis-gzfsziqwziaggpcbgdowmssiasmi/Build/Intermediates.noindex
    export TEMP_SANDBOX_DIR\=/Users/antoniogrillo-balen/Library/Developer/Xcode/DerivedData/risebysolis-gzfsziqwziaggpcbgdowmssiasmi/Build/Intermediates.noindex/TemporaryTaskSandboxes
    export TEST_FRAMEWORK_SEARCH_PATHS\=\ /Applications/Xcode.app/Contents/Developer/Platforms/iPhoneSimulator.platform/Developer/Library/Frameworks\ /Applications/Xcode.app/Contents/Developer/Platforms/iPhoneSimulator.platform/Developer/SDKs/iPhoneSimulator26.5.sdk/Developer/Library/Frameworks
    export TEST_LIBRARY_SEARCH_PATHS\=\ /Applications/Xcode.app/Contents/Developer/Platforms/iPhoneSimulator.platform/Developer/usr/lib
    export TOOLCHAINS\=com.apple.dt.toolchain.XcodeDefault
    export TOOLCHAIN_DIR\=/Applications/Xcode.app/Contents/Developer/Toolchains/XcodeDefault.xctoolchain
    export TREAT_MISSING_BASELINES_AS_TEST_FAILURES\=NO
    export TREAT_MISSING_SCRIPT_PHASE_OUTPUTS_AS_ERRORS\=NO
    export TeamIdentifierPrefix\=FAKETEAMID.
    export UID\=501
    export UNINSTALLED_PRODUCTS_DIR\=/Users/antoniogrillo-balen/Library/Developer/Xcode/DerivedData/risebysolis-gzfsziqwziaggpcbgdowmssiasmi/Build/Intermediates.noindex/UninstalledProducts
    export UNLOCALIZED_RESOURCES_FOLDER_PATH\=React_ImageManager.framework
    export UNLOCALIZED_RESOURCES_FOLDER_PATH_SHALLOW_BUNDLE_NO\=React_ImageManager.framework/Resources
    export UNLOCALIZED_RESOURCES_FOLDER_PATH_SHALLOW_BUNDLE_YES\=React_ImageManager.framework
    export UNSTRIPPED_PRODUCT\=NO
    export USER\=antoniogrillo-balen
    export USER_APPS_DIR\=/Users/antoniogrillo-balen/Applications
    export USER_LIBRARY_DIR\=/Users/antoniogrillo-balen/Library
    export USE_DYNAMIC_NO_PIC\=YES
    export USE_HEADERMAP\=NO
    export USE_HEADER_SYMLINKS\=NO
    export USE_HERMES\=true
    export USE_RECURSIVE_SCRIPT_INPUTS_IN_SCRIPT_PHASES\=YES
    export VALIDATE_DEVELOPMENT_ASSET_PATHS\=YES_ERROR
    export VALIDATE_PRODUCT\=NO
    export VALID_ARCHS\=arm64\ x86_64
    export VERBOSE_PBXCP\=NO
    export VERSIONING_SYSTEM\=apple-generic
    export VERSIONPLIST_PATH\=React_ImageManager.framework/version.plist
    export VERSIONS_FOLDER_PATH\=React_ImageManager.framework
    export VERSIONS_FOLDER_PATH_SHALLOW_BUNDLE_NO\=React_ImageManager.framework/Versions
    export VERSIONS_FOLDER_PATH_SHALLOW_BUNDLE_YES\=React_ImageManager.framework
    export VERSION_INFO_BUILDER\=antoniogrillo-balen
    export VERSION_INFO_FILE\=React_ImageManager_vers.c
    export VERSION_INFO_STRING\=\"@\(\#\)PROGRAM:React_ImageManager\ \ PROJECT:Pods-1\"
    export WORKSPACE_DIR\=/Users/antoniogrillo-balen/Desktop/Projects/RiseBuild/ios
    export WRAPPER_EXTENSION\=framework
    export WRAPPER_NAME\=React_ImageManager.framework
    export WRAPPER_SUFFIX\=.framework
    export WRAP_ASSET_PACKS_IN_SEPARATE_DIRECTORIES\=NO
    export XCODE_APP_SUPPORT_DIR\=/Applications/Xcode.app/Contents/Developer/Library/Xcode
    export XCODE_PRODUCT_BUILD_VERSION\=17F42
    export XCODE_VERSION_ACTUAL\=2650
    export XCODE_VERSION_MAJOR\=2600
    export XCODE_VERSION_MINOR\=2650
    export XPCSERVICES_FOLDER_PATH\=React_ImageManager.framework/XPCServices
    export YACC\=yacc
    export _DISCOVER_COMMAND_LINE_LINKER_INPUTS\=YES
    export _DISCOVER_COMMAND_LINE_LINKER_INPUTS_INCLUDE_WL\=YES
    export _LD_MULTIARCH\=YES
    export _WRAPPER_CONTENTS_DIR_SHALLOW_BUNDLE_NO\=/Contents
    export _WRAPPER_PARENT_PATH_SHALLOW_BUNDLE_NO\=/..
    export _WRAPPER_RESOURCES_DIR_SHALLOW_BUNDLE_NO\=/Resources
    export __DIAGNOSE_DEPRECATED_ARCHS\=YES
    export __ORIGINAL_SDK_DEFINED_LLVM_TARGET_TRIPLE_SYS\=ios
    export arch\=undefined_arch
    export variant\=normal
    /bin/sh -c /Users/antoniogrillo-balen/Library/Developer/Xcode/DerivedData/risebysolis-gzfsziqwziaggpcbgdowmssiasmi/Build/Intermediates.noindex/Pods.build/Debug-iphonesimulator/React-ImageManager.build/Script-46EB2E00027880.sh

warning: Run script build phase 'Create Symlinks to Header Folders' will be run during every build because it does not specify any outputs. To address this issue, either add output dependencies to the script phase, or configure it to run in every build by unchecking "Based on dependency analysis" in the script phase. (in target 'React-FabricImage' from project 'Pods')
PhaseScriptExecution Create\ Symlinks\ to\ Header\ Folders /Users/antoniogrillo-balen/Library/Developer/Xcode/DerivedData/risebysolis-gzfsziqwziaggpcbgdowmssiasmi/Build/Intermediates.noindex/Pods.build/Debug-iphonesimulator/React-FabricImage.build/Script-46EB2E00027670.sh (in target 'React-FabricImage' from project 'Pods')
    cd /Users/antoniogrillo-balen/Desktop/Projects/RiseBuild/ios/Pods
    export ACTION\=build
    export AD_HOC_CODE_SIGNING_ALLOWED\=YES
    export ALLOW_BUILD_REQUEST_OVERRIDES\=NO
    export ALLOW_TARGET_PLATFORM_SPECIALIZATION\=NO
    export ALTERNATE_GROUP\=staff
    export ALTERNATE_MODE\=u+w,go-w,a+rX
    export ALTERNATE_OWNER\=antoniogrillo-balen
    export ALTERNATIVE_DISTRIBUTION_WEB\=NO
    export ALWAYS_EMBED_SWIFT_STANDARD_LIBRARIES\=NO
    export ALWAYS_SEARCH_USER_PATHS\=NO
    export ALWAYS_USE_SEPARATE_HEADERMAPS\=NO
    export APPLICATION_EXTENSION_API_ONLY\=NO
    export APPLY_RULES_IN_COPY_FILES\=NO
    export APPLY_RULES_IN_COPY_HEADERS\=NO
    export APP_SHORTCUTS_ENABLE_FLEXIBLE_MATCHING\=YES
    export ARCHS\=arm64
    export ARCHS_BASE\=arm64
    export ARCHS_STANDARD\=arm64\ x86_64
    export ARCHS_STANDARD_32_64_BIT\=arm64\ x86_64
    export ARCHS_STANDARD_64_BIT\=arm64\ x86_64
    export ARCHS_STANDARD_INCLUDING_64_BIT\=arm64\ x86_64
    export ARCHS_UNIVERSAL_IPHONE_OS\=arm64\ x86_64
    export ASSETCATALOG_FILTER_FOR_DEVICE_MODEL\=iPhone16,2
    export ASSETCATALOG_FILTER_FOR_DEVICE_OS_VERSION\=26.4.1
    export ASSETCATALOG_FILTER_FOR_THINNING_DEVICE_CONFIGURATION\=iPhone16,2
    export AUTOMATICALLY_MERGE_DEPENDENCIES\=NO
    export AUTOMATION_APPLE_EVENTS\=NO
    export AVAILABLE_PLATFORMS\=android\ appletvos\ appletvsimulator\ driverkit\ freebsd\ iphoneos\ iphonesimulator\ linux\ macosx\ none\ openbsd\ qnx\ watchos\ watchsimulator\ webassembly\ xros\ xrsimulator
    export AppIdentifierPrefix\=FAKETEAMID.
    export BUILD_ACTIVE_RESOURCES_ONLY\=YES
    export BUILD_COMPONENTS\=headers\ build
    export BUILD_DIR\=/Users/antoniogrillo-balen/Library/Developer/Xcode/DerivedData/risebysolis-gzfsziqwziaggpcbgdowmssiasmi/Build/Products
    export BUILD_LIBRARY_FOR_DISTRIBUTION\=NO
    export BUILD_ONLY_KNOWN_LOCALIZATIONS\=NO
    export BUILD_ROOT\=/Users/antoniogrillo-balen/Library/Developer/Xcode/DerivedData/risebysolis-gzfsziqwziaggpcbgdowmssiasmi/Build/Products
    export BUILD_STYLE\=
    export BUILD_VARIANTS\=normal
    export BUILT_PRODUCTS_DIR\=/Users/antoniogrillo-balen/Library/Developer/Xcode/DerivedData/risebysolis-gzfsziqwziaggpcbgdowmssiasmi/Build/Products/Debug-iphonesimulator/React-FabricImage
    export BUNDLE_CONTENTS_FOLDER_PATH_deep\=Contents/
    export BUNDLE_EXECUTABLE_FOLDER_NAME_deep\=MacOS
    export BUNDLE_EXTENSIONS_FOLDER_PATH\=Extensions
    export BUNDLE_FORMAT\=shallow
    export BUNDLE_FRAMEWORKS_FOLDER_PATH\=Frameworks
    export BUNDLE_PLUGINS_FOLDER_PATH\=PlugIns
    export BUNDLE_PRIVATE_HEADERS_FOLDER_PATH\=PrivateHeaders
    export BUNDLE_PUBLIC_HEADERS_FOLDER_PATH\=Headers
    export CACHE_ROOT\=/var/folders/2z/jtlqylkx0c709j3xb7b0g4cm0000gn/C/com.apple.DeveloperTools/26.5-17F42/Xcode
    export CCHROOT\=/var/folders/2z/jtlqylkx0c709j3xb7b0g4cm0000gn/C/com.apple.DeveloperTools/26.5-17F42/Xcode
    export CHMOD\=/bin/chmod
    export CHOWN\=chown
    export CLANG_ANALYZER_LOCALIZABILITY_NONLOCALIZED\=YES
    export CLANG_ANALYZER_NONNULL\=YES
    export CLANG_ANALYZER_NUMBER_OBJECT_CONVERSION\=YES_AGGRESSIVE
    export CLANG_CACHE_FINE_GRAINED_OUTPUTS\=YES
    export CLANG_CXX_LANGUAGE_STANDARD\=c++20
    export CLANG_CXX_LIBRARY\=libc++
    export CLANG_ENABLE_EXPLICIT_MODULES\=YES
    export CLANG_ENABLE_MODULES\=YES
    export CLANG_ENABLE_OBJC_ARC\=YES
    export CLANG_ENABLE_OBJC_WEAK\=NO
    export CLANG_MODULES_BUILD_SESSION_FILE\=/Users/antoniogrillo-balen/Library/Developer/Xcode/DerivedData/ModuleCache.noindex/Session.modulevalidation
    export CLANG_WARN_BLOCK_CAPTURE_AUTORELEASING\=YES
    export CLANG_WARN_BOOL_CONVERSION\=YES
    export CLANG_WARN_COMMA\=YES
    export CLANG_WARN_CONSTANT_CONVERSION\=YES
    export CLANG_WARN_DEPRECATED_OBJC_IMPLEMENTATIONS\=YES
    export CLANG_WARN_DIRECT_OBJC_ISA_USAGE\=YES_ERROR
    export CLANG_WARN_DOCUMENTATION_COMMENTS\=YES
    export CLANG_WARN_EMPTY_BODY\=YES
    export CLANG_WARN_ENUM_CONVERSION\=YES
    export CLANG_WARN_INFINITE_RECURSION\=YES
    export CLANG_WARN_INT_CONVERSION\=YES
    export CLANG_WARN_NON_LITERAL_NULL_CONVERSION\=YES
    export CLANG_WARN_OBJC_IMPLICIT_RETAIN_SELF\=YES
    export CLANG_WARN_OBJC_LITERAL_CONVERSION\=YES
    export CLANG_WARN_OBJC_ROOT_CLASS\=YES_ERROR
    export CLANG_WARN_QUOTED_INCLUDE_IN_FRAMEWORK_HEADER\=NO
    export CLANG_WARN_RANGE_LOOP_ANALYSIS\=YES
    export CLANG_WARN_STRICT_PROTOTYPES\=YES
    export CLANG_WARN_SUSPICIOUS_MOVE\=YES
    export CLANG_WARN_UNGUARDED_AVAILABILITY\=YES_AGGRESSIVE
    export CLANG_WARN_UNREACHABLE_CODE\=YES
    export CLANG_WARN__DUPLICATE_METHOD_MATCH\=YES
    export CLASS_FILE_DIR\=/Users/antoniogrillo-balen/Library/Developer/Xcode/DerivedData/risebysolis-gzfsziqwziaggpcbgdowmssiasmi/Build/Intermediates.noindex/Pods.build/Debug-iphonesimulator/React-FabricImage.build/JavaClasses
    export CLEAN_PRECOMPS\=YES
    export CLONE_HEADERS\=NO
    export CODESIGNING_FOLDER_PATH\=/Users/antoniogrillo-balen/Library/Developer/Xcode/DerivedData/risebysolis-gzfsziqwziaggpcbgdowmssiasmi/Build/Products/Debug-iphonesimulator/React-FabricImage/React_FabricImage.framework
    export CODE_SIGNING_ALLOWED\=YES
    export CODE_SIGNING_REQUIRED\=NO
    export CODE_SIGNING_REQUIRES_TEAM\=YES
    export CODE_SIGN_CONTEXT_CLASS\=XCiPhoneSimulatorCodeSignContext
    export CODE_SIGN_IDENTITY\=-
    export CODE_SIGN_INJECT_BASE_ENTITLEMENTS\=YES
    export COLOR_DIAGNOSTICS\=NO
    export COMBINE_HIDPI_IMAGES\=NO
    export COMPILATION_CACHE_CAS_PATH\=/Users/antoniogrillo-balen/Library/Developer/Xcode/DerivedData/CompilationCache.noindex
    export COMPILATION_CACHE_KEEP_CAS_DIRECTORY\=YES
    export COMPILER_INDEX_STORE_ENABLE\=Default
    export COMPOSITE_SDK_DIRS\=/Users/antoniogrillo-balen/Library/Developer/Xcode/DerivedData/risebysolis-gzfsziqwziaggpcbgdowmssiasmi/Build/Intermediates.noindex/CompositeSDKs
    export COMPRESS_PNG_FILES\=YES
    export CONFIGURATION\=Debug
    export CONFIGURATION_BUILD_DIR\=/Users/antoniogrillo-balen/Library/Developer/Xcode/DerivedData/risebysolis-gzfsziqwziaggpcbgdowmssiasmi/Build/Products/Debug-iphonesimulator/React-FabricImage
    export CONFIGURATION_TEMP_DIR\=/Users/antoniogrillo-balen/Library/Developer/Xcode/DerivedData/risebysolis-gzfsziqwziaggpcbgdowmssiasmi/Build/Intermediates.noindex/Pods.build/Debug-iphonesimulator
    export CONTENTS_FOLDER_PATH\=React_FabricImage.framework
    export CONTENTS_FOLDER_PATH_SHALLOW_BUNDLE_NO\=React_FabricImage.framework/A
    export CONTENTS_FOLDER_PATH_SHALLOW_BUNDLE_YES\=React_FabricImage.framework
    export COPYING_PRESERVES_HFS_DATA\=NO
    export COPY_HEADERS_RUN_UNIFDEF\=NO
    export COPY_PHASE_STRIP\=NO
    export CORRESPONDING_DEVICE_PLATFORM_DIR\=/Applications/Xcode.app/Contents/Developer/Platforms/iPhoneOS.platform
    export CORRESPONDING_DEVICE_PLATFORM_NAME\=iphoneos
    export CORRESPONDING_DEVICE_SDK_DIR\=/Applications/Xcode.app/Contents/Developer/Platforms/iPhoneOS.platform/Developer/SDKs/iPhoneOS26.5.sdk
    export CORRESPONDING_DEVICE_SDK_NAME\=iphoneos26.5
    export CP\=/bin/cp
    export CREATE_INFOPLIST_SECTION_IN_BINARY\=NO
    export CURRENT_ARCH\=undefined_arch
    export CURRENT_PROJECT_VERSION\=1
    export CURRENT_VARIANT\=normal
    export CURRENT_VERSION\=Current
    export DEAD_CODE_STRIPPING\=YES
    export DEBUGGING_SYMBOLS\=YES
    export DEBUG_INFORMATION_FORMAT\=dwarf
    export DEBUG_INFORMATION_VERSION\=compiler-default
    export DEFAULT_COMPILER\=com.apple.compilers.llvm.clang.1_0
    export DEFAULT_DEXT_INSTALL_PATH\=/System/Library/DriverExtensions
    export DEFAULT_KEXT_INSTALL_PATH\=/System/Library/Extensions
    export DEFINES_MODULE\=YES
    export DEPLOYMENT_LOCATION\=NO
    export DEPLOYMENT_POSTPROCESSING\=NO
    export DEPLOYMENT_TARGET_SETTING_NAME\=IPHONEOS_DEPLOYMENT_TARGET
    export DEPLOYMENT_TARGET_SUGGESTED_VALUES\=12.0\ 12.1\ 12.2\ 12.3\ 12.4\ 13.0\ 13.1\ 13.2\ 13.3\ 13.4\ 13.5\ 13.6\ 14.0\ 14.1\ 14.2\ 14.3\ 14.4\ 14.5\ 14.6\ 14.7\ 15.0\ 15.1\ 15.2\ 15.3\ 15.4\ 15.5\ 15.6\ 16.0\ 16.1\ 16.2\ 16.3\ 16.4\ 16.5\ 16.6\ 17.0\ 17.1\ 17.2\ 17.3\ 17.4\ 17.5\ 17.6\ 18.0\ 18.1\ 18.2\ 18.3\ 18.4\ 18.5\ 18.6\ 26.0\ 26.2\ 26.3\ 26.4\ 26.5
    export DERIVED_FILES_DIR\=/Users/antoniogrillo-balen/Library/Developer/Xcode/DerivedData/risebysolis-gzfsziqwziaggpcbgdowmssiasmi/Build/Intermediates.noindex/Pods.build/Debug-iphonesimulator/React-FabricImage.build/DerivedSources
    export DERIVED_FILE_DIR\=/Users/antoniogrillo-balen/Library/Developer/Xcode/DerivedData/risebysolis-gzfsziqwziaggpcbgdowmssiasmi/Build/Intermediates.noindex/Pods.build/Debug-iphonesimulator/React-FabricImage.build/DerivedSources
    export DERIVED_SOURCES_DIR\=/Users/antoniogrillo-balen/Library/Developer/Xcode/DerivedData/risebysolis-gzfsziqwziaggpcbgdowmssiasmi/Build/Intermediates.noindex/Pods.build/Debug-iphonesimulator/React-FabricImage.build/DerivedSources
    export DEVELOPER_APPLICATIONS_DIR\=/Applications/Xcode.app/Contents/Developer/Applications
    export DEVELOPER_BIN_DIR\=/Applications/Xcode.app/Contents/Developer/usr/bin
    export DEVELOPER_DIR\=/Applications/Xcode.app/Contents/Developer
    export DEVELOPER_FRAMEWORKS_DIR\=/Applications/Xcode.app/Contents/Developer/Library/Frameworks
    export DEVELOPER_FRAMEWORKS_DIR_QUOTED\=/Applications/Xcode.app/Contents/Developer/Library/Frameworks
    export DEVELOPER_LIBRARY_DIR\=/Applications/Xcode.app/Contents/Developer/Library
    export DEVELOPER_SDK_DIR\=/Applications/Xcode.app/Contents/Developer/Platforms/MacOSX.platform/Developer/SDKs
    export DEVELOPER_TOOLS_DIR\=/Applications/Xcode.app/Contents/Developer/Tools
    export DEVELOPER_USR_DIR\=/Applications/Xcode.app/Contents/Developer/usr
    export DEVELOPMENT_LANGUAGE\=en
    export DIAGNOSE_MISSING_TARGET_DEPENDENCIES\=YES
    export DIFF\=/usr/bin/diff
    export DOCUMENTATION_FOLDER_PATH\=React_FabricImage.framework/en.lproj/Documentation
    export DONT_GENERATE_INFOPLIST_FILE\=NO
    export DSTROOT\=/tmp/Pods.dst
    export DT_TOOLCHAIN_DIR\=/Applications/Xcode.app/Contents/Developer/Toolchains/XcodeDefault.xctoolchain
    export DUMP_DEPENDENCIES\=NO
    export DUMP_DEPENDENCIES_OUTPUT_PATH\=/Users/antoniogrillo-balen/Library/Developer/Xcode/DerivedData/risebysolis-gzfsziqwziaggpcbgdowmssiasmi/Build/Intermediates.noindex/Pods.build/Debug-iphonesimulator/React-FabricImage.build/React-FabricImage-BuildDependencyInfo.json
    export DWARF_DSYM_FILE_NAME\=React_FabricImage.framework.dSYM
    export DWARF_DSYM_FILE_SHOULD_ACCOMPANY_PRODUCT\=NO
    export DWARF_DSYM_FOLDER_PATH\=/Users/antoniogrillo-balen/Library/Developer/Xcode/DerivedData/risebysolis-gzfsziqwziaggpcbgdowmssiasmi/Build/Products/Debug-iphonesimulator/React-FabricImage
    export DYLIB_COMPATIBILITY_VERSION\=1
    export DYLIB_CURRENT_VERSION\=1
    export DYLIB_INSTALL_NAME_BASE\=@rpath
    export DYNAMIC_LIBRARY_EXTENSION\=dylib
    export EAGER_COMPILATION_ALLOW_SCRIPTS\=NO
    export EAGER_LINKING\=NO
    export EFFECTIVE_PLATFORM_NAME\=-iphonesimulator
    export EFFECTIVE_SWIFT_VERSION\=5
    export EMBEDDED_CONTENT_CONTAINS_SWIFT\=NO
    export EMBED_ASSET_PACKS_IN_PRODUCT_BUNDLE\=NO
    export ENABLE_APP_SANDBOX\=NO
    export ENABLE_CODE_COVERAGE\=YES
    export ENABLE_COHORT_ARCHS\=NO
    export ENABLE_CPLUSPLUS_BOUNDS_SAFE_BUFFERS\=NO
    export ENABLE_C_BOUNDS_SAFETY\=NO
    export ENABLE_DEFAULT_HEADER_SEARCH_PATHS\=YES
    export ENABLE_DEFAULT_SEARCH_PATHS\=YES
    export ENABLE_ENHANCED_SECURITY\=NO
    export ENABLE_HARDENED_RUNTIME\=NO
    export ENABLE_HEADER_DEPENDENCIES\=YES
    export ENABLE_INCOMING_NETWORK_CONNECTIONS\=NO
    export ENABLE_MODULE_VERIFIER\=NO
    export ENABLE_ON_DEMAND_RESOURCES\=NO
    export ENABLE_OUTGOING_NETWORK_CONNECTIONS\=NO
    export ENABLE_POINTER_AUTHENTICATION\=NO
    export ENABLE_PREVIEWS\=NO
    export ENABLE_RESOURCE_ACCESS_AUDIO_INPUT\=NO
    export ENABLE_RESOURCE_ACCESS_BLUETOOTH\=NO
    export ENABLE_RESOURCE_ACCESS_CALENDARS\=NO
    export ENABLE_RESOURCE_ACCESS_CAMERA\=NO
    export ENABLE_RESOURCE_ACCESS_CONTACTS\=NO
    export ENABLE_RESOURCE_ACCESS_LOCATION\=NO
    export ENABLE_RESOURCE_ACCESS_PHOTO_LIBRARY\=NO
    export ENABLE_RESOURCE_ACCESS_PRINTING\=NO
    export ENABLE_RESOURCE_ACCESS_USB\=NO
    export ENABLE_SDK_IMPORTS\=NO
    export ENABLE_SECURITY_COMPILER_WARNINGS\=NO
    export ENABLE_STRICT_OBJC_MSGSEND\=YES
    export ENABLE_TESTABILITY\=YES
    export ENABLE_TESTING_SEARCH_PATHS\=NO
    export ENABLE_USER_SCRIPT_SANDBOXING\=NO
    export ENABLE_XOJIT_PREVIEWS\=YES
    export ENFORCE_VALID_ARCHS\=YES
    export ENTITLEMENTS_DESTINATION\=__entitlements
    export ENTITLEMENTS_REQUIRED\=NO
    export EXCLUDED_INSTALLSRC_SUBDIRECTORY_PATTERNS\=.DS_Store\ .svn\ .git\ .hg\ CVS
    export EXCLUDED_RECURSIVE_SEARCH_PATH_SUBDIRECTORIES\=\*.nib\ \*.lproj\ \*.framework\ \*.gch\ \*.xcode\*\ \*.xcassets\ \*.icon\ \(\*\)\ .DS_Store\ CVS\ .svn\ .git\ .hg\ \*.pbproj\ \*.pbxproj
    export EXECUTABLES_FOLDER_PATH\=React_FabricImage.framework/en.lproj
    export EXECUTABLE_FOLDER_PATH\=React_FabricImage.framework
    export EXECUTABLE_FOLDER_PATH_SHALLOW_BUNDLE_NO\=React_FabricImage.framework
    export EXECUTABLE_FOLDER_PATH_SHALLOW_BUNDLE_YES\=React_FabricImage.framework
    export EXECUTABLE_NAME\=React_FabricImage
    export EXECUTABLE_PATH\=React_FabricImage.framework/React_FabricImage
    export EXPANDED_CODE_SIGN_IDENTITY\=-
    export EXPANDED_CODE_SIGN_IDENTITY_NAME\=Sign\ to\ Run\ Locally
    export EXTENSIONS_FOLDER_PATH\=React_FabricImage.framework/Extensions
    export FILE_LIST\=/Users/antoniogrillo-balen/Library/Developer/Xcode/DerivedData/risebysolis-gzfsziqwziaggpcbgdowmssiasmi/Build/Intermediates.noindex/Pods.build/Debug-iphonesimulator/React-FabricImage.build/Objects/LinkFileList
    export FIXED_FILES_DIR\=/Users/antoniogrillo-balen/Library/Developer/Xcode/DerivedData/risebysolis-gzfsziqwziaggpcbgdowmssiasmi/Build/Intermediates.noindex/Pods.build/Debug-iphonesimulator/React-FabricImage.build/FixedFiles
    export FRAMEWORKS_FOLDER_PATH\=React_FabricImage.framework/Frameworks
    export FRAMEWORK_FLAG_PREFIX\=-framework
    export FRAMEWORK_SEARCH_PATHS\=/Users/antoniogrillo-balen/Library/Developer/Xcode/DerivedData/risebysolis-gzfsziqwziaggpcbgdowmssiasmi/Build/Products/Debug-iphonesimulator/React-FabricImage\ \ \"/Users/antoniogrillo-balen/Library/Developer/Xcode/DerivedData/risebysolis-gzfsziqwziaggpcbgdowmssiasmi/Build/Products/Debug-iphonesimulator/DoubleConversion\"\ \"/Users/antoniogrillo-balen/Library/Developer/Xcode/DerivedData/risebysolis-gzfsziqwziaggpcbgdowmssiasmi/Build/Products/Debug-iphonesimulator/RCT-Folly\"\ \"/Users/antoniogrillo-balen/Library/Developer/Xcode/DerivedData/risebysolis-gzfsziqwziaggpcbgdowmssiasmi/Build/Products/Debug-iphonesimulator/RCTDeprecation\"\ \"/Users/antoniogrillo-balen/Library/Developer/Xcode/DerivedData/risebysolis-gzfsziqwziaggpcbgdowmssiasmi/Build/Products/Debug-iphonesimulator/RCTTypeSafety\"\ \"/Users/antoniogrillo-balen/Library/Developer/Xcode/DerivedData/risebysolis-gzfsziqwziaggpcbgdowmssiasmi/Build/Products/Debug-iphonesimulator/React-Core\"\ \"/Users/antoniogrillo-balen/Library/Developer/Xcode/DerivedData/risebysolis-gzfsziqwziaggpcbgdowmssiasmi/Build/Products/Debug-iphonesimulator/React-Fabric\"\ \"/Users/antoniogrillo-balen/Library/Developer/Xcode/DerivedData/risebysolis-gzfsziqwziaggpcbgdowmssiasmi/Build/Products/Debug-iphonesimulator/React-ImageManager\"\ \"/Users/antoniogrillo-balen/Library/Developer/Xcode/DerivedData/risebysolis-gzfsziqwziaggpcbgdowmssiasmi/Build/Products/Debug-iphonesimulator/React-cxxreact\"\ \"/Users/antoniogrillo-balen/Library/Developer/Xcode/DerivedData/risebysolis-gzfsziqwziaggpcbgdowmssiasmi/Build/Products/Debug-iphonesimulator/React-debug\"\ \"/Users/antoniogrillo-balen/Library/Developer/Xcode/DerivedData/risebysolis-gzfsziqwziaggpcbgdowmssiasmi/Build/Products/Debug-iphonesimulator/React-featureflags\"\ \"/Users/antoniogrillo-balen/Library/Developer/Xcode/DerivedData/risebysolis-gzfsziqwziaggpcbgdowmssiasmi/Build/Products/Debug-iphonesimulator/React-graphics\"\ \"/Users/antoniogrillo-balen/Library/Developer/Xcode/DerivedData/risebysolis-gzfsziqwziaggpcbgdowmssiasmi/Build/Products/Debug-iphonesimulator/React-hermes\"\ \"/Users/antoniogrillo-balen/Library/Developer/Xcode/DerivedData/risebysolis-gzfsziqwziaggpcbgdowmssiasmi/Build/Products/Debug-iphonesimulator/React-jsi\"\ \"/Users/antoniogrillo-balen/Library/Developer/Xcode/DerivedData/risebysolis-gzfsziqwziaggpcbgdowmssiasmi/Build/Products/Debug-iphonesimulator/React-jsiexecutor\"\ \"/Users/antoniogrillo-balen/Library/Developer/Xcode/DerivedData/risebysolis-gzfsziqwziaggpcbgdowmssiasmi/Build/Products/Debug-iphonesimulator/React-jsinspector\"\ \"/Users/antoniogrillo-balen/Library/Developer/Xcode/DerivedData/risebysolis-gzfsziqwziaggpcbgdowmssiasmi/Build/Products/Debug-iphonesimulator/React-logger\"\ \"/Users/antoniogrillo-balen/Library/Developer/Xcode/DerivedData/risebysolis-gzfsziqwziaggpcbgdowmssiasmi/Build/Products/Debug-iphonesimulator/React-perflogger\"\ \"/Users/antoniogrillo-balen/Library/Developer/Xcode/DerivedData/risebysolis-gzfsziqwziaggpcbgdowmssiasmi/Build/Products/Debug-iphonesimulator/React-performancetimeline\"\ \"/Users/antoniogrillo-balen/Library/Developer/Xcode/DerivedData/risebysolis-gzfsziqwziaggpcbgdowmssiasmi/Build/Products/Debug-iphonesimulator/React-rendererconsistency\"\ \"/Users/antoniogrillo-balen/Library/Developer/Xcode/DerivedData/risebysolis-gzfsziqwziaggpcbgdowmssiasmi/Build/Products/Debug-iphonesimulator/React-rendererdebug\"\ \"/Users/antoniogrillo-balen/Library/Developer/Xcode/DerivedData/risebysolis-gzfsziqwziaggpcbgdowmssiasmi/Build/Products/Debug-iphonesimulator/React-runtimescheduler\"\ \"/Users/antoniogrillo-balen/Library/Developer/Xcode/DerivedData/risebysolis-gzfsziqwziaggpcbgdowmssiasmi/Build/Products/Debug-iphonesimulator/React-utils\"\ \"/Users/antoniogrillo-balen/Library/Developer/Xcode/DerivedData/risebysolis-gzfsziqwziaggpcbgdowmssiasmi/Build/Products/Debug-iphonesimulator/ReactCommon\"\ \"/Users/antoniogrillo-balen/Library/Developer/Xcode/DerivedData/risebysolis-gzfsziqwziaggpcbgdowmssiasmi/Build/Products/Debug-iphonesimulator/SocketRocket\"\ \"/Users/antoniogrillo-balen/Library/Developer/Xcode/DerivedData/risebysolis-gzfsziqwziaggpcbgdowmssiasmi/Build/Products/Debug-iphonesimulator/Yoga\"\ \"/Users/antoniogrillo-balen/Library/Developer/Xcode/DerivedData/risebysolis-gzfsziqwziaggpcbgdowmssiasmi/Build/Products/Debug-iphonesimulator/fmt\"\ \"/Users/antoniogrillo-balen/Library/Developer/Xcode/DerivedData/risebysolis-gzfsziqwziaggpcbgdowmssiasmi/Build/Products/Debug-iphonesimulator/glog\"\ \"/Users/antoniogrillo-balen/Desktop/Projects/RiseBuild/ios/Pods/hermes-engine/destroot/Library/Frameworks/universal\"\ \"/Users/antoniogrillo-balen/Library/Developer/Xcode/DerivedData/risebysolis-gzfsziqwziaggpcbgdowmssiasmi/Build/Products/Debug-iphonesimulator/XCFrameworkIntermediates/hermes-engine/Pre-built\"
    export FRAMEWORK_VERSION\=A
    export FULL_PRODUCT_NAME\=React_FabricImage.framework
    export FUSE_BUILD_PHASES\=YES
    export FUSE_BUILD_SCRIPT_PHASES\=NO
    export GCC3_VERSION\=3.3
    export GCC_C_LANGUAGE_STANDARD\=gnu11
    export GCC_DYNAMIC_NO_PIC\=NO
    export GCC_INLINES_ARE_PRIVATE_EXTERN\=YES
    export GCC_NO_COMMON_BLOCKS\=YES
    export GCC_OBJC_LEGACY_DISPATCH\=YES
    export GCC_OPTIMIZATION_LEVEL\=0
    export GCC_PFE_FILE_C_DIALECTS\=c\ objective-c\ c++\ objective-c++
    export GCC_PREFIX_HEADER\=Target\ Support\ Files/React-FabricImage/React-FabricImage-prefix.pch
    export GCC_PREPROCESSOR_DEFINITIONS\=POD_CONFIGURATION_DEBUG\=1\ DEBUG\=1\ \ COCOAPODS\=1
    export GCC_TREAT_WARNINGS_AS_ERRORS\=NO
    export GCC_VERSION\=com.apple.compilers.llvm.clang.1_0
    export GCC_VERSION_IDENTIFIER\=com_apple_compilers_llvm_clang_1_0
    export GCC_WARN_64_TO_32_BIT_CONVERSION\=YES
    export GCC_WARN_ABOUT_RETURN_TYPE\=YES_ERROR
    export GCC_WARN_UNDECLARED_SELECTOR\=YES
    export GCC_WARN_UNINITIALIZED_AUTOS\=YES_AGGRESSIVE
    export GCC_WARN_UNUSED_FUNCTION\=YES
    export GCC_WARN_UNUSED_VARIABLE\=YES
    export GENERATED_MODULEMAP_DIR\=/Users/antoniogrillo-balen/Library/Developer/Xcode/DerivedData/risebysolis-gzfsziqwziaggpcbgdowmssiasmi/Build/Intermediates.noindex/GeneratedModuleMaps-iphonesimulator
    export GENERATE_INFOPLIST_FILE\=NO
    export GENERATE_INTERMEDIATE_TEXT_BASED_STUBS\=YES
    export GENERATE_PKGINFO_FILE\=NO
    export GENERATE_PRELINK_OBJECT_FILE\=NO
    export GENERATE_PROFILING_CODE\=NO
    export GENERATE_TEXT_BASED_STUBS\=NO
    export GID\=20
    export GROUP\=staff
    export HEADERMAP_INCLUDES_FLAT_ENTRIES_FOR_TARGET_BEING_BUILT\=YES
    export HEADERMAP_INCLUDES_FRAMEWORK_ENTRIES_FOR_ALL_PRODUCT_TYPES\=YES
    export HEADERMAP_INCLUDES_FRAMEWORK_ENTRIES_FOR_TARGETS_NOT_BEING_BUILT\=YES
    export HEADERMAP_INCLUDES_NONPUBLIC_NONPRIVATE_HEADERS\=YES
    export HEADERMAP_INCLUDES_PROJECT_HEADERS\=YES
    export HEADERMAP_USES_FRAMEWORK_PREFIX_ENTRIES\=YES
    export HEADERMAP_USES_VFS\=YES
    export HEADER_SEARCH_PATHS\=/Users/antoniogrillo-balen/Library/Developer/Xcode/DerivedData/risebysolis-gzfsziqwziaggpcbgdowmssiasmi/Build/Products/Debug-iphonesimulator/React-FabricImage/include\ \ /Users/antoniogrillo-balen/Library/Developer/Xcode/DerivedData/risebysolis-gzfsziqwziaggpcbgdowmssiasmi/Build/Products/Debug-iphonesimulator/ReactCommon/ReactCommon.framework/Headers\ /Users/antoniogrillo-balen/Library/Developer/Xcode/DerivedData/risebysolis-gzfsziqwziaggpcbgdowmssiasmi/Build/Products/Debug-iphonesimulator/ReactCommon/ReactCommon.framework/Headers/react/nativemodule/core\ /Users/antoniogrillo-balen/Library/Developer/Xcode/DerivedData/risebysolis-gzfsziqwziaggpcbgdowmssiasmi/Build/Products/Debug-iphonesimulator/ReactCommon-Samples/ReactCommon_Samples.framework/Headers\ /Users/antoniogrillo-balen/Library/Developer/Xcode/DerivedData/risebysolis-gzfsziqwziaggpcbgdowmssiasmi/Build/Products/Debug-iphonesimulator/ReactCommon-Samples/ReactCommon_Samples.framework/Headers/platform/ios\ /Users/antoniogrillo-balen/Library/Developer/Xcode/DerivedData/risebysolis-gzfsziqwziaggpcbgdowmssiasmi/Build/Products/Debug-iphonesimulator/React-Fabric/React_Fabric.framework/Headers/react/renderer/components/view/platform/cxx\ /Users/antoniogrillo-balen/Library/Developer/Xcode/DerivedData/risebysolis-gzfsziqwziaggpcbgdowmssiasmi/Build/Products/Debug-iphonesimulator/React-NativeModulesApple/React_NativeModulesApple.framework/Headers\ /Users/antoniogrillo-balen/Library/Developer/Xcode/DerivedData/risebysolis-gzfsziqwziaggpcbgdowmssiasmi/Build/Products/Debug-iphonesimulator/React-graphics/React_graphics.framework/Headers\ /Users/antoniogrillo-balen/Library/Developer/Xcode/DerivedData/risebysolis-gzfsziqwziaggpcbgdowmssiasmi/Build/Products/Debug-iphonesimulator/React-graphics/React_graphics.framework/Headers/react/renderer/graphics/platform/ios\ \"/Users/antoniogrillo-balen/Desktop/Projects/RiseBuild/ios/Pods/Headers/Public\"\ \"/Users/antoniogrillo-balen/Desktop/Projects/RiseBuild/ios/Pods/Headers/Public/FBLazyVector\"\ \"/Users/antoniogrillo-balen/Desktop/Projects/RiseBuild/ios/Pods/Headers/Public/RCTRequired\"\ \"/Users/antoniogrillo-balen/Desktop/Projects/RiseBuild/ios/Pods/Headers/Public/React-callinvoker\"\ \"/Users/antoniogrillo-balen/Desktop/Projects/RiseBuild/ios/Pods/Headers/Public/React-runtimeexecutor\"\ \"/Users/antoniogrillo-balen/Desktop/Projects/RiseBuild/ios/Pods/Headers/Public/React-timing\"\ \"/Users/antoniogrillo-balen/Desktop/Projects/RiseBuild/ios/Pods/Headers/Public/boost\"\ \"/Users/antoniogrillo-balen/Desktop/Projects/RiseBuild/ios/Pods/Headers/Public/fast_float\"\ \"/Users/antoniogrillo-balen/Desktop/Projects/RiseBuild/ios/Pods/Headers/Public/hermes-engine\"\ \"/Users/antoniogrillo-balen/Desktop/Projects/RiseBuild/ios/Pods/boost\"\ \"/Users/antoniogrillo-balen/Desktop/Projects/RiseBuild/ios/Pods/../../node_modules/react-native/ReactCommon/ReactCommon\"\ \"/Users/antoniogrillo-balen/Desktop/Projects/RiseBuild/ios/Pods/RCT-Folly\"\ \"/Users/antoniogrillo-balen/Desktop/Projects/RiseBuild/ios/Pods/Headers/Private/Yoga\"\ \"/Users/antoniogrillo-balen/Desktop/Projects/RiseBuild/ios/Pods/DoubleConversion\"\ \"/Users/antoniogrillo-balen/Desktop/Projects/RiseBuild/ios/Pods/fast_float/include\"\ \"/Users/antoniogrillo-balen/Desktop/Projects/RiseBuild/ios/Pods/fmt/include\"\ \"/Users/antoniogrillo-balen/Desktop/Projects/RiseBuild/ios/Pods/../../node_modules/react-native/ReactCommon\"\ \"/Users/antoniogrillo-balen/Desktop/Projects/RiseBuild/ios/Pods/../../node_modules/react-native/ReactCommon/react/renderer/textlayoutmanager/platform/ios\"\ \"/Users/antoniogrillo-balen/Desktop/Projects/RiseBuild/ios/Pods/../../node_modules/react-native/ReactCommon/react/renderer/components/textinput/platform/ios\"\ \"/Users/antoniogrillo-balen/Library/Developer/Xcode/DerivedData/risebysolis-gzfsziqwziaggpcbgdowmssiasmi/Build/Products/Debug-iphonesimulator/ReactCommon/ReactCommon.framework/Headers\"\ \"/Users/antoniogrillo-balen/Library/Developer/Xcode/DerivedData/risebysolis-gzfsziqwziaggpcbgdowmssiasmi/Build/Products/Debug-iphonesimulator/React-graphics/React_graphics.framework/Headers\"\ \"/Users/antoniogrillo-balen/Library/Developer/Xcode/DerivedData/risebysolis-gzfsziqwziaggpcbgdowmssiasmi/Build/Products/Debug-iphonesimulator/React-graphics/React_graphics.framework/Headers/react/renderer/graphics/platform/ios\"\ \"/Users/antoniogrillo-balen/Library/Developer/Xcode/DerivedData/risebysolis-gzfsziqwziaggpcbgdowmssiasmi/Build/Products/Debug-iphonesimulator/React-Fabric/React_Fabric.framework/Headers\"\ \"/Users/antoniogrillo-balen/Library/Developer/Xcode/DerivedData/risebysolis-gzfsziqwziaggpcbgdowmssiasmi/Build/Products/Debug-iphonesimulator/React-Fabric/React_Fabric.framework/Headers/react/renderer/components/view/platform/cxx\"\ \"/Users/antoniogrillo-balen/Library/Developer/Xcode/DerivedData/risebysolis-gzfsziqwziaggpcbgdowmssiasmi/Build/Products/Debug-iphonesimulator/React-Fabric/React_Fabric.framework/Headers/react/renderer/imagemanager/platform/ios\"\ \"/Users/antoniogrillo-balen/Library/Developer/Xcode/DerivedData/risebysolis-gzfsziqwziaggpcbgdowmssiasmi/Build/Products/Debug-iphonesimulator/React-rendererdebug/React_rendererdebug.framework/Headers\"
    export HOME\=/Users/antoniogrillo-balen
    export HOST_ARCH\=arm64
    export HOST_PLATFORM\=macosx
    export ICONV\=/usr/bin/iconv
    export IMPLICIT_DEPENDENCY_DOMAIN\=default
    export INDEX_STORE_COMPRESS\=NO
    export INDEX_STORE_ONLY_PROJECT_FILES\=NO
    export INFOPLIST_ENABLE_CFBUNDLEICONS_MERGE\=YES
    export INFOPLIST_EXPAND_BUILD_SETTINGS\=YES
    export INFOPLIST_FILE\=Target\ Support\ Files/React-FabricImage/React-FabricImage-Info.plist
    export INFOPLIST_OUTPUT_FORMAT\=binary
    export INFOPLIST_PATH\=React_FabricImage.framework/Info.plist
    export INFOPLIST_PREPROCESS\=NO
    export INFOSTRINGS_PATH\=React_FabricImage.framework/en.lproj/InfoPlist.strings
    export INLINE_PRIVATE_FRAMEWORKS\=NO
    export INSTALLAPI_IGNORE_SKIP_INSTALL\=YES
    export INSTALLHDRS_COPY_PHASE\=NO
    export INSTALLHDRS_SCRIPT_PHASE\=NO
    export INSTALL_DIR\=/tmp/Pods.dst/Library/Frameworks
    export INSTALL_GROUP\=staff
    export INSTALL_MODE_FLAG\=u+w,go-w,a+rX
    export INSTALL_OWNER\=antoniogrillo-balen
    export INSTALL_PATH\=/Library/Frameworks
    export INSTALL_ROOT\=/tmp/Pods.dst
    export IPHONEOS_DEPLOYMENT_TARGET\=15.1
    export IS_UNOPTIMIZED_BUILD\=YES
    export JAVAC_DEFAULT_FLAGS\=-J-Xms64m\ -J-XX:NewSize\=4M\ -J-Dfile.encoding\=UTF8
    export JAVA_APP_STUB\=/System/Library/Frameworks/JavaVM.framework/Resources/MacOS/JavaApplicationStub
    export JAVA_ARCHIVE_CLASSES\=YES
    export JAVA_ARCHIVE_TYPE\=JAR
    export JAVA_COMPILER\=/usr/bin/javac
    export JAVA_FOLDER_PATH\=React_FabricImage.framework/Java
    export JAVA_FRAMEWORK_RESOURCES_DIRS\=Resources
    export JAVA_JAR_FLAGS\=cv
    export JAVA_SOURCE_SUBDIR\=.
    export JAVA_USE_DEPENDENCIES\=YES
    export JAVA_ZIP_FLAGS\=-urg
    export JIKES_DEFAULT_FLAGS\=+E\ +OLDCSO
    export KEEP_PRIVATE_EXTERNS\=NO
    export LD_DEPENDENCY_INFO_FILE\=/Users/antoniogrillo-balen/Library/Developer/Xcode/DerivedData/risebysolis-gzfsziqwziaggpcbgdowmssiasmi/Build/Intermediates.noindex/Pods.build/Debug-iphonesimulator/React-FabricImage.build/Objects-normal/undefined_arch/React_FabricImage_dependency_info.dat
    export LD_DYLIB_INSTALL_NAME\=@rpath/React_FabricImage.framework/React_FabricImage
    export LD_EXPORT_SYMBOLS\=YES
    export LD_GENERATE_MAP_FILE\=NO
    export LD_MAP_FILE_PATH\=/Users/antoniogrillo-balen/Library/Developer/Xcode/DerivedData/risebysolis-gzfsziqwziaggpcbgdowmssiasmi/Build/Intermediates.noindex/Pods.build/Debug-iphonesimulator/React-FabricImage.build/React_FabricImage-LinkMap-normal-undefined_arch.txt
    export LD_NO_PIE\=NO
    export LD_QUOTE_LINKER_ARGUMENTS_FOR_COMPILER_DRIVER\=YES
    export LD_RUNPATH_SEARCH_PATHS\=\ @executable_path/Frameworks\ @loader_path/Frameworks
    export LD_SHARED_CACHE_ELIGIBLE\=Automatic
    export LD_WARN_DUPLICATE_LIBRARIES\=NO
    export LD_WARN_UNUSED_DYLIBS\=NO
    export LEGACY_DEVELOPER_DIR\=/Applications/Xcode.app/Contents/PlugIns/Xcode3Core.ideplugin/Contents/SharedSupport/Developer
    export LEX\=lex
    export LIBRARY_DEXT_INSTALL_PATH\=/Library/DriverExtensions
    export LIBRARY_FLAG_NOSPACE\=YES
    export LIBRARY_FLAG_PREFIX\=-l
    export LIBRARY_KEXT_INSTALL_PATH\=/Library/Extensions
    export LIBRARY_SEARCH_PATHS\=/Users/antoniogrillo-balen/Library/Developer/Xcode/DerivedData/risebysolis-gzfsziqwziaggpcbgdowmssiasmi/Build/Products/Debug-iphonesimulator/React-FabricImage\ 
    export LINKER_DISPLAYS_MANGLED_NAMES\=NO
    export LINK_FILE_LIST_normal_arm64\=/Users/antoniogrillo-balen/Library/Developer/Xcode/DerivedData/risebysolis-gzfsziqwziaggpcbgdowmssiasmi/Build/Intermediates.noindex/Pods.build/Debug-iphonesimulator/React-FabricImage.build/Objects-normal/arm64/React_FabricImage.LinkFileList
    export LINK_OBJC_RUNTIME\=YES
    export LINK_WITH_STANDARD_LIBRARIES\=YES
    export LLVM_TARGET_TRIPLE_OS_VERSION\=ios15.1
    export LLVM_TARGET_TRIPLE_SUFFIX\=-simulator
    export LLVM_TARGET_TRIPLE_VENDOR\=apple
    export LM_AUX_CONST_METADATA_LIST_PATH_normal_arm64\=/Users/antoniogrillo-balen/Library/Developer/Xcode/DerivedData/risebysolis-gzfsziqwziaggpcbgdowmssiasmi/Build/Intermediates.noindex/Pods.build/Debug-iphonesimulator/React-FabricImage.build/Objects-normal/arm64/React_FabricImage.SwiftConstValuesFileList
    export LOCALIZATION_EXPORT_SUPPORTED\=YES
    export LOCALIZATION_PREFERS_STRING_CATALOGS\=NO
    export LOCALIZED_RESOURCES_FOLDER_PATH\=React_FabricImage.framework/en.lproj
    export LOCALIZED_STRING_CODE_COMMENTS\=NO
    export LOCALIZED_STRING_MACRO_NAMES\=NSLocalizedString\ CFCopyLocalizedString
    export LOCALIZED_STRING_SWIFTUI_SUPPORT\=YES
    export LOCAL_ADMIN_APPS_DIR\=/Applications/Utilities
    export LOCAL_APPS_DIR\=/Applications
    export LOCAL_DEVELOPER_DIR\=/Library/Developer
    export LOCAL_LIBRARY_DIR\=/Library
    export LOCROOT\=/Users/antoniogrillo-balen/Desktop/Projects/RiseBuild/ios/Pods
    export LOCSYMROOT\=/Users/antoniogrillo-balen/Desktop/Projects/RiseBuild/ios/Pods
    export MACH_O_TYPE\=staticlib
    export MAC_OS_X_PRODUCT_BUILD_VERSION\=25E253
    export MAC_OS_X_VERSION_ACTUAL\=260401
    export MAC_OS_X_VERSION_MAJOR\=260000
    export MAC_OS_X_VERSION_MINOR\=260400
    export MAKE_MERGEABLE\=NO
    export MERGEABLE_LIBRARY\=NO
    export MERGED_BINARY_TYPE\=none
    export MERGE_LINKED_LIBRARIES\=NO
    export METAL_LIBRARY_FILE_BASE\=default
    export METAL_LIBRARY_OUTPUT_DIR\=/Users/antoniogrillo-balen/Library/Developer/Xcode/DerivedData/risebysolis-gzfsziqwziaggpcbgdowmssiasmi/Build/Products/Debug-iphonesimulator/React-FabricImage/React_FabricImage.framework
    export MODULEMAP_FILE\=Target\ Support\ Files/React-FabricImage/React-FabricImage.modulemap
    export MODULES_FOLDER_PATH\=React_FabricImage.framework/Modules
    export MODULE_CACHE_DIR\=/Users/antoniogrillo-balen/Library/Developer/Xcode/DerivedData/ModuleCache.noindex
    export MTL_ENABLE_DEBUG_INFO\=INCLUDE_SOURCE
    export MTL_FAST_MATH\=YES
    export NATIVE_ARCH\=arm64
    export NATIVE_ARCH_32_BIT\=arm
    export NATIVE_ARCH_64_BIT\=arm64
    export NATIVE_ARCH_ACTUAL\=arm64
    export NO_COMMON\=YES
    export OBJC_ABI_VERSION\=2
    export OBJECT_FILE_DIR\=/Users/antoniogrillo-balen/Library/Developer/Xcode/DerivedData/risebysolis-gzfsziqwziaggpcbgdowmssiasmi/Build/Intermediates.noindex/Pods.build/Debug-iphonesimulator/React-FabricImage.build/Objects
    export OBJECT_FILE_DIR_normal\=/Users/antoniogrillo-balen/Library/Developer/Xcode/DerivedData/risebysolis-gzfsziqwziaggpcbgdowmssiasmi/Build/Intermediates.noindex/Pods.build/Debug-iphonesimulator/React-FabricImage.build/Objects-normal
    export OBJROOT\=/Users/antoniogrillo-balen/Library/Developer/Xcode/DerivedData/risebysolis-gzfsziqwziaggpcbgdowmssiasmi/Build/Intermediates.noindex
    export ONLY_ACTIVE_ARCH\=YES
    export OS\=MACOS
    export OSAC\=/usr/bin/osacompile
    export OTHER_LDFLAGS\=\ \ 
    export PACKAGE_TYPE\=com.apple.package-type.wrapper.framework
    export PASCAL_STRINGS\=YES
    export PATH\=/Applications/Xcode.app/Contents/SharedFrameworks/SwiftBuild.framework/Versions/A/PlugIns/SWBBuildService.bundle/Contents/PlugIns/SWBUniversalPlatformPlugin.bundle/Contents/Frameworks/SWBUniversalPlatform.framework/Resources:/Applications/Xcode.app/Contents/Developer/Toolchains/XcodeDefault.xctoolchain/usr/bin:/Applications/Xcode.app/Contents/Developer/Toolchains/XcodeDefault.xctoolchain/usr/local/bin:/Applications/Xcode.app/Contents/Developer/Toolchains/XcodeDefault.xctoolchain/usr/libexec:/Applications/Xcode.app/Contents/Developer/Platforms/iPhoneSimulator.platform/usr/bin:/Applications/Xcode.app/Contents/Developer/Platforms/iPhoneSimulator.platform/usr/local/bin:/Applications/Xcode.app/Contents/Developer/Platforms/iPhoneSimulator.platform/Developer/usr/bin:/Applications/Xcode.app/Contents/Developer/Platforms/iPhoneSimulator.platform/Developer/usr/local/bin:/Applications/Xcode.app/Contents/Developer/usr/bin:/Applications/Xcode.app/Contents/Developer/usr/local/bin:/opt/homebrew/opt/ruby/bin:/opt/homebrew/lib/ruby/gems/4.0.0/bin:/opt/homebrew/bin:/opt/homebrew/sbin:/Users/antoniogrillo-balen/.nvm/versions/node/v24.14.1/bin:/Library/Frameworks/Python.framework/Versions/3.14/bin:/usr/local/bin:/System/Cryptexes/App/usr/bin:/usr/bin:/bin:/usr/sbin:/sbin:/var/run/com.apple.security.cryptexd/codex.system/bootstrap/usr/local/bin:/var/run/com.apple.security.cryptexd/codex.system/bootstrap/usr/bin:/var/run/com.apple.security.cryptexd/codex.system/bootstrap/usr/appleinternal/bin:/opt/pkg/env/active/bin:/opt/pmk/env/global/bin:/Library/Apple/usr/bin:/Applications/VMware\ Fusion.app/Contents/Public:/Users/antoniogrillo-balen/.cargo/bin:/Users/antoniogrillo-balen/.cache/plugins/.install-staging/25283474a0e0d4a060cb0e915c1ec54e3d41ef2e/cursor/repo/bin:/Users/antoniogrillo-balen/.claude/plugins/cache/claude-plugins-official/superpowers/5.1.0/bin:/Users/antoniogrillo-balen/.claude/plugins/cache/claude-plugins-official/frontend-design/unknown/bin:/Users/antoniogrillo-balen/.claude/plugins/cache/claude-plugins-official/code-simplifier/1.0.0/bin:/Users/antoniogrillo-balen/.claude/plugins/cache/claude-plugins-official/security-guidance/unknown/bin:/Users/antoniogrillo-balen/.claude/plugins/cache/thedotmack/claude-mem/12.1.1/bin
    export PATH_PREFIXES_EXCLUDED_FROM_HEADER_DEPENDENCIES\=/usr/include\ /usr/local/include\ /System/Library/Frameworks\ /System/Library/PrivateFrameworks\ /Applications/Xcode.app/Contents/Developer/Headers\ /Applications/Xcode.app/Contents/Developer/SDKs\ /Applications/Xcode.app/Contents/Developer/Platforms
    export PBDEVELOPMENTPLIST_PATH\=React_FabricImage.framework/pbdevelopment.plist
    export PER_ARCH_MODULE_FILE_DIR\=/Users/antoniogrillo-balen/Library/Developer/Xcode/DerivedData/risebysolis-gzfsziqwziaggpcbgdowmssiasmi/Build/Intermediates.noindex/Pods.build/Debug-iphonesimulator/React-FabricImage.build/Objects-normal/undefined_arch
    export PER_ARCH_OBJECT_FILE_DIR\=/Users/antoniogrillo-balen/Library/Developer/Xcode/DerivedData/risebysolis-gzfsziqwziaggpcbgdowmssiasmi/Build/Intermediates.noindex/Pods.build/Debug-iphonesimulator/React-FabricImage.build/Objects-normal/undefined_arch
    export PER_VARIANT_OBJECT_FILE_DIR\=/Users/antoniogrillo-balen/Library/Developer/Xcode/DerivedData/risebysolis-gzfsziqwziaggpcbgdowmssiasmi/Build/Intermediates.noindex/Pods.build/Debug-iphonesimulator/React-FabricImage.build/Objects-normal
    export PKGINFO_FILE_PATH\=/Users/antoniogrillo-balen/Library/Developer/Xcode/DerivedData/risebysolis-gzfsziqwziaggpcbgdowmssiasmi/Build/Intermediates.noindex/Pods.build/Debug-iphonesimulator/React-FabricImage.build/PkgInfo
    export PKGINFO_PATH\=React_FabricImage.framework/PkgInfo
    export PLATFORM_DEVELOPER_APPLICATIONS_DIR\=/Applications/Xcode.app/Contents/Developer/Platforms/iPhoneSimulator.platform/Developer/Applications
    export PLATFORM_DEVELOPER_BIN_DIR\=/Applications/Xcode.app/Contents/Developer/Platforms/iPhoneSimulator.platform/Developer/usr/bin
    export PLATFORM_DEVELOPER_LIBRARY_DIR\=/Applications/Xcode.app/Contents/Developer/Platforms/iPhoneSimulator.platform/Developer/Library
    export PLATFORM_DEVELOPER_SDK_DIR\=/Applications/Xcode.app/Contents/Developer/Platforms/iPhoneSimulator.platform/Developer/SDKs
    export PLATFORM_DEVELOPER_TOOLS_DIR\=/Applications/Xcode.app/Contents/Developer/Platforms/iPhoneSimulator.platform/Developer/Tools
    export PLATFORM_DEVELOPER_USR_DIR\=/Applications/Xcode.app/Contents/Developer/Platforms/iPhoneSimulator.platform/Developer/usr
    export PLATFORM_DIR\=/Applications/Xcode.app/Contents/Developer/Platforms/iPhoneSimulator.platform
    export PLATFORM_DISPLAY_NAME\=iOS\ Simulator
    export PLATFORM_FAMILY_NAME\=iOS
    export PLATFORM_NAME\=iphonesimulator
    export PLATFORM_PREFERRED_ARCH\=x86_64
    export PLATFORM_PRODUCT_BUILD_VERSION\=23F73
    export PLATFORM_REQUIRES_SWIFT_AUTOLINK_EXTRACT\=NO
    export PLATFORM_REQUIRES_SWIFT_MODULEWRAP\=NO
    export PLATFORM_USES_DSYMS\=YES
    export PLIST_FILE_OUTPUT_FORMAT\=binary
    export PLUGINS_FOLDER_PATH\=React_FabricImage.framework/PlugIns
    export PODS_BUILD_DIR\=/Users/antoniogrillo-balen/Library/Developer/Xcode/DerivedData/risebysolis-gzfsziqwziaggpcbgdowmssiasmi/Build/Products
    export PODS_CONFIGURATION_BUILD_DIR\=/Users/antoniogrillo-balen/Library/Developer/Xcode/DerivedData/risebysolis-gzfsziqwziaggpcbgdowmssiasmi/Build/Products/Debug-iphonesimulator
    export PODS_DEVELOPMENT_LANGUAGE\=en
    export PODS_ROOT\=/Users/antoniogrillo-balen/Desktop/Projects/RiseBuild/ios/Pods
    export PODS_TARGET_SRCROOT\=/Users/antoniogrillo-balen/Desktop/Projects/RiseBuild/ios/Pods/../../node_modules/react-native/ReactCommon
    export PODS_XCFRAMEWORKS_BUILD_DIR\=/Users/antoniogrillo-balen/Library/Developer/Xcode/DerivedData/risebysolis-gzfsziqwziaggpcbgdowmssiasmi/Build/Products/Debug-iphonesimulator/XCFrameworkIntermediates
    export PRECOMPS_INCLUDE_HEADERS_FROM_BUILT_PRODUCTS_DIR\=YES
    export PRECOMP_DESTINATION_DIR\=/Users/antoniogrillo-balen/Library/Developer/Xcode/DerivedData/risebysolis-gzfsziqwziaggpcbgdowmssiasmi/Build/Intermediates.noindex/Pods.build/Debug-iphonesimulator/React-FabricImage.build/PrefixHeaders
    export PRIVATE_HEADERS_FOLDER_PATH\=React_FabricImage.framework/PrivateHeaders
    export PROCESSED_INFOPLIST_PATH\=/Users/antoniogrillo-balen/Library/Developer/Xcode/DerivedData/risebysolis-gzfsziqwziaggpcbgdowmssiasmi/Build/Intermediates.noindex/Pods.build/Debug-iphonesimulator/React-FabricImage.build/Objects-normal/undefined_arch/Processed-Info.plist
    export PRODUCT_BUNDLE_IDENTIFIER\=org.cocoapods.React-FabricImage
    export PRODUCT_BUNDLE_PACKAGE_TYPE\=FMWK
    export PRODUCT_MODULE_NAME\=React_FabricImage
    export PRODUCT_NAME\=React_FabricImage
    export PRODUCT_SETTINGS_PATH\=/Users/antoniogrillo-balen/Desktop/Projects/RiseBuild/ios/Pods/Target\ Support\ Files/React-FabricImage/React-FabricImage-Info.plist
    export PRODUCT_TYPE\=com.apple.product-type.framework
    export PROFILING_CODE\=NO
    export PROJECT\=Pods
    export PROJECT_DERIVED_FILE_DIR\=/Users/antoniogrillo-balen/Library/Developer/Xcode/DerivedData/risebysolis-gzfsziqwziaggpcbgdowmssiasmi/Build/Intermediates.noindex/Pods.build/DerivedSources
    export PROJECT_DIR\=/Users/antoniogrillo-balen/Desktop/Projects/RiseBuild/ios/Pods
    export PROJECT_FILE_PATH\=/Users/antoniogrillo-balen/Desktop/Projects/RiseBuild/ios/Pods/Pods.xcodeproj
    export PROJECT_GUID\=8699adb1dd336b26511df848a716bd42
    export PROJECT_NAME\=Pods
    export PROJECT_TEMP_DIR\=/Users/antoniogrillo-balen/Library/Developer/Xcode/DerivedData/risebysolis-gzfsziqwziaggpcbgdowmssiasmi/Build/Intermediates.noindex/Pods.build
    export PROJECT_TEMP_ROOT\=/Users/antoniogrillo-balen/Library/Developer/Xcode/DerivedData/risebysolis-gzfsziqwziaggpcbgdowmssiasmi/Build/Intermediates.noindex
    export PUBLIC_HEADERS_FOLDER_PATH\=React_FabricImage.framework/Headers
    export REACT_NATIVE_PATH\=/Users/antoniogrillo-balen/Desktop/Projects/RiseBuild/ios/Pods/../../node_modules/react-native
    export RECOMMENDED_IPHONEOS_DEPLOYMENT_TARGET\=15.0
    export RECURSIVE_SEARCH_PATHS_FOLLOW_SYMLINKS\=YES
    export REMOVE_CVS_FROM_RESOURCES\=YES
    export REMOVE_GIT_FROM_RESOURCES\=YES
    export REMOVE_HEADERS_FROM_EMBEDDED_BUNDLES\=YES
    export REMOVE_HG_FROM_RESOURCES\=YES
    export REMOVE_STATIC_EXECUTABLES_FROM_EMBEDDED_BUNDLES\=YES
    export REMOVE_SVN_FROM_RESOURCES\=YES
    export RESCHEDULE_INDEPENDENT_HEADERS_PHASES\=YES
    export REZ_COLLECTOR_DIR\=/Users/antoniogrillo-balen/Library/Developer/Xcode/DerivedData/risebysolis-gzfsziqwziaggpcbgdowmssiasmi/Build/Intermediates.noindex/Pods.build/Debug-iphonesimulator/React-FabricImage.build/ResourceManagerResources
    export REZ_OBJECTS_DIR\=/Users/antoniogrillo-balen/Library/Developer/Xcode/DerivedData/risebysolis-gzfsziqwziaggpcbgdowmssiasmi/Build/Intermediates.noindex/Pods.build/Debug-iphonesimulator/React-FabricImage.build/ResourceManagerResources/Objects
    export REZ_SEARCH_PATHS\=/Users/antoniogrillo-balen/Library/Developer/Xcode/DerivedData/risebysolis-gzfsziqwziaggpcbgdowmssiasmi/Build/Products/Debug-iphonesimulator/React-FabricImage\ 
    export RPATH_ORIGIN\=@loader_path
    export RUNTIME_EXCEPTION_ALLOW_DYLD_ENVIRONMENT_VARIABLES\=NO
    export RUNTIME_EXCEPTION_ALLOW_JIT\=NO
    export RUNTIME_EXCEPTION_ALLOW_UNSIGNED_EXECUTABLE_MEMORY\=NO
    export RUNTIME_EXCEPTION_DEBUGGING_TOOL\=NO
    export RUNTIME_EXCEPTION_DISABLE_EXECUTABLE_PAGE_PROTECTION\=NO
    export RUNTIME_EXCEPTION_DISABLE_LIBRARY_VALIDATION\=NO
    export SCANNING_PCM_KEEP_CACHE_DIRECTORY\=YES
    export SCAN_ALL_SOURCE_FILES_FOR_INCLUDES\=NO
    export SCRIPTS_FOLDER_PATH\=React_FabricImage.framework/Scripts
    export SCRIPT_INPUT_FILE_COUNT\=0
    export SCRIPT_INPUT_FILE_LIST_COUNT\=0
    export SCRIPT_OUTPUT_FILE_COUNT\=0
    export SCRIPT_OUTPUT_FILE_LIST_COUNT\=0
    export SDKROOT\=/Applications/Xcode.app/Contents/Developer/Platforms/iPhoneSimulator.platform/Developer/SDKs/iPhoneSimulator26.5.sdk
    export SDK_DIR\=/Applications/Xcode.app/Contents/Developer/Platforms/iPhoneSimulator.platform/Developer/SDKs/iPhoneSimulator26.5.sdk
    export SDK_DIR_iphonesimulator\=/Applications/Xcode.app/Contents/Developer/Platforms/iPhoneSimulator.platform/Developer/SDKs/iPhoneSimulator26.5.sdk
    export SDK_DIR_iphonesimulator26_5\=/Applications/Xcode.app/Contents/Developer/Platforms/iPhoneSimulator.platform/Developer/SDKs/iPhoneSimulator26.5.sdk
    export SDK_NAME\=iphonesimulator26.5
    export SDK_NAMES\=iphonesimulator26.5
    export SDK_PRODUCT_BUILD_VERSION\=23F73
    export SDK_STAT_CACHE_DIR\=/Users/antoniogrillo-balen/Library/Developer/Xcode/DerivedData
    export SDK_STAT_CACHE_ENABLE\=YES
    export SDK_STAT_CACHE_PATH\=/Users/antoniogrillo-balen/Library/Developer/Xcode/DerivedData/SDKStatCaches.noindex/iphonesimulator26.5-23F73-6cfe768891a92b912361537c460fe42b.sdkstatcache
    export SDK_VERSION\=26.5
    export SDK_VERSION_ACTUAL\=260500
    export SDK_VERSION_MAJOR\=260000
    export SDK_VERSION_MINOR\=260500
    export SED\=/usr/bin/sed
    export SEPARATE_STRIP\=NO
    export SEPARATE_SYMBOL_EDIT\=NO
    export SET_DIR_MODE_OWNER_GROUP\=YES
    export SET_FILE_MODE_OWNER_GROUP\=NO
    export SHALLOW_BUNDLE\=YES
    export SHALLOW_BUNDLE_TRIPLE\=ios-simulator
    export SHALLOW_BUNDLE_ios_macabi\=NO
    export SHALLOW_BUNDLE_macos\=NO
    export SHARED_DERIVED_FILE_DIR\=/Users/antoniogrillo-balen/Library/Developer/Xcode/DerivedData/risebysolis-gzfsziqwziaggpcbgdowmssiasmi/Build/Products/Debug-iphonesimulator/React-FabricImage/DerivedSources
    export SHARED_FRAMEWORKS_FOLDER_PATH\=React_FabricImage.framework/SharedFrameworks
    export SHARED_PRECOMPS_DIR\=/Users/antoniogrillo-balen/Library/Developer/Xcode/DerivedData/risebysolis-gzfsziqwziaggpcbgdowmssiasmi/Build/Intermediates.noindex/PrecompiledHeaders
    export SHARED_SUPPORT_FOLDER_PATH\=React_FabricImage.framework
    export SKIP_INSTALL\=YES
    export SKIP_MERGEABLE_LIBRARY_BUNDLE_HOOK\=NO
    export SOURCE_ROOT\=/Users/antoniogrillo-balen/Desktop/Projects/RiseBuild/ios/Pods
    export SRCROOT\=/Users/antoniogrillo-balen/Desktop/Projects/RiseBuild/ios/Pods
    export STRINGSDATA_DIR\=/Users/antoniogrillo-balen/Library/Developer/Xcode/DerivedData/risebysolis-gzfsziqwziaggpcbgdowmssiasmi/Build/Intermediates.noindex/Pods.build/Debug-iphonesimulator/React-FabricImage.build/Objects-normal/undefined_arch
    export STRINGSDATA_ROOT\=/Users/antoniogrillo-balen/Library/Developer/Xcode/DerivedData/risebysolis-gzfsziqwziaggpcbgdowmssiasmi/Build/Intermediates.noindex/Pods.build/Debug-iphonesimulator/React-FabricImage.build
    export STRINGS_FILE_INFOPLIST_RENAME\=YES
    export STRINGS_FILE_OUTPUT_ENCODING\=binary
    export STRING_CATALOG_GENERATE_SYMBOLS\=NO
    export STRIP_BITCODE_FROM_COPIED_FILES\=NO
    export STRIP_INSTALLED_PRODUCT\=NO
    export STRIP_STYLE\=debugging
    export STRIP_SWIFT_SYMBOLS\=YES
    export SUPPORTED_DEVICE_FAMILIES\=1,2
    export SUPPORTED_PLATFORMS\=iphoneos\ iphonesimulator
    export SUPPORTS_TEXT_BASED_API\=NO
    export SUPPRESS_WARNINGS\=NO
    export SWIFT_ACTIVE_COMPILATION_CONDITIONS\=\ DEBUG\ 
    export SWIFT_EMIT_CONST_VALUE_PROTOCOLS\=AnyResolverProviding\ AppEntity\ AppEnum\ AppExtension\ AppIntent\ AppIntentsPackage\ AppShortcutProviding\ AppShortcutsProvider\ AppUnionValue\ AppUnionValueCasesProviding\ DynamicOptionsProvider\ EntityQuery\ ExtensionPointDefining\ IntentValueQuery\ Resolver\ TransientEntity\ _AssistantIntentsProvider\ _GenerativeFunctionExtractable\ _IntentValueRepresentable
    export SWIFT_EMIT_LOC_STRINGS\=NO
    export SWIFT_ENABLE_EXPLICIT_MODULES\=YES
    export SWIFT_INSTALL_MODULE_FOR_DEPLOYMENT\=YES
    export SWIFT_INSTALL_OBJC_HEADER\=YES
    export SWIFT_OPTIMIZATION_LEVEL\=-Onone
    export SWIFT_PLATFORM_TARGET_PREFIX\=ios
    export SWIFT_RESPONSE_FILE_PATH_normal_arm64\=/Users/antoniogrillo-balen/Library/Developer/Xcode/DerivedData/risebysolis-gzfsziqwziaggpcbgdowmssiasmi/Build/Intermediates.noindex/Pods.build/Debug-iphonesimulator/React-FabricImage.build/Objects-normal/arm64/React_FabricImage.SwiftFileList
    export SWIFT_VERSION\=5.0
    export SYMROOT\=/Users/antoniogrillo-balen/Library/Developer/Xcode/DerivedData/risebysolis-gzfsziqwziaggpcbgdowmssiasmi/Build/Products
    export SYSTEM_ADMIN_APPS_DIR\=/Applications/Utilities
    export SYSTEM_APPS_DIR\=/Applications
    export SYSTEM_CORE_SERVICES_DIR\=/System/Library/CoreServices
    export SYSTEM_DEMOS_DIR\=/Applications/Extras
    export SYSTEM_DEVELOPER_APPS_DIR\=/Applications/Xcode.app/Contents/Developer/Applications
    export SYSTEM_DEVELOPER_BIN_DIR\=/Applications/Xcode.app/Contents/Developer/usr/bin
    export SYSTEM_DEVELOPER_DEMOS_DIR\=/Applications/Xcode.app/Contents/Developer/Applications/Utilities/Built\ Examples
    export SYSTEM_DEVELOPER_DIR\=/Applications/Xcode.app/Contents/Developer
    export SYSTEM_DEVELOPER_DOC_DIR\=/Applications/Xcode.app/Contents/Developer/ADC\ Reference\ Library
    export SYSTEM_DEVELOPER_GRAPHICS_TOOLS_DIR\=/Applications/Xcode.app/Contents/Developer/Applications/Graphics\ Tools
    export SYSTEM_DEVELOPER_JAVA_TOOLS_DIR\=/Applications/Xcode.app/Contents/Developer/Applications/Java\ Tools
    export SYSTEM_DEVELOPER_PERFORMANCE_TOOLS_DIR\=/Applications/Xcode.app/Contents/Developer/Applications/Performance\ Tools
    export SYSTEM_DEVELOPER_RELEASENOTES_DIR\=/Applications/Xcode.app/Contents/Developer/ADC\ Reference\ Library/releasenotes
    export SYSTEM_DEVELOPER_TOOLS\=/Applications/Xcode.app/Contents/Developer/Tools
    export SYSTEM_DEVELOPER_TOOLS_DOC_DIR\=/Applications/Xcode.app/Contents/Developer/ADC\ Reference\ Library/documentation/DeveloperTools
    export SYSTEM_DEVELOPER_TOOLS_RELEASENOTES_DIR\=/Applications/Xcode.app/Contents/Developer/ADC\ Reference\ Library/releasenotes/DeveloperTools
    export SYSTEM_DEVELOPER_USR_DIR\=/Applications/Xcode.app/Contents/Developer/usr
    export SYSTEM_DEVELOPER_UTILITIES_DIR\=/Applications/Xcode.app/Contents/Developer/Applications/Utilities
    export SYSTEM_DEXT_INSTALL_PATH\=/System/Library/DriverExtensions
    export SYSTEM_DOCUMENTATION_DIR\=/Library/Documentation
    export SYSTEM_EXTENSIONS_FOLDER_PATH\=React_FabricImage.framework/SystemExtensions
    export SYSTEM_EXTENSIONS_FOLDER_PATH_SHALLOW_BUNDLE_NO\=React_FabricImage.framework/Library/SystemExtensions
    export SYSTEM_EXTENSIONS_FOLDER_PATH_SHALLOW_BUNDLE_YES\=React_FabricImage.framework/SystemExtensions
    export SYSTEM_KEXT_INSTALL_PATH\=/System/Library/Extensions
    export SYSTEM_LIBRARY_DIR\=/System/Library
    export TAPI_DEMANGLE\=YES
    export TAPI_ENABLE_PROJECT_HEADERS\=NO
    export TAPI_LANGUAGE\=objective-c
    export TAPI_LANGUAGE_STANDARD\=compiler-default
    export TAPI_USE_SRCROOT\=YES
    export TAPI_VERIFY_MODE\=Pedantic
    export TARGETED_DEVICE_FAMILY\=1,2
    export TARGETNAME\=React-FabricImage
    export TARGET_BUILD_DIR\=/Users/antoniogrillo-balen/Library/Developer/Xcode/DerivedData/risebysolis-gzfsziqwziaggpcbgdowmssiasmi/Build/Products/Debug-iphonesimulator/React-FabricImage
    export TARGET_DEVICE_IDENTIFIER\=0C333F8A-4681-4475-855E-6FFD70F12533
    export TARGET_DEVICE_MODEL\=iPhone16,2
    export TARGET_DEVICE_OS_VERSION\=26.4.1
    export TARGET_DEVICE_PLATFORM_NAME\=iphonesimulator
    export TARGET_NAME\=React-FabricImage
    export TARGET_TEMP_DIR\=/Users/antoniogrillo-balen/Library/Developer/Xcode/DerivedData/risebysolis-gzfsziqwziaggpcbgdowmssiasmi/Build/Intermediates.noindex/Pods.build/Debug-iphonesimulator/React-FabricImage.build
    export TEMP_DIR\=/Users/antoniogrillo-balen/Library/Developer/Xcode/DerivedData/risebysolis-gzfsziqwziaggpcbgdowmssiasmi/Build/Intermediates.noindex/Pods.build/Debug-iphonesimulator/React-FabricImage.build
    export TEMP_FILES_DIR\=/Users/antoniogrillo-balen/Library/Developer/Xcode/DerivedData/risebysolis-gzfsziqwziaggpcbgdowmssiasmi/Build/Intermediates.noindex/Pods.build/Debug-iphonesimulator/React-FabricImage.build
    export TEMP_FILE_DIR\=/Users/antoniogrillo-balen/Library/Developer/Xcode/DerivedData/risebysolis-gzfsziqwziaggpcbgdowmssiasmi/Build/Intermediates.noindex/Pods.build/Debug-iphonesimulator/React-FabricImage.build
    export TEMP_ROOT\=/Users/antoniogrillo-balen/Library/Developer/Xcode/DerivedData/risebysolis-gzfsziqwziaggpcbgdowmssiasmi/Build/Intermediates.noindex
    export TEMP_SANDBOX_DIR\=/Users/antoniogrillo-balen/Library/Developer/Xcode/DerivedData/risebysolis-gzfsziqwziaggpcbgdowmssiasmi/Build/Intermediates.noindex/TemporaryTaskSandboxes
    export TEST_FRAMEWORK_SEARCH_PATHS\=\ /Applications/Xcode.app/Contents/Developer/Platforms/iPhoneSimulator.platform/Developer/Library/Frameworks\ /Applications/Xcode.app/Contents/Developer/Platforms/iPhoneSimulator.platform/Developer/SDKs/iPhoneSimulator26.5.sdk/Developer/Library/Frameworks
    export TEST_LIBRARY_SEARCH_PATHS\=\ /Applications/Xcode.app/Contents/Developer/Platforms/iPhoneSimulator.platform/Developer/usr/lib
    export TOOLCHAINS\=com.apple.dt.toolchain.XcodeDefault
    export TOOLCHAIN_DIR\=/Applications/Xcode.app/Contents/Developer/Toolchains/XcodeDefault.xctoolchain
    export TREAT_MISSING_BASELINES_AS_TEST_FAILURES\=NO
    export TREAT_MISSING_SCRIPT_PHASE_OUTPUTS_AS_ERRORS\=NO
    export TeamIdentifierPrefix\=FAKETEAMID.
    export UID\=501
    export UNINSTALLED_PRODUCTS_DIR\=/Users/antoniogrillo-balen/Library/Developer/Xcode/DerivedData/risebysolis-gzfsziqwziaggpcbgdowmssiasmi/Build/Intermediates.noindex/UninstalledProducts
    export UNLOCALIZED_RESOURCES_FOLDER_PATH\=React_FabricImage.framework
    export UNLOCALIZED_RESOURCES_FOLDER_PATH_SHALLOW_BUNDLE_NO\=React_FabricImage.framework/Resources
    export UNLOCALIZED_RESOURCES_FOLDER_PATH_SHALLOW_BUNDLE_YES\=React_FabricImage.framework
    export UNSTRIPPED_PRODUCT\=NO
    export USER\=antoniogrillo-balen
    export USER_APPS_DIR\=/Users/antoniogrillo-balen/Applications
    export USER_LIBRARY_DIR\=/Users/antoniogrillo-balen/Library
    export USE_DYNAMIC_NO_PIC\=YES
    export USE_HEADERMAP\=YES
    export USE_HEADER_SYMLINKS\=NO
    export USE_HERMES\=true
    export USE_RECURSIVE_SCRIPT_INPUTS_IN_SCRIPT_PHASES\=YES
    export VALIDATE_DEVELOPMENT_ASSET_PATHS\=YES_ERROR
    export VALIDATE_PRODUCT\=NO
    export VALID_ARCHS\=arm64\ x86_64
    export VERBOSE_PBXCP\=NO
    export VERSIONING_SYSTEM\=apple-generic
    export VERSIONPLIST_PATH\=React_FabricImage.framework/version.plist
    export VERSIONS_FOLDER_PATH\=React_FabricImage.framework
    export VERSIONS_FOLDER_PATH_SHALLOW_BUNDLE_NO\=React_FabricImage.framework/Versions
    export VERSIONS_FOLDER_PATH_SHALLOW_BUNDLE_YES\=React_FabricImage.framework
    export VERSION_INFO_BUILDER\=antoniogrillo-balen
    export VERSION_INFO_FILE\=React_FabricImage_vers.c
    export VERSION_INFO_STRING\=\"@\(\#\)PROGRAM:React_FabricImage\ \ PROJECT:Pods-1\"
    export WORKSPACE_DIR\=/Users/antoniogrillo-balen/Desktop/Projects/RiseBuild/ios
    export WRAPPER_EXTENSION\=framework
    export WRAPPER_NAME\=React_FabricImage.framework
    export WRAPPER_SUFFIX\=.framework
    export WRAP_ASSET_PACKS_IN_SEPARATE_DIRECTORIES\=NO
    export XCODE_APP_SUPPORT_DIR\=/Applications/Xcode.app/Contents/Developer/Library/Xcode
    export XCODE_PRODUCT_BUILD_VERSION\=17F42
    export XCODE_VERSION_ACTUAL\=2650
    export XCODE_VERSION_MAJOR\=2600
    export XCODE_VERSION_MINOR\=2650
    export XPCSERVICES_FOLDER_PATH\=React_FabricImage.framework/XPCServices
    export YACC\=yacc
    export _DISCOVER_COMMAND_LINE_LINKER_INPUTS\=YES
    export _DISCOVER_COMMAND_LINE_LINKER_INPUTS_INCLUDE_WL\=YES
    export _LD_MULTIARCH\=YES
    export _WRAPPER_CONTENTS_DIR_SHALLOW_BUNDLE_NO\=/Contents
    export _WRAPPER_PARENT_PATH_SHALLOW_BUNDLE_NO\=/..
    export _WRAPPER_RESOURCES_DIR_SHALLOW_BUNDLE_NO\=/Resources
    export __DIAGNOSE_DEPRECATED_ARCHS\=YES
    export __ORIGINAL_SDK_DEFINED_LLVM_TARGET_TRIPLE_SYS\=ios
    export arch\=undefined_arch
    export variant\=normal
    /bin/sh -c /Users/antoniogrillo-balen/Library/Developer/Xcode/DerivedData/risebysolis-gzfsziqwziaggpcbgdowmssiasmi/Build/Intermediates.noindex/Pods.build/Debug-iphonesimulator/React-FabricImage.build/Script-46EB2E00027670.sh

warning: Run script build phase 'Create Symlinks to Header Folders' will be run during every build because it does not specify any outputs. To address this issue, either add output dependencies to the script phase, or configure it to run in every build by unchecking "Based on dependency analysis" in the script phase. (in target 'React-NativeModulesApple' from project 'Pods')
PhaseScriptExecution Create\ Symlinks\ to\ Header\ Folders /Users/antoniogrillo-balen/Library/Developer/Xcode/DerivedData/risebysolis-gzfsziqwziaggpcbgdowmssiasmi/Build/Intermediates.noindex/Pods.build/Debug-iphonesimulator/React-NativeModulesApple.build/Script-46EB2E00027C80.sh (in target 'React-NativeModulesApple' from project 'Pods')
    cd /Users/antoniogrillo-balen/Desktop/Projects/RiseBuild/ios/Pods
    export ACTION\=build
    export AD_HOC_CODE_SIGNING_ALLOWED\=YES
    export ALLOW_BUILD_REQUEST_OVERRIDES\=NO
    export ALLOW_TARGET_PLATFORM_SPECIALIZATION\=NO
    export ALTERNATE_GROUP\=staff
    export ALTERNATE_MODE\=u+w,go-w,a+rX
    export ALTERNATE_OWNER\=antoniogrillo-balen
    export ALTERNATIVE_DISTRIBUTION_WEB\=NO
    export ALWAYS_EMBED_SWIFT_STANDARD_LIBRARIES\=NO
    export ALWAYS_SEARCH_USER_PATHS\=NO
    export ALWAYS_USE_SEPARATE_HEADERMAPS\=NO
    export APPLICATION_EXTENSION_API_ONLY\=NO
    export APPLY_RULES_IN_COPY_FILES\=NO
    export APPLY_RULES_IN_COPY_HEADERS\=NO
    export APP_SHORTCUTS_ENABLE_FLEXIBLE_MATCHING\=YES
    export ARCHS\=arm64
    export ARCHS_BASE\=arm64
    export ARCHS_STANDARD\=arm64\ x86_64
    export ARCHS_STANDARD_32_64_BIT\=arm64\ x86_64
    export ARCHS_STANDARD_64_BIT\=arm64\ x86_64
    export ARCHS_STANDARD_INCLUDING_64_BIT\=arm64\ x86_64
    export ARCHS_UNIVERSAL_IPHONE_OS\=arm64\ x86_64
    export ASSETCATALOG_FILTER_FOR_DEVICE_MODEL\=iPhone16,2
    export ASSETCATALOG_FILTER_FOR_DEVICE_OS_VERSION\=26.4.1
    export ASSETCATALOG_FILTER_FOR_THINNING_DEVICE_CONFIGURATION\=iPhone16,2
    export AUTOMATICALLY_MERGE_DEPENDENCIES\=NO
    export AUTOMATION_APPLE_EVENTS\=NO
    export AVAILABLE_PLATFORMS\=android\ appletvos\ appletvsimulator\ driverkit\ freebsd\ iphoneos\ iphonesimulator\ linux\ macosx\ none\ openbsd\ qnx\ watchos\ watchsimulator\ webassembly\ xros\ xrsimulator
    export AppIdentifierPrefix\=FAKETEAMID.
    export BUILD_ACTIVE_RESOURCES_ONLY\=YES
    export BUILD_COMPONENTS\=headers\ build
    export BUILD_DIR\=/Users/antoniogrillo-balen/Library/Developer/Xcode/DerivedData/risebysolis-gzfsziqwziaggpcbgdowmssiasmi/Build/Products
    export BUILD_LIBRARY_FOR_DISTRIBUTION\=NO
    export BUILD_ONLY_KNOWN_LOCALIZATIONS\=NO
    export BUILD_ROOT\=/Users/antoniogrillo-balen/Library/Developer/Xcode/DerivedData/risebysolis-gzfsziqwziaggpcbgdowmssiasmi/Build/Products
    export BUILD_STYLE\=
    export BUILD_VARIANTS\=normal
    export BUILT_PRODUCTS_DIR\=/Users/antoniogrillo-balen/Library/Developer/Xcode/DerivedData/risebysolis-gzfsziqwziaggpcbgdowmssiasmi/Build/Products/Debug-iphonesimulator/React-NativeModulesApple
    export BUNDLE_CONTENTS_FOLDER_PATH_deep\=Contents/
    export BUNDLE_EXECUTABLE_FOLDER_NAME_deep\=MacOS
    export BUNDLE_EXTENSIONS_FOLDER_PATH\=Extensions
    export BUNDLE_FORMAT\=shallow
    export BUNDLE_FRAMEWORKS_FOLDER_PATH\=Frameworks
    export BUNDLE_PLUGINS_FOLDER_PATH\=PlugIns
    export BUNDLE_PRIVATE_HEADERS_FOLDER_PATH\=PrivateHeaders
    export BUNDLE_PUBLIC_HEADERS_FOLDER_PATH\=Headers
    export CACHE_ROOT\=/var/folders/2z/jtlqylkx0c709j3xb7b0g4cm0000gn/C/com.apple.DeveloperTools/26.5-17F42/Xcode
    export CCHROOT\=/var/folders/2z/jtlqylkx0c709j3xb7b0g4cm0000gn/C/com.apple.DeveloperTools/26.5-17F42/Xcode
    export CHMOD\=/bin/chmod
    export CHOWN\=chown
    export CLANG_ANALYZER_LOCALIZABILITY_NONLOCALIZED\=YES
    export CLANG_ANALYZER_NONNULL\=YES
    export CLANG_ANALYZER_NUMBER_OBJECT_CONVERSION\=YES_AGGRESSIVE
    export CLANG_CACHE_FINE_GRAINED_OUTPUTS\=YES
    export CLANG_CXX_LANGUAGE_STANDARD\=c++20
    export CLANG_CXX_LIBRARY\=libc++
    export CLANG_ENABLE_EXPLICIT_MODULES\=YES
    export CLANG_ENABLE_MODULES\=YES
    export CLANG_ENABLE_OBJC_ARC\=YES
    export CLANG_ENABLE_OBJC_WEAK\=NO
    export CLANG_MODULES_BUILD_SESSION_FILE\=/Users/antoniogrillo-balen/Library/Developer/Xcode/DerivedData/ModuleCache.noindex/Session.modulevalidation
    export CLANG_WARN_BLOCK_CAPTURE_AUTORELEASING\=YES
    export CLANG_WARN_BOOL_CONVERSION\=YES
    export CLANG_WARN_COMMA\=YES
    export CLANG_WARN_CONSTANT_CONVERSION\=YES
    export CLANG_WARN_DEPRECATED_OBJC_IMPLEMENTATIONS\=YES
    export CLANG_WARN_DIRECT_OBJC_ISA_USAGE\=YES_ERROR
    export CLANG_WARN_DOCUMENTATION_COMMENTS\=YES
    export CLANG_WARN_EMPTY_BODY\=YES
    export CLANG_WARN_ENUM_CONVERSION\=YES
    export CLANG_WARN_INFINITE_RECURSION\=YES
    export CLANG_WARN_INT_CONVERSION\=YES
    export CLANG_WARN_NON_LITERAL_NULL_CONVERSION\=YES
    export CLANG_WARN_OBJC_IMPLICIT_RETAIN_SELF\=YES
    export CLANG_WARN_OBJC_LITERAL_CONVERSION\=YES
    export CLANG_WARN_OBJC_ROOT_CLASS\=YES_ERROR
    export CLANG_WARN_QUOTED_INCLUDE_IN_FRAMEWORK_HEADER\=NO
    export CLANG_WARN_RANGE_LOOP_ANALYSIS\=YES
    export CLANG_WARN_STRICT_PROTOTYPES\=YES
    export CLANG_WARN_SUSPICIOUS_MOVE\=YES
    export CLANG_WARN_UNGUARDED_AVAILABILITY\=YES_AGGRESSIVE
    export CLANG_WARN_UNREACHABLE_CODE\=YES
    export CLANG_WARN__DUPLICATE_METHOD_MATCH\=YES
    export CLASS_FILE_DIR\=/Users/antoniogrillo-balen/Library/Developer/Xcode/DerivedData/risebysolis-gzfsziqwziaggpcbgdowmssiasmi/Build/Intermediates.noindex/Pods.build/Debug-iphonesimulator/React-NativeModulesApple.build/JavaClasses
    export CLEAN_PRECOMPS\=YES
    export CLONE_HEADERS\=NO
    export CODESIGNING_FOLDER_PATH\=/Users/antoniogrillo-balen/Library/Developer/Xcode/DerivedData/risebysolis-gzfsziqwziaggpcbgdowmssiasmi/Build/Products/Debug-iphonesimulator/React-NativeModulesApple/React_NativeModulesApple.framework
    export CODE_SIGNING_ALLOWED\=YES
    export CODE_SIGNING_REQUIRED\=NO
    export CODE_SIGNING_REQUIRES_TEAM\=YES
    export CODE_SIGN_CONTEXT_CLASS\=XCiPhoneSimulatorCodeSignContext
    export CODE_SIGN_IDENTITY\=-
    export CODE_SIGN_INJECT_BASE_ENTITLEMENTS\=YES
    export COLOR_DIAGNOSTICS\=NO
    export COMBINE_HIDPI_IMAGES\=NO
    export COMPILATION_CACHE_CAS_PATH\=/Users/antoniogrillo-balen/Library/Developer/Xcode/DerivedData/CompilationCache.noindex
    export COMPILATION_CACHE_KEEP_CAS_DIRECTORY\=YES
    export COMPILER_INDEX_STORE_ENABLE\=Default
    export COMPOSITE_SDK_DIRS\=/Users/antoniogrillo-balen/Library/Developer/Xcode/DerivedData/risebysolis-gzfsziqwziaggpcbgdowmssiasmi/Build/Intermediates.noindex/CompositeSDKs
    export COMPRESS_PNG_FILES\=YES
    export CONFIGURATION\=Debug
    export CONFIGURATION_BUILD_DIR\=/Users/antoniogrillo-balen/Library/Developer/Xcode/DerivedData/risebysolis-gzfsziqwziaggpcbgdowmssiasmi/Build/Products/Debug-iphonesimulator/React-NativeModulesApple
    export CONFIGURATION_TEMP_DIR\=/Users/antoniogrillo-balen/Library/Developer/Xcode/DerivedData/risebysolis-gzfsziqwziaggpcbgdowmssiasmi/Build/Intermediates.noindex/Pods.build/Debug-iphonesimulator
    export CONTENTS_FOLDER_PATH\=React_NativeModulesApple.framework
    export CONTENTS_FOLDER_PATH_SHALLOW_BUNDLE_NO\=React_NativeModulesApple.framework/A
    export CONTENTS_FOLDER_PATH_SHALLOW_BUNDLE_YES\=React_NativeModulesApple.framework
    export COPYING_PRESERVES_HFS_DATA\=NO
    export COPY_HEADERS_RUN_UNIFDEF\=NO
    export COPY_PHASE_STRIP\=NO
    export CORRESPONDING_DEVICE_PLATFORM_DIR\=/Applications/Xcode.app/Contents/Developer/Platforms/iPhoneOS.platform
    export CORRESPONDING_DEVICE_PLATFORM_NAME\=iphoneos
    export CORRESPONDING_DEVICE_SDK_DIR\=/Applications/Xcode.app/Contents/Developer/Platforms/iPhoneOS.platform/Developer/SDKs/iPhoneOS26.5.sdk
    export CORRESPONDING_DEVICE_SDK_NAME\=iphoneos26.5
    export CP\=/bin/cp
    export CREATE_INFOPLIST_SECTION_IN_BINARY\=NO
    export CURRENT_ARCH\=undefined_arch
    export CURRENT_PROJECT_VERSION\=1
    export CURRENT_VARIANT\=normal
    export CURRENT_VERSION\=Current
    export DEAD_CODE_STRIPPING\=YES
    export DEBUGGING_SYMBOLS\=YES
    export DEBUG_INFORMATION_FORMAT\=dwarf
    export DEBUG_INFORMATION_VERSION\=compiler-default
    export DEFAULT_COMPILER\=com.apple.compilers.llvm.clang.1_0
    export DEFAULT_DEXT_INSTALL_PATH\=/System/Library/DriverExtensions
    export DEFAULT_KEXT_INSTALL_PATH\=/System/Library/Extensions
    export DEFINES_MODULE\=YES
    export DEPLOYMENT_LOCATION\=NO
    export DEPLOYMENT_POSTPROCESSING\=NO
    export DEPLOYMENT_TARGET_SETTING_NAME\=IPHONEOS_DEPLOYMENT_TARGET
    export DEPLOYMENT_TARGET_SUGGESTED_VALUES\=12.0\ 12.1\ 12.2\ 12.3\ 12.4\ 13.0\ 13.1\ 13.2\ 13.3\ 13.4\ 13.5\ 13.6\ 14.0\ 14.1\ 14.2\ 14.3\ 14.4\ 14.5\ 14.6\ 14.7\ 15.0\ 15.1\ 15.2\ 15.3\ 15.4\ 15.5\ 15.6\ 16.0\ 16.1\ 16.2\ 16.3\ 16.4\ 16.5\ 16.6\ 17.0\ 17.1\ 17.2\ 17.3\ 17.4\ 17.5\ 17.6\ 18.0\ 18.1\ 18.2\ 18.3\ 18.4\ 18.5\ 18.6\ 26.0\ 26.2\ 26.3\ 26.4\ 26.5
    export DERIVED_FILES_DIR\=/Users/antoniogrillo-balen/Library/Developer/Xcode/DerivedData/risebysolis-gzfsziqwziaggpcbgdowmssiasmi/Build/Intermediates.noindex/Pods.build/Debug-iphonesimulator/React-NativeModulesApple.build/DerivedSources
    export DERIVED_FILE_DIR\=/Users/antoniogrillo-balen/Library/Developer/Xcode/DerivedData/risebysolis-gzfsziqwziaggpcbgdowmssiasmi/Build/Intermediates.noindex/Pods.build/Debug-iphonesimulator/React-NativeModulesApple.build/DerivedSources
    export DERIVED_SOURCES_DIR\=/Users/antoniogrillo-balen/Library/Developer/Xcode/DerivedData/risebysolis-gzfsziqwziaggpcbgdowmssiasmi/Build/Intermediates.noindex/Pods.build/Debug-iphonesimulator/React-NativeModulesApple.build/DerivedSources
    export DEVELOPER_APPLICATIONS_DIR\=/Applications/Xcode.app/Contents/Developer/Applications
    export DEVELOPER_BIN_DIR\=/Applications/Xcode.app/Contents/Developer/usr/bin
    export DEVELOPER_DIR\=/Applications/Xcode.app/Contents/Developer
    export DEVELOPER_FRAMEWORKS_DIR\=/Applications/Xcode.app/Contents/Developer/Library/Frameworks
    export DEVELOPER_FRAMEWORKS_DIR_QUOTED\=/Applications/Xcode.app/Contents/Developer/Library/Frameworks
    export DEVELOPER_LIBRARY_DIR\=/Applications/Xcode.app/Contents/Developer/Library
    export DEVELOPER_SDK_DIR\=/Applications/Xcode.app/Contents/Developer/Platforms/MacOSX.platform/Developer/SDKs
    export DEVELOPER_TOOLS_DIR\=/Applications/Xcode.app/Contents/Developer/Tools
    export DEVELOPER_USR_DIR\=/Applications/Xcode.app/Contents/Developer/usr
    export DEVELOPMENT_LANGUAGE\=en
    export DIAGNOSE_MISSING_TARGET_DEPENDENCIES\=YES
    export DIFF\=/usr/bin/diff
    export DOCUMENTATION_FOLDER_PATH\=React_NativeModulesApple.framework/en.lproj/Documentation
    export DONT_GENERATE_INFOPLIST_FILE\=NO
    export DSTROOT\=/tmp/Pods.dst
    export DT_TOOLCHAIN_DIR\=/Applications/Xcode.app/Contents/Developer/Toolchains/XcodeDefault.xctoolchain
    export DUMP_DEPENDENCIES\=NO
    export DUMP_DEPENDENCIES_OUTPUT_PATH\=/Users/antoniogrillo-balen/Library/Developer/Xcode/DerivedData/risebysolis-gzfsziqwziaggpcbgdowmssiasmi/Build/Intermediates.noindex/Pods.build/Debug-iphonesimulator/React-NativeModulesApple.build/React-NativeModulesApple-BuildDependencyInfo.json
    export DWARF_DSYM_FILE_NAME\=React_NativeModulesApple.framework.dSYM
    export DWARF_DSYM_FILE_SHOULD_ACCOMPANY_PRODUCT\=NO
    export DWARF_DSYM_FOLDER_PATH\=/Users/antoniogrillo-balen/Library/Developer/Xcode/DerivedData/risebysolis-gzfsziqwziaggpcbgdowmssiasmi/Build/Products/Debug-iphonesimulator/React-NativeModulesApple
    export DYLIB_COMPATIBILITY_VERSION\=1
    export DYLIB_CURRENT_VERSION\=1
    export DYLIB_INSTALL_NAME_BASE\=@rpath
    export DYNAMIC_LIBRARY_EXTENSION\=dylib
    export EAGER_COMPILATION_ALLOW_SCRIPTS\=NO
    export EAGER_LINKING\=NO
    export EFFECTIVE_PLATFORM_NAME\=-iphonesimulator
    export EFFECTIVE_SWIFT_VERSION\=5
    export EMBEDDED_CONTENT_CONTAINS_SWIFT\=NO
    export EMBED_ASSET_PACKS_IN_PRODUCT_BUNDLE\=NO
    export ENABLE_APP_SANDBOX\=NO
    export ENABLE_CODE_COVERAGE\=YES
    export ENABLE_COHORT_ARCHS\=NO
    export ENABLE_CPLUSPLUS_BOUNDS_SAFE_BUFFERS\=NO
    export ENABLE_C_BOUNDS_SAFETY\=NO
    export ENABLE_DEFAULT_HEADER_SEARCH_PATHS\=YES
    export ENABLE_DEFAULT_SEARCH_PATHS\=YES
    export ENABLE_ENHANCED_SECURITY\=NO
    export ENABLE_HARDENED_RUNTIME\=NO
    export ENABLE_HEADER_DEPENDENCIES\=YES
    export ENABLE_INCOMING_NETWORK_CONNECTIONS\=NO
    export ENABLE_MODULE_VERIFIER\=NO
    export ENABLE_ON_DEMAND_RESOURCES\=NO
    export ENABLE_OUTGOING_NETWORK_CONNECTIONS\=NO
    export ENABLE_POINTER_AUTHENTICATION\=NO
    export ENABLE_PREVIEWS\=NO
    export ENABLE_RESOURCE_ACCESS_AUDIO_INPUT\=NO
    export ENABLE_RESOURCE_ACCESS_BLUETOOTH\=NO
    export ENABLE_RESOURCE_ACCESS_CALENDARS\=NO
    export ENABLE_RESOURCE_ACCESS_CAMERA\=NO
    export ENABLE_RESOURCE_ACCESS_CONTACTS\=NO
    export ENABLE_RESOURCE_ACCESS_LOCATION\=NO
    export ENABLE_RESOURCE_ACCESS_PHOTO_LIBRARY\=NO
    export ENABLE_RESOURCE_ACCESS_PRINTING\=NO
    export ENABLE_RESOURCE_ACCESS_USB\=NO
    export ENABLE_SDK_IMPORTS\=NO
    export ENABLE_SECURITY_COMPILER_WARNINGS\=NO
    export ENABLE_STRICT_OBJC_MSGSEND\=YES
    export ENABLE_TESTABILITY\=YES
    export ENABLE_TESTING_SEARCH_PATHS\=NO
    export ENABLE_USER_SCRIPT_SANDBOXING\=NO
    export ENABLE_XOJIT_PREVIEWS\=YES
    export ENFORCE_VALID_ARCHS\=YES
    export ENTITLEMENTS_DESTINATION\=__entitlements
    export ENTITLEMENTS_REQUIRED\=NO
    export EXCLUDED_INSTALLSRC_SUBDIRECTORY_PATTERNS\=.DS_Store\ .svn\ .git\ .hg\ CVS
    export EXCLUDED_RECURSIVE_SEARCH_PATH_SUBDIRECTORIES\=\*.nib\ \*.lproj\ \*.framework\ \*.gch\ \*.xcode\*\ \*.xcassets\ \*.icon\ \(\*\)\ .DS_Store\ CVS\ .svn\ .git\ .hg\ \*.pbproj\ \*.pbxproj
    export EXECUTABLES_FOLDER_PATH\=React_NativeModulesApple.framework/en.lproj
    export EXECUTABLE_FOLDER_PATH\=React_NativeModulesApple.framework
    export EXECUTABLE_FOLDER_PATH_SHALLOW_BUNDLE_NO\=React_NativeModulesApple.framework
    export EXECUTABLE_FOLDER_PATH_SHALLOW_BUNDLE_YES\=React_NativeModulesApple.framework
    export EXECUTABLE_NAME\=React_NativeModulesApple
    export EXECUTABLE_PATH\=React_NativeModulesApple.framework/React_NativeModulesApple
    export EXPANDED_CODE_SIGN_IDENTITY\=-
    export EXPANDED_CODE_SIGN_IDENTITY_NAME\=Sign\ to\ Run\ Locally
    export EXTENSIONS_FOLDER_PATH\=React_NativeModulesApple.framework/Extensions
    export FILE_LIST\=/Users/antoniogrillo-balen/Library/Developer/Xcode/DerivedData/risebysolis-gzfsziqwziaggpcbgdowmssiasmi/Build/Intermediates.noindex/Pods.build/Debug-iphonesimulator/React-NativeModulesApple.build/Objects/LinkFileList
    export FIXED_FILES_DIR\=/Users/antoniogrillo-balen/Library/Developer/Xcode/DerivedData/risebysolis-gzfsziqwziaggpcbgdowmssiasmi/Build/Intermediates.noindex/Pods.build/Debug-iphonesimulator/React-NativeModulesApple.build/FixedFiles
    export FRAMEWORKS_FOLDER_PATH\=React_NativeModulesApple.framework/Frameworks
    export FRAMEWORK_FLAG_PREFIX\=-framework
    export FRAMEWORK_SEARCH_PATHS\=/Users/antoniogrillo-balen/Library/Developer/Xcode/DerivedData/risebysolis-gzfsziqwziaggpcbgdowmssiasmi/Build/Products/Debug-iphonesimulator/React-NativeModulesApple\ \ \"/Users/antoniogrillo-balen/Library/Developer/Xcode/DerivedData/risebysolis-gzfsziqwziaggpcbgdowmssiasmi/Build/Products/Debug-iphonesimulator/DoubleConversion\"\ \"/Users/antoniogrillo-balen/Library/Developer/Xcode/DerivedData/risebysolis-gzfsziqwziaggpcbgdowmssiasmi/Build/Products/Debug-iphonesimulator/RCT-Folly\"\ \"/Users/antoniogrillo-balen/Library/Developer/Xcode/DerivedData/risebysolis-gzfsziqwziaggpcbgdowmssiasmi/Build/Products/Debug-iphonesimulator/RCTDeprecation\"\ \"/Users/antoniogrillo-balen/Library/Developer/Xcode/DerivedData/risebysolis-gzfsziqwziaggpcbgdowmssiasmi/Build/Products/Debug-iphonesimulator/React-Core\"\ \"/Users/antoniogrillo-balen/Library/Developer/Xcode/DerivedData/risebysolis-gzfsziqwziaggpcbgdowmssiasmi/Build/Products/Debug-iphonesimulator/React-cxxreact\"\ \"/Users/antoniogrillo-balen/Library/Developer/Xcode/DerivedData/risebysolis-gzfsziqwziaggpcbgdowmssiasmi/Build/Products/Debug-iphonesimulator/React-debug\"\ \"/Users/antoniogrillo-balen/Library/Developer/Xcode/DerivedData/risebysolis-gzfsziqwziaggpcbgdowmssiasmi/Build/Products/Debug-iphonesimulator/React-featureflags\"\ \"/Users/antoniogrillo-balen/Library/Developer/Xcode/DerivedData/risebysolis-gzfsziqwziaggpcbgdowmssiasmi/Build/Products/Debug-iphonesimulator/React-hermes\"\ \"/Users/antoniogrillo-balen/Library/Developer/Xcode/DerivedData/risebysolis-gzfsziqwziaggpcbgdowmssiasmi/Build/Products/Debug-iphonesimulator/React-jsi\"\ \"/Users/antoniogrillo-balen/Library/Developer/Xcode/DerivedData/risebysolis-gzfsziqwziaggpcbgdowmssiasmi/Build/Products/Debug-iphonesimulator/React-jsiexecutor\"\ \"/Users/antoniogrillo-balen/Library/Developer/Xcode/DerivedData/risebysolis-gzfsziqwziaggpcbgdowmssiasmi/Build/Products/Debug-iphonesimulator/React-jsinspector\"\ \"/Users/antoniogrillo-balen/Library/Developer/Xcode/DerivedData/risebysolis-gzfsziqwziaggpcbgdowmssiasmi/Build/Products/Debug-iphonesimulator/React-logger\"\ \"/Users/antoniogrillo-balen/Library/Developer/Xcode/DerivedData/risebysolis-gzfsziqwziaggpcbgdowmssiasmi/Build/Products/Debug-iphonesimulator/React-perflogger\"\ \"/Users/antoniogrillo-balen/Library/Developer/Xcode/DerivedData/risebysolis-gzfsziqwziaggpcbgdowmssiasmi/Build/Products/Debug-iphonesimulator/React-performancetimeline\"\ \"/Users/antoniogrillo-balen/Library/Developer/Xcode/DerivedData/risebysolis-gzfsziqwziaggpcbgdowmssiasmi/Build/Products/Debug-iphonesimulator/React-rendererconsistency\"\ \"/Users/antoniogrillo-balen/Library/Developer/Xcode/DerivedData/risebysolis-gzfsziqwziaggpcbgdowmssiasmi/Build/Products/Debug-iphonesimulator/React-rendererdebug\"\ \"/Users/antoniogrillo-balen/Library/Developer/Xcode/DerivedData/risebysolis-gzfsziqwziaggpcbgdowmssiasmi/Build/Products/Debug-iphonesimulator/React-runtimescheduler\"\ \"/Users/antoniogrillo-balen/Library/Developer/Xcode/DerivedData/risebysolis-gzfsziqwziaggpcbgdowmssiasmi/Build/Products/Debug-iphonesimulator/React-utils\"\ \"/Users/antoniogrillo-balen/Library/Developer/Xcode/DerivedData/risebysolis-gzfsziqwziaggpcbgdowmssiasmi/Build/Products/Debug-iphonesimulator/ReactCommon\"\ \"/Users/antoniogrillo-balen/Library/Developer/Xcode/DerivedData/risebysolis-gzfsziqwziaggpcbgdowmssiasmi/Build/Products/Debug-iphonesimulator/SocketRocket\"\ \"/Users/antoniogrillo-balen/Library/Developer/Xcode/DerivedData/risebysolis-gzfsziqwziaggpcbgdowmssiasmi/Build/Products/Debug-iphonesimulator/Yoga\"\ \"/Users/antoniogrillo-balen/Library/Developer/Xcode/DerivedData/risebysolis-gzfsziqwziaggpcbgdowmssiasmi/Build/Products/Debug-iphonesimulator/fmt\"\ \"/Users/antoniogrillo-balen/Library/Developer/Xcode/DerivedData/risebysolis-gzfsziqwziaggpcbgdowmssiasmi/Build/Products/Debug-iphonesimulator/glog\"\ \"/Users/antoniogrillo-balen/Desktop/Projects/RiseBuild/ios/Pods/hermes-engine/destroot/Library/Frameworks/universal\"\ \"/Users/antoniogrillo-balen/Library/Developer/Xcode/DerivedData/risebysolis-gzfsziqwziaggpcbgdowmssiasmi/Build/Products/Debug-iphonesimulator/XCFrameworkIntermediates/hermes-engine/Pre-built\"
    export FRAMEWORK_VERSION\=A
    export FULL_PRODUCT_NAME\=React_NativeModulesApple.framework
    export FUSE_BUILD_PHASES\=YES
    export FUSE_BUILD_SCRIPT_PHASES\=NO
    export GCC3_VERSION\=3.3
    export GCC_C_LANGUAGE_STANDARD\=gnu11
    export GCC_DYNAMIC_NO_PIC\=NO
    export GCC_INLINES_ARE_PRIVATE_EXTERN\=YES
    export GCC_NO_COMMON_BLOCKS\=YES
    export GCC_OBJC_LEGACY_DISPATCH\=YES
    export GCC_OPTIMIZATION_LEVEL\=0
    export GCC_PFE_FILE_C_DIALECTS\=c\ objective-c\ c++\ objective-c++
    export GCC_PREFIX_HEADER\=Target\ Support\ Files/React-NativeModulesApple/React-NativeModulesApple-prefix.pch
    export GCC_PREPROCESSOR_DEFINITIONS\=POD_CONFIGURATION_DEBUG\=1\ DEBUG\=1\ \ COCOAPODS\=1
    export GCC_TREAT_WARNINGS_AS_ERRORS\=NO
    export GCC_VERSION\=com.apple.compilers.llvm.clang.1_0
    export GCC_VERSION_IDENTIFIER\=com_apple_compilers_llvm_clang_1_0
    export GCC_WARN_64_TO_32_BIT_CONVERSION\=YES
    export GCC_WARN_ABOUT_RETURN_TYPE\=YES_ERROR
    export GCC_WARN_PEDANTIC\=YES
    export GCC_WARN_UNDECLARED_SELECTOR\=YES
    export GCC_WARN_UNINITIALIZED_AUTOS\=YES_AGGRESSIVE
    export GCC_WARN_UNUSED_FUNCTION\=YES
    export GCC_WARN_UNUSED_VARIABLE\=YES
    export GENERATED_MODULEMAP_DIR\=/Users/antoniogrillo-balen/Library/Developer/Xcode/DerivedData/risebysolis-gzfsziqwziaggpcbgdowmssiasmi/Build/Intermediates.noindex/GeneratedModuleMaps-iphonesimulator
    export GENERATE_INFOPLIST_FILE\=NO
    export GENERATE_INTERMEDIATE_TEXT_BASED_STUBS\=YES
    export GENERATE_PKGINFO_FILE\=NO
    export GENERATE_PRELINK_OBJECT_FILE\=NO
    export GENERATE_PROFILING_CODE\=NO
    export GENERATE_TEXT_BASED_STUBS\=NO
    export GID\=20
    export GROUP\=staff
    export HEADERMAP_INCLUDES_FLAT_ENTRIES_FOR_TARGET_BEING_BUILT\=YES
    export HEADERMAP_INCLUDES_FRAMEWORK_ENTRIES_FOR_ALL_PRODUCT_TYPES\=YES
    export HEADERMAP_INCLUDES_FRAMEWORK_ENTRIES_FOR_TARGETS_NOT_BEING_BUILT\=YES
    export HEADERMAP_INCLUDES_NONPUBLIC_NONPRIVATE_HEADERS\=YES
    export HEADERMAP_INCLUDES_PROJECT_HEADERS\=YES
    export HEADERMAP_USES_FRAMEWORK_PREFIX_ENTRIES\=YES
    export HEADERMAP_USES_VFS\=YES
    export HEADER_SEARCH_PATHS\=/Users/antoniogrillo-balen/Library/Developer/Xcode/DerivedData/risebysolis-gzfsziqwziaggpcbgdowmssiasmi/Build/Products/Debug-iphonesimulator/React-NativeModulesApple/include\ \ /Users/antoniogrillo-balen/Library/Developer/Xcode/DerivedData/risebysolis-gzfsziqwziaggpcbgdowmssiasmi/Build/Products/Debug-iphonesimulator/ReactCommon/ReactCommon.framework/Headers\ /Users/antoniogrillo-balen/Library/Developer/Xcode/DerivedData/risebysolis-gzfsziqwziaggpcbgdowmssiasmi/Build/Products/Debug-iphonesimulator/ReactCommon/ReactCommon.framework/Headers/react/nativemodule/core\ /Users/antoniogrillo-balen/Library/Developer/Xcode/DerivedData/risebysolis-gzfsziqwziaggpcbgdowmssiasmi/Build/Products/Debug-iphonesimulator/ReactCommon-Samples/ReactCommon_Samples.framework/Headers\ /Users/antoniogrillo-balen/Library/Developer/Xcode/DerivedData/risebysolis-gzfsziqwziaggpcbgdowmssiasmi/Build/Products/Debug-iphonesimulator/ReactCommon-Samples/ReactCommon_Samples.framework/Headers/platform/ios\ /Users/antoniogrillo-balen/Library/Developer/Xcode/DerivedData/risebysolis-gzfsziqwziaggpcbgdowmssiasmi/Build/Products/Debug-iphonesimulator/React-Fabric/React_Fabric.framework/Headers/react/renderer/components/view/platform/cxx\ /Users/antoniogrillo-balen/Library/Developer/Xcode/DerivedData/risebysolis-gzfsziqwziaggpcbgdowmssiasmi/Build/Products/Debug-iphonesimulator/React-NativeModulesApple/React_NativeModulesApple.framework/Headers\ /Users/antoniogrillo-balen/Library/Developer/Xcode/DerivedData/risebysolis-gzfsziqwziaggpcbgdowmssiasmi/Build/Products/Debug-iphonesimulator/React-graphics/React_graphics.framework/Headers\ /Users/antoniogrillo-balen/Library/Developer/Xcode/DerivedData/risebysolis-gzfsziqwziaggpcbgdowmssiasmi/Build/Products/Debug-iphonesimulator/React-graphics/React_graphics.framework/Headers/react/renderer/graphics/platform/ios\ \"/Users/antoniogrillo-balen/Desktop/Projects/RiseBuild/ios/Pods/Headers/Public\"\ \"/Users/antoniogrillo-balen/Desktop/Projects/RiseBuild/ios/Pods/Headers/Public/React-callinvoker\"\ \"/Users/antoniogrillo-balen/Desktop/Projects/RiseBuild/ios/Pods/Headers/Public/React-runtimeexecutor\"\ \"/Users/antoniogrillo-balen/Desktop/Projects/RiseBuild/ios/Pods/Headers/Public/React-timing\"\ \"/Users/antoniogrillo-balen/Desktop/Projects/RiseBuild/ios/Pods/Headers/Public/boost\"\ \"/Users/antoniogrillo-balen/Desktop/Projects/RiseBuild/ios/Pods/Headers/Public/fast_float\"\ \"/Users/antoniogrillo-balen/Desktop/Projects/RiseBuild/ios/Pods/Headers/Public/hermes-engine\"\ \"/Users/antoniogrillo-balen/Desktop/Projects/RiseBuild/ios/Pods/boost\"\ \"/Users/antoniogrillo-balen/Desktop/Projects/RiseBuild/ios/Pods/RCT-Folly\"\ \"/Users/antoniogrillo-balen/Desktop/Projects/RiseBuild/ios/Pods/DoubleConversion\"\ \"/Users/antoniogrillo-balen/Desktop/Projects/RiseBuild/ios/Pods/fast_float/include\"\ \"/Users/antoniogrillo-balen/Desktop/Projects/RiseBuild/ios/Pods/fmt/include\"\ \"/Users/antoniogrillo-balen/Desktop/Projects/RiseBuild/ios/Pods/Headers/Private/React-Core\"\ \"/Users/antoniogrillo-balen/Library/Developer/Xcode/DerivedData/risebysolis-gzfsziqwziaggpcbgdowmssiasmi/Build/Products/Debug-iphonesimulator/React-jsinspector/jsinspector_modern.framework/Headers\"\ \"/Users/antoniogrillo-balen/Library/Developer/Xcode/DerivedData/risebysolis-gzfsziqwziaggpcbgdowmssiasmi/Build/Products/Debug-iphonesimulator/ReactCommon/ReactCommon.framework/Headers\"\ \"/Users/antoniogrillo-balen/Library/Developer/Xcode/DerivedData/risebysolis-gzfsziqwziaggpcbgdowmssiasmi/Build/Products/Debug-iphonesimulator/ReactCommon/ReactCommon.framework/Headers/react/nativemodule/core\"
    export HOME\=/Users/antoniogrillo-balen
    export HOST_ARCH\=arm64
    export HOST_PLATFORM\=macosx
    export ICONV\=/usr/bin/iconv
    export IMPLICIT_DEPENDENCY_DOMAIN\=default
    export INDEX_STORE_COMPRESS\=NO
    export INDEX_STORE_ONLY_PROJECT_FILES\=NO
    export INFOPLIST_ENABLE_CFBUNDLEICONS_MERGE\=YES
    export INFOPLIST_EXPAND_BUILD_SETTINGS\=YES
    export INFOPLIST_FILE\=Target\ Support\ Files/React-NativeModulesApple/React-NativeModulesApple-Info.plist
    export INFOPLIST_OUTPUT_FORMAT\=binary
    export INFOPLIST_PATH\=React_NativeModulesApple.framework/Info.plist
    export INFOPLIST_PREPROCESS\=NO
    export INFOSTRINGS_PATH\=React_NativeModulesApple.framework/en.lproj/InfoPlist.strings
    export INLINE_PRIVATE_FRAMEWORKS\=NO
    export INSTALLAPI_IGNORE_SKIP_INSTALL\=YES
    export INSTALLHDRS_COPY_PHASE\=NO
    export INSTALLHDRS_SCRIPT_PHASE\=NO
    export INSTALL_DIR\=/tmp/Pods.dst/Library/Frameworks
    export INSTALL_GROUP\=staff
    export INSTALL_MODE_FLAG\=u+w,go-w,a+rX
    export INSTALL_OWNER\=antoniogrillo-balen
    export INSTALL_PATH\=/Library/Frameworks
    export INSTALL_ROOT\=/tmp/Pods.dst
    export IPHONEOS_DEPLOYMENT_TARGET\=15.1
    export IS_UNOPTIMIZED_BUILD\=YES
    export JAVAC_DEFAULT_FLAGS\=-J-Xms64m\ -J-XX:NewSize\=4M\ -J-Dfile.encoding\=UTF8
    export JAVA_APP_STUB\=/System/Library/Frameworks/JavaVM.framework/Resources/MacOS/JavaApplicationStub
    export JAVA_ARCHIVE_CLASSES\=YES
    export JAVA_ARCHIVE_TYPE\=JAR
    export JAVA_COMPILER\=/usr/bin/javac
    export JAVA_FOLDER_PATH\=React_NativeModulesApple.framework/Java
    export JAVA_FRAMEWORK_RESOURCES_DIRS\=Resources
    export JAVA_JAR_FLAGS\=cv
    export JAVA_SOURCE_SUBDIR\=.
    export JAVA_USE_DEPENDENCIES\=YES
    export JAVA_ZIP_FLAGS\=-urg
    export JIKES_DEFAULT_FLAGS\=+E\ +OLDCSO
    export KEEP_PRIVATE_EXTERNS\=NO
    export LD_DEPENDENCY_INFO_FILE\=/Users/antoniogrillo-balen/Library/Developer/Xcode/DerivedData/risebysolis-gzfsziqwziaggpcbgdowmssiasmi/Build/Intermediates.noindex/Pods.build/Debug-iphonesimulator/React-NativeModulesApple.build/Objects-normal/undefined_arch/React_NativeModulesApple_dependency_info.dat
    export LD_DYLIB_INSTALL_NAME\=@rpath/React_NativeModulesApple.framework/React_NativeModulesApple
    export LD_EXPORT_SYMBOLS\=YES
    export LD_GENERATE_MAP_FILE\=NO
    export LD_MAP_FILE_PATH\=/Users/antoniogrillo-balen/Library/Developer/Xcode/DerivedData/risebysolis-gzfsziqwziaggpcbgdowmssiasmi/Build/Intermediates.noindex/Pods.build/Debug-iphonesimulator/React-NativeModulesApple.build/React_NativeModulesApple-LinkMap-normal-undefined_arch.txt
    export LD_NO_PIE\=NO
    export LD_QUOTE_LINKER_ARGUMENTS_FOR_COMPILER_DRIVER\=YES
    export LD_RUNPATH_SEARCH_PATHS\=\ @executable_path/Frameworks\ @loader_path/Frameworks
    export LD_SHARED_CACHE_ELIGIBLE\=Automatic
    export LD_WARN_DUPLICATE_LIBRARIES\=NO
    export LD_WARN_UNUSED_DYLIBS\=NO
    export LEGACY_DEVELOPER_DIR\=/Applications/Xcode.app/Contents/PlugIns/Xcode3Core.ideplugin/Contents/SharedSupport/Developer
    export LEX\=lex
    export LIBRARY_DEXT_INSTALL_PATH\=/Library/DriverExtensions
    export LIBRARY_FLAG_NOSPACE\=YES
    export LIBRARY_FLAG_PREFIX\=-l
    export LIBRARY_KEXT_INSTALL_PATH\=/Library/Extensions
    export LIBRARY_SEARCH_PATHS\=/Users/antoniogrillo-balen/Library/Developer/Xcode/DerivedData/risebysolis-gzfsziqwziaggpcbgdowmssiasmi/Build/Products/Debug-iphonesimulator/React-NativeModulesApple\ 
    export LINKER_DISPLAYS_MANGLED_NAMES\=NO
    export LINK_FILE_LIST_normal_arm64\=/Users/antoniogrillo-balen/Library/Developer/Xcode/DerivedData/risebysolis-gzfsziqwziaggpcbgdowmssiasmi/Build/Intermediates.noindex/Pods.build/Debug-iphonesimulator/React-NativeModulesApple.build/Objects-normal/arm64/React_NativeModulesApple.LinkFileList
    export LINK_OBJC_RUNTIME\=YES
    export LINK_WITH_STANDARD_LIBRARIES\=YES
    export LLVM_TARGET_TRIPLE_OS_VERSION\=ios15.1
    export LLVM_TARGET_TRIPLE_SUFFIX\=-simulator
    export LLVM_TARGET_TRIPLE_VENDOR\=apple
    export LM_AUX_CONST_METADATA_LIST_PATH_normal_arm64\=/Users/antoniogrillo-balen/Library/Developer/Xcode/DerivedData/risebysolis-gzfsziqwziaggpcbgdowmssiasmi/Build/Intermediates.noindex/Pods.build/Debug-iphonesimulator/React-NativeModulesApple.build/Objects-normal/arm64/React_NativeModulesApple.SwiftConstValuesFileList
    export LOCALIZATION_EXPORT_SUPPORTED\=YES
    export LOCALIZATION_PREFERS_STRING_CATALOGS\=NO
    export LOCALIZED_RESOURCES_FOLDER_PATH\=React_NativeModulesApple.framework/en.lproj
    export LOCALIZED_STRING_CODE_COMMENTS\=NO
    export LOCALIZED_STRING_MACRO_NAMES\=NSLocalizedString\ CFCopyLocalizedString
    export LOCALIZED_STRING_SWIFTUI_SUPPORT\=YES
    export LOCAL_ADMIN_APPS_DIR\=/Applications/Utilities
    export LOCAL_APPS_DIR\=/Applications
    export LOCAL_DEVELOPER_DIR\=/Library/Developer
    export LOCAL_LIBRARY_DIR\=/Library
    export LOCROOT\=/Users/antoniogrillo-balen/Desktop/Projects/RiseBuild/ios/Pods
    export LOCSYMROOT\=/Users/antoniogrillo-balen/Desktop/Projects/RiseBuild/ios/Pods
    export MACH_O_TYPE\=staticlib
    export MAC_OS_X_PRODUCT_BUILD_VERSION\=25E253
    export MAC_OS_X_VERSION_ACTUAL\=260401
    export MAC_OS_X_VERSION_MAJOR\=260000
    export MAC_OS_X_VERSION_MINOR\=260400
    export MAKE_MERGEABLE\=NO
    export MERGEABLE_LIBRARY\=NO
    export MERGED_BINARY_TYPE\=none
    export MERGE_LINKED_LIBRARIES\=NO
    export METAL_LIBRARY_FILE_BASE\=default
    export METAL_LIBRARY_OUTPUT_DIR\=/Users/antoniogrillo-balen/Library/Developer/Xcode/DerivedData/risebysolis-gzfsziqwziaggpcbgdowmssiasmi/Build/Products/Debug-iphonesimulator/React-NativeModulesApple/React_NativeModulesApple.framework
    export MODULEMAP_FILE\=Target\ Support\ Files/React-NativeModulesApple/React-NativeModulesApple.modulemap
    export MODULES_FOLDER_PATH\=React_NativeModulesApple.framework/Modules
    export MODULE_CACHE_DIR\=/Users/antoniogrillo-balen/Library/Developer/Xcode/DerivedData/ModuleCache.noindex
    export MTL_ENABLE_DEBUG_INFO\=INCLUDE_SOURCE
    export MTL_FAST_MATH\=YES
    export NATIVE_ARCH\=arm64
    export NATIVE_ARCH_32_BIT\=arm
    export NATIVE_ARCH_64_BIT\=arm64
    export NATIVE_ARCH_ACTUAL\=arm64
    export NO_COMMON\=YES
    export OBJC_ABI_VERSION\=2
    export OBJECT_FILE_DIR\=/Users/antoniogrillo-balen/Library/Developer/Xcode/DerivedData/risebysolis-gzfsziqwziaggpcbgdowmssiasmi/Build/Intermediates.noindex/Pods.build/Debug-iphonesimulator/React-NativeModulesApple.build/Objects
    export OBJECT_FILE_DIR_normal\=/Users/antoniogrillo-balen/Library/Developer/Xcode/DerivedData/risebysolis-gzfsziqwziaggpcbgdowmssiasmi/Build/Intermediates.noindex/Pods.build/Debug-iphonesimulator/React-NativeModulesApple.build/Objects-normal
    export OBJROOT\=/Users/antoniogrillo-balen/Library/Developer/Xcode/DerivedData/risebysolis-gzfsziqwziaggpcbgdowmssiasmi/Build/Intermediates.noindex
    export ONLY_ACTIVE_ARCH\=YES
    export OS\=MACOS
    export OSAC\=/usr/bin/osacompile
    export OTHER_LDFLAGS\=\ \ 
    export PACKAGE_TYPE\=com.apple.package-type.wrapper.framework
    export PASCAL_STRINGS\=YES
    export PATH\=/Applications/Xcode.app/Contents/SharedFrameworks/SwiftBuild.framework/Versions/A/PlugIns/SWBBuildService.bundle/Contents/PlugIns/SWBUniversalPlatformPlugin.bundle/Contents/Frameworks/SWBUniversalPlatform.framework/Resources:/Applications/Xcode.app/Contents/Developer/Toolchains/XcodeDefault.xctoolchain/usr/bin:/Applications/Xcode.app/Contents/Developer/Toolchains/XcodeDefault.xctoolchain/usr/local/bin:/Applications/Xcode.app/Contents/Developer/Toolchains/XcodeDefault.xctoolchain/usr/libexec:/Applications/Xcode.app/Contents/Developer/Platforms/iPhoneSimulator.platform/usr/bin:/Applications/Xcode.app/Contents/Developer/Platforms/iPhoneSimulator.platform/usr/local/bin:/Applications/Xcode.app/Contents/Developer/Platforms/iPhoneSimulator.platform/Developer/usr/bin:/Applications/Xcode.app/Contents/Developer/Platforms/iPhoneSimulator.platform/Developer/usr/local/bin:/Applications/Xcode.app/Contents/Developer/usr/bin:/Applications/Xcode.app/Contents/Developer/usr/local/bin:/opt/homebrew/opt/ruby/bin:/opt/homebrew/lib/ruby/gems/4.0.0/bin:/opt/homebrew/bin:/opt/homebrew/sbin:/Users/antoniogrillo-balen/.nvm/versions/node/v24.14.1/bin:/Library/Frameworks/Python.framework/Versions/3.14/bin:/usr/local/bin:/System/Cryptexes/App/usr/bin:/usr/bin:/bin:/usr/sbin:/sbin:/var/run/com.apple.security.cryptexd/codex.system/bootstrap/usr/local/bin:/var/run/com.apple.security.cryptexd/codex.system/bootstrap/usr/bin:/var/run/com.apple.security.cryptexd/codex.system/bootstrap/usr/appleinternal/bin:/opt/pkg/env/active/bin:/opt/pmk/env/global/bin:/Library/Apple/usr/bin:/Applications/VMware\ Fusion.app/Contents/Public:/Users/antoniogrillo-balen/.cargo/bin:/Users/antoniogrillo-balen/.cache/plugins/.install-staging/25283474a0e0d4a060cb0e915c1ec54e3d41ef2e/cursor/repo/bin:/Users/antoniogrillo-balen/.claude/plugins/cache/claude-plugins-official/superpowers/5.1.0/bin:/Users/antoniogrillo-balen/.claude/plugins/cache/claude-plugins-official/frontend-design/unknown/bin:/Users/antoniogrillo-balen/.claude/plugins/cache/claude-plugins-official/code-simplifier/1.0.0/bin:/Users/antoniogrillo-balen/.claude/plugins/cache/claude-plugins-official/security-guidance/unknown/bin:/Users/antoniogrillo-balen/.claude/plugins/cache/thedotmack/claude-mem/12.1.1/bin
    export PATH_PREFIXES_EXCLUDED_FROM_HEADER_DEPENDENCIES\=/usr/include\ /usr/local/include\ /System/Library/Frameworks\ /System/Library/PrivateFrameworks\ /Applications/Xcode.app/Contents/Developer/Headers\ /Applications/Xcode.app/Contents/Developer/SDKs\ /Applications/Xcode.app/Contents/Developer/Platforms
    export PBDEVELOPMENTPLIST_PATH\=React_NativeModulesApple.framework/pbdevelopment.plist
    export PER_ARCH_MODULE_FILE_DIR\=/Users/antoniogrillo-balen/Library/Developer/Xcode/DerivedData/risebysolis-gzfsziqwziaggpcbgdowmssiasmi/Build/Intermediates.noindex/Pods.build/Debug-iphonesimulator/React-NativeModulesApple.build/Objects-normal/undefined_arch
    export PER_ARCH_OBJECT_FILE_DIR\=/Users/antoniogrillo-balen/Library/Developer/Xcode/DerivedData/risebysolis-gzfsziqwziaggpcbgdowmssiasmi/Build/Intermediates.noindex/Pods.build/Debug-iphonesimulator/React-NativeModulesApple.build/Objects-normal/undefined_arch
    export PER_VARIANT_OBJECT_FILE_DIR\=/Users/antoniogrillo-balen/Library/Developer/Xcode/DerivedData/risebysolis-gzfsziqwziaggpcbgdowmssiasmi/Build/Intermediates.noindex/Pods.build/Debug-iphonesimulator/React-NativeModulesApple.build/Objects-normal
    export PKGINFO_FILE_PATH\=/Users/antoniogrillo-balen/Library/Developer/Xcode/DerivedData/risebysolis-gzfsziqwziaggpcbgdowmssiasmi/Build/Intermediates.noindex/Pods.build/Debug-iphonesimulator/React-NativeModulesApple.build/PkgInfo
    export PKGINFO_PATH\=React_NativeModulesApple.framework/PkgInfo
    export PLATFORM_DEVELOPER_APPLICATIONS_DIR\=/Applications/Xcode.app/Contents/Developer/Platforms/iPhoneSimulator.platform/Developer/Applications
    export PLATFORM_DEVELOPER_BIN_DIR\=/Applications/Xcode.app/Contents/Developer/Platforms/iPhoneSimulator.platform/Developer/usr/bin
    export PLATFORM_DEVELOPER_LIBRARY_DIR\=/Applications/Xcode.app/Contents/Developer/Platforms/iPhoneSimulator.platform/Developer/Library
    export PLATFORM_DEVELOPER_SDK_DIR\=/Applications/Xcode.app/Contents/Developer/Platforms/iPhoneSimulator.platform/Developer/SDKs
    export PLATFORM_DEVELOPER_TOOLS_DIR\=/Applications/Xcode.app/Contents/Developer/Platforms/iPhoneSimulator.platform/Developer/Tools
    export PLATFORM_DEVELOPER_USR_DIR\=/Applications/Xcode.app/Contents/Developer/Platforms/iPhoneSimulator.platform/Developer/usr
    export PLATFORM_DIR\=/Applications/Xcode.app/Contents/Developer/Platforms/iPhoneSimulator.platform
    export PLATFORM_DISPLAY_NAME\=iOS\ Simulator
    export PLATFORM_FAMILY_NAME\=iOS
    export PLATFORM_NAME\=iphonesimulator
    export PLATFORM_PREFERRED_ARCH\=x86_64
    export PLATFORM_PRODUCT_BUILD_VERSION\=23F73
    export PLATFORM_REQUIRES_SWIFT_AUTOLINK_EXTRACT\=NO
    export PLATFORM_REQUIRES_SWIFT_MODULEWRAP\=NO
    export PLATFORM_USES_DSYMS\=YES
    export PLIST_FILE_OUTPUT_FORMAT\=binary
    export PLUGINS_FOLDER_PATH\=React_NativeModulesApple.framework/PlugIns
    export PODS_BUILD_DIR\=/Users/antoniogrillo-balen/Library/Developer/Xcode/DerivedData/risebysolis-gzfsziqwziaggpcbgdowmssiasmi/Build/Products
    export PODS_CONFIGURATION_BUILD_DIR\=/Users/antoniogrillo-balen/Library/Developer/Xcode/DerivedData/risebysolis-gzfsziqwziaggpcbgdowmssiasmi/Build/Products/Debug-iphonesimulator
    export PODS_DEVELOPMENT_LANGUAGE\=en
    export PODS_ROOT\=/Users/antoniogrillo-balen/Desktop/Projects/RiseBuild/ios/Pods
    export PODS_TARGET_SRCROOT\=/Users/antoniogrillo-balen/Desktop/Projects/RiseBuild/ios/Pods/../../node_modules/react-native/ReactCommon/react/nativemodule/core/platform/ios
    export PODS_XCFRAMEWORKS_BUILD_DIR\=/Users/antoniogrillo-balen/Library/Developer/Xcode/DerivedData/risebysolis-gzfsziqwziaggpcbgdowmssiasmi/Build/Products/Debug-iphonesimulator/XCFrameworkIntermediates
    export PRECOMPS_INCLUDE_HEADERS_FROM_BUILT_PRODUCTS_DIR\=YES
    export PRECOMP_DESTINATION_DIR\=/Users/antoniogrillo-balen/Library/Developer/Xcode/DerivedData/risebysolis-gzfsziqwziaggpcbgdowmssiasmi/Build/Intermediates.noindex/Pods.build/Debug-iphonesimulator/React-NativeModulesApple.build/PrefixHeaders
    export PRIVATE_HEADERS_FOLDER_PATH\=React_NativeModulesApple.framework/PrivateHeaders
    export PROCESSED_INFOPLIST_PATH\=/Users/antoniogrillo-balen/Library/Developer/Xcode/DerivedData/risebysolis-gzfsziqwziaggpcbgdowmssiasmi/Build/Intermediates.noindex/Pods.build/Debug-iphonesimulator/React-NativeModulesApple.build/Objects-normal/undefined_arch/Processed-Info.plist
    export PRODUCT_BUNDLE_IDENTIFIER\=org.cocoapods.React-NativeModulesApple
    export PRODUCT_BUNDLE_PACKAGE_TYPE\=FMWK
    export PRODUCT_MODULE_NAME\=React_NativeModulesApple
    export PRODUCT_NAME\=React_NativeModulesApple
    export PRODUCT_SETTINGS_PATH\=/Users/antoniogrillo-balen/Desktop/Projects/RiseBuild/ios/Pods/Target\ Support\ Files/React-NativeModulesApple/React-NativeModulesApple-Info.plist
    export PRODUCT_TYPE\=com.apple.product-type.framework
    export PROFILING_CODE\=NO
    export PROJECT\=Pods
    export PROJECT_DERIVED_FILE_DIR\=/Users/antoniogrillo-balen/Library/Developer/Xcode/DerivedData/risebysolis-gzfsziqwziaggpcbgdowmssiasmi/Build/Intermediates.noindex/Pods.build/DerivedSources
    export PROJECT_DIR\=/Users/antoniogrillo-balen/Desktop/Projects/RiseBuild/ios/Pods
    export PROJECT_FILE_PATH\=/Users/antoniogrillo-balen/Desktop/Projects/RiseBuild/ios/Pods/Pods.xcodeproj
    export PROJECT_GUID\=8699adb1dd336b26511df848a716bd42
    export PROJECT_NAME\=Pods
    export PROJECT_TEMP_DIR\=/Users/antoniogrillo-balen/Library/Developer/Xcode/DerivedData/risebysolis-gzfsziqwziaggpcbgdowmssiasmi/Build/Intermediates.noindex/Pods.build
    export PROJECT_TEMP_ROOT\=/Users/antoniogrillo-balen/Library/Developer/Xcode/DerivedData/risebysolis-gzfsziqwziaggpcbgdowmssiasmi/Build/Intermediates.noindex
    export PUBLIC_HEADERS_FOLDER_PATH\=React_NativeModulesApple.framework/Headers
    export REACT_NATIVE_PATH\=/Users/antoniogrillo-balen/Desktop/Projects/RiseBuild/ios/Pods/../../node_modules/react-native
    export RECOMMENDED_IPHONEOS_DEPLOYMENT_TARGET\=15.0
    export RECURSIVE_SEARCH_PATHS_FOLLOW_SYMLINKS\=YES
    export REMOVE_CVS_FROM_RESOURCES\=YES
    export REMOVE_GIT_FROM_RESOURCES\=YES
    export REMOVE_HEADERS_FROM_EMBEDDED_BUNDLES\=YES
    export REMOVE_HG_FROM_RESOURCES\=YES
    export REMOVE_STATIC_EXECUTABLES_FROM_EMBEDDED_BUNDLES\=YES
    export REMOVE_SVN_FROM_RESOURCES\=YES
    export RESCHEDULE_INDEPENDENT_HEADERS_PHASES\=YES
    export REZ_COLLECTOR_DIR\=/Users/antoniogrillo-balen/Library/Developer/Xcode/DerivedData/risebysolis-gzfsziqwziaggpcbgdowmssiasmi/Build/Intermediates.noindex/Pods.build/Debug-iphonesimulator/React-NativeModulesApple.build/ResourceManagerResources
    export REZ_OBJECTS_DIR\=/Users/antoniogrillo-balen/Library/Developer/Xcode/DerivedData/risebysolis-gzfsziqwziaggpcbgdowmssiasmi/Build/Intermediates.noindex/Pods.build/Debug-iphonesimulator/React-NativeModulesApple.build/ResourceManagerResources/Objects
    export REZ_SEARCH_PATHS\=/Users/antoniogrillo-balen/Library/Developer/Xcode/DerivedData/risebysolis-gzfsziqwziaggpcbgdowmssiasmi/Build/Products/Debug-iphonesimulator/React-NativeModulesApple\ 
    export RPATH_ORIGIN\=@loader_path
    export RUNTIME_EXCEPTION_ALLOW_DYLD_ENVIRONMENT_VARIABLES\=NO
    export RUNTIME_EXCEPTION_ALLOW_JIT\=NO
    export RUNTIME_EXCEPTION_ALLOW_UNSIGNED_EXECUTABLE_MEMORY\=NO
    export RUNTIME_EXCEPTION_DEBUGGING_TOOL\=NO
    export RUNTIME_EXCEPTION_DISABLE_EXECUTABLE_PAGE_PROTECTION\=NO
    export RUNTIME_EXCEPTION_DISABLE_LIBRARY_VALIDATION\=NO
    export SCANNING_PCM_KEEP_CACHE_DIRECTORY\=YES
    export SCAN_ALL_SOURCE_FILES_FOR_INCLUDES\=NO
    export SCRIPTS_FOLDER_PATH\=React_NativeModulesApple.framework/Scripts
    export SCRIPT_INPUT_FILE_COUNT\=0
    export SCRIPT_INPUT_FILE_LIST_COUNT\=0
    export SCRIPT_OUTPUT_FILE_COUNT\=0
    export SCRIPT_OUTPUT_FILE_LIST_COUNT\=0
    export SDKROOT\=/Applications/Xcode.app/Contents/Developer/Platforms/iPhoneSimulator.platform/Developer/SDKs/iPhoneSimulator26.5.sdk
    export SDK_DIR\=/Applications/Xcode.app/Contents/Developer/Platforms/iPhoneSimulator.platform/Developer/SDKs/iPhoneSimulator26.5.sdk
    export SDK_DIR_iphonesimulator\=/Applications/Xcode.app/Contents/Developer/Platforms/iPhoneSimulator.platform/Developer/SDKs/iPhoneSimulator26.5.sdk
    export SDK_DIR_iphonesimulator26_5\=/Applications/Xcode.app/Contents/Developer/Platforms/iPhoneSimulator.platform/Developer/SDKs/iPhoneSimulator26.5.sdk
    export SDK_NAME\=iphonesimulator26.5
    export SDK_NAMES\=iphonesimulator26.5
    export SDK_PRODUCT_BUILD_VERSION\=23F73
    export SDK_STAT_CACHE_DIR\=/Users/antoniogrillo-balen/Library/Developer/Xcode/DerivedData
    export SDK_STAT_CACHE_ENABLE\=YES
    export SDK_STAT_CACHE_PATH\=/Users/antoniogrillo-balen/Library/Developer/Xcode/DerivedData/SDKStatCaches.noindex/iphonesimulator26.5-23F73-6cfe768891a92b912361537c460fe42b.sdkstatcache
    export SDK_VERSION\=26.5
    export SDK_VERSION_ACTUAL\=260500
    export SDK_VERSION_MAJOR\=260000
    export SDK_VERSION_MINOR\=260500
    export SED\=/usr/bin/sed
    export SEPARATE_STRIP\=NO
    export SEPARATE_SYMBOL_EDIT\=NO
    export SET_DIR_MODE_OWNER_GROUP\=YES
    export SET_FILE_MODE_OWNER_GROUP\=NO
    export SHALLOW_BUNDLE\=YES
    export SHALLOW_BUNDLE_TRIPLE\=ios-simulator
    export SHALLOW_BUNDLE_ios_macabi\=NO
    export SHALLOW_BUNDLE_macos\=NO
    export SHARED_DERIVED_FILE_DIR\=/Users/antoniogrillo-balen/Library/Developer/Xcode/DerivedData/risebysolis-gzfsziqwziaggpcbgdowmssiasmi/Build/Products/Debug-iphonesimulator/React-NativeModulesApple/DerivedSources
    export SHARED_FRAMEWORKS_FOLDER_PATH\=React_NativeModulesApple.framework/SharedFrameworks
    export SHARED_PRECOMPS_DIR\=/Users/antoniogrillo-balen/Library/Developer/Xcode/DerivedData/risebysolis-gzfsziqwziaggpcbgdowmssiasmi/Build/Intermediates.noindex/PrecompiledHeaders
    export SHARED_SUPPORT_FOLDER_PATH\=React_NativeModulesApple.framework
    export SKIP_INSTALL\=YES
    export SKIP_MERGEABLE_LIBRARY_BUNDLE_HOOK\=NO
    export SOURCE_ROOT\=/Users/antoniogrillo-balen/Desktop/Projects/RiseBuild/ios/Pods
    export SRCROOT\=/Users/antoniogrillo-balen/Desktop/Projects/RiseBuild/ios/Pods
    export STRINGSDATA_DIR\=/Users/antoniogrillo-balen/Library/Developer/Xcode/DerivedData/risebysolis-gzfsziqwziaggpcbgdowmssiasmi/Build/Intermediates.noindex/Pods.build/Debug-iphonesimulator/React-NativeModulesApple.build/Objects-normal/undefined_arch
    export STRINGSDATA_ROOT\=/Users/antoniogrillo-balen/Library/Developer/Xcode/DerivedData/risebysolis-gzfsziqwziaggpcbgdowmssiasmi/Build/Intermediates.noindex/Pods.build/Debug-iphonesimulator/React-NativeModulesApple.build
    export STRINGS_FILE_INFOPLIST_RENAME\=YES
    export STRINGS_FILE_OUTPUT_ENCODING\=binary
    export STRING_CATALOG_GENERATE_SYMBOLS\=NO
    export STRIP_BITCODE_FROM_COPIED_FILES\=NO
    export STRIP_INSTALLED_PRODUCT\=NO
    export STRIP_STYLE\=debugging
    export STRIP_SWIFT_SYMBOLS\=YES
    export SUPPORTED_DEVICE_FAMILIES\=1,2
    export SUPPORTED_PLATFORMS\=iphoneos\ iphonesimulator
    export SUPPORTS_TEXT_BASED_API\=NO
    export SUPPRESS_WARNINGS\=NO
    export SWIFT_ACTIVE_COMPILATION_CONDITIONS\=\ DEBUG\ 
    export SWIFT_EMIT_CONST_VALUE_PROTOCOLS\=AnyResolverProviding\ AppEntity\ AppEnum\ AppExtension\ AppIntent\ AppIntentsPackage\ AppShortcutProviding\ AppShortcutsProvider\ AppUnionValue\ AppUnionValueCasesProviding\ DynamicOptionsProvider\ EntityQuery\ ExtensionPointDefining\ IntentValueQuery\ Resolver\ TransientEntity\ _AssistantIntentsProvider\ _GenerativeFunctionExtractable\ _IntentValueRepresentable
    export SWIFT_EMIT_LOC_STRINGS\=NO
    export SWIFT_ENABLE_EXPLICIT_MODULES\=YES
    export SWIFT_INSTALL_MODULE_FOR_DEPLOYMENT\=YES
    export SWIFT_INSTALL_OBJC_HEADER\=YES
    export SWIFT_OPTIMIZATION_LEVEL\=-Onone
    export SWIFT_PLATFORM_TARGET_PREFIX\=ios
    export SWIFT_RESPONSE_FILE_PATH_normal_arm64\=/Users/antoniogrillo-balen/Library/Developer/Xcode/DerivedData/risebysolis-gzfsziqwziaggpcbgdowmssiasmi/Build/Intermediates.noindex/Pods.build/Debug-iphonesimulator/React-NativeModulesApple.build/Objects-normal/arm64/React_NativeModulesApple.SwiftFileList
    export SWIFT_VERSION\=5.0
    export SYMROOT\=/Users/antoniogrillo-balen/Library/Developer/Xcode/DerivedData/risebysolis-gzfsziqwziaggpcbgdowmssiasmi/Build/Products
    export SYSTEM_ADMIN_APPS_DIR\=/Applications/Utilities
    export SYSTEM_APPS_DIR\=/Applications
    export SYSTEM_CORE_SERVICES_DIR\=/System/Library/CoreServices
    export SYSTEM_DEMOS_DIR\=/Applications/Extras
    export SYSTEM_DEVELOPER_APPS_DIR\=/Applications/Xcode.app/Contents/Developer/Applications
    export SYSTEM_DEVELOPER_BIN_DIR\=/Applications/Xcode.app/Contents/Developer/usr/bin
    export SYSTEM_DEVELOPER_DEMOS_DIR\=/Applications/Xcode.app/Contents/Developer/Applications/Utilities/Built\ Examples
    export SYSTEM_DEVELOPER_DIR\=/Applications/Xcode.app/Contents/Developer
    export SYSTEM_DEVELOPER_DOC_DIR\=/Applications/Xcode.app/Contents/Developer/ADC\ Reference\ Library
    export SYSTEM_DEVELOPER_GRAPHICS_TOOLS_DIR\=/Applications/Xcode.app/Contents/Developer/Applications/Graphics\ Tools
    export SYSTEM_DEVELOPER_JAVA_TOOLS_DIR\=/Applications/Xcode.app/Contents/Developer/Applications/Java\ Tools
    export SYSTEM_DEVELOPER_PERFORMANCE_TOOLS_DIR\=/Applications/Xcode.app/Contents/Developer/Applications/Performance\ Tools
    export SYSTEM_DEVELOPER_RELEASENOTES_DIR\=/Applications/Xcode.app/Contents/Developer/ADC\ Reference\ Library/releasenotes
    export SYSTEM_DEVELOPER_TOOLS\=/Applications/Xcode.app/Contents/Developer/Tools
    export SYSTEM_DEVELOPER_TOOLS_DOC_DIR\=/Applications/Xcode.app/Contents/Developer/ADC\ Reference\ Library/documentation/DeveloperTools
    export SYSTEM_DEVELOPER_TOOLS_RELEASENOTES_DIR\=/Applications/Xcode.app/Contents/Developer/ADC\ Reference\ Library/releasenotes/DeveloperTools
    export SYSTEM_DEVELOPER_USR_DIR\=/Applications/Xcode.app/Contents/Developer/usr
    export SYSTEM_DEVELOPER_UTILITIES_DIR\=/Applications/Xcode.app/Contents/Developer/Applications/Utilities
    export SYSTEM_DEXT_INSTALL_PATH\=/System/Library/DriverExtensions
    export SYSTEM_DOCUMENTATION_DIR\=/Library/Documentation
    export SYSTEM_EXTENSIONS_FOLDER_PATH\=React_NativeModulesApple.framework/SystemExtensions
    export SYSTEM_EXTENSIONS_FOLDER_PATH_SHALLOW_BUNDLE_NO\=React_NativeModulesApple.framework/Library/SystemExtensions
    export SYSTEM_EXTENSIONS_FOLDER_PATH_SHALLOW_BUNDLE_YES\=React_NativeModulesApple.framework/SystemExtensions
    export SYSTEM_KEXT_INSTALL_PATH\=/System/Library/Extensions
    export SYSTEM_LIBRARY_DIR\=/System/Library
    export TAPI_DEMANGLE\=YES
    export TAPI_ENABLE_PROJECT_HEADERS\=NO
    export TAPI_LANGUAGE\=objective-c
    export TAPI_LANGUAGE_STANDARD\=compiler-default
    export TAPI_USE_SRCROOT\=YES
    export TAPI_VERIFY_MODE\=Pedantic
    export TARGETED_DEVICE_FAMILY\=1,2
    export TARGETNAME\=React-NativeModulesApple
    export TARGET_BUILD_DIR\=/Users/antoniogrillo-balen/Library/Developer/Xcode/DerivedData/risebysolis-gzfsziqwziaggpcbgdowmssiasmi/Build/Products/Debug-iphonesimulator/React-NativeModulesApple
    export TARGET_DEVICE_IDENTIFIER\=0C333F8A-4681-4475-855E-6FFD70F12533
    export TARGET_DEVICE_MODEL\=iPhone16,2
    export TARGET_DEVICE_OS_VERSION\=26.4.1
    export TARGET_DEVICE_PLATFORM_NAME\=iphonesimulator
    export TARGET_NAME\=React-NativeModulesApple
    export TARGET_TEMP_DIR\=/Users/antoniogrillo-balen/Library/Developer/Xcode/DerivedData/risebysolis-gzfsziqwziaggpcbgdowmssiasmi/Build/Intermediates.noindex/Pods.build/Debug-iphonesimulator/React-NativeModulesApple.build
    export TEMP_DIR\=/Users/antoniogrillo-balen/Library/Developer/Xcode/DerivedData/risebysolis-gzfsziqwziaggpcbgdowmssiasmi/Build/Intermediates.noindex/Pods.build/Debug-iphonesimulator/React-NativeModulesApple.build
    export TEMP_FILES_DIR\=/Users/antoniogrillo-balen/Library/Developer/Xcode/DerivedData/risebysolis-gzfsziqwziaggpcbgdowmssiasmi/Build/Intermediates.noindex/Pods.build/Debug-iphonesimulator/React-NativeModulesApple.build
    export TEMP_FILE_DIR\=/Users/antoniogrillo-balen/Library/Developer/Xcode/DerivedData/risebysolis-gzfsziqwziaggpcbgdowmssiasmi/Build/Intermediates.noindex/Pods.build/Debug-iphonesimulator/React-NativeModulesApple.build
    export TEMP_ROOT\=/Users/antoniogrillo-balen/Library/Developer/Xcode/DerivedData/risebysolis-gzfsziqwziaggpcbgdowmssiasmi/Build/Intermediates.noindex
    export TEMP_SANDBOX_DIR\=/Users/antoniogrillo-balen/Library/Developer/Xcode/DerivedData/risebysolis-gzfsziqwziaggpcbgdowmssiasmi/Build/Intermediates.noindex/TemporaryTaskSandboxes
    export TEST_FRAMEWORK_SEARCH_PATHS\=\ /Applications/Xcode.app/Contents/Developer/Platforms/iPhoneSimulator.platform/Developer/Library/Frameworks\ /Applications/Xcode.app/Contents/Developer/Platforms/iPhoneSimulator.platform/Developer/SDKs/iPhoneSimulator26.5.sdk/Developer/Library/Frameworks
    export TEST_LIBRARY_SEARCH_PATHS\=\ /Applications/Xcode.app/Contents/Developer/Platforms/iPhoneSimulator.platform/Developer/usr/lib
    export TOOLCHAINS\=com.apple.dt.toolchain.XcodeDefault
    export TOOLCHAIN_DIR\=/Applications/Xcode.app/Contents/Developer/Toolchains/XcodeDefault.xctoolchain
    export TREAT_MISSING_BASELINES_AS_TEST_FAILURES\=NO
    export TREAT_MISSING_SCRIPT_PHASE_OUTPUTS_AS_ERRORS\=NO
    export TeamIdentifierPrefix\=FAKETEAMID.
    export UID\=501
    export UNINSTALLED_PRODUCTS_DIR\=/Users/antoniogrillo-balen/Library/Developer/Xcode/DerivedData/risebysolis-gzfsziqwziaggpcbgdowmssiasmi/Build/Intermediates.noindex/UninstalledProducts
    export UNLOCALIZED_RESOURCES_FOLDER_PATH\=React_NativeModulesApple.framework
    export UNLOCALIZED_RESOURCES_FOLDER_PATH_SHALLOW_BUNDLE_NO\=React_NativeModulesApple.framework/Resources
    export UNLOCALIZED_RESOURCES_FOLDER_PATH_SHALLOW_BUNDLE_YES\=React_NativeModulesApple.framework
    export UNSTRIPPED_PRODUCT\=NO
    export USER\=antoniogrillo-balen
    export USER_APPS_DIR\=/Users/antoniogrillo-balen/Applications
    export USER_LIBRARY_DIR\=/Users/antoniogrillo-balen/Library
    export USE_DYNAMIC_NO_PIC\=YES
    export USE_HEADERMAP\=YES
    export USE_HEADER_SYMLINKS\=NO
    export USE_HERMES\=true
    export USE_RECURSIVE_SCRIPT_INPUTS_IN_SCRIPT_PHASES\=YES
    export VALIDATE_DEVELOPMENT_ASSET_PATHS\=YES_ERROR
    export VALIDATE_PRODUCT\=NO
    export VALID_ARCHS\=arm64\ x86_64
    export VERBOSE_PBXCP\=NO
    export VERSIONING_SYSTEM\=apple-generic
    export VERSIONPLIST_PATH\=React_NativeModulesApple.framework/version.plist
    export VERSIONS_FOLDER_PATH\=React_NativeModulesApple.framework
    export VERSIONS_FOLDER_PATH_SHALLOW_BUNDLE_NO\=React_NativeModulesApple.framework/Versions
    export VERSIONS_FOLDER_PATH_SHALLOW_BUNDLE_YES\=React_NativeModulesApple.framework
    export VERSION_INFO_BUILDER\=antoniogrillo-balen
    export VERSION_INFO_FILE\=React_NativeModulesApple_vers.c
    export VERSION_INFO_STRING\=\"@\(\#\)PROGRAM:React_NativeModulesApple\ \ PROJECT:Pods-1\"
    export WORKSPACE_DIR\=/Users/antoniogrillo-balen/Desktop/Projects/RiseBuild/ios
    export WRAPPER_EXTENSION\=framework
    export WRAPPER_NAME\=React_NativeModulesApple.framework
    export WRAPPER_SUFFIX\=.framework
    export WRAP_ASSET_PACKS_IN_SEPARATE_DIRECTORIES\=NO
    export XCODE_APP_SUPPORT_DIR\=/Applications/Xcode.app/Contents/Developer/Library/Xcode
    export XCODE_PRODUCT_BUILD_VERSION\=17F42
    export XCODE_VERSION_ACTUAL\=2650
    export XCODE_VERSION_MAJOR\=2600
    export XCODE_VERSION_MINOR\=2650
    export XPCSERVICES_FOLDER_PATH\=React_NativeModulesApple.framework/XPCServices
    export YACC\=yacc
    export _DISCOVER_COMMAND_LINE_LINKER_INPUTS\=YES
    export _DISCOVER_COMMAND_LINE_LINKER_INPUTS_INCLUDE_WL\=YES
    export _LD_MULTIARCH\=YES
    export _WRAPPER_CONTENTS_DIR_SHALLOW_BUNDLE_NO\=/Contents
    export _WRAPPER_PARENT_PATH_SHALLOW_BUNDLE_NO\=/..
    export _WRAPPER_RESOURCES_DIR_SHALLOW_BUNDLE_NO\=/Resources
    export __DIAGNOSE_DEPRECATED_ARCHS\=YES
    export __ORIGINAL_SDK_DEFINED_LLVM_TARGET_TRIPLE_SYS\=ios
    export arch\=undefined_arch
    export variant\=normal
    /bin/sh -c /Users/antoniogrillo-balen/Library/Developer/Xcode/DerivedData/risebysolis-gzfsziqwziaggpcbgdowmssiasmi/Build/Intermediates.noindex/Pods.build/Debug-iphonesimulator/React-NativeModulesApple.build/Script-46EB2E00027C80.sh

warning: Run script build phase 'Create Symlinks to Header Folders' will be run during every build because it does not specify any outputs. To address this issue, either add output dependencies to the script phase, or configure it to run in every build by unchecking "Based on dependency analysis" in the script phase. (in target 'ReactCodegen' from project 'Pods')
PhaseScriptExecution [CP-User]\ Generate\ Specs /Users/antoniogrillo-balen/Library/Developer/Xcode/DerivedData/risebysolis-gzfsziqwziaggpcbgdowmssiasmi/Build/Intermediates.noindex/Pods.build/Debug-iphonesimulator/ReactCodegen.build/Script-46EB2E00031EA0.sh (in target 'ReactCodegen' from project 'Pods')
    cd /Users/antoniogrillo-balen/Desktop/Projects/RiseBuild/ios/Pods
    export ACTION\=build
    export AD_HOC_CODE_SIGNING_ALLOWED\=YES
    export ALLOW_BUILD_REQUEST_OVERRIDES\=NO
    export ALLOW_TARGET_PLATFORM_SPECIALIZATION\=NO
    export ALTERNATE_GROUP\=staff
    export ALTERNATE_MODE\=u+w,go-w,a+rX
    export ALTERNATE_OWNER\=antoniogrillo-balen
    export ALTERNATIVE_DISTRIBUTION_WEB\=NO
    export ALWAYS_EMBED_SWIFT_STANDARD_LIBRARIES\=NO
    export ALWAYS_SEARCH_USER_PATHS\=NO
    export ALWAYS_USE_SEPARATE_HEADERMAPS\=NO
    export APPLICATION_EXTENSION_API_ONLY\=NO
    export APPLY_RULES_IN_COPY_FILES\=NO
    export APPLY_RULES_IN_COPY_HEADERS\=NO
    export APP_SHORTCUTS_ENABLE_FLEXIBLE_MATCHING\=YES
    export ARCHS\=arm64
    export ARCHS_BASE\=arm64
    export ARCHS_STANDARD\=arm64\ x86_64
    export ARCHS_STANDARD_32_64_BIT\=arm64\ x86_64
    export ARCHS_STANDARD_64_BIT\=arm64\ x86_64
    export ARCHS_STANDARD_INCLUDING_64_BIT\=arm64\ x86_64
    export ARCHS_UNIVERSAL_IPHONE_OS\=arm64\ x86_64
    export ASSETCATALOG_FILTER_FOR_DEVICE_MODEL\=iPhone16,2
    export ASSETCATALOG_FILTER_FOR_DEVICE_OS_VERSION\=26.4.1
    export ASSETCATALOG_FILTER_FOR_THINNING_DEVICE_CONFIGURATION\=iPhone16,2
    export AUTOMATICALLY_MERGE_DEPENDENCIES\=NO
    export AUTOMATION_APPLE_EVENTS\=NO
    export AVAILABLE_PLATFORMS\=android\ appletvos\ appletvsimulator\ driverkit\ freebsd\ iphoneos\ iphonesimulator\ linux\ macosx\ none\ openbsd\ qnx\ watchos\ watchsimulator\ webassembly\ xros\ xrsimulator
    export AppIdentifierPrefix\=FAKETEAMID.
    export BUILD_ACTIVE_RESOURCES_ONLY\=YES
    export BUILD_COMPONENTS\=headers\ build
    export BUILD_DIR\=/Users/antoniogrillo-balen/Library/Developer/Xcode/DerivedData/risebysolis-gzfsziqwziaggpcbgdowmssiasmi/Build/Products
    export BUILD_LIBRARY_FOR_DISTRIBUTION\=NO
    export BUILD_ONLY_KNOWN_LOCALIZATIONS\=NO
    export BUILD_ROOT\=/Users/antoniogrillo-balen/Library/Developer/Xcode/DerivedData/risebysolis-gzfsziqwziaggpcbgdowmssiasmi/Build/Products
    export BUILD_STYLE\=
    export BUILD_VARIANTS\=normal
    export BUILT_PRODUCTS_DIR\=/Users/antoniogrillo-balen/Library/Developer/Xcode/DerivedData/risebysolis-gzfsziqwziaggpcbgdowmssiasmi/Build/Products/Debug-iphonesimulator/ReactCodegen
    export BUNDLE_CONTENTS_FOLDER_PATH_deep\=Contents/
    export BUNDLE_EXECUTABLE_FOLDER_NAME_deep\=MacOS
    export BUNDLE_EXTENSIONS_FOLDER_PATH\=Extensions
    export BUNDLE_FORMAT\=shallow
    export BUNDLE_FRAMEWORKS_FOLDER_PATH\=Frameworks
    export BUNDLE_PLUGINS_FOLDER_PATH\=PlugIns
    export BUNDLE_PRIVATE_HEADERS_FOLDER_PATH\=PrivateHeaders
    export BUNDLE_PUBLIC_HEADERS_FOLDER_PATH\=Headers
    export CACHE_ROOT\=/var/folders/2z/jtlqylkx0c709j3xb7b0g4cm0000gn/C/com.apple.DeveloperTools/26.5-17F42/Xcode
    export CCHROOT\=/var/folders/2z/jtlqylkx0c709j3xb7b0g4cm0000gn/C/com.apple.DeveloperTools/26.5-17F42/Xcode
    export CHMOD\=/bin/chmod
    export CHOWN\=chown
    export CLANG_ANALYZER_LOCALIZABILITY_NONLOCALIZED\=YES
    export CLANG_ANALYZER_NONNULL\=YES
    export CLANG_ANALYZER_NUMBER_OBJECT_CONVERSION\=YES_AGGRESSIVE
    export CLANG_CACHE_FINE_GRAINED_OUTPUTS\=YES
    export CLANG_CXX_LANGUAGE_STANDARD\=c++20
    export CLANG_CXX_LIBRARY\=libc++
    export CLANG_ENABLE_EXPLICIT_MODULES\=YES
    export CLANG_ENABLE_MODULES\=YES
    export CLANG_ENABLE_OBJC_ARC\=YES
    export CLANG_ENABLE_OBJC_WEAK\=NO
    export CLANG_MODULES_BUILD_SESSION_FILE\=/Users/antoniogrillo-balen/Library/Developer/Xcode/DerivedData/ModuleCache.noindex/Session.modulevalidation
    export CLANG_WARN_BLOCK_CAPTURE_AUTORELEASING\=YES
    export CLANG_WARN_BOOL_CONVERSION\=YES
    export CLANG_WARN_COMMA\=YES
    export CLANG_WARN_CONSTANT_CONVERSION\=YES
    export CLANG_WARN_DEPRECATED_OBJC_IMPLEMENTATIONS\=YES
    export CLANG_WARN_DIRECT_OBJC_ISA_USAGE\=YES_ERROR
    export CLANG_WARN_DOCUMENTATION_COMMENTS\=YES
    export CLANG_WARN_EMPTY_BODY\=YES
    export CLANG_WARN_ENUM_CONVERSION\=YES
    export CLANG_WARN_INFINITE_RECURSION\=YES
    export CLANG_WARN_INT_CONVERSION\=YES
    export CLANG_WARN_NON_LITERAL_NULL_CONVERSION\=YES
    export CLANG_WARN_OBJC_IMPLICIT_RETAIN_SELF\=YES
    export CLANG_WARN_OBJC_LITERAL_CONVERSION\=YES
    export CLANG_WARN_OBJC_ROOT_CLASS\=YES_ERROR
    export CLANG_WARN_QUOTED_INCLUDE_IN_FRAMEWORK_HEADER\=NO
    export CLANG_WARN_RANGE_LOOP_ANALYSIS\=YES
    export CLANG_WARN_STRICT_PROTOTYPES\=YES
    export CLANG_WARN_SUSPICIOUS_MOVE\=YES
    export CLANG_WARN_UNGUARDED_AVAILABILITY\=YES_AGGRESSIVE
    export CLANG_WARN_UNREACHABLE_CODE\=YES
    export CLANG_WARN__DUPLICATE_METHOD_MATCH\=YES
    export CLASS_FILE_DIR\=/Users/antoniogrillo-balen/Library/Developer/Xcode/DerivedData/risebysolis-gzfsziqwziaggpcbgdowmssiasmi/Build/Intermediates.noindex/Pods.build/Debug-iphonesimulator/ReactCodegen.build/JavaClasses
    export CLEAN_PRECOMPS\=YES
    export CLONE_HEADERS\=NO
    export CODESIGNING_FOLDER_PATH\=/Users/antoniogrillo-balen/Library/Developer/Xcode/DerivedData/risebysolis-gzfsziqwziaggpcbgdowmssiasmi/Build/Products/Debug-iphonesimulator/ReactCodegen/ReactCodegen.framework
    export CODE_SIGNING_ALLOWED\=YES
    export CODE_SIGNING_REQUIRED\=NO
    export CODE_SIGNING_REQUIRES_TEAM\=YES
    export CODE_SIGN_CONTEXT_CLASS\=XCiPhoneSimulatorCodeSignContext
    export CODE_SIGN_IDENTITY\=-
    export CODE_SIGN_INJECT_BASE_ENTITLEMENTS\=YES
    export COLOR_DIAGNOSTICS\=NO
    export COMBINE_HIDPI_IMAGES\=NO
    export COMPILATION_CACHE_CAS_PATH\=/Users/antoniogrillo-balen/Library/Developer/Xcode/DerivedData/CompilationCache.noindex
    export COMPILATION_CACHE_KEEP_CAS_DIRECTORY\=YES
    export COMPILER_INDEX_STORE_ENABLE\=Default
    export COMPOSITE_SDK_DIRS\=/Users/antoniogrillo-balen/Library/Developer/Xcode/DerivedData/risebysolis-gzfsziqwziaggpcbgdowmssiasmi/Build/Intermediates.noindex/CompositeSDKs
    export COMPRESS_PNG_FILES\=YES
    export CONFIGURATION\=Debug
    export CONFIGURATION_BUILD_DIR\=/Users/antoniogrillo-balen/Library/Developer/Xcode/DerivedData/risebysolis-gzfsziqwziaggpcbgdowmssiasmi/Build/Products/Debug-iphonesimulator/ReactCodegen
    export CONFIGURATION_TEMP_DIR\=/Users/antoniogrillo-balen/Library/Developer/Xcode/DerivedData/risebysolis-gzfsziqwziaggpcbgdowmssiasmi/Build/Intermediates.noindex/Pods.build/Debug-iphonesimulator
    export CONTENTS_FOLDER_PATH\=ReactCodegen.framework
    export CONTENTS_FOLDER_PATH_SHALLOW_BUNDLE_NO\=ReactCodegen.framework/A
    export CONTENTS_FOLDER_PATH_SHALLOW_BUNDLE_YES\=ReactCodegen.framework
    export COPYING_PRESERVES_HFS_DATA\=NO
    export COPY_HEADERS_RUN_UNIFDEF\=NO
    export COPY_PHASE_STRIP\=NO
    export CORRESPONDING_DEVICE_PLATFORM_DIR\=/Applications/Xcode.app/Contents/Developer/Platforms/iPhoneOS.platform
    export CORRESPONDING_DEVICE_PLATFORM_NAME\=iphoneos
    export CORRESPONDING_DEVICE_SDK_DIR\=/Applications/Xcode.app/Contents/Developer/Platforms/iPhoneOS.platform/Developer/SDKs/iPhoneOS26.5.sdk
    export CORRESPONDING_DEVICE_SDK_NAME\=iphoneos26.5
    export CP\=/bin/cp
    export CREATE_INFOPLIST_SECTION_IN_BINARY\=NO
    export CURRENT_ARCH\=undefined_arch
    export CURRENT_PROJECT_VERSION\=1
    export CURRENT_VARIANT\=normal
    export CURRENT_VERSION\=Current
    export DEAD_CODE_STRIPPING\=YES
    export DEBUGGING_SYMBOLS\=YES
    export DEBUG_INFORMATION_FORMAT\=dwarf
    export DEBUG_INFORMATION_VERSION\=compiler-default
    export DEFAULT_COMPILER\=com.apple.compilers.llvm.clang.1_0
    export DEFAULT_DEXT_INSTALL_PATH\=/System/Library/DriverExtensions
    export DEFAULT_KEXT_INSTALL_PATH\=/System/Library/Extensions
    export DEFINES_MODULE\=YES
    export DEPLOYMENT_LOCATION\=NO
    export DEPLOYMENT_POSTPROCESSING\=NO
    export DEPLOYMENT_TARGET_SETTING_NAME\=IPHONEOS_DEPLOYMENT_TARGET
    export DEPLOYMENT_TARGET_SUGGESTED_VALUES\=12.0\ 12.1\ 12.2\ 12.3\ 12.4\ 13.0\ 13.1\ 13.2\ 13.3\ 13.4\ 13.5\ 13.6\ 14.0\ 14.1\ 14.2\ 14.3\ 14.4\ 14.5\ 14.6\ 14.7\ 15.0\ 15.1\ 15.2\ 15.3\ 15.4\ 15.5\ 15.6\ 16.0\ 16.1\ 16.2\ 16.3\ 16.4\ 16.5\ 16.6\ 17.0\ 17.1\ 17.2\ 17.3\ 17.4\ 17.5\ 17.6\ 18.0\ 18.1\ 18.2\ 18.3\ 18.4\ 18.5\ 18.6\ 26.0\ 26.2\ 26.3\ 26.4\ 26.5
    export DERIVED_FILES_DIR\=/Users/antoniogrillo-balen/Library/Developer/Xcode/DerivedData/risebysolis-gzfsziqwziaggpcbgdowmssiasmi/Build/Intermediates.noindex/Pods.build/Debug-iphonesimulator/ReactCodegen.build/DerivedSources
    export DERIVED_FILE_DIR\=/Users/antoniogrillo-balen/Library/Developer/Xcode/DerivedData/risebysolis-gzfsziqwziaggpcbgdowmssiasmi/Build/Intermediates.noindex/Pods.build/Debug-iphonesimulator/ReactCodegen.build/DerivedSources
    export DERIVED_SOURCES_DIR\=/Users/antoniogrillo-balen/Library/Developer/Xcode/DerivedData/risebysolis-gzfsziqwziaggpcbgdowmssiasmi/Build/Intermediates.noindex/Pods.build/Debug-iphonesimulator/ReactCodegen.build/DerivedSources
    export DEVELOPER_APPLICATIONS_DIR\=/Applications/Xcode.app/Contents/Developer/Applications
    export DEVELOPER_BIN_DIR\=/Applications/Xcode.app/Contents/Developer/usr/bin
    export DEVELOPER_DIR\=/Applications/Xcode.app/Contents/Developer
    export DEVELOPER_FRAMEWORKS_DIR\=/Applications/Xcode.app/Contents/Developer/Library/Frameworks
    export DEVELOPER_FRAMEWORKS_DIR_QUOTED\=/Applications/Xcode.app/Contents/Developer/Library/Frameworks
    export DEVELOPER_LIBRARY_DIR\=/Applications/Xcode.app/Contents/Developer/Library
    export DEVELOPER_SDK_DIR\=/Applications/Xcode.app/Contents/Developer/Platforms/MacOSX.platform/Developer/SDKs
    export DEVELOPER_TOOLS_DIR\=/Applications/Xcode.app/Contents/Developer/Tools
    export DEVELOPER_USR_DIR\=/Applications/Xcode.app/Contents/Developer/usr
    export DEVELOPMENT_LANGUAGE\=en
    export DIAGNOSE_MISSING_TARGET_DEPENDENCIES\=YES
    export DIFF\=/usr/bin/diff
    export DOCUMENTATION_FOLDER_PATH\=ReactCodegen.framework/en.lproj/Documentation
    export DONT_GENERATE_INFOPLIST_FILE\=NO
    export DSTROOT\=/tmp/Pods.dst
    export DT_TOOLCHAIN_DIR\=/Applications/Xcode.app/Contents/Developer/Toolchains/XcodeDefault.xctoolchain
    export DUMP_DEPENDENCIES\=NO
    export DUMP_DEPENDENCIES_OUTPUT_PATH\=/Users/antoniogrillo-balen/Library/Developer/Xcode/DerivedData/risebysolis-gzfsziqwziaggpcbgdowmssiasmi/Build/Intermediates.noindex/Pods.build/Debug-iphonesimulator/ReactCodegen.build/ReactCodegen-BuildDependencyInfo.json
    export DWARF_DSYM_FILE_NAME\=ReactCodegen.framework.dSYM
    export DWARF_DSYM_FILE_SHOULD_ACCOMPANY_PRODUCT\=NO
    export DWARF_DSYM_FOLDER_PATH\=/Users/antoniogrillo-balen/Library/Developer/Xcode/DerivedData/risebysolis-gzfsziqwziaggpcbgdowmssiasmi/Build/Products/Debug-iphonesimulator/ReactCodegen
    export DYLIB_COMPATIBILITY_VERSION\=1
    export DYLIB_CURRENT_VERSION\=1
    export DYLIB_INSTALL_NAME_BASE\=@rpath
    export DYNAMIC_LIBRARY_EXTENSION\=dylib
    export EAGER_COMPILATION_ALLOW_SCRIPTS\=NO
    export EAGER_LINKING\=NO
    export EFFECTIVE_PLATFORM_NAME\=-iphonesimulator
    export EFFECTIVE_SWIFT_VERSION\=5
    export EMBEDDED_CONTENT_CONTAINS_SWIFT\=NO
    export EMBED_ASSET_PACKS_IN_PRODUCT_BUNDLE\=NO
    export ENABLE_APP_SANDBOX\=NO
    export ENABLE_CODE_COVERAGE\=YES
    export ENABLE_COHORT_ARCHS\=NO
    export ENABLE_CPLUSPLUS_BOUNDS_SAFE_BUFFERS\=NO
    export ENABLE_C_BOUNDS_SAFETY\=NO
    export ENABLE_DEFAULT_HEADER_SEARCH_PATHS\=YES
    export ENABLE_DEFAULT_SEARCH_PATHS\=YES
    export ENABLE_ENHANCED_SECURITY\=NO
    export ENABLE_HARDENED_RUNTIME\=NO
    export ENABLE_HEADER_DEPENDENCIES\=YES
    export ENABLE_INCOMING_NETWORK_CONNECTIONS\=NO
    export ENABLE_MODULE_VERIFIER\=NO
    export ENABLE_ON_DEMAND_RESOURCES\=NO
    export ENABLE_OUTGOING_NETWORK_CONNECTIONS\=NO
    export ENABLE_POINTER_AUTHENTICATION\=NO
    export ENABLE_PREVIEWS\=NO
    export ENABLE_RESOURCE_ACCESS_AUDIO_INPUT\=NO
    export ENABLE_RESOURCE_ACCESS_BLUETOOTH\=NO
    export ENABLE_RESOURCE_ACCESS_CALENDARS\=NO
    export ENABLE_RESOURCE_ACCESS_CAMERA\=NO
    export ENABLE_RESOURCE_ACCESS_CONTACTS\=NO
    export ENABLE_RESOURCE_ACCESS_LOCATION\=NO
    export ENABLE_RESOURCE_ACCESS_PHOTO_LIBRARY\=NO
    export ENABLE_RESOURCE_ACCESS_PRINTING\=NO
    export ENABLE_RESOURCE_ACCESS_USB\=NO
    export ENABLE_SDK_IMPORTS\=NO
    export ENABLE_SECURITY_COMPILER_WARNINGS\=NO
    export ENABLE_STRICT_OBJC_MSGSEND\=YES
    export ENABLE_TESTABILITY\=YES
    export ENABLE_TESTING_SEARCH_PATHS\=NO
    export ENABLE_USER_SCRIPT_SANDBOXING\=NO
    export ENABLE_XOJIT_PREVIEWS\=YES
    export ENFORCE_VALID_ARCHS\=YES
    export ENTITLEMENTS_DESTINATION\=__entitlements
    export ENTITLEMENTS_REQUIRED\=NO
    export EXCLUDED_INSTALLSRC_SUBDIRECTORY_PATTERNS\=.DS_Store\ .svn\ .git\ .hg\ CVS
    export EXCLUDED_RECURSIVE_SEARCH_PATH_SUBDIRECTORIES\=\*.nib\ \*.lproj\ \*.framework\ \*.gch\ \*.xcode\*\ \*.xcassets\ \*.icon\ \(\*\)\ .DS_Store\ CVS\ .svn\ .git\ .hg\ \*.pbproj\ \*.pbxproj
    export EXECUTABLES_FOLDER_PATH\=ReactCodegen.framework/en.lproj
    export EXECUTABLE_FOLDER_PATH\=ReactCodegen.framework
    export EXECUTABLE_FOLDER_PATH_SHALLOW_BUNDLE_NO\=ReactCodegen.framework
    export EXECUTABLE_FOLDER_PATH_SHALLOW_BUNDLE_YES\=ReactCodegen.framework
    export EXECUTABLE_NAME\=ReactCodegen
    export EXECUTABLE_PATH\=ReactCodegen.framework/ReactCodegen
    export EXPANDED_CODE_SIGN_IDENTITY\=-
    export EXPANDED_CODE_SIGN_IDENTITY_NAME\=Sign\ to\ Run\ Locally
    export EXTENSIONS_FOLDER_PATH\=ReactCodegen.framework/Extensions
    export FILE_LIST\=/Users/antoniogrillo-balen/Library/Developer/Xcode/DerivedData/risebysolis-gzfsziqwziaggpcbgdowmssiasmi/Build/Intermediates.noindex/Pods.build/Debug-iphonesimulator/ReactCodegen.build/Objects/LinkFileList
    export FIXED_FILES_DIR\=/Users/antoniogrillo-balen/Library/Developer/Xcode/DerivedData/risebysolis-gzfsziqwziaggpcbgdowmssiasmi/Build/Intermediates.noindex/Pods.build/Debug-iphonesimulator/ReactCodegen.build/FixedFiles
    export FRAMEWORKS_FOLDER_PATH\=ReactCodegen.framework/Frameworks
    export FRAMEWORK_FLAG_PREFIX\=-framework
    export FRAMEWORK_SEARCH_PATHS\=/Users/antoniogrillo-balen/Library/Developer/Xcode/DerivedData/risebysolis-gzfsziqwziaggpcbgdowmssiasmi/Build/Products/Debug-iphonesimulator/ReactCodegen\ \ \"/Users/antoniogrillo-balen/Library/Developer/Xcode/DerivedData/risebysolis-gzfsziqwziaggpcbgdowmssiasmi/Build/Products/Debug-iphonesimulator/DoubleConversion\"\ \"/Users/antoniogrillo-balen/Library/Developer/Xcode/DerivedData/risebysolis-gzfsziqwziaggpcbgdowmssiasmi/Build/Products/Debug-iphonesimulator/RCT-Folly\"\ \"/Users/antoniogrillo-balen/Library/Developer/Xcode/DerivedData/risebysolis-gzfsziqwziaggpcbgdowmssiasmi/Build/Products/Debug-iphonesimulator/RCTDeprecation\"\ \"/Users/antoniogrillo-balen/Library/Developer/Xcode/DerivedData/risebysolis-gzfsziqwziaggpcbgdowmssiasmi/Build/Products/Debug-iphonesimulator/RCTTypeSafety\"\ \"/Users/antoniogrillo-balen/Library/Developer/Xcode/DerivedData/risebysolis-gzfsziqwziaggpcbgdowmssiasmi/Build/Products/Debug-iphonesimulator/React-Core\"\ \"/Users/antoniogrillo-balen/Library/Developer/Xcode/DerivedData/risebysolis-gzfsziqwziaggpcbgdowmssiasmi/Build/Products/Debug-iphonesimulator/React-Fabric\"\ \"/Users/antoniogrillo-balen/Library/Developer/Xcode/DerivedData/risebysolis-gzfsziqwziaggpcbgdowmssiasmi/Build/Products/Debug-iphonesimulator/React-FabricImage\"\ \"/Users/antoniogrillo-balen/Library/Developer/Xcode/DerivedData/risebysolis-gzfsziqwziaggpcbgdowmssiasmi/Build/Products/Debug-iphonesimulator/React-ImageManager\"\ \"/Users/antoniogrillo-balen/Library/Developer/Xcode/DerivedData/risebysolis-gzfsziqwziaggpcbgdowmssiasmi/Build/Products/Debug-iphonesimulator/React-NativeModulesApple\"\ \"/Users/antoniogrillo-balen/Library/Developer/Xcode/DerivedData/risebysolis-gzfsziqwziaggpcbgdowmssiasmi/Build/Products/Debug-iphonesimulator/React-cxxreact\"\ \"/Users/antoniogrillo-balen/Library/Developer/Xcode/DerivedData/risebysolis-gzfsziqwziaggpcbgdowmssiasmi/Build/Products/Debug-iphonesimulator/React-debug\"\ \"/Users/antoniogrillo-balen/Library/Developer/Xcode/DerivedData/risebysolis-gzfsziqwziaggpcbgdowmssiasmi/Build/Products/Debug-iphonesimulator/React-featureflags\"\ \"/Users/antoniogrillo-balen/Library/Developer/Xcode/DerivedData/risebysolis-gzfsziqwziaggpcbgdowmssiasmi/Build/Products/Debug-iphonesimulator/React-graphics\"\ \"/Users/antoniogrillo-balen/Library/Developer/Xcode/DerivedData/risebysolis-gzfsziqwziaggpcbgdowmssiasmi/Build/Products/Debug-iphonesimulator/React-hermes\"\ \"/Users/antoniogrillo-balen/Library/Developer/Xcode/DerivedData/risebysolis-gzfsziqwziaggpcbgdowmssiasmi/Build/Products/Debug-iphonesimulator/React-jsi\"\ \"/Users/antoniogrillo-balen/Library/Developer/Xcode/DerivedData/risebysolis-gzfsziqwziaggpcbgdowmssiasmi/Build/Products/Debug-iphonesimulator/React-jsiexecutor\"\ \"/Users/antoniogrillo-balen/Library/Developer/Xcode/DerivedData/risebysolis-gzfsziqwziaggpcbgdowmssiasmi/Build/Products/Debug-iphonesimulator/React-jsinspector\"\ \"/Users/antoniogrillo-balen/Library/Developer/Xcode/DerivedData/risebysolis-gzfsziqwziaggpcbgdowmssiasmi/Build/Products/Debug-iphonesimulator/React-logger\"\ \"/Users/antoniogrillo-balen/Library/Developer/Xcode/DerivedData/risebysolis-gzfsziqwziaggpcbgdowmssiasmi/Build/Products/Debug-iphonesimulator/React-perflogger\"\ \"/Users/antoniogrillo-balen/Library/Developer/Xcode/DerivedData/risebysolis-gzfsziqwziaggpcbgdowmssiasmi/Build/Products/Debug-iphonesimulator/React-performancetimeline\"\ \"/Users/antoniogrillo-balen/Library/Developer/Xcode/DerivedData/risebysolis-gzfsziqwziaggpcbgdowmssiasmi/Build/Products/Debug-iphonesimulator/React-rendererconsistency\"\ \"/Users/antoniogrillo-balen/Library/Developer/Xcode/DerivedData/risebysolis-gzfsziqwziaggpcbgdowmssiasmi/Build/Products/Debug-iphonesimulator/React-rendererdebug\"\ \"/Users/antoniogrillo-balen/Library/Developer/Xcode/DerivedData/risebysolis-gzfsziqwziaggpcbgdowmssiasmi/Build/Products/Debug-iphonesimulator/React-runtimescheduler\"\ \"/Users/antoniogrillo-balen/Library/Developer/Xcode/DerivedData/risebysolis-gzfsziqwziaggpcbgdowmssiasmi/Build/Products/Debug-iphonesimulator/React-utils\"\ \"/Users/antoniogrillo-balen/Library/Developer/Xcode/DerivedData/risebysolis-gzfsziqwziaggpcbgdowmssiasmi/Build/Products/Debug-iphonesimulator/ReactCommon\"\ \"/Users/antoniogrillo-balen/Library/Developer/Xcode/DerivedData/risebysolis-gzfsziqwziaggpcbgdowmssiasmi/Build/Products/Debug-iphonesimulator/SocketRocket\"\ \"/Users/antoniogrillo-balen/Library/Developer/Xcode/DerivedData/risebysolis-gzfsziqwziaggpcbgdowmssiasmi/Build/Products/Debug-iphonesimulator/Yoga\"\ \"/Users/antoniogrillo-balen/Library/Developer/Xcode/DerivedData/risebysolis-gzfsziqwziaggpcbgdowmssiasmi/Build/Products/Debug-iphonesimulator/fmt\"\ \"/Users/antoniogrillo-balen/Library/Developer/Xcode/DerivedData/risebysolis-gzfsziqwziaggpcbgdowmssiasmi/Build/Products/Debug-iphonesimulator/glog\"\ \"/Users/antoniogrillo-balen/Desktop/Projects/RiseBuild/ios/Pods/hermes-engine/destroot/Library/Frameworks/universal\"\ \"/Users/antoniogrillo-balen/Library/Developer/Xcode/DerivedData/risebysolis-gzfsziqwziaggpcbgdowmssiasmi/Build/Products/Debug-iphonesimulator/XCFrameworkIntermediates/hermes-engine/Pre-built\"
    export FRAMEWORK_VERSION\=A
    export FULL_PRODUCT_NAME\=ReactCodegen.framework
    export FUSE_BUILD_PHASES\=YES
    export FUSE_BUILD_SCRIPT_PHASES\=NO
    export GCC3_VERSION\=3.3
    export GCC_C_LANGUAGE_STANDARD\=gnu11
    export GCC_DYNAMIC_NO_PIC\=NO
    export GCC_INLINES_ARE_PRIVATE_EXTERN\=YES
    export GCC_NO_COMMON_BLOCKS\=YES
    export GCC_OBJC_LEGACY_DISPATCH\=YES
    export GCC_OPTIMIZATION_LEVEL\=0
    export GCC_PFE_FILE_C_DIALECTS\=c\ objective-c\ c++\ objective-c++
    export GCC_PREFIX_HEADER\=Target\ Support\ Files/ReactCodegen/ReactCodegen-prefix.pch
    export GCC_PREPROCESSOR_DEFINITIONS\=POD_CONFIGURATION_DEBUG\=1\ DEBUG\=1\ \ COCOAPODS\=1
    export GCC_TREAT_WARNINGS_AS_ERRORS\=NO
    export GCC_VERSION\=com.apple.compilers.llvm.clang.1_0
    export GCC_VERSION_IDENTIFIER\=com_apple_compilers_llvm_clang_1_0
    export GCC_WARN_64_TO_32_BIT_CONVERSION\=YES
    export GCC_WARN_ABOUT_RETURN_TYPE\=YES_ERROR
    export GCC_WARN_UNDECLARED_SELECTOR\=YES
    export GCC_WARN_UNINITIALIZED_AUTOS\=YES_AGGRESSIVE
    export GCC_WARN_UNUSED_FUNCTION\=YES
    export GCC_WARN_UNUSED_VARIABLE\=YES
    export GENERATED_MODULEMAP_DIR\=/Users/antoniogrillo-balen/Library/Developer/Xcode/DerivedData/risebysolis-gzfsziqwziaggpcbgdowmssiasmi/Build/Intermediates.noindex/GeneratedModuleMaps-iphonesimulator
    export GENERATE_INFOPLIST_FILE\=NO
    export GENERATE_INTERMEDIATE_TEXT_BASED_STUBS\=YES
    export GENERATE_PKGINFO_FILE\=NO
    export GENERATE_PRELINK_OBJECT_FILE\=NO
    export GENERATE_PROFILING_CODE\=NO
    export GENERATE_TEXT_BASED_STUBS\=NO
    export GID\=20
    export GROUP\=staff
    export HEADERMAP_INCLUDES_FLAT_ENTRIES_FOR_TARGET_BEING_BUILT\=YES
    export HEADERMAP_INCLUDES_FRAMEWORK_ENTRIES_FOR_ALL_PRODUCT_TYPES\=YES
    export HEADERMAP_INCLUDES_FRAMEWORK_ENTRIES_FOR_TARGETS_NOT_BEING_BUILT\=YES
    export HEADERMAP_INCLUDES_NONPUBLIC_NONPRIVATE_HEADERS\=YES
    export HEADERMAP_INCLUDES_PROJECT_HEADERS\=YES
    export HEADERMAP_USES_FRAMEWORK_PREFIX_ENTRIES\=YES
    export HEADERMAP_USES_VFS\=YES
    export HEADER_SEARCH_PATHS\=/Users/antoniogrillo-balen/Library/Developer/Xcode/DerivedData/risebysolis-gzfsziqwziaggpcbgdowmssiasmi/Build/Products/Debug-iphonesimulator/ReactCodegen/include\ \ /Users/antoniogrillo-balen/Library/Developer/Xcode/DerivedData/risebysolis-gzfsziqwziaggpcbgdowmssiasmi/Build/Products/Debug-iphonesimulator/ReactCommon/ReactCommon.framework/Headers\ /Users/antoniogrillo-balen/Library/Developer/Xcode/DerivedData/risebysolis-gzfsziqwziaggpcbgdowmssiasmi/Build/Products/Debug-iphonesimulator/ReactCommon/ReactCommon.framework/Headers/react/nativemodule/core\ /Users/antoniogrillo-balen/Library/Developer/Xcode/DerivedData/risebysolis-gzfsziqwziaggpcbgdowmssiasmi/Build/Products/Debug-iphonesimulator/ReactCommon-Samples/ReactCommon_Samples.framework/Headers\ /Users/antoniogrillo-balen/Library/Developer/Xcode/DerivedData/risebysolis-gzfsziqwziaggpcbgdowmssiasmi/Build/Products/Debug-iphonesimulator/ReactCommon-Samples/ReactCommon_Samples.framework/Headers/platform/ios\ /Users/antoniogrillo-balen/Library/Developer/Xcode/DerivedData/risebysolis-gzfsziqwziaggpcbgdowmssiasmi/Build/Products/Debug-iphonesimulator/React-Fabric/React_Fabric.framework/Headers/react/renderer/components/view/platform/cxx\ /Users/antoniogrillo-balen/Library/Developer/Xcode/DerivedData/risebysolis-gzfsziqwziaggpcbgdowmssiasmi/Build/Products/Debug-iphonesimulator/React-NativeModulesApple/React_NativeModulesApple.framework/Headers\ /Users/antoniogrillo-balen/Library/Developer/Xcode/DerivedData/risebysolis-gzfsziqwziaggpcbgdowmssiasmi/Build/Products/Debug-iphonesimulator/React-graphics/React_graphics.framework/Headers\ /Users/antoniogrillo-balen/Library/Developer/Xcode/DerivedData/risebysolis-gzfsziqwziaggpcbgdowmssiasmi/Build/Products/Debug-iphonesimulator/React-graphics/React_graphics.framework/Headers/react/renderer/graphics/platform/ios\ \"/Users/antoniogrillo-balen/Desktop/Projects/RiseBuild/ios/Pods/Headers/Public\"\ \"/Users/antoniogrillo-balen/Desktop/Projects/RiseBuild/ios/Pods/Headers/Public/FBLazyVector\"\ \"/Users/antoniogrillo-balen/Desktop/Projects/RiseBuild/ios/Pods/Headers/Public/RCTRequired\"\ \"/Users/antoniogrillo-balen/Desktop/Projects/RiseBuild/ios/Pods/Headers/Public/React-callinvoker\"\ \"/Users/antoniogrillo-balen/Desktop/Projects/RiseBuild/ios/Pods/Headers/Public/React-runtimeexecutor\"\ \"/Users/antoniogrillo-balen/Desktop/Projects/RiseBuild/ios/Pods/Headers/Public/React-timing\"\ \"/Users/antoniogrillo-balen/Desktop/Projects/RiseBuild/ios/Pods/Headers/Public/boost\"\ \"/Users/antoniogrillo-balen/Desktop/Projects/RiseBuild/ios/Pods/Headers/Public/fast_float\"\ \"/Users/antoniogrillo-balen/Desktop/Projects/RiseBuild/ios/Pods/Headers/Public/hermes-engine\"\ \"/Users/antoniogrillo-balen/Desktop/Projects/RiseBuild/ios/Pods/boost\"\ \"/Users/antoniogrillo-balen/Desktop/Projects/RiseBuild/ios/Pods/RCT-Folly\"\ \"/Users/antoniogrillo-balen/Desktop/Projects/RiseBuild/ios/Pods/DoubleConversion\"\ \"/Users/antoniogrillo-balen/Desktop/Projects/RiseBuild/ios/Pods/fast_float/include\"\ \"/Users/antoniogrillo-balen/Desktop/Projects/RiseBuild/ios/Pods/fmt/include\"\ \"/Users/antoniogrillo-balen/Desktop/Projects/RiseBuild/ios/Pods/Headers/Public/ReactCodegen/react/renderer/components\"\ \"/Users/antoniogrillo-balen/Desktop/Projects/RiseBuild/ios/Pods/Headers/Private/React-Fabric\"\ \"/Users/antoniogrillo-balen/Desktop/Projects/RiseBuild/ios/Pods/Headers/Private/React-RCTFabric\"\ \"/Users/antoniogrillo-balen/Desktop/Projects/RiseBuild/ios/Pods/Headers/Private/Yoga\"\ \"/Users/antoniogrillo-balen/Desktop/Projects/RiseBuild/ios/Pods/../build/generated/ios\"\ \"/Users/antoniogrillo-balen/Library/Developer/Xcode/DerivedData/risebysolis-gzfsziqwziaggpcbgdowmssiasmi/Build/Products/Debug-iphonesimulator/React-Fabric/React_Fabric.framework/Headers\"\ \"/Users/antoniogrillo-balen/Library/Developer/Xcode/DerivedData/risebysolis-gzfsziqwziaggpcbgdowmssiasmi/Build/Products/Debug-iphonesimulator/React-Fabric/React_Fabric.framework/Headers/react/renderer/components/view/platform/cxx\"\ \"/Users/antoniogrillo-balen/Library/Developer/Xcode/DerivedData/risebysolis-gzfsziqwziaggpcbgdowmssiasmi/Build/Products/Debug-iphonesimulator/React-FabricImage/React_FabricImage.framework/Headers\"\ \"/Users/antoniogrillo-balen/Library/Developer/Xcode/DerivedData/risebysolis-gzfsziqwziaggpcbgdowmssiasmi/Build/Products/Debug-iphonesimulator/React-graphics/React_graphics.framework/Headers\"\ \"/Users/antoniogrillo-balen/Library/Developer/Xcode/DerivedData/risebysolis-gzfsziqwziaggpcbgdowmssiasmi/Build/Products/Debug-iphonesimulator/React-graphics/React_graphics.framework/Headers/react/renderer/graphics/platform/ios\"\ \"/Users/antoniogrillo-balen/Library/Developer/Xcode/DerivedData/risebysolis-gzfsziqwziaggpcbgdowmssiasmi/Build/Products/Debug-iphonesimulator/ReactCommon/ReactCommon.framework/Headers\"\ \"/Users/antoniogrillo-balen/Library/Developer/Xcode/DerivedData/risebysolis-gzfsziqwziaggpcbgdowmssiasmi/Build/Products/Debug-iphonesimulator/ReactCommon/ReactCommon.framework/Headers/react/nativemodule/core\"\ \"/Users/antoniogrillo-balen/Library/Developer/Xcode/DerivedData/risebysolis-gzfsziqwziaggpcbgdowmssiasmi/Build/Products/Debug-iphonesimulator/React-NativeModulesApple/React_NativeModulesApple.framework/Headers\"\ \"/Users/antoniogrillo-balen/Library/Developer/Xcode/DerivedData/risebysolis-gzfsziqwziaggpcbgdowmssiasmi/Build/Products/Debug-iphonesimulator/React-RCTFabric/RCTFabric.framework/Headers\"\ \"/Users/antoniogrillo-balen/Library/Developer/Xcode/DerivedData/risebysolis-gzfsziqwziaggpcbgdowmssiasmi/Build/Products/Debug-iphonesimulator/React-debug/React_debug.framework/Headers\"\ \"/Users/antoniogrillo-balen/Library/Developer/Xcode/DerivedData/risebysolis-gzfsziqwziaggpcbgdowmssiasmi/Build/Products/Debug-iphonesimulator/React-rendererdebug/React_rendererdebug.framework/Headers\"\ \"/Users/antoniogrillo-balen/Library/Developer/Xcode/DerivedData/risebysolis-gzfsziqwziaggpcbgdowmssiasmi/Build/Products/Debug-iphonesimulator/React-utils/React_utils.framework/Headers\"\ \"/Users/antoniogrillo-balen/Library/Developer/Xcode/DerivedData/risebysolis-gzfsziqwziaggpcbgdowmssiasmi/Build/Products/Debug-iphonesimulator/React-featureflags/React_featureflags.framework/Headers\"
    export HOME\=/Users/antoniogrillo-balen
    export HOST_ARCH\=arm64
    export HOST_PLATFORM\=macosx
    export ICONV\=/usr/bin/iconv
    export IMPLICIT_DEPENDENCY_DOMAIN\=default
    export INDEX_STORE_COMPRESS\=NO
    export INDEX_STORE_ONLY_PROJECT_FILES\=NO
    export INFOPLIST_ENABLE_CFBUNDLEICONS_MERGE\=YES
    export INFOPLIST_EXPAND_BUILD_SETTINGS\=YES
    export INFOPLIST_FILE\=Target\ Support\ Files/ReactCodegen/ReactCodegen-Info.plist
    export INFOPLIST_OUTPUT_FORMAT\=binary
    export INFOPLIST_PATH\=ReactCodegen.framework/Info.plist
    export INFOPLIST_PREPROCESS\=NO
    export INFOSTRINGS_PATH\=ReactCodegen.framework/en.lproj/InfoPlist.strings
    export INLINE_PRIVATE_FRAMEWORKS\=NO
    export INSTALLAPI_IGNORE_SKIP_INSTALL\=YES
    export INSTALLHDRS_COPY_PHASE\=NO
    export INSTALLHDRS_SCRIPT_PHASE\=NO
    export INSTALL_DIR\=/tmp/Pods.dst/Library/Frameworks
    export INSTALL_GROUP\=staff
    export INSTALL_MODE_FLAG\=u+w,go-w,a+rX
    export INSTALL_OWNER\=antoniogrillo-balen
    export INSTALL_PATH\=/Library/Frameworks
    export INSTALL_ROOT\=/tmp/Pods.dst
    export IPHONEOS_DEPLOYMENT_TARGET\=15.1
    export IS_UNOPTIMIZED_BUILD\=YES
    export JAVAC_DEFAULT_FLAGS\=-J-Xms64m\ -J-XX:NewSize\=4M\ -J-Dfile.encoding\=UTF8
    export JAVA_APP_STUB\=/System/Library/Frameworks/JavaVM.framework/Resources/MacOS/JavaApplicationStub
    export JAVA_ARCHIVE_CLASSES\=YES
    export JAVA_ARCHIVE_TYPE\=JAR
    export JAVA_COMPILER\=/usr/bin/javac
    export JAVA_FOLDER_PATH\=ReactCodegen.framework/Java
    export JAVA_FRAMEWORK_RESOURCES_DIRS\=Resources
    export JAVA_JAR_FLAGS\=cv
    export JAVA_SOURCE_SUBDIR\=.
    export JAVA_USE_DEPENDENCIES\=YES
    export JAVA_ZIP_FLAGS\=-urg
    export JIKES_DEFAULT_FLAGS\=+E\ +OLDCSO
    export KEEP_PRIVATE_EXTERNS\=NO
    export LD_DEPENDENCY_INFO_FILE\=/Users/antoniogrillo-balen/Library/Developer/Xcode/DerivedData/risebysolis-gzfsziqwziaggpcbgdowmssiasmi/Build/Intermediates.noindex/Pods.build/Debug-iphonesimulator/ReactCodegen.build/Objects-normal/undefined_arch/ReactCodegen_dependency_info.dat
    export LD_DYLIB_INSTALL_NAME\=@rpath/ReactCodegen.framework/ReactCodegen
    export LD_EXPORT_SYMBOLS\=YES
    export LD_GENERATE_MAP_FILE\=NO
    export LD_MAP_FILE_PATH\=/Users/antoniogrillo-balen/Library/Developer/Xcode/DerivedData/risebysolis-gzfsziqwziaggpcbgdowmssiasmi/Build/Intermediates.noindex/Pods.build/Debug-iphonesimulator/ReactCodegen.build/ReactCodegen-LinkMap-normal-undefined_arch.txt
    export LD_NO_PIE\=NO
    export LD_QUOTE_LINKER_ARGUMENTS_FOR_COMPILER_DRIVER\=YES
    export LD_RUNPATH_SEARCH_PATHS\=\ @executable_path/Frameworks\ @loader_path/Frameworks
    export LD_SHARED_CACHE_ELIGIBLE\=Automatic
    export LD_WARN_DUPLICATE_LIBRARIES\=NO
    export LD_WARN_UNUSED_DYLIBS\=NO
    export LEGACY_DEVELOPER_DIR\=/Applications/Xcode.app/Contents/PlugIns/Xcode3Core.ideplugin/Contents/SharedSupport/Developer
    export LEX\=lex
    export LIBRARY_DEXT_INSTALL_PATH\=/Library/DriverExtensions
    export LIBRARY_FLAG_NOSPACE\=YES
    export LIBRARY_FLAG_PREFIX\=-l
    export LIBRARY_KEXT_INSTALL_PATH\=/Library/Extensions
    export LIBRARY_SEARCH_PATHS\=/Users/antoniogrillo-balen/Library/Developer/Xcode/DerivedData/risebysolis-gzfsziqwziaggpcbgdowmssiasmi/Build/Products/Debug-iphonesimulator/ReactCodegen\ 
    export LINKER_DISPLAYS_MANGLED_NAMES\=NO
    export LINK_FILE_LIST_normal_arm64\=/Users/antoniogrillo-balen/Library/Developer/Xcode/DerivedData/risebysolis-gzfsziqwziaggpcbgdowmssiasmi/Build/Intermediates.noindex/Pods.build/Debug-iphonesimulator/ReactCodegen.build/Objects-normal/arm64/ReactCodegen.LinkFileList
    export LINK_OBJC_RUNTIME\=YES
    export LINK_WITH_STANDARD_LIBRARIES\=YES
    export LLVM_TARGET_TRIPLE_OS_VERSION\=ios15.1
    export LLVM_TARGET_TRIPLE_SUFFIX\=-simulator
    export LLVM_TARGET_TRIPLE_VENDOR\=apple
    export LM_AUX_CONST_METADATA_LIST_PATH_normal_arm64\=/Users/antoniogrillo-balen/Library/Developer/Xcode/DerivedData/risebysolis-gzfsziqwziaggpcbgdowmssiasmi/Build/Intermediates.noindex/Pods.build/Debug-iphonesimulator/ReactCodegen.build/Objects-normal/arm64/ReactCodegen.SwiftConstValuesFileList
    export LOCALIZATION_EXPORT_SUPPORTED\=YES
    export LOCALIZATION_PREFERS_STRING_CATALOGS\=NO
    export LOCALIZED_RESOURCES_FOLDER_PATH\=ReactCodegen.framework/en.lproj
    export LOCALIZED_STRING_CODE_COMMENTS\=NO
    export LOCALIZED_STRING_MACRO_NAMES\=NSLocalizedString\ CFCopyLocalizedString
    export LOCALIZED_STRING_SWIFTUI_SUPPORT\=YES
    export LOCAL_ADMIN_APPS_DIR\=/Applications/Utilities
    export LOCAL_APPS_DIR\=/Applications
    export LOCAL_DEVELOPER_DIR\=/Library/Developer
    export LOCAL_LIBRARY_DIR\=/Library
    export LOCROOT\=/Users/antoniogrillo-balen/Desktop/Projects/RiseBuild/ios/Pods
    export LOCSYMROOT\=/Users/antoniogrillo-balen/Desktop/Projects/RiseBuild/ios/Pods
    export MACH_O_TYPE\=staticlib
    export MAC_OS_X_PRODUCT_BUILD_VERSION\=25E253
    export MAC_OS_X_VERSION_ACTUAL\=260401
    export MAC_OS_X_VERSION_MAJOR\=260000
    export MAC_OS_X_VERSION_MINOR\=260400
    export MAKE_MERGEABLE\=NO
    export MERGEABLE_LIBRARY\=NO
    export MERGED_BINARY_TYPE\=none
    export MERGE_LINKED_LIBRARIES\=NO
    export METAL_LIBRARY_FILE_BASE\=default
    export METAL_LIBRARY_OUTPUT_DIR\=/Users/antoniogrillo-balen/Library/Developer/Xcode/DerivedData/risebysolis-gzfsziqwziaggpcbgdowmssiasmi/Build/Products/Debug-iphonesimulator/ReactCodegen/ReactCodegen.framework
    export MODULEMAP_FILE\=Target\ Support\ Files/ReactCodegen/ReactCodegen.modulemap
    export MODULES_FOLDER_PATH\=ReactCodegen.framework/Modules
    export MODULE_CACHE_DIR\=/Users/antoniogrillo-balen/Library/Developer/Xcode/DerivedData/ModuleCache.noindex
    export MTL_ENABLE_DEBUG_INFO\=INCLUDE_SOURCE
    export MTL_FAST_MATH\=YES
    export NATIVE_ARCH\=arm64
    export NATIVE_ARCH_32_BIT\=arm
    export NATIVE_ARCH_64_BIT\=arm64
    export NATIVE_ARCH_ACTUAL\=arm64
    export NO_COMMON\=YES
    export OBJC_ABI_VERSION\=2
    export OBJECT_FILE_DIR\=/Users/antoniogrillo-balen/Library/Developer/Xcode/DerivedData/risebysolis-gzfsziqwziaggpcbgdowmssiasmi/Build/Intermediates.noindex/Pods.build/Debug-iphonesimulator/ReactCodegen.build/Objects
    export OBJECT_FILE_DIR_normal\=/Users/antoniogrillo-balen/Library/Developer/Xcode/DerivedData/risebysolis-gzfsziqwziaggpcbgdowmssiasmi/Build/Intermediates.noindex/Pods.build/Debug-iphonesimulator/ReactCodegen.build/Objects-normal
    export OBJROOT\=/Users/antoniogrillo-balen/Library/Developer/Xcode/DerivedData/risebysolis-gzfsziqwziaggpcbgdowmssiasmi/Build/Intermediates.noindex
    export ONLY_ACTIVE_ARCH\=YES
    export OS\=MACOS
    export OSAC\=/usr/bin/osacompile
    export OTHER_LDFLAGS\=\ \ 
    export PACKAGE_TYPE\=com.apple.package-type.wrapper.framework
    export PASCAL_STRINGS\=YES
    export PATH\=/Applications/Xcode.app/Contents/SharedFrameworks/SwiftBuild.framework/Versions/A/PlugIns/SWBBuildService.bundle/Contents/PlugIns/SWBUniversalPlatformPlugin.bundle/Contents/Frameworks/SWBUniversalPlatform.framework/Resources:/Applications/Xcode.app/Contents/Developer/Toolchains/XcodeDefault.xctoolchain/usr/bin:/Applications/Xcode.app/Contents/Developer/Toolchains/XcodeDefault.xctoolchain/usr/local/bin:/Applications/Xcode.app/Contents/Developer/Toolchains/XcodeDefault.xctoolchain/usr/libexec:/Applications/Xcode.app/Contents/Developer/Platforms/iPhoneSimulator.platform/usr/bin:/Applications/Xcode.app/Contents/Developer/Platforms/iPhoneSimulator.platform/usr/local/bin:/Applications/Xcode.app/Contents/Developer/Platforms/iPhoneSimulator.platform/Developer/usr/bin:/Applications/Xcode.app/Contents/Developer/Platforms/iPhoneSimulator.platform/Developer/usr/local/bin:/Applications/Xcode.app/Contents/Developer/usr/bin:/Applications/Xcode.app/Contents/Developer/usr/local/bin:/opt/homebrew/opt/ruby/bin:/opt/homebrew/lib/ruby/gems/4.0.0/bin:/opt/homebrew/bin:/opt/homebrew/sbin:/Users/antoniogrillo-balen/.nvm/versions/node/v24.14.1/bin:/Library/Frameworks/Python.framework/Versions/3.14/bin:/usr/local/bin:/System/Cryptexes/App/usr/bin:/usr/bin:/bin:/usr/sbin:/sbin:/var/run/com.apple.security.cryptexd/codex.system/bootstrap/usr/local/bin:/var/run/com.apple.security.cryptexd/codex.system/bootstrap/usr/bin:/var/run/com.apple.security.cryptexd/codex.system/bootstrap/usr/appleinternal/bin:/opt/pkg/env/active/bin:/opt/pmk/env/global/bin:/Library/Apple/usr/bin:/Applications/VMware\ Fusion.app/Contents/Public:/Users/antoniogrillo-balen/.cargo/bin:/Users/antoniogrillo-balen/.cache/plugins/.install-staging/25283474a0e0d4a060cb0e915c1ec54e3d41ef2e/cursor/repo/bin:/Users/antoniogrillo-balen/.claude/plugins/cache/claude-plugins-official/superpowers/5.1.0/bin:/Users/antoniogrillo-balen/.claude/plugins/cache/claude-plugins-official/frontend-design/unknown/bin:/Users/antoniogrillo-balen/.claude/plugins/cache/claude-plugins-official/code-simplifier/1.0.0/bin:/Users/antoniogrillo-balen/.claude/plugins/cache/claude-plugins-official/security-guidance/unknown/bin:/Users/antoniogrillo-balen/.claude/plugins/cache/thedotmack/claude-mem/12.1.1/bin
    export PATH_PREFIXES_EXCLUDED_FROM_HEADER_DEPENDENCIES\=/usr/include\ /usr/local/include\ /System/Library/Frameworks\ /System/Library/PrivateFrameworks\ /Applications/Xcode.app/Contents/Developer/Headers\ /Applications/Xcode.app/Contents/Developer/SDKs\ /Applications/Xcode.app/Contents/Developer/Platforms
    export PBDEVELOPMENTPLIST_PATH\=ReactCodegen.framework/pbdevelopment.plist
    export PER_ARCH_MODULE_FILE_DIR\=/Users/antoniogrillo-balen/Library/Developer/Xcode/DerivedData/risebysolis-gzfsziqwziaggpcbgdowmssiasmi/Build/Intermediates.noindex/Pods.build/Debug-iphonesimulator/ReactCodegen.build/Objects-normal/undefined_arch
    export PER_ARCH_OBJECT_FILE_DIR\=/Users/antoniogrillo-balen/Library/Developer/Xcode/DerivedData/risebysolis-gzfsziqwziaggpcbgdowmssiasmi/Build/Intermediates.noindex/Pods.build/Debug-iphonesimulator/ReactCodegen.build/Objects-normal/undefined_arch
    export PER_VARIANT_OBJECT_FILE_DIR\=/Users/antoniogrillo-balen/Library/Developer/Xcode/DerivedData/risebysolis-gzfsziqwziaggpcbgdowmssiasmi/Build/Intermediates.noindex/Pods.build/Debug-iphonesimulator/ReactCodegen.build/Objects-normal
    export PKGINFO_FILE_PATH\=/Users/antoniogrillo-balen/Library/Developer/Xcode/DerivedData/risebysolis-gzfsziqwziaggpcbgdowmssiasmi/Build/Intermediates.noindex/Pods.build/Debug-iphonesimulator/ReactCodegen.build/PkgInfo
    export PKGINFO_PATH\=ReactCodegen.framework/PkgInfo
    export PLATFORM_DEVELOPER_APPLICATIONS_DIR\=/Applications/Xcode.app/Contents/Developer/Platforms/iPhoneSimulator.platform/Developer/Applications
    export PLATFORM_DEVELOPER_BIN_DIR\=/Applications/Xcode.app/Contents/Developer/Platforms/iPhoneSimulator.platform/Developer/usr/bin
    export PLATFORM_DEVELOPER_LIBRARY_DIR\=/Applications/Xcode.app/Contents/Developer/Platforms/iPhoneSimulator.platform/Developer/Library
    export PLATFORM_DEVELOPER_SDK_DIR\=/Applications/Xcode.app/Contents/Developer/Platforms/iPhoneSimulator.platform/Developer/SDKs
    export PLATFORM_DEVELOPER_TOOLS_DIR\=/Applications/Xcode.app/Contents/Developer/Platforms/iPhoneSimulator.platform/Developer/Tools
    export PLATFORM_DEVELOPER_USR_DIR\=/Applications/Xcode.app/Contents/Developer/Platforms/iPhoneSimulator.platform/Developer/usr
    export PLATFORM_DIR\=/Applications/Xcode.app/Contents/Developer/Platforms/iPhoneSimulator.platform
    export PLATFORM_DISPLAY_NAME\=iOS\ Simulator
    export PLATFORM_FAMILY_NAME\=iOS
    export PLATFORM_NAME\=iphonesimulator
    export PLATFORM_PREFERRED_ARCH\=x86_64
    export PLATFORM_PRODUCT_BUILD_VERSION\=23F73
    export PLATFORM_REQUIRES_SWIFT_AUTOLINK_EXTRACT\=NO
    export PLATFORM_REQUIRES_SWIFT_MODULEWRAP\=NO
    export PLATFORM_USES_DSYMS\=YES
    export PLIST_FILE_OUTPUT_FORMAT\=binary
    export PLUGINS_FOLDER_PATH\=ReactCodegen.framework/PlugIns
    export PODS_BUILD_DIR\=/Users/antoniogrillo-balen/Library/Developer/Xcode/DerivedData/risebysolis-gzfsziqwziaggpcbgdowmssiasmi/Build/Products
    export PODS_CONFIGURATION_BUILD_DIR\=/Users/antoniogrillo-balen/Library/Developer/Xcode/DerivedData/risebysolis-gzfsziqwziaggpcbgdowmssiasmi/Build/Products/Debug-iphonesimulator
    export PODS_DEVELOPMENT_LANGUAGE\=en
    export PODS_ROOT\=/Users/antoniogrillo-balen/Desktop/Projects/RiseBuild/ios/Pods
    export PODS_TARGET_SRCROOT\=/Users/antoniogrillo-balen/Desktop/Projects/RiseBuild/ios/Pods/../build/generated/ios
    export PODS_XCFRAMEWORKS_BUILD_DIR\=/Users/antoniogrillo-balen/Library/Developer/Xcode/DerivedData/risebysolis-gzfsziqwziaggpcbgdowmssiasmi/Build/Products/Debug-iphonesimulator/XCFrameworkIntermediates
    export PRECOMPS_INCLUDE_HEADERS_FROM_BUILT_PRODUCTS_DIR\=YES
    export PRECOMP_DESTINATION_DIR\=/Users/antoniogrillo-balen/Library/Developer/Xcode/DerivedData/risebysolis-gzfsziqwziaggpcbgdowmssiasmi/Build/Intermediates.noindex/Pods.build/Debug-iphonesimulator/ReactCodegen.build/PrefixHeaders
    export PRIVATE_HEADERS_FOLDER_PATH\=ReactCodegen.framework/PrivateHeaders
    export PROCESSED_INFOPLIST_PATH\=/Users/antoniogrillo-balen/Library/Developer/Xcode/DerivedData/risebysolis-gzfsziqwziaggpcbgdowmssiasmi/Build/Intermediates.noindex/Pods.build/Debug-iphonesimulator/ReactCodegen.build/Objects-normal/undefined_arch/Processed-Info.plist
    export PRODUCT_BUNDLE_IDENTIFIER\=org.cocoapods.ReactCodegen
    export PRODUCT_BUNDLE_PACKAGE_TYPE\=FMWK
    export PRODUCT_MODULE_NAME\=ReactCodegen
    export PRODUCT_NAME\=ReactCodegen
    export PRODUCT_SETTINGS_PATH\=/Users/antoniogrillo-balen/Desktop/Projects/RiseBuild/ios/Pods/Target\ Support\ Files/ReactCodegen/ReactCodegen-Info.plist
    export PRODUCT_TYPE\=com.apple.product-type.framework
    export PROFILING_CODE\=NO
    export PROJECT\=Pods
    export PROJECT_DERIVED_FILE_DIR\=/Users/antoniogrillo-balen/Library/Developer/Xcode/DerivedData/risebysolis-gzfsziqwziaggpcbgdowmssiasmi/Build/Intermediates.noindex/Pods.build/DerivedSources
    export PROJECT_DIR\=/Users/antoniogrillo-balen/Desktop/Projects/RiseBuild/ios/Pods
    export PROJECT_FILE_PATH\=/Users/antoniogrillo-balen/Desktop/Projects/RiseBuild/ios/Pods/Pods.xcodeproj
    export PROJECT_GUID\=8699adb1dd336b26511df848a716bd42
    export PROJECT_NAME\=Pods
    export PROJECT_TEMP_DIR\=/Users/antoniogrillo-balen/Library/Developer/Xcode/DerivedData/risebysolis-gzfsziqwziaggpcbgdowmssiasmi/Build/Intermediates.noindex/Pods.build
    export PROJECT_TEMP_ROOT\=/Users/antoniogrillo-balen/Library/Developer/Xcode/DerivedData/risebysolis-gzfsziqwziaggpcbgdowmssiasmi/Build/Intermediates.noindex
    export PUBLIC_HEADERS_FOLDER_PATH\=ReactCodegen.framework/Headers
    export REACT_NATIVE_PATH\=/Users/antoniogrillo-balen/Desktop/Projects/RiseBuild/ios/Pods/../../node_modules/react-native
    export RECOMMENDED_IPHONEOS_DEPLOYMENT_TARGET\=15.0
    export RECURSIVE_SEARCH_PATHS_FOLLOW_SYMLINKS\=YES
    export REMOVE_CVS_FROM_RESOURCES\=YES
    export REMOVE_GIT_FROM_RESOURCES\=YES
    export REMOVE_HEADERS_FROM_EMBEDDED_BUNDLES\=YES
    export REMOVE_HG_FROM_RESOURCES\=YES
    export REMOVE_STATIC_EXECUTABLES_FROM_EMBEDDED_BUNDLES\=YES
    export REMOVE_SVN_FROM_RESOURCES\=YES
    export RESCHEDULE_INDEPENDENT_HEADERS_PHASES\=YES
    export REZ_COLLECTOR_DIR\=/Users/antoniogrillo-balen/Library/Developer/Xcode/DerivedData/risebysolis-gzfsziqwziaggpcbgdowmssiasmi/Build/Intermediates.noindex/Pods.build/Debug-iphonesimulator/ReactCodegen.build/ResourceManagerResources
    export REZ_OBJECTS_DIR\=/Users/antoniogrillo-balen/Library/Developer/Xcode/DerivedData/risebysolis-gzfsziqwziaggpcbgdowmssiasmi/Build/Intermediates.noindex/Pods.build/Debug-iphonesimulator/ReactCodegen.build/ResourceManagerResources/Objects
    export REZ_SEARCH_PATHS\=/Users/antoniogrillo-balen/Library/Developer/Xcode/DerivedData/risebysolis-gzfsziqwziaggpcbgdowmssiasmi/Build/Products/Debug-iphonesimulator/ReactCodegen\ 
    export RPATH_ORIGIN\=@loader_path
    export RUNTIME_EXCEPTION_ALLOW_DYLD_ENVIRONMENT_VARIABLES\=NO
    export RUNTIME_EXCEPTION_ALLOW_JIT\=NO
    export RUNTIME_EXCEPTION_ALLOW_UNSIGNED_EXECUTABLE_MEMORY\=NO
    export RUNTIME_EXCEPTION_DEBUGGING_TOOL\=NO
    export RUNTIME_EXCEPTION_DISABLE_EXECUTABLE_PAGE_PROTECTION\=NO
    export RUNTIME_EXCEPTION_DISABLE_LIBRARY_VALIDATION\=NO
    export SCANNING_PCM_KEEP_CACHE_DIRECTORY\=YES
    export SCAN_ALL_SOURCE_FILES_FOR_INCLUDES\=NO
    export SCRIPTS_FOLDER_PATH\=ReactCodegen.framework/Scripts
    export SCRIPT_INPUT_FILE_COUNT\=0
    export SCRIPT_INPUT_FILE_LIST_COUNT\=0
    export SCRIPT_OUTPUT_FILE_0\=/Users/antoniogrillo-balen/Library/Developer/Xcode/DerivedData/risebysolis-gzfsziqwziaggpcbgdowmssiasmi/Build/Intermediates.noindex/Pods.build/Debug-iphonesimulator/ReactCodegen.build/DerivedSources/react-codegen.log
    export SCRIPT_OUTPUT_FILE_COUNT\=1
    export SCRIPT_OUTPUT_FILE_LIST_COUNT\=0
    export SDKROOT\=/Applications/Xcode.app/Contents/Developer/Platforms/iPhoneSimulator.platform/Developer/SDKs/iPhoneSimulator26.5.sdk
    export SDK_DIR\=/Applications/Xcode.app/Contents/Developer/Platforms/iPhoneSimulator.platform/Developer/SDKs/iPhoneSimulator26.5.sdk
    export SDK_DIR_iphonesimulator\=/Applications/Xcode.app/Contents/Developer/Platforms/iPhoneSimulator.platform/Developer/SDKs/iPhoneSimulator26.5.sdk
    export SDK_DIR_iphonesimulator26_5\=/Applications/Xcode.app/Contents/Developer/Platforms/iPhoneSimulator.platform/Developer/SDKs/iPhoneSimulator26.5.sdk
    export SDK_NAME\=iphonesimulator26.5
    export SDK_NAMES\=iphonesimulator26.5
    export SDK_PRODUCT_BUILD_VERSION\=23F73
    export SDK_STAT_CACHE_DIR\=/Users/antoniogrillo-balen/Library/Developer/Xcode/DerivedData
    export SDK_STAT_CACHE_ENABLE\=YES
    export SDK_STAT_CACHE_PATH\=/Users/antoniogrillo-balen/Library/Developer/Xcode/DerivedData/SDKStatCaches.noindex/iphonesimulator26.5-23F73-6cfe768891a92b912361537c460fe42b.sdkstatcache
    export SDK_VERSION\=26.5
    export SDK_VERSION_ACTUAL\=260500
    export SDK_VERSION_MAJOR\=260000
    export SDK_VERSION_MINOR\=260500
    export SED\=/usr/bin/sed
    export SEPARATE_STRIP\=NO
    export SEPARATE_SYMBOL_EDIT\=NO
    export SET_DIR_MODE_OWNER_GROUP\=YES
    export SET_FILE_MODE_OWNER_GROUP\=NO
    export SHALLOW_BUNDLE\=YES
    export SHALLOW_BUNDLE_TRIPLE\=ios-simulator
    export SHALLOW_BUNDLE_ios_macabi\=NO
    export SHALLOW_BUNDLE_macos\=NO
    export SHARED_DERIVED_FILE_DIR\=/Users/antoniogrillo-balen/Library/Developer/Xcode/DerivedData/risebysolis-gzfsziqwziaggpcbgdowmssiasmi/Build/Products/Debug-iphonesimulator/ReactCodegen/DerivedSources
    export SHARED_FRAMEWORKS_FOLDER_PATH\=ReactCodegen.framework/SharedFrameworks
    export SHARED_PRECOMPS_DIR\=/Users/antoniogrillo-balen/Library/Developer/Xcode/DerivedData/risebysolis-gzfsziqwziaggpcbgdowmssiasmi/Build/Intermediates.noindex/PrecompiledHeaders
    export SHARED_SUPPORT_FOLDER_PATH\=ReactCodegen.framework
    export SKIP_INSTALL\=YES
    export SKIP_MERGEABLE_LIBRARY_BUNDLE_HOOK\=NO
    export SOURCE_ROOT\=/Users/antoniogrillo-balen/Desktop/Projects/RiseBuild/ios/Pods
    export SRCROOT\=/Users/antoniogrillo-balen/Desktop/Projects/RiseBuild/ios/Pods
    export STRINGSDATA_DIR\=/Users/antoniogrillo-balen/Library/Developer/Xcode/DerivedData/risebysolis-gzfsziqwziaggpcbgdowmssiasmi/Build/Intermediates.noindex/Pods.build/Debug-iphonesimulator/ReactCodegen.build/Objects-normal/undefined_arch
    export STRINGSDATA_ROOT\=/Users/antoniogrillo-balen/Library/Developer/Xcode/DerivedData/risebysolis-gzfsziqwziaggpcbgdowmssiasmi/Build/Intermediates.noindex/Pods.build/Debug-iphonesimulator/ReactCodegen.build
    export STRINGS_FILE_INFOPLIST_RENAME\=YES
    export STRINGS_FILE_OUTPUT_ENCODING\=binary
    export STRING_CATALOG_GENERATE_SYMBOLS\=NO
    export STRIP_BITCODE_FROM_COPIED_FILES\=NO
    export STRIP_INSTALLED_PRODUCT\=NO
    export STRIP_STYLE\=debugging
    export STRIP_SWIFT_SYMBOLS\=YES
    export SUPPORTED_DEVICE_FAMILIES\=1,2
    export SUPPORTED_PLATFORMS\=iphoneos\ iphonesimulator
    export SUPPORTS_TEXT_BASED_API\=NO
    export SUPPRESS_WARNINGS\=NO
    export SWIFT_ACTIVE_COMPILATION_CONDITIONS\=\ DEBUG\ 
    export SWIFT_EMIT_CONST_VALUE_PROTOCOLS\=AnyResolverProviding\ AppEntity\ AppEnum\ AppExtension\ AppIntent\ AppIntentsPackage\ AppShortcutProviding\ AppShortcutsProvider\ AppUnionValue\ AppUnionValueCasesProviding\ DynamicOptionsProvider\ EntityQuery\ ExtensionPointDefining\ IntentValueQuery\ Resolver\ TransientEntity\ _AssistantIntentsProvider\ _GenerativeFunctionExtractable\ _IntentValueRepresentable
    export SWIFT_EMIT_LOC_STRINGS\=NO
    export SWIFT_ENABLE_EXPLICIT_MODULES\=YES
    export SWIFT_INSTALL_MODULE_FOR_DEPLOYMENT\=YES
    export SWIFT_INSTALL_OBJC_HEADER\=YES
    export SWIFT_OPTIMIZATION_LEVEL\=-Onone
    export SWIFT_PLATFORM_TARGET_PREFIX\=ios
    export SWIFT_RESPONSE_FILE_PATH_normal_arm64\=/Users/antoniogrillo-balen/Library/Developer/Xcode/DerivedData/risebysolis-gzfsziqwziaggpcbgdowmssiasmi/Build/Intermediates.noindex/Pods.build/Debug-iphonesimulator/ReactCodegen.build/Objects-normal/arm64/ReactCodegen.SwiftFileList
    export SWIFT_VERSION\=5.0
    export SYMROOT\=/Users/antoniogrillo-balen/Library/Developer/Xcode/DerivedData/risebysolis-gzfsziqwziaggpcbgdowmssiasmi/Build/Products
    export SYSTEM_ADMIN_APPS_DIR\=/Applications/Utilities
    export SYSTEM_APPS_DIR\=/Applications
    export SYSTEM_CORE_SERVICES_DIR\=/System/Library/CoreServices
    export SYSTEM_DEMOS_DIR\=/Applications/Extras
    export SYSTEM_DEVELOPER_APPS_DIR\=/Applications/Xcode.app/Contents/Developer/Applications
    export SYSTEM_DEVELOPER_BIN_DIR\=/Applications/Xcode.app/Contents/Developer/usr/bin
    export SYSTEM_DEVELOPER_DEMOS_DIR\=/Applications/Xcode.app/Contents/Developer/Applications/Utilities/Built\ Examples
    export SYSTEM_DEVELOPER_DIR\=/Applications/Xcode.app/Contents/Developer
    export SYSTEM_DEVELOPER_DOC_DIR\=/Applications/Xcode.app/Contents/Developer/ADC\ Reference\ Library
    export SYSTEM_DEVELOPER_GRAPHICS_TOOLS_DIR\=/Applications/Xcode.app/Contents/Developer/Applications/Graphics\ Tools
    export SYSTEM_DEVELOPER_JAVA_TOOLS_DIR\=/Applications/Xcode.app/Contents/Developer/Applications/Java\ Tools
    export SYSTEM_DEVELOPER_PERFORMANCE_TOOLS_DIR\=/Applications/Xcode.app/Contents/Developer/Applications/Performance\ Tools
    export SYSTEM_DEVELOPER_RELEASENOTES_DIR\=/Applications/Xcode.app/Contents/Developer/ADC\ Reference\ Library/releasenotes
    export SYSTEM_DEVELOPER_TOOLS\=/Applications/Xcode.app/Contents/Developer/Tools
    export SYSTEM_DEVELOPER_TOOLS_DOC_DIR\=/Applications/Xcode.app/Contents/Developer/ADC\ Reference\ Library/documentation/DeveloperTools
    export SYSTEM_DEVELOPER_TOOLS_RELEASENOTES_DIR\=/Applications/Xcode.app/Contents/Developer/ADC\ Reference\ Library/releasenotes/DeveloperTools
    export SYSTEM_DEVELOPER_USR_DIR\=/Applications/Xcode.app/Contents/Developer/usr
    export SYSTEM_DEVELOPER_UTILITIES_DIR\=/Applications/Xcode.app/Contents/Developer/Applications/Utilities
    export SYSTEM_DEXT_INSTALL_PATH\=/System/Library/DriverExtensions
    export SYSTEM_DOCUMENTATION_DIR\=/Library/Documentation
    export SYSTEM_EXTENSIONS_FOLDER_PATH\=ReactCodegen.framework/SystemExtensions
    export SYSTEM_EXTENSIONS_FOLDER_PATH_SHALLOW_BUNDLE_NO\=ReactCodegen.framework/Library/SystemExtensions
    export SYSTEM_EXTENSIONS_FOLDER_PATH_SHALLOW_BUNDLE_YES\=ReactCodegen.framework/SystemExtensions
    export SYSTEM_KEXT_INSTALL_PATH\=/System/Library/Extensions
    export SYSTEM_LIBRARY_DIR\=/System/Library
    export TAPI_DEMANGLE\=YES
    export TAPI_ENABLE_PROJECT_HEADERS\=NO
    export TAPI_LANGUAGE\=objective-c
    export TAPI_LANGUAGE_STANDARD\=compiler-default
    export TAPI_USE_SRCROOT\=YES
    export TAPI_VERIFY_MODE\=Pedantic
    export TARGETED_DEVICE_FAMILY\=1,2
    export TARGETNAME\=ReactCodegen
    export TARGET_BUILD_DIR\=/Users/antoniogrillo-balen/Library/Developer/Xcode/DerivedData/risebysolis-gzfsziqwziaggpcbgdowmssiasmi/Build/Products/Debug-iphonesimulator/ReactCodegen
    export TARGET_DEVICE_IDENTIFIER\=0C333F8A-4681-4475-855E-6FFD70F12533
    export TARGET_DEVICE_MODEL\=iPhone16,2
    export TARGET_DEVICE_OS_VERSION\=26.4.1
    export TARGET_DEVICE_PLATFORM_NAME\=iphonesimulator
    export TARGET_NAME\=ReactCodegen
    export TARGET_TEMP_DIR\=/Users/antoniogrillo-balen/Library/Developer/Xcode/DerivedData/risebysolis-gzfsziqwziaggpcbgdowmssiasmi/Build/Intermediates.noindex/Pods.build/Debug-iphonesimulator/ReactCodegen.build
    export TEMP_DIR\=/Users/antoniogrillo-balen/Library/Developer/Xcode/DerivedData/risebysolis-gzfsziqwziaggpcbgdowmssiasmi/Build/Intermediates.noindex/Pods.build/Debug-iphonesimulator/ReactCodegen.build
    export TEMP_FILES_DIR\=/Users/antoniogrillo-balen/Library/Developer/Xcode/DerivedData/risebysolis-gzfsziqwziaggpcbgdowmssiasmi/Build/Intermediates.noindex/Pods.build/Debug-iphonesimulator/ReactCodegen.build
    export TEMP_FILE_DIR\=/Users/antoniogrillo-balen/Library/Developer/Xcode/DerivedData/risebysolis-gzfsziqwziaggpcbgdowmssiasmi/Build/Intermediates.noindex/Pods.build/Debug-iphonesimulator/ReactCodegen.build
    export TEMP_ROOT\=/Users/antoniogrillo-balen/Library/Developer/Xcode/DerivedData/risebysolis-gzfsziqwziaggpcbgdowmssiasmi/Build/Intermediates.noindex
    export TEMP_SANDBOX_DIR\=/Users/antoniogrillo-balen/Library/Developer/Xcode/DerivedData/risebysolis-gzfsziqwziaggpcbgdowmssiasmi/Build/Intermediates.noindex/TemporaryTaskSandboxes
    export TEST_FRAMEWORK_SEARCH_PATHS\=\ /Applications/Xcode.app/Contents/Developer/Platforms/iPhoneSimulator.platform/Developer/Library/Frameworks\ /Applications/Xcode.app/Contents/Developer/Platforms/iPhoneSimulator.platform/Developer/SDKs/iPhoneSimulator26.5.sdk/Developer/Library/Frameworks
    export TEST_LIBRARY_SEARCH_PATHS\=\ /Applications/Xcode.app/Contents/Developer/Platforms/iPhoneSimulator.platform/Developer/usr/lib
    export TOOLCHAINS\=com.apple.dt.toolchain.XcodeDefault
    export TOOLCHAIN_DIR\=/Applications/Xcode.app/Contents/Developer/Toolchains/XcodeDefault.xctoolchain
    export TREAT_MISSING_BASELINES_AS_TEST_FAILURES\=NO
    export TREAT_MISSING_SCRIPT_PHASE_OUTPUTS_AS_ERRORS\=NO
    export TeamIdentifierPrefix\=FAKETEAMID.
    export UID\=501
    export UNINSTALLED_PRODUCTS_DIR\=/Users/antoniogrillo-balen/Library/Developer/Xcode/DerivedData/risebysolis-gzfsziqwziaggpcbgdowmssiasmi/Build/Intermediates.noindex/UninstalledProducts
    export UNLOCALIZED_RESOURCES_FOLDER_PATH\=ReactCodegen.framework
    export UNLOCALIZED_RESOURCES_FOLDER_PATH_SHALLOW_BUNDLE_NO\=ReactCodegen.framework/Resources
    export UNLOCALIZED_RESOURCES_FOLDER_PATH_SHALLOW_BUNDLE_YES\=ReactCodegen.framework
    export UNSTRIPPED_PRODUCT\=NO
    export USER\=antoniogrillo-balen
    export USER_APPS_DIR\=/Users/antoniogrillo-balen/Applications
    export USER_LIBRARY_DIR\=/Users/antoniogrillo-balen/Library
    export USE_DYNAMIC_NO_PIC\=YES
    export USE_HEADERMAP\=YES
    export USE_HEADER_SYMLINKS\=NO
    export USE_HERMES\=true
    export USE_RECURSIVE_SCRIPT_INPUTS_IN_SCRIPT_PHASES\=YES
    export VALIDATE_DEVELOPMENT_ASSET_PATHS\=YES_ERROR
    export VALIDATE_PRODUCT\=NO
    export VALID_ARCHS\=arm64\ x86_64
    export VERBOSE_PBXCP\=NO
    export VERSIONING_SYSTEM\=apple-generic
    export VERSIONPLIST_PATH\=ReactCodegen.framework/version.plist
    export VERSIONS_FOLDER_PATH\=ReactCodegen.framework
    export VERSIONS_FOLDER_PATH_SHALLOW_BUNDLE_NO\=ReactCodegen.framework/Versions
    export VERSIONS_FOLDER_PATH_SHALLOW_BUNDLE_YES\=ReactCodegen.framework
    export VERSION_INFO_BUILDER\=antoniogrillo-balen
    export VERSION_INFO_FILE\=ReactCodegen_vers.c
    export VERSION_INFO_STRING\=\"@\(\#\)PROGRAM:ReactCodegen\ \ PROJECT:Pods-1\"
    export WORKSPACE_DIR\=/Users/antoniogrillo-balen/Desktop/Projects/RiseBuild/ios
    export WRAPPER_EXTENSION\=framework
    export WRAPPER_NAME\=ReactCodegen.framework
    export WRAPPER_SUFFIX\=.framework
    export WRAP_ASSET_PACKS_IN_SEPARATE_DIRECTORIES\=NO
    export XCODE_APP_SUPPORT_DIR\=/Applications/Xcode.app/Contents/Developer/Library/Xcode
    export XCODE_PRODUCT_BUILD_VERSION\=17F42
    export XCODE_VERSION_ACTUAL\=2650
    export XCODE_VERSION_MAJOR\=2600
    export XCODE_VERSION_MINOR\=2650
    export XPCSERVICES_FOLDER_PATH\=ReactCodegen.framework/XPCServices
    export YACC\=yacc
    export _DISCOVER_COMMAND_LINE_LINKER_INPUTS\=YES
    export _DISCOVER_COMMAND_LINE_LINKER_INPUTS_INCLUDE_WL\=YES
    export _LD_MULTIARCH\=YES
    export _WRAPPER_CONTENTS_DIR_SHALLOW_BUNDLE_NO\=/Contents
    export _WRAPPER_PARENT_PATH_SHALLOW_BUNDLE_NO\=/..
    export _WRAPPER_RESOURCES_DIR_SHALLOW_BUNDLE_NO\=/Resources
    export __DIAGNOSE_DEPRECATED_ARCHS\=YES
    export __ORIGINAL_SDK_DEFINED_LLVM_TARGET_TRIPLE_SYS\=ios
    export arch\=undefined_arch
    export variant\=normal
    /bin/sh -c /Users/antoniogrillo-balen/Library/Developer/Xcode/DerivedData/risebysolis-gzfsziqwziaggpcbgdowmssiasmi/Build/Intermediates.noindex/Pods.build/Debug-iphonesimulator/ReactCodegen.build/Script-46EB2E00031EA0.sh
Node found at: /Users/antoniogrillo-balen/.nvm/versions/node/v24.14.1/bin/node
[Codegen] Analyzing /Users/antoniogrillo-balen/Desktop/Projects/RiseBuild/package.json
[Codegen] Searching for codegen-enabled libraries in the app.
[Codegen] The "codegenConfig" field is not defined in package.json. Assuming there is nothing to generate at the app level.
[Codegen] Searching for codegen-enabled libraries in the project dependencies.
[Codegen] Found @react-native-google-signin/google-signin
[Codegen] Found react-native
[Codegen] Found react-native-gesture-handler
[Codegen] Found react-native-mmkv
[Codegen] Found react-native-reanimated
[Codegen] Found react-native-safe-area-context
[Codegen] Found react-native-screens


[Codegen] >>>>> Searching for codegen-enabled libraries in react-native.config.js
[Codegen] Processing RNGoogleSignInCGen
[Codegen] Searching for podspec in the project dependencies.
[Codegen] Supported Apple platforms: ios for RNGoogleSignInCGen
[Codegen] Processing FBReactNativeSpec
[Codegen] Searching for podspec in the project dependencies.
[Codegen] Processing rncore
[Codegen] Searching for podspec in the project dependencies.
[Codegen] Processing rngesturehandler_codegen
[Codegen] Searching for podspec in the project dependencies.
[Codegen] Supported Apple platforms: ios, macos, tvos, visionos for rngesturehandler_codegen
[Codegen] Processing RNMmkvSpec
[Codegen] Searching for podspec in the project dependencies.
[Codegen] Supported Apple platforms: ios, macos, tvos for RNMmkvSpec
[Codegen] Processing rnreanimated
[Codegen] Searching for podspec in the project dependencies.
[Codegen] Supported Apple platforms: ios, macos, tvos, visionos for rnreanimated
[Codegen] Processing safeareacontext
[Codegen] Searching for podspec in the project dependencies.
[Codegen] Supported Apple platforms: ios, tvos, visionos for safeareacontext
[Codegen] Processing rnscreens
[Codegen] Searching for podspec in the project dependencies.
[Codegen] Supported Apple platforms: ios, tvos, visionos for rnscreens
[Codegen] Generating Native Code for RNGoogleSignInCGen - ios
[Codegen] Generated artifacts: /Users/antoniogrillo-balen/Library/Developer/Xcode/DerivedData/risebysolis-gzfsziqwziaggpcbgdowmssiasmi/Build/Intermediates.noindex/Pods.build/Debug-iphonesimulator/ReactCodegen.build/DerivedSources/generated/source/codegen/out/build/generated/ios
[Codegen] Generating Native Code for FBReactNativeSpec - ios
[Codegen] Generated artifacts: /Users/antoniogrillo-balen/Library/Developer/Xcode/DerivedData/risebysolis-gzfsziqwziaggpcbgdowmssiasmi/Build/Intermediates.noindex/Pods.build/Debug-iphonesimulator/ReactCodegen.build/DerivedSources/generated/source/codegen/out/build/generated/ios
[Codegen - rncore] Skipping iOS code generation for rncore as it has been generated already.
[Codegen] Generating Native Code for rngesturehandler_codegen - ios
[Codegen] Generated artifacts: /Users/antoniogrillo-balen/Library/Developer/Xcode/DerivedData/risebysolis-gzfsziqwziaggpcbgdowmssiasmi/Build/Intermediates.noindex/Pods.build/Debug-iphonesimulator/ReactCodegen.build/DerivedSources/generated/source/codegen/out/build/generated/ios
[Codegen] Generating Native Code for RNMmkvSpec - ios
[Codegen] Generated artifacts: /Users/antoniogrillo-balen/Library/Developer/Xcode/DerivedData/risebysolis-gzfsziqwziaggpcbgdowmssiasmi/Build/Intermediates.noindex/Pods.build/Debug-iphonesimulator/ReactCodegen.build/DerivedSources/generated/source/codegen/out/build/generated/ios
[Codegen] Generating Native Code for rnreanimated - ios
[Codegen] Generated artifacts: /Users/antoniogrillo-balen/Library/Developer/Xcode/DerivedData/risebysolis-gzfsziqwziaggpcbgdowmssiasmi/Build/Intermediates.noindex/Pods.build/Debug-iphonesimulator/ReactCodegen.build/DerivedSources/generated/source/codegen/out/build/generated/ios
[Codegen] Generating Native Code for safeareacontext - ios
[Codegen] Generated artifacts: /Users/antoniogrillo-balen/Library/Developer/Xcode/DerivedData/risebysolis-gzfsziqwziaggpcbgdowmssiasmi/Build/Intermediates.noindex/Pods.build/Debug-iphonesimulator/ReactCodegen.build/DerivedSources/generated/source/codegen/out/build/generated/ios
[Codegen] Generating Native Code for rnscreens - ios
[Codegen] Generated artifacts: /Users/antoniogrillo-balen/Library/Developer/Xcode/DerivedData/risebysolis-gzfsziqwziaggpcbgdowmssiasmi/Build/Intermediates.noindex/Pods.build/Debug-iphonesimulator/ReactCodegen.build/DerivedSources/generated/source/codegen/out/build/generated/ios
[Codegen] Creating component provider.
[Codegen] Generated provider in: /Users/antoniogrillo-balen/Desktop/Projects/RiseBuild/node_modules/react-native/React/Fabric
[Codegen] Done.

CompileC /Users/antoniogrillo-balen/Library/Developer/Xcode/DerivedData/risebysolis-gzfsziqwziaggpcbgdowmssiasmi/Build/Intermediates.noindex/Pods.build/Debug-iphonesimulator/ReactCodegen.build/Objects-normal/arm64/ComponentDescriptors-14f1d86028d0c73fd5791505920c67e2.o /Users/antoniogrillo-balen/Desktop/Projects/RiseBuild/ios/build/generated/ios/react/renderer/components/rnscreens/ComponentDescriptors.cpp normal arm64 c++ com.apple.compilers.llvm.clang.1_0.compiler (in target 'ReactCodegen' from project 'Pods')
    cd /Users/antoniogrillo-balen/Desktop/Projects/RiseBuild/ios/Pods
    
    Using response file: /Users/antoniogrillo-balen/Library/Developer/Xcode/DerivedData/risebysolis-gzfsziqwziaggpcbgdowmssiasmi/Build/Intermediates.noindex/Pods.build/Debug-iphonesimulator/ReactCodegen.build/Objects-normal/arm64/82b82416624d2658e5098eb0a28c15c5-common-args.resp
    
    /Applications/Xcode.app/Contents/Developer/Toolchains/XcodeDefault.xctoolchain/usr/bin/clang -x c++ -ivfsstatcache /Users/antoniogrillo-balen/Library/Developer/Xcode/DerivedData/SDKStatCaches.noindex/iphonesimulator26.5-23F73-6cfe768891a92b912361537c460fe42b.sdkstatcache -target arm64-apple-ios15.1-simulator -fmessage-length\=0 -fdiagnostics-show-note-include-stack -fmacro-backtrace-limit\=0 -fno-color-diagnostics -fmodules-prune-interval\=86400 -fmodules-prune-after\=345600 -fbuild-session-file\=/Users/antoniogrillo-balen/Library/Developer/Xcode/DerivedData/ModuleCache.noindex/Session.modulevalidation -fmodules-validate-once-per-build-session -Wnon-modular-include-in-framework-module -Werror\=non-modular-include-in-framework-module -Wno-trigraphs -Wno-missing-field-initializers -Wno-missing-prototypes -Werror\=return-type -Wdocumentation -Wunreachable-code -Werror\=deprecated-objc-isa-usage -Werror\=objc-root-class -Wno-non-virtual-dtor -Wno-overloaded-virtual -Wno-exit-time-destructors -Wno-missing-braces -Wparentheses -Wswitch -Wunused-function -Wno-unused-label -Wno-unused-parameter -Wunused-variable -Wunused-value -Wempty-body -Wuninitialized -Wconditional-uninitialized -Wno-unknown-pragmas -Wno-shadow -Wno-four-char-constants -Wno-conversion -Wconstant-conversion -Wint-conversion -Wbool-conversion -Wenum-conversion -Wno-float-conversion -Wnon-literal-null-conversion -Wobjc-literal-conversion -Wshorten-64-to-32 -Wno-newline-eof -Wno-c++11-extensions -Wno-implicit-fallthrough -isysroot /Applications/Xcode.app/Contents/Developer/Platforms/iPhoneSimulator.platform/Developer/SDKs/iPhoneSimulator26.5.sdk -fstrict-aliasing -Wdeprecated-declarations -Winvalid-offsetof -Wno-sign-conversion -Winfinite-recursion -Wmove -Wcomma -Wblock-capture-autoreleasing -Wstrict-prototypes -Wrange-loop-analysis -Wno-semicolon-before-method-body -Wunguarded-availability -index-store-path /Users/antoniogrillo-balen/Library/Developer/Xcode/DerivedData/risebysolis-gzfsziqwziaggpcbgdowmssiasmi/Index.noindex/DataStore @/Users/antoniogrillo-balen/Library/Developer/Xcode/DerivedData/risebysolis-gzfsziqwziaggpcbgdowmssiasmi/Build/Intermediates.noindex/Pods.build/Debug-iphonesimulator/ReactCodegen.build/Objects-normal/arm64/82b82416624d2658e5098eb0a28c15c5-common-args.resp -DFOLLY_NO_CONFIG -DFOLLY_MOBILE\=1 -DFOLLY_USE_LIBCPP\=1 -DFOLLY_CFG_NO_COROUTINES\=1 -DFOLLY_HAVE_CLOCK_GETTIME\=1 -Wno-comma -Wno-shorten-64-to-32 -Wno-documentation -Wno-nullability-completeness -std\=c++20 -include /Users/antoniogrillo-balen/Desktop/Projects/RiseBuild/ios/Pods/Target\ Support\ Files/ReactCodegen/ReactCodegen-prefix.pch -MMD -MT dependencies -MF /Users/antoniogrillo-balen/Library/Developer/Xcode/DerivedData/risebysolis-gzfsziqwziaggpcbgdowmssiasmi/Build/Intermediates.noindex/Pods.build/Debug-iphonesimulator/ReactCodegen.build/Objects-normal/arm64/ComponentDescriptors-14f1d86028d0c73fd5791505920c67e2.d --serialize-diagnostics /Users/antoniogrillo-balen/Library/Developer/Xcode/DerivedData/risebysolis-gzfsziqwziaggpcbgdowmssiasmi/Build/Intermediates.noindex/Pods.build/Debug-iphonesimulator/ReactCodegen.build/Objects-normal/arm64/ComponentDescriptors-14f1d86028d0c73fd5791505920c67e2.dia -c /Users/antoniogrillo-balen/Desktop/Projects/RiseBuild/ios/build/generated/ios/react/renderer/components/rnscreens/ComponentDescriptors.cpp -o /Users/antoniogrillo-balen/Library/Developer/Xcode/DerivedData/risebysolis-gzfsziqwziaggpcbgdowmssiasmi/Build/Intermediates.noindex/Pods.build/Debug-iphonesimulator/ReactCodegen.build/Objects-normal/arm64/ComponentDescriptors-14f1d86028d0c73fd5791505920c67e2.o -index-unit-output-path /Pods.build/Debug-iphonesimulator/ReactCodegen.build/Objects-normal/arm64/ComponentDescriptors-14f1d86028d0c73fd5791505920c67e2.o

CompileC /Users/antoniogrillo-balen/Library/Developer/Xcode/DerivedData/risebysolis-gzfsziqwziaggpcbgdowmssiasmi/Build/Intermediates.noindex/Pods.build/Debug-iphonesimulator/ReactCodegen.build/Objects-normal/arm64/RNGoogleSignInCGenJSI-generated.o /Users/antoniogrillo-balen/Desktop/Projects/RiseBuild/ios/build/generated/ios/RNGoogleSignInCGenJSI-generated.cpp normal arm64 c++ com.apple.compilers.llvm.clang.1_0.compiler (in target 'ReactCodegen' from project 'Pods')
    cd /Users/antoniogrillo-balen/Desktop/Projects/RiseBuild/ios/Pods
    
    Using response file: /Users/antoniogrillo-balen/Library/Developer/Xcode/DerivedData/risebysolis-gzfsziqwziaggpcbgdowmssiasmi/Build/Intermediates.noindex/Pods.build/Debug-iphonesimulator/ReactCodegen.build/Objects-normal/arm64/82b82416624d2658e5098eb0a28c15c5-common-args.resp
    
    /Applications/Xcode.app/Contents/Developer/Toolchains/XcodeDefault.xctoolchain/usr/bin/clang -x c++ -ivfsstatcache /Users/antoniogrillo-balen/Library/Developer/Xcode/DerivedData/SDKStatCaches.noindex/iphonesimulator26.5-23F73-6cfe768891a92b912361537c460fe42b.sdkstatcache -target arm64-apple-ios15.1-simulator -fmessage-length\=0 -fdiagnostics-show-note-include-stack -fmacro-backtrace-limit\=0 -fno-color-diagnostics -fmodules-prune-interval\=86400 -fmodules-prune-after\=345600 -fbuild-session-file\=/Users/antoniogrillo-balen/Library/Developer/Xcode/DerivedData/ModuleCache.noindex/Session.modulevalidation -fmodules-validate-once-per-build-session -Wnon-modular-include-in-framework-module -Werror\=non-modular-include-in-framework-module -Wno-trigraphs -Wno-missing-field-initializers -Wno-missing-prototypes -Werror\=return-type -Wdocumentation -Wunreachable-code -Werror\=deprecated-objc-isa-usage -Werror\=objc-root-class -Wno-non-virtual-dtor -Wno-overloaded-virtual -Wno-exit-time-destructors -Wno-missing-braces -Wparentheses -Wswitch -Wunused-function -Wno-unused-label -Wno-unused-parameter -Wunused-variable -Wunused-value -Wempty-body -Wuninitialized -Wconditional-uninitialized -Wno-unknown-pragmas -Wno-shadow -Wno-four-char-constants -Wno-conversion -Wconstant-conversion -Wint-conversion -Wbool-conversion -Wenum-conversion -Wno-float-conversion -Wnon-literal-null-conversion -Wobjc-literal-conversion -Wshorten-64-to-32 -Wno-newline-eof -Wno-c++11-extensions -Wno-implicit-fallthrough -isysroot /Applications/Xcode.app/Contents/Developer/Platforms/iPhoneSimulator.platform/Developer/SDKs/iPhoneSimulator26.5.sdk -fstrict-aliasing -Wdeprecated-declarations -Winvalid-offsetof -Wno-sign-conversion -Winfinite-recursion -Wmove -Wcomma -Wblock-capture-autoreleasing -Wstrict-prototypes -Wrange-loop-analysis -Wno-semicolon-before-method-body -Wunguarded-availability -index-store-path /Users/antoniogrillo-balen/Library/Developer/Xcode/DerivedData/risebysolis-gzfsziqwziaggpcbgdowmssiasmi/Index.noindex/DataStore @/Users/antoniogrillo-balen/Library/Developer/Xcode/DerivedData/risebysolis-gzfsziqwziaggpcbgdowmssiasmi/Build/Intermediates.noindex/Pods.build/Debug-iphonesimulator/ReactCodegen.build/Objects-normal/arm64/82b82416624d2658e5098eb0a28c15c5-common-args.resp -DFOLLY_NO_CONFIG -DFOLLY_MOBILE\=1 -DFOLLY_USE_LIBCPP\=1 -DFOLLY_CFG_NO_COROUTINES\=1 -DFOLLY_HAVE_CLOCK_GETTIME\=1 -Wno-comma -Wno-shorten-64-to-32 -Wno-documentation -Wno-nullability-completeness -std\=c++20 -include /Users/antoniogrillo-balen/Desktop/Projects/RiseBuild/ios/Pods/Target\ Support\ Files/ReactCodegen/ReactCodegen-prefix.pch -MMD -MT dependencies -MF /Users/antoniogrillo-balen/Library/Developer/Xcode/DerivedData/risebysolis-gzfsziqwziaggpcbgdowmssiasmi/Build/Intermediates.noindex/Pods.build/Debug-iphonesimulator/ReactCodegen.build/Objects-normal/arm64/RNGoogleSignInCGenJSI-generated.d --serialize-diagnostics /Users/antoniogrillo-balen/Library/Developer/Xcode/DerivedData/risebysolis-gzfsziqwziaggpcbgdowmssiasmi/Build/Intermediates.noindex/Pods.build/Debug-iphonesimulator/ReactCodegen.build/Objects-normal/arm64/RNGoogleSignInCGenJSI-generated.dia -c /Users/antoniogrillo-balen/Desktop/Projects/RiseBuild/ios/build/generated/ios/RNGoogleSignInCGenJSI-generated.cpp -o /Users/antoniogrillo-balen/Library/Developer/Xcode/DerivedData/risebysolis-gzfsziqwziaggpcbgdowmssiasmi/Build/Intermediates.noindex/Pods.build/Debug-iphonesimulator/ReactCodegen.build/Objects-normal/arm64/RNGoogleSignInCGenJSI-generated.o -index-unit-output-path /Pods.build/Debug-iphonesimulator/ReactCodegen.build/Objects-normal/arm64/RNGoogleSignInCGenJSI-generated.o

CompileC /Users/antoniogrillo-balen/Library/Developer/Xcode/DerivedData/risebysolis-gzfsziqwziaggpcbgdowmssiasmi/Build/Intermediates.noindex/Pods.build/Debug-iphonesimulator/ReactCodegen.build/Objects-normal/arm64/safeareacontext-generated.o /Users/antoniogrillo-balen/Desktop/Projects/RiseBuild/ios/build/generated/ios/safeareacontext/safeareacontext-generated.mm normal arm64 objective-c++ com.apple.compilers.llvm.clang.1_0.compiler (in target 'ReactCodegen' from project 'Pods')
    cd /Users/antoniogrillo-balen/Desktop/Projects/RiseBuild/ios/Pods
    
    Using response file: /Users/antoniogrillo-balen/Library/Developer/Xcode/DerivedData/risebysolis-gzfsziqwziaggpcbgdowmssiasmi/Build/Intermediates.noindex/Pods.build/Debug-iphonesimulator/ReactCodegen.build/Objects-normal/arm64/af3fcb34312c57c0f52879cdce924b91-common-args.resp
    
    /Applications/Xcode.app/Contents/Developer/Toolchains/XcodeDefault.xctoolchain/usr/bin/clang -x objective-c++ -ivfsstatcache /Users/antoniogrillo-balen/Library/Developer/Xcode/DerivedData/SDKStatCaches.noindex/iphonesimulator26.5-23F73-6cfe768891a92b912361537c460fe42b.sdkstatcache -target arm64-apple-ios15.1-simulator -fmessage-length\=0 -fdiagnostics-show-note-include-stack -fmacro-backtrace-limit\=0 -fno-color-diagnostics -fmodules-prune-interval\=86400 -fmodules-prune-after\=345600 -fbuild-session-file\=/Users/antoniogrillo-balen/Library/Developer/Xcode/DerivedData/ModuleCache.noindex/Session.modulevalidation -fmodules-validate-once-per-build-session -Wnon-modular-include-in-framework-module -Werror\=non-modular-include-in-framework-module -Wno-trigraphs -Wno-missing-field-initializers -Wno-missing-prototypes -Werror\=return-type -Wdocumentation -Wunreachable-code -Wno-implicit-atomic-properties -Werror\=deprecated-objc-isa-usage -Wno-objc-interface-ivars -Werror\=objc-root-class -Wno-arc-repeated-use-of-weak -Wimplicit-retain-self -Wno-non-virtual-dtor -Wno-overloaded-virtual -Wno-exit-time-destructors -Wduplicate-method-match -Wno-missing-braces -Wparentheses -Wswitch -Wunused-function -Wno-unused-label -Wno-unused-parameter -Wunused-variable -Wunused-value -Wempty-body -Wuninitialized -Wconditional-uninitialized -Wno-unknown-pragmas -Wno-shadow -Wno-four-char-constants -Wno-conversion -Wconstant-conversion -Wint-conversion -Wbool-conversion -Wenum-conversion -Wno-float-conversion -Wnon-literal-null-conversion -Wobjc-literal-conversion -Wshorten-64-to-32 -Wno-newline-eof -Wno-selector -Wno-strict-selector-match -Wundeclared-selector -Wdeprecated-implementations -Wno-c++11-extensions -Wno-implicit-fallthrough -isysroot /Applications/Xcode.app/Contents/Developer/Platforms/iPhoneSimulator.platform/Developer/SDKs/iPhoneSimulator26.5.sdk -fstrict-aliasing -Wprotocol -Wdeprecated-declarations -Winvalid-offsetof -Wno-sign-conversion -Winfinite-recursion -Wmove -Wcomma -Wblock-capture-autoreleasing -Wstrict-prototypes -Wrange-loop-analysis -Wno-semicolon-before-method-body -Wunguarded-availability -index-store-path /Users/antoniogrillo-balen/Library/Developer/Xcode/DerivedData/risebysolis-gzfsziqwziaggpcbgdowmssiasmi/Index.noindex/DataStore @/Users/antoniogrillo-balen/Library/Developer/Xcode/DerivedData/risebysolis-gzfsziqwziaggpcbgdowmssiasmi/Build/Intermediates.noindex/Pods.build/Debug-iphonesimulator/ReactCodegen.build/Objects-normal/arm64/af3fcb34312c57c0f52879cdce924b91-common-args.resp -DFOLLY_NO_CONFIG -DFOLLY_MOBILE\=1 -DFOLLY_USE_LIBCPP\=1 -DFOLLY_CFG_NO_COROUTINES\=1 -DFOLLY_HAVE_CLOCK_GETTIME\=1 -Wno-comma -Wno-shorten-64-to-32 -Wno-documentation -Wno-nullability-completeness -std\=c++20 -include /Users/antoniogrillo-balen/Desktop/Projects/RiseBuild/ios/Pods/Target\ Support\ Files/ReactCodegen/ReactCodegen-prefix.pch -MMD -MT dependencies -MF /Users/antoniogrillo-balen/Library/Developer/Xcode/DerivedData/risebysolis-gzfsziqwziaggpcbgdowmssiasmi/Build/Intermediates.noindex/Pods.build/Debug-iphonesimulator/ReactCodegen.build/Objects-normal/arm64/safeareacontext-generated.d --serialize-diagnostics /Users/antoniogrillo-balen/Library/Developer/Xcode/DerivedData/risebysolis-gzfsziqwziaggpcbgdowmssiasmi/Build/Intermediates.noindex/Pods.build/Debug-iphonesimulator/ReactCodegen.build/Objects-normal/arm64/safeareacontext-generated.dia -c /Users/antoniogrillo-balen/Desktop/Projects/RiseBuild/ios/build/generated/ios/safeareacontext/safeareacontext-generated.mm -o /Users/antoniogrillo-balen/Library/Developer/Xcode/DerivedData/risebysolis-gzfsziqwziaggpcbgdowmssiasmi/Build/Intermediates.noindex/Pods.build/Debug-iphonesimulator/ReactCodegen.build/Objects-normal/arm64/safeareacontext-generated.o -index-unit-output-path /Pods.build/Debug-iphonesimulator/ReactCodegen.build/Objects-normal/arm64/safeareacontext-generated.o

CompileC /Users/antoniogrillo-balen/Library/Developer/Xcode/DerivedData/risebysolis-gzfsziqwziaggpcbgdowmssiasmi/Build/Intermediates.noindex/Pods.build/Debug-iphonesimulator/ReactCodegen.build/Objects-normal/arm64/rnscreensJSI-generated.o /Users/antoniogrillo-balen/Desktop/Projects/RiseBuild/ios/build/generated/ios/rnscreensJSI-generated.cpp normal arm64 c++ com.apple.compilers.llvm.clang.1_0.compiler (in target 'ReactCodegen' from project 'Pods')
    cd /Users/antoniogrillo-balen/Desktop/Projects/RiseBuild/ios/Pods
    
    Using response file: /Users/antoniogrillo-balen/Library/Developer/Xcode/DerivedData/risebysolis-gzfsziqwziaggpcbgdowmssiasmi/Build/Intermediates.noindex/Pods.build/Debug-iphonesimulator/ReactCodegen.build/Objects-normal/arm64/82b82416624d2658e5098eb0a28c15c5-common-args.resp
    
    /Applications/Xcode.app/Contents/Developer/Toolchains/XcodeDefault.xctoolchain/usr/bin/clang -x c++ -ivfsstatcache /Users/antoniogrillo-balen/Library/Developer/Xcode/DerivedData/SDKStatCaches.noindex/iphonesimulator26.5-23F73-6cfe768891a92b912361537c460fe42b.sdkstatcache -target arm64-apple-ios15.1-simulator -fmessage-length\=0 -fdiagnostics-show-note-include-stack -fmacro-backtrace-limit\=0 -fno-color-diagnostics -fmodules-prune-interval\=86400 -fmodules-prune-after\=345600 -fbuild-session-file\=/Users/antoniogrillo-balen/Library/Developer/Xcode/DerivedData/ModuleCache.noindex/Session.modulevalidation -fmodules-validate-once-per-build-session -Wnon-modular-include-in-framework-module -Werror\=non-modular-include-in-framework-module -Wno-trigraphs -Wno-missing-field-initializers -Wno-missing-prototypes -Werror\=return-type -Wdocumentation -Wunreachable-code -Werror\=deprecated-objc-isa-usage -Werror\=objc-root-class -Wno-non-virtual-dtor -Wno-overloaded-virtual -Wno-exit-time-destructors -Wno-missing-braces -Wparentheses -Wswitch -Wunused-function -Wno-unused-label -Wno-unused-parameter -Wunused-variable -Wunused-value -Wempty-body -Wuninitialized -Wconditional-uninitialized -Wno-unknown-pragmas -Wno-shadow -Wno-four-char-constants -Wno-conversion -Wconstant-conversion -Wint-conversion -Wbool-conversion -Wenum-conversion -Wno-float-conversion -Wnon-literal-null-conversion -Wobjc-literal-conversion -Wshorten-64-to-32 -Wno-newline-eof -Wno-c++11-extensions -Wno-implicit-fallthrough -isysroot /Applications/Xcode.app/Contents/Developer/Platforms/iPhoneSimulator.platform/Developer/SDKs/iPhoneSimulator26.5.sdk -fstrict-aliasing -Wdeprecated-declarations -Winvalid-offsetof -Wno-sign-conversion -Winfinite-recursion -Wmove -Wcomma -Wblock-capture-autoreleasing -Wstrict-prototypes -Wrange-loop-analysis -Wno-semicolon-before-method-body -Wunguarded-availability -index-store-path /Users/antoniogrillo-balen/Library/Developer/Xcode/DerivedData/risebysolis-gzfsziqwziaggpcbgdowmssiasmi/Index.noindex/DataStore @/Users/antoniogrillo-balen/Library/Developer/Xcode/DerivedData/risebysolis-gzfsziqwziaggpcbgdowmssiasmi/Build/Intermediates.noindex/Pods.build/Debug-iphonesimulator/ReactCodegen.build/Objects-normal/arm64/82b82416624d2658e5098eb0a28c15c5-common-args.resp -DFOLLY_NO_CONFIG -DFOLLY_MOBILE\=1 -DFOLLY_USE_LIBCPP\=1 -DFOLLY_CFG_NO_COROUTINES\=1 -DFOLLY_HAVE_CLOCK_GETTIME\=1 -Wno-comma -Wno-shorten-64-to-32 -Wno-documentation -Wno-nullability-completeness -std\=c++20 -include /Users/antoniogrillo-balen/Desktop/Projects/RiseBuild/ios/Pods/Target\ Support\ Files/ReactCodegen/ReactCodegen-prefix.pch -MMD -MT dependencies -MF /Users/antoniogrillo-balen/Library/Developer/Xcode/DerivedData/risebysolis-gzfsziqwziaggpcbgdowmssiasmi/Build/Intermediates.noindex/Pods.build/Debug-iphonesimulator/ReactCodegen.build/Objects-normal/arm64/rnscreensJSI-generated.d --serialize-diagnostics /Users/antoniogrillo-balen/Library/Developer/Xcode/DerivedData/risebysolis-gzfsziqwziaggpcbgdowmssiasmi/Build/Intermediates.noindex/Pods.build/Debug-iphonesimulator/ReactCodegen.build/Objects-normal/arm64/rnscreensJSI-generated.dia -c /Users/antoniogrillo-balen/Desktop/Projects/RiseBuild/ios/build/generated/ios/rnscreensJSI-generated.cpp -o /Users/antoniogrillo-balen/Library/Developer/Xcode/DerivedData/risebysolis-gzfsziqwziaggpcbgdowmssiasmi/Build/Intermediates.noindex/Pods.build/Debug-iphonesimulator/ReactCodegen.build/Objects-normal/arm64/rnscreensJSI-generated.o -index-unit-output-path /Pods.build/Debug-iphonesimulator/ReactCodegen.build/Objects-normal/arm64/rnscreensJSI-generated.o

CompileC /Users/antoniogrillo-balen/Library/Developer/Xcode/DerivedData/risebysolis-gzfsziqwziaggpcbgdowmssiasmi/Build/Intermediates.noindex/Pods.build/Debug-iphonesimulator/ReactCodegen.build/Objects-normal/arm64/rnreanimated-generated.o /Users/antoniogrillo-balen/Desktop/Projects/RiseBuild/ios/build/generated/ios/rnreanimated/rnreanimated-generated.mm normal arm64 objective-c++ com.apple.compilers.llvm.clang.1_0.compiler (in target 'ReactCodegen' from project 'Pods')
    cd /Users/antoniogrillo-balen/Desktop/Projects/RiseBuild/ios/Pods
    
    Using response file: /Users/antoniogrillo-balen/Library/Developer/Xcode/DerivedData/risebysolis-gzfsziqwziaggpcbgdowmssiasmi/Build/Intermediates.noindex/Pods.build/Debug-iphonesimulator/ReactCodegen.build/Objects-normal/arm64/af3fcb34312c57c0f52879cdce924b91-common-args.resp
    
    /Applications/Xcode.app/Contents/Developer/Toolchains/XcodeDefault.xctoolchain/usr/bin/clang -x objective-c++ -ivfsstatcache /Users/antoniogrillo-balen/Library/Developer/Xcode/DerivedData/SDKStatCaches.noindex/iphonesimulator26.5-23F73-6cfe768891a92b912361537c460fe42b.sdkstatcache -target arm64-apple-ios15.1-simulator -fmessage-length\=0 -fdiagnostics-show-note-include-stack -fmacro-backtrace-limit\=0 -fno-color-diagnostics -fmodules-prune-interval\=86400 -fmodules-prune-after\=345600 -fbuild-session-file\=/Users/antoniogrillo-balen/Library/Developer/Xcode/DerivedData/ModuleCache.noindex/Session.modulevalidation -fmodules-validate-once-per-build-session -Wnon-modular-include-in-framework-module -Werror\=non-modular-include-in-framework-module -Wno-trigraphs -Wno-missing-field-initializers -Wno-missing-prototypes -Werror\=return-type -Wdocumentation -Wunreachable-code -Wno-implicit-atomic-properties -Werror\=deprecated-objc-isa-usage -Wno-objc-interface-ivars -Werror\=objc-root-class -Wno-arc-repeated-use-of-weak -Wimplicit-retain-self -Wno-non-virtual-dtor -Wno-overloaded-virtual -Wno-exit-time-destructors -Wduplicate-method-match -Wno-missing-braces -Wparentheses -Wswitch -Wunused-function -Wno-unused-label -Wno-unused-parameter -Wunused-variable -Wunused-value -Wempty-body -Wuninitialized -Wconditional-uninitialized -Wno-unknown-pragmas -Wno-shadow -Wno-four-char-constants -Wno-conversion -Wconstant-conversion -Wint-conversion -Wbool-conversion -Wenum-conversion -Wno-float-conversion -Wnon-literal-null-conversion -Wobjc-literal-conversion -Wshorten-64-to-32 -Wno-newline-eof -Wno-selector -Wno-strict-selector-match -Wundeclared-selector -Wdeprecated-implementations -Wno-c++11-extensions -Wno-implicit-fallthrough -isysroot /Applications/Xcode.app/Contents/Developer/Platforms/iPhoneSimulator.platform/Developer/SDKs/iPhoneSimulator26.5.sdk -fstrict-aliasing -Wprotocol -Wdeprecated-declarations -Winvalid-offsetof -Wno-sign-conversion -Winfinite-recursion -Wmove -Wcomma -Wblock-capture-autoreleasing -Wstrict-prototypes -Wrange-loop-analysis -Wno-semicolon-before-method-body -Wunguarded-availability -index-store-path /Users/antoniogrillo-balen/Library/Developer/Xcode/DerivedData/risebysolis-gzfsziqwziaggpcbgdowmssiasmi/Index.noindex/DataStore @/Users/antoniogrillo-balen/Library/Developer/Xcode/DerivedData/risebysolis-gzfsziqwziaggpcbgdowmssiasmi/Build/Intermediates.noindex/Pods.build/Debug-iphonesimulator/ReactCodegen.build/Objects-normal/arm64/af3fcb34312c57c0f52879cdce924b91-common-args.resp -DFOLLY_NO_CONFIG -DFOLLY_MOBILE\=1 -DFOLLY_USE_LIBCPP\=1 -DFOLLY_CFG_NO_COROUTINES\=1 -DFOLLY_HAVE_CLOCK_GETTIME\=1 -Wno-comma -Wno-shorten-64-to-32 -Wno-documentation -Wno-nullability-completeness -std\=c++20 -include /Users/antoniogrillo-balen/Desktop/Projects/RiseBuild/ios/Pods/Target\ Support\ Files/ReactCodegen/ReactCodegen-prefix.pch -MMD -MT dependencies -MF /Users/antoniogrillo-balen/Library/Developer/Xcode/DerivedData/risebysolis-gzfsziqwziaggpcbgdowmssiasmi/Build/Intermediates.noindex/Pods.build/Debug-iphonesimulator/ReactCodegen.build/Objects-normal/arm64/rnreanimated-generated.d --serialize-diagnostics /Users/antoniogrillo-balen/Library/Developer/Xcode/DerivedData/risebysolis-gzfsziqwziaggpcbgdowmssiasmi/Build/Intermediates.noindex/Pods.build/Debug-iphonesimulator/ReactCodegen.build/Objects-normal/arm64/rnreanimated-generated.dia -c /Users/antoniogrillo-balen/Desktop/Projects/RiseBuild/ios/build/generated/ios/rnreanimated/rnreanimated-generated.mm -o /Users/antoniogrillo-balen/Library/Developer/Xcode/DerivedData/risebysolis-gzfsziqwziaggpcbgdowmssiasmi/Build/Intermediates.noindex/Pods.build/Debug-iphonesimulator/ReactCodegen.build/Objects-normal/arm64/rnreanimated-generated.o -index-unit-output-path /Pods.build/Debug-iphonesimulator/ReactCodegen.build/Objects-normal/arm64/rnreanimated-generated.o

CompileC /Users/antoniogrillo-balen/Library/Developer/Xcode/DerivedData/risebysolis-gzfsziqwziaggpcbgdowmssiasmi/Build/Intermediates.noindex/Pods.build/Debug-iphonesimulator/ReactCodegen.build/Objects-normal/arm64/rnscreens-generated.o /Users/antoniogrillo-balen/Desktop/Projects/RiseBuild/ios/build/generated/ios/rnscreens/rnscreens-generated.mm normal arm64 objective-c++ com.apple.compilers.llvm.clang.1_0.compiler (in target 'ReactCodegen' from project 'Pods')
    cd /Users/antoniogrillo-balen/Desktop/Projects/RiseBuild/ios/Pods
    
    Using response file: /Users/antoniogrillo-balen/Library/Developer/Xcode/DerivedData/risebysolis-gzfsziqwziaggpcbgdowmssiasmi/Build/Intermediates.noindex/Pods.build/Debug-iphonesimulator/ReactCodegen.build/Objects-normal/arm64/af3fcb34312c57c0f52879cdce924b91-common-args.resp
    
    /Applications/Xcode.app/Contents/Developer/Toolchains/XcodeDefault.xctoolchain/usr/bin/clang -x objective-c++ -ivfsstatcache /Users/antoniogrillo-balen/Library/Developer/Xcode/DerivedData/SDKStatCaches.noindex/iphonesimulator26.5-23F73-6cfe768891a92b912361537c460fe42b.sdkstatcache -target arm64-apple-ios15.1-simulator -fmessage-length\=0 -fdiagnostics-show-note-include-stack -fmacro-backtrace-limit\=0 -fno-color-diagnostics -fmodules-prune-interval\=86400 -fmodules-prune-after\=345600 -fbuild-session-file\=/Users/antoniogrillo-balen/Library/Developer/Xcode/DerivedData/ModuleCache.noindex/Session.modulevalidation -fmodules-validate-once-per-build-session -Wnon-modular-include-in-framework-module -Werror\=non-modular-include-in-framework-module -Wno-trigraphs -Wno-missing-field-initializers -Wno-missing-prototypes -Werror\=return-type -Wdocumentation -Wunreachable-code -Wno-implicit-atomic-properties -Werror\=deprecated-objc-isa-usage -Wno-objc-interface-ivars -Werror\=objc-root-class -Wno-arc-repeated-use-of-weak -Wimplicit-retain-self -Wno-non-virtual-dtor -Wno-overloaded-virtual -Wno-exit-time-destructors -Wduplicate-method-match -Wno-missing-braces -Wparentheses -Wswitch -Wunused-function -Wno-unused-label -Wno-unused-parameter -Wunused-variable -Wunused-value -Wempty-body -Wuninitialized -Wconditional-uninitialized -Wno-unknown-pragmas -Wno-shadow -Wno-four-char-constants -Wno-conversion -Wconstant-conversion -Wint-conversion -Wbool-conversion -Wenum-conversion -Wno-float-conversion -Wnon-literal-null-conversion -Wobjc-literal-conversion -Wshorten-64-to-32 -Wno-newline-eof -Wno-selector -Wno-strict-selector-match -Wundeclared-selector -Wdeprecated-implementations -Wno-c++11-extensions -Wno-implicit-fallthrough -isysroot /Applications/Xcode.app/Contents/Developer/Platforms/iPhoneSimulator.platform/Developer/SDKs/iPhoneSimulator26.5.sdk -fstrict-aliasing -Wprotocol -Wdeprecated-declarations -Winvalid-offsetof -Wno-sign-conversion -Winfinite-recursion -Wmove -Wcomma -Wblock-capture-autoreleasing -Wstrict-prototypes -Wrange-loop-analysis -Wno-semicolon-before-method-body -Wunguarded-availability -index-store-path /Users/antoniogrillo-balen/Library/Developer/Xcode/DerivedData/risebysolis-gzfsziqwziaggpcbgdowmssiasmi/Index.noindex/DataStore @/Users/antoniogrillo-balen/Library/Developer/Xcode/DerivedData/risebysolis-gzfsziqwziaggpcbgdowmssiasmi/Build/Intermediates.noindex/Pods.build/Debug-iphonesimulator/ReactCodegen.build/Objects-normal/arm64/af3fcb34312c57c0f52879cdce924b91-common-args.resp -DFOLLY_NO_CONFIG -DFOLLY_MOBILE\=1 -DFOLLY_USE_LIBCPP\=1 -DFOLLY_CFG_NO_COROUTINES\=1 -DFOLLY_HAVE_CLOCK_GETTIME\=1 -Wno-comma -Wno-shorten-64-to-32 -Wno-documentation -Wno-nullability-completeness -std\=c++20 -include /Users/antoniogrillo-balen/Desktop/Projects/RiseBuild/ios/Pods/Target\ Support\ Files/ReactCodegen/ReactCodegen-prefix.pch -MMD -MT dependencies -MF /Users/antoniogrillo-balen/Library/Developer/Xcode/DerivedData/risebysolis-gzfsziqwziaggpcbgdowmssiasmi/Build/Intermediates.noindex/Pods.build/Debug-iphonesimulator/ReactCodegen.build/Objects-normal/arm64/rnscreens-generated.d --serialize-diagnostics /Users/antoniogrillo-balen/Library/Developer/Xcode/DerivedData/risebysolis-gzfsziqwziaggpcbgdowmssiasmi/Build/Intermediates.noindex/Pods.build/Debug-iphonesimulator/ReactCodegen.build/Objects-normal/arm64/rnscreens-generated.dia -c /Users/antoniogrillo-balen/Desktop/Projects/RiseBuild/ios/build/generated/ios/rnscreens/rnscreens-generated.mm -o /Users/antoniogrillo-balen/Library/Developer/Xcode/DerivedData/risebysolis-gzfsziqwziaggpcbgdowmssiasmi/Build/Intermediates.noindex/Pods.build/Debug-iphonesimulator/ReactCodegen.build/Objects-normal/arm64/rnscreens-generated.o -index-unit-output-path /Pods.build/Debug-iphonesimulator/ReactCodegen.build/Objects-normal/arm64/rnscreens-generated.o

CompileC /Users/antoniogrillo-balen/Library/Developer/Xcode/DerivedData/risebysolis-gzfsziqwziaggpcbgdowmssiasmi/Build/Intermediates.noindex/Pods.build/Debug-iphonesimulator/ReactCodegen.build/Objects-normal/arm64/rnreanimatedJSI-generated.o /Users/antoniogrillo-balen/Desktop/Projects/RiseBuild/ios/build/generated/ios/rnreanimatedJSI-generated.cpp normal arm64 c++ com.apple.compilers.llvm.clang.1_0.compiler (in target 'ReactCodegen' from project 'Pods')
    cd /Users/antoniogrillo-balen/Desktop/Projects/RiseBuild/ios/Pods
    
    Using response file: /Users/antoniogrillo-balen/Library/Developer/Xcode/DerivedData/risebysolis-gzfsziqwziaggpcbgdowmssiasmi/Build/Intermediates.noindex/Pods.build/Debug-iphonesimulator/ReactCodegen.build/Objects-normal/arm64/82b82416624d2658e5098eb0a28c15c5-common-args.resp
    
    /Applications/Xcode.app/Contents/Developer/Toolchains/XcodeDefault.xctoolchain/usr/bin/clang -x c++ -ivfsstatcache /Users/antoniogrillo-balen/Library/Developer/Xcode/DerivedData/SDKStatCaches.noindex/iphonesimulator26.5-23F73-6cfe768891a92b912361537c460fe42b.sdkstatcache -target arm64-apple-ios15.1-simulator -fmessage-length\=0 -fdiagnostics-show-note-include-stack -fmacro-backtrace-limit\=0 -fno-color-diagnostics -fmodules-prune-interval\=86400 -fmodules-prune-after\=345600 -fbuild-session-file\=/Users/antoniogrillo-balen/Library/Developer/Xcode/DerivedData/ModuleCache.noindex/Session.modulevalidation -fmodules-validate-once-per-build-session -Wnon-modular-include-in-framework-module -Werror\=non-modular-include-in-framework-module -Wno-trigraphs -Wno-missing-field-initializers -Wno-missing-prototypes -Werror\=return-type -Wdocumentation -Wunreachable-code -Werror\=deprecated-objc-isa-usage -Werror\=objc-root-class -Wno-non-virtual-dtor -Wno-overloaded-virtual -Wno-exit-time-destructors -Wno-missing-braces -Wparentheses -Wswitch -Wunused-function -Wno-unused-label -Wno-unused-parameter -Wunused-variable -Wunused-value -Wempty-body -Wuninitialized -Wconditional-uninitialized -Wno-unknown-pragmas -Wno-shadow -Wno-four-char-constants -Wno-conversion -Wconstant-conversion -Wint-conversion -Wbool-conversion -Wenum-conversion -Wno-float-conversion -Wnon-literal-null-conversion -Wobjc-literal-conversion -Wshorten-64-to-32 -Wno-newline-eof -Wno-c++11-extensions -Wno-implicit-fallthrough -isysroot /Applications/Xcode.app/Contents/Developer/Platforms/iPhoneSimulator.platform/Developer/SDKs/iPhoneSimulator26.5.sdk -fstrict-aliasing -Wdeprecated-declarations -Winvalid-offsetof -Wno-sign-conversion -Winfinite-recursion -Wmove -Wcomma -Wblock-capture-autoreleasing -Wstrict-prototypes -Wrange-loop-analysis -Wno-semicolon-before-method-body -Wunguarded-availability -index-store-path /Users/antoniogrillo-balen/Library/Developer/Xcode/DerivedData/risebysolis-gzfsziqwziaggpcbgdowmssiasmi/Index.noindex/DataStore @/Users/antoniogrillo-balen/Library/Developer/Xcode/DerivedData/risebysolis-gzfsziqwziaggpcbgdowmssiasmi/Build/Intermediates.noindex/Pods.build/Debug-iphonesimulator/ReactCodegen.build/Objects-normal/arm64/82b82416624d2658e5098eb0a28c15c5-common-args.resp -DFOLLY_NO_CONFIG -DFOLLY_MOBILE\=1 -DFOLLY_USE_LIBCPP\=1 -DFOLLY_CFG_NO_COROUTINES\=1 -DFOLLY_HAVE_CLOCK_GETTIME\=1 -Wno-comma -Wno-shorten-64-to-32 -Wno-documentation -Wno-nullability-completeness -std\=c++20 -include /Users/antoniogrillo-balen/Desktop/Projects/RiseBuild/ios/Pods/Target\ Support\ Files/ReactCodegen/ReactCodegen-prefix.pch -MMD -MT dependencies -MF /Users/antoniogrillo-balen/Library/Developer/Xcode/DerivedData/risebysolis-gzfsziqwziaggpcbgdowmssiasmi/Build/Intermediates.noindex/Pods.build/Debug-iphonesimulator/ReactCodegen.build/Objects-normal/arm64/rnreanimatedJSI-generated.d --serialize-diagnostics /Users/antoniogrillo-balen/Library/Developer/Xcode/DerivedData/risebysolis-gzfsziqwziaggpcbgdowmssiasmi/Build/Intermediates.noindex/Pods.build/Debug-iphonesimulator/ReactCodegen.build/Objects-normal/arm64/rnreanimatedJSI-generated.dia -c /Users/antoniogrillo-balen/Desktop/Projects/RiseBuild/ios/build/generated/ios/rnreanimatedJSI-generated.cpp -o /Users/antoniogrillo-balen/Library/Developer/Xcode/DerivedData/risebysolis-gzfsziqwziaggpcbgdowmssiasmi/Build/Intermediates.noindex/Pods.build/Debug-iphonesimulator/ReactCodegen.build/Objects-normal/arm64/rnreanimatedJSI-generated.o -index-unit-output-path /Pods.build/Debug-iphonesimulator/ReactCodegen.build/Objects-normal/arm64/rnreanimatedJSI-generated.o

CompileC /Users/antoniogrillo-balen/Library/Developer/Xcode/DerivedData/risebysolis-gzfsziqwziaggpcbgdowmssiasmi/Build/Intermediates.noindex/Pods.build/Debug-iphonesimulator/ReactCodegen.build/Objects-normal/arm64/safeareacontextJSI-generated.o /Users/antoniogrillo-balen/Desktop/Projects/RiseBuild/ios/build/generated/ios/safeareacontextJSI-generated.cpp normal arm64 c++ com.apple.compilers.llvm.clang.1_0.compiler (in target 'ReactCodegen' from project 'Pods')
    cd /Users/antoniogrillo-balen/Desktop/Projects/RiseBuild/ios/Pods
    
    Using response file: /Users/antoniogrillo-balen/Library/Developer/Xcode/DerivedData/risebysolis-gzfsziqwziaggpcbgdowmssiasmi/Build/Intermediates.noindex/Pods.build/Debug-iphonesimulator/ReactCodegen.build/Objects-normal/arm64/82b82416624d2658e5098eb0a28c15c5-common-args.resp
    
    /Applications/Xcode.app/Contents/Developer/Toolchains/XcodeDefault.xctoolchain/usr/bin/clang -x c++ -ivfsstatcache /Users/antoniogrillo-balen/Library/Developer/Xcode/DerivedData/SDKStatCaches.noindex/iphonesimulator26.5-23F73-6cfe768891a92b912361537c460fe42b.sdkstatcache -target arm64-apple-ios15.1-simulator -fmessage-length\=0 -fdiagnostics-show-note-include-stack -fmacro-backtrace-limit\=0 -fno-color-diagnostics -fmodules-prune-interval\=86400 -fmodules-prune-after\=345600 -fbuild-session-file\=/Users/antoniogrillo-balen/Library/Developer/Xcode/DerivedData/ModuleCache.noindex/Session.modulevalidation -fmodules-validate-once-per-build-session -Wnon-modular-include-in-framework-module -Werror\=non-modular-include-in-framework-module -Wno-trigraphs -Wno-missing-field-initializers -Wno-missing-prototypes -Werror\=return-type -Wdocumentation -Wunreachable-code -Werror\=deprecated-objc-isa-usage -Werror\=objc-root-class -Wno-non-virtual-dtor -Wno-overloaded-virtual -Wno-exit-time-destructors -Wno-missing-braces -Wparentheses -Wswitch -Wunused-function -Wno-unused-label -Wno-unused-parameter -Wunused-variable -Wunused-value -Wempty-body -Wuninitialized -Wconditional-uninitialized -Wno-unknown-pragmas -Wno-shadow -Wno-four-char-constants -Wno-conversion -Wconstant-conversion -Wint-conversion -Wbool-conversion -Wenum-conversion -Wno-float-conversion -Wnon-literal-null-conversion -Wobjc-literal-conversion -Wshorten-64-to-32 -Wno-newline-eof -Wno-c++11-extensions -Wno-implicit-fallthrough -isysroot /Applications/Xcode.app/Contents/Developer/Platforms/iPhoneSimulator.platform/Developer/SDKs/iPhoneSimulator26.5.sdk -fstrict-aliasing -Wdeprecated-declarations -Winvalid-offsetof -Wno-sign-conversion -Winfinite-recursion -Wmove -Wcomma -Wblock-capture-autoreleasing -Wstrict-prototypes -Wrange-loop-analysis -Wno-semicolon-before-method-body -Wunguarded-availability -index-store-path /Users/antoniogrillo-balen/Library/Developer/Xcode/DerivedData/risebysolis-gzfsziqwziaggpcbgdowmssiasmi/Index.noindex/DataStore @/Users/antoniogrillo-balen/Library/Developer/Xcode/DerivedData/risebysolis-gzfsziqwziaggpcbgdowmssiasmi/Build/Intermediates.noindex/Pods.build/Debug-iphonesimulator/ReactCodegen.build/Objects-normal/arm64/82b82416624d2658e5098eb0a28c15c5-common-args.resp -DFOLLY_NO_CONFIG -DFOLLY_MOBILE\=1 -DFOLLY_USE_LIBCPP\=1 -DFOLLY_CFG_NO_COROUTINES\=1 -DFOLLY_HAVE_CLOCK_GETTIME\=1 -Wno-comma -Wno-shorten-64-to-32 -Wno-documentation -Wno-nullability-completeness -std\=c++20 -include /Users/antoniogrillo-balen/Desktop/Projects/RiseBuild/ios/Pods/Target\ Support\ Files/ReactCodegen/ReactCodegen-prefix.pch -MMD -MT dependencies -MF /Users/antoniogrillo-balen/Library/Developer/Xcode/DerivedData/risebysolis-gzfsziqwziaggpcbgdowmssiasmi/Build/Intermediates.noindex/Pods.build/Debug-iphonesimulator/ReactCodegen.build/Objects-normal/arm64/safeareacontextJSI-generated.d --serialize-diagnostics /Users/antoniogrillo-balen/Library/Developer/Xcode/DerivedData/risebysolis-gzfsziqwziaggpcbgdowmssiasmi/Build/Intermediates.noindex/Pods.build/Debug-iphonesimulator/ReactCodegen.build/Objects-normal/arm64/safeareacontextJSI-generated.dia -c /Users/antoniogrillo-balen/Desktop/Projects/RiseBuild/ios/build/generated/ios/safeareacontextJSI-generated.cpp -o /Users/antoniogrillo-balen/Library/Developer/Xcode/DerivedData/risebysolis-gzfsziqwziaggpcbgdowmssiasmi/Build/Intermediates.noindex/Pods.build/Debug-iphonesimulator/ReactCodegen.build/Objects-normal/arm64/safeareacontextJSI-generated.o -index-unit-output-path /Pods.build/Debug-iphonesimulator/ReactCodegen.build/Objects-normal/arm64/safeareacontextJSI-generated.o

CompileC /Users/antoniogrillo-balen/Library/Developer/Xcode/DerivedData/risebysolis-gzfsziqwziaggpcbgdowmssiasmi/Build/Intermediates.noindex/Pods.build/Debug-iphonesimulator/ReactCodegen.build/Objects-normal/arm64/RNMmkvSpec-generated.o /Users/antoniogrillo-balen/Desktop/Projects/RiseBuild/ios/build/generated/ios/RNMmkvSpec/RNMmkvSpec-generated.mm normal arm64 objective-c++ com.apple.compilers.llvm.clang.1_0.compiler (in target 'ReactCodegen' from project 'Pods')
    cd /Users/antoniogrillo-balen/Desktop/Projects/RiseBuild/ios/Pods
    
    Using response file: /Users/antoniogrillo-balen/Library/Developer/Xcode/DerivedData/risebysolis-gzfsziqwziaggpcbgdowmssiasmi/Build/Intermediates.noindex/Pods.build/Debug-iphonesimulator/ReactCodegen.build/Objects-normal/arm64/af3fcb34312c57c0f52879cdce924b91-common-args.resp
    
    /Applications/Xcode.app/Contents/Developer/Toolchains/XcodeDefault.xctoolchain/usr/bin/clang -x objective-c++ -ivfsstatcache /Users/antoniogrillo-balen/Library/Developer/Xcode/DerivedData/SDKStatCaches.noindex/iphonesimulator26.5-23F73-6cfe768891a92b912361537c460fe42b.sdkstatcache -target arm64-apple-ios15.1-simulator -fmessage-length\=0 -fdiagnostics-show-note-include-stack -fmacro-backtrace-limit\=0 -fno-color-diagnostics -fmodules-prune-interval\=86400 -fmodules-prune-after\=345600 -fbuild-session-file\=/Users/antoniogrillo-balen/Library/Developer/Xcode/DerivedData/ModuleCache.noindex/Session.modulevalidation -fmodules-validate-once-per-build-session -Wnon-modular-include-in-framework-module -Werror\=non-modular-include-in-framework-module -Wno-trigraphs -Wno-missing-field-initializers -Wno-missing-prototypes -Werror\=return-type -Wdocumentation -Wunreachable-code -Wno-implicit-atomic-properties -Werror\=deprecated-objc-isa-usage -Wno-objc-interface-ivars -Werror\=objc-root-class -Wno-arc-repeated-use-of-weak -Wimplicit-retain-self -Wno-non-virtual-dtor -Wno-overloaded-virtual -Wno-exit-time-destructors -Wduplicate-method-match -Wno-missing-braces -Wparentheses -Wswitch -Wunused-function -Wno-unused-label -Wno-unused-parameter -Wunused-variable -Wunused-value -Wempty-body -Wuninitialized -Wconditional-uninitialized -Wno-unknown-pragmas -Wno-shadow -Wno-four-char-constants -Wno-conversion -Wconstant-conversion -Wint-conversion -Wbool-conversion -Wenum-conversion -Wno-float-conversion -Wnon-literal-null-conversion -Wobjc-literal-conversion -Wshorten-64-to-32 -Wno-newline-eof -Wno-selector -Wno-strict-selector-match -Wundeclared-selector -Wdeprecated-implementations -Wno-c++11-extensions -Wno-implicit-fallthrough -isysroot /Applications/Xcode.app/Contents/Developer/Platforms/iPhoneSimulator.platform/Developer/SDKs/iPhoneSimulator26.5.sdk -fstrict-aliasing -Wprotocol -Wdeprecated-declarations -Winvalid-offsetof -Wno-sign-conversion -Winfinite-recursion -Wmove -Wcomma -Wblock-capture-autoreleasing -Wstrict-prototypes -Wrange-loop-analysis -Wno-semicolon-before-method-body -Wunguarded-availability -index-store-path /Users/antoniogrillo-balen/Library/Developer/Xcode/DerivedData/risebysolis-gzfsziqwziaggpcbgdowmssiasmi/Index.noindex/DataStore @/Users/antoniogrillo-balen/Library/Developer/Xcode/DerivedData/risebysolis-gzfsziqwziaggpcbgdowmssiasmi/Build/Intermediates.noindex/Pods.build/Debug-iphonesimulator/ReactCodegen.build/Objects-normal/arm64/af3fcb34312c57c0f52879cdce924b91-common-args.resp -DFOLLY_NO_CONFIG -DFOLLY_MOBILE\=1 -DFOLLY_USE_LIBCPP\=1 -DFOLLY_CFG_NO_COROUTINES\=1 -DFOLLY_HAVE_CLOCK_GETTIME\=1 -Wno-comma -Wno-shorten-64-to-32 -Wno-documentation -Wno-nullability-completeness -std\=c++20 -include /Users/antoniogrillo-balen/Desktop/Projects/RiseBuild/ios/Pods/Target\ Support\ Files/ReactCodegen/ReactCodegen-prefix.pch -MMD -MT dependencies -MF /Users/antoniogrillo-balen/Library/Developer/Xcode/DerivedData/risebysolis-gzfsziqwziaggpcbgdowmssiasmi/Build/Intermediates.noindex/Pods.build/Debug-iphonesimulator/ReactCodegen.build/Objects-normal/arm64/RNMmkvSpec-generated.d --serialize-diagnostics /Users/antoniogrillo-balen/Library/Developer/Xcode/DerivedData/risebysolis-gzfsziqwziaggpcbgdowmssiasmi/Build/Intermediates.noindex/Pods.build/Debug-iphonesimulator/ReactCodegen.build/Objects-normal/arm64/RNMmkvSpec-generated.dia -c /Users/antoniogrillo-balen/Desktop/Projects/RiseBuild/ios/build/generated/ios/RNMmkvSpec/RNMmkvSpec-generated.mm -o /Users/antoniogrillo-balen/Library/Developer/Xcode/DerivedData/risebysolis-gzfsziqwziaggpcbgdowmssiasmi/Build/Intermediates.noindex/Pods.build/Debug-iphonesimulator/ReactCodegen.build/Objects-normal/arm64/RNMmkvSpec-generated.o -index-unit-output-path /Pods.build/Debug-iphonesimulator/ReactCodegen.build/Objects-normal/arm64/RNMmkvSpec-generated.o

CompileC /Users/antoniogrillo-balen/Library/Developer/Xcode/DerivedData/risebysolis-gzfsziqwziaggpcbgdowmssiasmi/Build/Intermediates.noindex/Pods.build/Debug-iphonesimulator/ReactCodegen.build/Objects-normal/arm64/rngesturehandler_codegenJSI-generated.o /Users/antoniogrillo-balen/Desktop/Projects/RiseBuild/ios/build/generated/ios/rngesturehandler_codegenJSI-generated.cpp normal arm64 c++ com.apple.compilers.llvm.clang.1_0.compiler (in target 'ReactCodegen' from project 'Pods')
    cd /Users/antoniogrillo-balen/Desktop/Projects/RiseBuild/ios/Pods
    
    Using response file: /Users/antoniogrillo-balen/Library/Developer/Xcode/DerivedData/risebysolis-gzfsziqwziaggpcbgdowmssiasmi/Build/Intermediates.noindex/Pods.build/Debug-iphonesimulator/ReactCodegen.build/Objects-normal/arm64/82b82416624d2658e5098eb0a28c15c5-common-args.resp
    
    /Applications/Xcode.app/Contents/Developer/Toolchains/XcodeDefault.xctoolchain/usr/bin/clang -x c++ -ivfsstatcache /Users/antoniogrillo-balen/Library/Developer/Xcode/DerivedData/SDKStatCaches.noindex/iphonesimulator26.5-23F73-6cfe768891a92b912361537c460fe42b.sdkstatcache -target arm64-apple-ios15.1-simulator -fmessage-length\=0 -fdiagnostics-show-note-include-stack -fmacro-backtrace-limit\=0 -fno-color-diagnostics -fmodules-prune-interval\=86400 -fmodules-prune-after\=345600 -fbuild-session-file\=/Users/antoniogrillo-balen/Library/Developer/Xcode/DerivedData/ModuleCache.noindex/Session.modulevalidation -fmodules-validate-once-per-build-session -Wnon-modular-include-in-framework-module -Werror\=non-modular-include-in-framework-module -Wno-trigraphs -Wno-missing-field-initializers -Wno-missing-prototypes -Werror\=return-type -Wdocumentation -Wunreachable-code -Werror\=deprecated-objc-isa-usage -Werror\=objc-root-class -Wno-non-virtual-dtor -Wno-overloaded-virtual -Wno-exit-time-destructors -Wno-missing-braces -Wparentheses -Wswitch -Wunused-function -Wno-unused-label -Wno-unused-parameter -Wunused-variable -Wunused-value -Wempty-body -Wuninitialized -Wconditional-uninitialized -Wno-unknown-pragmas -Wno-shadow -Wno-four-char-constants -Wno-conversion -Wconstant-conversion -Wint-conversion -Wbool-conversion -Wenum-conversion -Wno-float-conversion -Wnon-literal-null-conversion -Wobjc-literal-conversion -Wshorten-64-to-32 -Wno-newline-eof -Wno-c++11-extensions -Wno-implicit-fallthrough -isysroot /Applications/Xcode.app/Contents/Developer/Platforms/iPhoneSimulator.platform/Developer/SDKs/iPhoneSimulator26.5.sdk -fstrict-aliasing -Wdeprecated-declarations -Winvalid-offsetof -Wno-sign-conversion -Winfinite-recursion -Wmove -Wcomma -Wblock-capture-autoreleasing -Wstrict-prototypes -Wrange-loop-analysis -Wno-semicolon-before-method-body -Wunguarded-availability -index-store-path /Users/antoniogrillo-balen/Library/Developer/Xcode/DerivedData/risebysolis-gzfsziqwziaggpcbgdowmssiasmi/Index.noindex/DataStore @/Users/antoniogrillo-balen/Library/Developer/Xcode/DerivedData/risebysolis-gzfsziqwziaggpcbgdowmssiasmi/Build/Intermediates.noindex/Pods.build/Debug-iphonesimulator/ReactCodegen.build/Objects-normal/arm64/82b82416624d2658e5098eb0a28c15c5-common-args.resp -DFOLLY_NO_CONFIG -DFOLLY_MOBILE\=1 -DFOLLY_USE_LIBCPP\=1 -DFOLLY_CFG_NO_COROUTINES\=1 -DFOLLY_HAVE_CLOCK_GETTIME\=1 -Wno-comma -Wno-shorten-64-to-32 -Wno-documentation -Wno-nullability-completeness -std\=c++20 -include /Users/antoniogrillo-balen/Desktop/Projects/RiseBuild/ios/Pods/Target\ Support\ Files/ReactCodegen/ReactCodegen-prefix.pch -MMD -MT dependencies -MF /Users/antoniogrillo-balen/Library/Developer/Xcode/DerivedData/risebysolis-gzfsziqwziaggpcbgdowmssiasmi/Build/Intermediates.noindex/Pods.build/Debug-iphonesimulator/ReactCodegen.build/Objects-normal/arm64/rngesturehandler_codegenJSI-generated.d --serialize-diagnostics /Users/antoniogrillo-balen/Library/Developer/Xcode/DerivedData/risebysolis-gzfsziqwziaggpcbgdowmssiasmi/Build/Intermediates.noindex/Pods.build/Debug-iphonesimulator/ReactCodegen.build/Objects-normal/arm64/rngesturehandler_codegenJSI-generated.dia -c /Users/antoniogrillo-balen/Desktop/Projects/RiseBuild/ios/build/generated/ios/rngesturehandler_codegenJSI-generated.cpp -o /Users/antoniogrillo-balen/Library/Developer/Xcode/DerivedData/risebysolis-gzfsziqwziaggpcbgdowmssiasmi/Build/Intermediates.noindex/Pods.build/Debug-iphonesimulator/ReactCodegen.build/Objects-normal/arm64/rngesturehandler_codegenJSI-generated.o -index-unit-output-path /Pods.build/Debug-iphonesimulator/ReactCodegen.build/Objects-normal/arm64/rngesturehandler_codegenJSI-generated.o

CompileC /Users/antoniogrillo-balen/Library/Developer/Xcode/DerivedData/risebysolis-gzfsziqwziaggpcbgdowmssiasmi/Build/Intermediates.noindex/Pods.build/Debug-iphonesimulator/ReactCodegen.build/Objects-normal/arm64/States-8ea9260e6dbc98ac9d10d5a153a02f31.o /Users/antoniogrillo-balen/Desktop/Projects/RiseBuild/ios/build/generated/ios/react/renderer/components/rngesturehandler_codegen/States.cpp normal arm64 c++ com.apple.compilers.llvm.clang.1_0.compiler (in target 'ReactCodegen' from project 'Pods')
    cd /Users/antoniogrillo-balen/Desktop/Projects/RiseBuild/ios/Pods
    
    Using response file: /Users/antoniogrillo-balen/Library/Developer/Xcode/DerivedData/risebysolis-gzfsziqwziaggpcbgdowmssiasmi/Build/Intermediates.noindex/Pods.build/Debug-iphonesimulator/ReactCodegen.build/Objects-normal/arm64/82b82416624d2658e5098eb0a28c15c5-common-args.resp
    
    /Applications/Xcode.app/Contents/Developer/Toolchains/XcodeDefault.xctoolchain/usr/bin/clang -x c++ -ivfsstatcache /Users/antoniogrillo-balen/Library/Developer/Xcode/DerivedData/SDKStatCaches.noindex/iphonesimulator26.5-23F73-6cfe768891a92b912361537c460fe42b.sdkstatcache -target arm64-apple-ios15.1-simulator -fmessage-length\=0 -fdiagnostics-show-note-include-stack -fmacro-backtrace-limit\=0 -fno-color-diagnostics -fmodules-prune-interval\=86400 -fmodules-prune-after\=345600 -fbuild-session-file\=/Users/antoniogrillo-balen/Library/Developer/Xcode/DerivedData/ModuleCache.noindex/Session.modulevalidation -fmodules-validate-once-per-build-session -Wnon-modular-include-in-framework-module -Werror\=non-modular-include-in-framework-module -Wno-trigraphs -Wno-missing-field-initializers -Wno-missing-prototypes -Werror\=return-type -Wdocumentation -Wunreachable-code -Werror\=deprecated-objc-isa-usage -Werror\=objc-root-class -Wno-non-virtual-dtor -Wno-overloaded-virtual -Wno-exit-time-destructors -Wno-missing-braces -Wparentheses -Wswitch -Wunused-function -Wno-unused-label -Wno-unused-parameter -Wunused-variable -Wunused-value -Wempty-body -Wuninitialized -Wconditional-uninitialized -Wno-unknown-pragmas -Wno-shadow -Wno-four-char-constants -Wno-conversion -Wconstant-conversion -Wint-conversion -Wbool-conversion -Wenum-conversion -Wno-float-conversion -Wnon-literal-null-conversion -Wobjc-literal-conversion -Wshorten-64-to-32 -Wno-newline-eof -Wno-c++11-extensions -Wno-implicit-fallthrough -isysroot /Applications/Xcode.app/Contents/Developer/Platforms/iPhoneSimulator.platform/Developer/SDKs/iPhoneSimulator26.5.sdk -fstrict-aliasing -Wdeprecated-declarations -Winvalid-offsetof -Wno-sign-conversion -Winfinite-recursion -Wmove -Wcomma -Wblock-capture-autoreleasing -Wstrict-prototypes -Wrange-loop-analysis -Wno-semicolon-before-method-body -Wunguarded-availability -index-store-path /Users/antoniogrillo-balen/Library/Developer/Xcode/DerivedData/risebysolis-gzfsziqwziaggpcbgdowmssiasmi/Index.noindex/DataStore @/Users/antoniogrillo-balen/Library/Developer/Xcode/DerivedData/risebysolis-gzfsziqwziaggpcbgdowmssiasmi/Build/Intermediates.noindex/Pods.build/Debug-iphonesimulator/ReactCodegen.build/Objects-normal/arm64/82b82416624d2658e5098eb0a28c15c5-common-args.resp -DFOLLY_NO_CONFIG -DFOLLY_MOBILE\=1 -DFOLLY_USE_LIBCPP\=1 -DFOLLY_CFG_NO_COROUTINES\=1 -DFOLLY_HAVE_CLOCK_GETTIME\=1 -Wno-comma -Wno-shorten-64-to-32 -Wno-documentation -Wno-nullability-completeness -std\=c++20 -include /Users/antoniogrillo-balen/Desktop/Projects/RiseBuild/ios/Pods/Target\ Support\ Files/ReactCodegen/ReactCodegen-prefix.pch -MMD -MT dependencies -MF /Users/antoniogrillo-balen/Library/Developer/Xcode/DerivedData/risebysolis-gzfsziqwziaggpcbgdowmssiasmi/Build/Intermediates.noindex/Pods.build/Debug-iphonesimulator/ReactCodegen.build/Objects-normal/arm64/States-8ea9260e6dbc98ac9d10d5a153a02f31.d --serialize-diagnostics /Users/antoniogrillo-balen/Library/Developer/Xcode/DerivedData/risebysolis-gzfsziqwziaggpcbgdowmssiasmi/Build/Intermediates.noindex/Pods.build/Debug-iphonesimulator/ReactCodegen.build/Objects-normal/arm64/States-8ea9260e6dbc98ac9d10d5a153a02f31.dia -c /Users/antoniogrillo-balen/Desktop/Projects/RiseBuild/ios/build/generated/ios/react/renderer/components/rngesturehandler_codegen/States.cpp -o /Users/antoniogrillo-balen/Library/Developer/Xcode/DerivedData/risebysolis-gzfsziqwziaggpcbgdowmssiasmi/Build/Intermediates.noindex/Pods.build/Debug-iphonesimulator/ReactCodegen.build/Objects-normal/arm64/States-8ea9260e6dbc98ac9d10d5a153a02f31.o -index-unit-output-path /Pods.build/Debug-iphonesimulator/ReactCodegen.build/Objects-normal/arm64/States-8ea9260e6dbc98ac9d10d5a153a02f31.o

CompileC /Users/antoniogrillo-balen/Library/Developer/Xcode/DerivedData/risebysolis-gzfsziqwziaggpcbgdowmssiasmi/Build/Intermediates.noindex/Pods.build/Debug-iphonesimulator/ReactCodegen.build/Objects-normal/arm64/States-968cadc7c1363e86fb1f0d5324695ab6.o /Users/antoniogrillo-balen/Desktop/Projects/RiseBuild/ios/build/generated/ios/react/renderer/components/rnscreens/States.cpp normal arm64 c++ com.apple.compilers.llvm.clang.1_0.compiler (in target 'ReactCodegen' from project 'Pods')
    cd /Users/antoniogrillo-balen/Desktop/Projects/RiseBuild/ios/Pods
    
    Using response file: /Users/antoniogrillo-balen/Library/Developer/Xcode/DerivedData/risebysolis-gzfsziqwziaggpcbgdowmssiasmi/Build/Intermediates.noindex/Pods.build/Debug-iphonesimulator/ReactCodegen.build/Objects-normal/arm64/82b82416624d2658e5098eb0a28c15c5-common-args.resp
    
    /Applications/Xcode.app/Contents/Developer/Toolchains/XcodeDefault.xctoolchain/usr/bin/clang -x c++ -ivfsstatcache /Users/antoniogrillo-balen/Library/Developer/Xcode/DerivedData/SDKStatCaches.noindex/iphonesimulator26.5-23F73-6cfe768891a92b912361537c460fe42b.sdkstatcache -target arm64-apple-ios15.1-simulator -fmessage-length\=0 -fdiagnostics-show-note-include-stack -fmacro-backtrace-limit\=0 -fno-color-diagnostics -fmodules-prune-interval\=86400 -fmodules-prune-after\=345600 -fbuild-session-file\=/Users/antoniogrillo-balen/Library/Developer/Xcode/DerivedData/ModuleCache.noindex/Session.modulevalidation -fmodules-validate-once-per-build-session -Wnon-modular-include-in-framework-module -Werror\=non-modular-include-in-framework-module -Wno-trigraphs -Wno-missing-field-initializers -Wno-missing-prototypes -Werror\=return-type -Wdocumentation -Wunreachable-code -Werror\=deprecated-objc-isa-usage -Werror\=objc-root-class -Wno-non-virtual-dtor -Wno-overloaded-virtual -Wno-exit-time-destructors -Wno-missing-braces -Wparentheses -Wswitch -Wunused-function -Wno-unused-label -Wno-unused-parameter -Wunused-variable -Wunused-value -Wempty-body -Wuninitialized -Wconditional-uninitialized -Wno-unknown-pragmas -Wno-shadow -Wno-four-char-constants -Wno-conversion -Wconstant-conversion -Wint-conversion -Wbool-conversion -Wenum-conversion -Wno-float-conversion -Wnon-literal-null-conversion -Wobjc-literal-conversion -Wshorten-64-to-32 -Wno-newline-eof -Wno-c++11-extensions -Wno-implicit-fallthrough -isysroot /Applications/Xcode.app/Contents/Developer/Platforms/iPhoneSimulator.platform/Developer/SDKs/iPhoneSimulator26.5.sdk -fstrict-aliasing -Wdeprecated-declarations -Winvalid-offsetof -Wno-sign-conversion -Winfinite-recursion -Wmove -Wcomma -Wblock-capture-autoreleasing -Wstrict-prototypes -Wrange-loop-analysis -Wno-semicolon-before-method-body -Wunguarded-availability -index-store-path /Users/antoniogrillo-balen/Library/Developer/Xcode/DerivedData/risebysolis-gzfsziqwziaggpcbgdowmssiasmi/Index.noindex/DataStore @/Users/antoniogrillo-balen/Library/Developer/Xcode/DerivedData/risebysolis-gzfsziqwziaggpcbgdowmssiasmi/Build/Intermediates.noindex/Pods.build/Debug-iphonesimulator/ReactCodegen.build/Objects-normal/arm64/82b82416624d2658e5098eb0a28c15c5-common-args.resp -DFOLLY_NO_CONFIG -DFOLLY_MOBILE\=1 -DFOLLY_USE_LIBCPP\=1 -DFOLLY_CFG_NO_COROUTINES\=1 -DFOLLY_HAVE_CLOCK_GETTIME\=1 -Wno-comma -Wno-shorten-64-to-32 -Wno-documentation -Wno-nullability-completeness -std\=c++20 -include /Users/antoniogrillo-balen/Desktop/Projects/RiseBuild/ios/Pods/Target\ Support\ Files/ReactCodegen/ReactCodegen-prefix.pch -MMD -MT dependencies -MF /Users/antoniogrillo-balen/Library/Developer/Xcode/DerivedData/risebysolis-gzfsziqwziaggpcbgdowmssiasmi/Build/Intermediates.noindex/Pods.build/Debug-iphonesimulator/ReactCodegen.build/Objects-normal/arm64/States-968cadc7c1363e86fb1f0d5324695ab6.d --serialize-diagnostics /Users/antoniogrillo-balen/Library/Developer/Xcode/DerivedData/risebysolis-gzfsziqwziaggpcbgdowmssiasmi/Build/Intermediates.noindex/Pods.build/Debug-iphonesimulator/ReactCodegen.build/Objects-normal/arm64/States-968cadc7c1363e86fb1f0d5324695ab6.dia -c /Users/antoniogrillo-balen/Desktop/Projects/RiseBuild/ios/build/generated/ios/react/renderer/components/rnscreens/States.cpp -o /Users/antoniogrillo-balen/Library/Developer/Xcode/DerivedData/risebysolis-gzfsziqwziaggpcbgdowmssiasmi/Build/Intermediates.noindex/Pods.build/Debug-iphonesimulator/ReactCodegen.build/Objects-normal/arm64/States-968cadc7c1363e86fb1f0d5324695ab6.o -index-unit-output-path /Pods.build/Debug-iphonesimulator/ReactCodegen.build/Objects-normal/arm64/States-968cadc7c1363e86fb1f0d5324695ab6.o

CompileC /Users/antoniogrillo-balen/Library/Developer/Xcode/DerivedData/risebysolis-gzfsziqwziaggpcbgdowmssiasmi/Build/Intermediates.noindex/Pods.build/Debug-iphonesimulator/ReactCodegen.build/Objects-normal/arm64/rngesturehandler_codegen-generated.o /Users/antoniogrillo-balen/Desktop/Projects/RiseBuild/ios/build/generated/ios/rngesturehandler_codegen/rngesturehandler_codegen-generated.mm normal arm64 objective-c++ com.apple.compilers.llvm.clang.1_0.compiler (in target 'ReactCodegen' from project 'Pods')
    cd /Users/antoniogrillo-balen/Desktop/Projects/RiseBuild/ios/Pods
    
    Using response file: /Users/antoniogrillo-balen/Library/Developer/Xcode/DerivedData/risebysolis-gzfsziqwziaggpcbgdowmssiasmi/Build/Intermediates.noindex/Pods.build/Debug-iphonesimulator/ReactCodegen.build/Objects-normal/arm64/af3fcb34312c57c0f52879cdce924b91-common-args.resp
    
    /Applications/Xcode.app/Contents/Developer/Toolchains/XcodeDefault.xctoolchain/usr/bin/clang -x objective-c++ -ivfsstatcache /Users/antoniogrillo-balen/Library/Developer/Xcode/DerivedData/SDKStatCaches.noindex/iphonesimulator26.5-23F73-6cfe768891a92b912361537c460fe42b.sdkstatcache -target arm64-apple-ios15.1-simulator -fmessage-length\=0 -fdiagnostics-show-note-include-stack -fmacro-backtrace-limit\=0 -fno-color-diagnostics -fmodules-prune-interval\=86400 -fmodules-prune-after\=345600 -fbuild-session-file\=/Users/antoniogrillo-balen/Library/Developer/Xcode/DerivedData/ModuleCache.noindex/Session.modulevalidation -fmodules-validate-once-per-build-session -Wnon-modular-include-in-framework-module -Werror\=non-modular-include-in-framework-module -Wno-trigraphs -Wno-missing-field-initializers -Wno-missing-prototypes -Werror\=return-type -Wdocumentation -Wunreachable-code -Wno-implicit-atomic-properties -Werror\=deprecated-objc-isa-usage -Wno-objc-interface-ivars -Werror\=objc-root-class -Wno-arc-repeated-use-of-weak -Wimplicit-retain-self -Wno-non-virtual-dtor -Wno-overloaded-virtual -Wno-exit-time-destructors -Wduplicate-method-match -Wno-missing-braces -Wparentheses -Wswitch -Wunused-function -Wno-unused-label -Wno-unused-parameter -Wunused-variable -Wunused-value -Wempty-body -Wuninitialized -Wconditional-uninitialized -Wno-unknown-pragmas -Wno-shadow -Wno-four-char-constants -Wno-conversion -Wconstant-conversion -Wint-conversion -Wbool-conversion -Wenum-conversion -Wno-float-conversion -Wnon-literal-null-conversion -Wobjc-literal-conversion -Wshorten-64-to-32 -Wno-newline-eof -Wno-selector -Wno-strict-selector-match -Wundeclared-selector -Wdeprecated-implementations -Wno-c++11-extensions -Wno-implicit-fallthrough -isysroot /Applications/Xcode.app/Contents/Developer/Platforms/iPhoneSimulator.platform/Developer/SDKs/iPhoneSimulator26.5.sdk -fstrict-aliasing -Wprotocol -Wdeprecated-declarations -Winvalid-offsetof -Wno-sign-conversion -Winfinite-recursion -Wmove -Wcomma -Wblock-capture-autoreleasing -Wstrict-prototypes -Wrange-loop-analysis -Wno-semicolon-before-method-body -Wunguarded-availability -index-store-path /Users/antoniogrillo-balen/Library/Developer/Xcode/DerivedData/risebysolis-gzfsziqwziaggpcbgdowmssiasmi/Index.noindex/DataStore @/Users/antoniogrillo-balen/Library/Developer/Xcode/DerivedData/risebysolis-gzfsziqwziaggpcbgdowmssiasmi/Build/Intermediates.noindex/Pods.build/Debug-iphonesimulator/ReactCodegen.build/Objects-normal/arm64/af3fcb34312c57c0f52879cdce924b91-common-args.resp -DFOLLY_NO_CONFIG -DFOLLY_MOBILE\=1 -DFOLLY_USE_LIBCPP\=1 -DFOLLY_CFG_NO_COROUTINES\=1 -DFOLLY_HAVE_CLOCK_GETTIME\=1 -Wno-comma -Wno-shorten-64-to-32 -Wno-documentation -Wno-nullability-completeness -std\=c++20 -include /Users/antoniogrillo-balen/Desktop/Projects/RiseBuild/ios/Pods/Target\ Support\ Files/ReactCodegen/ReactCodegen-prefix.pch -MMD -MT dependencies -MF /Users/antoniogrillo-balen/Library/Developer/Xcode/DerivedData/risebysolis-gzfsziqwziaggpcbgdowmssiasmi/Build/Intermediates.noindex/Pods.build/Debug-iphonesimulator/ReactCodegen.build/Objects-normal/arm64/rngesturehandler_codegen-generated.d --serialize-diagnostics /Users/antoniogrillo-balen/Library/Developer/Xcode/DerivedData/risebysolis-gzfsziqwziaggpcbgdowmssiasmi/Build/Intermediates.noindex/Pods.build/Debug-iphonesimulator/ReactCodegen.build/Objects-normal/arm64/rngesturehandler_codegen-generated.dia -c /Users/antoniogrillo-balen/Desktop/Projects/RiseBuild/ios/build/generated/ios/rngesturehandler_codegen/rngesturehandler_codegen-generated.mm -o /Users/antoniogrillo-balen/Library/Developer/Xcode/DerivedData/risebysolis-gzfsziqwziaggpcbgdowmssiasmi/Build/Intermediates.noindex/Pods.build/Debug-iphonesimulator/ReactCodegen.build/Objects-normal/arm64/rngesturehandler_codegen-generated.o -index-unit-output-path /Pods.build/Debug-iphonesimulator/ReactCodegen.build/Objects-normal/arm64/rngesturehandler_codegen-generated.o

CompileC /Users/antoniogrillo-balen/Library/Developer/Xcode/DerivedData/risebysolis-gzfsziqwziaggpcbgdowmssiasmi/Build/Intermediates.noindex/Pods.build/Debug-iphonesimulator/ReactCodegen.build/Objects-normal/arm64/States-5e001e13785445866a63843290897657.o /Users/antoniogrillo-balen/Desktop/Projects/RiseBuild/ios/build/generated/ios/react/renderer/components/RNGoogleSignInCGen/States.cpp normal arm64 c++ com.apple.compilers.llvm.clang.1_0.compiler (in target 'ReactCodegen' from project 'Pods')
    cd /Users/antoniogrillo-balen/Desktop/Projects/RiseBuild/ios/Pods
    
    Using response file: /Users/antoniogrillo-balen/Library/Developer/Xcode/DerivedData/risebysolis-gzfsziqwziaggpcbgdowmssiasmi/Build/Intermediates.noindex/Pods.build/Debug-iphonesimulator/ReactCodegen.build/Objects-normal/arm64/82b82416624d2658e5098eb0a28c15c5-common-args.resp
    
    /Applications/Xcode.app/Contents/Developer/Toolchains/XcodeDefault.xctoolchain/usr/bin/clang -x c++ -ivfsstatcache /Users/antoniogrillo-balen/Library/Developer/Xcode/DerivedData/SDKStatCaches.noindex/iphonesimulator26.5-23F73-6cfe768891a92b912361537c460fe42b.sdkstatcache -target arm64-apple-ios15.1-simulator -fmessage-length\=0 -fdiagnostics-show-note-include-stack -fmacro-backtrace-limit\=0 -fno-color-diagnostics -fmodules-prune-interval\=86400 -fmodules-prune-after\=345600 -fbuild-session-file\=/Users/antoniogrillo-balen/Library/Developer/Xcode/DerivedData/ModuleCache.noindex/Session.modulevalidation -fmodules-validate-once-per-build-session -Wnon-modular-include-in-framework-module -Werror\=non-modular-include-in-framework-module -Wno-trigraphs -Wno-missing-field-initializers -Wno-missing-prototypes -Werror\=return-type -Wdocumentation -Wunreachable-code -Werror\=deprecated-objc-isa-usage -Werror\=objc-root-class -Wno-non-virtual-dtor -Wno-overloaded-virtual -Wno-exit-time-destructors -Wno-missing-braces -Wparentheses -Wswitch -Wunused-function -Wno-unused-label -Wno-unused-parameter -Wunused-variable -Wunused-value -Wempty-body -Wuninitialized -Wconditional-uninitialized -Wno-unknown-pragmas -Wno-shadow -Wno-four-char-constants -Wno-conversion -Wconstant-conversion -Wint-conversion -Wbool-conversion -Wenum-conversion -Wno-float-conversion -Wnon-literal-null-conversion -Wobjc-literal-conversion -Wshorten-64-to-32 -Wno-newline-eof -Wno-c++11-extensions -Wno-implicit-fallthrough -isysroot /Applications/Xcode.app/Contents/Developer/Platforms/iPhoneSimulator.platform/Developer/SDKs/iPhoneSimulator26.5.sdk -fstrict-aliasing -Wdeprecated-declarations -Winvalid-offsetof -Wno-sign-conversion -Winfinite-recursion -Wmove -Wcomma -Wblock-capture-autoreleasing -Wstrict-prototypes -Wrange-loop-analysis -Wno-semicolon-before-method-body -Wunguarded-availability -index-store-path /Users/antoniogrillo-balen/Library/Developer/Xcode/DerivedData/risebysolis-gzfsziqwziaggpcbgdowmssiasmi/Index.noindex/DataStore @/Users/antoniogrillo-balen/Library/Developer/Xcode/DerivedData/risebysolis-gzfsziqwziaggpcbgdowmssiasmi/Build/Intermediates.noindex/Pods.build/Debug-iphonesimulator/ReactCodegen.build/Objects-normal/arm64/82b82416624d2658e5098eb0a28c15c5-common-args.resp -DFOLLY_NO_CONFIG -DFOLLY_MOBILE\=1 -DFOLLY_USE_LIBCPP\=1 -DFOLLY_CFG_NO_COROUTINES\=1 -DFOLLY_HAVE_CLOCK_GETTIME\=1 -Wno-comma -Wno-shorten-64-to-32 -Wno-documentation -Wno-nullability-completeness -std\=c++20 -include /Users/antoniogrillo-balen/Desktop/Projects/RiseBuild/ios/Pods/Target\ Support\ Files/ReactCodegen/ReactCodegen-prefix.pch -MMD -MT dependencies -MF /Users/antoniogrillo-balen/Library/Developer/Xcode/DerivedData/risebysolis-gzfsziqwziaggpcbgdowmssiasmi/Build/Intermediates.noindex/Pods.build/Debug-iphonesimulator/ReactCodegen.build/Objects-normal/arm64/States-5e001e13785445866a63843290897657.d --serialize-diagnostics /Users/antoniogrillo-balen/Library/Developer/Xcode/DerivedData/risebysolis-gzfsziqwziaggpcbgdowmssiasmi/Build/Intermediates.noindex/Pods.build/Debug-iphonesimulator/ReactCodegen.build/Objects-normal/arm64/States-5e001e13785445866a63843290897657.dia -c /Users/antoniogrillo-balen/Desktop/Projects/RiseBuild/ios/build/generated/ios/react/renderer/components/RNGoogleSignInCGen/States.cpp -o /Users/antoniogrillo-balen/Library/Developer/Xcode/DerivedData/risebysolis-gzfsziqwziaggpcbgdowmssiasmi/Build/Intermediates.noindex/Pods.build/Debug-iphonesimulator/ReactCodegen.build/Objects-normal/arm64/States-5e001e13785445866a63843290897657.o -index-unit-output-path /Pods.build/Debug-iphonesimulator/ReactCodegen.build/Objects-normal/arm64/States-5e001e13785445866a63843290897657.o

CompileC /Users/antoniogrillo-balen/Library/Developer/Xcode/DerivedData/risebysolis-gzfsziqwziaggpcbgdowmssiasmi/Build/Intermediates.noindex/Pods.build/Debug-iphonesimulator/ReactCodegen.build/Objects-normal/arm64/States-3698b3cb42412b714a52efd38d74891f.o /Users/antoniogrillo-balen/Desktop/Projects/RiseBuild/ios/build/generated/ios/react/renderer/components/safeareacontext/States.cpp normal arm64 c++ com.apple.compilers.llvm.clang.1_0.compiler (in target 'ReactCodegen' from project 'Pods')
    cd /Users/antoniogrillo-balen/Desktop/Projects/RiseBuild/ios/Pods
    
    Using response file: /Users/antoniogrillo-balen/Library/Developer/Xcode/DerivedData/risebysolis-gzfsziqwziaggpcbgdowmssiasmi/Build/Intermediates.noindex/Pods.build/Debug-iphonesimulator/ReactCodegen.build/Objects-normal/arm64/82b82416624d2658e5098eb0a28c15c5-common-args.resp
    
    /Applications/Xcode.app/Contents/Developer/Toolchains/XcodeDefault.xctoolchain/usr/bin/clang -x c++ -ivfsstatcache /Users/antoniogrillo-balen/Library/Developer/Xcode/DerivedData/SDKStatCaches.noindex/iphonesimulator26.5-23F73-6cfe768891a92b912361537c460fe42b.sdkstatcache -target arm64-apple-ios15.1-simulator -fmessage-length\=0 -fdiagnostics-show-note-include-stack -fmacro-backtrace-limit\=0 -fno-color-diagnostics -fmodules-prune-interval\=86400 -fmodules-prune-after\=345600 -fbuild-session-file\=/Users/antoniogrillo-balen/Library/Developer/Xcode/DerivedData/ModuleCache.noindex/Session.modulevalidation -fmodules-validate-once-per-build-session -Wnon-modular-include-in-framework-module -Werror\=non-modular-include-in-framework-module -Wno-trigraphs -Wno-missing-field-initializers -Wno-missing-prototypes -Werror\=return-type -Wdocumentation -Wunreachable-code -Werror\=deprecated-objc-isa-usage -Werror\=objc-root-class -Wno-non-virtual-dtor -Wno-overloaded-virtual -Wno-exit-time-destructors -Wno-missing-braces -Wparentheses -Wswitch -Wunused-function -Wno-unused-label -Wno-unused-parameter -Wunused-variable -Wunused-value -Wempty-body -Wuninitialized -Wconditional-uninitialized -Wno-unknown-pragmas -Wno-shadow -Wno-four-char-constants -Wno-conversion -Wconstant-conversion -Wint-conversion -Wbool-conversion -Wenum-conversion -Wno-float-conversion -Wnon-literal-null-conversion -Wobjc-literal-conversion -Wshorten-64-to-32 -Wno-newline-eof -Wno-c++11-extensions -Wno-implicit-fallthrough -isysroot /Applications/Xcode.app/Contents/Developer/Platforms/iPhoneSimulator.platform/Developer/SDKs/iPhoneSimulator26.5.sdk -fstrict-aliasing -Wdeprecated-declarations -Winvalid-offsetof -Wno-sign-conversion -Winfinite-recursion -Wmove -Wcomma -Wblock-capture-autoreleasing -Wstrict-prototypes -Wrange-loop-analysis -Wno-semicolon-before-method-body -Wunguarded-availability -index-store-path /Users/antoniogrillo-balen/Library/Developer/Xcode/DerivedData/risebysolis-gzfsziqwziaggpcbgdowmssiasmi/Index.noindex/DataStore @/Users/antoniogrillo-balen/Library/Developer/Xcode/DerivedData/risebysolis-gzfsziqwziaggpcbgdowmssiasmi/Build/Intermediates.noindex/Pods.build/Debug-iphonesimulator/ReactCodegen.build/Objects-normal/arm64/82b82416624d2658e5098eb0a28c15c5-common-args.resp -DFOLLY_NO_CONFIG -DFOLLY_MOBILE\=1 -DFOLLY_USE_LIBCPP\=1 -DFOLLY_CFG_NO_COROUTINES\=1 -DFOLLY_HAVE_CLOCK_GETTIME\=1 -Wno-comma -Wno-shorten-64-to-32 -Wno-documentation -Wno-nullability-completeness -std\=c++20 -include /Users/antoniogrillo-balen/Desktop/Projects/RiseBuild/ios/Pods/Target\ Support\ Files/ReactCodegen/ReactCodegen-prefix.pch -MMD -MT dependencies -MF /Users/antoniogrillo-balen/Library/Developer/Xcode/DerivedData/risebysolis-gzfsziqwziaggpcbgdowmssiasmi/Build/Intermediates.noindex/Pods.build/Debug-iphonesimulator/ReactCodegen.build/Objects-normal/arm64/States-3698b3cb42412b714a52efd38d74891f.d --serialize-diagnostics /Users/antoniogrillo-balen/Library/Developer/Xcode/DerivedData/risebysolis-gzfsziqwziaggpcbgdowmssiasmi/Build/Intermediates.noindex/Pods.build/Debug-iphonesimulator/ReactCodegen.build/Objects-normal/arm64/States-3698b3cb42412b714a52efd38d74891f.dia -c /Users/antoniogrillo-balen/Desktop/Projects/RiseBuild/ios/build/generated/ios/react/renderer/components/safeareacontext/States.cpp -o /Users/antoniogrillo-balen/Library/Developer/Xcode/DerivedData/risebysolis-gzfsziqwziaggpcbgdowmssiasmi/Build/Intermediates.noindex/Pods.build/Debug-iphonesimulator/ReactCodegen.build/Objects-normal/arm64/States-3698b3cb42412b714a52efd38d74891f.o -index-unit-output-path /Pods.build/Debug-iphonesimulator/ReactCodegen.build/Objects-normal/arm64/States-3698b3cb42412b714a52efd38d74891f.o

CompileC /Users/antoniogrillo-balen/Library/Developer/Xcode/DerivedData/risebysolis-gzfsziqwziaggpcbgdowmssiasmi/Build/Intermediates.noindex/Pods.build/Debug-iphonesimulator/ReactCodegen.build/Objects-normal/arm64/ShadowNodes-be5ea0c90f7f948053f2b2050a929d88.o /Users/antoniogrillo-balen/Desktop/Projects/RiseBuild/ios/build/generated/ios/react/renderer/components/safeareacontext/ShadowNodes.cpp normal arm64 c++ com.apple.compilers.llvm.clang.1_0.compiler (in target 'ReactCodegen' from project 'Pods')
    cd /Users/antoniogrillo-balen/Desktop/Projects/RiseBuild/ios/Pods
    
    Using response file: /Users/antoniogrillo-balen/Library/Developer/Xcode/DerivedData/risebysolis-gzfsziqwziaggpcbgdowmssiasmi/Build/Intermediates.noindex/Pods.build/Debug-iphonesimulator/ReactCodegen.build/Objects-normal/arm64/82b82416624d2658e5098eb0a28c15c5-common-args.resp
    
    /Applications/Xcode.app/Contents/Developer/Toolchains/XcodeDefault.xctoolchain/usr/bin/clang -x c++ -ivfsstatcache /Users/antoniogrillo-balen/Library/Developer/Xcode/DerivedData/SDKStatCaches.noindex/iphonesimulator26.5-23F73-6cfe768891a92b912361537c460fe42b.sdkstatcache -target arm64-apple-ios15.1-simulator -fmessage-length\=0 -fdiagnostics-show-note-include-stack -fmacro-backtrace-limit\=0 -fno-color-diagnostics -fmodules-prune-interval\=86400 -fmodules-prune-after\=345600 -fbuild-session-file\=/Users/antoniogrillo-balen/Library/Developer/Xcode/DerivedData/ModuleCache.noindex/Session.modulevalidation -fmodules-validate-once-per-build-session -Wnon-modular-include-in-framework-module -Werror\=non-modular-include-in-framework-module -Wno-trigraphs -Wno-missing-field-initializers -Wno-missing-prototypes -Werror\=return-type -Wdocumentation -Wunreachable-code -Werror\=deprecated-objc-isa-usage -Werror\=objc-root-class -Wno-non-virtual-dtor -Wno-overloaded-virtual -Wno-exit-time-destructors -Wno-missing-braces -Wparentheses -Wswitch -Wunused-function -Wno-unused-label -Wno-unused-parameter -Wunused-variable -Wunused-value -Wempty-body -Wuninitialized -Wconditional-uninitialized -Wno-unknown-pragmas -Wno-shadow -Wno-four-char-constants -Wno-conversion -Wconstant-conversion -Wint-conversion -Wbool-conversion -Wenum-conversion -Wno-float-conversion -Wnon-literal-null-conversion -Wobjc-literal-conversion -Wshorten-64-to-32 -Wno-newline-eof -Wno-c++11-extensions -Wno-implicit-fallthrough -isysroot /Applications/Xcode.app/Contents/Developer/Platforms/iPhoneSimulator.platform/Developer/SDKs/iPhoneSimulator26.5.sdk -fstrict-aliasing -Wdeprecated-declarations -Winvalid-offsetof -Wno-sign-conversion -Winfinite-recursion -Wmove -Wcomma -Wblock-capture-autoreleasing -Wstrict-prototypes -Wrange-loop-analysis -Wno-semicolon-before-method-body -Wunguarded-availability -index-store-path /Users/antoniogrillo-balen/Library/Developer/Xcode/DerivedData/risebysolis-gzfsziqwziaggpcbgdowmssiasmi/Index.noindex/DataStore @/Users/antoniogrillo-balen/Library/Developer/Xcode/DerivedData/risebysolis-gzfsziqwziaggpcbgdowmssiasmi/Build/Intermediates.noindex/Pods.build/Debug-iphonesimulator/ReactCodegen.build/Objects-normal/arm64/82b82416624d2658e5098eb0a28c15c5-common-args.resp -DFOLLY_NO_CONFIG -DFOLLY_MOBILE\=1 -DFOLLY_USE_LIBCPP\=1 -DFOLLY_CFG_NO_COROUTINES\=1 -DFOLLY_HAVE_CLOCK_GETTIME\=1 -Wno-comma -Wno-shorten-64-to-32 -Wno-documentation -Wno-nullability-completeness -std\=c++20 -include /Users/antoniogrillo-balen/Desktop/Projects/RiseBuild/ios/Pods/Target\ Support\ Files/ReactCodegen/ReactCodegen-prefix.pch -MMD -MT dependencies -MF /Users/antoniogrillo-balen/Library/Developer/Xcode/DerivedData/risebysolis-gzfsziqwziaggpcbgdowmssiasmi/Build/Intermediates.noindex/Pods.build/Debug-iphonesimulator/ReactCodegen.build/Objects-normal/arm64/ShadowNodes-be5ea0c90f7f948053f2b2050a929d88.d --serialize-diagnostics /Users/antoniogrillo-balen/Library/Developer/Xcode/DerivedData/risebysolis-gzfsziqwziaggpcbgdowmssiasmi/Build/Intermediates.noindex/Pods.build/Debug-iphonesimulator/ReactCodegen.build/Objects-normal/arm64/ShadowNodes-be5ea0c90f7f948053f2b2050a929d88.dia -c /Users/antoniogrillo-balen/Desktop/Projects/RiseBuild/ios/build/generated/ios/react/renderer/components/safeareacontext/ShadowNodes.cpp -o /Users/antoniogrillo-balen/Library/Developer/Xcode/DerivedData/risebysolis-gzfsziqwziaggpcbgdowmssiasmi/Build/Intermediates.noindex/Pods.build/Debug-iphonesimulator/ReactCodegen.build/Objects-normal/arm64/ShadowNodes-be5ea0c90f7f948053f2b2050a929d88.o -index-unit-output-path /Pods.build/Debug-iphonesimulator/ReactCodegen.build/Objects-normal/arm64/ShadowNodes-be5ea0c90f7f948053f2b2050a929d88.o

CompileC /Users/antoniogrillo-balen/Library/Developer/Xcode/DerivedData/risebysolis-gzfsziqwziaggpcbgdowmssiasmi/Build/Intermediates.noindex/Pods.build/Debug-iphonesimulator/ReactCodegen.build/Objects-normal/arm64/ShadowNodes-828b23956a679f9e55a51d50f1b3acba.o /Users/antoniogrillo-balen/Desktop/Projects/RiseBuild/ios/build/generated/ios/react/renderer/components/rnscreens/ShadowNodes.cpp normal arm64 c++ com.apple.compilers.llvm.clang.1_0.compiler (in target 'ReactCodegen' from project 'Pods')
    cd /Users/antoniogrillo-balen/Desktop/Projects/RiseBuild/ios/Pods
    
    Using response file: /Users/antoniogrillo-balen/Library/Developer/Xcode/DerivedData/risebysolis-gzfsziqwziaggpcbgdowmssiasmi/Build/Intermediates.noindex/Pods.build/Debug-iphonesimulator/ReactCodegen.build/Objects-normal/arm64/82b82416624d2658e5098eb0a28c15c5-common-args.resp
    
    /Applications/Xcode.app/Contents/Developer/Toolchains/XcodeDefault.xctoolchain/usr/bin/clang -x c++ -ivfsstatcache /Users/antoniogrillo-balen/Library/Developer/Xcode/DerivedData/SDKStatCaches.noindex/iphonesimulator26.5-23F73-6cfe768891a92b912361537c460fe42b.sdkstatcache -target arm64-apple-ios15.1-simulator -fmessage-length\=0 -fdiagnostics-show-note-include-stack -fmacro-backtrace-limit\=0 -fno-color-diagnostics -fmodules-prune-interval\=86400 -fmodules-prune-after\=345600 -fbuild-session-file\=/Users/antoniogrillo-balen/Library/Developer/Xcode/DerivedData/ModuleCache.noindex/Session.modulevalidation -fmodules-validate-once-per-build-session -Wnon-modular-include-in-framework-module -Werror\=non-modular-include-in-framework-module -Wno-trigraphs -Wno-missing-field-initializers -Wno-missing-prototypes -Werror\=return-type -Wdocumentation -Wunreachable-code -Werror\=deprecated-objc-isa-usage -Werror\=objc-root-class -Wno-non-virtual-dtor -Wno-overloaded-virtual -Wno-exit-time-destructors -Wno-missing-braces -Wparentheses -Wswitch -Wunused-function -Wno-unused-label -Wno-unused-parameter -Wunused-variable -Wunused-value -Wempty-body -Wuninitialized -Wconditional-uninitialized -Wno-unknown-pragmas -Wno-shadow -Wno-four-char-constants -Wno-conversion -Wconstant-conversion -Wint-conversion -Wbool-conversion -Wenum-conversion -Wno-float-conversion -Wnon-literal-null-conversion -Wobjc-literal-conversion -Wshorten-64-to-32 -Wno-newline-eof -Wno-c++11-extensions -Wno-implicit-fallthrough -isysroot /Applications/Xcode.app/Contents/Developer/Platforms/iPhoneSimulator.platform/Developer/SDKs/iPhoneSimulator26.5.sdk -fstrict-aliasing -Wdeprecated-declarations -Winvalid-offsetof -Wno-sign-conversion -Winfinite-recursion -Wmove -Wcomma -Wblock-capture-autoreleasing -Wstrict-prototypes -Wrange-loop-analysis -Wno-semicolon-before-method-body -Wunguarded-availability -index-store-path /Users/antoniogrillo-balen/Library/Developer/Xcode/DerivedData/risebysolis-gzfsziqwziaggpcbgdowmssiasmi/Index.noindex/DataStore @/Users/antoniogrillo-balen/Library/Developer/Xcode/DerivedData/risebysolis-gzfsziqwziaggpcbgdowmssiasmi/Build/Intermediates.noindex/Pods.build/Debug-iphonesimulator/ReactCodegen.build/Objects-normal/arm64/82b82416624d2658e5098eb0a28c15c5-common-args.resp -DFOLLY_NO_CONFIG -DFOLLY_MOBILE\=1 -DFOLLY_USE_LIBCPP\=1 -DFOLLY_CFG_NO_COROUTINES\=1 -DFOLLY_HAVE_CLOCK_GETTIME\=1 -Wno-comma -Wno-shorten-64-to-32 -Wno-documentation -Wno-nullability-completeness -std\=c++20 -include /Users/antoniogrillo-balen/Desktop/Projects/RiseBuild/ios/Pods/Target\ Support\ Files/ReactCodegen/ReactCodegen-prefix.pch -MMD -MT dependencies -MF /Users/antoniogrillo-balen/Library/Developer/Xcode/DerivedData/risebysolis-gzfsziqwziaggpcbgdowmssiasmi/Build/Intermediates.noindex/Pods.build/Debug-iphonesimulator/ReactCodegen.build/Objects-normal/arm64/ShadowNodes-828b23956a679f9e55a51d50f1b3acba.d --serialize-diagnostics /Users/antoniogrillo-balen/Library/Developer/Xcode/DerivedData/risebysolis-gzfsziqwziaggpcbgdowmssiasmi/Build/Intermediates.noindex/Pods.build/Debug-iphonesimulator/ReactCodegen.build/Objects-normal/arm64/ShadowNodes-828b23956a679f9e55a51d50f1b3acba.dia -c /Users/antoniogrillo-balen/Desktop/Projects/RiseBuild/ios/build/generated/ios/react/renderer/components/rnscreens/ShadowNodes.cpp -o /Users/antoniogrillo-balen/Library/Developer/Xcode/DerivedData/risebysolis-gzfsziqwziaggpcbgdowmssiasmi/Build/Intermediates.noindex/Pods.build/Debug-iphonesimulator/ReactCodegen.build/Objects-normal/arm64/ShadowNodes-828b23956a679f9e55a51d50f1b3acba.o -index-unit-output-path /Pods.build/Debug-iphonesimulator/ReactCodegen.build/Objects-normal/arm64/ShadowNodes-828b23956a679f9e55a51d50f1b3acba.o

CompileC /Users/antoniogrillo-balen/Library/Developer/Xcode/DerivedData/risebysolis-gzfsziqwziaggpcbgdowmssiasmi/Build/Intermediates.noindex/Pods.build/Debug-iphonesimulator/ReactCodegen.build/Objects-normal/arm64/ShadowNodes-131f3a5cc6c9790825c66d31eedba60f.o /Users/antoniogrillo-balen/Desktop/Projects/RiseBuild/ios/build/generated/ios/react/renderer/components/RNGoogleSignInCGen/ShadowNodes.cpp normal arm64 c++ com.apple.compilers.llvm.clang.1_0.compiler (in target 'ReactCodegen' from project 'Pods')
    cd /Users/antoniogrillo-balen/Desktop/Projects/RiseBuild/ios/Pods
    
    Using response file: /Users/antoniogrillo-balen/Library/Developer/Xcode/DerivedData/risebysolis-gzfsziqwziaggpcbgdowmssiasmi/Build/Intermediates.noindex/Pods.build/Debug-iphonesimulator/ReactCodegen.build/Objects-normal/arm64/82b82416624d2658e5098eb0a28c15c5-common-args.resp
    
    /Applications/Xcode.app/Contents/Developer/Toolchains/XcodeDefault.xctoolchain/usr/bin/clang -x c++ -ivfsstatcache /Users/antoniogrillo-balen/Library/Developer/Xcode/DerivedData/SDKStatCaches.noindex/iphonesimulator26.5-23F73-6cfe768891a92b912361537c460fe42b.sdkstatcache -target arm64-apple-ios15.1-simulator -fmessage-length\=0 -fdiagnostics-show-note-include-stack -fmacro-backtrace-limit\=0 -fno-color-diagnostics -fmodules-prune-interval\=86400 -fmodules-prune-after\=345600 -fbuild-session-file\=/Users/antoniogrillo-balen/Library/Developer/Xcode/DerivedData/ModuleCache.noindex/Session.modulevalidation -fmodules-validate-once-per-build-session -Wnon-modular-include-in-framework-module -Werror\=non-modular-include-in-framework-module -Wno-trigraphs -Wno-missing-field-initializers -Wno-missing-prototypes -Werror\=return-type -Wdocumentation -Wunreachable-code -Werror\=deprecated-objc-isa-usage -Werror\=objc-root-class -Wno-non-virtual-dtor -Wno-overloaded-virtual -Wno-exit-time-destructors -Wno-missing-braces -Wparentheses -Wswitch -Wunused-function -Wno-unused-label -Wno-unused-parameter -Wunused-variable -Wunused-value -Wempty-body -Wuninitialized -Wconditional-uninitialized -Wno-unknown-pragmas -Wno-shadow -Wno-four-char-constants -Wno-conversion -Wconstant-conversion -Wint-conversion -Wbool-conversion -Wenum-conversion -Wno-float-conversion -Wnon-literal-null-conversion -Wobjc-literal-conversion -Wshorten-64-to-32 -Wno-newline-eof -Wno-c++11-extensions -Wno-implicit-fallthrough -isysroot /Applications/Xcode.app/Contents/Developer/Platforms/iPhoneSimulator.platform/Developer/SDKs/iPhoneSimulator26.5.sdk -fstrict-aliasing -Wdeprecated-declarations -Winvalid-offsetof -Wno-sign-conversion -Winfinite-recursion -Wmove -Wcomma -Wblock-capture-autoreleasing -Wstrict-prototypes -Wrange-loop-analysis -Wno-semicolon-before-method-body -Wunguarded-availability -index-store-path /Users/antoniogrillo-balen/Library/Developer/Xcode/DerivedData/risebysolis-gzfsziqwziaggpcbgdowmssiasmi/Index.noindex/DataStore @/Users/antoniogrillo-balen/Library/Developer/Xcode/DerivedData/risebysolis-gzfsziqwziaggpcbgdowmssiasmi/Build/Intermediates.noindex/Pods.build/Debug-iphonesimulator/ReactCodegen.build/Objects-normal/arm64/82b82416624d2658e5098eb0a28c15c5-common-args.resp -DFOLLY_NO_CONFIG -DFOLLY_MOBILE\=1 -DFOLLY_USE_LIBCPP\=1 -DFOLLY_CFG_NO_COROUTINES\=1 -DFOLLY_HAVE_CLOCK_GETTIME\=1 -Wno-comma -Wno-shorten-64-to-32 -Wno-documentation -Wno-nullability-completeness -std\=c++20 -include /Users/antoniogrillo-balen/Desktop/Projects/RiseBuild/ios/Pods/Target\ Support\ Files/ReactCodegen/ReactCodegen-prefix.pch -MMD -MT dependencies -MF /Users/antoniogrillo-balen/Library/Developer/Xcode/DerivedData/risebysolis-gzfsziqwziaggpcbgdowmssiasmi/Build/Intermediates.noindex/Pods.build/Debug-iphonesimulator/ReactCodegen.build/Objects-normal/arm64/ShadowNodes-131f3a5cc6c9790825c66d31eedba60f.d --serialize-diagnostics /Users/antoniogrillo-balen/Library/Developer/Xcode/DerivedData/risebysolis-gzfsziqwziaggpcbgdowmssiasmi/Build/Intermediates.noindex/Pods.build/Debug-iphonesimulator/ReactCodegen.build/Objects-normal/arm64/ShadowNodes-131f3a5cc6c9790825c66d31eedba60f.dia -c /Users/antoniogrillo-balen/Desktop/Projects/RiseBuild/ios/build/generated/ios/react/renderer/components/RNGoogleSignInCGen/ShadowNodes.cpp -o /Users/antoniogrillo-balen/Library/Developer/Xcode/DerivedData/risebysolis-gzfsziqwziaggpcbgdowmssiasmi/Build/Intermediates.noindex/Pods.build/Debug-iphonesimulator/ReactCodegen.build/Objects-normal/arm64/ShadowNodes-131f3a5cc6c9790825c66d31eedba60f.o -index-unit-output-path /Pods.build/Debug-iphonesimulator/ReactCodegen.build/Objects-normal/arm64/ShadowNodes-131f3a5cc6c9790825c66d31eedba60f.o

CompileC /Users/antoniogrillo-balen/Library/Developer/Xcode/DerivedData/risebysolis-gzfsziqwziaggpcbgdowmssiasmi/Build/Intermediates.noindex/Pods.build/Debug-iphonesimulator/ReactCodegen.build/Objects-normal/arm64/ShadowNodes-07d6149fe944bed3527541ca49f15881.o /Users/antoniogrillo-balen/Desktop/Projects/RiseBuild/ios/build/generated/ios/react/renderer/components/rngesturehandler_codegen/ShadowNodes.cpp normal arm64 c++ com.apple.compilers.llvm.clang.1_0.compiler (in target 'ReactCodegen' from project 'Pods')
    cd /Users/antoniogrillo-balen/Desktop/Projects/RiseBuild/ios/Pods
    
    Using response file: /Users/antoniogrillo-balen/Library/Developer/Xcode/DerivedData/risebysolis-gzfsziqwziaggpcbgdowmssiasmi/Build/Intermediates.noindex/Pods.build/Debug-iphonesimulator/ReactCodegen.build/Objects-normal/arm64/82b82416624d2658e5098eb0a28c15c5-common-args.resp
    
    /Applications/Xcode.app/Contents/Developer/Toolchains/XcodeDefault.xctoolchain/usr/bin/clang -x c++ -ivfsstatcache /Users/antoniogrillo-balen/Library/Developer/Xcode/DerivedData/SDKStatCaches.noindex/iphonesimulator26.5-23F73-6cfe768891a92b912361537c460fe42b.sdkstatcache -target arm64-apple-ios15.1-simulator -fmessage-length\=0 -fdiagnostics-show-note-include-stack -fmacro-backtrace-limit\=0 -fno-color-diagnostics -fmodules-prune-interval\=86400 -fmodules-prune-after\=345600 -fbuild-session-file\=/Users/antoniogrillo-balen/Library/Developer/Xcode/DerivedData/ModuleCache.noindex/Session.modulevalidation -fmodules-validate-once-per-build-session -Wnon-modular-include-in-framework-module -Werror\=non-modular-include-in-framework-module -Wno-trigraphs -Wno-missing-field-initializers -Wno-missing-prototypes -Werror\=return-type -Wdocumentation -Wunreachable-code -Werror\=deprecated-objc-isa-usage -Werror\=objc-root-class -Wno-non-virtual-dtor -Wno-overloaded-virtual -Wno-exit-time-destructors -Wno-missing-braces -Wparentheses -Wswitch -Wunused-function -Wno-unused-label -Wno-unused-parameter -Wunused-variable -Wunused-value -Wempty-body -Wuninitialized -Wconditional-uninitialized -Wno-unknown-pragmas -Wno-shadow -Wno-four-char-constants -Wno-conversion -Wconstant-conversion -Wint-conversion -Wbool-conversion -Wenum-conversion -Wno-float-conversion -Wnon-literal-null-conversion -Wobjc-literal-conversion -Wshorten-64-to-32 -Wno-newline-eof -Wno-c++11-extensions -Wno-implicit-fallthrough -isysroot /Applications/Xcode.app/Contents/Developer/Platforms/iPhoneSimulator.platform/Developer/SDKs/iPhoneSimulator26.5.sdk -fstrict-aliasing -Wdeprecated-declarations -Winvalid-offsetof -Wno-sign-conversion -Winfinite-recursion -Wmove -Wcomma -Wblock-capture-autoreleasing -Wstrict-prototypes -Wrange-loop-analysis -Wno-semicolon-before-method-body -Wunguarded-availability -index-store-path /Users/antoniogrillo-balen/Library/Developer/Xcode/DerivedData/risebysolis-gzfsziqwziaggpcbgdowmssiasmi/Index.noindex/DataStore @/Users/antoniogrillo-balen/Library/Developer/Xcode/DerivedData/risebysolis-gzfsziqwziaggpcbgdowmssiasmi/Build/Intermediates.noindex/Pods.build/Debug-iphonesimulator/ReactCodegen.build/Objects-normal/arm64/82b82416624d2658e5098eb0a28c15c5-common-args.resp -DFOLLY_NO_CONFIG -DFOLLY_MOBILE\=1 -DFOLLY_USE_LIBCPP\=1 -DFOLLY_CFG_NO_COROUTINES\=1 -DFOLLY_HAVE_CLOCK_GETTIME\=1 -Wno-comma -Wno-shorten-64-to-32 -Wno-documentation -Wno-nullability-completeness -std\=c++20 -include /Users/antoniogrillo-balen/Desktop/Projects/RiseBuild/ios/Pods/Target\ Support\ Files/ReactCodegen/ReactCodegen-prefix.pch -MMD -MT dependencies -MF /Users/antoniogrillo-balen/Library/Developer/Xcode/DerivedData/risebysolis-gzfsziqwziaggpcbgdowmssiasmi/Build/Intermediates.noindex/Pods.build/Debug-iphonesimulator/ReactCodegen.build/Objects-normal/arm64/ShadowNodes-07d6149fe944bed3527541ca49f15881.d --serialize-diagnostics /Users/antoniogrillo-balen/Library/Developer/Xcode/DerivedData/risebysolis-gzfsziqwziaggpcbgdowmssiasmi/Build/Intermediates.noindex/Pods.build/Debug-iphonesimulator/ReactCodegen.build/Objects-normal/arm64/ShadowNodes-07d6149fe944bed3527541ca49f15881.dia -c /Users/antoniogrillo-balen/Desktop/Projects/RiseBuild/ios/build/generated/ios/react/renderer/components/rngesturehandler_codegen/ShadowNodes.cpp -o /Users/antoniogrillo-balen/Library/Developer/Xcode/DerivedData/risebysolis-gzfsziqwziaggpcbgdowmssiasmi/Build/Intermediates.noindex/Pods.build/Debug-iphonesimulator/ReactCodegen.build/Objects-normal/arm64/ShadowNodes-07d6149fe944bed3527541ca49f15881.o -index-unit-output-path /Pods.build/Debug-iphonesimulator/ReactCodegen.build/Objects-normal/arm64/ShadowNodes-07d6149fe944bed3527541ca49f15881.o

CompileC /Users/antoniogrillo-balen/Library/Developer/Xcode/DerivedData/risebysolis-gzfsziqwziaggpcbgdowmssiasmi/Build/Intermediates.noindex/Pods.build/Debug-iphonesimulator/ReactCodegen.build/Objects-normal/arm64/RNMmkvSpecJSI-generated.o /Users/antoniogrillo-balen/Desktop/Projects/RiseBuild/ios/build/generated/ios/RNMmkvSpecJSI-generated.cpp normal arm64 c++ com.apple.compilers.llvm.clang.1_0.compiler (in target 'ReactCodegen' from project 'Pods')
    cd /Users/antoniogrillo-balen/Desktop/Projects/RiseBuild/ios/Pods
    
    Using response file: /Users/antoniogrillo-balen/Library/Developer/Xcode/DerivedData/risebysolis-gzfsziqwziaggpcbgdowmssiasmi/Build/Intermediates.noindex/Pods.build/Debug-iphonesimulator/ReactCodegen.build/Objects-normal/arm64/82b82416624d2658e5098eb0a28c15c5-common-args.resp
    
    /Applications/Xcode.app/Contents/Developer/Toolchains/XcodeDefault.xctoolchain/usr/bin/clang -x c++ -ivfsstatcache /Users/antoniogrillo-balen/Library/Developer/Xcode/DerivedData/SDKStatCaches.noindex/iphonesimulator26.5-23F73-6cfe768891a92b912361537c460fe42b.sdkstatcache -target arm64-apple-ios15.1-simulator -fmessage-length\=0 -fdiagnostics-show-note-include-stack -fmacro-backtrace-limit\=0 -fno-color-diagnostics -fmodules-prune-interval\=86400 -fmodules-prune-after\=345600 -fbuild-session-file\=/Users/antoniogrillo-balen/Library/Developer/Xcode/DerivedData/ModuleCache.noindex/Session.modulevalidation -fmodules-validate-once-per-build-session -Wnon-modular-include-in-framework-module -Werror\=non-modular-include-in-framework-module -Wno-trigraphs -Wno-missing-field-initializers -Wno-missing-prototypes -Werror\=return-type -Wdocumentation -Wunreachable-code -Werror\=deprecated-objc-isa-usage -Werror\=objc-root-class -Wno-non-virtual-dtor -Wno-overloaded-virtual -Wno-exit-time-destructors -Wno-missing-braces -Wparentheses -Wswitch -Wunused-function -Wno-unused-label -Wno-unused-parameter -Wunused-variable -Wunused-value -Wempty-body -Wuninitialized -Wconditional-uninitialized -Wno-unknown-pragmas -Wno-shadow -Wno-four-char-constants -Wno-conversion -Wconstant-conversion -Wint-conversion -Wbool-conversion -Wenum-conversion -Wno-float-conversion -Wnon-literal-null-conversion -Wobjc-literal-conversion -Wshorten-64-to-32 -Wno-newline-eof -Wno-c++11-extensions -Wno-implicit-fallthrough -isysroot /Applications/Xcode.app/Contents/Developer/Platforms/iPhoneSimulator.platform/Developer/SDKs/iPhoneSimulator26.5.sdk -fstrict-aliasing -Wdeprecated-declarations -Winvalid-offsetof -Wno-sign-conversion -Winfinite-recursion -Wmove -Wcomma -Wblock-capture-autoreleasing -Wstrict-prototypes -Wrange-loop-analysis -Wno-semicolon-before-method-body -Wunguarded-availability -index-store-path /Users/antoniogrillo-balen/Library/Developer/Xcode/DerivedData/risebysolis-gzfsziqwziaggpcbgdowmssiasmi/Index.noindex/DataStore @/Users/antoniogrillo-balen/Library/Developer/Xcode/DerivedData/risebysolis-gzfsziqwziaggpcbgdowmssiasmi/Build/Intermediates.noindex/Pods.build/Debug-iphonesimulator/ReactCodegen.build/Objects-normal/arm64/82b82416624d2658e5098eb0a28c15c5-common-args.resp -DFOLLY_NO_CONFIG -DFOLLY_MOBILE\=1 -DFOLLY_USE_LIBCPP\=1 -DFOLLY_CFG_NO_COROUTINES\=1 -DFOLLY_HAVE_CLOCK_GETTIME\=1 -Wno-comma -Wno-shorten-64-to-32 -Wno-documentation -Wno-nullability-completeness -std\=c++20 -include /Users/antoniogrillo-balen/Desktop/Projects/RiseBuild/ios/Pods/Target\ Support\ Files/ReactCodegen/ReactCodegen-prefix.pch -MMD -MT dependencies -MF /Users/antoniogrillo-balen/Library/Developer/Xcode/DerivedData/risebysolis-gzfsziqwziaggpcbgdowmssiasmi/Build/Intermediates.noindex/Pods.build/Debug-iphonesimulator/ReactCodegen.build/Objects-normal/arm64/RNMmkvSpecJSI-generated.d --serialize-diagnostics /Users/antoniogrillo-balen/Library/Developer/Xcode/DerivedData/risebysolis-gzfsziqwziaggpcbgdowmssiasmi/Build/Intermediates.noindex/Pods.build/Debug-iphonesimulator/ReactCodegen.build/Objects-normal/arm64/RNMmkvSpecJSI-generated.dia -c /Users/antoniogrillo-balen/Desktop/Projects/RiseBuild/ios/build/generated/ios/RNMmkvSpecJSI-generated.cpp -o /Users/antoniogrillo-balen/Library/Developer/Xcode/DerivedData/risebysolis-gzfsziqwziaggpcbgdowmssiasmi/Build/Intermediates.noindex/Pods.build/Debug-iphonesimulator/ReactCodegen.build/Objects-normal/arm64/RNMmkvSpecJSI-generated.o -index-unit-output-path /Pods.build/Debug-iphonesimulator/ReactCodegen.build/Objects-normal/arm64/RNMmkvSpecJSI-generated.o

CompileC /Users/antoniogrillo-balen/Library/Developer/Xcode/DerivedData/risebysolis-gzfsziqwziaggpcbgdowmssiasmi/Build/Intermediates.noindex/Pods.build/Debug-iphonesimulator/ReactCodegen.build/Objects-normal/arm64/RNGoogleSignInCGen-generated.o /Users/antoniogrillo-balen/Desktop/Projects/RiseBuild/ios/build/generated/ios/RNGoogleSignInCGen/RNGoogleSignInCGen-generated.mm normal arm64 objective-c++ com.apple.compilers.llvm.clang.1_0.compiler (in target 'ReactCodegen' from project 'Pods')
    cd /Users/antoniogrillo-balen/Desktop/Projects/RiseBuild/ios/Pods
    
    Using response file: /Users/antoniogrillo-balen/Library/Developer/Xcode/DerivedData/risebysolis-gzfsziqwziaggpcbgdowmssiasmi/Build/Intermediates.noindex/Pods.build/Debug-iphonesimulator/ReactCodegen.build/Objects-normal/arm64/af3fcb34312c57c0f52879cdce924b91-common-args.resp
    
    /Applications/Xcode.app/Contents/Developer/Toolchains/XcodeDefault.xctoolchain/usr/bin/clang -x objective-c++ -ivfsstatcache /Users/antoniogrillo-balen/Library/Developer/Xcode/DerivedData/SDKStatCaches.noindex/iphonesimulator26.5-23F73-6cfe768891a92b912361537c460fe42b.sdkstatcache -target arm64-apple-ios15.1-simulator -fmessage-length\=0 -fdiagnostics-show-note-include-stack -fmacro-backtrace-limit\=0 -fno-color-diagnostics -fmodules-prune-interval\=86400 -fmodules-prune-after\=345600 -fbuild-session-file\=/Users/antoniogrillo-balen/Library/Developer/Xcode/DerivedData/ModuleCache.noindex/Session.modulevalidation -fmodules-validate-once-per-build-session -Wnon-modular-include-in-framework-module -Werror\=non-modular-include-in-framework-module -Wno-trigraphs -Wno-missing-field-initializers -Wno-missing-prototypes -Werror\=return-type -Wdocumentation -Wunreachable-code -Wno-implicit-atomic-properties -Werror\=deprecated-objc-isa-usage -Wno-objc-interface-ivars -Werror\=objc-root-class -Wno-arc-repeated-use-of-weak -Wimplicit-retain-self -Wno-non-virtual-dtor -Wno-overloaded-virtual -Wno-exit-time-destructors -Wduplicate-method-match -Wno-missing-braces -Wparentheses -Wswitch -Wunused-function -Wno-unused-label -Wno-unused-parameter -Wunused-variable -Wunused-value -Wempty-body -Wuninitialized -Wconditional-uninitialized -Wno-unknown-pragmas -Wno-shadow -Wno-four-char-constants -Wno-conversion -Wconstant-conversion -Wint-conversion -Wbool-conversion -Wenum-conversion -Wno-float-conversion -Wnon-literal-null-conversion -Wobjc-literal-conversion -Wshorten-64-to-32 -Wno-newline-eof -Wno-selector -Wno-strict-selector-match -Wundeclared-selector -Wdeprecated-implementations -Wno-c++11-extensions -Wno-implicit-fallthrough -isysroot /Applications/Xcode.app/Contents/Developer/Platforms/iPhoneSimulator.platform/Developer/SDKs/iPhoneSimulator26.5.sdk -fstrict-aliasing -Wprotocol -Wdeprecated-declarations -Winvalid-offsetof -Wno-sign-conversion -Winfinite-recursion -Wmove -Wcomma -Wblock-capture-autoreleasing -Wstrict-prototypes -Wrange-loop-analysis -Wno-semicolon-before-method-body -Wunguarded-availability -index-store-path /Users/antoniogrillo-balen/Library/Developer/Xcode/DerivedData/risebysolis-gzfsziqwziaggpcbgdowmssiasmi/Index.noindex/DataStore @/Users/antoniogrillo-balen/Library/Developer/Xcode/DerivedData/risebysolis-gzfsziqwziaggpcbgdowmssiasmi/Build/Intermediates.noindex/Pods.build/Debug-iphonesimulator/ReactCodegen.build/Objects-normal/arm64/af3fcb34312c57c0f52879cdce924b91-common-args.resp -DFOLLY_NO_CONFIG -DFOLLY_MOBILE\=1 -DFOLLY_USE_LIBCPP\=1 -DFOLLY_CFG_NO_COROUTINES\=1 -DFOLLY_HAVE_CLOCK_GETTIME\=1 -Wno-comma -Wno-shorten-64-to-32 -Wno-documentation -Wno-nullability-completeness -std\=c++20 -include /Users/antoniogrillo-balen/Desktop/Projects/RiseBuild/ios/Pods/Target\ Support\ Files/ReactCodegen/ReactCodegen-prefix.pch -MMD -MT dependencies -MF /Users/antoniogrillo-balen/Library/Developer/Xcode/DerivedData/risebysolis-gzfsziqwziaggpcbgdowmssiasmi/Build/Intermediates.noindex/Pods.build/Debug-iphonesimulator/ReactCodegen.build/Objects-normal/arm64/RNGoogleSignInCGen-generated.d --serialize-diagnostics /Users/antoniogrillo-balen/Library/Developer/Xcode/DerivedData/risebysolis-gzfsziqwziaggpcbgdowmssiasmi/Build/Intermediates.noindex/Pods.build/Debug-iphonesimulator/ReactCodegen.build/Objects-normal/arm64/RNGoogleSignInCGen-generated.dia -c /Users/antoniogrillo-balen/Desktop/Projects/RiseBuild/ios/build/generated/ios/RNGoogleSignInCGen/RNGoogleSignInCGen-generated.mm -o /Users/antoniogrillo-balen/Library/Developer/Xcode/DerivedData/risebysolis-gzfsziqwziaggpcbgdowmssiasmi/Build/Intermediates.noindex/Pods.build/Debug-iphonesimulator/ReactCodegen.build/Objects-normal/arm64/RNGoogleSignInCGen-generated.o -index-unit-output-path /Pods.build/Debug-iphonesimulator/ReactCodegen.build/Objects-normal/arm64/RNGoogleSignInCGen-generated.o

CompileC /Users/antoniogrillo-balen/Library/Developer/Xcode/DerivedData/risebysolis-gzfsziqwziaggpcbgdowmssiasmi/Build/Intermediates.noindex/Pods.build/Debug-iphonesimulator/ReactCodegen.build/Objects-normal/arm64/RCTModulesConformingToProtocolsProvider.o /Users/antoniogrillo-balen/Desktop/Projects/RiseBuild/ios/build/generated/ios/RCTModulesConformingToProtocolsProvider.mm normal arm64 objective-c++ com.apple.compilers.llvm.clang.1_0.compiler (in target 'ReactCodegen' from project 'Pods')
    cd /Users/antoniogrillo-balen/Desktop/Projects/RiseBuild/ios/Pods
    
    Using response file: /Users/antoniogrillo-balen/Library/Developer/Xcode/DerivedData/risebysolis-gzfsziqwziaggpcbgdowmssiasmi/Build/Intermediates.noindex/Pods.build/Debug-iphonesimulator/ReactCodegen.build/Objects-normal/arm64/af3fcb34312c57c0f52879cdce924b91-common-args.resp
    
    /Applications/Xcode.app/Contents/Developer/Toolchains/XcodeDefault.xctoolchain/usr/bin/clang -x objective-c++ -ivfsstatcache /Users/antoniogrillo-balen/Library/Developer/Xcode/DerivedData/SDKStatCaches.noindex/iphonesimulator26.5-23F73-6cfe768891a92b912361537c460fe42b.sdkstatcache -target arm64-apple-ios15.1-simulator -fmessage-length\=0 -fdiagnostics-show-note-include-stack -fmacro-backtrace-limit\=0 -fno-color-diagnostics -fmodules-prune-interval\=86400 -fmodules-prune-after\=345600 -fbuild-session-file\=/Users/antoniogrillo-balen/Library/Developer/Xcode/DerivedData/ModuleCache.noindex/Session.modulevalidation -fmodules-validate-once-per-build-session -Wnon-modular-include-in-framework-module -Werror\=non-modular-include-in-framework-module -Wno-trigraphs -Wno-missing-field-initializers -Wno-missing-prototypes -Werror\=return-type -Wdocumentation -Wunreachable-code -Wno-implicit-atomic-properties -Werror\=deprecated-objc-isa-usage -Wno-objc-interface-ivars -Werror\=objc-root-class -Wno-arc-repeated-use-of-weak -Wimplicit-retain-self -Wno-non-virtual-dtor -Wno-overloaded-virtual -Wno-exit-time-destructors -Wduplicate-method-match -Wno-missing-braces -Wparentheses -Wswitch -Wunused-function -Wno-unused-label -Wno-unused-parameter -Wunused-variable -Wunused-value -Wempty-body -Wuninitialized -Wconditional-uninitialized -Wno-unknown-pragmas -Wno-shadow -Wno-four-char-constants -Wno-conversion -Wconstant-conversion -Wint-conversion -Wbool-conversion -Wenum-conversion -Wno-float-conversion -Wnon-literal-null-conversion -Wobjc-literal-conversion -Wshorten-64-to-32 -Wno-newline-eof -Wno-selector -Wno-strict-selector-match -Wundeclared-selector -Wdeprecated-implementations -Wno-c++11-extensions -Wno-implicit-fallthrough -isysroot /Applications/Xcode.app/Contents/Developer/Platforms/iPhoneSimulator.platform/Developer/SDKs/iPhoneSimulator26.5.sdk -fstrict-aliasing -Wprotocol -Wdeprecated-declarations -Winvalid-offsetof -Wno-sign-conversion -Winfinite-recursion -Wmove -Wcomma -Wblock-capture-autoreleasing -Wstrict-prototypes -Wrange-loop-analysis -Wno-semicolon-before-method-body -Wunguarded-availability -index-store-path /Users/antoniogrillo-balen/Library/Developer/Xcode/DerivedData/risebysolis-gzfsziqwziaggpcbgdowmssiasmi/Index.noindex/DataStore @/Users/antoniogrillo-balen/Library/Developer/Xcode/DerivedData/risebysolis-gzfsziqwziaggpcbgdowmssiasmi/Build/Intermediates.noindex/Pods.build/Debug-iphonesimulator/ReactCodegen.build/Objects-normal/arm64/af3fcb34312c57c0f52879cdce924b91-common-args.resp -DFOLLY_NO_CONFIG -DFOLLY_MOBILE\=1 -DFOLLY_USE_LIBCPP\=1 -DFOLLY_CFG_NO_COROUTINES\=1 -DFOLLY_HAVE_CLOCK_GETTIME\=1 -Wno-comma -Wno-shorten-64-to-32 -Wno-documentation -Wno-nullability-completeness -std\=c++20 -include /Users/antoniogrillo-balen/Desktop/Projects/RiseBuild/ios/Pods/Target\ Support\ Files/ReactCodegen/ReactCodegen-prefix.pch -MMD -MT dependencies -MF /Users/antoniogrillo-balen/Library/Developer/Xcode/DerivedData/risebysolis-gzfsziqwziaggpcbgdowmssiasmi/Build/Intermediates.noindex/Pods.build/Debug-iphonesimulator/ReactCodegen.build/Objects-normal/arm64/RCTModulesConformingToProtocolsProvider.d --serialize-diagnostics /Users/antoniogrillo-balen/Library/Developer/Xcode/DerivedData/risebysolis-gzfsziqwziaggpcbgdowmssiasmi/Build/Intermediates.noindex/Pods.build/Debug-iphonesimulator/ReactCodegen.build/Objects-normal/arm64/RCTModulesConformingToProtocolsProvider.dia -c /Users/antoniogrillo-balen/Desktop/Projects/RiseBuild/ios/build/generated/ios/RCTModulesConformingToProtocolsProvider.mm -o /Users/antoniogrillo-balen/Library/Developer/Xcode/DerivedData/risebysolis-gzfsziqwziaggpcbgdowmssiasmi/Build/Intermediates.noindex/Pods.build/Debug-iphonesimulator/ReactCodegen.build/Objects-normal/arm64/RCTModulesConformingToProtocolsProvider.o -index-unit-output-path /Pods.build/Debug-iphonesimulator/ReactCodegen.build/Objects-normal/arm64/RCTModulesConformingToProtocolsProvider.o

CompileC /Users/antoniogrillo-balen/Library/Developer/Xcode/DerivedData/risebysolis-gzfsziqwziaggpcbgdowmssiasmi/Build/Intermediates.noindex/Pods.build/Debug-iphonesimulator/ReactCodegen.build/Objects-normal/arm64/Props-e844e53323012f5253d22ae0aeafbd79.o /Users/antoniogrillo-balen/Desktop/Projects/RiseBuild/ios/build/generated/ios/react/renderer/components/safeareacontext/Props.cpp normal arm64 c++ com.apple.compilers.llvm.clang.1_0.compiler (in target 'ReactCodegen' from project 'Pods')
    cd /Users/antoniogrillo-balen/Desktop/Projects/RiseBuild/ios/Pods
    
    Using response file: /Users/antoniogrillo-balen/Library/Developer/Xcode/DerivedData/risebysolis-gzfsziqwziaggpcbgdowmssiasmi/Build/Intermediates.noindex/Pods.build/Debug-iphonesimulator/ReactCodegen.build/Objects-normal/arm64/82b82416624d2658e5098eb0a28c15c5-common-args.resp
    
    /Applications/Xcode.app/Contents/Developer/Toolchains/XcodeDefault.xctoolchain/usr/bin/clang -x c++ -ivfsstatcache /Users/antoniogrillo-balen/Library/Developer/Xcode/DerivedData/SDKStatCaches.noindex/iphonesimulator26.5-23F73-6cfe768891a92b912361537c460fe42b.sdkstatcache -target arm64-apple-ios15.1-simulator -fmessage-length\=0 -fdiagnostics-show-note-include-stack -fmacro-backtrace-limit\=0 -fno-color-diagnostics -fmodules-prune-interval\=86400 -fmodules-prune-after\=345600 -fbuild-session-file\=/Users/antoniogrillo-balen/Library/Developer/Xcode/DerivedData/ModuleCache.noindex/Session.modulevalidation -fmodules-validate-once-per-build-session -Wnon-modular-include-in-framework-module -Werror\=non-modular-include-in-framework-module -Wno-trigraphs -Wno-missing-field-initializers -Wno-missing-prototypes -Werror\=return-type -Wdocumentation -Wunreachable-code -Werror\=deprecated-objc-isa-usage -Werror\=objc-root-class -Wno-non-virtual-dtor -Wno-overloaded-virtual -Wno-exit-time-destructors -Wno-missing-braces -Wparentheses -Wswitch -Wunused-function -Wno-unused-label -Wno-unused-parameter -Wunused-variable -Wunused-value -Wempty-body -Wuninitialized -Wconditional-uninitialized -Wno-unknown-pragmas -Wno-shadow -Wno-four-char-constants -Wno-conversion -Wconstant-conversion -Wint-conversion -Wbool-conversion -Wenum-conversion -Wno-float-conversion -Wnon-literal-null-conversion -Wobjc-literal-conversion -Wshorten-64-to-32 -Wno-newline-eof -Wno-c++11-extensions -Wno-implicit-fallthrough -isysroot /Applications/Xcode.app/Contents/Developer/Platforms/iPhoneSimulator.platform/Developer/SDKs/iPhoneSimulator26.5.sdk -fstrict-aliasing -Wdeprecated-declarations -Winvalid-offsetof -Wno-sign-conversion -Winfinite-recursion -Wmove -Wcomma -Wblock-capture-autoreleasing -Wstrict-prototypes -Wrange-loop-analysis -Wno-semicolon-before-method-body -Wunguarded-availability -index-store-path /Users/antoniogrillo-balen/Library/Developer/Xcode/DerivedData/risebysolis-gzfsziqwziaggpcbgdowmssiasmi/Index.noindex/DataStore @/Users/antoniogrillo-balen/Library/Developer/Xcode/DerivedData/risebysolis-gzfsziqwziaggpcbgdowmssiasmi/Build/Intermediates.noindex/Pods.build/Debug-iphonesimulator/ReactCodegen.build/Objects-normal/arm64/82b82416624d2658e5098eb0a28c15c5-common-args.resp -DFOLLY_NO_CONFIG -DFOLLY_MOBILE\=1 -DFOLLY_USE_LIBCPP\=1 -DFOLLY_CFG_NO_COROUTINES\=1 -DFOLLY_HAVE_CLOCK_GETTIME\=1 -Wno-comma -Wno-shorten-64-to-32 -Wno-documentation -Wno-nullability-completeness -std\=c++20 -include /Users/antoniogrillo-balen/Desktop/Projects/RiseBuild/ios/Pods/Target\ Support\ Files/ReactCodegen/ReactCodegen-prefix.pch -MMD -MT dependencies -MF /Users/antoniogrillo-balen/Library/Developer/Xcode/DerivedData/risebysolis-gzfsziqwziaggpcbgdowmssiasmi/Build/Intermediates.noindex/Pods.build/Debug-iphonesimulator/ReactCodegen.build/Objects-normal/arm64/Props-e844e53323012f5253d22ae0aeafbd79.d --serialize-diagnostics /Users/antoniogrillo-balen/Library/Developer/Xcode/DerivedData/risebysolis-gzfsziqwziaggpcbgdowmssiasmi/Build/Intermediates.noindex/Pods.build/Debug-iphonesimulator/ReactCodegen.build/Objects-normal/arm64/Props-e844e53323012f5253d22ae0aeafbd79.dia -c /Users/antoniogrillo-balen/Desktop/Projects/RiseBuild/ios/build/generated/ios/react/renderer/components/safeareacontext/Props.cpp -o /Users/antoniogrillo-balen/Library/Developer/Xcode/DerivedData/risebysolis-gzfsziqwziaggpcbgdowmssiasmi/Build/Intermediates.noindex/Pods.build/Debug-iphonesimulator/ReactCodegen.build/Objects-normal/arm64/Props-e844e53323012f5253d22ae0aeafbd79.o -index-unit-output-path /Pods.build/Debug-iphonesimulator/ReactCodegen.build/Objects-normal/arm64/Props-e844e53323012f5253d22ae0aeafbd79.o

CompileC /Users/antoniogrillo-balen/Library/Developer/Xcode/DerivedData/risebysolis-gzfsziqwziaggpcbgdowmssiasmi/Build/Intermediates.noindex/Pods.build/Debug-iphonesimulator/ReactCodegen.build/Objects-normal/arm64/Props-ab54fc8f4062f5aa27ae312a4d05a5b4.o /Users/antoniogrillo-balen/Desktop/Projects/RiseBuild/ios/build/generated/ios/react/renderer/components/RNGoogleSignInCGen/Props.cpp normal arm64 c++ com.apple.compilers.llvm.clang.1_0.compiler (in target 'ReactCodegen' from project 'Pods')
    cd /Users/antoniogrillo-balen/Desktop/Projects/RiseBuild/ios/Pods
    
    Using response file: /Users/antoniogrillo-balen/Library/Developer/Xcode/DerivedData/risebysolis-gzfsziqwziaggpcbgdowmssiasmi/Build/Intermediates.noindex/Pods.build/Debug-iphonesimulator/ReactCodegen.build/Objects-normal/arm64/82b82416624d2658e5098eb0a28c15c5-common-args.resp
    
    /Applications/Xcode.app/Contents/Developer/Toolchains/XcodeDefault.xctoolchain/usr/bin/clang -x c++ -ivfsstatcache /Users/antoniogrillo-balen/Library/Developer/Xcode/DerivedData/SDKStatCaches.noindex/iphonesimulator26.5-23F73-6cfe768891a92b912361537c460fe42b.sdkstatcache -target arm64-apple-ios15.1-simulator -fmessage-length\=0 -fdiagnostics-show-note-include-stack -fmacro-backtrace-limit\=0 -fno-color-diagnostics -fmodules-prune-interval\=86400 -fmodules-prune-after\=345600 -fbuild-session-file\=/Users/antoniogrillo-balen/Library/Developer/Xcode/DerivedData/ModuleCache.noindex/Session.modulevalidation -fmodules-validate-once-per-build-session -Wnon-modular-include-in-framework-module -Werror\=non-modular-include-in-framework-module -Wno-trigraphs -Wno-missing-field-initializers -Wno-missing-prototypes -Werror\=return-type -Wdocumentation -Wunreachable-code -Werror\=deprecated-objc-isa-usage -Werror\=objc-root-class -Wno-non-virtual-dtor -Wno-overloaded-virtual -Wno-exit-time-destructors -Wno-missing-braces -Wparentheses -Wswitch -Wunused-function -Wno-unused-label -Wno-unused-parameter -Wunused-variable -Wunused-value -Wempty-body -Wuninitialized -Wconditional-uninitialized -Wno-unknown-pragmas -Wno-shadow -Wno-four-char-constants -Wno-conversion -Wconstant-conversion -Wint-conversion -Wbool-conversion -Wenum-conversion -Wno-float-conversion -Wnon-literal-null-conversion -Wobjc-literal-conversion -Wshorten-64-to-32 -Wno-newline-eof -Wno-c++11-extensions -Wno-implicit-fallthrough -isysroot /Applications/Xcode.app/Contents/Developer/Platforms/iPhoneSimulator.platform/Developer/SDKs/iPhoneSimulator26.5.sdk -fstrict-aliasing -Wdeprecated-declarations -Winvalid-offsetof -Wno-sign-conversion -Winfinite-recursion -Wmove -Wcomma -Wblock-capture-autoreleasing -Wstrict-prototypes -Wrange-loop-analysis -Wno-semicolon-before-method-body -Wunguarded-availability -index-store-path /Users/antoniogrillo-balen/Library/Developer/Xcode/DerivedData/risebysolis-gzfsziqwziaggpcbgdowmssiasmi/Index.noindex/DataStore @/Users/antoniogrillo-balen/Library/Developer/Xcode/DerivedData/risebysolis-gzfsziqwziaggpcbgdowmssiasmi/Build/Intermediates.noindex/Pods.build/Debug-iphonesimulator/ReactCodegen.build/Objects-normal/arm64/82b82416624d2658e5098eb0a28c15c5-common-args.resp -DFOLLY_NO_CONFIG -DFOLLY_MOBILE\=1 -DFOLLY_USE_LIBCPP\=1 -DFOLLY_CFG_NO_COROUTINES\=1 -DFOLLY_HAVE_CLOCK_GETTIME\=1 -Wno-comma -Wno-shorten-64-to-32 -Wno-documentation -Wno-nullability-completeness -std\=c++20 -include /Users/antoniogrillo-balen/Desktop/Projects/RiseBuild/ios/Pods/Target\ Support\ Files/ReactCodegen/ReactCodegen-prefix.pch -MMD -MT dependencies -MF /Users/antoniogrillo-balen/Library/Developer/Xcode/DerivedData/risebysolis-gzfsziqwziaggpcbgdowmssiasmi/Build/Intermediates.noindex/Pods.build/Debug-iphonesimulator/ReactCodegen.build/Objects-normal/arm64/Props-ab54fc8f4062f5aa27ae312a4d05a5b4.d --serialize-diagnostics /Users/antoniogrillo-balen/Library/Developer/Xcode/DerivedData/risebysolis-gzfsziqwziaggpcbgdowmssiasmi/Build/Intermediates.noindex/Pods.build/Debug-iphonesimulator/ReactCodegen.build/Objects-normal/arm64/Props-ab54fc8f4062f5aa27ae312a4d05a5b4.dia -c /Users/antoniogrillo-balen/Desktop/Projects/RiseBuild/ios/build/generated/ios/react/renderer/components/RNGoogleSignInCGen/Props.cpp -o /Users/antoniogrillo-balen/Library/Developer/Xcode/DerivedData/risebysolis-gzfsziqwziaggpcbgdowmssiasmi/Build/Intermediates.noindex/Pods.build/Debug-iphonesimulator/ReactCodegen.build/Objects-normal/arm64/Props-ab54fc8f4062f5aa27ae312a4d05a5b4.o -index-unit-output-path /Pods.build/Debug-iphonesimulator/ReactCodegen.build/Objects-normal/arm64/Props-ab54fc8f4062f5aa27ae312a4d05a5b4.o

CompileC /Users/antoniogrillo-balen/Library/Developer/Xcode/DerivedData/risebysolis-gzfsziqwziaggpcbgdowmssiasmi/Build/Intermediates.noindex/Pods.build/Debug-iphonesimulator/ReactCodegen.build/Objects-normal/arm64/Props-75a030167c2f95c5a76e186b300e1df0.o /Users/antoniogrillo-balen/Desktop/Projects/RiseBuild/ios/build/generated/ios/react/renderer/components/rngesturehandler_codegen/Props.cpp normal arm64 c++ com.apple.compilers.llvm.clang.1_0.compiler (in target 'ReactCodegen' from project 'Pods')
    cd /Users/antoniogrillo-balen/Desktop/Projects/RiseBuild/ios/Pods
    
    Using response file: /Users/antoniogrillo-balen/Library/Developer/Xcode/DerivedData/risebysolis-gzfsziqwziaggpcbgdowmssiasmi/Build/Intermediates.noindex/Pods.build/Debug-iphonesimulator/ReactCodegen.build/Objects-normal/arm64/82b82416624d2658e5098eb0a28c15c5-common-args.resp
    
    /Applications/Xcode.app/Contents/Developer/Toolchains/XcodeDefault.xctoolchain/usr/bin/clang -x c++ -ivfsstatcache /Users/antoniogrillo-balen/Library/Developer/Xcode/DerivedData/SDKStatCaches.noindex/iphonesimulator26.5-23F73-6cfe768891a92b912361537c460fe42b.sdkstatcache -target arm64-apple-ios15.1-simulator -fmessage-length\=0 -fdiagnostics-show-note-include-stack -fmacro-backtrace-limit\=0 -fno-color-diagnostics -fmodules-prune-interval\=86400 -fmodules-prune-after\=345600 -fbuild-session-file\=/Users/antoniogrillo-balen/Library/Developer/Xcode/DerivedData/ModuleCache.noindex/Session.modulevalidation -fmodules-validate-once-per-build-session -Wnon-modular-include-in-framework-module -Werror\=non-modular-include-in-framework-module -Wno-trigraphs -Wno-missing-field-initializers -Wno-missing-prototypes -Werror\=return-type -Wdocumentation -Wunreachable-code -Werror\=deprecated-objc-isa-usage -Werror\=objc-root-class -Wno-non-virtual-dtor -Wno-overloaded-virtual -Wno-exit-time-destructors -Wno-missing-braces -Wparentheses -Wswitch -Wunused-function -Wno-unused-label -Wno-unused-parameter -Wunused-variable -Wunused-value -Wempty-body -Wuninitialized -Wconditional-uninitialized -Wno-unknown-pragmas -Wno-shadow -Wno-four-char-constants -Wno-conversion -Wconstant-conversion -Wint-conversion -Wbool-conversion -Wenum-conversion -Wno-float-conversion -Wnon-literal-null-conversion -Wobjc-literal-conversion -Wshorten-64-to-32 -Wno-newline-eof -Wno-c++11-extensions -Wno-implicit-fallthrough -isysroot /Applications/Xcode.app/Contents/Developer/Platforms/iPhoneSimulator.platform/Developer/SDKs/iPhoneSimulator26.5.sdk -fstrict-aliasing -Wdeprecated-declarations -Winvalid-offsetof -Wno-sign-conversion -Winfinite-recursion -Wmove -Wcomma -Wblock-capture-autoreleasing -Wstrict-prototypes -Wrange-loop-analysis -Wno-semicolon-before-method-body -Wunguarded-availability -index-store-path /Users/antoniogrillo-balen/Library/Developer/Xcode/DerivedData/risebysolis-gzfsziqwziaggpcbgdowmssiasmi/Index.noindex/DataStore @/Users/antoniogrillo-balen/Library/Developer/Xcode/DerivedData/risebysolis-gzfsziqwziaggpcbgdowmssiasmi/Build/Intermediates.noindex/Pods.build/Debug-iphonesimulator/ReactCodegen.build/Objects-normal/arm64/82b82416624d2658e5098eb0a28c15c5-common-args.resp -DFOLLY_NO_CONFIG -DFOLLY_MOBILE\=1 -DFOLLY_USE_LIBCPP\=1 -DFOLLY_CFG_NO_COROUTINES\=1 -DFOLLY_HAVE_CLOCK_GETTIME\=1 -Wno-comma -Wno-shorten-64-to-32 -Wno-documentation -Wno-nullability-completeness -std\=c++20 -include /Users/antoniogrillo-balen/Desktop/Projects/RiseBuild/ios/Pods/Target\ Support\ Files/ReactCodegen/ReactCodegen-prefix.pch -MMD -MT dependencies -MF /Users/antoniogrillo-balen/Library/Developer/Xcode/DerivedData/risebysolis-gzfsziqwziaggpcbgdowmssiasmi/Build/Intermediates.noindex/Pods.build/Debug-iphonesimulator/ReactCodegen.build/Objects-normal/arm64/Props-75a030167c2f95c5a76e186b300e1df0.d --serialize-diagnostics /Users/antoniogrillo-balen/Library/Developer/Xcode/DerivedData/risebysolis-gzfsziqwziaggpcbgdowmssiasmi/Build/Intermediates.noindex/Pods.build/Debug-iphonesimulator/ReactCodegen.build/Objects-normal/arm64/Props-75a030167c2f95c5a76e186b300e1df0.dia -c /Users/antoniogrillo-balen/Desktop/Projects/RiseBuild/ios/build/generated/ios/react/renderer/components/rngesturehandler_codegen/Props.cpp -o /Users/antoniogrillo-balen/Library/Developer/Xcode/DerivedData/risebysolis-gzfsziqwziaggpcbgdowmssiasmi/Build/Intermediates.noindex/Pods.build/Debug-iphonesimulator/ReactCodegen.build/Objects-normal/arm64/Props-75a030167c2f95c5a76e186b300e1df0.o -index-unit-output-path /Pods.build/Debug-iphonesimulator/ReactCodegen.build/Objects-normal/arm64/Props-75a030167c2f95c5a76e186b300e1df0.o

CompileC /Users/antoniogrillo-balen/Library/Developer/Xcode/DerivedData/risebysolis-gzfsziqwziaggpcbgdowmssiasmi/Build/Intermediates.noindex/Pods.build/Debug-iphonesimulator/ReactCodegen.build/Objects-normal/arm64/Props-0bb913b4509373f1f2a2f6062e031e57.o /Users/antoniogrillo-balen/Desktop/Projects/RiseBuild/ios/build/generated/ios/react/renderer/components/rnscreens/Props.cpp normal arm64 c++ com.apple.compilers.llvm.clang.1_0.compiler (in target 'ReactCodegen' from project 'Pods')
    cd /Users/antoniogrillo-balen/Desktop/Projects/RiseBuild/ios/Pods
    
    Using response file: /Users/antoniogrillo-balen/Library/Developer/Xcode/DerivedData/risebysolis-gzfsziqwziaggpcbgdowmssiasmi/Build/Intermediates.noindex/Pods.build/Debug-iphonesimulator/ReactCodegen.build/Objects-normal/arm64/82b82416624d2658e5098eb0a28c15c5-common-args.resp
    
    /Applications/Xcode.app/Contents/Developer/Toolchains/XcodeDefault.xctoolchain/usr/bin/clang -x c++ -ivfsstatcache /Users/antoniogrillo-balen/Library/Developer/Xcode/DerivedData/SDKStatCaches.noindex/iphonesimulator26.5-23F73-6cfe768891a92b912361537c460fe42b.sdkstatcache -target arm64-apple-ios15.1-simulator -fmessage-length\=0 -fdiagnostics-show-note-include-stack -fmacro-backtrace-limit\=0 -fno-color-diagnostics -fmodules-prune-interval\=86400 -fmodules-prune-after\=345600 -fbuild-session-file\=/Users/antoniogrillo-balen/Library/Developer/Xcode/DerivedData/ModuleCache.noindex/Session.modulevalidation -fmodules-validate-once-per-build-session -Wnon-modular-include-in-framework-module -Werror\=non-modular-include-in-framework-module -Wno-trigraphs -Wno-missing-field-initializers -Wno-missing-prototypes -Werror\=return-type -Wdocumentation -Wunreachable-code -Werror\=deprecated-objc-isa-usage -Werror\=objc-root-class -Wno-non-virtual-dtor -Wno-overloaded-virtual -Wno-exit-time-destructors -Wno-missing-braces -Wparentheses -Wswitch -Wunused-function -Wno-unused-label -Wno-unused-parameter -Wunused-variable -Wunused-value -Wempty-body -Wuninitialized -Wconditional-uninitialized -Wno-unknown-pragmas -Wno-shadow -Wno-four-char-constants -Wno-conversion -Wconstant-conversion -Wint-conversion -Wbool-conversion -Wenum-conversion -Wno-float-conversion -Wnon-literal-null-conversion -Wobjc-literal-conversion -Wshorten-64-to-32 -Wno-newline-eof -Wno-c++11-extensions -Wno-implicit-fallthrough -isysroot /Applications/Xcode.app/Contents/Developer/Platforms/iPhoneSimulator.platform/Developer/SDKs/iPhoneSimulator26.5.sdk -fstrict-aliasing -Wdeprecated-declarations -Winvalid-offsetof -Wno-sign-conversion -Winfinite-recursion -Wmove -Wcomma -Wblock-capture-autoreleasing -Wstrict-prototypes -Wrange-loop-analysis -Wno-semicolon-before-method-body -Wunguarded-availability -index-store-path /Users/antoniogrillo-balen/Library/Developer/Xcode/DerivedData/risebysolis-gzfsziqwziaggpcbgdowmssiasmi/Index.noindex/DataStore @/Users/antoniogrillo-balen/Library/Developer/Xcode/DerivedData/risebysolis-gzfsziqwziaggpcbgdowmssiasmi/Build/Intermediates.noindex/Pods.build/Debug-iphonesimulator/ReactCodegen.build/Objects-normal/arm64/82b82416624d2658e5098eb0a28c15c5-common-args.resp -DFOLLY_NO_CONFIG -DFOLLY_MOBILE\=1 -DFOLLY_USE_LIBCPP\=1 -DFOLLY_CFG_NO_COROUTINES\=1 -DFOLLY_HAVE_CLOCK_GETTIME\=1 -Wno-comma -Wno-shorten-64-to-32 -Wno-documentation -Wno-nullability-completeness -std\=c++20 -include /Users/antoniogrillo-balen/Desktop/Projects/RiseBuild/ios/Pods/Target\ Support\ Files/ReactCodegen/ReactCodegen-prefix.pch -MMD -MT dependencies -MF /Users/antoniogrillo-balen/Library/Developer/Xcode/DerivedData/risebysolis-gzfsziqwziaggpcbgdowmssiasmi/Build/Intermediates.noindex/Pods.build/Debug-iphonesimulator/ReactCodegen.build/Objects-normal/arm64/Props-0bb913b4509373f1f2a2f6062e031e57.d --serialize-diagnostics /Users/antoniogrillo-balen/Library/Developer/Xcode/DerivedData/risebysolis-gzfsziqwziaggpcbgdowmssiasmi/Build/Intermediates.noindex/Pods.build/Debug-iphonesimulator/ReactCodegen.build/Objects-normal/arm64/Props-0bb913b4509373f1f2a2f6062e031e57.dia -c /Users/antoniogrillo-balen/Desktop/Projects/RiseBuild/ios/build/generated/ios/react/renderer/components/rnscreens/Props.cpp -o /Users/antoniogrillo-balen/Library/Developer/Xcode/DerivedData/risebysolis-gzfsziqwziaggpcbgdowmssiasmi/Build/Intermediates.noindex/Pods.build/Debug-iphonesimulator/ReactCodegen.build/Objects-normal/arm64/Props-0bb913b4509373f1f2a2f6062e031e57.o -index-unit-output-path /Pods.build/Debug-iphonesimulator/ReactCodegen.build/Objects-normal/arm64/Props-0bb913b4509373f1f2a2f6062e031e57.o

CompileC /Users/antoniogrillo-balen/Library/Developer/Xcode/DerivedData/risebysolis-gzfsziqwziaggpcbgdowmssiasmi/Build/Intermediates.noindex/Pods.build/Debug-iphonesimulator/ReactCodegen.build/Objects-normal/arm64/FBReactNativeSpecJSI-generated.o /Users/antoniogrillo-balen/Desktop/Projects/RiseBuild/ios/build/generated/ios/FBReactNativeSpecJSI-generated.cpp normal arm64 c++ com.apple.compilers.llvm.clang.1_0.compiler (in target 'ReactCodegen' from project 'Pods')
    cd /Users/antoniogrillo-balen/Desktop/Projects/RiseBuild/ios/Pods
    
    Using response file: /Users/antoniogrillo-balen/Library/Developer/Xcode/DerivedData/risebysolis-gzfsziqwziaggpcbgdowmssiasmi/Build/Intermediates.noindex/Pods.build/Debug-iphonesimulator/ReactCodegen.build/Objects-normal/arm64/82b82416624d2658e5098eb0a28c15c5-common-args.resp
    
    /Applications/Xcode.app/Contents/Developer/Toolchains/XcodeDefault.xctoolchain/usr/bin/clang -x c++ -ivfsstatcache /Users/antoniogrillo-balen/Library/Developer/Xcode/DerivedData/SDKStatCaches.noindex/iphonesimulator26.5-23F73-6cfe768891a92b912361537c460fe42b.sdkstatcache -target arm64-apple-ios15.1-simulator -fmessage-length\=0 -fdiagnostics-show-note-include-stack -fmacro-backtrace-limit\=0 -fno-color-diagnostics -fmodules-prune-interval\=86400 -fmodules-prune-after\=345600 -fbuild-session-file\=/Users/antoniogrillo-balen/Library/Developer/Xcode/DerivedData/ModuleCache.noindex/Session.modulevalidation -fmodules-validate-once-per-build-session -Wnon-modular-include-in-framework-module -Werror\=non-modular-include-in-framework-module -Wno-trigraphs -Wno-missing-field-initializers -Wno-missing-prototypes -Werror\=return-type -Wdocumentation -Wunreachable-code -Werror\=deprecated-objc-isa-usage -Werror\=objc-root-class -Wno-non-virtual-dtor -Wno-overloaded-virtual -Wno-exit-time-destructors -Wno-missing-braces -Wparentheses -Wswitch -Wunused-function -Wno-unused-label -Wno-unused-parameter -Wunused-variable -Wunused-value -Wempty-body -Wuninitialized -Wconditional-uninitialized -Wno-unknown-pragmas -Wno-shadow -Wno-four-char-constants -Wno-conversion -Wconstant-conversion -Wint-conversion -Wbool-conversion -Wenum-conversion -Wno-float-conversion -Wnon-literal-null-conversion -Wobjc-literal-conversion -Wshorten-64-to-32 -Wno-newline-eof -Wno-c++11-extensions -Wno-implicit-fallthrough -isysroot /Applications/Xcode.app/Contents/Developer/Platforms/iPhoneSimulator.platform/Developer/SDKs/iPhoneSimulator26.5.sdk -fstrict-aliasing -Wdeprecated-declarations -Winvalid-offsetof -Wno-sign-conversion -Winfinite-recursion -Wmove -Wcomma -Wblock-capture-autoreleasing -Wstrict-prototypes -Wrange-loop-analysis -Wno-semicolon-before-method-body -Wunguarded-availability -index-store-path /Users/antoniogrillo-balen/Library/Developer/Xcode/DerivedData/risebysolis-gzfsziqwziaggpcbgdowmssiasmi/Index.noindex/DataStore @/Users/antoniogrillo-balen/Library/Developer/Xcode/DerivedData/risebysolis-gzfsziqwziaggpcbgdowmssiasmi/Build/Intermediates.noindex/Pods.build/Debug-iphonesimulator/ReactCodegen.build/Objects-normal/arm64/82b82416624d2658e5098eb0a28c15c5-common-args.resp -DFOLLY_NO_CONFIG -DFOLLY_MOBILE\=1 -DFOLLY_USE_LIBCPP\=1 -DFOLLY_CFG_NO_COROUTINES\=1 -DFOLLY_HAVE_CLOCK_GETTIME\=1 -Wno-comma -Wno-shorten-64-to-32 -Wno-documentation -Wno-nullability-completeness -std\=c++20 -include /Users/antoniogrillo-balen/Desktop/Projects/RiseBuild/ios/Pods/Target\ Support\ Files/ReactCodegen/ReactCodegen-prefix.pch -MMD -MT dependencies -MF /Users/antoniogrillo-balen/Library/Developer/Xcode/DerivedData/risebysolis-gzfsziqwziaggpcbgdowmssiasmi/Build/Intermediates.noindex/Pods.build/Debug-iphonesimulator/ReactCodegen.build/Objects-normal/arm64/FBReactNativeSpecJSI-generated.d --serialize-diagnostics /Users/antoniogrillo-balen/Library/Developer/Xcode/DerivedData/risebysolis-gzfsziqwziaggpcbgdowmssiasmi/Build/Intermediates.noindex/Pods.build/Debug-iphonesimulator/ReactCodegen.build/Objects-normal/arm64/FBReactNativeSpecJSI-generated.dia -c /Users/antoniogrillo-balen/Desktop/Projects/RiseBuild/ios/build/generated/ios/FBReactNativeSpecJSI-generated.cpp -o /Users/antoniogrillo-balen/Library/Developer/Xcode/DerivedData/risebysolis-gzfsziqwziaggpcbgdowmssiasmi/Build/Intermediates.noindex/Pods.build/Debug-iphonesimulator/ReactCodegen.build/Objects-normal/arm64/FBReactNativeSpecJSI-generated.o -index-unit-output-path /Pods.build/Debug-iphonesimulator/ReactCodegen.build/Objects-normal/arm64/FBReactNativeSpecJSI-generated.o

CompileC /Users/antoniogrillo-balen/Library/Developer/Xcode/DerivedData/risebysolis-gzfsziqwziaggpcbgdowmssiasmi/Build/Intermediates.noindex/Pods.build/Debug-iphonesimulator/ReactCodegen.build/Objects-normal/arm64/FBReactNativeSpec-generated.o /Users/antoniogrillo-balen/Desktop/Projects/RiseBuild/ios/build/generated/ios/FBReactNativeSpec/FBReactNativeSpec-generated.mm normal arm64 objective-c++ com.apple.compilers.llvm.clang.1_0.compiler (in target 'ReactCodegen' from project 'Pods')
    cd /Users/antoniogrillo-balen/Desktop/Projects/RiseBuild/ios/Pods
    
    Using response file: /Users/antoniogrillo-balen/Library/Developer/Xcode/DerivedData/risebysolis-gzfsziqwziaggpcbgdowmssiasmi/Build/Intermediates.noindex/Pods.build/Debug-iphonesimulator/ReactCodegen.build/Objects-normal/arm64/af3fcb34312c57c0f52879cdce924b91-common-args.resp
    
    /Applications/Xcode.app/Contents/Developer/Toolchains/XcodeDefault.xctoolchain/usr/bin/clang -x objective-c++ -ivfsstatcache /Users/antoniogrillo-balen/Library/Developer/Xcode/DerivedData/SDKStatCaches.noindex/iphonesimulator26.5-23F73-6cfe768891a92b912361537c460fe42b.sdkstatcache -target arm64-apple-ios15.1-simulator -fmessage-length\=0 -fdiagnostics-show-note-include-stack -fmacro-backtrace-limit\=0 -fno-color-diagnostics -fmodules-prune-interval\=86400 -fmodules-prune-after\=345600 -fbuild-session-file\=/Users/antoniogrillo-balen/Library/Developer/Xcode/DerivedData/ModuleCache.noindex/Session.modulevalidation -fmodules-validate-once-per-build-session -Wnon-modular-include-in-framework-module -Werror\=non-modular-include-in-framework-module -Wno-trigraphs -Wno-missing-field-initializers -Wno-missing-prototypes -Werror\=return-type -Wdocumentation -Wunreachable-code -Wno-implicit-atomic-properties -Werror\=deprecated-objc-isa-usage -Wno-objc-interface-ivars -Werror\=objc-root-class -Wno-arc-repeated-use-of-weak -Wimplicit-retain-self -Wno-non-virtual-dtor -Wno-overloaded-virtual -Wno-exit-time-destructors -Wduplicate-method-match -Wno-missing-braces -Wparentheses -Wswitch -Wunused-function -Wno-unused-label -Wno-unused-parameter -Wunused-variable -Wunused-value -Wempty-body -Wuninitialized -Wconditional-uninitialized -Wno-unknown-pragmas -Wno-shadow -Wno-four-char-constants -Wno-conversion -Wconstant-conversion -Wint-conversion -Wbool-conversion -Wenum-conversion -Wno-float-conversion -Wnon-literal-null-conversion -Wobjc-literal-conversion -Wshorten-64-to-32 -Wno-newline-eof -Wno-selector -Wno-strict-selector-match -Wundeclared-selector -Wdeprecated-implementations -Wno-c++11-extensions -Wno-implicit-fallthrough -isysroot /Applications/Xcode.app/Contents/Developer/Platforms/iPhoneSimulator.platform/Developer/SDKs/iPhoneSimulator26.5.sdk -fstrict-aliasing -Wprotocol -Wdeprecated-declarations -Winvalid-offsetof -Wno-sign-conversion -Winfinite-recursion -Wmove -Wcomma -Wblock-capture-autoreleasing -Wstrict-prototypes -Wrange-loop-analysis -Wno-semicolon-before-method-body -Wunguarded-availability -index-store-path /Users/antoniogrillo-balen/Library/Developer/Xcode/DerivedData/risebysolis-gzfsziqwziaggpcbgdowmssiasmi/Index.noindex/DataStore @/Users/antoniogrillo-balen/Library/Developer/Xcode/DerivedData/risebysolis-gzfsziqwziaggpcbgdowmssiasmi/Build/Intermediates.noindex/Pods.build/Debug-iphonesimulator/ReactCodegen.build/Objects-normal/arm64/af3fcb34312c57c0f52879cdce924b91-common-args.resp -DFOLLY_NO_CONFIG -DFOLLY_MOBILE\=1 -DFOLLY_USE_LIBCPP\=1 -DFOLLY_CFG_NO_COROUTINES\=1 -DFOLLY_HAVE_CLOCK_GETTIME\=1 -Wno-comma -Wno-shorten-64-to-32 -Wno-documentation -Wno-nullability-completeness -std\=c++20 -include /Users/antoniogrillo-balen/Desktop/Projects/RiseBuild/ios/Pods/Target\ Support\ Files/ReactCodegen/ReactCodegen-prefix.pch -MMD -MT dependencies -MF /Users/antoniogrillo-balen/Library/Developer/Xcode/DerivedData/risebysolis-gzfsziqwziaggpcbgdowmssiasmi/Build/Intermediates.noindex/Pods.build/Debug-iphonesimulator/ReactCodegen.build/Objects-normal/arm64/FBReactNativeSpec-generated.d --serialize-diagnostics /Users/antoniogrillo-balen/Library/Developer/Xcode/DerivedData/risebysolis-gzfsziqwziaggpcbgdowmssiasmi/Build/Intermediates.noindex/Pods.build/Debug-iphonesimulator/ReactCodegen.build/Objects-normal/arm64/FBReactNativeSpec-generated.dia -c /Users/antoniogrillo-balen/Desktop/Projects/RiseBuild/ios/build/generated/ios/FBReactNativeSpec/FBReactNativeSpec-generated.mm -o /Users/antoniogrillo-balen/Library/Developer/Xcode/DerivedData/risebysolis-gzfsziqwziaggpcbgdowmssiasmi/Build/Intermediates.noindex/Pods.build/Debug-iphonesimulator/ReactCodegen.build/Objects-normal/arm64/FBReactNativeSpec-generated.o -index-unit-output-path /Pods.build/Debug-iphonesimulator/ReactCodegen.build/Objects-normal/arm64/FBReactNativeSpec-generated.o

CompileC /Users/antoniogrillo-balen/Library/Developer/Xcode/DerivedData/risebysolis-gzfsziqwziaggpcbgdowmssiasmi/Build/Intermediates.noindex/Pods.build/Debug-iphonesimulator/ReactCodegen.build/Objects-normal/arm64/EventEmitters-db1cddd87c3cade9f83bf622289cbe33.o /Users/antoniogrillo-balen/Desktop/Projects/RiseBuild/ios/build/generated/ios/react/renderer/components/RNGoogleSignInCGen/EventEmitters.cpp normal arm64 c++ com.apple.compilers.llvm.clang.1_0.compiler (in target 'ReactCodegen' from project 'Pods')
    cd /Users/antoniogrillo-balen/Desktop/Projects/RiseBuild/ios/Pods
    
    Using response file: /Users/antoniogrillo-balen/Library/Developer/Xcode/DerivedData/risebysolis-gzfsziqwziaggpcbgdowmssiasmi/Build/Intermediates.noindex/Pods.build/Debug-iphonesimulator/ReactCodegen.build/Objects-normal/arm64/82b82416624d2658e5098eb0a28c15c5-common-args.resp
    
    /Applications/Xcode.app/Contents/Developer/Toolchains/XcodeDefault.xctoolchain/usr/bin/clang -x c++ -ivfsstatcache /Users/antoniogrillo-balen/Library/Developer/Xcode/DerivedData/SDKStatCaches.noindex/iphonesimulator26.5-23F73-6cfe768891a92b912361537c460fe42b.sdkstatcache -target arm64-apple-ios15.1-simulator -fmessage-length\=0 -fdiagnostics-show-note-include-stack -fmacro-backtrace-limit\=0 -fno-color-diagnostics -fmodules-prune-interval\=86400 -fmodules-prune-after\=345600 -fbuild-session-file\=/Users/antoniogrillo-balen/Library/Developer/Xcode/DerivedData/ModuleCache.noindex/Session.modulevalidation -fmodules-validate-once-per-build-session -Wnon-modular-include-in-framework-module -Werror\=non-modular-include-in-framework-module -Wno-trigraphs -Wno-missing-field-initializers -Wno-missing-prototypes -Werror\=return-type -Wdocumentation -Wunreachable-code -Werror\=deprecated-objc-isa-usage -Werror\=objc-root-class -Wno-non-virtual-dtor -Wno-overloaded-virtual -Wno-exit-time-destructors -Wno-missing-braces -Wparentheses -Wswitch -Wunused-function -Wno-unused-label -Wno-unused-parameter -Wunused-variable -Wunused-value -Wempty-body -Wuninitialized -Wconditional-uninitialized -Wno-unknown-pragmas -Wno-shadow -Wno-four-char-constants -Wno-conversion -Wconstant-conversion -Wint-conversion -Wbool-conversion -Wenum-conversion -Wno-float-conversion -Wnon-literal-null-conversion -Wobjc-literal-conversion -Wshorten-64-to-32 -Wno-newline-eof -Wno-c++11-extensions -Wno-implicit-fallthrough -isysroot /Applications/Xcode.app/Contents/Developer/Platforms/iPhoneSimulator.platform/Developer/SDKs/iPhoneSimulator26.5.sdk -fstrict-aliasing -Wdeprecated-declarations -Winvalid-offsetof -Wno-sign-conversion -Winfinite-recursion -Wmove -Wcomma -Wblock-capture-autoreleasing -Wstrict-prototypes -Wrange-loop-analysis -Wno-semicolon-before-method-body -Wunguarded-availability -index-store-path /Users/antoniogrillo-balen/Library/Developer/Xcode/DerivedData/risebysolis-gzfsziqwziaggpcbgdowmssiasmi/Index.noindex/DataStore @/Users/antoniogrillo-balen/Library/Developer/Xcode/DerivedData/risebysolis-gzfsziqwziaggpcbgdowmssiasmi/Build/Intermediates.noindex/Pods.build/Debug-iphonesimulator/ReactCodegen.build/Objects-normal/arm64/82b82416624d2658e5098eb0a28c15c5-common-args.resp -DFOLLY_NO_CONFIG -DFOLLY_MOBILE\=1 -DFOLLY_USE_LIBCPP\=1 -DFOLLY_CFG_NO_COROUTINES\=1 -DFOLLY_HAVE_CLOCK_GETTIME\=1 -Wno-comma -Wno-shorten-64-to-32 -Wno-documentation -Wno-nullability-completeness -std\=c++20 -include /Users/antoniogrillo-balen/Desktop/Projects/RiseBuild/ios/Pods/Target\ Support\ Files/ReactCodegen/ReactCodegen-prefix.pch -MMD -MT dependencies -MF /Users/antoniogrillo-balen/Library/Developer/Xcode/DerivedData/risebysolis-gzfsziqwziaggpcbgdowmssiasmi/Build/Intermediates.noindex/Pods.build/Debug-iphonesimulator/ReactCodegen.build/Objects-normal/arm64/EventEmitters-db1cddd87c3cade9f83bf622289cbe33.d --serialize-diagnostics /Users/antoniogrillo-balen/Library/Developer/Xcode/DerivedData/risebysolis-gzfsziqwziaggpcbgdowmssiasmi/Build/Intermediates.noindex/Pods.build/Debug-iphonesimulator/ReactCodegen.build/Objects-normal/arm64/EventEmitters-db1cddd87c3cade9f83bf622289cbe33.dia -c /Users/antoniogrillo-balen/Desktop/Projects/RiseBuild/ios/build/generated/ios/react/renderer/components/RNGoogleSignInCGen/EventEmitters.cpp -o /Users/antoniogrillo-balen/Library/Developer/Xcode/DerivedData/risebysolis-gzfsziqwziaggpcbgdowmssiasmi/Build/Intermediates.noindex/Pods.build/Debug-iphonesimulator/ReactCodegen.build/Objects-normal/arm64/EventEmitters-db1cddd87c3cade9f83bf622289cbe33.o -index-unit-output-path /Pods.build/Debug-iphonesimulator/ReactCodegen.build/Objects-normal/arm64/EventEmitters-db1cddd87c3cade9f83bf622289cbe33.o

CompileC /Users/antoniogrillo-balen/Library/Developer/Xcode/DerivedData/risebysolis-gzfsziqwziaggpcbgdowmssiasmi/Build/Intermediates.noindex/Pods.build/Debug-iphonesimulator/ReactCodegen.build/Objects-normal/arm64/EventEmitters-c81917eebf484d025a5251dbeb137543.o /Users/antoniogrillo-balen/Desktop/Projects/RiseBuild/ios/build/generated/ios/react/renderer/components/rngesturehandler_codegen/EventEmitters.cpp normal arm64 c++ com.apple.compilers.llvm.clang.1_0.compiler (in target 'ReactCodegen' from project 'Pods')
    cd /Users/antoniogrillo-balen/Desktop/Projects/RiseBuild/ios/Pods
    
    Using response file: /Users/antoniogrillo-balen/Library/Developer/Xcode/DerivedData/risebysolis-gzfsziqwziaggpcbgdowmssiasmi/Build/Intermediates.noindex/Pods.build/Debug-iphonesimulator/ReactCodegen.build/Objects-normal/arm64/82b82416624d2658e5098eb0a28c15c5-common-args.resp
    
    /Applications/Xcode.app/Contents/Developer/Toolchains/XcodeDefault.xctoolchain/usr/bin/clang -x c++ -ivfsstatcache /Users/antoniogrillo-balen/Library/Developer/Xcode/DerivedData/SDKStatCaches.noindex/iphonesimulator26.5-23F73-6cfe768891a92b912361537c460fe42b.sdkstatcache -target arm64-apple-ios15.1-simulator -fmessage-length\=0 -fdiagnostics-show-note-include-stack -fmacro-backtrace-limit\=0 -fno-color-diagnostics -fmodules-prune-interval\=86400 -fmodules-prune-after\=345600 -fbuild-session-file\=/Users/antoniogrillo-balen/Library/Developer/Xcode/DerivedData/ModuleCache.noindex/Session.modulevalidation -fmodules-validate-once-per-build-session -Wnon-modular-include-in-framework-module -Werror\=non-modular-include-in-framework-module -Wno-trigraphs -Wno-missing-field-initializers -Wno-missing-prototypes -Werror\=return-type -Wdocumentation -Wunreachable-code -Werror\=deprecated-objc-isa-usage -Werror\=objc-root-class -Wno-non-virtual-dtor -Wno-overloaded-virtual -Wno-exit-time-destructors -Wno-missing-braces -Wparentheses -Wswitch -Wunused-function -Wno-unused-label -Wno-unused-parameter -Wunused-variable -Wunused-value -Wempty-body -Wuninitialized -Wconditional-uninitialized -Wno-unknown-pragmas -Wno-shadow -Wno-four-char-constants -Wno-conversion -Wconstant-conversion -Wint-conversion -Wbool-conversion -Wenum-conversion -Wno-float-conversion -Wnon-literal-null-conversion -Wobjc-literal-conversion -Wshorten-64-to-32 -Wno-newline-eof -Wno-c++11-extensions -Wno-implicit-fallthrough -isysroot /Applications/Xcode.app/Contents/Developer/Platforms/iPhoneSimulator.platform/Developer/SDKs/iPhoneSimulator26.5.sdk -fstrict-aliasing -Wdeprecated-declarations -Winvalid-offsetof -Wno-sign-conversion -Winfinite-recursion -Wmove -Wcomma -Wblock-capture-autoreleasing -Wstrict-prototypes -Wrange-loop-analysis -Wno-semicolon-before-method-body -Wunguarded-availability -index-store-path /Users/antoniogrillo-balen/Library/Developer/Xcode/DerivedData/risebysolis-gzfsziqwziaggpcbgdowmssiasmi/Index.noindex/DataStore @/Users/antoniogrillo-balen/Library/Developer/Xcode/DerivedData/risebysolis-gzfsziqwziaggpcbgdowmssiasmi/Build/Intermediates.noindex/Pods.build/Debug-iphonesimulator/ReactCodegen.build/Objects-normal/arm64/82b82416624d2658e5098eb0a28c15c5-common-args.resp -DFOLLY_NO_CONFIG -DFOLLY_MOBILE\=1 -DFOLLY_USE_LIBCPP\=1 -DFOLLY_CFG_NO_COROUTINES\=1 -DFOLLY_HAVE_CLOCK_GETTIME\=1 -Wno-comma -Wno-shorten-64-to-32 -Wno-documentation -Wno-nullability-completeness -std\=c++20 -include /Users/antoniogrillo-balen/Desktop/Projects/RiseBuild/ios/Pods/Target\ Support\ Files/ReactCodegen/ReactCodegen-prefix.pch -MMD -MT dependencies -MF /Users/antoniogrillo-balen/Library/Developer/Xcode/DerivedData/risebysolis-gzfsziqwziaggpcbgdowmssiasmi/Build/Intermediates.noindex/Pods.build/Debug-iphonesimulator/ReactCodegen.build/Objects-normal/arm64/EventEmitters-c81917eebf484d025a5251dbeb137543.d --serialize-diagnostics /Users/antoniogrillo-balen/Library/Developer/Xcode/DerivedData/risebysolis-gzfsziqwziaggpcbgdowmssiasmi/Build/Intermediates.noindex/Pods.build/Debug-iphonesimulator/ReactCodegen.build/Objects-normal/arm64/EventEmitters-c81917eebf484d025a5251dbeb137543.dia -c /Users/antoniogrillo-balen/Desktop/Projects/RiseBuild/ios/build/generated/ios/react/renderer/components/rngesturehandler_codegen/EventEmitters.cpp -o /Users/antoniogrillo-balen/Library/Developer/Xcode/DerivedData/risebysolis-gzfsziqwziaggpcbgdowmssiasmi/Build/Intermediates.noindex/Pods.build/Debug-iphonesimulator/ReactCodegen.build/Objects-normal/arm64/EventEmitters-c81917eebf484d025a5251dbeb137543.o -index-unit-output-path /Pods.build/Debug-iphonesimulator/ReactCodegen.build/Objects-normal/arm64/EventEmitters-c81917eebf484d025a5251dbeb137543.o

CompileC /Users/antoniogrillo-balen/Library/Developer/Xcode/DerivedData/risebysolis-gzfsziqwziaggpcbgdowmssiasmi/Build/Intermediates.noindex/Pods.build/Debug-iphonesimulator/ReactCodegen.build/Objects-normal/arm64/EventEmitters-947695b3bd6d23968c3c16e4a70e2ec3.o /Users/antoniogrillo-balen/Desktop/Projects/RiseBuild/ios/build/generated/ios/react/renderer/components/safeareacontext/EventEmitters.cpp normal arm64 c++ com.apple.compilers.llvm.clang.1_0.compiler (in target 'ReactCodegen' from project 'Pods')
    cd /Users/antoniogrillo-balen/Desktop/Projects/RiseBuild/ios/Pods
    
    Using response file: /Users/antoniogrillo-balen/Library/Developer/Xcode/DerivedData/risebysolis-gzfsziqwziaggpcbgdowmssiasmi/Build/Intermediates.noindex/Pods.build/Debug-iphonesimulator/ReactCodegen.build/Objects-normal/arm64/82b82416624d2658e5098eb0a28c15c5-common-args.resp
    
    /Applications/Xcode.app/Contents/Developer/Toolchains/XcodeDefault.xctoolchain/usr/bin/clang -x c++ -ivfsstatcache /Users/antoniogrillo-balen/Library/Developer/Xcode/DerivedData/SDKStatCaches.noindex/iphonesimulator26.5-23F73-6cfe768891a92b912361537c460fe42b.sdkstatcache -target arm64-apple-ios15.1-simulator -fmessage-length\=0 -fdiagnostics-show-note-include-stack -fmacro-backtrace-limit\=0 -fno-color-diagnostics -fmodules-prune-interval\=86400 -fmodules-prune-after\=345600 -fbuild-session-file\=/Users/antoniogrillo-balen/Library/Developer/Xcode/DerivedData/ModuleCache.noindex/Session.modulevalidation -fmodules-validate-once-per-build-session -Wnon-modular-include-in-framework-module -Werror\=non-modular-include-in-framework-module -Wno-trigraphs -Wno-missing-field-initializers -Wno-missing-prototypes -Werror\=return-type -Wdocumentation -Wunreachable-code -Werror\=deprecated-objc-isa-usage -Werror\=objc-root-class -Wno-non-virtual-dtor -Wno-overloaded-virtual -Wno-exit-time-destructors -Wno-missing-braces -Wparentheses -Wswitch -Wunused-function -Wno-unused-label -Wno-unused-parameter -Wunused-variable -Wunused-value -Wempty-body -Wuninitialized -Wconditional-uninitialized -Wno-unknown-pragmas -Wno-shadow -Wno-four-char-constants -Wno-conversion -Wconstant-conversion -Wint-conversion -Wbool-conversion -Wenum-conversion -Wno-float-conversion -Wnon-literal-null-conversion -Wobjc-literal-conversion -Wshorten-64-to-32 -Wno-newline-eof -Wno-c++11-extensions -Wno-implicit-fallthrough -isysroot /Applications/Xcode.app/Contents/Developer/Platforms/iPhoneSimulator.platform/Developer/SDKs/iPhoneSimulator26.5.sdk -fstrict-aliasing -Wdeprecated-declarations -Winvalid-offsetof -Wno-sign-conversion -Winfinite-recursion -Wmove -Wcomma -Wblock-capture-autoreleasing -Wstrict-prototypes -Wrange-loop-analysis -Wno-semicolon-before-method-body -Wunguarded-availability -index-store-path /Users/antoniogrillo-balen/Library/Developer/Xcode/DerivedData/risebysolis-gzfsziqwziaggpcbgdowmssiasmi/Index.noindex/DataStore @/Users/antoniogrillo-balen/Library/Developer/Xcode/DerivedData/risebysolis-gzfsziqwziaggpcbgdowmssiasmi/Build/Intermediates.noindex/Pods.build/Debug-iphonesimulator/ReactCodegen.build/Objects-normal/arm64/82b82416624d2658e5098eb0a28c15c5-common-args.resp -DFOLLY_NO_CONFIG -DFOLLY_MOBILE\=1 -DFOLLY_USE_LIBCPP\=1 -DFOLLY_CFG_NO_COROUTINES\=1 -DFOLLY_HAVE_CLOCK_GETTIME\=1 -Wno-comma -Wno-shorten-64-to-32 -Wno-documentation -Wno-nullability-completeness -std\=c++20 -include /Users/antoniogrillo-balen/Desktop/Projects/RiseBuild/ios/Pods/Target\ Support\ Files/ReactCodegen/ReactCodegen-prefix.pch -MMD -MT dependencies -MF /Users/antoniogrillo-balen/Library/Developer/Xcode/DerivedData/risebysolis-gzfsziqwziaggpcbgdowmssiasmi/Build/Intermediates.noindex/Pods.build/Debug-iphonesimulator/ReactCodegen.build/Objects-normal/arm64/EventEmitters-947695b3bd6d23968c3c16e4a70e2ec3.d --serialize-diagnostics /Users/antoniogrillo-balen/Library/Developer/Xcode/DerivedData/risebysolis-gzfsziqwziaggpcbgdowmssiasmi/Build/Intermediates.noindex/Pods.build/Debug-iphonesimulator/ReactCodegen.build/Objects-normal/arm64/EventEmitters-947695b3bd6d23968c3c16e4a70e2ec3.dia -c /Users/antoniogrillo-balen/Desktop/Projects/RiseBuild/ios/build/generated/ios/react/renderer/components/safeareacontext/EventEmitters.cpp -o /Users/antoniogrillo-balen/Library/Developer/Xcode/DerivedData/risebysolis-gzfsziqwziaggpcbgdowmssiasmi/Build/Intermediates.noindex/Pods.build/Debug-iphonesimulator/ReactCodegen.build/Objects-normal/arm64/EventEmitters-947695b3bd6d23968c3c16e4a70e2ec3.o -index-unit-output-path /Pods.build/Debug-iphonesimulator/ReactCodegen.build/Objects-normal/arm64/EventEmitters-947695b3bd6d23968c3c16e4a70e2ec3.o

CompileC /Users/antoniogrillo-balen/Library/Developer/Xcode/DerivedData/risebysolis-gzfsziqwziaggpcbgdowmssiasmi/Build/Intermediates.noindex/Pods.build/Debug-iphonesimulator/ReactCodegen.build/Objects-normal/arm64/EventEmitters-3b10d25ab64aed25fff1e8f9f0b90937.o /Users/antoniogrillo-balen/Desktop/Projects/RiseBuild/ios/build/generated/ios/react/renderer/components/rnscreens/EventEmitters.cpp normal arm64 c++ com.apple.compilers.llvm.clang.1_0.compiler (in target 'ReactCodegen' from project 'Pods')
    cd /Users/antoniogrillo-balen/Desktop/Projects/RiseBuild/ios/Pods
    
    Using response file: /Users/antoniogrillo-balen/Library/Developer/Xcode/DerivedData/risebysolis-gzfsziqwziaggpcbgdowmssiasmi/Build/Intermediates.noindex/Pods.build/Debug-iphonesimulator/ReactCodegen.build/Objects-normal/arm64/82b82416624d2658e5098eb0a28c15c5-common-args.resp
    
    /Applications/Xcode.app/Contents/Developer/Toolchains/XcodeDefault.xctoolchain/usr/bin/clang -x c++ -ivfsstatcache /Users/antoniogrillo-balen/Library/Developer/Xcode/DerivedData/SDKStatCaches.noindex/iphonesimulator26.5-23F73-6cfe768891a92b912361537c460fe42b.sdkstatcache -target arm64-apple-ios15.1-simulator -fmessage-length\=0 -fdiagnostics-show-note-include-stack -fmacro-backtrace-limit\=0 -fno-color-diagnostics -fmodules-prune-interval\=86400 -fmodules-prune-after\=345600 -fbuild-session-file\=/Users/antoniogrillo-balen/Library/Developer/Xcode/DerivedData/ModuleCache.noindex/Session.modulevalidation -fmodules-validate-once-per-build-session -Wnon-modular-include-in-framework-module -Werror\=non-modular-include-in-framework-module -Wno-trigraphs -Wno-missing-field-initializers -Wno-missing-prototypes -Werror\=return-type -Wdocumentation -Wunreachable-code -Werror\=deprecated-objc-isa-usage -Werror\=objc-root-class -Wno-non-virtual-dtor -Wno-overloaded-virtual -Wno-exit-time-destructors -Wno-missing-braces -Wparentheses -Wswitch -Wunused-function -Wno-unused-label -Wno-unused-parameter -Wunused-variable -Wunused-value -Wempty-body -Wuninitialized -Wconditional-uninitialized -Wno-unknown-pragmas -Wno-shadow -Wno-four-char-constants -Wno-conversion -Wconstant-conversion -Wint-conversion -Wbool-conversion -Wenum-conversion -Wno-float-conversion -Wnon-literal-null-conversion -Wobjc-literal-conversion -Wshorten-64-to-32 -Wno-newline-eof -Wno-c++11-extensions -Wno-implicit-fallthrough -isysroot /Applications/Xcode.app/Contents/Developer/Platforms/iPhoneSimulator.platform/Developer/SDKs/iPhoneSimulator26.5.sdk -fstrict-aliasing -Wdeprecated-declarations -Winvalid-offsetof -Wno-sign-conversion -Winfinite-recursion -Wmove -Wcomma -Wblock-capture-autoreleasing -Wstrict-prototypes -Wrange-loop-analysis -Wno-semicolon-before-method-body -Wunguarded-availability -index-store-path /Users/antoniogrillo-balen/Library/Developer/Xcode/DerivedData/risebysolis-gzfsziqwziaggpcbgdowmssiasmi/Index.noindex/DataStore @/Users/antoniogrillo-balen/Library/Developer/Xcode/DerivedData/risebysolis-gzfsziqwziaggpcbgdowmssiasmi/Build/Intermediates.noindex/Pods.build/Debug-iphonesimulator/ReactCodegen.build/Objects-normal/arm64/82b82416624d2658e5098eb0a28c15c5-common-args.resp -DFOLLY_NO_CONFIG -DFOLLY_MOBILE\=1 -DFOLLY_USE_LIBCPP\=1 -DFOLLY_CFG_NO_COROUTINES\=1 -DFOLLY_HAVE_CLOCK_GETTIME\=1 -Wno-comma -Wno-shorten-64-to-32 -Wno-documentation -Wno-nullability-completeness -std\=c++20 -include /Users/antoniogrillo-balen/Desktop/Projects/RiseBuild/ios/Pods/Target\ Support\ Files/ReactCodegen/ReactCodegen-prefix.pch -MMD -MT dependencies -MF /Users/antoniogrillo-balen/Library/Developer/Xcode/DerivedData/risebysolis-gzfsziqwziaggpcbgdowmssiasmi/Build/Intermediates.noindex/Pods.build/Debug-iphonesimulator/ReactCodegen.build/Objects-normal/arm64/EventEmitters-3b10d25ab64aed25fff1e8f9f0b90937.d --serialize-diagnostics /Users/antoniogrillo-balen/Library/Developer/Xcode/DerivedData/risebysolis-gzfsziqwziaggpcbgdowmssiasmi/Build/Intermediates.noindex/Pods.build/Debug-iphonesimulator/ReactCodegen.build/Objects-normal/arm64/EventEmitters-3b10d25ab64aed25fff1e8f9f0b90937.dia -c /Users/antoniogrillo-balen/Desktop/Projects/RiseBuild/ios/build/generated/ios/react/renderer/components/rnscreens/EventEmitters.cpp -o /Users/antoniogrillo-balen/Library/Developer/Xcode/DerivedData/risebysolis-gzfsziqwziaggpcbgdowmssiasmi/Build/Intermediates.noindex/Pods.build/Debug-iphonesimulator/ReactCodegen.build/Objects-normal/arm64/EventEmitters-3b10d25ab64aed25fff1e8f9f0b90937.o -index-unit-output-path /Pods.build/Debug-iphonesimulator/ReactCodegen.build/Objects-normal/arm64/EventEmitters-3b10d25ab64aed25fff1e8f9f0b90937.o

CompileC /Users/antoniogrillo-balen/Library/Developer/Xcode/DerivedData/risebysolis-gzfsziqwziaggpcbgdowmssiasmi/Build/Intermediates.noindex/Pods.build/Debug-iphonesimulator/ReactCodegen.build/Objects-normal/arm64/ComponentDescriptors-dbc133906cbe01f0361c140039eb0d7d.o /Users/antoniogrillo-balen/Desktop/Projects/RiseBuild/ios/build/generated/ios/react/renderer/components/rngesturehandler_codegen/ComponentDescriptors.cpp normal arm64 c++ com.apple.compilers.llvm.clang.1_0.compiler (in target 'ReactCodegen' from project 'Pods')
    cd /Users/antoniogrillo-balen/Desktop/Projects/RiseBuild/ios/Pods
    
    Using response file: /Users/antoniogrillo-balen/Library/Developer/Xcode/DerivedData/risebysolis-gzfsziqwziaggpcbgdowmssiasmi/Build/Intermediates.noindex/Pods.build/Debug-iphonesimulator/ReactCodegen.build/Objects-normal/arm64/82b82416624d2658e5098eb0a28c15c5-common-args.resp
    
    /Applications/Xcode.app/Contents/Developer/Toolchains/XcodeDefault.xctoolchain/usr/bin/clang -x c++ -ivfsstatcache /Users/antoniogrillo-balen/Library/Developer/Xcode/DerivedData/SDKStatCaches.noindex/iphonesimulator26.5-23F73-6cfe768891a92b912361537c460fe42b.sdkstatcache -target arm64-apple-ios15.1-simulator -fmessage-length\=0 -fdiagnostics-show-note-include-stack -fmacro-backtrace-limit\=0 -fno-color-diagnostics -fmodules-prune-interval\=86400 -fmodules-prune-after\=345600 -fbuild-session-file\=/Users/antoniogrillo-balen/Library/Developer/Xcode/DerivedData/ModuleCache.noindex/Session.modulevalidation -fmodules-validate-once-per-build-session -Wnon-modular-include-in-framework-module -Werror\=non-modular-include-in-framework-module -Wno-trigraphs -Wno-missing-field-initializers -Wno-missing-prototypes -Werror\=return-type -Wdocumentation -Wunreachable-code -Werror\=deprecated-objc-isa-usage -Werror\=objc-root-class -Wno-non-virtual-dtor -Wno-overloaded-virtual -Wno-exit-time-destructors -Wno-missing-braces -Wparentheses -Wswitch -Wunused-function -Wno-unused-label -Wno-unused-parameter -Wunused-variable -Wunused-value -Wempty-body -Wuninitialized -Wconditional-uninitialized -Wno-unknown-pragmas -Wno-shadow -Wno-four-char-constants -Wno-conversion -Wconstant-conversion -Wint-conversion -Wbool-conversion -Wenum-conversion -Wno-float-conversion -Wnon-literal-null-conversion -Wobjc-literal-conversion -Wshorten-64-to-32 -Wno-newline-eof -Wno-c++11-extensions -Wno-implicit-fallthrough -isysroot /Applications/Xcode.app/Contents/Developer/Platforms/iPhoneSimulator.platform/Developer/SDKs/iPhoneSimulator26.5.sdk -fstrict-aliasing -Wdeprecated-declarations -Winvalid-offsetof -Wno-sign-conversion -Winfinite-recursion -Wmove -Wcomma -Wblock-capture-autoreleasing -Wstrict-prototypes -Wrange-loop-analysis -Wno-semicolon-before-method-body -Wunguarded-availability -index-store-path /Users/antoniogrillo-balen/Library/Developer/Xcode/DerivedData/risebysolis-gzfsziqwziaggpcbgdowmssiasmi/Index.noindex/DataStore @/Users/antoniogrillo-balen/Library/Developer/Xcode/DerivedData/risebysolis-gzfsziqwziaggpcbgdowmssiasmi/Build/Intermediates.noindex/Pods.build/Debug-iphonesimulator/ReactCodegen.build/Objects-normal/arm64/82b82416624d2658e5098eb0a28c15c5-common-args.resp -DFOLLY_NO_CONFIG -DFOLLY_MOBILE\=1 -DFOLLY_USE_LIBCPP\=1 -DFOLLY_CFG_NO_COROUTINES\=1 -DFOLLY_HAVE_CLOCK_GETTIME\=1 -Wno-comma -Wno-shorten-64-to-32 -Wno-documentation -Wno-nullability-completeness -std\=c++20 -include /Users/antoniogrillo-balen/Desktop/Projects/RiseBuild/ios/Pods/Target\ Support\ Files/ReactCodegen/ReactCodegen-prefix.pch -MMD -MT dependencies -MF /Users/antoniogrillo-balen/Library/Developer/Xcode/DerivedData/risebysolis-gzfsziqwziaggpcbgdowmssiasmi/Build/Intermediates.noindex/Pods.build/Debug-iphonesimulator/ReactCodegen.build/Objects-normal/arm64/ComponentDescriptors-dbc133906cbe01f0361c140039eb0d7d.d --serialize-diagnostics /Users/antoniogrillo-balen/Library/Developer/Xcode/DerivedData/risebysolis-gzfsziqwziaggpcbgdowmssiasmi/Build/Intermediates.noindex/Pods.build/Debug-iphonesimulator/ReactCodegen.build/Objects-normal/arm64/ComponentDescriptors-dbc133906cbe01f0361c140039eb0d7d.dia -c /Users/antoniogrillo-balen/Desktop/Projects/RiseBuild/ios/build/generated/ios/react/renderer/components/rngesturehandler_codegen/ComponentDescriptors.cpp -o /Users/antoniogrillo-balen/Library/Developer/Xcode/DerivedData/risebysolis-gzfsziqwziaggpcbgdowmssiasmi/Build/Intermediates.noindex/Pods.build/Debug-iphonesimulator/ReactCodegen.build/Objects-normal/arm64/ComponentDescriptors-dbc133906cbe01f0361c140039eb0d7d.o -index-unit-output-path /Pods.build/Debug-iphonesimulator/ReactCodegen.build/Objects-normal/arm64/ComponentDescriptors-dbc133906cbe01f0361c140039eb0d7d.o

CompileC /Users/antoniogrillo-balen/Library/Developer/Xcode/DerivedData/risebysolis-gzfsziqwziaggpcbgdowmssiasmi/Build/Intermediates.noindex/Pods.build/Debug-iphonesimulator/ReactCodegen.build/Objects-normal/arm64/ComponentDescriptors-466e5fbd51573d83efac66655fa88512.o /Users/antoniogrillo-balen/Desktop/Projects/RiseBuild/ios/build/generated/ios/react/renderer/components/RNGoogleSignInCGen/ComponentDescriptors.cpp normal arm64 c++ com.apple.compilers.llvm.clang.1_0.compiler (in target 'ReactCodegen' from project 'Pods')
    cd /Users/antoniogrillo-balen/Desktop/Projects/RiseBuild/ios/Pods
    
    Using response file: /Users/antoniogrillo-balen/Library/Developer/Xcode/DerivedData/risebysolis-gzfsziqwziaggpcbgdowmssiasmi/Build/Intermediates.noindex/Pods.build/Debug-iphonesimulator/ReactCodegen.build/Objects-normal/arm64/82b82416624d2658e5098eb0a28c15c5-common-args.resp
    
    /Applications/Xcode.app/Contents/Developer/Toolchains/XcodeDefault.xctoolchain/usr/bin/clang -x c++ -ivfsstatcache /Users/antoniogrillo-balen/Library/Developer/Xcode/DerivedData/SDKStatCaches.noindex/iphonesimulator26.5-23F73-6cfe768891a92b912361537c460fe42b.sdkstatcache -target arm64-apple-ios15.1-simulator -fmessage-length\=0 -fdiagnostics-show-note-include-stack -fmacro-backtrace-limit\=0 -fno-color-diagnostics -fmodules-prune-interval\=86400 -fmodules-prune-after\=345600 -fbuild-session-file\=/Users/antoniogrillo-balen/Library/Developer/Xcode/DerivedData/ModuleCache.noindex/Session.modulevalidation -fmodules-validate-once-per-build-session -Wnon-modular-include-in-framework-module -Werror\=non-modular-include-in-framework-module -Wno-trigraphs -Wno-missing-field-initializers -Wno-missing-prototypes -Werror\=return-type -Wdocumentation -Wunreachable-code -Werror\=deprecated-objc-isa-usage -Werror\=objc-root-class -Wno-non-virtual-dtor -Wno-overloaded-virtual -Wno-exit-time-destructors -Wno-missing-braces -Wparentheses -Wswitch -Wunused-function -Wno-unused-label -Wno-unused-parameter -Wunused-variable -Wunused-value -Wempty-body -Wuninitialized -Wconditional-uninitialized -Wno-unknown-pragmas -Wno-shadow -Wno-four-char-constants -Wno-conversion -Wconstant-conversion -Wint-conversion -Wbool-conversion -Wenum-conversion -Wno-float-conversion -Wnon-literal-null-conversion -Wobjc-literal-conversion -Wshorten-64-to-32 -Wno-newline-eof -Wno-c++11-extensions -Wno-implicit-fallthrough -isysroot /Applications/Xcode.app/Contents/Developer/Platforms/iPhoneSimulator.platform/Developer/SDKs/iPhoneSimulator26.5.sdk -fstrict-aliasing -Wdeprecated-declarations -Winvalid-offsetof -Wno-sign-conversion -Winfinite-recursion -Wmove -Wcomma -Wblock-capture-autoreleasing -Wstrict-prototypes -Wrange-loop-analysis -Wno-semicolon-before-method-body -Wunguarded-availability -index-store-path /Users/antoniogrillo-balen/Library/Developer/Xcode/DerivedData/risebysolis-gzfsziqwziaggpcbgdowmssiasmi/Index.noindex/DataStore @/Users/antoniogrillo-balen/Library/Developer/Xcode/DerivedData/risebysolis-gzfsziqwziaggpcbgdowmssiasmi/Build/Intermediates.noindex/Pods.build/Debug-iphonesimulator/ReactCodegen.build/Objects-normal/arm64/82b82416624d2658e5098eb0a28c15c5-common-args.resp -DFOLLY_NO_CONFIG -DFOLLY_MOBILE\=1 -DFOLLY_USE_LIBCPP\=1 -DFOLLY_CFG_NO_COROUTINES\=1 -DFOLLY_HAVE_CLOCK_GETTIME\=1 -Wno-comma -Wno-shorten-64-to-32 -Wno-documentation -Wno-nullability-completeness -std\=c++20 -include /Users/antoniogrillo-balen/Desktop/Projects/RiseBuild/ios/Pods/Target\ Support\ Files/ReactCodegen/ReactCodegen-prefix.pch -MMD -MT dependencies -MF /Users/antoniogrillo-balen/Library/Developer/Xcode/DerivedData/risebysolis-gzfsziqwziaggpcbgdowmssiasmi/Build/Intermediates.noindex/Pods.build/Debug-iphonesimulator/ReactCodegen.build/Objects-normal/arm64/ComponentDescriptors-466e5fbd51573d83efac66655fa88512.d --serialize-diagnostics /Users/antoniogrillo-balen/Library/Developer/Xcode/DerivedData/risebysolis-gzfsziqwziaggpcbgdowmssiasmi/Build/Intermediates.noindex/Pods.build/Debug-iphonesimulator/ReactCodegen.build/Objects-normal/arm64/ComponentDescriptors-466e5fbd51573d83efac66655fa88512.dia -c /Users/antoniogrillo-balen/Desktop/Projects/RiseBuild/ios/build/generated/ios/react/renderer/components/RNGoogleSignInCGen/ComponentDescriptors.cpp -o /Users/antoniogrillo-balen/Library/Developer/Xcode/DerivedData/risebysolis-gzfsziqwziaggpcbgdowmssiasmi/Build/Intermediates.noindex/Pods.build/Debug-iphonesimulator/ReactCodegen.build/Objects-normal/arm64/ComponentDescriptors-466e5fbd51573d83efac66655fa88512.o -index-unit-output-path /Pods.build/Debug-iphonesimulator/ReactCodegen.build/Objects-normal/arm64/ComponentDescriptors-466e5fbd51573d83efac66655fa88512.o

CompileC /Users/antoniogrillo-balen/Library/Developer/Xcode/DerivedData/risebysolis-gzfsziqwziaggpcbgdowmssiasmi/Build/Intermediates.noindex/Pods.build/Debug-iphonesimulator/ReactCodegen.build/Objects-normal/arm64/ComponentDescriptors-3ca873b2a0e9105fdbceb614c8b4d64d.o /Users/antoniogrillo-balen/Desktop/Projects/RiseBuild/ios/build/generated/ios/react/renderer/components/safeareacontext/ComponentDescriptors.cpp normal arm64 c++ com.apple.compilers.llvm.clang.1_0.compiler (in target 'ReactCodegen' from project 'Pods')
    cd /Users/antoniogrillo-balen/Desktop/Projects/RiseBuild/ios/Pods
    
    Using response file: /Users/antoniogrillo-balen/Library/Developer/Xcode/DerivedData/risebysolis-gzfsziqwziaggpcbgdowmssiasmi/Build/Intermediates.noindex/Pods.build/Debug-iphonesimulator/ReactCodegen.build/Objects-normal/arm64/82b82416624d2658e5098eb0a28c15c5-common-args.resp
    
    /Applications/Xcode.app/Contents/Developer/Toolchains/XcodeDefault.xctoolchain/usr/bin/clang -x c++ -ivfsstatcache /Users/antoniogrillo-balen/Library/Developer/Xcode/DerivedData/SDKStatCaches.noindex/iphonesimulator26.5-23F73-6cfe768891a92b912361537c460fe42b.sdkstatcache -target arm64-apple-ios15.1-simulator -fmessage-length\=0 -fdiagnostics-show-note-include-stack -fmacro-backtrace-limit\=0 -fno-color-diagnostics -fmodules-prune-interval\=86400 -fmodules-prune-after\=345600 -fbuild-session-file\=/Users/antoniogrillo-balen/Library/Developer/Xcode/DerivedData/ModuleCache.noindex/Session.modulevalidation -fmodules-validate-once-per-build-session -Wnon-modular-include-in-framework-module -Werror\=non-modular-include-in-framework-module -Wno-trigraphs -Wno-missing-field-initializers -Wno-missing-prototypes -Werror\=return-type -Wdocumentation -Wunreachable-code -Werror\=deprecated-objc-isa-usage -Werror\=objc-root-class -Wno-non-virtual-dtor -Wno-overloaded-virtual -Wno-exit-time-destructors -Wno-missing-braces -Wparentheses -Wswitch -Wunused-function -Wno-unused-label -Wno-unused-parameter -Wunused-variable -Wunused-value -Wempty-body -Wuninitialized -Wconditional-uninitialized -Wno-unknown-pragmas -Wno-shadow -Wno-four-char-constants -Wno-conversion -Wconstant-conversion -Wint-conversion -Wbool-conversion -Wenum-conversion -Wno-float-conversion -Wnon-literal-null-conversion -Wobjc-literal-conversion -Wshorten-64-to-32 -Wno-newline-eof -Wno-c++11-extensions -Wno-implicit-fallthrough -isysroot /Applications/Xcode.app/Contents/Developer/Platforms/iPhoneSimulator.platform/Developer/SDKs/iPhoneSimulator26.5.sdk -fstrict-aliasing -Wdeprecated-declarations -Winvalid-offsetof -Wno-sign-conversion -Winfinite-recursion -Wmove -Wcomma -Wblock-capture-autoreleasing -Wstrict-prototypes -Wrange-loop-analysis -Wno-semicolon-before-method-body -Wunguarded-availability -index-store-path /Users/antoniogrillo-balen/Library/Developer/Xcode/DerivedData/risebysolis-gzfsziqwziaggpcbgdowmssiasmi/Index.noindex/DataStore @/Users/antoniogrillo-balen/Library/Developer/Xcode/DerivedData/risebysolis-gzfsziqwziaggpcbgdowmssiasmi/Build/Intermediates.noindex/Pods.build/Debug-iphonesimulator/ReactCodegen.build/Objects-normal/arm64/82b82416624d2658e5098eb0a28c15c5-common-args.resp -DFOLLY_NO_CONFIG -DFOLLY_MOBILE\=1 -DFOLLY_USE_LIBCPP\=1 -DFOLLY_CFG_NO_COROUTINES\=1 -DFOLLY_HAVE_CLOCK_GETTIME\=1 -Wno-comma -Wno-shorten-64-to-32 -Wno-documentation -Wno-nullability-completeness -std\=c++20 -include /Users/antoniogrillo-balen/Desktop/Projects/RiseBuild/ios/Pods/Target\ Support\ Files/ReactCodegen/ReactCodegen-prefix.pch -MMD -MT dependencies -MF /Users/antoniogrillo-balen/Library/Developer/Xcode/DerivedData/risebysolis-gzfsziqwziaggpcbgdowmssiasmi/Build/Intermediates.noindex/Pods.build/Debug-iphonesimulator/ReactCodegen.build/Objects-normal/arm64/ComponentDescriptors-3ca873b2a0e9105fdbceb614c8b4d64d.d --serialize-diagnostics /Users/antoniogrillo-balen/Library/Developer/Xcode/DerivedData/risebysolis-gzfsziqwziaggpcbgdowmssiasmi/Build/Intermediates.noindex/Pods.build/Debug-iphonesimulator/ReactCodegen.build/Objects-normal/arm64/ComponentDescriptors-3ca873b2a0e9105fdbceb614c8b4d64d.dia -c /Users/antoniogrillo-balen/Desktop/Projects/RiseBuild/ios/build/generated/ios/react/renderer/components/safeareacontext/ComponentDescriptors.cpp -o /Users/antoniogrillo-balen/Library/Developer/Xcode/DerivedData/risebysolis-gzfsziqwziaggpcbgdowmssiasmi/Build/Intermediates.noindex/Pods.build/Debug-iphonesimulator/ReactCodegen.build/Objects-normal/arm64/ComponentDescriptors-3ca873b2a0e9105fdbceb614c8b4d64d.o -index-unit-output-path /Pods.build/Debug-iphonesimulator/ReactCodegen.build/Objects-normal/arm64/ComponentDescriptors-3ca873b2a0e9105fdbceb614c8b4d64d.o

Libtool /Users/antoniogrillo-balen/Library/Developer/Xcode/DerivedData/risebysolis-gzfsziqwziaggpcbgdowmssiasmi/Build/Products/Debug-iphonesimulator/ReactCodegen/ReactCodegen.framework/ReactCodegen normal (in target 'ReactCodegen' from project 'Pods')
    cd /Users/antoniogrillo-balen/Desktop/Projects/RiseBuild/ios/Pods
    /Applications/Xcode.app/Contents/Developer/Toolchains/XcodeDefault.xctoolchain/usr/bin/libtool -static -arch_only arm64 -D -syslibroot /Applications/Xcode.app/Contents/Developer/Platforms/iPhoneSimulator.platform/Developer/SDKs/iPhoneSimulator26.5.sdk -L/Users/antoniogrillo-balen/Library/Developer/Xcode/DerivedData/risebysolis-gzfsziqwziaggpcbgdowmssiasmi/Build/Products/Debug-iphonesimulator/ReactCodegen -filelist /Users/antoniogrillo-balen/Library/Developer/Xcode/DerivedData/risebysolis-gzfsziqwziaggpcbgdowmssiasmi/Build/Intermediates.noindex/Pods.build/Debug-iphonesimulator/ReactCodegen.build/Objects-normal/arm64/ReactCodegen.LinkFileList -dependency_info /Users/antoniogrillo-balen/Library/Developer/Xcode/DerivedData/risebysolis-gzfsziqwziaggpcbgdowmssiasmi/Build/Intermediates.noindex/Pods.build/Debug-iphonesimulator/ReactCodegen.build/Objects-normal/arm64/ReactCodegen_libtool_dependency_info.dat -o /Users/antoniogrillo-balen/Library/Developer/Xcode/DerivedData/risebysolis-gzfsziqwziaggpcbgdowmssiasmi/Build/Products/Debug-iphonesimulator/ReactCodegen/ReactCodegen.framework/ReactCodegen
libtool: warning: 'EventEmitters-c81917eebf484d025a5251dbeb137543.o' has no symbols
libtool: warning: 'States-8ea9260e6dbc98ac9d10d5a153a02f31.o' has no symbols
libtool: warning: 'States-5e001e13785445866a63843290897657.o' has no symbols
libtool: warning: 'States-968cadc7c1363e86fb1f0d5324695ab6.o' has no symbols
libtool: warning: 'States-3698b3cb42412b714a52efd38d74891f.o' has no symbols

PhaseScriptExecution Create\ Symlinks\ to\ Header\ Folders /Users/antoniogrillo-balen/Library/Developer/Xcode/DerivedData/risebysolis-gzfsziqwziaggpcbgdowmssiasmi/Build/Intermediates.noindex/Pods.build/Debug-iphonesimulator/ReactCodegen.build/Script-46EB2E0002DC10.sh (in target 'ReactCodegen' from project 'Pods')
    cd /Users/antoniogrillo-balen/Desktop/Projects/RiseBuild/ios/Pods
    export ACTION\=build
    export AD_HOC_CODE_SIGNING_ALLOWED\=YES
    export ALLOW_BUILD_REQUEST_OVERRIDES\=NO
    export ALLOW_TARGET_PLATFORM_SPECIALIZATION\=NO
    export ALTERNATE_GROUP\=staff
    export ALTERNATE_MODE\=u+w,go-w,a+rX
    export ALTERNATE_OWNER\=antoniogrillo-balen
    export ALTERNATIVE_DISTRIBUTION_WEB\=NO
    export ALWAYS_EMBED_SWIFT_STANDARD_LIBRARIES\=NO
    export ALWAYS_SEARCH_USER_PATHS\=NO
    export ALWAYS_USE_SEPARATE_HEADERMAPS\=NO
    export APPLICATION_EXTENSION_API_ONLY\=NO
    export APPLY_RULES_IN_COPY_FILES\=NO
    export APPLY_RULES_IN_COPY_HEADERS\=NO
    export APP_SHORTCUTS_ENABLE_FLEXIBLE_MATCHING\=YES
    export ARCHS\=arm64
    export ARCHS_BASE\=arm64
    export ARCHS_STANDARD\=arm64\ x86_64
    export ARCHS_STANDARD_32_64_BIT\=arm64\ x86_64
    export ARCHS_STANDARD_64_BIT\=arm64\ x86_64
    export ARCHS_STANDARD_INCLUDING_64_BIT\=arm64\ x86_64
    export ARCHS_UNIVERSAL_IPHONE_OS\=arm64\ x86_64
    export ASSETCATALOG_FILTER_FOR_DEVICE_MODEL\=iPhone16,2
    export ASSETCATALOG_FILTER_FOR_DEVICE_OS_VERSION\=26.4.1
    export ASSETCATALOG_FILTER_FOR_THINNING_DEVICE_CONFIGURATION\=iPhone16,2
    export AUTOMATICALLY_MERGE_DEPENDENCIES\=NO
    export AUTOMATION_APPLE_EVENTS\=NO
    export AVAILABLE_PLATFORMS\=android\ appletvos\ appletvsimulator\ driverkit\ freebsd\ iphoneos\ iphonesimulator\ linux\ macosx\ none\ openbsd\ qnx\ watchos\ watchsimulator\ webassembly\ xros\ xrsimulator
    export AppIdentifierPrefix\=FAKETEAMID.
    export BUILD_ACTIVE_RESOURCES_ONLY\=YES
    export BUILD_COMPONENTS\=headers\ build
    export BUILD_DIR\=/Users/antoniogrillo-balen/Library/Developer/Xcode/DerivedData/risebysolis-gzfsziqwziaggpcbgdowmssiasmi/Build/Products
    export BUILD_LIBRARY_FOR_DISTRIBUTION\=NO
    export BUILD_ONLY_KNOWN_LOCALIZATIONS\=NO
    export BUILD_ROOT\=/Users/antoniogrillo-balen/Library/Developer/Xcode/DerivedData/risebysolis-gzfsziqwziaggpcbgdowmssiasmi/Build/Products
    export BUILD_STYLE\=
    export BUILD_VARIANTS\=normal
    export BUILT_PRODUCTS_DIR\=/Users/antoniogrillo-balen/Library/Developer/Xcode/DerivedData/risebysolis-gzfsziqwziaggpcbgdowmssiasmi/Build/Products/Debug-iphonesimulator/ReactCodegen
    export BUNDLE_CONTENTS_FOLDER_PATH_deep\=Contents/
    export BUNDLE_EXECUTABLE_FOLDER_NAME_deep\=MacOS
    export BUNDLE_EXTENSIONS_FOLDER_PATH\=Extensions
    export BUNDLE_FORMAT\=shallow
    export BUNDLE_FRAMEWORKS_FOLDER_PATH\=Frameworks
    export BUNDLE_PLUGINS_FOLDER_PATH\=PlugIns
    export BUNDLE_PRIVATE_HEADERS_FOLDER_PATH\=PrivateHeaders
    export BUNDLE_PUBLIC_HEADERS_FOLDER_PATH\=Headers
    export CACHE_ROOT\=/var/folders/2z/jtlqylkx0c709j3xb7b0g4cm0000gn/C/com.apple.DeveloperTools/26.5-17F42/Xcode
    export CCHROOT\=/var/folders/2z/jtlqylkx0c709j3xb7b0g4cm0000gn/C/com.apple.DeveloperTools/26.5-17F42/Xcode
    export CHMOD\=/bin/chmod
    export CHOWN\=chown
    export CLANG_ANALYZER_LOCALIZABILITY_NONLOCALIZED\=YES
    export CLANG_ANALYZER_NONNULL\=YES
    export CLANG_ANALYZER_NUMBER_OBJECT_CONVERSION\=YES_AGGRESSIVE
    export CLANG_CACHE_FINE_GRAINED_OUTPUTS\=YES
    export CLANG_CXX_LANGUAGE_STANDARD\=c++20
    export CLANG_CXX_LIBRARY\=libc++
    export CLANG_ENABLE_EXPLICIT_MODULES\=YES
    export CLANG_ENABLE_MODULES\=YES
    export CLANG_ENABLE_OBJC_ARC\=YES
    export CLANG_ENABLE_OBJC_WEAK\=NO
    export CLANG_MODULES_BUILD_SESSION_FILE\=/Users/antoniogrillo-balen/Library/Developer/Xcode/DerivedData/ModuleCache.noindex/Session.modulevalidation
    export CLANG_WARN_BLOCK_CAPTURE_AUTORELEASING\=YES
    export CLANG_WARN_BOOL_CONVERSION\=YES
    export CLANG_WARN_COMMA\=YES
    export CLANG_WARN_CONSTANT_CONVERSION\=YES
    export CLANG_WARN_DEPRECATED_OBJC_IMPLEMENTATIONS\=YES
    export CLANG_WARN_DIRECT_OBJC_ISA_USAGE\=YES_ERROR
    export CLANG_WARN_DOCUMENTATION_COMMENTS\=YES
    export CLANG_WARN_EMPTY_BODY\=YES
    export CLANG_WARN_ENUM_CONVERSION\=YES
    export CLANG_WARN_INFINITE_RECURSION\=YES
    export CLANG_WARN_INT_CONVERSION\=YES
    export CLANG_WARN_NON_LITERAL_NULL_CONVERSION\=YES
    export CLANG_WARN_OBJC_IMPLICIT_RETAIN_SELF\=YES
    export CLANG_WARN_OBJC_LITERAL_CONVERSION\=YES
    export CLANG_WARN_OBJC_ROOT_CLASS\=YES_ERROR
    export CLANG_WARN_QUOTED_INCLUDE_IN_FRAMEWORK_HEADER\=NO
    export CLANG_WARN_RANGE_LOOP_ANALYSIS\=YES
    export CLANG_WARN_STRICT_PROTOTYPES\=YES
    export CLANG_WARN_SUSPICIOUS_MOVE\=YES
    export CLANG_WARN_UNGUARDED_AVAILABILITY\=YES_AGGRESSIVE
    export CLANG_WARN_UNREACHABLE_CODE\=YES
    export CLANG_WARN__DUPLICATE_METHOD_MATCH\=YES
    export CLASS_FILE_DIR\=/Users/antoniogrillo-balen/Library/Developer/Xcode/DerivedData/risebysolis-gzfsziqwziaggpcbgdowmssiasmi/Build/Intermediates.noindex/Pods.build/Debug-iphonesimulator/ReactCodegen.build/JavaClasses
    export CLEAN_PRECOMPS\=YES
    export CLONE_HEADERS\=NO
    export CODESIGNING_FOLDER_PATH\=/Users/antoniogrillo-balen/Library/Developer/Xcode/DerivedData/risebysolis-gzfsziqwziaggpcbgdowmssiasmi/Build/Products/Debug-iphonesimulator/ReactCodegen/ReactCodegen.framework
    export CODE_SIGNING_ALLOWED\=YES
    export CODE_SIGNING_REQUIRED\=NO
    export CODE_SIGNING_REQUIRES_TEAM\=YES
    export CODE_SIGN_CONTEXT_CLASS\=XCiPhoneSimulatorCodeSignContext
    export CODE_SIGN_IDENTITY\=-
    export CODE_SIGN_INJECT_BASE_ENTITLEMENTS\=YES
    export COLOR_DIAGNOSTICS\=NO
    export COMBINE_HIDPI_IMAGES\=NO
    export COMPILATION_CACHE_CAS_PATH\=/Users/antoniogrillo-balen/Library/Developer/Xcode/DerivedData/CompilationCache.noindex
    export COMPILATION_CACHE_KEEP_CAS_DIRECTORY\=YES
    export COMPILER_INDEX_STORE_ENABLE\=Default
    export COMPOSITE_SDK_DIRS\=/Users/antoniogrillo-balen/Library/Developer/Xcode/DerivedData/risebysolis-gzfsziqwziaggpcbgdowmssiasmi/Build/Intermediates.noindex/CompositeSDKs
    export COMPRESS_PNG_FILES\=YES
    export CONFIGURATION\=Debug
    export CONFIGURATION_BUILD_DIR\=/Users/antoniogrillo-balen/Library/Developer/Xcode/DerivedData/risebysolis-gzfsziqwziaggpcbgdowmssiasmi/Build/Products/Debug-iphonesimulator/ReactCodegen
    export CONFIGURATION_TEMP_DIR\=/Users/antoniogrillo-balen/Library/Developer/Xcode/DerivedData/risebysolis-gzfsziqwziaggpcbgdowmssiasmi/Build/Intermediates.noindex/Pods.build/Debug-iphonesimulator
    export CONTENTS_FOLDER_PATH\=ReactCodegen.framework
    export CONTENTS_FOLDER_PATH_SHALLOW_BUNDLE_NO\=ReactCodegen.framework/A
    export CONTENTS_FOLDER_PATH_SHALLOW_BUNDLE_YES\=ReactCodegen.framework
    export COPYING_PRESERVES_HFS_DATA\=NO
    export COPY_HEADERS_RUN_UNIFDEF\=NO
    export COPY_PHASE_STRIP\=NO
    export CORRESPONDING_DEVICE_PLATFORM_DIR\=/Applications/Xcode.app/Contents/Developer/Platforms/iPhoneOS.platform
    export CORRESPONDING_DEVICE_PLATFORM_NAME\=iphoneos
    export CORRESPONDING_DEVICE_SDK_DIR\=/Applications/Xcode.app/Contents/Developer/Platforms/iPhoneOS.platform/Developer/SDKs/iPhoneOS26.5.sdk
    export CORRESPONDING_DEVICE_SDK_NAME\=iphoneos26.5
    export CP\=/bin/cp
    export CREATE_INFOPLIST_SECTION_IN_BINARY\=NO
    export CURRENT_ARCH\=undefined_arch
    export CURRENT_PROJECT_VERSION\=1
    export CURRENT_VARIANT\=normal
    export CURRENT_VERSION\=Current
    export DEAD_CODE_STRIPPING\=YES
    export DEBUGGING_SYMBOLS\=YES
    export DEBUG_INFORMATION_FORMAT\=dwarf
    export DEBUG_INFORMATION_VERSION\=compiler-default
    export DEFAULT_COMPILER\=com.apple.compilers.llvm.clang.1_0
    export DEFAULT_DEXT_INSTALL_PATH\=/System/Library/DriverExtensions
    export DEFAULT_KEXT_INSTALL_PATH\=/System/Library/Extensions
    export DEFINES_MODULE\=YES
    export DEPLOYMENT_LOCATION\=NO
    export DEPLOYMENT_POSTPROCESSING\=NO
    export DEPLOYMENT_TARGET_SETTING_NAME\=IPHONEOS_DEPLOYMENT_TARGET
    export DEPLOYMENT_TARGET_SUGGESTED_VALUES\=12.0\ 12.1\ 12.2\ 12.3\ 12.4\ 13.0\ 13.1\ 13.2\ 13.3\ 13.4\ 13.5\ 13.6\ 14.0\ 14.1\ 14.2\ 14.3\ 14.4\ 14.5\ 14.6\ 14.7\ 15.0\ 15.1\ 15.2\ 15.3\ 15.4\ 15.5\ 15.6\ 16.0\ 16.1\ 16.2\ 16.3\ 16.4\ 16.5\ 16.6\ 17.0\ 17.1\ 17.2\ 17.3\ 17.4\ 17.5\ 17.6\ 18.0\ 18.1\ 18.2\ 18.3\ 18.4\ 18.5\ 18.6\ 26.0\ 26.2\ 26.3\ 26.4\ 26.5
    export DERIVED_FILES_DIR\=/Users/antoniogrillo-balen/Library/Developer/Xcode/DerivedData/risebysolis-gzfsziqwziaggpcbgdowmssiasmi/Build/Intermediates.noindex/Pods.build/Debug-iphonesimulator/ReactCodegen.build/DerivedSources
    export DERIVED_FILE_DIR\=/Users/antoniogrillo-balen/Library/Developer/Xcode/DerivedData/risebysolis-gzfsziqwziaggpcbgdowmssiasmi/Build/Intermediates.noindex/Pods.build/Debug-iphonesimulator/ReactCodegen.build/DerivedSources
    export DERIVED_SOURCES_DIR\=/Users/antoniogrillo-balen/Library/Developer/Xcode/DerivedData/risebysolis-gzfsziqwziaggpcbgdowmssiasmi/Build/Intermediates.noindex/Pods.build/Debug-iphonesimulator/ReactCodegen.build/DerivedSources
    export DEVELOPER_APPLICATIONS_DIR\=/Applications/Xcode.app/Contents/Developer/Applications
    export DEVELOPER_BIN_DIR\=/Applications/Xcode.app/Contents/Developer/usr/bin
    export DEVELOPER_DIR\=/Applications/Xcode.app/Contents/Developer
    export DEVELOPER_FRAMEWORKS_DIR\=/Applications/Xcode.app/Contents/Developer/Library/Frameworks
    export DEVELOPER_FRAMEWORKS_DIR_QUOTED\=/Applications/Xcode.app/Contents/Developer/Library/Frameworks
    export DEVELOPER_LIBRARY_DIR\=/Applications/Xcode.app/Contents/Developer/Library
    export DEVELOPER_SDK_DIR\=/Applications/Xcode.app/Contents/Developer/Platforms/MacOSX.platform/Developer/SDKs
    export DEVELOPER_TOOLS_DIR\=/Applications/Xcode.app/Contents/Developer/Tools
    export DEVELOPER_USR_DIR\=/Applications/Xcode.app/Contents/Developer/usr
    export DEVELOPMENT_LANGUAGE\=en
    export DIAGNOSE_MISSING_TARGET_DEPENDENCIES\=YES
    export DIFF\=/usr/bin/diff
    export DOCUMENTATION_FOLDER_PATH\=ReactCodegen.framework/en.lproj/Documentation
    export DONT_GENERATE_INFOPLIST_FILE\=NO
    export DSTROOT\=/tmp/Pods.dst
    export DT_TOOLCHAIN_DIR\=/Applications/Xcode.app/Contents/Developer/Toolchains/XcodeDefault.xctoolchain
    export DUMP_DEPENDENCIES\=NO
    export DUMP_DEPENDENCIES_OUTPUT_PATH\=/Users/antoniogrillo-balen/Library/Developer/Xcode/DerivedData/risebysolis-gzfsziqwziaggpcbgdowmssiasmi/Build/Intermediates.noindex/Pods.build/Debug-iphonesimulator/ReactCodegen.build/ReactCodegen-BuildDependencyInfo.json
    export DWARF_DSYM_FILE_NAME\=ReactCodegen.framework.dSYM
    export DWARF_DSYM_FILE_SHOULD_ACCOMPANY_PRODUCT\=NO
    export DWARF_DSYM_FOLDER_PATH\=/Users/antoniogrillo-balen/Library/Developer/Xcode/DerivedData/risebysolis-gzfsziqwziaggpcbgdowmssiasmi/Build/Products/Debug-iphonesimulator/ReactCodegen
    export DYLIB_COMPATIBILITY_VERSION\=1
    export DYLIB_CURRENT_VERSION\=1
    export DYLIB_INSTALL_NAME_BASE\=@rpath
    export DYNAMIC_LIBRARY_EXTENSION\=dylib
    export EAGER_COMPILATION_ALLOW_SCRIPTS\=NO
    export EAGER_LINKING\=NO
    export EFFECTIVE_PLATFORM_NAME\=-iphonesimulator
    export EFFECTIVE_SWIFT_VERSION\=5
    export EMBEDDED_CONTENT_CONTAINS_SWIFT\=NO
    export EMBED_ASSET_PACKS_IN_PRODUCT_BUNDLE\=NO
    export ENABLE_APP_SANDBOX\=NO
    export ENABLE_CODE_COVERAGE\=YES
    export ENABLE_COHORT_ARCHS\=NO
    export ENABLE_CPLUSPLUS_BOUNDS_SAFE_BUFFERS\=NO
    export ENABLE_C_BOUNDS_SAFETY\=NO
    export ENABLE_DEFAULT_HEADER_SEARCH_PATHS\=YES
    export ENABLE_DEFAULT_SEARCH_PATHS\=YES
    export ENABLE_ENHANCED_SECURITY\=NO
    export ENABLE_HARDENED_RUNTIME\=NO
    export ENABLE_HEADER_DEPENDENCIES\=YES
    export ENABLE_INCOMING_NETWORK_CONNECTIONS\=NO
    export ENABLE_MODULE_VERIFIER\=NO
    export ENABLE_ON_DEMAND_RESOURCES\=NO
    export ENABLE_OUTGOING_NETWORK_CONNECTIONS\=NO
    export ENABLE_POINTER_AUTHENTICATION\=NO
    export ENABLE_PREVIEWS\=NO
    export ENABLE_RESOURCE_ACCESS_AUDIO_INPUT\=NO
    export ENABLE_RESOURCE_ACCESS_BLUETOOTH\=NO
    export ENABLE_RESOURCE_ACCESS_CALENDARS\=NO
    export ENABLE_RESOURCE_ACCESS_CAMERA\=NO
    export ENABLE_RESOURCE_ACCESS_CONTACTS\=NO
    export ENABLE_RESOURCE_ACCESS_LOCATION\=NO
    export ENABLE_RESOURCE_ACCESS_PHOTO_LIBRARY\=NO
    export ENABLE_RESOURCE_ACCESS_PRINTING\=NO
    export ENABLE_RESOURCE_ACCESS_USB\=NO
    export ENABLE_SDK_IMPORTS\=NO
    export ENABLE_SECURITY_COMPILER_WARNINGS\=NO
    export ENABLE_STRICT_OBJC_MSGSEND\=YES
    export ENABLE_TESTABILITY\=YES
    export ENABLE_TESTING_SEARCH_PATHS\=NO
    export ENABLE_USER_SCRIPT_SANDBOXING\=NO
    export ENABLE_XOJIT_PREVIEWS\=YES
    export ENFORCE_VALID_ARCHS\=YES
    export ENTITLEMENTS_DESTINATION\=__entitlements
    export ENTITLEMENTS_REQUIRED\=NO
    export EXCLUDED_INSTALLSRC_SUBDIRECTORY_PATTERNS\=.DS_Store\ .svn\ .git\ .hg\ CVS
    export EXCLUDED_RECURSIVE_SEARCH_PATH_SUBDIRECTORIES\=\*.nib\ \*.lproj\ \*.framework\ \*.gch\ \*.xcode\*\ \*.xcassets\ \*.icon\ \(\*\)\ .DS_Store\ CVS\ .svn\ .git\ .hg\ \*.pbproj\ \*.pbxproj
    export EXECUTABLES_FOLDER_PATH\=ReactCodegen.framework/en.lproj
    export EXECUTABLE_FOLDER_PATH\=ReactCodegen.framework
    export EXECUTABLE_FOLDER_PATH_SHALLOW_BUNDLE_NO\=ReactCodegen.framework
    export EXECUTABLE_FOLDER_PATH_SHALLOW_BUNDLE_YES\=ReactCodegen.framework
    export EXECUTABLE_NAME\=ReactCodegen
    export EXECUTABLE_PATH\=ReactCodegen.framework/ReactCodegen
    export EXPANDED_CODE_SIGN_IDENTITY\=-
    export EXPANDED_CODE_SIGN_IDENTITY_NAME\=Sign\ to\ Run\ Locally
    export EXTENSIONS_FOLDER_PATH\=ReactCodegen.framework/Extensions
    export FILE_LIST\=/Users/antoniogrillo-balen/Library/Developer/Xcode/DerivedData/risebysolis-gzfsziqwziaggpcbgdowmssiasmi/Build/Intermediates.noindex/Pods.build/Debug-iphonesimulator/ReactCodegen.build/Objects/LinkFileList
    export FIXED_FILES_DIR\=/Users/antoniogrillo-balen/Library/Developer/Xcode/DerivedData/risebysolis-gzfsziqwziaggpcbgdowmssiasmi/Build/Intermediates.noindex/Pods.build/Debug-iphonesimulator/ReactCodegen.build/FixedFiles
    export FRAMEWORKS_FOLDER_PATH\=ReactCodegen.framework/Frameworks
    export FRAMEWORK_FLAG_PREFIX\=-framework
    export FRAMEWORK_SEARCH_PATHS\=/Users/antoniogrillo-balen/Library/Developer/Xcode/DerivedData/risebysolis-gzfsziqwziaggpcbgdowmssiasmi/Build/Products/Debug-iphonesimulator/ReactCodegen\ \ \"/Users/antoniogrillo-balen/Library/Developer/Xcode/DerivedData/risebysolis-gzfsziqwziaggpcbgdowmssiasmi/Build/Products/Debug-iphonesimulator/DoubleConversion\"\ \"/Users/antoniogrillo-balen/Library/Developer/Xcode/DerivedData/risebysolis-gzfsziqwziaggpcbgdowmssiasmi/Build/Products/Debug-iphonesimulator/RCT-Folly\"\ \"/Users/antoniogrillo-balen/Library/Developer/Xcode/DerivedData/risebysolis-gzfsziqwziaggpcbgdowmssiasmi/Build/Products/Debug-iphonesimulator/RCTDeprecation\"\ \"/Users/antoniogrillo-balen/Library/Developer/Xcode/DerivedData/risebysolis-gzfsziqwziaggpcbgdowmssiasmi/Build/Products/Debug-iphonesimulator/RCTTypeSafety\"\ \"/Users/antoniogrillo-balen/Library/Developer/Xcode/DerivedData/risebysolis-gzfsziqwziaggpcbgdowmssiasmi/Build/Products/Debug-iphonesimulator/React-Core\"\ \"/Users/antoniogrillo-balen/Library/Developer/Xcode/DerivedData/risebysolis-gzfsziqwziaggpcbgdowmssiasmi/Build/Products/Debug-iphonesimulator/React-Fabric\"\ \"/Users/antoniogrillo-balen/Library/Developer/Xcode/DerivedData/risebysolis-gzfsziqwziaggpcbgdowmssiasmi/Build/Products/Debug-iphonesimulator/React-FabricImage\"\ \"/Users/antoniogrillo-balen/Library/Developer/Xcode/DerivedData/risebysolis-gzfsziqwziaggpcbgdowmssiasmi/Build/Products/Debug-iphonesimulator/React-ImageManager\"\ \"/Users/antoniogrillo-balen/Library/Developer/Xcode/DerivedData/risebysolis-gzfsziqwziaggpcbgdowmssiasmi/Build/Products/Debug-iphonesimulator/React-NativeModulesApple\"\ \"/Users/antoniogrillo-balen/Library/Developer/Xcode/DerivedData/risebysolis-gzfsziqwziaggpcbgdowmssiasmi/Build/Products/Debug-iphonesimulator/React-cxxreact\"\ \"/Users/antoniogrillo-balen/Library/Developer/Xcode/DerivedData/risebysolis-gzfsziqwziaggpcbgdowmssiasmi/Build/Products/Debug-iphonesimulator/React-debug\"\ \"/Users/antoniogrillo-balen/Library/Developer/Xcode/DerivedData/risebysolis-gzfsziqwziaggpcbgdowmssiasmi/Build/Products/Debug-iphonesimulator/React-featureflags\"\ \"/Users/antoniogrillo-balen/Library/Developer/Xcode/DerivedData/risebysolis-gzfsziqwziaggpcbgdowmssiasmi/Build/Products/Debug-iphonesimulator/React-graphics\"\ \"/Users/antoniogrillo-balen/Library/Developer/Xcode/DerivedData/risebysolis-gzfsziqwziaggpcbgdowmssiasmi/Build/Products/Debug-iphonesimulator/React-hermes\"\ \"/Users/antoniogrillo-balen/Library/Developer/Xcode/DerivedData/risebysolis-gzfsziqwziaggpcbgdowmssiasmi/Build/Products/Debug-iphonesimulator/React-jsi\"\ \"/Users/antoniogrillo-balen/Library/Developer/Xcode/DerivedData/risebysolis-gzfsziqwziaggpcbgdowmssiasmi/Build/Products/Debug-iphonesimulator/React-jsiexecutor\"\ \"/Users/antoniogrillo-balen/Library/Developer/Xcode/DerivedData/risebysolis-gzfsziqwziaggpcbgdowmssiasmi/Build/Products/Debug-iphonesimulator/React-jsinspector\"\ \"/Users/antoniogrillo-balen/Library/Developer/Xcode/DerivedData/risebysolis-gzfsziqwziaggpcbgdowmssiasmi/Build/Products/Debug-iphonesimulator/React-logger\"\ \"/Users/antoniogrillo-balen/Library/Developer/Xcode/DerivedData/risebysolis-gzfsziqwziaggpcbgdowmssiasmi/Build/Products/Debug-iphonesimulator/React-perflogger\"\ \"/Users/antoniogrillo-balen/Library/Developer/Xcode/DerivedData/risebysolis-gzfsziqwziaggpcbgdowmssiasmi/Build/Products/Debug-iphonesimulator/React-performancetimeline\"\ \"/Users/antoniogrillo-balen/Library/Developer/Xcode/DerivedData/risebysolis-gzfsziqwziaggpcbgdowmssiasmi/Build/Products/Debug-iphonesimulator/React-rendererconsistency\"\ \"/Users/antoniogrillo-balen/Library/Developer/Xcode/DerivedData/risebysolis-gzfsziqwziaggpcbgdowmssiasmi/Build/Products/Debug-iphonesimulator/React-rendererdebug\"\ \"/Users/antoniogrillo-balen/Library/Developer/Xcode/DerivedData/risebysolis-gzfsziqwziaggpcbgdowmssiasmi/Build/Products/Debug-iphonesimulator/React-runtimescheduler\"\ \"/Users/antoniogrillo-balen/Library/Developer/Xcode/DerivedData/risebysolis-gzfsziqwziaggpcbgdowmssiasmi/Build/Products/Debug-iphonesimulator/React-utils\"\ \"/Users/antoniogrillo-balen/Library/Developer/Xcode/DerivedData/risebysolis-gzfsziqwziaggpcbgdowmssiasmi/Build/Products/Debug-iphonesimulator/ReactCommon\"\ \"/Users/antoniogrillo-balen/Library/Developer/Xcode/DerivedData/risebysolis-gzfsziqwziaggpcbgdowmssiasmi/Build/Products/Debug-iphonesimulator/SocketRocket\"\ \"/Users/antoniogrillo-balen/Library/Developer/Xcode/DerivedData/risebysolis-gzfsziqwziaggpcbgdowmssiasmi/Build/Products/Debug-iphonesimulator/Yoga\"\ \"/Users/antoniogrillo-balen/Library/Developer/Xcode/DerivedData/risebysolis-gzfsziqwziaggpcbgdowmssiasmi/Build/Products/Debug-iphonesimulator/fmt\"\ \"/Users/antoniogrillo-balen/Library/Developer/Xcode/DerivedData/risebysolis-gzfsziqwziaggpcbgdowmssiasmi/Build/Products/Debug-iphonesimulator/glog\"\ \"/Users/antoniogrillo-balen/Desktop/Projects/RiseBuild/ios/Pods/hermes-engine/destroot/Library/Frameworks/universal\"\ \"/Users/antoniogrillo-balen/Library/Developer/Xcode/DerivedData/risebysolis-gzfsziqwziaggpcbgdowmssiasmi/Build/Products/Debug-iphonesimulator/XCFrameworkIntermediates/hermes-engine/Pre-built\"
    export FRAMEWORK_VERSION\=A
    export FULL_PRODUCT_NAME\=ReactCodegen.framework
    export FUSE_BUILD_PHASES\=YES
    export FUSE_BUILD_SCRIPT_PHASES\=NO
    export GCC3_VERSION\=3.3
    export GCC_C_LANGUAGE_STANDARD\=gnu11
    export GCC_DYNAMIC_NO_PIC\=NO
    export GCC_INLINES_ARE_PRIVATE_EXTERN\=YES
    export GCC_NO_COMMON_BLOCKS\=YES
    export GCC_OBJC_LEGACY_DISPATCH\=YES
    export GCC_OPTIMIZATION_LEVEL\=0
    export GCC_PFE_FILE_C_DIALECTS\=c\ objective-c\ c++\ objective-c++
    export GCC_PREFIX_HEADER\=Target\ Support\ Files/ReactCodegen/ReactCodegen-prefix.pch
    export GCC_PREPROCESSOR_DEFINITIONS\=POD_CONFIGURATION_DEBUG\=1\ DEBUG\=1\ \ COCOAPODS\=1
    export GCC_TREAT_WARNINGS_AS_ERRORS\=NO
    export GCC_VERSION\=com.apple.compilers.llvm.clang.1_0
    export GCC_VERSION_IDENTIFIER\=com_apple_compilers_llvm_clang_1_0
    export GCC_WARN_64_TO_32_BIT_CONVERSION\=YES
    export GCC_WARN_ABOUT_RETURN_TYPE\=YES_ERROR
    export GCC_WARN_UNDECLARED_SELECTOR\=YES
    export GCC_WARN_UNINITIALIZED_AUTOS\=YES_AGGRESSIVE
    export GCC_WARN_UNUSED_FUNCTION\=YES
    export GCC_WARN_UNUSED_VARIABLE\=YES
    export GENERATED_MODULEMAP_DIR\=/Users/antoniogrillo-balen/Library/Developer/Xcode/DerivedData/risebysolis-gzfsziqwziaggpcbgdowmssiasmi/Build/Intermediates.noindex/GeneratedModuleMaps-iphonesimulator
    export GENERATE_INFOPLIST_FILE\=NO
    export GENERATE_INTERMEDIATE_TEXT_BASED_STUBS\=YES
    export GENERATE_PKGINFO_FILE\=NO
    export GENERATE_PRELINK_OBJECT_FILE\=NO
    export GENERATE_PROFILING_CODE\=NO
    export GENERATE_TEXT_BASED_STUBS\=NO
    export GID\=20
    export GROUP\=staff
    export HEADERMAP_INCLUDES_FLAT_ENTRIES_FOR_TARGET_BEING_BUILT\=YES
    export HEADERMAP_INCLUDES_FRAMEWORK_ENTRIES_FOR_ALL_PRODUCT_TYPES\=YES
    export HEADERMAP_INCLUDES_FRAMEWORK_ENTRIES_FOR_TARGETS_NOT_BEING_BUILT\=YES
    export HEADERMAP_INCLUDES_NONPUBLIC_NONPRIVATE_HEADERS\=YES
    export HEADERMAP_INCLUDES_PROJECT_HEADERS\=YES
    export HEADERMAP_USES_FRAMEWORK_PREFIX_ENTRIES\=YES
    export HEADERMAP_USES_VFS\=YES
    export HEADER_SEARCH_PATHS\=/Users/antoniogrillo-balen/Library/Developer/Xcode/DerivedData/risebysolis-gzfsziqwziaggpcbgdowmssiasmi/Build/Products/Debug-iphonesimulator/ReactCodegen/include\ \ /Users/antoniogrillo-balen/Library/Developer/Xcode/DerivedData/risebysolis-gzfsziqwziaggpcbgdowmssiasmi/Build/Products/Debug-iphonesimulator/ReactCommon/ReactCommon.framework/Headers\ /Users/antoniogrillo-balen/Library/Developer/Xcode/DerivedData/risebysolis-gzfsziqwziaggpcbgdowmssiasmi/Build/Products/Debug-iphonesimulator/ReactCommon/ReactCommon.framework/Headers/react/nativemodule/core\ /Users/antoniogrillo-balen/Library/Developer/Xcode/DerivedData/risebysolis-gzfsziqwziaggpcbgdowmssiasmi/Build/Products/Debug-iphonesimulator/ReactCommon-Samples/ReactCommon_Samples.framework/Headers\ /Users/antoniogrillo-balen/Library/Developer/Xcode/DerivedData/risebysolis-gzfsziqwziaggpcbgdowmssiasmi/Build/Products/Debug-iphonesimulator/ReactCommon-Samples/ReactCommon_Samples.framework/Headers/platform/ios\ /Users/antoniogrillo-balen/Library/Developer/Xcode/DerivedData/risebysolis-gzfsziqwziaggpcbgdowmssiasmi/Build/Products/Debug-iphonesimulator/React-Fabric/React_Fabric.framework/Headers/react/renderer/components/view/platform/cxx\ /Users/antoniogrillo-balen/Library/Developer/Xcode/DerivedData/risebysolis-gzfsziqwziaggpcbgdowmssiasmi/Build/Products/Debug-iphonesimulator/React-NativeModulesApple/React_NativeModulesApple.framework/Headers\ /Users/antoniogrillo-balen/Library/Developer/Xcode/DerivedData/risebysolis-gzfsziqwziaggpcbgdowmssiasmi/Build/Products/Debug-iphonesimulator/React-graphics/React_graphics.framework/Headers\ /Users/antoniogrillo-balen/Library/Developer/Xcode/DerivedData/risebysolis-gzfsziqwziaggpcbgdowmssiasmi/Build/Products/Debug-iphonesimulator/React-graphics/React_graphics.framework/Headers/react/renderer/graphics/platform/ios\ \"/Users/antoniogrillo-balen/Desktop/Projects/RiseBuild/ios/Pods/Headers/Public\"\ \"/Users/antoniogrillo-balen/Desktop/Projects/RiseBuild/ios/Pods/Headers/Public/FBLazyVector\"\ \"/Users/antoniogrillo-balen/Desktop/Projects/RiseBuild/ios/Pods/Headers/Public/RCTRequired\"\ \"/Users/antoniogrillo-balen/Desktop/Projects/RiseBuild/ios/Pods/Headers/Public/React-callinvoker\"\ \"/Users/antoniogrillo-balen/Desktop/Projects/RiseBuild/ios/Pods/Headers/Public/React-runtimeexecutor\"\ \"/Users/antoniogrillo-balen/Desktop/Projects/RiseBuild/ios/Pods/Headers/Public/React-timing\"\ \"/Users/antoniogrillo-balen/Desktop/Projects/RiseBuild/ios/Pods/Headers/Public/boost\"\ \"/Users/antoniogrillo-balen/Desktop/Projects/RiseBuild/ios/Pods/Headers/Public/fast_float\"\ \"/Users/antoniogrillo-balen/Desktop/Projects/RiseBuild/ios/Pods/Headers/Public/hermes-engine\"\ \"/Users/antoniogrillo-balen/Desktop/Projects/RiseBuild/ios/Pods/boost\"\ \"/Users/antoniogrillo-balen/Desktop/Projects/RiseBuild/ios/Pods/RCT-Folly\"\ \"/Users/antoniogrillo-balen/Desktop/Projects/RiseBuild/ios/Pods/DoubleConversion\"\ \"/Users/antoniogrillo-balen/Desktop/Projects/RiseBuild/ios/Pods/fast_float/include\"\ \"/Users/antoniogrillo-balen/Desktop/Projects/RiseBuild/ios/Pods/fmt/include\"\ \"/Users/antoniogrillo-balen/Desktop/Projects/RiseBuild/ios/Pods/Headers/Public/ReactCodegen/react/renderer/components\"\ \"/Users/antoniogrillo-balen/Desktop/Projects/RiseBuild/ios/Pods/Headers/Private/React-Fabric\"\ \"/Users/antoniogrillo-balen/Desktop/Projects/RiseBuild/ios/Pods/Headers/Private/React-RCTFabric\"\ \"/Users/antoniogrillo-balen/Desktop/Projects/RiseBuild/ios/Pods/Headers/Private/Yoga\"\ \"/Users/antoniogrillo-balen/Desktop/Projects/RiseBuild/ios/Pods/../build/generated/ios\"\ \"/Users/antoniogrillo-balen/Library/Developer/Xcode/DerivedData/risebysolis-gzfsziqwziaggpcbgdowmssiasmi/Build/Products/Debug-iphonesimulator/React-Fabric/React_Fabric.framework/Headers\"\ \"/Users/antoniogrillo-balen/Library/Developer/Xcode/DerivedData/risebysolis-gzfsziqwziaggpcbgdowmssiasmi/Build/Products/Debug-iphonesimulator/React-Fabric/React_Fabric.framework/Headers/react/renderer/components/view/platform/cxx\"\ \"/Users/antoniogrillo-balen/Library/Developer/Xcode/DerivedData/risebysolis-gzfsziqwziaggpcbgdowmssiasmi/Build/Products/Debug-iphonesimulator/React-FabricImage/React_FabricImage.framework/Headers\"\ \"/Users/antoniogrillo-balen/Library/Developer/Xcode/DerivedData/risebysolis-gzfsziqwziaggpcbgdowmssiasmi/Build/Products/Debug-iphonesimulator/React-graphics/React_graphics.framework/Headers\"\ \"/Users/antoniogrillo-balen/Library/Developer/Xcode/DerivedData/risebysolis-gzfsziqwziaggpcbgdowmssiasmi/Build/Products/Debug-iphonesimulator/React-graphics/React_graphics.framework/Headers/react/renderer/graphics/platform/ios\"\ \"/Users/antoniogrillo-balen/Library/Developer/Xcode/DerivedData/risebysolis-gzfsziqwziaggpcbgdowmssiasmi/Build/Products/Debug-iphonesimulator/ReactCommon/ReactCommon.framework/Headers\"\ \"/Users/antoniogrillo-balen/Library/Developer/Xcode/DerivedData/risebysolis-gzfsziqwziaggpcbgdowmssiasmi/Build/Products/Debug-iphonesimulator/ReactCommon/ReactCommon.framework/Headers/react/nativemodule/core\"\ \"/Users/antoniogrillo-balen/Library/Developer/Xcode/DerivedData/risebysolis-gzfsziqwziaggpcbgdowmssiasmi/Build/Products/Debug-iphonesimulator/React-NativeModulesApple/React_NativeModulesApple.framework/Headers\"\ \"/Users/antoniogrillo-balen/Library/Developer/Xcode/DerivedData/risebysolis-gzfsziqwziaggpcbgdowmssiasmi/Build/Products/Debug-iphonesimulator/React-RCTFabric/RCTFabric.framework/Headers\"\ \"/Users/antoniogrillo-balen/Library/Developer/Xcode/DerivedData/risebysolis-gzfsziqwziaggpcbgdowmssiasmi/Build/Products/Debug-iphonesimulator/React-debug/React_debug.framework/Headers\"\ \"/Users/antoniogrillo-balen/Library/Developer/Xcode/DerivedData/risebysolis-gzfsziqwziaggpcbgdowmssiasmi/Build/Products/Debug-iphonesimulator/React-rendererdebug/React_rendererdebug.framework/Headers\"\ \"/Users/antoniogrillo-balen/Library/Developer/Xcode/DerivedData/risebysolis-gzfsziqwziaggpcbgdowmssiasmi/Build/Products/Debug-iphonesimulator/React-utils/React_utils.framework/Headers\"\ \"/Users/antoniogrillo-balen/Library/Developer/Xcode/DerivedData/risebysolis-gzfsziqwziaggpcbgdowmssiasmi/Build/Products/Debug-iphonesimulator/React-featureflags/React_featureflags.framework/Headers\"
    export HOME\=/Users/antoniogrillo-balen
    export HOST_ARCH\=arm64
    export HOST_PLATFORM\=macosx
    export ICONV\=/usr/bin/iconv
    export IMPLICIT_DEPENDENCY_DOMAIN\=default
    export INDEX_STORE_COMPRESS\=NO
    export INDEX_STORE_ONLY_PROJECT_FILES\=NO
    export INFOPLIST_ENABLE_CFBUNDLEICONS_MERGE\=YES
    export INFOPLIST_EXPAND_BUILD_SETTINGS\=YES
    export INFOPLIST_FILE\=Target\ Support\ Files/ReactCodegen/ReactCodegen-Info.plist
    export INFOPLIST_OUTPUT_FORMAT\=binary
    export INFOPLIST_PATH\=ReactCodegen.framework/Info.plist
    export INFOPLIST_PREPROCESS\=NO
    export INFOSTRINGS_PATH\=ReactCodegen.framework/en.lproj/InfoPlist.strings
    export INLINE_PRIVATE_FRAMEWORKS\=NO
    export INSTALLAPI_IGNORE_SKIP_INSTALL\=YES
    export INSTALLHDRS_COPY_PHASE\=NO
    export INSTALLHDRS_SCRIPT_PHASE\=NO
    export INSTALL_DIR\=/tmp/Pods.dst/Library/Frameworks
    export INSTALL_GROUP\=staff
    export INSTALL_MODE_FLAG\=u+w,go-w,a+rX
    export INSTALL_OWNER\=antoniogrillo-balen
    export INSTALL_PATH\=/Library/Frameworks
    export INSTALL_ROOT\=/tmp/Pods.dst
    export IPHONEOS_DEPLOYMENT_TARGET\=15.1
    export IS_UNOPTIMIZED_BUILD\=YES
    export JAVAC_DEFAULT_FLAGS\=-J-Xms64m\ -J-XX:NewSize\=4M\ -J-Dfile.encoding\=UTF8
    export JAVA_APP_STUB\=/System/Library/Frameworks/JavaVM.framework/Resources/MacOS/JavaApplicationStub
    export JAVA_ARCHIVE_CLASSES\=YES
    export JAVA_ARCHIVE_TYPE\=JAR
    export JAVA_COMPILER\=/usr/bin/javac
    export JAVA_FOLDER_PATH\=ReactCodegen.framework/Java
    export JAVA_FRAMEWORK_RESOURCES_DIRS\=Resources
    export JAVA_JAR_FLAGS\=cv
    export JAVA_SOURCE_SUBDIR\=.
    export JAVA_USE_DEPENDENCIES\=YES
    export JAVA_ZIP_FLAGS\=-urg
    export JIKES_DEFAULT_FLAGS\=+E\ +OLDCSO
    export KEEP_PRIVATE_EXTERNS\=NO
    export LD_DEPENDENCY_INFO_FILE\=/Users/antoniogrillo-balen/Library/Developer/Xcode/DerivedData/risebysolis-gzfsziqwziaggpcbgdowmssiasmi/Build/Intermediates.noindex/Pods.build/Debug-iphonesimulator/ReactCodegen.build/Objects-normal/undefined_arch/ReactCodegen_dependency_info.dat
    export LD_DYLIB_INSTALL_NAME\=@rpath/ReactCodegen.framework/ReactCodegen
    export LD_EXPORT_SYMBOLS\=YES
    export LD_GENERATE_MAP_FILE\=NO
    export LD_MAP_FILE_PATH\=/Users/antoniogrillo-balen/Library/Developer/Xcode/DerivedData/risebysolis-gzfsziqwziaggpcbgdowmssiasmi/Build/Intermediates.noindex/Pods.build/Debug-iphonesimulator/ReactCodegen.build/ReactCodegen-LinkMap-normal-undefined_arch.txt
    export LD_NO_PIE\=NO
    export LD_QUOTE_LINKER_ARGUMENTS_FOR_COMPILER_DRIVER\=YES
    export LD_RUNPATH_SEARCH_PATHS\=\ @executable_path/Frameworks\ @loader_path/Frameworks
    export LD_SHARED_CACHE_ELIGIBLE\=Automatic
    export LD_WARN_DUPLICATE_LIBRARIES\=NO
    export LD_WARN_UNUSED_DYLIBS\=NO
    export LEGACY_DEVELOPER_DIR\=/Applications/Xcode.app/Contents/PlugIns/Xcode3Core.ideplugin/Contents/SharedSupport/Developer
    export LEX\=lex
    export LIBRARY_DEXT_INSTALL_PATH\=/Library/DriverExtensions
    export LIBRARY_FLAG_NOSPACE\=YES
    export LIBRARY_FLAG_PREFIX\=-l
    export LIBRARY_KEXT_INSTALL_PATH\=/Library/Extensions
    export LIBRARY_SEARCH_PATHS\=/Users/antoniogrillo-balen/Library/Developer/Xcode/DerivedData/risebysolis-gzfsziqwziaggpcbgdowmssiasmi/Build/Products/Debug-iphonesimulator/ReactCodegen\ 
    export LINKER_DISPLAYS_MANGLED_NAMES\=NO
    export LINK_FILE_LIST_normal_arm64\=/Users/antoniogrillo-balen/Library/Developer/Xcode/DerivedData/risebysolis-gzfsziqwziaggpcbgdowmssiasmi/Build/Intermediates.noindex/Pods.build/Debug-iphonesimulator/ReactCodegen.build/Objects-normal/arm64/ReactCodegen.LinkFileList
    export LINK_OBJC_RUNTIME\=YES
    export LINK_WITH_STANDARD_LIBRARIES\=YES
    export LLVM_TARGET_TRIPLE_OS_VERSION\=ios15.1
    export LLVM_TARGET_TRIPLE_SUFFIX\=-simulator
    export LLVM_TARGET_TRIPLE_VENDOR\=apple
    export LM_AUX_CONST_METADATA_LIST_PATH_normal_arm64\=/Users/antoniogrillo-balen/Library/Developer/Xcode/DerivedData/risebysolis-gzfsziqwziaggpcbgdowmssiasmi/Build/Intermediates.noindex/Pods.build/Debug-iphonesimulator/ReactCodegen.build/Objects-normal/arm64/ReactCodegen.SwiftConstValuesFileList
    export LOCALIZATION_EXPORT_SUPPORTED\=YES
    export LOCALIZATION_PREFERS_STRING_CATALOGS\=NO
    export LOCALIZED_RESOURCES_FOLDER_PATH\=ReactCodegen.framework/en.lproj
    export LOCALIZED_STRING_CODE_COMMENTS\=NO
    export LOCALIZED_STRING_MACRO_NAMES\=NSLocalizedString\ CFCopyLocalizedString
    export LOCALIZED_STRING_SWIFTUI_SUPPORT\=YES
    export LOCAL_ADMIN_APPS_DIR\=/Applications/Utilities
    export LOCAL_APPS_DIR\=/Applications
    export LOCAL_DEVELOPER_DIR\=/Library/Developer
    export LOCAL_LIBRARY_DIR\=/Library
    export LOCROOT\=/Users/antoniogrillo-balen/Desktop/Projects/RiseBuild/ios/Pods
    export LOCSYMROOT\=/Users/antoniogrillo-balen/Desktop/Projects/RiseBuild/ios/Pods
    export MACH_O_TYPE\=staticlib
    export MAC_OS_X_PRODUCT_BUILD_VERSION\=25E253
    export MAC_OS_X_VERSION_ACTUAL\=260401
    export MAC_OS_X_VERSION_MAJOR\=260000
    export MAC_OS_X_VERSION_MINOR\=260400
    export MAKE_MERGEABLE\=NO
    export MERGEABLE_LIBRARY\=NO
    export MERGED_BINARY_TYPE\=none
    export MERGE_LINKED_LIBRARIES\=NO
    export METAL_LIBRARY_FILE_BASE\=default
    export METAL_LIBRARY_OUTPUT_DIR\=/Users/antoniogrillo-balen/Library/Developer/Xcode/DerivedData/risebysolis-gzfsziqwziaggpcbgdowmssiasmi/Build/Products/Debug-iphonesimulator/ReactCodegen/ReactCodegen.framework
    export MODULEMAP_FILE\=Target\ Support\ Files/ReactCodegen/ReactCodegen.modulemap
    export MODULES_FOLDER_PATH\=ReactCodegen.framework/Modules
    export MODULE_CACHE_DIR\=/Users/antoniogrillo-balen/Library/Developer/Xcode/DerivedData/ModuleCache.noindex
    export MTL_ENABLE_DEBUG_INFO\=INCLUDE_SOURCE
    export MTL_FAST_MATH\=YES
    export NATIVE_ARCH\=arm64
    export NATIVE_ARCH_32_BIT\=arm
    export NATIVE_ARCH_64_BIT\=arm64
    export NATIVE_ARCH_ACTUAL\=arm64
    export NO_COMMON\=YES
    export OBJC_ABI_VERSION\=2
    export OBJECT_FILE_DIR\=/Users/antoniogrillo-balen/Library/Developer/Xcode/DerivedData/risebysolis-gzfsziqwziaggpcbgdowmssiasmi/Build/Intermediates.noindex/Pods.build/Debug-iphonesimulator/ReactCodegen.build/Objects
    export OBJECT_FILE_DIR_normal\=/Users/antoniogrillo-balen/Library/Developer/Xcode/DerivedData/risebysolis-gzfsziqwziaggpcbgdowmssiasmi/Build/Intermediates.noindex/Pods.build/Debug-iphonesimulator/ReactCodegen.build/Objects-normal
    export OBJROOT\=/Users/antoniogrillo-balen/Library/Developer/Xcode/DerivedData/risebysolis-gzfsziqwziaggpcbgdowmssiasmi/Build/Intermediates.noindex
    export ONLY_ACTIVE_ARCH\=YES
    export OS\=MACOS
    export OSAC\=/usr/bin/osacompile
    export OTHER_LDFLAGS\=\ \ 
    export PACKAGE_TYPE\=com.apple.package-type.wrapper.framework
    export PASCAL_STRINGS\=YES
    export PATH\=/Applications/Xcode.app/Contents/SharedFrameworks/SwiftBuild.framework/Versions/A/PlugIns/SWBBuildService.bundle/Contents/PlugIns/SWBUniversalPlatformPlugin.bundle/Contents/Frameworks/SWBUniversalPlatform.framework/Resources:/Applications/Xcode.app/Contents/Developer/Toolchains/XcodeDefault.xctoolchain/usr/bin:/Applications/Xcode.app/Contents/Developer/Toolchains/XcodeDefault.xctoolchain/usr/local/bin:/Applications/Xcode.app/Contents/Developer/Toolchains/XcodeDefault.xctoolchain/usr/libexec:/Applications/Xcode.app/Contents/Developer/Platforms/iPhoneSimulator.platform/usr/bin:/Applications/Xcode.app/Contents/Developer/Platforms/iPhoneSimulator.platform/usr/local/bin:/Applications/Xcode.app/Contents/Developer/Platforms/iPhoneSimulator.platform/Developer/usr/bin:/Applications/Xcode.app/Contents/Developer/Platforms/iPhoneSimulator.platform/Developer/usr/local/bin:/Applications/Xcode.app/Contents/Developer/usr/bin:/Applications/Xcode.app/Contents/Developer/usr/local/bin:/opt/homebrew/opt/ruby/bin:/opt/homebrew/lib/ruby/gems/4.0.0/bin:/opt/homebrew/bin:/opt/homebrew/sbin:/Users/antoniogrillo-balen/.nvm/versions/node/v24.14.1/bin:/Library/Frameworks/Python.framework/Versions/3.14/bin:/usr/local/bin:/System/Cryptexes/App/usr/bin:/usr/bin:/bin:/usr/sbin:/sbin:/var/run/com.apple.security.cryptexd/codex.system/bootstrap/usr/local/bin:/var/run/com.apple.security.cryptexd/codex.system/bootstrap/usr/bin:/var/run/com.apple.security.cryptexd/codex.system/bootstrap/usr/appleinternal/bin:/opt/pkg/env/active/bin:/opt/pmk/env/global/bin:/Library/Apple/usr/bin:/Applications/VMware\ Fusion.app/Contents/Public:/Users/antoniogrillo-balen/.cargo/bin:/Users/antoniogrillo-balen/.cache/plugins/.install-staging/25283474a0e0d4a060cb0e915c1ec54e3d41ef2e/cursor/repo/bin:/Users/antoniogrillo-balen/.claude/plugins/cache/claude-plugins-official/superpowers/5.1.0/bin:/Users/antoniogrillo-balen/.claude/plugins/cache/claude-plugins-official/frontend-design/unknown/bin:/Users/antoniogrillo-balen/.claude/plugins/cache/claude-plugins-official/code-simplifier/1.0.0/bin:/Users/antoniogrillo-balen/.claude/plugins/cache/claude-plugins-official/security-guidance/unknown/bin:/Users/antoniogrillo-balen/.claude/plugins/cache/thedotmack/claude-mem/12.1.1/bin
    export PATH_PREFIXES_EXCLUDED_FROM_HEADER_DEPENDENCIES\=/usr/include\ /usr/local/include\ /System/Library/Frameworks\ /System/Library/PrivateFrameworks\ /Applications/Xcode.app/Contents/Developer/Headers\ /Applications/Xcode.app/Contents/Developer/SDKs\ /Applications/Xcode.app/Contents/Developer/Platforms
    export PBDEVELOPMENTPLIST_PATH\=ReactCodegen.framework/pbdevelopment.plist
    export PER_ARCH_MODULE_FILE_DIR\=/Users/antoniogrillo-balen/Library/Developer/Xcode/DerivedData/risebysolis-gzfsziqwziaggpcbgdowmssiasmi/Build/Intermediates.noindex/Pods.build/Debug-iphonesimulator/ReactCodegen.build/Objects-normal/undefined_arch
    export PER_ARCH_OBJECT_FILE_DIR\=/Users/antoniogrillo-balen/Library/Developer/Xcode/DerivedData/risebysolis-gzfsziqwziaggpcbgdowmssiasmi/Build/Intermediates.noindex/Pods.build/Debug-iphonesimulator/ReactCodegen.build/Objects-normal/undefined_arch
    export PER_VARIANT_OBJECT_FILE_DIR\=/Users/antoniogrillo-balen/Library/Developer/Xcode/DerivedData/risebysolis-gzfsziqwziaggpcbgdowmssiasmi/Build/Intermediates.noindex/Pods.build/Debug-iphonesimulator/ReactCodegen.build/Objects-normal
    export PKGINFO_FILE_PATH\=/Users/antoniogrillo-balen/Library/Developer/Xcode/DerivedData/risebysolis-gzfsziqwziaggpcbgdowmssiasmi/Build/Intermediates.noindex/Pods.build/Debug-iphonesimulator/ReactCodegen.build/PkgInfo
    export PKGINFO_PATH\=ReactCodegen.framework/PkgInfo
    export PLATFORM_DEVELOPER_APPLICATIONS_DIR\=/Applications/Xcode.app/Contents/Developer/Platforms/iPhoneSimulator.platform/Developer/Applications
    export PLATFORM_DEVELOPER_BIN_DIR\=/Applications/Xcode.app/Contents/Developer/Platforms/iPhoneSimulator.platform/Developer/usr/bin
    export PLATFORM_DEVELOPER_LIBRARY_DIR\=/Applications/Xcode.app/Contents/Developer/Platforms/iPhoneSimulator.platform/Developer/Library
    export PLATFORM_DEVELOPER_SDK_DIR\=/Applications/Xcode.app/Contents/Developer/Platforms/iPhoneSimulator.platform/Developer/SDKs
    export PLATFORM_DEVELOPER_TOOLS_DIR\=/Applications/Xcode.app/Contents/Developer/Platforms/iPhoneSimulator.platform/Developer/Tools
    export PLATFORM_DEVELOPER_USR_DIR\=/Applications/Xcode.app/Contents/Developer/Platforms/iPhoneSimulator.platform/Developer/usr
    export PLATFORM_DIR\=/Applications/Xcode.app/Contents/Developer/Platforms/iPhoneSimulator.platform
    export PLATFORM_DISPLAY_NAME\=iOS\ Simulator
    export PLATFORM_FAMILY_NAME\=iOS
    export PLATFORM_NAME\=iphonesimulator
    export PLATFORM_PREFERRED_ARCH\=x86_64
    export PLATFORM_PRODUCT_BUILD_VERSION\=23F73
    export PLATFORM_REQUIRES_SWIFT_AUTOLINK_EXTRACT\=NO
    export PLATFORM_REQUIRES_SWIFT_MODULEWRAP\=NO
    export PLATFORM_USES_DSYMS\=YES
    export PLIST_FILE_OUTPUT_FORMAT\=binary
    export PLUGINS_FOLDER_PATH\=ReactCodegen.framework/PlugIns
    export PODS_BUILD_DIR\=/Users/antoniogrillo-balen/Library/Developer/Xcode/DerivedData/risebysolis-gzfsziqwziaggpcbgdowmssiasmi/Build/Products
    export PODS_CONFIGURATION_BUILD_DIR\=/Users/antoniogrillo-balen/Library/Developer/Xcode/DerivedData/risebysolis-gzfsziqwziaggpcbgdowmssiasmi/Build/Products/Debug-iphonesimulator
    export PODS_DEVELOPMENT_LANGUAGE\=en
    export PODS_ROOT\=/Users/antoniogrillo-balen/Desktop/Projects/RiseBuild/ios/Pods
    export PODS_TARGET_SRCROOT\=/Users/antoniogrillo-balen/Desktop/Projects/RiseBuild/ios/Pods/../build/generated/ios
    export PODS_XCFRAMEWORKS_BUILD_DIR\=/Users/antoniogrillo-balen/Library/Developer/Xcode/DerivedData/risebysolis-gzfsziqwziaggpcbgdowmssiasmi/Build/Products/Debug-iphonesimulator/XCFrameworkIntermediates
    export PRECOMPS_INCLUDE_HEADERS_FROM_BUILT_PRODUCTS_DIR\=YES
    export PRECOMP_DESTINATION_DIR\=/Users/antoniogrillo-balen/Library/Developer/Xcode/DerivedData/risebysolis-gzfsziqwziaggpcbgdowmssiasmi/Build/Intermediates.noindex/Pods.build/Debug-iphonesimulator/ReactCodegen.build/PrefixHeaders
    export PRIVATE_HEADERS_FOLDER_PATH\=ReactCodegen.framework/PrivateHeaders
    export PROCESSED_INFOPLIST_PATH\=/Users/antoniogrillo-balen/Library/Developer/Xcode/DerivedData/risebysolis-gzfsziqwziaggpcbgdowmssiasmi/Build/Intermediates.noindex/Pods.build/Debug-iphonesimulator/ReactCodegen.build/Objects-normal/undefined_arch/Processed-Info.plist
    export PRODUCT_BUNDLE_IDENTIFIER\=org.cocoapods.ReactCodegen
    export PRODUCT_BUNDLE_PACKAGE_TYPE\=FMWK
    export PRODUCT_MODULE_NAME\=ReactCodegen
    export PRODUCT_NAME\=ReactCodegen
    export PRODUCT_SETTINGS_PATH\=/Users/antoniogrillo-balen/Desktop/Projects/RiseBuild/ios/Pods/Target\ Support\ Files/ReactCodegen/ReactCodegen-Info.plist
    export PRODUCT_TYPE\=com.apple.product-type.framework
    export PROFILING_CODE\=NO
    export PROJECT\=Pods
    export PROJECT_DERIVED_FILE_DIR\=/Users/antoniogrillo-balen/Library/Developer/Xcode/DerivedData/risebysolis-gzfsziqwziaggpcbgdowmssiasmi/Build/Intermediates.noindex/Pods.build/DerivedSources
    export PROJECT_DIR\=/Users/antoniogrillo-balen/Desktop/Projects/RiseBuild/ios/Pods
    export PROJECT_FILE_PATH\=/Users/antoniogrillo-balen/Desktop/Projects/RiseBuild/ios/Pods/Pods.xcodeproj
    export PROJECT_GUID\=8699adb1dd336b26511df848a716bd42
    export PROJECT_NAME\=Pods
    export PROJECT_TEMP_DIR\=/Users/antoniogrillo-balen/Library/Developer/Xcode/DerivedData/risebysolis-gzfsziqwziaggpcbgdowmssiasmi/Build/Intermediates.noindex/Pods.build
    export PROJECT_TEMP_ROOT\=/Users/antoniogrillo-balen/Library/Developer/Xcode/DerivedData/risebysolis-gzfsziqwziaggpcbgdowmssiasmi/Build/Intermediates.noindex
    export PUBLIC_HEADERS_FOLDER_PATH\=ReactCodegen.framework/Headers
    export REACT_NATIVE_PATH\=/Users/antoniogrillo-balen/Desktop/Projects/RiseBuild/ios/Pods/../../node_modules/react-native
    export RECOMMENDED_IPHONEOS_DEPLOYMENT_TARGET\=15.0
    export RECURSIVE_SEARCH_PATHS_FOLLOW_SYMLINKS\=YES
    export REMOVE_CVS_FROM_RESOURCES\=YES
    export REMOVE_GIT_FROM_RESOURCES\=YES
    export REMOVE_HEADERS_FROM_EMBEDDED_BUNDLES\=YES
    export REMOVE_HG_FROM_RESOURCES\=YES
    export REMOVE_STATIC_EXECUTABLES_FROM_EMBEDDED_BUNDLES\=YES
    export REMOVE_SVN_FROM_RESOURCES\=YES
    export RESCHEDULE_INDEPENDENT_HEADERS_PHASES\=YES
    export REZ_COLLECTOR_DIR\=/Users/antoniogrillo-balen/Library/Developer/Xcode/DerivedData/risebysolis-gzfsziqwziaggpcbgdowmssiasmi/Build/Intermediates.noindex/Pods.build/Debug-iphonesimulator/ReactCodegen.build/ResourceManagerResources
    export REZ_OBJECTS_DIR\=/Users/antoniogrillo-balen/Library/Developer/Xcode/DerivedData/risebysolis-gzfsziqwziaggpcbgdowmssiasmi/Build/Intermediates.noindex/Pods.build/Debug-iphonesimulator/ReactCodegen.build/ResourceManagerResources/Objects
    export REZ_SEARCH_PATHS\=/Users/antoniogrillo-balen/Library/Developer/Xcode/DerivedData/risebysolis-gzfsziqwziaggpcbgdowmssiasmi/Build/Products/Debug-iphonesimulator/ReactCodegen\ 
    export RPATH_ORIGIN\=@loader_path
    export RUNTIME_EXCEPTION_ALLOW_DYLD_ENVIRONMENT_VARIABLES\=NO
    export RUNTIME_EXCEPTION_ALLOW_JIT\=NO
    export RUNTIME_EXCEPTION_ALLOW_UNSIGNED_EXECUTABLE_MEMORY\=NO
    export RUNTIME_EXCEPTION_DEBUGGING_TOOL\=NO
    export RUNTIME_EXCEPTION_DISABLE_EXECUTABLE_PAGE_PROTECTION\=NO
    export RUNTIME_EXCEPTION_DISABLE_LIBRARY_VALIDATION\=NO
    export SCANNING_PCM_KEEP_CACHE_DIRECTORY\=YES
    export SCAN_ALL_SOURCE_FILES_FOR_INCLUDES\=NO
    export SCRIPTS_FOLDER_PATH\=ReactCodegen.framework/Scripts
    export SCRIPT_INPUT_FILE_COUNT\=0
    export SCRIPT_INPUT_FILE_LIST_COUNT\=0
    export SCRIPT_OUTPUT_FILE_COUNT\=0
    export SCRIPT_OUTPUT_FILE_LIST_COUNT\=0
    export SDKROOT\=/Applications/Xcode.app/Contents/Developer/Platforms/iPhoneSimulator.platform/Developer/SDKs/iPhoneSimulator26.5.sdk
    export SDK_DIR\=/Applications/Xcode.app/Contents/Developer/Platforms/iPhoneSimulator.platform/Developer/SDKs/iPhoneSimulator26.5.sdk
    export SDK_DIR_iphonesimulator\=/Applications/Xcode.app/Contents/Developer/Platforms/iPhoneSimulator.platform/Developer/SDKs/iPhoneSimulator26.5.sdk
    export SDK_DIR_iphonesimulator26_5\=/Applications/Xcode.app/Contents/Developer/Platforms/iPhoneSimulator.platform/Developer/SDKs/iPhoneSimulator26.5.sdk
    export SDK_NAME\=iphonesimulator26.5
    export SDK_NAMES\=iphonesimulator26.5
    export SDK_PRODUCT_BUILD_VERSION\=23F73
    export SDK_STAT_CACHE_DIR\=/Users/antoniogrillo-balen/Library/Developer/Xcode/DerivedData
    export SDK_STAT_CACHE_ENABLE\=YES
    export SDK_STAT_CACHE_PATH\=/Users/antoniogrillo-balen/Library/Developer/Xcode/DerivedData/SDKStatCaches.noindex/iphonesimulator26.5-23F73-6cfe768891a92b912361537c460fe42b.sdkstatcache
    export SDK_VERSION\=26.5
    export SDK_VERSION_ACTUAL\=260500
    export SDK_VERSION_MAJOR\=260000
    export SDK_VERSION_MINOR\=260500
    export SED\=/usr/bin/sed
    export SEPARATE_STRIP\=NO
    export SEPARATE_SYMBOL_EDIT\=NO
    export SET_DIR_MODE_OWNER_GROUP\=YES
    export SET_FILE_MODE_OWNER_GROUP\=NO
    export SHALLOW_BUNDLE\=YES
    export SHALLOW_BUNDLE_TRIPLE\=ios-simulator
    export SHALLOW_BUNDLE_ios_macabi\=NO
    export SHALLOW_BUNDLE_macos\=NO
    export SHARED_DERIVED_FILE_DIR\=/Users/antoniogrillo-balen/Library/Developer/Xcode/DerivedData/risebysolis-gzfsziqwziaggpcbgdowmssiasmi/Build/Products/Debug-iphonesimulator/ReactCodegen/DerivedSources
    export SHARED_FRAMEWORKS_FOLDER_PATH\=ReactCodegen.framework/SharedFrameworks
    export SHARED_PRECOMPS_DIR\=/Users/antoniogrillo-balen/Library/Developer/Xcode/DerivedData/risebysolis-gzfsziqwziaggpcbgdowmssiasmi/Build/Intermediates.noindex/PrecompiledHeaders
    export SHARED_SUPPORT_FOLDER_PATH\=ReactCodegen.framework
    export SKIP_INSTALL\=YES
    export SKIP_MERGEABLE_LIBRARY_BUNDLE_HOOK\=NO
    export SOURCE_ROOT\=/Users/antoniogrillo-balen/Desktop/Projects/RiseBuild/ios/Pods
    export SRCROOT\=/Users/antoniogrillo-balen/Desktop/Projects/RiseBuild/ios/Pods
    export STRINGSDATA_DIR\=/Users/antoniogrillo-balen/Library/Developer/Xcode/DerivedData/risebysolis-gzfsziqwziaggpcbgdowmssiasmi/Build/Intermediates.noindex/Pods.build/Debug-iphonesimulator/ReactCodegen.build/Objects-normal/undefined_arch
    export STRINGSDATA_ROOT\=/Users/antoniogrillo-balen/Library/Developer/Xcode/DerivedData/risebysolis-gzfsziqwziaggpcbgdowmssiasmi/Build/Intermediates.noindex/Pods.build/Debug-iphonesimulator/ReactCodegen.build
    export STRINGS_FILE_INFOPLIST_RENAME\=YES
    export STRINGS_FILE_OUTPUT_ENCODING\=binary
    export STRING_CATALOG_GENERATE_SYMBOLS\=NO
    export STRIP_BITCODE_FROM_COPIED_FILES\=NO
    export STRIP_INSTALLED_PRODUCT\=NO
    export STRIP_STYLE\=debugging
    export STRIP_SWIFT_SYMBOLS\=YES
    export SUPPORTED_DEVICE_FAMILIES\=1,2
    export SUPPORTED_PLATFORMS\=iphoneos\ iphonesimulator
    export SUPPORTS_TEXT_BASED_API\=NO
    export SUPPRESS_WARNINGS\=NO
    export SWIFT_ACTIVE_COMPILATION_CONDITIONS\=\ DEBUG\ 
    export SWIFT_EMIT_CONST_VALUE_PROTOCOLS\=AnyResolverProviding\ AppEntity\ AppEnum\ AppExtension\ AppIntent\ AppIntentsPackage\ AppShortcutProviding\ AppShortcutsProvider\ AppUnionValue\ AppUnionValueCasesProviding\ DynamicOptionsProvider\ EntityQuery\ ExtensionPointDefining\ IntentValueQuery\ Resolver\ TransientEntity\ _AssistantIntentsProvider\ _GenerativeFunctionExtractable\ _IntentValueRepresentable
    export SWIFT_EMIT_LOC_STRINGS\=NO
    export SWIFT_ENABLE_EXPLICIT_MODULES\=YES
    export SWIFT_INSTALL_MODULE_FOR_DEPLOYMENT\=YES
    export SWIFT_INSTALL_OBJC_HEADER\=YES
    export SWIFT_OPTIMIZATION_LEVEL\=-Onone
    export SWIFT_PLATFORM_TARGET_PREFIX\=ios
    export SWIFT_RESPONSE_FILE_PATH_normal_arm64\=/Users/antoniogrillo-balen/Library/Developer/Xcode/DerivedData/risebysolis-gzfsziqwziaggpcbgdowmssiasmi/Build/Intermediates.noindex/Pods.build/Debug-iphonesimulator/ReactCodegen.build/Objects-normal/arm64/ReactCodegen.SwiftFileList
    export SWIFT_VERSION\=5.0
    export SYMROOT\=/Users/antoniogrillo-balen/Library/Developer/Xcode/DerivedData/risebysolis-gzfsziqwziaggpcbgdowmssiasmi/Build/Products
    export SYSTEM_ADMIN_APPS_DIR\=/Applications/Utilities
    export SYSTEM_APPS_DIR\=/Applications
    export SYSTEM_CORE_SERVICES_DIR\=/System/Library/CoreServices
    export SYSTEM_DEMOS_DIR\=/Applications/Extras
    export SYSTEM_DEVELOPER_APPS_DIR\=/Applications/Xcode.app/Contents/Developer/Applications
    export SYSTEM_DEVELOPER_BIN_DIR\=/Applications/Xcode.app/Contents/Developer/usr/bin
    export SYSTEM_DEVELOPER_DEMOS_DIR\=/Applications/Xcode.app/Contents/Developer/Applications/Utilities/Built\ Examples
    export SYSTEM_DEVELOPER_DIR\=/Applications/Xcode.app/Contents/Developer
    export SYSTEM_DEVELOPER_DOC_DIR\=/Applications/Xcode.app/Contents/Developer/ADC\ Reference\ Library
    export SYSTEM_DEVELOPER_GRAPHICS_TOOLS_DIR\=/Applications/Xcode.app/Contents/Developer/Applications/Graphics\ Tools
    export SYSTEM_DEVELOPER_JAVA_TOOLS_DIR\=/Applications/Xcode.app/Contents/Developer/Applications/Java\ Tools
    export SYSTEM_DEVELOPER_PERFORMANCE_TOOLS_DIR\=/Applications/Xcode.app/Contents/Developer/Applications/Performance\ Tools
    export SYSTEM_DEVELOPER_RELEASENOTES_DIR\=/Applications/Xcode.app/Contents/Developer/ADC\ Reference\ Library/releasenotes
    export SYSTEM_DEVELOPER_TOOLS\=/Applications/Xcode.app/Contents/Developer/Tools
    export SYSTEM_DEVELOPER_TOOLS_DOC_DIR\=/Applications/Xcode.app/Contents/Developer/ADC\ Reference\ Library/documentation/DeveloperTools
    export SYSTEM_DEVELOPER_TOOLS_RELEASENOTES_DIR\=/Applications/Xcode.app/Contents/Developer/ADC\ Reference\ Library/releasenotes/DeveloperTools
    export SYSTEM_DEVELOPER_USR_DIR\=/Applications/Xcode.app/Contents/Developer/usr
    export SYSTEM_DEVELOPER_UTILITIES_DIR\=/Applications/Xcode.app/Contents/Developer/Applications/Utilities
    export SYSTEM_DEXT_INSTALL_PATH\=/System/Library/DriverExtensions
    export SYSTEM_DOCUMENTATION_DIR\=/Library/Documentation
    export SYSTEM_EXTENSIONS_FOLDER_PATH\=ReactCodegen.framework/SystemExtensions
    export SYSTEM_EXTENSIONS_FOLDER_PATH_SHALLOW_BUNDLE_NO\=ReactCodegen.framework/Library/SystemExtensions
    export SYSTEM_EXTENSIONS_FOLDER_PATH_SHALLOW_BUNDLE_YES\=ReactCodegen.framework/SystemExtensions
    export SYSTEM_KEXT_INSTALL_PATH\=/System/Library/Extensions
    export SYSTEM_LIBRARY_DIR\=/System/Library
    export TAPI_DEMANGLE\=YES
    export TAPI_ENABLE_PROJECT_HEADERS\=NO
    export TAPI_LANGUAGE\=objective-c
    export TAPI_LANGUAGE_STANDARD\=compiler-default
    export TAPI_USE_SRCROOT\=YES
    export TAPI_VERIFY_MODE\=Pedantic
    export TARGETED_DEVICE_FAMILY\=1,2
    export TARGETNAME\=ReactCodegen
    export TARGET_BUILD_DIR\=/Users/antoniogrillo-balen/Library/Developer/Xcode/DerivedData/risebysolis-gzfsziqwziaggpcbgdowmssiasmi/Build/Products/Debug-iphonesimulator/ReactCodegen
    export TARGET_DEVICE_IDENTIFIER\=0C333F8A-4681-4475-855E-6FFD70F12533
    export TARGET_DEVICE_MODEL\=iPhone16,2
    export TARGET_DEVICE_OS_VERSION\=26.4.1
    export TARGET_DEVICE_PLATFORM_NAME\=iphonesimulator
    export TARGET_NAME\=ReactCodegen
    export TARGET_TEMP_DIR\=/Users/antoniogrillo-balen/Library/Developer/Xcode/DerivedData/risebysolis-gzfsziqwziaggpcbgdowmssiasmi/Build/Intermediates.noindex/Pods.build/Debug-iphonesimulator/ReactCodegen.build
    export TEMP_DIR\=/Users/antoniogrillo-balen/Library/Developer/Xcode/DerivedData/risebysolis-gzfsziqwziaggpcbgdowmssiasmi/Build/Intermediates.noindex/Pods.build/Debug-iphonesimulator/ReactCodegen.build
    export TEMP_FILES_DIR\=/Users/antoniogrillo-balen/Library/Developer/Xcode/DerivedData/risebysolis-gzfsziqwziaggpcbgdowmssiasmi/Build/Intermediates.noindex/Pods.build/Debug-iphonesimulator/ReactCodegen.build
    export TEMP_FILE_DIR\=/Users/antoniogrillo-balen/Library/Developer/Xcode/DerivedData/risebysolis-gzfsziqwziaggpcbgdowmssiasmi/Build/Intermediates.noindex/Pods.build/Debug-iphonesimulator/ReactCodegen.build
    export TEMP_ROOT\=/Users/antoniogrillo-balen/Library/Developer/Xcode/DerivedData/risebysolis-gzfsziqwziaggpcbgdowmssiasmi/Build/Intermediates.noindex
    export TEMP_SANDBOX_DIR\=/Users/antoniogrillo-balen/Library/Developer/Xcode/DerivedData/risebysolis-gzfsziqwziaggpcbgdowmssiasmi/Build/Intermediates.noindex/TemporaryTaskSandboxes
    export TEST_FRAMEWORK_SEARCH_PATHS\=\ /Applications/Xcode.app/Contents/Developer/Platforms/iPhoneSimulator.platform/Developer/Library/Frameworks\ /Applications/Xcode.app/Contents/Developer/Platforms/iPhoneSimulator.platform/Developer/SDKs/iPhoneSimulator26.5.sdk/Developer/Library/Frameworks
    export TEST_LIBRARY_SEARCH_PATHS\=\ /Applications/Xcode.app/Contents/Developer/Platforms/iPhoneSimulator.platform/Developer/usr/lib
    export TOOLCHAINS\=com.apple.dt.toolchain.XcodeDefault
    export TOOLCHAIN_DIR\=/Applications/Xcode.app/Contents/Developer/Toolchains/XcodeDefault.xctoolchain
    export TREAT_MISSING_BASELINES_AS_TEST_FAILURES\=NO
    export TREAT_MISSING_SCRIPT_PHASE_OUTPUTS_AS_ERRORS\=NO
    export TeamIdentifierPrefix\=FAKETEAMID.
    export UID\=501
    export UNINSTALLED_PRODUCTS_DIR\=/Users/antoniogrillo-balen/Library/Developer/Xcode/DerivedData/risebysolis-gzfsziqwziaggpcbgdowmssiasmi/Build/Intermediates.noindex/UninstalledProducts
    export UNLOCALIZED_RESOURCES_FOLDER_PATH\=ReactCodegen.framework
    export UNLOCALIZED_RESOURCES_FOLDER_PATH_SHALLOW_BUNDLE_NO\=ReactCodegen.framework/Resources
    export UNLOCALIZED_RESOURCES_FOLDER_PATH_SHALLOW_BUNDLE_YES\=ReactCodegen.framework
    export UNSTRIPPED_PRODUCT\=NO
    export USER\=antoniogrillo-balen
    export USER_APPS_DIR\=/Users/antoniogrillo-balen/Applications
    export USER_LIBRARY_DIR\=/Users/antoniogrillo-balen/Library
    export USE_DYNAMIC_NO_PIC\=YES
    export USE_HEADERMAP\=YES
    export USE_HEADER_SYMLINKS\=NO
    export USE_HERMES\=true
    export USE_RECURSIVE_SCRIPT_INPUTS_IN_SCRIPT_PHASES\=YES
    export VALIDATE_DEVELOPMENT_ASSET_PATHS\=YES_ERROR
    export VALIDATE_PRODUCT\=NO
    export VALID_ARCHS\=arm64\ x86_64
    export VERBOSE_PBXCP\=NO
    export VERSIONING_SYSTEM\=apple-generic
    export VERSIONPLIST_PATH\=ReactCodegen.framework/version.plist
    export VERSIONS_FOLDER_PATH\=ReactCodegen.framework
    export VERSIONS_FOLDER_PATH_SHALLOW_BUNDLE_NO\=ReactCodegen.framework/Versions
    export VERSIONS_FOLDER_PATH_SHALLOW_BUNDLE_YES\=ReactCodegen.framework
    export VERSION_INFO_BUILDER\=antoniogrillo-balen
    export VERSION_INFO_FILE\=ReactCodegen_vers.c
    export VERSION_INFO_STRING\=\"@\(\#\)PROGRAM:ReactCodegen\ \ PROJECT:Pods-1\"
    export WORKSPACE_DIR\=/Users/antoniogrillo-balen/Desktop/Projects/RiseBuild/ios
    export WRAPPER_EXTENSION\=framework
    export WRAPPER_NAME\=ReactCodegen.framework
    export WRAPPER_SUFFIX\=.framework
    export WRAP_ASSET_PACKS_IN_SEPARATE_DIRECTORIES\=NO
    export XCODE_APP_SUPPORT_DIR\=/Applications/Xcode.app/Contents/Developer/Library/Xcode
    export XCODE_PRODUCT_BUILD_VERSION\=17F42
    export XCODE_VERSION_ACTUAL\=2650
    export XCODE_VERSION_MAJOR\=2600
    export XCODE_VERSION_MINOR\=2650
    export XPCSERVICES_FOLDER_PATH\=ReactCodegen.framework/XPCServices
    export YACC\=yacc
    export _DISCOVER_COMMAND_LINE_LINKER_INPUTS\=YES
    export _DISCOVER_COMMAND_LINE_LINKER_INPUTS_INCLUDE_WL\=YES
    export _LD_MULTIARCH\=YES
    export _WRAPPER_CONTENTS_DIR_SHALLOW_BUNDLE_NO\=/Contents
    export _WRAPPER_PARENT_PATH_SHALLOW_BUNDLE_NO\=/..
    export _WRAPPER_RESOURCES_DIR_SHALLOW_BUNDLE_NO\=/Resources
    export __DIAGNOSE_DEPRECATED_ARCHS\=YES
    export __ORIGINAL_SDK_DEFINED_LLVM_TARGET_TRIPLE_SYS\=ios
    export arch\=undefined_arch
    export variant\=normal
    /bin/sh -c /Users/antoniogrillo-balen/Library/Developer/Xcode/DerivedData/risebysolis-gzfsziqwziaggpcbgdowmssiasmi/Build/Intermediates.noindex/Pods.build/Debug-iphonesimulator/ReactCodegen.build/Script-46EB2E0002DC10.sh

ProcessInfoPlistFile /Users/antoniogrillo-balen/Library/Developer/Xcode/DerivedData/risebysolis-gzfsziqwziaggpcbgdowmssiasmi/Build/Products/Debug-iphonesimulator/ReactCodegen/ReactCodegen.framework/Info.plist /Users/antoniogrillo-balen/Desktop/Projects/RiseBuild/ios/Pods/Target\ Support\ Files/ReactCodegen/ReactCodegen-Info.plist (in target 'ReactCodegen' from project 'Pods')
    cd /Users/antoniogrillo-balen/Desktop/Projects/RiseBuild/ios/Pods
    builtin-infoPlistUtility /Users/antoniogrillo-balen/Desktop/Projects/RiseBuild/ios/Pods/Target\ Support\ Files/ReactCodegen/ReactCodegen-Info.plist -producttype com.apple.product-type.framework -expandbuildsettings -format binary -platform iphonesimulator -o /Users/antoniogrillo-balen/Library/Developer/Xcode/DerivedData/risebysolis-gzfsziqwziaggpcbgdowmssiasmi/Build/Products/Debug-iphonesimulator/ReactCodegen/ReactCodegen.framework/Info.plist

CodeSign /Users/antoniogrillo-balen/Library/Developer/Xcode/DerivedData/risebysolis-gzfsziqwziaggpcbgdowmssiasmi/Build/Products/Debug-iphonesimulator/ReactCodegen/ReactCodegen.framework (in target 'ReactCodegen' from project 'Pods')
    cd /Users/antoniogrillo-balen/Desktop/Projects/RiseBuild/ios/Pods
    
    Signing Identity:     "Sign to Run Locally"
    
    /usr/bin/codesign --force --sign - --timestamp\=none --generate-entitlement-der /Users/antoniogrillo-balen/Library/Developer/Xcode/DerivedData/risebysolis-gzfsziqwziaggpcbgdowmssiasmi/Build/Products/Debug-iphonesimulator/ReactCodegen/ReactCodegen.framework
note: Signing static framework with --generate-pre-encrypt-hashes (in target 'ReactCodegen' from project 'Pods')
/Users/antoniogrillo-balen/Library/Developer/Xcode/DerivedData/risebysolis-gzfsziqwziaggpcbgdowmssiasmi/Build/Products/Debug-iphonesimulator/ReactCodegen/ReactCodegen.framework: replacing existing signature

warning: Run script build phase 'Create Symlinks to Header Folders' will be run during every build because it does not specify any outputs. To address this issue, either add output dependencies to the script phase, or configure it to run in every build by unchecking "Based on dependency analysis" in the script phase. (in target 'React-FabricComponents' from project 'Pods')
warning: Run script build phase '[CP-User] [RN]Check rncore' will be run during every build because it does not specify any outputs. To address this issue, either add output dependencies to the script phase, or configure it to run in every build by unchecking "Based on dependency analysis" in the script phase. (in target 'React-FabricComponents' from project 'Pods')
PhaseScriptExecution [CP-User]\ [RN]Check\ rncore /Users/antoniogrillo-balen/Library/Developer/Xcode/DerivedData/risebysolis-gzfsziqwziaggpcbgdowmssiasmi/Build/Intermediates.noindex/Pods.build/Debug-iphonesimulator/React-FabricComponents.build/Script-46EB2E00031E90.sh (in target 'React-FabricComponents' from project 'Pods')
    cd /Users/antoniogrillo-balen/Desktop/Projects/RiseBuild/ios/Pods
    export ACTION\=build
    export AD_HOC_CODE_SIGNING_ALLOWED\=YES
    export ALLOW_BUILD_REQUEST_OVERRIDES\=NO
    export ALLOW_TARGET_PLATFORM_SPECIALIZATION\=NO
    export ALTERNATE_GROUP\=staff
    export ALTERNATE_MODE\=u+w,go-w,a+rX
    export ALTERNATE_OWNER\=antoniogrillo-balen
    export ALTERNATIVE_DISTRIBUTION_WEB\=NO
    export ALWAYS_EMBED_SWIFT_STANDARD_LIBRARIES\=NO
    export ALWAYS_SEARCH_USER_PATHS\=NO
    export ALWAYS_USE_SEPARATE_HEADERMAPS\=NO
    export APPLICATION_EXTENSION_API_ONLY\=NO
    export APPLY_RULES_IN_COPY_FILES\=NO
    export APPLY_RULES_IN_COPY_HEADERS\=NO
    export APP_SHORTCUTS_ENABLE_FLEXIBLE_MATCHING\=YES
    export ARCHS\=arm64
    export ARCHS_BASE\=arm64
    export ARCHS_STANDARD\=arm64\ x86_64
    export ARCHS_STANDARD_32_64_BIT\=arm64\ x86_64
    export ARCHS_STANDARD_64_BIT\=arm64\ x86_64
    export ARCHS_STANDARD_INCLUDING_64_BIT\=arm64\ x86_64
    export ARCHS_UNIVERSAL_IPHONE_OS\=arm64\ x86_64
    export ASSETCATALOG_FILTER_FOR_DEVICE_MODEL\=iPhone16,2
    export ASSETCATALOG_FILTER_FOR_DEVICE_OS_VERSION\=26.4.1
    export ASSETCATALOG_FILTER_FOR_THINNING_DEVICE_CONFIGURATION\=iPhone16,2
    export AUTOMATICALLY_MERGE_DEPENDENCIES\=NO
    export AUTOMATION_APPLE_EVENTS\=NO
    export AVAILABLE_PLATFORMS\=android\ appletvos\ appletvsimulator\ driverkit\ freebsd\ iphoneos\ iphonesimulator\ linux\ macosx\ none\ openbsd\ qnx\ watchos\ watchsimulator\ webassembly\ xros\ xrsimulator
    export AppIdentifierPrefix\=FAKETEAMID.
    export BUILD_ACTIVE_RESOURCES_ONLY\=YES
    export BUILD_COMPONENTS\=headers\ build
    export BUILD_DIR\=/Users/antoniogrillo-balen/Library/Developer/Xcode/DerivedData/risebysolis-gzfsziqwziaggpcbgdowmssiasmi/Build/Products
    export BUILD_LIBRARY_FOR_DISTRIBUTION\=NO
    export BUILD_ONLY_KNOWN_LOCALIZATIONS\=NO
    export BUILD_ROOT\=/Users/antoniogrillo-balen/Library/Developer/Xcode/DerivedData/risebysolis-gzfsziqwziaggpcbgdowmssiasmi/Build/Products
    export BUILD_STYLE\=
    export BUILD_VARIANTS\=normal
    export BUILT_PRODUCTS_DIR\=/Users/antoniogrillo-balen/Library/Developer/Xcode/DerivedData/risebysolis-gzfsziqwziaggpcbgdowmssiasmi/Build/Products/Debug-iphonesimulator/React-FabricComponents
    export BUNDLE_CONTENTS_FOLDER_PATH_deep\=Contents/
    export BUNDLE_EXECUTABLE_FOLDER_NAME_deep\=MacOS
    export BUNDLE_EXTENSIONS_FOLDER_PATH\=Extensions
    export BUNDLE_FORMAT\=shallow
    export BUNDLE_FRAMEWORKS_FOLDER_PATH\=Frameworks
    export BUNDLE_PLUGINS_FOLDER_PATH\=PlugIns
    export BUNDLE_PRIVATE_HEADERS_FOLDER_PATH\=PrivateHeaders
    export BUNDLE_PUBLIC_HEADERS_FOLDER_PATH\=Headers
    export CACHE_ROOT\=/var/folders/2z/jtlqylkx0c709j3xb7b0g4cm0000gn/C/com.apple.DeveloperTools/26.5-17F42/Xcode
    export CCHROOT\=/var/folders/2z/jtlqylkx0c709j3xb7b0g4cm0000gn/C/com.apple.DeveloperTools/26.5-17F42/Xcode
    export CHMOD\=/bin/chmod
    export CHOWN\=chown
    export CLANG_ANALYZER_LOCALIZABILITY_NONLOCALIZED\=YES
    export CLANG_ANALYZER_NONNULL\=YES
    export CLANG_ANALYZER_NUMBER_OBJECT_CONVERSION\=YES_AGGRESSIVE
    export CLANG_CACHE_FINE_GRAINED_OUTPUTS\=YES
    export CLANG_CXX_LANGUAGE_STANDARD\=c++20
    export CLANG_CXX_LIBRARY\=libc++
    export CLANG_ENABLE_EXPLICIT_MODULES\=YES
    export CLANG_ENABLE_MODULES\=YES
    export CLANG_ENABLE_OBJC_ARC\=YES
    export CLANG_ENABLE_OBJC_WEAK\=NO
    export CLANG_MODULES_BUILD_SESSION_FILE\=/Users/antoniogrillo-balen/Library/Developer/Xcode/DerivedData/ModuleCache.noindex/Session.modulevalidation
    export CLANG_WARN_BLOCK_CAPTURE_AUTORELEASING\=YES
    export CLANG_WARN_BOOL_CONVERSION\=YES
    export CLANG_WARN_COMMA\=YES
    export CLANG_WARN_CONSTANT_CONVERSION\=YES
    export CLANG_WARN_DEPRECATED_OBJC_IMPLEMENTATIONS\=YES
    export CLANG_WARN_DIRECT_OBJC_ISA_USAGE\=YES_ERROR
    export CLANG_WARN_DOCUMENTATION_COMMENTS\=YES
    export CLANG_WARN_EMPTY_BODY\=YES
    export CLANG_WARN_ENUM_CONVERSION\=YES
    export CLANG_WARN_INFINITE_RECURSION\=YES
    export CLANG_WARN_INT_CONVERSION\=YES
    export CLANG_WARN_NON_LITERAL_NULL_CONVERSION\=YES
    export CLANG_WARN_OBJC_IMPLICIT_RETAIN_SELF\=YES
    export CLANG_WARN_OBJC_LITERAL_CONVERSION\=YES
    export CLANG_WARN_OBJC_ROOT_CLASS\=YES_ERROR
    export CLANG_WARN_QUOTED_INCLUDE_IN_FRAMEWORK_HEADER\=NO
    export CLANG_WARN_RANGE_LOOP_ANALYSIS\=YES
    export CLANG_WARN_STRICT_PROTOTYPES\=YES
    export CLANG_WARN_SUSPICIOUS_MOVE\=YES
    export CLANG_WARN_UNGUARDED_AVAILABILITY\=YES_AGGRESSIVE
    export CLANG_WARN_UNREACHABLE_CODE\=YES
    export CLANG_WARN__DUPLICATE_METHOD_MATCH\=YES
    export CLASS_FILE_DIR\=/Users/antoniogrillo-balen/Library/Developer/Xcode/DerivedData/risebysolis-gzfsziqwziaggpcbgdowmssiasmi/Build/Intermediates.noindex/Pods.build/Debug-iphonesimulator/React-FabricComponents.build/JavaClasses
    export CLEAN_PRECOMPS\=YES
    export CLONE_HEADERS\=NO
    export CODESIGNING_FOLDER_PATH\=/Users/antoniogrillo-balen/Library/Developer/Xcode/DerivedData/risebysolis-gzfsziqwziaggpcbgdowmssiasmi/Build/Products/Debug-iphonesimulator/React-FabricComponents/React_FabricComponents.framework
    export CODE_SIGNING_ALLOWED\=YES
    export CODE_SIGNING_REQUIRED\=NO
    export CODE_SIGNING_REQUIRES_TEAM\=YES
    export CODE_SIGN_CONTEXT_CLASS\=XCiPhoneSimulatorCodeSignContext
    export CODE_SIGN_IDENTITY\=-
    export CODE_SIGN_INJECT_BASE_ENTITLEMENTS\=YES
    export COLOR_DIAGNOSTICS\=NO
    export COMBINE_HIDPI_IMAGES\=NO
    export COMPILATION_CACHE_CAS_PATH\=/Users/antoniogrillo-balen/Library/Developer/Xcode/DerivedData/CompilationCache.noindex
    export COMPILATION_CACHE_KEEP_CAS_DIRECTORY\=YES
    export COMPILER_INDEX_STORE_ENABLE\=Default
    export COMPOSITE_SDK_DIRS\=/Users/antoniogrillo-balen/Library/Developer/Xcode/DerivedData/risebysolis-gzfsziqwziaggpcbgdowmssiasmi/Build/Intermediates.noindex/CompositeSDKs
    export COMPRESS_PNG_FILES\=YES
    export CONFIGURATION\=Debug
    export CONFIGURATION_BUILD_DIR\=/Users/antoniogrillo-balen/Library/Developer/Xcode/DerivedData/risebysolis-gzfsziqwziaggpcbgdowmssiasmi/Build/Products/Debug-iphonesimulator/React-FabricComponents
    export CONFIGURATION_TEMP_DIR\=/Users/antoniogrillo-balen/Library/Developer/Xcode/DerivedData/risebysolis-gzfsziqwziaggpcbgdowmssiasmi/Build/Intermediates.noindex/Pods.build/Debug-iphonesimulator
    export CONTENTS_FOLDER_PATH\=React_FabricComponents.framework
    export CONTENTS_FOLDER_PATH_SHALLOW_BUNDLE_NO\=React_FabricComponents.framework/A
    export CONTENTS_FOLDER_PATH_SHALLOW_BUNDLE_YES\=React_FabricComponents.framework
    export COPYING_PRESERVES_HFS_DATA\=NO
    export COPY_HEADERS_RUN_UNIFDEF\=NO
    export COPY_PHASE_STRIP\=NO
    export CORRESPONDING_DEVICE_PLATFORM_DIR\=/Applications/Xcode.app/Contents/Developer/Platforms/iPhoneOS.platform
    export CORRESPONDING_DEVICE_PLATFORM_NAME\=iphoneos
    export CORRESPONDING_DEVICE_SDK_DIR\=/Applications/Xcode.app/Contents/Developer/Platforms/iPhoneOS.platform/Developer/SDKs/iPhoneOS26.5.sdk
    export CORRESPONDING_DEVICE_SDK_NAME\=iphoneos26.5
    export CP\=/bin/cp
    export CREATE_INFOPLIST_SECTION_IN_BINARY\=NO
    export CURRENT_ARCH\=undefined_arch
    export CURRENT_PROJECT_VERSION\=1
    export CURRENT_VARIANT\=normal
    export CURRENT_VERSION\=Current
    export DEAD_CODE_STRIPPING\=YES
    export DEBUGGING_SYMBOLS\=YES
    export DEBUG_INFORMATION_FORMAT\=dwarf
    export DEBUG_INFORMATION_VERSION\=compiler-default
    export DEFAULT_COMPILER\=com.apple.compilers.llvm.clang.1_0
    export DEFAULT_DEXT_INSTALL_PATH\=/System/Library/DriverExtensions
    export DEFAULT_KEXT_INSTALL_PATH\=/System/Library/Extensions
    export DEFINES_MODULE\=YES
    export DEPLOYMENT_LOCATION\=NO
    export DEPLOYMENT_POSTPROCESSING\=NO
    export DEPLOYMENT_TARGET_SETTING_NAME\=IPHONEOS_DEPLOYMENT_TARGET
    export DEPLOYMENT_TARGET_SUGGESTED_VALUES\=12.0\ 12.1\ 12.2\ 12.3\ 12.4\ 13.0\ 13.1\ 13.2\ 13.3\ 13.4\ 13.5\ 13.6\ 14.0\ 14.1\ 14.2\ 14.3\ 14.4\ 14.5\ 14.6\ 14.7\ 15.0\ 15.1\ 15.2\ 15.3\ 15.4\ 15.5\ 15.6\ 16.0\ 16.1\ 16.2\ 16.3\ 16.4\ 16.5\ 16.6\ 17.0\ 17.1\ 17.2\ 17.3\ 17.4\ 17.5\ 17.6\ 18.0\ 18.1\ 18.2\ 18.3\ 18.4\ 18.5\ 18.6\ 26.0\ 26.2\ 26.3\ 26.4\ 26.5
    export DERIVED_FILES_DIR\=/Users/antoniogrillo-balen/Library/Developer/Xcode/DerivedData/risebysolis-gzfsziqwziaggpcbgdowmssiasmi/Build/Intermediates.noindex/Pods.build/Debug-iphonesimulator/React-FabricComponents.build/DerivedSources
    export DERIVED_FILE_DIR\=/Users/antoniogrillo-balen/Library/Developer/Xcode/DerivedData/risebysolis-gzfsziqwziaggpcbgdowmssiasmi/Build/Intermediates.noindex/Pods.build/Debug-iphonesimulator/React-FabricComponents.build/DerivedSources
    export DERIVED_SOURCES_DIR\=/Users/antoniogrillo-balen/Library/Developer/Xcode/DerivedData/risebysolis-gzfsziqwziaggpcbgdowmssiasmi/Build/Intermediates.noindex/Pods.build/Debug-iphonesimulator/React-FabricComponents.build/DerivedSources
    export DEVELOPER_APPLICATIONS_DIR\=/Applications/Xcode.app/Contents/Developer/Applications
    export DEVELOPER_BIN_DIR\=/Applications/Xcode.app/Contents/Developer/usr/bin
    export DEVELOPER_DIR\=/Applications/Xcode.app/Contents/Developer
    export DEVELOPER_FRAMEWORKS_DIR\=/Applications/Xcode.app/Contents/Developer/Library/Frameworks
    export DEVELOPER_FRAMEWORKS_DIR_QUOTED\=/Applications/Xcode.app/Contents/Developer/Library/Frameworks
    export DEVELOPER_LIBRARY_DIR\=/Applications/Xcode.app/Contents/Developer/Library
    export DEVELOPER_SDK_DIR\=/Applications/Xcode.app/Contents/Developer/Platforms/MacOSX.platform/Developer/SDKs
    export DEVELOPER_TOOLS_DIR\=/Applications/Xcode.app/Contents/Developer/Tools
    export DEVELOPER_USR_DIR\=/Applications/Xcode.app/Contents/Developer/usr
    export DEVELOPMENT_LANGUAGE\=en
    export DIAGNOSE_MISSING_TARGET_DEPENDENCIES\=YES
    export DIFF\=/usr/bin/diff
    export DOCUMENTATION_FOLDER_PATH\=React_FabricComponents.framework/en.lproj/Documentation
    export DONT_GENERATE_INFOPLIST_FILE\=NO
    export DSTROOT\=/tmp/Pods.dst
    export DT_TOOLCHAIN_DIR\=/Applications/Xcode.app/Contents/Developer/Toolchains/XcodeDefault.xctoolchain
    export DUMP_DEPENDENCIES\=NO
    export DUMP_DEPENDENCIES_OUTPUT_PATH\=/Users/antoniogrillo-balen/Library/Developer/Xcode/DerivedData/risebysolis-gzfsziqwziaggpcbgdowmssiasmi/Build/Intermediates.noindex/Pods.build/Debug-iphonesimulator/React-FabricComponents.build/React-FabricComponents-BuildDependencyInfo.json
    export DWARF_DSYM_FILE_NAME\=React_FabricComponents.framework.dSYM
    export DWARF_DSYM_FILE_SHOULD_ACCOMPANY_PRODUCT\=NO
    export DWARF_DSYM_FOLDER_PATH\=/Users/antoniogrillo-balen/Library/Developer/Xcode/DerivedData/risebysolis-gzfsziqwziaggpcbgdowmssiasmi/Build/Products/Debug-iphonesimulator/React-FabricComponents
    export DYLIB_COMPATIBILITY_VERSION\=1
    export DYLIB_CURRENT_VERSION\=1
    export DYLIB_INSTALL_NAME_BASE\=@rpath
    export DYNAMIC_LIBRARY_EXTENSION\=dylib
    export EAGER_COMPILATION_ALLOW_SCRIPTS\=NO
    export EAGER_LINKING\=NO
    export EFFECTIVE_PLATFORM_NAME\=-iphonesimulator
    export EFFECTIVE_SWIFT_VERSION\=5
    export EMBEDDED_CONTENT_CONTAINS_SWIFT\=NO
    export EMBED_ASSET_PACKS_IN_PRODUCT_BUNDLE\=NO
    export ENABLE_APP_SANDBOX\=NO
    export ENABLE_CODE_COVERAGE\=YES
    export ENABLE_COHORT_ARCHS\=NO
    export ENABLE_CPLUSPLUS_BOUNDS_SAFE_BUFFERS\=NO
    export ENABLE_C_BOUNDS_SAFETY\=NO
    export ENABLE_DEFAULT_HEADER_SEARCH_PATHS\=YES
    export ENABLE_DEFAULT_SEARCH_PATHS\=YES
    export ENABLE_ENHANCED_SECURITY\=NO
    export ENABLE_HARDENED_RUNTIME\=NO
    export ENABLE_HEADER_DEPENDENCIES\=YES
    export ENABLE_INCOMING_NETWORK_CONNECTIONS\=NO
    export ENABLE_MODULE_VERIFIER\=NO
    export ENABLE_ON_DEMAND_RESOURCES\=NO
    export ENABLE_OUTGOING_NETWORK_CONNECTIONS\=NO
    export ENABLE_POINTER_AUTHENTICATION\=NO
    export ENABLE_PREVIEWS\=NO
    export ENABLE_RESOURCE_ACCESS_AUDIO_INPUT\=NO
    export ENABLE_RESOURCE_ACCESS_BLUETOOTH\=NO
    export ENABLE_RESOURCE_ACCESS_CALENDARS\=NO
    export ENABLE_RESOURCE_ACCESS_CAMERA\=NO
    export ENABLE_RESOURCE_ACCESS_CONTACTS\=NO
    export ENABLE_RESOURCE_ACCESS_LOCATION\=NO
    export ENABLE_RESOURCE_ACCESS_PHOTO_LIBRARY\=NO
    export ENABLE_RESOURCE_ACCESS_PRINTING\=NO
    export ENABLE_RESOURCE_ACCESS_USB\=NO
    export ENABLE_SDK_IMPORTS\=NO
    export ENABLE_SECURITY_COMPILER_WARNINGS\=NO
    export ENABLE_STRICT_OBJC_MSGSEND\=YES
    export ENABLE_TESTABILITY\=YES
    export ENABLE_TESTING_SEARCH_PATHS\=NO
    export ENABLE_USER_SCRIPT_SANDBOXING\=NO
    export ENABLE_XOJIT_PREVIEWS\=YES
    export ENFORCE_VALID_ARCHS\=YES
    export ENTITLEMENTS_DESTINATION\=__entitlements
    export ENTITLEMENTS_REQUIRED\=NO
    export EXCLUDED_INSTALLSRC_SUBDIRECTORY_PATTERNS\=.DS_Store\ .svn\ .git\ .hg\ CVS
    export EXCLUDED_RECURSIVE_SEARCH_PATH_SUBDIRECTORIES\=\*.nib\ \*.lproj\ \*.framework\ \*.gch\ \*.xcode\*\ \*.xcassets\ \*.icon\ \(\*\)\ .DS_Store\ CVS\ .svn\ .git\ .hg\ \*.pbproj\ \*.pbxproj
    export EXECUTABLES_FOLDER_PATH\=React_FabricComponents.framework/en.lproj
    export EXECUTABLE_FOLDER_PATH\=React_FabricComponents.framework
    export EXECUTABLE_FOLDER_PATH_SHALLOW_BUNDLE_NO\=React_FabricComponents.framework
    export EXECUTABLE_FOLDER_PATH_SHALLOW_BUNDLE_YES\=React_FabricComponents.framework
    export EXECUTABLE_NAME\=React_FabricComponents
    export EXECUTABLE_PATH\=React_FabricComponents.framework/React_FabricComponents
    export EXPANDED_CODE_SIGN_IDENTITY\=-
    export EXPANDED_CODE_SIGN_IDENTITY_NAME\=Sign\ to\ Run\ Locally
    export EXTENSIONS_FOLDER_PATH\=React_FabricComponents.framework/Extensions
    export FILE_LIST\=/Users/antoniogrillo-balen/Library/Developer/Xcode/DerivedData/risebysolis-gzfsziqwziaggpcbgdowmssiasmi/Build/Intermediates.noindex/Pods.build/Debug-iphonesimulator/React-FabricComponents.build/Objects/LinkFileList
    export FIXED_FILES_DIR\=/Users/antoniogrillo-balen/Library/Developer/Xcode/DerivedData/risebysolis-gzfsziqwziaggpcbgdowmssiasmi/Build/Intermediates.noindex/Pods.build/Debug-iphonesimulator/React-FabricComponents.build/FixedFiles
    export FRAMEWORKS_FOLDER_PATH\=React_FabricComponents.framework/Frameworks
    export FRAMEWORK_FLAG_PREFIX\=-framework
    export FRAMEWORK_SEARCH_PATHS\=/Users/antoniogrillo-balen/Library/Developer/Xcode/DerivedData/risebysolis-gzfsziqwziaggpcbgdowmssiasmi/Build/Products/Debug-iphonesimulator/React-FabricComponents\ \ \"/Users/antoniogrillo-balen/Library/Developer/Xcode/DerivedData/risebysolis-gzfsziqwziaggpcbgdowmssiasmi/Build/Products/Debug-iphonesimulator/DoubleConversion\"\ \"/Users/antoniogrillo-balen/Library/Developer/Xcode/DerivedData/risebysolis-gzfsziqwziaggpcbgdowmssiasmi/Build/Products/Debug-iphonesimulator/RCT-Folly\"\ \"/Users/antoniogrillo-balen/Library/Developer/Xcode/DerivedData/risebysolis-gzfsziqwziaggpcbgdowmssiasmi/Build/Products/Debug-iphonesimulator/RCTDeprecation\"\ \"/Users/antoniogrillo-balen/Library/Developer/Xcode/DerivedData/risebysolis-gzfsziqwziaggpcbgdowmssiasmi/Build/Products/Debug-iphonesimulator/RCTTypeSafety\"\ \"/Users/antoniogrillo-balen/Library/Developer/Xcode/DerivedData/risebysolis-gzfsziqwziaggpcbgdowmssiasmi/Build/Products/Debug-iphonesimulator/React-Core\"\ \"/Users/antoniogrillo-balen/Library/Developer/Xcode/DerivedData/risebysolis-gzfsziqwziaggpcbgdowmssiasmi/Build/Products/Debug-iphonesimulator/React-Fabric\"\ \"/Users/antoniogrillo-balen/Library/Developer/Xcode/DerivedData/risebysolis-gzfsziqwziaggpcbgdowmssiasmi/Build/Products/Debug-iphonesimulator/React-FabricImage\"\ \"/Users/antoniogrillo-balen/Library/Developer/Xcode/DerivedData/risebysolis-gzfsziqwziaggpcbgdowmssiasmi/Build/Products/Debug-iphonesimulator/React-ImageManager\"\ \"/Users/antoniogrillo-balen/Library/Developer/Xcode/DerivedData/risebysolis-gzfsziqwziaggpcbgdowmssiasmi/Build/Products/Debug-iphonesimulator/React-NativeModulesApple\"\ \"/Users/antoniogrillo-balen/Library/Developer/Xcode/DerivedData/risebysolis-gzfsziqwziaggpcbgdowmssiasmi/Build/Products/Debug-iphonesimulator/React-cxxreact\"\ \"/Users/antoniogrillo-balen/Library/Developer/Xcode/DerivedData/risebysolis-gzfsziqwziaggpcbgdowmssiasmi/Build/Products/Debug-iphonesimulator/React-debug\"\ \"/Users/antoniogrillo-balen/Library/Developer/Xcode/DerivedData/risebysolis-gzfsziqwziaggpcbgdowmssiasmi/Build/Products/Debug-iphonesimulator/React-featureflags\"\ \"/Users/antoniogrillo-balen/Library/Developer/Xcode/DerivedData/risebysolis-gzfsziqwziaggpcbgdowmssiasmi/Build/Products/Debug-iphonesimulator/React-graphics\"\ \"/Users/antoniogrillo-balen/Library/Developer/Xcode/DerivedData/risebysolis-gzfsziqwziaggpcbgdowmssiasmi/Build/Products/Debug-iphonesimulator/React-hermes\"\ \"/Users/antoniogrillo-balen/Library/Developer/Xcode/DerivedData/risebysolis-gzfsziqwziaggpcbgdowmssiasmi/Build/Products/Debug-iphonesimulator/React-jsi\"\ \"/Users/antoniogrillo-balen/Library/Developer/Xcode/DerivedData/risebysolis-gzfsziqwziaggpcbgdowmssiasmi/Build/Products/Debug-iphonesimulator/React-jsiexecutor\"\ \"/Users/antoniogrillo-balen/Library/Developer/Xcode/DerivedData/risebysolis-gzfsziqwziaggpcbgdowmssiasmi/Build/Products/Debug-iphonesimulator/React-jsinspector\"\ \"/Users/antoniogrillo-balen/Library/Developer/Xcode/DerivedData/risebysolis-gzfsziqwziaggpcbgdowmssiasmi/Build/Products/Debug-iphonesimulator/React-logger\"\ \"/Users/antoniogrillo-balen/Library/Developer/Xcode/DerivedData/risebysolis-gzfsziqwziaggpcbgdowmssiasmi/Build/Products/Debug-iphonesimulator/React-perflogger\"\ \"/Users/antoniogrillo-balen/Library/Developer/Xcode/DerivedData/risebysolis-gzfsziqwziaggpcbgdowmssiasmi/Build/Products/Debug-iphonesimulator/React-performancetimeline\"\ \"/Users/antoniogrillo-balen/Library/Developer/Xcode/DerivedData/risebysolis-gzfsziqwziaggpcbgdowmssiasmi/Build/Products/Debug-iphonesimulator/React-rendererconsistency\"\ \"/Users/antoniogrillo-balen/Library/Developer/Xcode/DerivedData/risebysolis-gzfsziqwziaggpcbgdowmssiasmi/Build/Products/Debug-iphonesimulator/React-rendererdebug\"\ \"/Users/antoniogrillo-balen/Library/Developer/Xcode/DerivedData/risebysolis-gzfsziqwziaggpcbgdowmssiasmi/Build/Products/Debug-iphonesimulator/React-runtimescheduler\"\ \"/Users/antoniogrillo-balen/Library/Developer/Xcode/DerivedData/risebysolis-gzfsziqwziaggpcbgdowmssiasmi/Build/Products/Debug-iphonesimulator/React-utils\"\ \"/Users/antoniogrillo-balen/Library/Developer/Xcode/DerivedData/risebysolis-gzfsziqwziaggpcbgdowmssiasmi/Build/Products/Debug-iphonesimulator/ReactCodegen\"\ \"/Users/antoniogrillo-balen/Library/Developer/Xcode/DerivedData/risebysolis-gzfsziqwziaggpcbgdowmssiasmi/Build/Products/Debug-iphonesimulator/ReactCommon\"\ \"/Users/antoniogrillo-balen/Library/Developer/Xcode/DerivedData/risebysolis-gzfsziqwziaggpcbgdowmssiasmi/Build/Products/Debug-iphonesimulator/SocketRocket\"\ \"/Users/antoniogrillo-balen/Library/Developer/Xcode/DerivedData/risebysolis-gzfsziqwziaggpcbgdowmssiasmi/Build/Products/Debug-iphonesimulator/Yoga\"\ \"/Users/antoniogrillo-balen/Library/Developer/Xcode/DerivedData/risebysolis-gzfsziqwziaggpcbgdowmssiasmi/Build/Products/Debug-iphonesimulator/fmt\"\ \"/Users/antoniogrillo-balen/Library/Developer/Xcode/DerivedData/risebysolis-gzfsziqwziaggpcbgdowmssiasmi/Build/Products/Debug-iphonesimulator/glog\"\ \"/Users/antoniogrillo-balen/Desktop/Projects/RiseBuild/ios/Pods/hermes-engine/destroot/Library/Frameworks/universal\"\ \"/Users/antoniogrillo-balen/Library/Developer/Xcode/DerivedData/risebysolis-gzfsziqwziaggpcbgdowmssiasmi/Build/Products/Debug-iphonesimulator/XCFrameworkIntermediates/hermes-engine/Pre-built\"
    export FRAMEWORK_VERSION\=A
    export FULL_PRODUCT_NAME\=React_FabricComponents.framework
    export FUSE_BUILD_PHASES\=YES
    export FUSE_BUILD_SCRIPT_PHASES\=NO
    export GCC3_VERSION\=3.3
    export GCC_C_LANGUAGE_STANDARD\=gnu11
    export GCC_DYNAMIC_NO_PIC\=NO
    export GCC_INLINES_ARE_PRIVATE_EXTERN\=YES
    export GCC_NO_COMMON_BLOCKS\=YES
    export GCC_OBJC_LEGACY_DISPATCH\=YES
    export GCC_OPTIMIZATION_LEVEL\=0
    export GCC_PFE_FILE_C_DIALECTS\=c\ objective-c\ c++\ objective-c++
    export GCC_PREFIX_HEADER\=Target\ Support\ Files/React-FabricComponents/React-FabricComponents-prefix.pch
    export GCC_PREPROCESSOR_DEFINITIONS\=POD_CONFIGURATION_DEBUG\=1\ DEBUG\=1\ \ COCOAPODS\=1
    export GCC_TREAT_WARNINGS_AS_ERRORS\=NO
    export GCC_VERSION\=com.apple.compilers.llvm.clang.1_0
    export GCC_VERSION_IDENTIFIER\=com_apple_compilers_llvm_clang_1_0
    export GCC_WARN_64_TO_32_BIT_CONVERSION\=YES
    export GCC_WARN_ABOUT_RETURN_TYPE\=YES_ERROR
    export GCC_WARN_UNDECLARED_SELECTOR\=YES
    export GCC_WARN_UNINITIALIZED_AUTOS\=YES_AGGRESSIVE
    export GCC_WARN_UNUSED_FUNCTION\=YES
    export GCC_WARN_UNUSED_VARIABLE\=YES
    export GENERATED_MODULEMAP_DIR\=/Users/antoniogrillo-balen/Library/Developer/Xcode/DerivedData/risebysolis-gzfsziqwziaggpcbgdowmssiasmi/Build/Intermediates.noindex/GeneratedModuleMaps-iphonesimulator
    export GENERATE_INFOPLIST_FILE\=NO
    export GENERATE_INTERMEDIATE_TEXT_BASED_STUBS\=YES
    export GENERATE_PKGINFO_FILE\=NO
    export GENERATE_PRELINK_OBJECT_FILE\=NO
    export GENERATE_PROFILING_CODE\=NO
    export GENERATE_TEXT_BASED_STUBS\=NO
    export GID\=20
    export GROUP\=staff
    export HEADERMAP_INCLUDES_FLAT_ENTRIES_FOR_TARGET_BEING_BUILT\=YES
    export HEADERMAP_INCLUDES_FRAMEWORK_ENTRIES_FOR_ALL_PRODUCT_TYPES\=YES
    export HEADERMAP_INCLUDES_FRAMEWORK_ENTRIES_FOR_TARGETS_NOT_BEING_BUILT\=YES
    export HEADERMAP_INCLUDES_NONPUBLIC_NONPRIVATE_HEADERS\=YES
    export HEADERMAP_INCLUDES_PROJECT_HEADERS\=YES
    export HEADERMAP_USES_FRAMEWORK_PREFIX_ENTRIES\=YES
    export HEADERMAP_USES_VFS\=YES
    export HEADER_SEARCH_PATHS\=/Users/antoniogrillo-balen/Library/Developer/Xcode/DerivedData/risebysolis-gzfsziqwziaggpcbgdowmssiasmi/Build/Products/Debug-iphonesimulator/React-FabricComponents/include\ \ /Users/antoniogrillo-balen/Library/Developer/Xcode/DerivedData/risebysolis-gzfsziqwziaggpcbgdowmssiasmi/Build/Products/Debug-iphonesimulator/ReactCommon/ReactCommon.framework/Headers\ /Users/antoniogrillo-balen/Library/Developer/Xcode/DerivedData/risebysolis-gzfsziqwziaggpcbgdowmssiasmi/Build/Products/Debug-iphonesimulator/ReactCommon/ReactCommon.framework/Headers/react/nativemodule/core\ /Users/antoniogrillo-balen/Library/Developer/Xcode/DerivedData/risebysolis-gzfsziqwziaggpcbgdowmssiasmi/Build/Products/Debug-iphonesimulator/ReactCommon-Samples/ReactCommon_Samples.framework/Headers\ /Users/antoniogrillo-balen/Library/Developer/Xcode/DerivedData/risebysolis-gzfsziqwziaggpcbgdowmssiasmi/Build/Products/Debug-iphonesimulator/ReactCommon-Samples/ReactCommon_Samples.framework/Headers/platform/ios\ /Users/antoniogrillo-balen/Library/Developer/Xcode/DerivedData/risebysolis-gzfsziqwziaggpcbgdowmssiasmi/Build/Products/Debug-iphonesimulator/React-Fabric/React_Fabric.framework/Headers/react/renderer/components/view/platform/cxx\ /Users/antoniogrillo-balen/Library/Developer/Xcode/DerivedData/risebysolis-gzfsziqwziaggpcbgdowmssiasmi/Build/Products/Debug-iphonesimulator/React-NativeModulesApple/React_NativeModulesApple.framework/Headers\ /Users/antoniogrillo-balen/Library/Developer/Xcode/DerivedData/risebysolis-gzfsziqwziaggpcbgdowmssiasmi/Build/Products/Debug-iphonesimulator/React-graphics/React_graphics.framework/Headers\ /Users/antoniogrillo-balen/Library/Developer/Xcode/DerivedData/risebysolis-gzfsziqwziaggpcbgdowmssiasmi/Build/Products/Debug-iphonesimulator/React-graphics/React_graphics.framework/Headers/react/renderer/graphics/platform/ios\ \"/Users/antoniogrillo-balen/Desktop/Projects/RiseBuild/ios/Pods/Headers/Public\"\ \"/Users/antoniogrillo-balen/Desktop/Projects/RiseBuild/ios/Pods/Headers/Public/FBLazyVector\"\ \"/Users/antoniogrillo-balen/Desktop/Projects/RiseBuild/ios/Pods/Headers/Public/RCTRequired\"\ \"/Users/antoniogrillo-balen/Desktop/Projects/RiseBuild/ios/Pods/Headers/Public/React-callinvoker\"\ \"/Users/antoniogrillo-balen/Desktop/Projects/RiseBuild/ios/Pods/Headers/Public/React-runtimeexecutor\"\ \"/Users/antoniogrillo-balen/Desktop/Projects/RiseBuild/ios/Pods/Headers/Public/React-timing\"\ \"/Users/antoniogrillo-balen/Desktop/Projects/RiseBuild/ios/Pods/Headers/Public/boost\"\ \"/Users/antoniogrillo-balen/Desktop/Projects/RiseBuild/ios/Pods/Headers/Public/fast_float\"\ \"/Users/antoniogrillo-balen/Desktop/Projects/RiseBuild/ios/Pods/Headers/Public/hermes-engine\"\ \"/Users/antoniogrillo-balen/Desktop/Projects/RiseBuild/ios/Pods/boost\"\ \"/Users/antoniogrillo-balen/Desktop/Projects/RiseBuild/ios/Pods/../../node_modules/react-native/ReactCommon/ReactCommon\"\ \"/Users/antoniogrillo-balen/Desktop/Projects/RiseBuild/ios/Pods/RCT-Folly\"\ \"/Users/antoniogrillo-balen/Desktop/Projects/RiseBuild/ios/Pods/Headers/Private/Yoga\"\ \"/Users/antoniogrillo-balen/Desktop/Projects/RiseBuild/ios/Pods/../../node_modules/react-native/ReactCommon\"\ \"/Users/antoniogrillo-balen/Desktop/Projects/RiseBuild/ios/Pods/DoubleConversion\"\ \"/Users/antoniogrillo-balen/Desktop/Projects/RiseBuild/ios/Pods/fast_float/include\"\ \"/Users/antoniogrillo-balen/Desktop/Projects/RiseBuild/ios/Pods/fmt/include\"\ \"/Users/antoniogrillo-balen/Desktop/Projects/RiseBuild/ios/Pods/../../node_modules/react-native/ReactCommon/react/renderer/textlayoutmanager/platform/ios\"\ \"/Users/antoniogrillo-balen/Desktop/Projects/RiseBuild/ios/Pods/../../node_modules/react-native/ReactCommon/react/renderer/components/textinput/platform/ios\"\ \"/Users/antoniogrillo-balen/Desktop/Projects/RiseBuild/ios/Pods/../../node_modules/react-native/ReactCommon/react/renderer/components/view/platform/cxx\"\ \"/Users/antoniogrillo-balen/Library/Developer/Xcode/DerivedData/risebysolis-gzfsziqwziaggpcbgdowmssiasmi/Build/Products/Debug-iphonesimulator/React-rendererdebug/React_rendererdebug.framework/Headers\"\ \"/Users/antoniogrillo-balen/Library/Developer/Xcode/DerivedData/risebysolis-gzfsziqwziaggpcbgdowmssiasmi/Build/Products/Debug-iphonesimulator/React-graphics/React_graphics.framework/Headers\"\ \"/Users/antoniogrillo-balen/Library/Developer/Xcode/DerivedData/risebysolis-gzfsziqwziaggpcbgdowmssiasmi/Build/Products/Debug-iphonesimulator/React-graphics/React_graphics.framework/Headers/react/renderer/graphics/platform/ios\"\ \"/Users/antoniogrillo-balen/Library/Developer/Xcode/DerivedData/risebysolis-gzfsziqwziaggpcbgdowmssiasmi/Build/Products/Debug-iphonesimulator/React-Fabric/React_Fabric.framework/Headers\"\ \"/Users/antoniogrillo-balen/Library/Developer/Xcode/DerivedData/risebysolis-gzfsziqwziaggpcbgdowmssiasmi/Build/Products/Debug-iphonesimulator/React-Fabric/React_Fabric.framework/Headers/react/renderer/components/view/platform/cxx\"\ \"/Users/antoniogrillo-balen/Library/Developer/Xcode/DerivedData/risebysolis-gzfsziqwziaggpcbgdowmssiasmi/Build/Products/Debug-iphonesimulator/React-Fabric/React_Fabric.framework/Headers/react/renderer/imagemanager/platform/ios\"\ \"/Users/antoniogrillo-balen/Library/Developer/Xcode/DerivedData/risebysolis-gzfsziqwziaggpcbgdowmssiasmi/Build/Products/Debug-iphonesimulator/ReactCodegen/ReactCodegen.framework/Headers\"\ \"/Users/antoniogrillo-balen/Library/Developer/Xcode/DerivedData/risebysolis-gzfsziqwziaggpcbgdowmssiasmi/Build/Products/Debug-iphonesimulator/ReactCodegen/ReactCodegen.framework/Headers/build/generated/ios\"\ \"/Users/antoniogrillo-balen/Desktop/Projects/RiseBuild/ios/Pods/RCT-Folly\"\ \"/Users/antoniogrillo-balen/Desktop/Projects/RiseBuild/ios/Pods/DoubleConversion\"\ \"/Users/antoniogrillo-balen/Desktop/Projects/RiseBuild/ios/Pods/fast_float/include\"\ \"/Users/antoniogrillo-balen/Desktop/Projects/RiseBuild/ios/Pods/fmt/include\"\ \"/Users/antoniogrillo-balen/Desktop/Projects/RiseBuild/ios/Pods/boost\"\ \"/Users/antoniogrillo-balen/Library/Developer/Xcode/DerivedData/risebysolis-gzfsziqwziaggpcbgdowmssiasmi/Build/Products/Debug-iphonesimulator/ReactCodegen/ReactCodegen.framework/Headers\"\ \"/Users/antoniogrillo-balen/Library/Developer/Xcode/DerivedData/risebysolis-gzfsziqwziaggpcbgdowmssiasmi/Build/Products/Debug-iphonesimulator/ReactCommon/ReactCommon.framework/Headers\"\ \"/Users/antoniogrillo-balen/Library/Developer/Xcode/DerivedData/risebysolis-gzfsziqwziaggpcbgdowmssiasmi/Build/Products/Debug-iphonesimulator/ReactCommon/ReactCommon.framework/Headers/react/nativemodule/core\"
    export HOME\=/Users/antoniogrillo-balen
    export HOST_ARCH\=arm64
    export HOST_PLATFORM\=macosx
    export ICONV\=/usr/bin/iconv
    export IMPLICIT_DEPENDENCY_DOMAIN\=default
    export INDEX_STORE_COMPRESS\=NO
    export INDEX_STORE_ONLY_PROJECT_FILES\=NO
    export INFOPLIST_ENABLE_CFBUNDLEICONS_MERGE\=YES
    export INFOPLIST_EXPAND_BUILD_SETTINGS\=YES
    export INFOPLIST_FILE\=Target\ Support\ Files/React-FabricComponents/React-FabricComponents-Info.plist
    export INFOPLIST_OUTPUT_FORMAT\=binary
    export INFOPLIST_PATH\=React_FabricComponents.framework/Info.plist
    export INFOPLIST_PREPROCESS\=NO
    export INFOSTRINGS_PATH\=React_FabricComponents.framework/en.lproj/InfoPlist.strings
    export INLINE_PRIVATE_FRAMEWORKS\=NO
    export INSTALLAPI_IGNORE_SKIP_INSTALL\=YES
    export INSTALLHDRS_COPY_PHASE\=NO
    export INSTALLHDRS_SCRIPT_PHASE\=NO
    export INSTALL_DIR\=/tmp/Pods.dst/Library/Frameworks
    export INSTALL_GROUP\=staff
    export INSTALL_MODE_FLAG\=u+w,go-w,a+rX
    export INSTALL_OWNER\=antoniogrillo-balen
    export INSTALL_PATH\=/Library/Frameworks
    export INSTALL_ROOT\=/tmp/Pods.dst
    export IPHONEOS_DEPLOYMENT_TARGET\=15.1
    export IS_UNOPTIMIZED_BUILD\=YES
    export JAVAC_DEFAULT_FLAGS\=-J-Xms64m\ -J-XX:NewSize\=4M\ -J-Dfile.encoding\=UTF8
    export JAVA_APP_STUB\=/System/Library/Frameworks/JavaVM.framework/Resources/MacOS/JavaApplicationStub
    export JAVA_ARCHIVE_CLASSES\=YES
    export JAVA_ARCHIVE_TYPE\=JAR
    export JAVA_COMPILER\=/usr/bin/javac
    export JAVA_FOLDER_PATH\=React_FabricComponents.framework/Java
    export JAVA_FRAMEWORK_RESOURCES_DIRS\=Resources
    export JAVA_JAR_FLAGS\=cv
    export JAVA_SOURCE_SUBDIR\=.
    export JAVA_USE_DEPENDENCIES\=YES
    export JAVA_ZIP_FLAGS\=-urg
    export JIKES_DEFAULT_FLAGS\=+E\ +OLDCSO
    export KEEP_PRIVATE_EXTERNS\=NO
    export LD_DEPENDENCY_INFO_FILE\=/Users/antoniogrillo-balen/Library/Developer/Xcode/DerivedData/risebysolis-gzfsziqwziaggpcbgdowmssiasmi/Build/Intermediates.noindex/Pods.build/Debug-iphonesimulator/React-FabricComponents.build/Objects-normal/undefined_arch/React_FabricComponents_dependency_info.dat
    export LD_DYLIB_INSTALL_NAME\=@rpath/React_FabricComponents.framework/React_FabricComponents
    export LD_EXPORT_SYMBOLS\=YES
    export LD_GENERATE_MAP_FILE\=NO
    export LD_MAP_FILE_PATH\=/Users/antoniogrillo-balen/Library/Developer/Xcode/DerivedData/risebysolis-gzfsziqwziaggpcbgdowmssiasmi/Build/Intermediates.noindex/Pods.build/Debug-iphonesimulator/React-FabricComponents.build/React_FabricComponents-LinkMap-normal-undefined_arch.txt
    export LD_NO_PIE\=NO
    export LD_QUOTE_LINKER_ARGUMENTS_FOR_COMPILER_DRIVER\=YES
    export LD_RUNPATH_SEARCH_PATHS\=\ @executable_path/Frameworks\ @loader_path/Frameworks
    export LD_SHARED_CACHE_ELIGIBLE\=Automatic
    export LD_WARN_DUPLICATE_LIBRARIES\=NO
    export LD_WARN_UNUSED_DYLIBS\=NO
    export LEGACY_DEVELOPER_DIR\=/Applications/Xcode.app/Contents/PlugIns/Xcode3Core.ideplugin/Contents/SharedSupport/Developer
    export LEX\=lex
    export LIBRARY_DEXT_INSTALL_PATH\=/Library/DriverExtensions
    export LIBRARY_FLAG_NOSPACE\=YES
    export LIBRARY_FLAG_PREFIX\=-l
    export LIBRARY_KEXT_INSTALL_PATH\=/Library/Extensions
    export LIBRARY_SEARCH_PATHS\=/Users/antoniogrillo-balen/Library/Developer/Xcode/DerivedData/risebysolis-gzfsziqwziaggpcbgdowmssiasmi/Build/Products/Debug-iphonesimulator/React-FabricComponents\ 
    export LINKER_DISPLAYS_MANGLED_NAMES\=NO
    export LINK_FILE_LIST_normal_arm64\=/Users/antoniogrillo-balen/Library/Developer/Xcode/DerivedData/risebysolis-gzfsziqwziaggpcbgdowmssiasmi/Build/Intermediates.noindex/Pods.build/Debug-iphonesimulator/React-FabricComponents.build/Objects-normal/arm64/React_FabricComponents.LinkFileList
    export LINK_OBJC_RUNTIME\=YES
    export LINK_WITH_STANDARD_LIBRARIES\=YES
    export LLVM_TARGET_TRIPLE_OS_VERSION\=ios15.1
    export LLVM_TARGET_TRIPLE_SUFFIX\=-simulator
    export LLVM_TARGET_TRIPLE_VENDOR\=apple
    export LM_AUX_CONST_METADATA_LIST_PATH_normal_arm64\=/Users/antoniogrillo-balen/Library/Developer/Xcode/DerivedData/risebysolis-gzfsziqwziaggpcbgdowmssiasmi/Build/Intermediates.noindex/Pods.build/Debug-iphonesimulator/React-FabricComponents.build/Objects-normal/arm64/React_FabricComponents.SwiftConstValuesFileList
    export LOCALIZATION_EXPORT_SUPPORTED\=YES
    export LOCALIZATION_PREFERS_STRING_CATALOGS\=NO
    export LOCALIZED_RESOURCES_FOLDER_PATH\=React_FabricComponents.framework/en.lproj
    export LOCALIZED_STRING_CODE_COMMENTS\=NO
    export LOCALIZED_STRING_MACRO_NAMES\=NSLocalizedString\ CFCopyLocalizedString
    export LOCALIZED_STRING_SWIFTUI_SUPPORT\=YES
    export LOCAL_ADMIN_APPS_DIR\=/Applications/Utilities
    export LOCAL_APPS_DIR\=/Applications
    export LOCAL_DEVELOPER_DIR\=/Library/Developer
    export LOCAL_LIBRARY_DIR\=/Library
    export LOCROOT\=/Users/antoniogrillo-balen/Desktop/Projects/RiseBuild/ios/Pods
    export LOCSYMROOT\=/Users/antoniogrillo-balen/Desktop/Projects/RiseBuild/ios/Pods
    export MACH_O_TYPE\=staticlib
    export MAC_OS_X_PRODUCT_BUILD_VERSION\=25E253
    export MAC_OS_X_VERSION_ACTUAL\=260401
    export MAC_OS_X_VERSION_MAJOR\=260000
    export MAC_OS_X_VERSION_MINOR\=260400
    export MAKE_MERGEABLE\=NO
    export MERGEABLE_LIBRARY\=NO
    export MERGED_BINARY_TYPE\=none
    export MERGE_LINKED_LIBRARIES\=NO
    export METAL_LIBRARY_FILE_BASE\=default
    export METAL_LIBRARY_OUTPUT_DIR\=/Users/antoniogrillo-balen/Library/Developer/Xcode/DerivedData/risebysolis-gzfsziqwziaggpcbgdowmssiasmi/Build/Products/Debug-iphonesimulator/React-FabricComponents/React_FabricComponents.framework
    export MODULEMAP_FILE\=Target\ Support\ Files/React-FabricComponents/React-FabricComponents.modulemap
    export MODULES_FOLDER_PATH\=React_FabricComponents.framework/Modules
    export MODULE_CACHE_DIR\=/Users/antoniogrillo-balen/Library/Developer/Xcode/DerivedData/ModuleCache.noindex
    export MTL_ENABLE_DEBUG_INFO\=INCLUDE_SOURCE
    export MTL_FAST_MATH\=YES
    export NATIVE_ARCH\=arm64
    export NATIVE_ARCH_32_BIT\=arm
    export NATIVE_ARCH_64_BIT\=arm64
    export NATIVE_ARCH_ACTUAL\=arm64
    export NO_COMMON\=YES
    export OBJC_ABI_VERSION\=2
    export OBJECT_FILE_DIR\=/Users/antoniogrillo-balen/Library/Developer/Xcode/DerivedData/risebysolis-gzfsziqwziaggpcbgdowmssiasmi/Build/Intermediates.noindex/Pods.build/Debug-iphonesimulator/React-FabricComponents.build/Objects
    export OBJECT_FILE_DIR_normal\=/Users/antoniogrillo-balen/Library/Developer/Xcode/DerivedData/risebysolis-gzfsziqwziaggpcbgdowmssiasmi/Build/Intermediates.noindex/Pods.build/Debug-iphonesimulator/React-FabricComponents.build/Objects-normal
    export OBJROOT\=/Users/antoniogrillo-balen/Library/Developer/Xcode/DerivedData/risebysolis-gzfsziqwziaggpcbgdowmssiasmi/Build/Intermediates.noindex
    export ONLY_ACTIVE_ARCH\=YES
    export OS\=MACOS
    export OSAC\=/usr/bin/osacompile
    export OTHER_LDFLAGS\=\ \ 
    export PACKAGE_TYPE\=com.apple.package-type.wrapper.framework
    export PASCAL_STRINGS\=YES
    export PATH\=/Applications/Xcode.app/Contents/SharedFrameworks/SwiftBuild.framework/Versions/A/PlugIns/SWBBuildService.bundle/Contents/PlugIns/SWBUniversalPlatformPlugin.bundle/Contents/Frameworks/SWBUniversalPlatform.framework/Resources:/Applications/Xcode.app/Contents/Developer/Toolchains/XcodeDefault.xctoolchain/usr/bin:/Applications/Xcode.app/Contents/Developer/Toolchains/XcodeDefault.xctoolchain/usr/local/bin:/Applications/Xcode.app/Contents/Developer/Toolchains/XcodeDefault.xctoolchain/usr/libexec:/Applications/Xcode.app/Contents/Developer/Platforms/iPhoneSimulator.platform/usr/bin:/Applications/Xcode.app/Contents/Developer/Platforms/iPhoneSimulator.platform/usr/local/bin:/Applications/Xcode.app/Contents/Developer/Platforms/iPhoneSimulator.platform/Developer/usr/bin:/Applications/Xcode.app/Contents/Developer/Platforms/iPhoneSimulator.platform/Developer/usr/local/bin:/Applications/Xcode.app/Contents/Developer/usr/bin:/Applications/Xcode.app/Contents/Developer/usr/local/bin:/opt/homebrew/opt/ruby/bin:/opt/homebrew/lib/ruby/gems/4.0.0/bin:/opt/homebrew/bin:/opt/homebrew/sbin:/Users/antoniogrillo-balen/.nvm/versions/node/v24.14.1/bin:/Library/Frameworks/Python.framework/Versions/3.14/bin:/usr/local/bin:/System/Cryptexes/App/usr/bin:/usr/bin:/bin:/usr/sbin:/sbin:/var/run/com.apple.security.cryptexd/codex.system/bootstrap/usr/local/bin:/var/run/com.apple.security.cryptexd/codex.system/bootstrap/usr/bin:/var/run/com.apple.security.cryptexd/codex.system/bootstrap/usr/appleinternal/bin:/opt/pkg/env/active/bin:/opt/pmk/env/global/bin:/Library/Apple/usr/bin:/Applications/VMware\ Fusion.app/Contents/Public:/Users/antoniogrillo-balen/.cargo/bin:/Users/antoniogrillo-balen/.cache/plugins/.install-staging/25283474a0e0d4a060cb0e915c1ec54e3d41ef2e/cursor/repo/bin:/Users/antoniogrillo-balen/.claude/plugins/cache/claude-plugins-official/superpowers/5.1.0/bin:/Users/antoniogrillo-balen/.claude/plugins/cache/claude-plugins-official/frontend-design/unknown/bin:/Users/antoniogrillo-balen/.claude/plugins/cache/claude-plugins-official/code-simplifier/1.0.0/bin:/Users/antoniogrillo-balen/.claude/plugins/cache/claude-plugins-official/security-guidance/unknown/bin:/Users/antoniogrillo-balen/.claude/plugins/cache/thedotmack/claude-mem/12.1.1/bin
    export PATH_PREFIXES_EXCLUDED_FROM_HEADER_DEPENDENCIES\=/usr/include\ /usr/local/include\ /System/Library/Frameworks\ /System/Library/PrivateFrameworks\ /Applications/Xcode.app/Contents/Developer/Headers\ /Applications/Xcode.app/Contents/Developer/SDKs\ /Applications/Xcode.app/Contents/Developer/Platforms
    export PBDEVELOPMENTPLIST_PATH\=React_FabricComponents.framework/pbdevelopment.plist
    export PER_ARCH_MODULE_FILE_DIR\=/Users/antoniogrillo-balen/Library/Developer/Xcode/DerivedData/risebysolis-gzfsziqwziaggpcbgdowmssiasmi/Build/Intermediates.noindex/Pods.build/Debug-iphonesimulator/React-FabricComponents.build/Objects-normal/undefined_arch
    export PER_ARCH_OBJECT_FILE_DIR\=/Users/antoniogrillo-balen/Library/Developer/Xcode/DerivedData/risebysolis-gzfsziqwziaggpcbgdowmssiasmi/Build/Intermediates.noindex/Pods.build/Debug-iphonesimulator/React-FabricComponents.build/Objects-normal/undefined_arch
    export PER_VARIANT_OBJECT_FILE_DIR\=/Users/antoniogrillo-balen/Library/Developer/Xcode/DerivedData/risebysolis-gzfsziqwziaggpcbgdowmssiasmi/Build/Intermediates.noindex/Pods.build/Debug-iphonesimulator/React-FabricComponents.build/Objects-normal
    export PKGINFO_FILE_PATH\=/Users/antoniogrillo-balen/Library/Developer/Xcode/DerivedData/risebysolis-gzfsziqwziaggpcbgdowmssiasmi/Build/Intermediates.noindex/Pods.build/Debug-iphonesimulator/React-FabricComponents.build/PkgInfo
    export PKGINFO_PATH\=React_FabricComponents.framework/PkgInfo
    export PLATFORM_DEVELOPER_APPLICATIONS_DIR\=/Applications/Xcode.app/Contents/Developer/Platforms/iPhoneSimulator.platform/Developer/Applications
    export PLATFORM_DEVELOPER_BIN_DIR\=/Applications/Xcode.app/Contents/Developer/Platforms/iPhoneSimulator.platform/Developer/usr/bin
    export PLATFORM_DEVELOPER_LIBRARY_DIR\=/Applications/Xcode.app/Contents/Developer/Platforms/iPhoneSimulator.platform/Developer/Library
    export PLATFORM_DEVELOPER_SDK_DIR\=/Applications/Xcode.app/Contents/Developer/Platforms/iPhoneSimulator.platform/Developer/SDKs
    export PLATFORM_DEVELOPER_TOOLS_DIR\=/Applications/Xcode.app/Contents/Developer/Platforms/iPhoneSimulator.platform/Developer/Tools
    export PLATFORM_DEVELOPER_USR_DIR\=/Applications/Xcode.app/Contents/Developer/Platforms/iPhoneSimulator.platform/Developer/usr
    export PLATFORM_DIR\=/Applications/Xcode.app/Contents/Developer/Platforms/iPhoneSimulator.platform
    export PLATFORM_DISPLAY_NAME\=iOS\ Simulator
    export PLATFORM_FAMILY_NAME\=iOS
    export PLATFORM_NAME\=iphonesimulator
    export PLATFORM_PREFERRED_ARCH\=x86_64
    export PLATFORM_PRODUCT_BUILD_VERSION\=23F73
    export PLATFORM_REQUIRES_SWIFT_AUTOLINK_EXTRACT\=NO
    export PLATFORM_REQUIRES_SWIFT_MODULEWRAP\=NO
    export PLATFORM_USES_DSYMS\=YES
    export PLIST_FILE_OUTPUT_FORMAT\=binary
    export PLUGINS_FOLDER_PATH\=React_FabricComponents.framework/PlugIns
    export PODS_BUILD_DIR\=/Users/antoniogrillo-balen/Library/Developer/Xcode/DerivedData/risebysolis-gzfsziqwziaggpcbgdowmssiasmi/Build/Products
    export PODS_CONFIGURATION_BUILD_DIR\=/Users/antoniogrillo-balen/Library/Developer/Xcode/DerivedData/risebysolis-gzfsziqwziaggpcbgdowmssiasmi/Build/Products/Debug-iphonesimulator
    export PODS_DEVELOPMENT_LANGUAGE\=en
    export PODS_ROOT\=/Users/antoniogrillo-balen/Desktop/Projects/RiseBuild/ios/Pods
    export PODS_TARGET_SRCROOT\=/Users/antoniogrillo-balen/Desktop/Projects/RiseBuild/ios/Pods/../../node_modules/react-native/ReactCommon
    export PODS_XCFRAMEWORKS_BUILD_DIR\=/Users/antoniogrillo-balen/Library/Developer/Xcode/DerivedData/risebysolis-gzfsziqwziaggpcbgdowmssiasmi/Build/Products/Debug-iphonesimulator/XCFrameworkIntermediates
    export PRECOMPS_INCLUDE_HEADERS_FROM_BUILT_PRODUCTS_DIR\=YES
    export PRECOMP_DESTINATION_DIR\=/Users/antoniogrillo-balen/Library/Developer/Xcode/DerivedData/risebysolis-gzfsziqwziaggpcbgdowmssiasmi/Build/Intermediates.noindex/Pods.build/Debug-iphonesimulator/React-FabricComponents.build/PrefixHeaders
    export PRIVATE_HEADERS_FOLDER_PATH\=React_FabricComponents.framework/PrivateHeaders
    export PROCESSED_INFOPLIST_PATH\=/Users/antoniogrillo-balen/Library/Developer/Xcode/DerivedData/risebysolis-gzfsziqwziaggpcbgdowmssiasmi/Build/Intermediates.noindex/Pods.build/Debug-iphonesimulator/React-FabricComponents.build/Objects-normal/undefined_arch/Processed-Info.plist
    export PRODUCT_BUNDLE_IDENTIFIER\=org.cocoapods.React-FabricComponents
    export PRODUCT_BUNDLE_PACKAGE_TYPE\=FMWK
    export PRODUCT_MODULE_NAME\=React_FabricComponents
    export PRODUCT_NAME\=React_FabricComponents
    export PRODUCT_SETTINGS_PATH\=/Users/antoniogrillo-balen/Desktop/Projects/RiseBuild/ios/Pods/Target\ Support\ Files/React-FabricComponents/React-FabricComponents-Info.plist
    export PRODUCT_TYPE\=com.apple.product-type.framework
    export PROFILING_CODE\=NO
    export PROJECT\=Pods
    export PROJECT_DERIVED_FILE_DIR\=/Users/antoniogrillo-balen/Library/Developer/Xcode/DerivedData/risebysolis-gzfsziqwziaggpcbgdowmssiasmi/Build/Intermediates.noindex/Pods.build/DerivedSources
    export PROJECT_DIR\=/Users/antoniogrillo-balen/Desktop/Projects/RiseBuild/ios/Pods
    export PROJECT_FILE_PATH\=/Users/antoniogrillo-balen/Desktop/Projects/RiseBuild/ios/Pods/Pods.xcodeproj
    export PROJECT_GUID\=8699adb1dd336b26511df848a716bd42
    export PROJECT_NAME\=Pods
    export PROJECT_TEMP_DIR\=/Users/antoniogrillo-balen/Library/Developer/Xcode/DerivedData/risebysolis-gzfsziqwziaggpcbgdowmssiasmi/Build/Intermediates.noindex/Pods.build
    export PROJECT_TEMP_ROOT\=/Users/antoniogrillo-balen/Library/Developer/Xcode/DerivedData/risebysolis-gzfsziqwziaggpcbgdowmssiasmi/Build/Intermediates.noindex
    export PUBLIC_HEADERS_FOLDER_PATH\=React_FabricComponents.framework/Headers
    export REACT_NATIVE_PATH\=/Users/antoniogrillo-balen/Desktop/Projects/RiseBuild/ios/Pods/../../node_modules/react-native
    export RECOMMENDED_IPHONEOS_DEPLOYMENT_TARGET\=15.0
    export RECURSIVE_SEARCH_PATHS_FOLLOW_SYMLINKS\=YES
    export REMOVE_CVS_FROM_RESOURCES\=YES
    export REMOVE_GIT_FROM_RESOURCES\=YES
    export REMOVE_HEADERS_FROM_EMBEDDED_BUNDLES\=YES
    export REMOVE_HG_FROM_RESOURCES\=YES
    export REMOVE_STATIC_EXECUTABLES_FROM_EMBEDDED_BUNDLES\=YES
    export REMOVE_SVN_FROM_RESOURCES\=YES
    export RESCHEDULE_INDEPENDENT_HEADERS_PHASES\=YES
    export REZ_COLLECTOR_DIR\=/Users/antoniogrillo-balen/Library/Developer/Xcode/DerivedData/risebysolis-gzfsziqwziaggpcbgdowmssiasmi/Build/Intermediates.noindex/Pods.build/Debug-iphonesimulator/React-FabricComponents.build/ResourceManagerResources
    export REZ_OBJECTS_DIR\=/Users/antoniogrillo-balen/Library/Developer/Xcode/DerivedData/risebysolis-gzfsziqwziaggpcbgdowmssiasmi/Build/Intermediates.noindex/Pods.build/Debug-iphonesimulator/React-FabricComponents.build/ResourceManagerResources/Objects
    export REZ_SEARCH_PATHS\=/Users/antoniogrillo-balen/Library/Developer/Xcode/DerivedData/risebysolis-gzfsziqwziaggpcbgdowmssiasmi/Build/Products/Debug-iphonesimulator/React-FabricComponents\ 
    export RPATH_ORIGIN\=@loader_path
    export RUNTIME_EXCEPTION_ALLOW_DYLD_ENVIRONMENT_VARIABLES\=NO
    export RUNTIME_EXCEPTION_ALLOW_JIT\=NO
    export RUNTIME_EXCEPTION_ALLOW_UNSIGNED_EXECUTABLE_MEMORY\=NO
    export RUNTIME_EXCEPTION_DEBUGGING_TOOL\=NO
    export RUNTIME_EXCEPTION_DISABLE_EXECUTABLE_PAGE_PROTECTION\=NO
    export RUNTIME_EXCEPTION_DISABLE_LIBRARY_VALIDATION\=NO
    export SCANNING_PCM_KEEP_CACHE_DIRECTORY\=YES
    export SCAN_ALL_SOURCE_FILES_FOR_INCLUDES\=NO
    export SCRIPTS_FOLDER_PATH\=React_FabricComponents.framework/Scripts
    export SCRIPT_INPUT_FILE_COUNT\=0
    export SCRIPT_INPUT_FILE_LIST_COUNT\=0
    export SCRIPT_OUTPUT_FILE_COUNT\=0
    export SCRIPT_OUTPUT_FILE_LIST_COUNT\=0
    export SDKROOT\=/Applications/Xcode.app/Contents/Developer/Platforms/iPhoneSimulator.platform/Developer/SDKs/iPhoneSimulator26.5.sdk
    export SDK_DIR\=/Applications/Xcode.app/Contents/Developer/Platforms/iPhoneSimulator.platform/Developer/SDKs/iPhoneSimulator26.5.sdk
    export SDK_DIR_iphonesimulator\=/Applications/Xcode.app/Contents/Developer/Platforms/iPhoneSimulator.platform/Developer/SDKs/iPhoneSimulator26.5.sdk
    export SDK_DIR_iphonesimulator26_5\=/Applications/Xcode.app/Contents/Developer/Platforms/iPhoneSimulator.platform/Developer/SDKs/iPhoneSimulator26.5.sdk
    export SDK_NAME\=iphonesimulator26.5
    export SDK_NAMES\=iphonesimulator26.5
    export SDK_PRODUCT_BUILD_VERSION\=23F73
    export SDK_STAT_CACHE_DIR\=/Users/antoniogrillo-balen/Library/Developer/Xcode/DerivedData
    export SDK_STAT_CACHE_ENABLE\=YES
    export SDK_STAT_CACHE_PATH\=/Users/antoniogrillo-balen/Library/Developer/Xcode/DerivedData/SDKStatCaches.noindex/iphonesimulator26.5-23F73-6cfe768891a92b912361537c460fe42b.sdkstatcache
    export SDK_VERSION\=26.5
    export SDK_VERSION_ACTUAL\=260500
    export SDK_VERSION_MAJOR\=260000
    export SDK_VERSION_MINOR\=260500
    export SED\=/usr/bin/sed
    export SEPARATE_STRIP\=NO
    export SEPARATE_SYMBOL_EDIT\=NO
    export SET_DIR_MODE_OWNER_GROUP\=YES
    export SET_FILE_MODE_OWNER_GROUP\=NO
    export SHALLOW_BUNDLE\=YES
    export SHALLOW_BUNDLE_TRIPLE\=ios-simulator
    export SHALLOW_BUNDLE_ios_macabi\=NO
    export SHALLOW_BUNDLE_macos\=NO
    export SHARED_DERIVED_FILE_DIR\=/Users/antoniogrillo-balen/Library/Developer/Xcode/DerivedData/risebysolis-gzfsziqwziaggpcbgdowmssiasmi/Build/Products/Debug-iphonesimulator/React-FabricComponents/DerivedSources
    export SHARED_FRAMEWORKS_FOLDER_PATH\=React_FabricComponents.framework/SharedFrameworks
    export SHARED_PRECOMPS_DIR\=/Users/antoniogrillo-balen/Library/Developer/Xcode/DerivedData/risebysolis-gzfsziqwziaggpcbgdowmssiasmi/Build/Intermediates.noindex/PrecompiledHeaders
    export SHARED_SUPPORT_FOLDER_PATH\=React_FabricComponents.framework
    export SKIP_INSTALL\=YES
    export SKIP_MERGEABLE_LIBRARY_BUNDLE_HOOK\=NO
    export SOURCE_ROOT\=/Users/antoniogrillo-balen/Desktop/Projects/RiseBuild/ios/Pods
    export SRCROOT\=/Users/antoniogrillo-balen/Desktop/Projects/RiseBuild/ios/Pods
    export STRINGSDATA_DIR\=/Users/antoniogrillo-balen/Library/Developer/Xcode/DerivedData/risebysolis-gzfsziqwziaggpcbgdowmssiasmi/Build/Intermediates.noindex/Pods.build/Debug-iphonesimulator/React-FabricComponents.build/Objects-normal/undefined_arch
    export STRINGSDATA_ROOT\=/Users/antoniogrillo-balen/Library/Developer/Xcode/DerivedData/risebysolis-gzfsziqwziaggpcbgdowmssiasmi/Build/Intermediates.noindex/Pods.build/Debug-iphonesimulator/React-FabricComponents.build
    export STRINGS_FILE_INFOPLIST_RENAME\=YES
    export STRINGS_FILE_OUTPUT_ENCODING\=binary
    export STRING_CATALOG_GENERATE_SYMBOLS\=NO
    export STRIP_BITCODE_FROM_COPIED_FILES\=NO
    export STRIP_INSTALLED_PRODUCT\=NO
    export STRIP_STYLE\=debugging
    export STRIP_SWIFT_SYMBOLS\=YES
    export SUPPORTED_DEVICE_FAMILIES\=1,2
    export SUPPORTED_PLATFORMS\=iphoneos\ iphonesimulator
    export SUPPORTS_TEXT_BASED_API\=NO
    export SUPPRESS_WARNINGS\=NO
    export SWIFT_ACTIVE_COMPILATION_CONDITIONS\=\ DEBUG\ 
    export SWIFT_EMIT_CONST_VALUE_PROTOCOLS\=AnyResolverProviding\ AppEntity\ AppEnum\ AppExtension\ AppIntent\ AppIntentsPackage\ AppShortcutProviding\ AppShortcutsProvider\ AppUnionValue\ AppUnionValueCasesProviding\ DynamicOptionsProvider\ EntityQuery\ ExtensionPointDefining\ IntentValueQuery\ Resolver\ TransientEntity\ _AssistantIntentsProvider\ _GenerativeFunctionExtractable\ _IntentValueRepresentable
    export SWIFT_EMIT_LOC_STRINGS\=NO
    export SWIFT_ENABLE_EXPLICIT_MODULES\=YES
    export SWIFT_INSTALL_MODULE_FOR_DEPLOYMENT\=YES
    export SWIFT_INSTALL_OBJC_HEADER\=YES
    export SWIFT_OPTIMIZATION_LEVEL\=-Onone
    export SWIFT_PLATFORM_TARGET_PREFIX\=ios
    export SWIFT_RESPONSE_FILE_PATH_normal_arm64\=/Users/antoniogrillo-balen/Library/Developer/Xcode/DerivedData/risebysolis-gzfsziqwziaggpcbgdowmssiasmi/Build/Intermediates.noindex/Pods.build/Debug-iphonesimulator/React-FabricComponents.build/Objects-normal/arm64/React_FabricComponents.SwiftFileList
    export SWIFT_VERSION\=5.0
    export SYMROOT\=/Users/antoniogrillo-balen/Library/Developer/Xcode/DerivedData/risebysolis-gzfsziqwziaggpcbgdowmssiasmi/Build/Products
    export SYSTEM_ADMIN_APPS_DIR\=/Applications/Utilities
    export SYSTEM_APPS_DIR\=/Applications
    export SYSTEM_CORE_SERVICES_DIR\=/System/Library/CoreServices
    export SYSTEM_DEMOS_DIR\=/Applications/Extras
    export SYSTEM_DEVELOPER_APPS_DIR\=/Applications/Xcode.app/Contents/Developer/Applications
    export SYSTEM_DEVELOPER_BIN_DIR\=/Applications/Xcode.app/Contents/Developer/usr/bin
    export SYSTEM_DEVELOPER_DEMOS_DIR\=/Applications/Xcode.app/Contents/Developer/Applications/Utilities/Built\ Examples
    export SYSTEM_DEVELOPER_DIR\=/Applications/Xcode.app/Contents/Developer
    export SYSTEM_DEVELOPER_DOC_DIR\=/Applications/Xcode.app/Contents/Developer/ADC\ Reference\ Library
    export SYSTEM_DEVELOPER_GRAPHICS_TOOLS_DIR\=/Applications/Xcode.app/Contents/Developer/Applications/Graphics\ Tools
    export SYSTEM_DEVELOPER_JAVA_TOOLS_DIR\=/Applications/Xcode.app/Contents/Developer/Applications/Java\ Tools
    export SYSTEM_DEVELOPER_PERFORMANCE_TOOLS_DIR\=/Applications/Xcode.app/Contents/Developer/Applications/Performance\ Tools
    export SYSTEM_DEVELOPER_RELEASENOTES_DIR\=/Applications/Xcode.app/Contents/Developer/ADC\ Reference\ Library/releasenotes
    export SYSTEM_DEVELOPER_TOOLS\=/Applications/Xcode.app/Contents/Developer/Tools
    export SYSTEM_DEVELOPER_TOOLS_DOC_DIR\=/Applications/Xcode.app/Contents/Developer/ADC\ Reference\ Library/documentation/DeveloperTools
    export SYSTEM_DEVELOPER_TOOLS_RELEASENOTES_DIR\=/Applications/Xcode.app/Contents/Developer/ADC\ Reference\ Library/releasenotes/DeveloperTools
    export SYSTEM_DEVELOPER_USR_DIR\=/Applications/Xcode.app/Contents/Developer/usr
    export SYSTEM_DEVELOPER_UTILITIES_DIR\=/Applications/Xcode.app/Contents/Developer/Applications/Utilities
    export SYSTEM_DEXT_INSTALL_PATH\=/System/Library/DriverExtensions
    export SYSTEM_DOCUMENTATION_DIR\=/Library/Documentation
    export SYSTEM_EXTENSIONS_FOLDER_PATH\=React_FabricComponents.framework/SystemExtensions
    export SYSTEM_EXTENSIONS_FOLDER_PATH_SHALLOW_BUNDLE_NO\=React_FabricComponents.framework/Library/SystemExtensions
    export SYSTEM_EXTENSIONS_FOLDER_PATH_SHALLOW_BUNDLE_YES\=React_FabricComponents.framework/SystemExtensions
    export SYSTEM_KEXT_INSTALL_PATH\=/System/Library/Extensions
    export SYSTEM_LIBRARY_DIR\=/System/Library
    export TAPI_DEMANGLE\=YES
    export TAPI_ENABLE_PROJECT_HEADERS\=NO
    export TAPI_LANGUAGE\=objective-c
    export TAPI_LANGUAGE_STANDARD\=compiler-default
    export TAPI_USE_SRCROOT\=YES
    export TAPI_VERIFY_MODE\=Pedantic
    export TARGETED_DEVICE_FAMILY\=1,2
    export TARGETNAME\=React-FabricComponents
    export TARGET_BUILD_DIR\=/Users/antoniogrillo-balen/Library/Developer/Xcode/DerivedData/risebysolis-gzfsziqwziaggpcbgdowmssiasmi/Build/Products/Debug-iphonesimulator/React-FabricComponents
    export TARGET_DEVICE_IDENTIFIER\=0C333F8A-4681-4475-855E-6FFD70F12533
    export TARGET_DEVICE_MODEL\=iPhone16,2
    export TARGET_DEVICE_OS_VERSION\=26.4.1
    export TARGET_DEVICE_PLATFORM_NAME\=iphonesimulator
    export TARGET_NAME\=React-FabricComponents
    export TARGET_TEMP_DIR\=/Users/antoniogrillo-balen/Library/Developer/Xcode/DerivedData/risebysolis-gzfsziqwziaggpcbgdowmssiasmi/Build/Intermediates.noindex/Pods.build/Debug-iphonesimulator/React-FabricComponents.build
    export TEMP_DIR\=/Users/antoniogrillo-balen/Library/Developer/Xcode/DerivedData/risebysolis-gzfsziqwziaggpcbgdowmssiasmi/Build/Intermediates.noindex/Pods.build/Debug-iphonesimulator/React-FabricComponents.build
    export TEMP_FILES_DIR\=/Users/antoniogrillo-balen/Library/Developer/Xcode/DerivedData/risebysolis-gzfsziqwziaggpcbgdowmssiasmi/Build/Intermediates.noindex/Pods.build/Debug-iphonesimulator/React-FabricComponents.build
    export TEMP_FILE_DIR\=/Users/antoniogrillo-balen/Library/Developer/Xcode/DerivedData/risebysolis-gzfsziqwziaggpcbgdowmssiasmi/Build/Intermediates.noindex/Pods.build/Debug-iphonesimulator/React-FabricComponents.build
    export TEMP_ROOT\=/Users/antoniogrillo-balen/Library/Developer/Xcode/DerivedData/risebysolis-gzfsziqwziaggpcbgdowmssiasmi/Build/Intermediates.noindex
    export TEMP_SANDBOX_DIR\=/Users/antoniogrillo-balen/Library/Developer/Xcode/DerivedData/risebysolis-gzfsziqwziaggpcbgdowmssiasmi/Build/Intermediates.noindex/TemporaryTaskSandboxes
    export TEST_FRAMEWORK_SEARCH_PATHS\=\ /Applications/Xcode.app/Contents/Developer/Platforms/iPhoneSimulator.platform/Developer/Library/Frameworks\ /Applications/Xcode.app/Contents/Developer/Platforms/iPhoneSimulator.platform/Developer/SDKs/iPhoneSimulator26.5.sdk/Developer/Library/Frameworks
    export TEST_LIBRARY_SEARCH_PATHS\=\ /Applications/Xcode.app/Contents/Developer/Platforms/iPhoneSimulator.platform/Developer/usr/lib
    export TOOLCHAINS\=com.apple.dt.toolchain.XcodeDefault
    export TOOLCHAIN_DIR\=/Applications/Xcode.app/Contents/Developer/Toolchains/XcodeDefault.xctoolchain
    export TREAT_MISSING_BASELINES_AS_TEST_FAILURES\=NO
    export TREAT_MISSING_SCRIPT_PHASE_OUTPUTS_AS_ERRORS\=NO
    export TeamIdentifierPrefix\=FAKETEAMID.
    export UID\=501
    export UNINSTALLED_PRODUCTS_DIR\=/Users/antoniogrillo-balen/Library/Developer/Xcode/DerivedData/risebysolis-gzfsziqwziaggpcbgdowmssiasmi/Build/Intermediates.noindex/UninstalledProducts
    export UNLOCALIZED_RESOURCES_FOLDER_PATH\=React_FabricComponents.framework
    export UNLOCALIZED_RESOURCES_FOLDER_PATH_SHALLOW_BUNDLE_NO\=React_FabricComponents.framework/Resources
    export UNLOCALIZED_RESOURCES_FOLDER_PATH_SHALLOW_BUNDLE_YES\=React_FabricComponents.framework
    export UNSTRIPPED_PRODUCT\=NO
    export USER\=antoniogrillo-balen
    export USER_APPS_DIR\=/Users/antoniogrillo-balen/Applications
    export USER_LIBRARY_DIR\=/Users/antoniogrillo-balen/Library
    export USE_DYNAMIC_NO_PIC\=YES
    export USE_HEADERMAP\=YES
    export USE_HEADER_SYMLINKS\=NO
    export USE_HERMES\=true
    export USE_RECURSIVE_SCRIPT_INPUTS_IN_SCRIPT_PHASES\=YES
    export VALIDATE_DEVELOPMENT_ASSET_PATHS\=YES_ERROR
    export VALIDATE_PRODUCT\=NO
    export VALID_ARCHS\=arm64\ x86_64
    export VERBOSE_PBXCP\=NO
    export VERSIONING_SYSTEM\=apple-generic
    export VERSIONPLIST_PATH\=React_FabricComponents.framework/version.plist
    export VERSIONS_FOLDER_PATH\=React_FabricComponents.framework
    export VERSIONS_FOLDER_PATH_SHALLOW_BUNDLE_NO\=React_FabricComponents.framework/Versions
    export VERSIONS_FOLDER_PATH_SHALLOW_BUNDLE_YES\=React_FabricComponents.framework
    export VERSION_INFO_BUILDER\=antoniogrillo-balen
    export VERSION_INFO_FILE\=React_FabricComponents_vers.c
    export VERSION_INFO_STRING\=\"@\(\#\)PROGRAM:React_FabricComponents\ \ PROJECT:Pods-1\"
    export WORKSPACE_DIR\=/Users/antoniogrillo-balen/Desktop/Projects/RiseBuild/ios
    export WRAPPER_EXTENSION\=framework
    export WRAPPER_NAME\=React_FabricComponents.framework
    export WRAPPER_SUFFIX\=.framework
    export WRAP_ASSET_PACKS_IN_SEPARATE_DIRECTORIES\=NO
    export XCODE_APP_SUPPORT_DIR\=/Applications/Xcode.app/Contents/Developer/Library/Xcode
    export XCODE_PRODUCT_BUILD_VERSION\=17F42
    export XCODE_VERSION_ACTUAL\=2650
    export XCODE_VERSION_MAJOR\=2600
    export XCODE_VERSION_MINOR\=2650
    export XPCSERVICES_FOLDER_PATH\=React_FabricComponents.framework/XPCServices
    export YACC\=yacc
    export _DISCOVER_COMMAND_LINE_LINKER_INPUTS\=YES
    export _DISCOVER_COMMAND_LINE_LINKER_INPUTS_INCLUDE_WL\=YES
    export _LD_MULTIARCH\=YES
    export _WRAPPER_CONTENTS_DIR_SHALLOW_BUNDLE_NO\=/Contents
    export _WRAPPER_PARENT_PATH_SHALLOW_BUNDLE_NO\=/..
    export _WRAPPER_RESOURCES_DIR_SHALLOW_BUNDLE_NO\=/Resources
    export __DIAGNOSE_DEPRECATED_ARCHS\=YES
    export __ORIGINAL_SDK_DEFINED_LLVM_TARGET_TRIPLE_SYS\=ios
    export arch\=undefined_arch
    export variant\=normal
    /bin/sh -c /Users/antoniogrillo-balen/Library/Developer/Xcode/DerivedData/risebysolis-gzfsziqwziaggpcbgdowmssiasmi/Build/Intermediates.noindex/Pods.build/Debug-iphonesimulator/React-FabricComponents.build/Script-46EB2E00031E90.sh
Checking whether Codegen has run...

PhaseScriptExecution Create\ Symlinks\ to\ Header\ Folders /Users/antoniogrillo-balen/Library/Developer/Xcode/DerivedData/risebysolis-gzfsziqwziaggpcbgdowmssiasmi/Build/Intermediates.noindex/Pods.build/Debug-iphonesimulator/React-FabricComponents.build/Script-46EB2E00027400.sh (in target 'React-FabricComponents' from project 'Pods')
    cd /Users/antoniogrillo-balen/Desktop/Projects/RiseBuild/ios/Pods
    export ACTION\=build
    export AD_HOC_CODE_SIGNING_ALLOWED\=YES
    export ALLOW_BUILD_REQUEST_OVERRIDES\=NO
    export ALLOW_TARGET_PLATFORM_SPECIALIZATION\=NO
    export ALTERNATE_GROUP\=staff
    export ALTERNATE_MODE\=u+w,go-w,a+rX
    export ALTERNATE_OWNER\=antoniogrillo-balen
    export ALTERNATIVE_DISTRIBUTION_WEB\=NO
    export ALWAYS_EMBED_SWIFT_STANDARD_LIBRARIES\=NO
    export ALWAYS_SEARCH_USER_PATHS\=NO
    export ALWAYS_USE_SEPARATE_HEADERMAPS\=NO
    export APPLICATION_EXTENSION_API_ONLY\=NO
    export APPLY_RULES_IN_COPY_FILES\=NO
    export APPLY_RULES_IN_COPY_HEADERS\=NO
    export APP_SHORTCUTS_ENABLE_FLEXIBLE_MATCHING\=YES
    export ARCHS\=arm64
    export ARCHS_BASE\=arm64
    export ARCHS_STANDARD\=arm64\ x86_64
    export ARCHS_STANDARD_32_64_BIT\=arm64\ x86_64
    export ARCHS_STANDARD_64_BIT\=arm64\ x86_64
    export ARCHS_STANDARD_INCLUDING_64_BIT\=arm64\ x86_64
    export ARCHS_UNIVERSAL_IPHONE_OS\=arm64\ x86_64
    export ASSETCATALOG_FILTER_FOR_DEVICE_MODEL\=iPhone16,2
    export ASSETCATALOG_FILTER_FOR_DEVICE_OS_VERSION\=26.4.1
    export ASSETCATALOG_FILTER_FOR_THINNING_DEVICE_CONFIGURATION\=iPhone16,2
    export AUTOMATICALLY_MERGE_DEPENDENCIES\=NO
    export AUTOMATION_APPLE_EVENTS\=NO
    export AVAILABLE_PLATFORMS\=android\ appletvos\ appletvsimulator\ driverkit\ freebsd\ iphoneos\ iphonesimulator\ linux\ macosx\ none\ openbsd\ qnx\ watchos\ watchsimulator\ webassembly\ xros\ xrsimulator
    export AppIdentifierPrefix\=FAKETEAMID.
    export BUILD_ACTIVE_RESOURCES_ONLY\=YES
    export BUILD_COMPONENTS\=headers\ build
    export BUILD_DIR\=/Users/antoniogrillo-balen/Library/Developer/Xcode/DerivedData/risebysolis-gzfsziqwziaggpcbgdowmssiasmi/Build/Products
    export BUILD_LIBRARY_FOR_DISTRIBUTION\=NO
    export BUILD_ONLY_KNOWN_LOCALIZATIONS\=NO
    export BUILD_ROOT\=/Users/antoniogrillo-balen/Library/Developer/Xcode/DerivedData/risebysolis-gzfsziqwziaggpcbgdowmssiasmi/Build/Products
    export BUILD_STYLE\=
    export BUILD_VARIANTS\=normal
    export BUILT_PRODUCTS_DIR\=/Users/antoniogrillo-balen/Library/Developer/Xcode/DerivedData/risebysolis-gzfsziqwziaggpcbgdowmssiasmi/Build/Products/Debug-iphonesimulator/React-FabricComponents
    export BUNDLE_CONTENTS_FOLDER_PATH_deep\=Contents/
    export BUNDLE_EXECUTABLE_FOLDER_NAME_deep\=MacOS
    export BUNDLE_EXTENSIONS_FOLDER_PATH\=Extensions
    export BUNDLE_FORMAT\=shallow
    export BUNDLE_FRAMEWORKS_FOLDER_PATH\=Frameworks
    export BUNDLE_PLUGINS_FOLDER_PATH\=PlugIns
    export BUNDLE_PRIVATE_HEADERS_FOLDER_PATH\=PrivateHeaders
    export BUNDLE_PUBLIC_HEADERS_FOLDER_PATH\=Headers
    export CACHE_ROOT\=/var/folders/2z/jtlqylkx0c709j3xb7b0g4cm0000gn/C/com.apple.DeveloperTools/26.5-17F42/Xcode
    export CCHROOT\=/var/folders/2z/jtlqylkx0c709j3xb7b0g4cm0000gn/C/com.apple.DeveloperTools/26.5-17F42/Xcode
    export CHMOD\=/bin/chmod
    export CHOWN\=chown
    export CLANG_ANALYZER_LOCALIZABILITY_NONLOCALIZED\=YES
    export CLANG_ANALYZER_NONNULL\=YES
    export CLANG_ANALYZER_NUMBER_OBJECT_CONVERSION\=YES_AGGRESSIVE
    export CLANG_CACHE_FINE_GRAINED_OUTPUTS\=YES
    export CLANG_CXX_LANGUAGE_STANDARD\=c++20
    export CLANG_CXX_LIBRARY\=libc++
    export CLANG_ENABLE_EXPLICIT_MODULES\=YES
    export CLANG_ENABLE_MODULES\=YES
    export CLANG_ENABLE_OBJC_ARC\=YES
    export CLANG_ENABLE_OBJC_WEAK\=NO
    export CLANG_MODULES_BUILD_SESSION_FILE\=/Users/antoniogrillo-balen/Library/Developer/Xcode/DerivedData/ModuleCache.noindex/Session.modulevalidation
    export CLANG_WARN_BLOCK_CAPTURE_AUTORELEASING\=YES
    export CLANG_WARN_BOOL_CONVERSION\=YES
    export CLANG_WARN_COMMA\=YES
    export CLANG_WARN_CONSTANT_CONVERSION\=YES
    export CLANG_WARN_DEPRECATED_OBJC_IMPLEMENTATIONS\=YES
    export CLANG_WARN_DIRECT_OBJC_ISA_USAGE\=YES_ERROR
    export CLANG_WARN_DOCUMENTATION_COMMENTS\=YES
    export CLANG_WARN_EMPTY_BODY\=YES
    export CLANG_WARN_ENUM_CONVERSION\=YES
    export CLANG_WARN_INFINITE_RECURSION\=YES
    export CLANG_WARN_INT_CONVERSION\=YES
    export CLANG_WARN_NON_LITERAL_NULL_CONVERSION\=YES
    export CLANG_WARN_OBJC_IMPLICIT_RETAIN_SELF\=YES
    export CLANG_WARN_OBJC_LITERAL_CONVERSION\=YES
    export CLANG_WARN_OBJC_ROOT_CLASS\=YES_ERROR
    export CLANG_WARN_QUOTED_INCLUDE_IN_FRAMEWORK_HEADER\=NO
    export CLANG_WARN_RANGE_LOOP_ANALYSIS\=YES
    export CLANG_WARN_STRICT_PROTOTYPES\=YES
    export CLANG_WARN_SUSPICIOUS_MOVE\=YES
    export CLANG_WARN_UNGUARDED_AVAILABILITY\=YES_AGGRESSIVE
    export CLANG_WARN_UNREACHABLE_CODE\=YES
    export CLANG_WARN__DUPLICATE_METHOD_MATCH\=YES
    export CLASS_FILE_DIR\=/Users/antoniogrillo-balen/Library/Developer/Xcode/DerivedData/risebysolis-gzfsziqwziaggpcbgdowmssiasmi/Build/Intermediates.noindex/Pods.build/Debug-iphonesimulator/React-FabricComponents.build/JavaClasses
    export CLEAN_PRECOMPS\=YES
    export CLONE_HEADERS\=NO
    export CODESIGNING_FOLDER_PATH\=/Users/antoniogrillo-balen/Library/Developer/Xcode/DerivedData/risebysolis-gzfsziqwziaggpcbgdowmssiasmi/Build/Products/Debug-iphonesimulator/React-FabricComponents/React_FabricComponents.framework
    export CODE_SIGNING_ALLOWED\=YES
    export CODE_SIGNING_REQUIRED\=NO
    export CODE_SIGNING_REQUIRES_TEAM\=YES
    export CODE_SIGN_CONTEXT_CLASS\=XCiPhoneSimulatorCodeSignContext
    export CODE_SIGN_IDENTITY\=-
    export CODE_SIGN_INJECT_BASE_ENTITLEMENTS\=YES
    export COLOR_DIAGNOSTICS\=NO
    export COMBINE_HIDPI_IMAGES\=NO
    export COMPILATION_CACHE_CAS_PATH\=/Users/antoniogrillo-balen/Library/Developer/Xcode/DerivedData/CompilationCache.noindex
    export COMPILATION_CACHE_KEEP_CAS_DIRECTORY\=YES
    export COMPILER_INDEX_STORE_ENABLE\=Default
    export COMPOSITE_SDK_DIRS\=/Users/antoniogrillo-balen/Library/Developer/Xcode/DerivedData/risebysolis-gzfsziqwziaggpcbgdowmssiasmi/Build/Intermediates.noindex/CompositeSDKs
    export COMPRESS_PNG_FILES\=YES
    export CONFIGURATION\=Debug
    export CONFIGURATION_BUILD_DIR\=/Users/antoniogrillo-balen/Library/Developer/Xcode/DerivedData/risebysolis-gzfsziqwziaggpcbgdowmssiasmi/Build/Products/Debug-iphonesimulator/React-FabricComponents
    export CONFIGURATION_TEMP_DIR\=/Users/antoniogrillo-balen/Library/Developer/Xcode/DerivedData/risebysolis-gzfsziqwziaggpcbgdowmssiasmi/Build/Intermediates.noindex/Pods.build/Debug-iphonesimulator
    export CONTENTS_FOLDER_PATH\=React_FabricComponents.framework
    export CONTENTS_FOLDER_PATH_SHALLOW_BUNDLE_NO\=React_FabricComponents.framework/A
    export CONTENTS_FOLDER_PATH_SHALLOW_BUNDLE_YES\=React_FabricComponents.framework
    export COPYING_PRESERVES_HFS_DATA\=NO
    export COPY_HEADERS_RUN_UNIFDEF\=NO
    export COPY_PHASE_STRIP\=NO
    export CORRESPONDING_DEVICE_PLATFORM_DIR\=/Applications/Xcode.app/Contents/Developer/Platforms/iPhoneOS.platform
    export CORRESPONDING_DEVICE_PLATFORM_NAME\=iphoneos
    export CORRESPONDING_DEVICE_SDK_DIR\=/Applications/Xcode.app/Contents/Developer/Platforms/iPhoneOS.platform/Developer/SDKs/iPhoneOS26.5.sdk
    export CORRESPONDING_DEVICE_SDK_NAME\=iphoneos26.5
    export CP\=/bin/cp
    export CREATE_INFOPLIST_SECTION_IN_BINARY\=NO
    export CURRENT_ARCH\=undefined_arch
    export CURRENT_PROJECT_VERSION\=1
    export CURRENT_VARIANT\=normal
    export CURRENT_VERSION\=Current
    export DEAD_CODE_STRIPPING\=YES
    export DEBUGGING_SYMBOLS\=YES
    export DEBUG_INFORMATION_FORMAT\=dwarf
    export DEBUG_INFORMATION_VERSION\=compiler-default
    export DEFAULT_COMPILER\=com.apple.compilers.llvm.clang.1_0
    export DEFAULT_DEXT_INSTALL_PATH\=/System/Library/DriverExtensions
    export DEFAULT_KEXT_INSTALL_PATH\=/System/Library/Extensions
    export DEFINES_MODULE\=YES
    export DEPLOYMENT_LOCATION\=NO
    export DEPLOYMENT_POSTPROCESSING\=NO
    export DEPLOYMENT_TARGET_SETTING_NAME\=IPHONEOS_DEPLOYMENT_TARGET
    export DEPLOYMENT_TARGET_SUGGESTED_VALUES\=12.0\ 12.1\ 12.2\ 12.3\ 12.4\ 13.0\ 13.1\ 13.2\ 13.3\ 13.4\ 13.5\ 13.6\ 14.0\ 14.1\ 14.2\ 14.3\ 14.4\ 14.5\ 14.6\ 14.7\ 15.0\ 15.1\ 15.2\ 15.3\ 15.4\ 15.5\ 15.6\ 16.0\ 16.1\ 16.2\ 16.3\ 16.4\ 16.5\ 16.6\ 17.0\ 17.1\ 17.2\ 17.3\ 17.4\ 17.5\ 17.6\ 18.0\ 18.1\ 18.2\ 18.3\ 18.4\ 18.5\ 18.6\ 26.0\ 26.2\ 26.3\ 26.4\ 26.5
    export DERIVED_FILES_DIR\=/Users/antoniogrillo-balen/Library/Developer/Xcode/DerivedData/risebysolis-gzfsziqwziaggpcbgdowmssiasmi/Build/Intermediates.noindex/Pods.build/Debug-iphonesimulator/React-FabricComponents.build/DerivedSources
    export DERIVED_FILE_DIR\=/Users/antoniogrillo-balen/Library/Developer/Xcode/DerivedData/risebysolis-gzfsziqwziaggpcbgdowmssiasmi/Build/Intermediates.noindex/Pods.build/Debug-iphonesimulator/React-FabricComponents.build/DerivedSources
    export DERIVED_SOURCES_DIR\=/Users/antoniogrillo-balen/Library/Developer/Xcode/DerivedData/risebysolis-gzfsziqwziaggpcbgdowmssiasmi/Build/Intermediates.noindex/Pods.build/Debug-iphonesimulator/React-FabricComponents.build/DerivedSources
    export DEVELOPER_APPLICATIONS_DIR\=/Applications/Xcode.app/Contents/Developer/Applications
    export DEVELOPER_BIN_DIR\=/Applications/Xcode.app/Contents/Developer/usr/bin
    export DEVELOPER_DIR\=/Applications/Xcode.app/Contents/Developer
    export DEVELOPER_FRAMEWORKS_DIR\=/Applications/Xcode.app/Contents/Developer/Library/Frameworks
    export DEVELOPER_FRAMEWORKS_DIR_QUOTED\=/Applications/Xcode.app/Contents/Developer/Library/Frameworks
    export DEVELOPER_LIBRARY_DIR\=/Applications/Xcode.app/Contents/Developer/Library
    export DEVELOPER_SDK_DIR\=/Applications/Xcode.app/Contents/Developer/Platforms/MacOSX.platform/Developer/SDKs
    export DEVELOPER_TOOLS_DIR\=/Applications/Xcode.app/Contents/Developer/Tools
    export DEVELOPER_USR_DIR\=/Applications/Xcode.app/Contents/Developer/usr
    export DEVELOPMENT_LANGUAGE\=en
    export DIAGNOSE_MISSING_TARGET_DEPENDENCIES\=YES
    export DIFF\=/usr/bin/diff
    export DOCUMENTATION_FOLDER_PATH\=React_FabricComponents.framework/en.lproj/Documentation
    export DONT_GENERATE_INFOPLIST_FILE\=NO
    export DSTROOT\=/tmp/Pods.dst
    export DT_TOOLCHAIN_DIR\=/Applications/Xcode.app/Contents/Developer/Toolchains/XcodeDefault.xctoolchain
    export DUMP_DEPENDENCIES\=NO
    export DUMP_DEPENDENCIES_OUTPUT_PATH\=/Users/antoniogrillo-balen/Library/Developer/Xcode/DerivedData/risebysolis-gzfsziqwziaggpcbgdowmssiasmi/Build/Intermediates.noindex/Pods.build/Debug-iphonesimulator/React-FabricComponents.build/React-FabricComponents-BuildDependencyInfo.json
    export DWARF_DSYM_FILE_NAME\=React_FabricComponents.framework.dSYM
    export DWARF_DSYM_FILE_SHOULD_ACCOMPANY_PRODUCT\=NO
    export DWARF_DSYM_FOLDER_PATH\=/Users/antoniogrillo-balen/Library/Developer/Xcode/DerivedData/risebysolis-gzfsziqwziaggpcbgdowmssiasmi/Build/Products/Debug-iphonesimulator/React-FabricComponents
    export DYLIB_COMPATIBILITY_VERSION\=1
    export DYLIB_CURRENT_VERSION\=1
    export DYLIB_INSTALL_NAME_BASE\=@rpath
    export DYNAMIC_LIBRARY_EXTENSION\=dylib
    export EAGER_COMPILATION_ALLOW_SCRIPTS\=NO
    export EAGER_LINKING\=NO
    export EFFECTIVE_PLATFORM_NAME\=-iphonesimulator
    export EFFECTIVE_SWIFT_VERSION\=5
    export EMBEDDED_CONTENT_CONTAINS_SWIFT\=NO
    export EMBED_ASSET_PACKS_IN_PRODUCT_BUNDLE\=NO
    export ENABLE_APP_SANDBOX\=NO
    export ENABLE_CODE_COVERAGE\=YES
    export ENABLE_COHORT_ARCHS\=NO
    export ENABLE_CPLUSPLUS_BOUNDS_SAFE_BUFFERS\=NO
    export ENABLE_C_BOUNDS_SAFETY\=NO
    export ENABLE_DEFAULT_HEADER_SEARCH_PATHS\=YES
    export ENABLE_DEFAULT_SEARCH_PATHS\=YES
    export ENABLE_ENHANCED_SECURITY\=NO
    export ENABLE_HARDENED_RUNTIME\=NO
    export ENABLE_HEADER_DEPENDENCIES\=YES
    export ENABLE_INCOMING_NETWORK_CONNECTIONS\=NO
    export ENABLE_MODULE_VERIFIER\=NO
    export ENABLE_ON_DEMAND_RESOURCES\=NO
    export ENABLE_OUTGOING_NETWORK_CONNECTIONS\=NO
    export ENABLE_POINTER_AUTHENTICATION\=NO
    export ENABLE_PREVIEWS\=NO
    export ENABLE_RESOURCE_ACCESS_AUDIO_INPUT\=NO
    export ENABLE_RESOURCE_ACCESS_BLUETOOTH\=NO
    export ENABLE_RESOURCE_ACCESS_CALENDARS\=NO
    export ENABLE_RESOURCE_ACCESS_CAMERA\=NO
    export ENABLE_RESOURCE_ACCESS_CONTACTS\=NO
    export ENABLE_RESOURCE_ACCESS_LOCATION\=NO
    export ENABLE_RESOURCE_ACCESS_PHOTO_LIBRARY\=NO
    export ENABLE_RESOURCE_ACCESS_PRINTING\=NO
    export ENABLE_RESOURCE_ACCESS_USB\=NO
    export ENABLE_SDK_IMPORTS\=NO
    export ENABLE_SECURITY_COMPILER_WARNINGS\=NO
    export ENABLE_STRICT_OBJC_MSGSEND\=YES
    export ENABLE_TESTABILITY\=YES
    export ENABLE_TESTING_SEARCH_PATHS\=NO
    export ENABLE_USER_SCRIPT_SANDBOXING\=NO
    export ENABLE_XOJIT_PREVIEWS\=YES
    export ENFORCE_VALID_ARCHS\=YES
    export ENTITLEMENTS_DESTINATION\=__entitlements
    export ENTITLEMENTS_REQUIRED\=NO
    export EXCLUDED_INSTALLSRC_SUBDIRECTORY_PATTERNS\=.DS_Store\ .svn\ .git\ .hg\ CVS
    export EXCLUDED_RECURSIVE_SEARCH_PATH_SUBDIRECTORIES\=\*.nib\ \*.lproj\ \*.framework\ \*.gch\ \*.xcode\*\ \*.xcassets\ \*.icon\ \(\*\)\ .DS_Store\ CVS\ .svn\ .git\ .hg\ \*.pbproj\ \*.pbxproj
    export EXECUTABLES_FOLDER_PATH\=React_FabricComponents.framework/en.lproj
    export EXECUTABLE_FOLDER_PATH\=React_FabricComponents.framework
    export EXECUTABLE_FOLDER_PATH_SHALLOW_BUNDLE_NO\=React_FabricComponents.framework
    export EXECUTABLE_FOLDER_PATH_SHALLOW_BUNDLE_YES\=React_FabricComponents.framework
    export EXECUTABLE_NAME\=React_FabricComponents
    export EXECUTABLE_PATH\=React_FabricComponents.framework/React_FabricComponents
    export EXPANDED_CODE_SIGN_IDENTITY\=-
    export EXPANDED_CODE_SIGN_IDENTITY_NAME\=Sign\ to\ Run\ Locally
    export EXTENSIONS_FOLDER_PATH\=React_FabricComponents.framework/Extensions
    export FILE_LIST\=/Users/antoniogrillo-balen/Library/Developer/Xcode/DerivedData/risebysolis-gzfsziqwziaggpcbgdowmssiasmi/Build/Intermediates.noindex/Pods.build/Debug-iphonesimulator/React-FabricComponents.build/Objects/LinkFileList
    export FIXED_FILES_DIR\=/Users/antoniogrillo-balen/Library/Developer/Xcode/DerivedData/risebysolis-gzfsziqwziaggpcbgdowmssiasmi/Build/Intermediates.noindex/Pods.build/Debug-iphonesimulator/React-FabricComponents.build/FixedFiles
    export FRAMEWORKS_FOLDER_PATH\=React_FabricComponents.framework/Frameworks
    export FRAMEWORK_FLAG_PREFIX\=-framework
    export FRAMEWORK_SEARCH_PATHS\=/Users/antoniogrillo-balen/Library/Developer/Xcode/DerivedData/risebysolis-gzfsziqwziaggpcbgdowmssiasmi/Build/Products/Debug-iphonesimulator/React-FabricComponents\ \ \"/Users/antoniogrillo-balen/Library/Developer/Xcode/DerivedData/risebysolis-gzfsziqwziaggpcbgdowmssiasmi/Build/Products/Debug-iphonesimulator/DoubleConversion\"\ \"/Users/antoniogrillo-balen/Library/Developer/Xcode/DerivedData/risebysolis-gzfsziqwziaggpcbgdowmssiasmi/Build/Products/Debug-iphonesimulator/RCT-Folly\"\ \"/Users/antoniogrillo-balen/Library/Developer/Xcode/DerivedData/risebysolis-gzfsziqwziaggpcbgdowmssiasmi/Build/Products/Debug-iphonesimulator/RCTDeprecation\"\ \"/Users/antoniogrillo-balen/Library/Developer/Xcode/DerivedData/risebysolis-gzfsziqwziaggpcbgdowmssiasmi/Build/Products/Debug-iphonesimulator/RCTTypeSafety\"\ \"/Users/antoniogrillo-balen/Library/Developer/Xcode/DerivedData/risebysolis-gzfsziqwziaggpcbgdowmssiasmi/Build/Products/Debug-iphonesimulator/React-Core\"\ \"/Users/antoniogrillo-balen/Library/Developer/Xcode/DerivedData/risebysolis-gzfsziqwziaggpcbgdowmssiasmi/Build/Products/Debug-iphonesimulator/React-Fabric\"\ \"/Users/antoniogrillo-balen/Library/Developer/Xcode/DerivedData/risebysolis-gzfsziqwziaggpcbgdowmssiasmi/Build/Products/Debug-iphonesimulator/React-FabricImage\"\ \"/Users/antoniogrillo-balen/Library/Developer/Xcode/DerivedData/risebysolis-gzfsziqwziaggpcbgdowmssiasmi/Build/Products/Debug-iphonesimulator/React-ImageManager\"\ \"/Users/antoniogrillo-balen/Library/Developer/Xcode/DerivedData/risebysolis-gzfsziqwziaggpcbgdowmssiasmi/Build/Products/Debug-iphonesimulator/React-NativeModulesApple\"\ \"/Users/antoniogrillo-balen/Library/Developer/Xcode/DerivedData/risebysolis-gzfsziqwziaggpcbgdowmssiasmi/Build/Products/Debug-iphonesimulator/React-cxxreact\"\ \"/Users/antoniogrillo-balen/Library/Developer/Xcode/DerivedData/risebysolis-gzfsziqwziaggpcbgdowmssiasmi/Build/Products/Debug-iphonesimulator/React-debug\"\ \"/Users/antoniogrillo-balen/Library/Developer/Xcode/DerivedData/risebysolis-gzfsziqwziaggpcbgdowmssiasmi/Build/Products/Debug-iphonesimulator/React-featureflags\"\ \"/Users/antoniogrillo-balen/Library/Developer/Xcode/DerivedData/risebysolis-gzfsziqwziaggpcbgdowmssiasmi/Build/Products/Debug-iphonesimulator/React-graphics\"\ \"/Users/antoniogrillo-balen/Library/Developer/Xcode/DerivedData/risebysolis-gzfsziqwziaggpcbgdowmssiasmi/Build/Products/Debug-iphonesimulator/React-hermes\"\ \"/Users/antoniogrillo-balen/Library/Developer/Xcode/DerivedData/risebysolis-gzfsziqwziaggpcbgdowmssiasmi/Build/Products/Debug-iphonesimulator/React-jsi\"\ \"/Users/antoniogrillo-balen/Library/Developer/Xcode/DerivedData/risebysolis-gzfsziqwziaggpcbgdowmssiasmi/Build/Products/Debug-iphonesimulator/React-jsiexecutor\"\ \"/Users/antoniogrillo-balen/Library/Developer/Xcode/DerivedData/risebysolis-gzfsziqwziaggpcbgdowmssiasmi/Build/Products/Debug-iphonesimulator/React-jsinspector\"\ \"/Users/antoniogrillo-balen/Library/Developer/Xcode/DerivedData/risebysolis-gzfsziqwziaggpcbgdowmssiasmi/Build/Products/Debug-iphonesimulator/React-logger\"\ \"/Users/antoniogrillo-balen/Library/Developer/Xcode/DerivedData/risebysolis-gzfsziqwziaggpcbgdowmssiasmi/Build/Products/Debug-iphonesimulator/React-perflogger\"\ \"/Users/antoniogrillo-balen/Library/Developer/Xcode/DerivedData/risebysolis-gzfsziqwziaggpcbgdowmssiasmi/Build/Products/Debug-iphonesimulator/React-performancetimeline\"\ \"/Users/antoniogrillo-balen/Library/Developer/Xcode/DerivedData/risebysolis-gzfsziqwziaggpcbgdowmssiasmi/Build/Products/Debug-iphonesimulator/React-rendererconsistency\"\ \"/Users/antoniogrillo-balen/Library/Developer/Xcode/DerivedData/risebysolis-gzfsziqwziaggpcbgdowmssiasmi/Build/Products/Debug-iphonesimulator/React-rendererdebug\"\ \"/Users/antoniogrillo-balen/Library/Developer/Xcode/DerivedData/risebysolis-gzfsziqwziaggpcbgdowmssiasmi/Build/Products/Debug-iphonesimulator/React-runtimescheduler\"\ \"/Users/antoniogrillo-balen/Library/Developer/Xcode/DerivedData/risebysolis-gzfsziqwziaggpcbgdowmssiasmi/Build/Products/Debug-iphonesimulator/React-utils\"\ \"/Users/antoniogrillo-balen/Library/Developer/Xcode/DerivedData/risebysolis-gzfsziqwziaggpcbgdowmssiasmi/Build/Products/Debug-iphonesimulator/ReactCodegen\"\ \"/Users/antoniogrillo-balen/Library/Developer/Xcode/DerivedData/risebysolis-gzfsziqwziaggpcbgdowmssiasmi/Build/Products/Debug-iphonesimulator/ReactCommon\"\ \"/Users/antoniogrillo-balen/Library/Developer/Xcode/DerivedData/risebysolis-gzfsziqwziaggpcbgdowmssiasmi/Build/Products/Debug-iphonesimulator/SocketRocket\"\ \"/Users/antoniogrillo-balen/Library/Developer/Xcode/DerivedData/risebysolis-gzfsziqwziaggpcbgdowmssiasmi/Build/Products/Debug-iphonesimulator/Yoga\"\ \"/Users/antoniogrillo-balen/Library/Developer/Xcode/DerivedData/risebysolis-gzfsziqwziaggpcbgdowmssiasmi/Build/Products/Debug-iphonesimulator/fmt\"\ \"/Users/antoniogrillo-balen/Library/Developer/Xcode/DerivedData/risebysolis-gzfsziqwziaggpcbgdowmssiasmi/Build/Products/Debug-iphonesimulator/glog\"\ \"/Users/antoniogrillo-balen/Desktop/Projects/RiseBuild/ios/Pods/hermes-engine/destroot/Library/Frameworks/universal\"\ \"/Users/antoniogrillo-balen/Library/Developer/Xcode/DerivedData/risebysolis-gzfsziqwziaggpcbgdowmssiasmi/Build/Products/Debug-iphonesimulator/XCFrameworkIntermediates/hermes-engine/Pre-built\"
    export FRAMEWORK_VERSION\=A
    export FULL_PRODUCT_NAME\=React_FabricComponents.framework
    export FUSE_BUILD_PHASES\=YES
    export FUSE_BUILD_SCRIPT_PHASES\=NO
    export GCC3_VERSION\=3.3
    export GCC_C_LANGUAGE_STANDARD\=gnu11
    export GCC_DYNAMIC_NO_PIC\=NO
    export GCC_INLINES_ARE_PRIVATE_EXTERN\=YES
    export GCC_NO_COMMON_BLOCKS\=YES
    export GCC_OBJC_LEGACY_DISPATCH\=YES
    export GCC_OPTIMIZATION_LEVEL\=0
    export GCC_PFE_FILE_C_DIALECTS\=c\ objective-c\ c++\ objective-c++
    export GCC_PREFIX_HEADER\=Target\ Support\ Files/React-FabricComponents/React-FabricComponents-prefix.pch
    export GCC_PREPROCESSOR_DEFINITIONS\=POD_CONFIGURATION_DEBUG\=1\ DEBUG\=1\ \ COCOAPODS\=1
    export GCC_TREAT_WARNINGS_AS_ERRORS\=NO
    export GCC_VERSION\=com.apple.compilers.llvm.clang.1_0
    export GCC_VERSION_IDENTIFIER\=com_apple_compilers_llvm_clang_1_0
    export GCC_WARN_64_TO_32_BIT_CONVERSION\=YES
    export GCC_WARN_ABOUT_RETURN_TYPE\=YES_ERROR
    export GCC_WARN_UNDECLARED_SELECTOR\=YES
    export GCC_WARN_UNINITIALIZED_AUTOS\=YES_AGGRESSIVE
    export GCC_WARN_UNUSED_FUNCTION\=YES
    export GCC_WARN_UNUSED_VARIABLE\=YES
    export GENERATED_MODULEMAP_DIR\=/Users/antoniogrillo-balen/Library/Developer/Xcode/DerivedData/risebysolis-gzfsziqwziaggpcbgdowmssiasmi/Build/Intermediates.noindex/GeneratedModuleMaps-iphonesimulator
    export GENERATE_INFOPLIST_FILE\=NO
    export GENERATE_INTERMEDIATE_TEXT_BASED_STUBS\=YES
    export GENERATE_PKGINFO_FILE\=NO
    export GENERATE_PRELINK_OBJECT_FILE\=NO
    export GENERATE_PROFILING_CODE\=NO
    export GENERATE_TEXT_BASED_STUBS\=NO
    export GID\=20
    export GROUP\=staff
    export HEADERMAP_INCLUDES_FLAT_ENTRIES_FOR_TARGET_BEING_BUILT\=YES
    export HEADERMAP_INCLUDES_FRAMEWORK_ENTRIES_FOR_ALL_PRODUCT_TYPES\=YES
    export HEADERMAP_INCLUDES_FRAMEWORK_ENTRIES_FOR_TARGETS_NOT_BEING_BUILT\=YES
    export HEADERMAP_INCLUDES_NONPUBLIC_NONPRIVATE_HEADERS\=YES
    export HEADERMAP_INCLUDES_PROJECT_HEADERS\=YES
    export HEADERMAP_USES_FRAMEWORK_PREFIX_ENTRIES\=YES
    export HEADERMAP_USES_VFS\=YES
    export HEADER_SEARCH_PATHS\=/Users/antoniogrillo-balen/Library/Developer/Xcode/DerivedData/risebysolis-gzfsziqwziaggpcbgdowmssiasmi/Build/Products/Debug-iphonesimulator/React-FabricComponents/include\ \ /Users/antoniogrillo-balen/Library/Developer/Xcode/DerivedData/risebysolis-gzfsziqwziaggpcbgdowmssiasmi/Build/Products/Debug-iphonesimulator/ReactCommon/ReactCommon.framework/Headers\ /Users/antoniogrillo-balen/Library/Developer/Xcode/DerivedData/risebysolis-gzfsziqwziaggpcbgdowmssiasmi/Build/Products/Debug-iphonesimulator/ReactCommon/ReactCommon.framework/Headers/react/nativemodule/core\ /Users/antoniogrillo-balen/Library/Developer/Xcode/DerivedData/risebysolis-gzfsziqwziaggpcbgdowmssiasmi/Build/Products/Debug-iphonesimulator/ReactCommon-Samples/ReactCommon_Samples.framework/Headers\ /Users/antoniogrillo-balen/Library/Developer/Xcode/DerivedData/risebysolis-gzfsziqwziaggpcbgdowmssiasmi/Build/Products/Debug-iphonesimulator/ReactCommon-Samples/ReactCommon_Samples.framework/Headers/platform/ios\ /Users/antoniogrillo-balen/Library/Developer/Xcode/DerivedData/risebysolis-gzfsziqwziaggpcbgdowmssiasmi/Build/Products/Debug-iphonesimulator/React-Fabric/React_Fabric.framework/Headers/react/renderer/components/view/platform/cxx\ /Users/antoniogrillo-balen/Library/Developer/Xcode/DerivedData/risebysolis-gzfsziqwziaggpcbgdowmssiasmi/Build/Products/Debug-iphonesimulator/React-NativeModulesApple/React_NativeModulesApple.framework/Headers\ /Users/antoniogrillo-balen/Library/Developer/Xcode/DerivedData/risebysolis-gzfsziqwziaggpcbgdowmssiasmi/Build/Products/Debug-iphonesimulator/React-graphics/React_graphics.framework/Headers\ /Users/antoniogrillo-balen/Library/Developer/Xcode/DerivedData/risebysolis-gzfsziqwziaggpcbgdowmssiasmi/Build/Products/Debug-iphonesimulator/React-graphics/React_graphics.framework/Headers/react/renderer/graphics/platform/ios\ \"/Users/antoniogrillo-balen/Desktop/Projects/RiseBuild/ios/Pods/Headers/Public\"\ \"/Users/antoniogrillo-balen/Desktop/Projects/RiseBuild/ios/Pods/Headers/Public/FBLazyVector\"\ \"/Users/antoniogrillo-balen/Desktop/Projects/RiseBuild/ios/Pods/Headers/Public/RCTRequired\"\ \"/Users/antoniogrillo-balen/Desktop/Projects/RiseBuild/ios/Pods/Headers/Public/React-callinvoker\"\ \"/Users/antoniogrillo-balen/Desktop/Projects/RiseBuild/ios/Pods/Headers/Public/React-runtimeexecutor\"\ \"/Users/antoniogrillo-balen/Desktop/Projects/RiseBuild/ios/Pods/Headers/Public/React-timing\"\ \"/Users/antoniogrillo-balen/Desktop/Projects/RiseBuild/ios/Pods/Headers/Public/boost\"\ \"/Users/antoniogrillo-balen/Desktop/Projects/RiseBuild/ios/Pods/Headers/Public/fast_float\"\ \"/Users/antoniogrillo-balen/Desktop/Projects/RiseBuild/ios/Pods/Headers/Public/hermes-engine\"\ \"/Users/antoniogrillo-balen/Desktop/Projects/RiseBuild/ios/Pods/boost\"\ \"/Users/antoniogrillo-balen/Desktop/Projects/RiseBuild/ios/Pods/../../node_modules/react-native/ReactCommon/ReactCommon\"\ \"/Users/antoniogrillo-balen/Desktop/Projects/RiseBuild/ios/Pods/RCT-Folly\"\ \"/Users/antoniogrillo-balen/Desktop/Projects/RiseBuild/ios/Pods/Headers/Private/Yoga\"\ \"/Users/antoniogrillo-balen/Desktop/Projects/RiseBuild/ios/Pods/../../node_modules/react-native/ReactCommon\"\ \"/Users/antoniogrillo-balen/Desktop/Projects/RiseBuild/ios/Pods/DoubleConversion\"\ \"/Users/antoniogrillo-balen/Desktop/Projects/RiseBuild/ios/Pods/fast_float/include\"\ \"/Users/antoniogrillo-balen/Desktop/Projects/RiseBuild/ios/Pods/fmt/include\"\ \"/Users/antoniogrillo-balen/Desktop/Projects/RiseBuild/ios/Pods/../../node_modules/react-native/ReactCommon/react/renderer/textlayoutmanager/platform/ios\"\ \"/Users/antoniogrillo-balen/Desktop/Projects/RiseBuild/ios/Pods/../../node_modules/react-native/ReactCommon/react/renderer/components/textinput/platform/ios\"\ \"/Users/antoniogrillo-balen/Desktop/Projects/RiseBuild/ios/Pods/../../node_modules/react-native/ReactCommon/react/renderer/components/view/platform/cxx\"\ \"/Users/antoniogrillo-balen/Library/Developer/Xcode/DerivedData/risebysolis-gzfsziqwziaggpcbgdowmssiasmi/Build/Products/Debug-iphonesimulator/React-rendererdebug/React_rendererdebug.framework/Headers\"\ \"/Users/antoniogrillo-balen/Library/Developer/Xcode/DerivedData/risebysolis-gzfsziqwziaggpcbgdowmssiasmi/Build/Products/Debug-iphonesimulator/React-graphics/React_graphics.framework/Headers\"\ \"/Users/antoniogrillo-balen/Library/Developer/Xcode/DerivedData/risebysolis-gzfsziqwziaggpcbgdowmssiasmi/Build/Products/Debug-iphonesimulator/React-graphics/React_graphics.framework/Headers/react/renderer/graphics/platform/ios\"\ \"/Users/antoniogrillo-balen/Library/Developer/Xcode/DerivedData/risebysolis-gzfsziqwziaggpcbgdowmssiasmi/Build/Products/Debug-iphonesimulator/React-Fabric/React_Fabric.framework/Headers\"\ \"/Users/antoniogrillo-balen/Library/Developer/Xcode/DerivedData/risebysolis-gzfsziqwziaggpcbgdowmssiasmi/Build/Products/Debug-iphonesimulator/React-Fabric/React_Fabric.framework/Headers/react/renderer/components/view/platform/cxx\"\ \"/Users/antoniogrillo-balen/Library/Developer/Xcode/DerivedData/risebysolis-gzfsziqwziaggpcbgdowmssiasmi/Build/Products/Debug-iphonesimulator/React-Fabric/React_Fabric.framework/Headers/react/renderer/imagemanager/platform/ios\"\ \"/Users/antoniogrillo-balen/Library/Developer/Xcode/DerivedData/risebysolis-gzfsziqwziaggpcbgdowmssiasmi/Build/Products/Debug-iphonesimulator/ReactCodegen/ReactCodegen.framework/Headers\"\ \"/Users/antoniogrillo-balen/Library/Developer/Xcode/DerivedData/risebysolis-gzfsziqwziaggpcbgdowmssiasmi/Build/Products/Debug-iphonesimulator/ReactCodegen/ReactCodegen.framework/Headers/build/generated/ios\"\ \"/Users/antoniogrillo-balen/Desktop/Projects/RiseBuild/ios/Pods/RCT-Folly\"\ \"/Users/antoniogrillo-balen/Desktop/Projects/RiseBuild/ios/Pods/DoubleConversion\"\ \"/Users/antoniogrillo-balen/Desktop/Projects/RiseBuild/ios/Pods/fast_float/include\"\ \"/Users/antoniogrillo-balen/Desktop/Projects/RiseBuild/ios/Pods/fmt/include\"\ \"/Users/antoniogrillo-balen/Desktop/Projects/RiseBuild/ios/Pods/boost\"\ \"/Users/antoniogrillo-balen/Library/Developer/Xcode/DerivedData/risebysolis-gzfsziqwziaggpcbgdowmssiasmi/Build/Products/Debug-iphonesimulator/ReactCodegen/ReactCodegen.framework/Headers\"\ \"/Users/antoniogrillo-balen/Library/Developer/Xcode/DerivedData/risebysolis-gzfsziqwziaggpcbgdowmssiasmi/Build/Products/Debug-iphonesimulator/ReactCommon/ReactCommon.framework/Headers\"\ \"/Users/antoniogrillo-balen/Library/Developer/Xcode/DerivedData/risebysolis-gzfsziqwziaggpcbgdowmssiasmi/Build/Products/Debug-iphonesimulator/ReactCommon/ReactCommon.framework/Headers/react/nativemodule/core\"
    export HOME\=/Users/antoniogrillo-balen
    export HOST_ARCH\=arm64
    export HOST_PLATFORM\=macosx
    export ICONV\=/usr/bin/iconv
    export IMPLICIT_DEPENDENCY_DOMAIN\=default
    export INDEX_STORE_COMPRESS\=NO
    export INDEX_STORE_ONLY_PROJECT_FILES\=NO
    export INFOPLIST_ENABLE_CFBUNDLEICONS_MERGE\=YES
    export INFOPLIST_EXPAND_BUILD_SETTINGS\=YES
    export INFOPLIST_FILE\=Target\ Support\ Files/React-FabricComponents/React-FabricComponents-Info.plist
    export INFOPLIST_OUTPUT_FORMAT\=binary
    export INFOPLIST_PATH\=React_FabricComponents.framework/Info.plist
    export INFOPLIST_PREPROCESS\=NO
    export INFOSTRINGS_PATH\=React_FabricComponents.framework/en.lproj/InfoPlist.strings
    export INLINE_PRIVATE_FRAMEWORKS\=NO
    export INSTALLAPI_IGNORE_SKIP_INSTALL\=YES
    export INSTALLHDRS_COPY_PHASE\=NO
    export INSTALLHDRS_SCRIPT_PHASE\=NO
    export INSTALL_DIR\=/tmp/Pods.dst/Library/Frameworks
    export INSTALL_GROUP\=staff
    export INSTALL_MODE_FLAG\=u+w,go-w,a+rX
    export INSTALL_OWNER\=antoniogrillo-balen
    export INSTALL_PATH\=/Library/Frameworks
    export INSTALL_ROOT\=/tmp/Pods.dst
    export IPHONEOS_DEPLOYMENT_TARGET\=15.1
    export IS_UNOPTIMIZED_BUILD\=YES
    export JAVAC_DEFAULT_FLAGS\=-J-Xms64m\ -J-XX:NewSize\=4M\ -J-Dfile.encoding\=UTF8
    export JAVA_APP_STUB\=/System/Library/Frameworks/JavaVM.framework/Resources/MacOS/JavaApplicationStub
    export JAVA_ARCHIVE_CLASSES\=YES
    export JAVA_ARCHIVE_TYPE\=JAR
    export JAVA_COMPILER\=/usr/bin/javac
    export JAVA_FOLDER_PATH\=React_FabricComponents.framework/Java
    export JAVA_FRAMEWORK_RESOURCES_DIRS\=Resources
    export JAVA_JAR_FLAGS\=cv
    export JAVA_SOURCE_SUBDIR\=.
    export JAVA_USE_DEPENDENCIES\=YES
    export JAVA_ZIP_FLAGS\=-urg
    export JIKES_DEFAULT_FLAGS\=+E\ +OLDCSO
    export KEEP_PRIVATE_EXTERNS\=NO
    export LD_DEPENDENCY_INFO_FILE\=/Users/antoniogrillo-balen/Library/Developer/Xcode/DerivedData/risebysolis-gzfsziqwziaggpcbgdowmssiasmi/Build/Intermediates.noindex/Pods.build/Debug-iphonesimulator/React-FabricComponents.build/Objects-normal/undefined_arch/React_FabricComponents_dependency_info.dat
    export LD_DYLIB_INSTALL_NAME\=@rpath/React_FabricComponents.framework/React_FabricComponents
    export LD_EXPORT_SYMBOLS\=YES
    export LD_GENERATE_MAP_FILE\=NO
    export LD_MAP_FILE_PATH\=/Users/antoniogrillo-balen/Library/Developer/Xcode/DerivedData/risebysolis-gzfsziqwziaggpcbgdowmssiasmi/Build/Intermediates.noindex/Pods.build/Debug-iphonesimulator/React-FabricComponents.build/React_FabricComponents-LinkMap-normal-undefined_arch.txt
    export LD_NO_PIE\=NO
    export LD_QUOTE_LINKER_ARGUMENTS_FOR_COMPILER_DRIVER\=YES
    export LD_RUNPATH_SEARCH_PATHS\=\ @executable_path/Frameworks\ @loader_path/Frameworks
    export LD_SHARED_CACHE_ELIGIBLE\=Automatic
    export LD_WARN_DUPLICATE_LIBRARIES\=NO
    export LD_WARN_UNUSED_DYLIBS\=NO
    export LEGACY_DEVELOPER_DIR\=/Applications/Xcode.app/Contents/PlugIns/Xcode3Core.ideplugin/Contents/SharedSupport/Developer
    export LEX\=lex
    export LIBRARY_DEXT_INSTALL_PATH\=/Library/DriverExtensions
    export LIBRARY_FLAG_NOSPACE\=YES
    export LIBRARY_FLAG_PREFIX\=-l
    export LIBRARY_KEXT_INSTALL_PATH\=/Library/Extensions
    export LIBRARY_SEARCH_PATHS\=/Users/antoniogrillo-balen/Library/Developer/Xcode/DerivedData/risebysolis-gzfsziqwziaggpcbgdowmssiasmi/Build/Products/Debug-iphonesimulator/React-FabricComponents\ 
    export LINKER_DISPLAYS_MANGLED_NAMES\=NO
    export LINK_FILE_LIST_normal_arm64\=/Users/antoniogrillo-balen/Library/Developer/Xcode/DerivedData/risebysolis-gzfsziqwziaggpcbgdowmssiasmi/Build/Intermediates.noindex/Pods.build/Debug-iphonesimulator/React-FabricComponents.build/Objects-normal/arm64/React_FabricComponents.LinkFileList
    export LINK_OBJC_RUNTIME\=YES
    export LINK_WITH_STANDARD_LIBRARIES\=YES
    export LLVM_TARGET_TRIPLE_OS_VERSION\=ios15.1
    export LLVM_TARGET_TRIPLE_SUFFIX\=-simulator
    export LLVM_TARGET_TRIPLE_VENDOR\=apple
    export LM_AUX_CONST_METADATA_LIST_PATH_normal_arm64\=/Users/antoniogrillo-balen/Library/Developer/Xcode/DerivedData/risebysolis-gzfsziqwziaggpcbgdowmssiasmi/Build/Intermediates.noindex/Pods.build/Debug-iphonesimulator/React-FabricComponents.build/Objects-normal/arm64/React_FabricComponents.SwiftConstValuesFileList
    export LOCALIZATION_EXPORT_SUPPORTED\=YES
    export LOCALIZATION_PREFERS_STRING_CATALOGS\=NO
    export LOCALIZED_RESOURCES_FOLDER_PATH\=React_FabricComponents.framework/en.lproj
    export LOCALIZED_STRING_CODE_COMMENTS\=NO
    export LOCALIZED_STRING_MACRO_NAMES\=NSLocalizedString\ CFCopyLocalizedString
    export LOCALIZED_STRING_SWIFTUI_SUPPORT\=YES
    export LOCAL_ADMIN_APPS_DIR\=/Applications/Utilities
    export LOCAL_APPS_DIR\=/Applications
    export LOCAL_DEVELOPER_DIR\=/Library/Developer
    export LOCAL_LIBRARY_DIR\=/Library
    export LOCROOT\=/Users/antoniogrillo-balen/Desktop/Projects/RiseBuild/ios/Pods
    export LOCSYMROOT\=/Users/antoniogrillo-balen/Desktop/Projects/RiseBuild/ios/Pods
    export MACH_O_TYPE\=staticlib
    export MAC_OS_X_PRODUCT_BUILD_VERSION\=25E253
    export MAC_OS_X_VERSION_ACTUAL\=260401
    export MAC_OS_X_VERSION_MAJOR\=260000
    export MAC_OS_X_VERSION_MINOR\=260400
    export MAKE_MERGEABLE\=NO
    export MERGEABLE_LIBRARY\=NO
    export MERGED_BINARY_TYPE\=none
    export MERGE_LINKED_LIBRARIES\=NO
    export METAL_LIBRARY_FILE_BASE\=default
    export METAL_LIBRARY_OUTPUT_DIR\=/Users/antoniogrillo-balen/Library/Developer/Xcode/DerivedData/risebysolis-gzfsziqwziaggpcbgdowmssiasmi/Build/Products/Debug-iphonesimulator/React-FabricComponents/React_FabricComponents.framework
    export MODULEMAP_FILE\=Target\ Support\ Files/React-FabricComponents/React-FabricComponents.modulemap
    export MODULES_FOLDER_PATH\=React_FabricComponents.framework/Modules
    export MODULE_CACHE_DIR\=/Users/antoniogrillo-balen/Library/Developer/Xcode/DerivedData/ModuleCache.noindex
    export MTL_ENABLE_DEBUG_INFO\=INCLUDE_SOURCE
    export MTL_FAST_MATH\=YES
    export NATIVE_ARCH\=arm64
    export NATIVE_ARCH_32_BIT\=arm
    export NATIVE_ARCH_64_BIT\=arm64
    export NATIVE_ARCH_ACTUAL\=arm64
    export NO_COMMON\=YES
    export OBJC_ABI_VERSION\=2
    export OBJECT_FILE_DIR\=/Users/antoniogrillo-balen/Library/Developer/Xcode/DerivedData/risebysolis-gzfsziqwziaggpcbgdowmssiasmi/Build/Intermediates.noindex/Pods.build/Debug-iphonesimulator/React-FabricComponents.build/Objects
    export OBJECT_FILE_DIR_normal\=/Users/antoniogrillo-balen/Library/Developer/Xcode/DerivedData/risebysolis-gzfsziqwziaggpcbgdowmssiasmi/Build/Intermediates.noindex/Pods.build/Debug-iphonesimulator/React-FabricComponents.build/Objects-normal
    export OBJROOT\=/Users/antoniogrillo-balen/Library/Developer/Xcode/DerivedData/risebysolis-gzfsziqwziaggpcbgdowmssiasmi/Build/Intermediates.noindex
    export ONLY_ACTIVE_ARCH\=YES
    export OS\=MACOS
    export OSAC\=/usr/bin/osacompile
    export OTHER_LDFLAGS\=\ \ 
    export PACKAGE_TYPE\=com.apple.package-type.wrapper.framework
    export PASCAL_STRINGS\=YES
    export PATH\=/Applications/Xcode.app/Contents/SharedFrameworks/SwiftBuild.framework/Versions/A/PlugIns/SWBBuildService.bundle/Contents/PlugIns/SWBUniversalPlatformPlugin.bundle/Contents/Frameworks/SWBUniversalPlatform.framework/Resources:/Applications/Xcode.app/Contents/Developer/Toolchains/XcodeDefault.xctoolchain/usr/bin:/Applications/Xcode.app/Contents/Developer/Toolchains/XcodeDefault.xctoolchain/usr/local/bin:/Applications/Xcode.app/Contents/Developer/Toolchains/XcodeDefault.xctoolchain/usr/libexec:/Applications/Xcode.app/Contents/Developer/Platforms/iPhoneSimulator.platform/usr/bin:/Applications/Xcode.app/Contents/Developer/Platforms/iPhoneSimulator.platform/usr/local/bin:/Applications/Xcode.app/Contents/Developer/Platforms/iPhoneSimulator.platform/Developer/usr/bin:/Applications/Xcode.app/Contents/Developer/Platforms/iPhoneSimulator.platform/Developer/usr/local/bin:/Applications/Xcode.app/Contents/Developer/usr/bin:/Applications/Xcode.app/Contents/Developer/usr/local/bin:/opt/homebrew/opt/ruby/bin:/opt/homebrew/lib/ruby/gems/4.0.0/bin:/opt/homebrew/bin:/opt/homebrew/sbin:/Users/antoniogrillo-balen/.nvm/versions/node/v24.14.1/bin:/Library/Frameworks/Python.framework/Versions/3.14/bin:/usr/local/bin:/System/Cryptexes/App/usr/bin:/usr/bin:/bin:/usr/sbin:/sbin:/var/run/com.apple.security.cryptexd/codex.system/bootstrap/usr/local/bin:/var/run/com.apple.security.cryptexd/codex.system/bootstrap/usr/bin:/var/run/com.apple.security.cryptexd/codex.system/bootstrap/usr/appleinternal/bin:/opt/pkg/env/active/bin:/opt/pmk/env/global/bin:/Library/Apple/usr/bin:/Applications/VMware\ Fusion.app/Contents/Public:/Users/antoniogrillo-balen/.cargo/bin:/Users/antoniogrillo-balen/.cache/plugins/.install-staging/25283474a0e0d4a060cb0e915c1ec54e3d41ef2e/cursor/repo/bin:/Users/antoniogrillo-balen/.claude/plugins/cache/claude-plugins-official/superpowers/5.1.0/bin:/Users/antoniogrillo-balen/.claude/plugins/cache/claude-plugins-official/frontend-design/unknown/bin:/Users/antoniogrillo-balen/.claude/plugins/cache/claude-plugins-official/code-simplifier/1.0.0/bin:/Users/antoniogrillo-balen/.claude/plugins/cache/claude-plugins-official/security-guidance/unknown/bin:/Users/antoniogrillo-balen/.claude/plugins/cache/thedotmack/claude-mem/12.1.1/bin
    export PATH_PREFIXES_EXCLUDED_FROM_HEADER_DEPENDENCIES\=/usr/include\ /usr/local/include\ /System/Library/Frameworks\ /System/Library/PrivateFrameworks\ /Applications/Xcode.app/Contents/Developer/Headers\ /Applications/Xcode.app/Contents/Developer/SDKs\ /Applications/Xcode.app/Contents/Developer/Platforms
    export PBDEVELOPMENTPLIST_PATH\=React_FabricComponents.framework/pbdevelopment.plist
    export PER_ARCH_MODULE_FILE_DIR\=/Users/antoniogrillo-balen/Library/Developer/Xcode/DerivedData/risebysolis-gzfsziqwziaggpcbgdowmssiasmi/Build/Intermediates.noindex/Pods.build/Debug-iphonesimulator/React-FabricComponents.build/Objects-normal/undefined_arch
    export PER_ARCH_OBJECT_FILE_DIR\=/Users/antoniogrillo-balen/Library/Developer/Xcode/DerivedData/risebysolis-gzfsziqwziaggpcbgdowmssiasmi/Build/Intermediates.noindex/Pods.build/Debug-iphonesimulator/React-FabricComponents.build/Objects-normal/undefined_arch
    export PER_VARIANT_OBJECT_FILE_DIR\=/Users/antoniogrillo-balen/Library/Developer/Xcode/DerivedData/risebysolis-gzfsziqwziaggpcbgdowmssiasmi/Build/Intermediates.noindex/Pods.build/Debug-iphonesimulator/React-FabricComponents.build/Objects-normal
    export PKGINFO_FILE_PATH\=/Users/antoniogrillo-balen/Library/Developer/Xcode/DerivedData/risebysolis-gzfsziqwziaggpcbgdowmssiasmi/Build/Intermediates.noindex/Pods.build/Debug-iphonesimulator/React-FabricComponents.build/PkgInfo
    export PKGINFO_PATH\=React_FabricComponents.framework/PkgInfo
    export PLATFORM_DEVELOPER_APPLICATIONS_DIR\=/Applications/Xcode.app/Contents/Developer/Platforms/iPhoneSimulator.platform/Developer/Applications
    export PLATFORM_DEVELOPER_BIN_DIR\=/Applications/Xcode.app/Contents/Developer/Platforms/iPhoneSimulator.platform/Developer/usr/bin
    export PLATFORM_DEVELOPER_LIBRARY_DIR\=/Applications/Xcode.app/Contents/Developer/Platforms/iPhoneSimulator.platform/Developer/Library
    export PLATFORM_DEVELOPER_SDK_DIR\=/Applications/Xcode.app/Contents/Developer/Platforms/iPhoneSimulator.platform/Developer/SDKs
    export PLATFORM_DEVELOPER_TOOLS_DIR\=/Applications/Xcode.app/Contents/Developer/Platforms/iPhoneSimulator.platform/Developer/Tools
    export PLATFORM_DEVELOPER_USR_DIR\=/Applications/Xcode.app/Contents/Developer/Platforms/iPhoneSimulator.platform/Developer/usr
    export PLATFORM_DIR\=/Applications/Xcode.app/Contents/Developer/Platforms/iPhoneSimulator.platform
    export PLATFORM_DISPLAY_NAME\=iOS\ Simulator
    export PLATFORM_FAMILY_NAME\=iOS
    export PLATFORM_NAME\=iphonesimulator
    export PLATFORM_PREFERRED_ARCH\=x86_64
    export PLATFORM_PRODUCT_BUILD_VERSION\=23F73
    export PLATFORM_REQUIRES_SWIFT_AUTOLINK_EXTRACT\=NO
    export PLATFORM_REQUIRES_SWIFT_MODULEWRAP\=NO
    export PLATFORM_USES_DSYMS\=YES
    export PLIST_FILE_OUTPUT_FORMAT\=binary
    export PLUGINS_FOLDER_PATH\=React_FabricComponents.framework/PlugIns
    export PODS_BUILD_DIR\=/Users/antoniogrillo-balen/Library/Developer/Xcode/DerivedData/risebysolis-gzfsziqwziaggpcbgdowmssiasmi/Build/Products
    export PODS_CONFIGURATION_BUILD_DIR\=/Users/antoniogrillo-balen/Library/Developer/Xcode/DerivedData/risebysolis-gzfsziqwziaggpcbgdowmssiasmi/Build/Products/Debug-iphonesimulator
    export PODS_DEVELOPMENT_LANGUAGE\=en
    export PODS_ROOT\=/Users/antoniogrillo-balen/Desktop/Projects/RiseBuild/ios/Pods
    export PODS_TARGET_SRCROOT\=/Users/antoniogrillo-balen/Desktop/Projects/RiseBuild/ios/Pods/../../node_modules/react-native/ReactCommon
    export PODS_XCFRAMEWORKS_BUILD_DIR\=/Users/antoniogrillo-balen/Library/Developer/Xcode/DerivedData/risebysolis-gzfsziqwziaggpcbgdowmssiasmi/Build/Products/Debug-iphonesimulator/XCFrameworkIntermediates
    export PRECOMPS_INCLUDE_HEADERS_FROM_BUILT_PRODUCTS_DIR\=YES
    export PRECOMP_DESTINATION_DIR\=/Users/antoniogrillo-balen/Library/Developer/Xcode/DerivedData/risebysolis-gzfsziqwziaggpcbgdowmssiasmi/Build/Intermediates.noindex/Pods.build/Debug-iphonesimulator/React-FabricComponents.build/PrefixHeaders
    export PRIVATE_HEADERS_FOLDER_PATH\=React_FabricComponents.framework/PrivateHeaders
    export PROCESSED_INFOPLIST_PATH\=/Users/antoniogrillo-balen/Library/Developer/Xcode/DerivedData/risebysolis-gzfsziqwziaggpcbgdowmssiasmi/Build/Intermediates.noindex/Pods.build/Debug-iphonesimulator/React-FabricComponents.build/Objects-normal/undefined_arch/Processed-Info.plist
    export PRODUCT_BUNDLE_IDENTIFIER\=org.cocoapods.React-FabricComponents
    export PRODUCT_BUNDLE_PACKAGE_TYPE\=FMWK
    export PRODUCT_MODULE_NAME\=React_FabricComponents
    export PRODUCT_NAME\=React_FabricComponents
    export PRODUCT_SETTINGS_PATH\=/Users/antoniogrillo-balen/Desktop/Projects/RiseBuild/ios/Pods/Target\ Support\ Files/React-FabricComponents/React-FabricComponents-Info.plist
    export PRODUCT_TYPE\=com.apple.product-type.framework
    export PROFILING_CODE\=NO
    export PROJECT\=Pods
    export PROJECT_DERIVED_FILE_DIR\=/Users/antoniogrillo-balen/Library/Developer/Xcode/DerivedData/risebysolis-gzfsziqwziaggpcbgdowmssiasmi/Build/Intermediates.noindex/Pods.build/DerivedSources
    export PROJECT_DIR\=/Users/antoniogrillo-balen/Desktop/Projects/RiseBuild/ios/Pods
    export PROJECT_FILE_PATH\=/Users/antoniogrillo-balen/Desktop/Projects/RiseBuild/ios/Pods/Pods.xcodeproj
    export PROJECT_GUID\=8699adb1dd336b26511df848a716bd42
    export PROJECT_NAME\=Pods
    export PROJECT_TEMP_DIR\=/Users/antoniogrillo-balen/Library/Developer/Xcode/DerivedData/risebysolis-gzfsziqwziaggpcbgdowmssiasmi/Build/Intermediates.noindex/Pods.build
    export PROJECT_TEMP_ROOT\=/Users/antoniogrillo-balen/Library/Developer/Xcode/DerivedData/risebysolis-gzfsziqwziaggpcbgdowmssiasmi/Build/Intermediates.noindex
    export PUBLIC_HEADERS_FOLDER_PATH\=React_FabricComponents.framework/Headers
    export REACT_NATIVE_PATH\=/Users/antoniogrillo-balen/Desktop/Projects/RiseBuild/ios/Pods/../../node_modules/react-native
    export RECOMMENDED_IPHONEOS_DEPLOYMENT_TARGET\=15.0
    export RECURSIVE_SEARCH_PATHS_FOLLOW_SYMLINKS\=YES
    export REMOVE_CVS_FROM_RESOURCES\=YES
    export REMOVE_GIT_FROM_RESOURCES\=YES
    export REMOVE_HEADERS_FROM_EMBEDDED_BUNDLES\=YES
    export REMOVE_HG_FROM_RESOURCES\=YES
    export REMOVE_STATIC_EXECUTABLES_FROM_EMBEDDED_BUNDLES\=YES
    export REMOVE_SVN_FROM_RESOURCES\=YES
    export RESCHEDULE_INDEPENDENT_HEADERS_PHASES\=YES
    export REZ_COLLECTOR_DIR\=/Users/antoniogrillo-balen/Library/Developer/Xcode/DerivedData/risebysolis-gzfsziqwziaggpcbgdowmssiasmi/Build/Intermediates.noindex/Pods.build/Debug-iphonesimulator/React-FabricComponents.build/ResourceManagerResources
    export REZ_OBJECTS_DIR\=/Users/antoniogrillo-balen/Library/Developer/Xcode/DerivedData/risebysolis-gzfsziqwziaggpcbgdowmssiasmi/Build/Intermediates.noindex/Pods.build/Debug-iphonesimulator/React-FabricComponents.build/ResourceManagerResources/Objects
    export REZ_SEARCH_PATHS\=/Users/antoniogrillo-balen/Library/Developer/Xcode/DerivedData/risebysolis-gzfsziqwziaggpcbgdowmssiasmi/Build/Products/Debug-iphonesimulator/React-FabricComponents\ 
    export RPATH_ORIGIN\=@loader_path
    export RUNTIME_EXCEPTION_ALLOW_DYLD_ENVIRONMENT_VARIABLES\=NO
    export RUNTIME_EXCEPTION_ALLOW_JIT\=NO
    export RUNTIME_EXCEPTION_ALLOW_UNSIGNED_EXECUTABLE_MEMORY\=NO
    export RUNTIME_EXCEPTION_DEBUGGING_TOOL\=NO
    export RUNTIME_EXCEPTION_DISABLE_EXECUTABLE_PAGE_PROTECTION\=NO
    export RUNTIME_EXCEPTION_DISABLE_LIBRARY_VALIDATION\=NO
    export SCANNING_PCM_KEEP_CACHE_DIRECTORY\=YES
    export SCAN_ALL_SOURCE_FILES_FOR_INCLUDES\=NO
    export SCRIPTS_FOLDER_PATH\=React_FabricComponents.framework/Scripts
    export SCRIPT_INPUT_FILE_COUNT\=0
    export SCRIPT_INPUT_FILE_LIST_COUNT\=0
    export SCRIPT_OUTPUT_FILE_COUNT\=0
    export SCRIPT_OUTPUT_FILE_LIST_COUNT\=0
    export SDKROOT\=/Applications/Xcode.app/Contents/Developer/Platforms/iPhoneSimulator.platform/Developer/SDKs/iPhoneSimulator26.5.sdk
    export SDK_DIR\=/Applications/Xcode.app/Contents/Developer/Platforms/iPhoneSimulator.platform/Developer/SDKs/iPhoneSimulator26.5.sdk
    export SDK_DIR_iphonesimulator\=/Applications/Xcode.app/Contents/Developer/Platforms/iPhoneSimulator.platform/Developer/SDKs/iPhoneSimulator26.5.sdk
    export SDK_DIR_iphonesimulator26_5\=/Applications/Xcode.app/Contents/Developer/Platforms/iPhoneSimulator.platform/Developer/SDKs/iPhoneSimulator26.5.sdk
    export SDK_NAME\=iphonesimulator26.5
    export SDK_NAMES\=iphonesimulator26.5
    export SDK_PRODUCT_BUILD_VERSION\=23F73
    export SDK_STAT_CACHE_DIR\=/Users/antoniogrillo-balen/Library/Developer/Xcode/DerivedData
    export SDK_STAT_CACHE_ENABLE\=YES
    export SDK_STAT_CACHE_PATH\=/Users/antoniogrillo-balen/Library/Developer/Xcode/DerivedData/SDKStatCaches.noindex/iphonesimulator26.5-23F73-6cfe768891a92b912361537c460fe42b.sdkstatcache
    export SDK_VERSION\=26.5
    export SDK_VERSION_ACTUAL\=260500
    export SDK_VERSION_MAJOR\=260000
    export SDK_VERSION_MINOR\=260500
    export SED\=/usr/bin/sed
    export SEPARATE_STRIP\=NO
    export SEPARATE_SYMBOL_EDIT\=NO
    export SET_DIR_MODE_OWNER_GROUP\=YES
    export SET_FILE_MODE_OWNER_GROUP\=NO
    export SHALLOW_BUNDLE\=YES
    export SHALLOW_BUNDLE_TRIPLE\=ios-simulator
    export SHALLOW_BUNDLE_ios_macabi\=NO
    export SHALLOW_BUNDLE_macos\=NO
    export SHARED_DERIVED_FILE_DIR\=/Users/antoniogrillo-balen/Library/Developer/Xcode/DerivedData/risebysolis-gzfsziqwziaggpcbgdowmssiasmi/Build/Products/Debug-iphonesimulator/React-FabricComponents/DerivedSources
    export SHARED_FRAMEWORKS_FOLDER_PATH\=React_FabricComponents.framework/SharedFrameworks
    export SHARED_PRECOMPS_DIR\=/Users/antoniogrillo-balen/Library/Developer/Xcode/DerivedData/risebysolis-gzfsziqwziaggpcbgdowmssiasmi/Build/Intermediates.noindex/PrecompiledHeaders
    export SHARED_SUPPORT_FOLDER_PATH\=React_FabricComponents.framework
    export SKIP_INSTALL\=YES
    export SKIP_MERGEABLE_LIBRARY_BUNDLE_HOOK\=NO
    export SOURCE_ROOT\=/Users/antoniogrillo-balen/Desktop/Projects/RiseBuild/ios/Pods
    export SRCROOT\=/Users/antoniogrillo-balen/Desktop/Projects/RiseBuild/ios/Pods
    export STRINGSDATA_DIR\=/Users/antoniogrillo-balen/Library/Developer/Xcode/DerivedData/risebysolis-gzfsziqwziaggpcbgdowmssiasmi/Build/Intermediates.noindex/Pods.build/Debug-iphonesimulator/React-FabricComponents.build/Objects-normal/undefined_arch
    export STRINGSDATA_ROOT\=/Users/antoniogrillo-balen/Library/Developer/Xcode/DerivedData/risebysolis-gzfsziqwziaggpcbgdowmssiasmi/Build/Intermediates.noindex/Pods.build/Debug-iphonesimulator/React-FabricComponents.build
    export STRINGS_FILE_INFOPLIST_RENAME\=YES
    export STRINGS_FILE_OUTPUT_ENCODING\=binary
    export STRING_CATALOG_GENERATE_SYMBOLS\=NO
    export STRIP_BITCODE_FROM_COPIED_FILES\=NO
    export STRIP_INSTALLED_PRODUCT\=NO
    export STRIP_STYLE\=debugging
    export STRIP_SWIFT_SYMBOLS\=YES
    export SUPPORTED_DEVICE_FAMILIES\=1,2
    export SUPPORTED_PLATFORMS\=iphoneos\ iphonesimulator
    export SUPPORTS_TEXT_BASED_API\=NO
    export SUPPRESS_WARNINGS\=NO
    export SWIFT_ACTIVE_COMPILATION_CONDITIONS\=\ DEBUG\ 
    export SWIFT_EMIT_CONST_VALUE_PROTOCOLS\=AnyResolverProviding\ AppEntity\ AppEnum\ AppExtension\ AppIntent\ AppIntentsPackage\ AppShortcutProviding\ AppShortcutsProvider\ AppUnionValue\ AppUnionValueCasesProviding\ DynamicOptionsProvider\ EntityQuery\ ExtensionPointDefining\ IntentValueQuery\ Resolver\ TransientEntity\ _AssistantIntentsProvider\ _GenerativeFunctionExtractable\ _IntentValueRepresentable
    export SWIFT_EMIT_LOC_STRINGS\=NO
    export SWIFT_ENABLE_EXPLICIT_MODULES\=YES
    export SWIFT_INSTALL_MODULE_FOR_DEPLOYMENT\=YES
    export SWIFT_INSTALL_OBJC_HEADER\=YES
    export SWIFT_OPTIMIZATION_LEVEL\=-Onone
    export SWIFT_PLATFORM_TARGET_PREFIX\=ios
    export SWIFT_RESPONSE_FILE_PATH_normal_arm64\=/Users/antoniogrillo-balen/Library/Developer/Xcode/DerivedData/risebysolis-gzfsziqwziaggpcbgdowmssiasmi/Build/Intermediates.noindex/Pods.build/Debug-iphonesimulator/React-FabricComponents.build/Objects-normal/arm64/React_FabricComponents.SwiftFileList
    export SWIFT_VERSION\=5.0
    export SYMROOT\=/Users/antoniogrillo-balen/Library/Developer/Xcode/DerivedData/risebysolis-gzfsziqwziaggpcbgdowmssiasmi/Build/Products
    export SYSTEM_ADMIN_APPS_DIR\=/Applications/Utilities
    export SYSTEM_APPS_DIR\=/Applications
    export SYSTEM_CORE_SERVICES_DIR\=/System/Library/CoreServices
    export SYSTEM_DEMOS_DIR\=/Applications/Extras
    export SYSTEM_DEVELOPER_APPS_DIR\=/Applications/Xcode.app/Contents/Developer/Applications
    export SYSTEM_DEVELOPER_BIN_DIR\=/Applications/Xcode.app/Contents/Developer/usr/bin
    export SYSTEM_DEVELOPER_DEMOS_DIR\=/Applications/Xcode.app/Contents/Developer/Applications/Utilities/Built\ Examples
    export SYSTEM_DEVELOPER_DIR\=/Applications/Xcode.app/Contents/Developer
    export SYSTEM_DEVELOPER_DOC_DIR\=/Applications/Xcode.app/Contents/Developer/ADC\ Reference\ Library
    export SYSTEM_DEVELOPER_GRAPHICS_TOOLS_DIR\=/Applications/Xcode.app/Contents/Developer/Applications/Graphics\ Tools
    export SYSTEM_DEVELOPER_JAVA_TOOLS_DIR\=/Applications/Xcode.app/Contents/Developer/Applications/Java\ Tools
    export SYSTEM_DEVELOPER_PERFORMANCE_TOOLS_DIR\=/Applications/Xcode.app/Contents/Developer/Applications/Performance\ Tools
    export SYSTEM_DEVELOPER_RELEASENOTES_DIR\=/Applications/Xcode.app/Contents/Developer/ADC\ Reference\ Library/releasenotes
    export SYSTEM_DEVELOPER_TOOLS\=/Applications/Xcode.app/Contents/Developer/Tools
    export SYSTEM_DEVELOPER_TOOLS_DOC_DIR\=/Applications/Xcode.app/Contents/Developer/ADC\ Reference\ Library/documentation/DeveloperTools
    export SYSTEM_DEVELOPER_TOOLS_RELEASENOTES_DIR\=/Applications/Xcode.app/Contents/Developer/ADC\ Reference\ Library/releasenotes/DeveloperTools
    export SYSTEM_DEVELOPER_USR_DIR\=/Applications/Xcode.app/Contents/Developer/usr
    export SYSTEM_DEVELOPER_UTILITIES_DIR\=/Applications/Xcode.app/Contents/Developer/Applications/Utilities
    export SYSTEM_DEXT_INSTALL_PATH\=/System/Library/DriverExtensions
    export SYSTEM_DOCUMENTATION_DIR\=/Library/Documentation
    export SYSTEM_EXTENSIONS_FOLDER_PATH\=React_FabricComponents.framework/SystemExtensions
    export SYSTEM_EXTENSIONS_FOLDER_PATH_SHALLOW_BUNDLE_NO\=React_FabricComponents.framework/Library/SystemExtensions
    export SYSTEM_EXTENSIONS_FOLDER_PATH_SHALLOW_BUNDLE_YES\=React_FabricComponents.framework/SystemExtensions
    export SYSTEM_KEXT_INSTALL_PATH\=/System/Library/Extensions
    export SYSTEM_LIBRARY_DIR\=/System/Library
    export TAPI_DEMANGLE\=YES
    export TAPI_ENABLE_PROJECT_HEADERS\=NO
    export TAPI_LANGUAGE\=objective-c
    export TAPI_LANGUAGE_STANDARD\=compiler-default
    export TAPI_USE_SRCROOT\=YES
    export TAPI_VERIFY_MODE\=Pedantic
    export TARGETED_DEVICE_FAMILY\=1,2
    export TARGETNAME\=React-FabricComponents
    export TARGET_BUILD_DIR\=/Users/antoniogrillo-balen/Library/Developer/Xcode/DerivedData/risebysolis-gzfsziqwziaggpcbgdowmssiasmi/Build/Products/Debug-iphonesimulator/React-FabricComponents
    export TARGET_DEVICE_IDENTIFIER\=0C333F8A-4681-4475-855E-6FFD70F12533
    export TARGET_DEVICE_MODEL\=iPhone16,2
    export TARGET_DEVICE_OS_VERSION\=26.4.1
    export TARGET_DEVICE_PLATFORM_NAME\=iphonesimulator
    export TARGET_NAME\=React-FabricComponents
    export TARGET_TEMP_DIR\=/Users/antoniogrillo-balen/Library/Developer/Xcode/DerivedData/risebysolis-gzfsziqwziaggpcbgdowmssiasmi/Build/Intermediates.noindex/Pods.build/Debug-iphonesimulator/React-FabricComponents.build
    export TEMP_DIR\=/Users/antoniogrillo-balen/Library/Developer/Xcode/DerivedData/risebysolis-gzfsziqwziaggpcbgdowmssiasmi/Build/Intermediates.noindex/Pods.build/Debug-iphonesimulator/React-FabricComponents.build
    export TEMP_FILES_DIR\=/Users/antoniogrillo-balen/Library/Developer/Xcode/DerivedData/risebysolis-gzfsziqwziaggpcbgdowmssiasmi/Build/Intermediates.noindex/Pods.build/Debug-iphonesimulator/React-FabricComponents.build
    export TEMP_FILE_DIR\=/Users/antoniogrillo-balen/Library/Developer/Xcode/DerivedData/risebysolis-gzfsziqwziaggpcbgdowmssiasmi/Build/Intermediates.noindex/Pods.build/Debug-iphonesimulator/React-FabricComponents.build
    export TEMP_ROOT\=/Users/antoniogrillo-balen/Library/Developer/Xcode/DerivedData/risebysolis-gzfsziqwziaggpcbgdowmssiasmi/Build/Intermediates.noindex
    export TEMP_SANDBOX_DIR\=/Users/antoniogrillo-balen/Library/Developer/Xcode/DerivedData/risebysolis-gzfsziqwziaggpcbgdowmssiasmi/Build/Intermediates.noindex/TemporaryTaskSandboxes
    export TEST_FRAMEWORK_SEARCH_PATHS\=\ /Applications/Xcode.app/Contents/Developer/Platforms/iPhoneSimulator.platform/Developer/Library/Frameworks\ /Applications/Xcode.app/Contents/Developer/Platforms/iPhoneSimulator.platform/Developer/SDKs/iPhoneSimulator26.5.sdk/Developer/Library/Frameworks
    export TEST_LIBRARY_SEARCH_PATHS\=\ /Applications/Xcode.app/Contents/Developer/Platforms/iPhoneSimulator.platform/Developer/usr/lib
    export TOOLCHAINS\=com.apple.dt.toolchain.XcodeDefault
    export TOOLCHAIN_DIR\=/Applications/Xcode.app/Contents/Developer/Toolchains/XcodeDefault.xctoolchain
    export TREAT_MISSING_BASELINES_AS_TEST_FAILURES\=NO
    export TREAT_MISSING_SCRIPT_PHASE_OUTPUTS_AS_ERRORS\=NO
    export TeamIdentifierPrefix\=FAKETEAMID.
    export UID\=501
    export UNINSTALLED_PRODUCTS_DIR\=/Users/antoniogrillo-balen/Library/Developer/Xcode/DerivedData/risebysolis-gzfsziqwziaggpcbgdowmssiasmi/Build/Intermediates.noindex/UninstalledProducts
    export UNLOCALIZED_RESOURCES_FOLDER_PATH\=React_FabricComponents.framework
    export UNLOCALIZED_RESOURCES_FOLDER_PATH_SHALLOW_BUNDLE_NO\=React_FabricComponents.framework/Resources
    export UNLOCALIZED_RESOURCES_FOLDER_PATH_SHALLOW_BUNDLE_YES\=React_FabricComponents.framework
    export UNSTRIPPED_PRODUCT\=NO
    export USER\=antoniogrillo-balen
    export USER_APPS_DIR\=/Users/antoniogrillo-balen/Applications
    export USER_LIBRARY_DIR\=/Users/antoniogrillo-balen/Library
    export USE_DYNAMIC_NO_PIC\=YES
    export USE_HEADERMAP\=YES
    export USE_HEADER_SYMLINKS\=NO
    export USE_HERMES\=true
    export USE_RECURSIVE_SCRIPT_INPUTS_IN_SCRIPT_PHASES\=YES
    export VALIDATE_DEVELOPMENT_ASSET_PATHS\=YES_ERROR
    export VALIDATE_PRODUCT\=NO
    export VALID_ARCHS\=arm64\ x86_64
    export VERBOSE_PBXCP\=NO
    export VERSIONING_SYSTEM\=apple-generic
    export VERSIONPLIST_PATH\=React_FabricComponents.framework/version.plist
    export VERSIONS_FOLDER_PATH\=React_FabricComponents.framework
    export VERSIONS_FOLDER_PATH_SHALLOW_BUNDLE_NO\=React_FabricComponents.framework/Versions
    export VERSIONS_FOLDER_PATH_SHALLOW_BUNDLE_YES\=React_FabricComponents.framework
    export VERSION_INFO_BUILDER\=antoniogrillo-balen
    export VERSION_INFO_FILE\=React_FabricComponents_vers.c
    export VERSION_INFO_STRING\=\"@\(\#\)PROGRAM:React_FabricComponents\ \ PROJECT:Pods-1\"
    export WORKSPACE_DIR\=/Users/antoniogrillo-balen/Desktop/Projects/RiseBuild/ios
    export WRAPPER_EXTENSION\=framework
    export WRAPPER_NAME\=React_FabricComponents.framework
    export WRAPPER_SUFFIX\=.framework
    export WRAP_ASSET_PACKS_IN_SEPARATE_DIRECTORIES\=NO
    export XCODE_APP_SUPPORT_DIR\=/Applications/Xcode.app/Contents/Developer/Library/Xcode
    export XCODE_PRODUCT_BUILD_VERSION\=17F42
    export XCODE_VERSION_ACTUAL\=2650
    export XCODE_VERSION_MAJOR\=2600
    export XCODE_VERSION_MINOR\=2650
    export XPCSERVICES_FOLDER_PATH\=React_FabricComponents.framework/XPCServices
    export YACC\=yacc
    export _DISCOVER_COMMAND_LINE_LINKER_INPUTS\=YES
    export _DISCOVER_COMMAND_LINE_LINKER_INPUTS_INCLUDE_WL\=YES
    export _LD_MULTIARCH\=YES
    export _WRAPPER_CONTENTS_DIR_SHALLOW_BUNDLE_NO\=/Contents
    export _WRAPPER_PARENT_PATH_SHALLOW_BUNDLE_NO\=/..
    export _WRAPPER_RESOURCES_DIR_SHALLOW_BUNDLE_NO\=/Resources
    export __DIAGNOSE_DEPRECATED_ARCHS\=YES
    export __ORIGINAL_SDK_DEFINED_LLVM_TARGET_TRIPLE_SYS\=ios
    export arch\=undefined_arch
    export variant\=normal
    /bin/sh -c /Users/antoniogrillo-balen/Library/Developer/Xcode/DerivedData/risebysolis-gzfsziqwziaggpcbgdowmssiasmi/Build/Intermediates.noindex/Pods.build/Debug-iphonesimulator/React-FabricComponents.build/Script-46EB2E00027400.sh

warning: Run script build phase 'Create Symlinks to Header Folders' will be run during every build because it does not specify any outputs. To address this issue, either add output dependencies to the script phase, or configure it to run in every build by unchecking "Based on dependency analysis" in the script phase. (in target 'React-nativeconfig' from project 'Pods')
PhaseScriptExecution Create\ Symlinks\ to\ Header\ Folders /Users/antoniogrillo-balen/Library/Developer/Xcode/DerivedData/risebysolis-gzfsziqwziaggpcbgdowmssiasmi/Build/Intermediates.noindex/Pods.build/Debug-iphonesimulator/React-nativeconfig.build/Script-46EB2E0002C3F0.sh (in target 'React-nativeconfig' from project 'Pods')
    cd /Users/antoniogrillo-balen/Desktop/Projects/RiseBuild/ios/Pods
    export ACTION\=build
    export AD_HOC_CODE_SIGNING_ALLOWED\=YES
    export ALLOW_BUILD_REQUEST_OVERRIDES\=NO
    export ALLOW_TARGET_PLATFORM_SPECIALIZATION\=NO
    export ALTERNATE_GROUP\=staff
    export ALTERNATE_MODE\=u+w,go-w,a+rX
    export ALTERNATE_OWNER\=antoniogrillo-balen
    export ALTERNATIVE_DISTRIBUTION_WEB\=NO
    export ALWAYS_EMBED_SWIFT_STANDARD_LIBRARIES\=NO
    export ALWAYS_SEARCH_USER_PATHS\=NO
    export ALWAYS_USE_SEPARATE_HEADERMAPS\=NO
    export APPLICATION_EXTENSION_API_ONLY\=NO
    export APPLY_RULES_IN_COPY_FILES\=NO
    export APPLY_RULES_IN_COPY_HEADERS\=NO
    export APP_SHORTCUTS_ENABLE_FLEXIBLE_MATCHING\=YES
    export ARCHS\=arm64
    export ARCHS_BASE\=arm64
    export ARCHS_STANDARD\=arm64\ x86_64
    export ARCHS_STANDARD_32_64_BIT\=arm64\ x86_64
    export ARCHS_STANDARD_64_BIT\=arm64\ x86_64
    export ARCHS_STANDARD_INCLUDING_64_BIT\=arm64\ x86_64
    export ARCHS_UNIVERSAL_IPHONE_OS\=arm64\ x86_64
    export ASSETCATALOG_FILTER_FOR_DEVICE_MODEL\=iPhone16,2
    export ASSETCATALOG_FILTER_FOR_DEVICE_OS_VERSION\=26.4.1
    export ASSETCATALOG_FILTER_FOR_THINNING_DEVICE_CONFIGURATION\=iPhone16,2
    export AUTOMATICALLY_MERGE_DEPENDENCIES\=NO
    export AUTOMATION_APPLE_EVENTS\=NO
    export AVAILABLE_PLATFORMS\=android\ appletvos\ appletvsimulator\ driverkit\ freebsd\ iphoneos\ iphonesimulator\ linux\ macosx\ none\ openbsd\ qnx\ watchos\ watchsimulator\ webassembly\ xros\ xrsimulator
    export AppIdentifierPrefix\=FAKETEAMID.
    export BUILD_ACTIVE_RESOURCES_ONLY\=YES
    export BUILD_COMPONENTS\=headers\ build
    export BUILD_DIR\=/Users/antoniogrillo-balen/Library/Developer/Xcode/DerivedData/risebysolis-gzfsziqwziaggpcbgdowmssiasmi/Build/Products
    export BUILD_LIBRARY_FOR_DISTRIBUTION\=NO
    export BUILD_ONLY_KNOWN_LOCALIZATIONS\=NO
    export BUILD_ROOT\=/Users/antoniogrillo-balen/Library/Developer/Xcode/DerivedData/risebysolis-gzfsziqwziaggpcbgdowmssiasmi/Build/Products
    export BUILD_STYLE\=
    export BUILD_VARIANTS\=normal
    export BUILT_PRODUCTS_DIR\=/Users/antoniogrillo-balen/Library/Developer/Xcode/DerivedData/risebysolis-gzfsziqwziaggpcbgdowmssiasmi/Build/Products/Debug-iphonesimulator/React-nativeconfig
    export BUNDLE_CONTENTS_FOLDER_PATH_deep\=Contents/
    export BUNDLE_EXECUTABLE_FOLDER_NAME_deep\=MacOS
    export BUNDLE_EXTENSIONS_FOLDER_PATH\=Extensions
    export BUNDLE_FORMAT\=shallow
    export BUNDLE_FRAMEWORKS_FOLDER_PATH\=Frameworks
    export BUNDLE_PLUGINS_FOLDER_PATH\=PlugIns
    export BUNDLE_PRIVATE_HEADERS_FOLDER_PATH\=PrivateHeaders
    export BUNDLE_PUBLIC_HEADERS_FOLDER_PATH\=Headers
    export CACHE_ROOT\=/var/folders/2z/jtlqylkx0c709j3xb7b0g4cm0000gn/C/com.apple.DeveloperTools/26.5-17F42/Xcode
    export CCHROOT\=/var/folders/2z/jtlqylkx0c709j3xb7b0g4cm0000gn/C/com.apple.DeveloperTools/26.5-17F42/Xcode
    export CHMOD\=/bin/chmod
    export CHOWN\=chown
    export CLANG_ANALYZER_LOCALIZABILITY_NONLOCALIZED\=YES
    export CLANG_ANALYZER_NONNULL\=YES
    export CLANG_ANALYZER_NUMBER_OBJECT_CONVERSION\=YES_AGGRESSIVE
    export CLANG_CACHE_FINE_GRAINED_OUTPUTS\=YES
    export CLANG_CXX_LANGUAGE_STANDARD\=c++20
    export CLANG_CXX_LIBRARY\=libc++
    export CLANG_ENABLE_EXPLICIT_MODULES\=YES
    export CLANG_ENABLE_MODULES\=YES
    export CLANG_ENABLE_OBJC_ARC\=YES
    export CLANG_ENABLE_OBJC_WEAK\=NO
    export CLANG_MODULES_BUILD_SESSION_FILE\=/Users/antoniogrillo-balen/Library/Developer/Xcode/DerivedData/ModuleCache.noindex/Session.modulevalidation
    export CLANG_WARN_BLOCK_CAPTURE_AUTORELEASING\=YES
    export CLANG_WARN_BOOL_CONVERSION\=YES
    export CLANG_WARN_COMMA\=YES
    export CLANG_WARN_CONSTANT_CONVERSION\=YES
    export CLANG_WARN_DEPRECATED_OBJC_IMPLEMENTATIONS\=YES
    export CLANG_WARN_DIRECT_OBJC_ISA_USAGE\=YES_ERROR
    export CLANG_WARN_DOCUMENTATION_COMMENTS\=YES
    export CLANG_WARN_EMPTY_BODY\=YES
    export CLANG_WARN_ENUM_CONVERSION\=YES
    export CLANG_WARN_INFINITE_RECURSION\=YES
    export CLANG_WARN_INT_CONVERSION\=YES
    export CLANG_WARN_NON_LITERAL_NULL_CONVERSION\=YES
    export CLANG_WARN_OBJC_IMPLICIT_RETAIN_SELF\=YES
    export CLANG_WARN_OBJC_LITERAL_CONVERSION\=YES
    export CLANG_WARN_OBJC_ROOT_CLASS\=YES_ERROR
    export CLANG_WARN_QUOTED_INCLUDE_IN_FRAMEWORK_HEADER\=NO
    export CLANG_WARN_RANGE_LOOP_ANALYSIS\=YES
    export CLANG_WARN_STRICT_PROTOTYPES\=YES
    export CLANG_WARN_SUSPICIOUS_MOVE\=YES
    export CLANG_WARN_UNGUARDED_AVAILABILITY\=YES_AGGRESSIVE
    export CLANG_WARN_UNREACHABLE_CODE\=YES
    export CLANG_WARN__DUPLICATE_METHOD_MATCH\=YES
    export CLASS_FILE_DIR\=/Users/antoniogrillo-balen/Library/Developer/Xcode/DerivedData/risebysolis-gzfsziqwziaggpcbgdowmssiasmi/Build/Intermediates.noindex/Pods.build/Debug-iphonesimulator/React-nativeconfig.build/JavaClasses
    export CLEAN_PRECOMPS\=YES
    export CLONE_HEADERS\=NO
    export CODESIGNING_FOLDER_PATH\=/Users/antoniogrillo-balen/Library/Developer/Xcode/DerivedData/risebysolis-gzfsziqwziaggpcbgdowmssiasmi/Build/Products/Debug-iphonesimulator/React-nativeconfig/React_nativeconfig.framework
    export CODE_SIGNING_ALLOWED\=YES
    export CODE_SIGNING_REQUIRED\=NO
    export CODE_SIGNING_REQUIRES_TEAM\=YES
    export CODE_SIGN_CONTEXT_CLASS\=XCiPhoneSimulatorCodeSignContext
    export CODE_SIGN_IDENTITY\=-
    export CODE_SIGN_INJECT_BASE_ENTITLEMENTS\=YES
    export COLOR_DIAGNOSTICS\=NO
    export COMBINE_HIDPI_IMAGES\=NO
    export COMPILATION_CACHE_CAS_PATH\=/Users/antoniogrillo-balen/Library/Developer/Xcode/DerivedData/CompilationCache.noindex
    export COMPILATION_CACHE_KEEP_CAS_DIRECTORY\=YES
    export COMPILER_INDEX_STORE_ENABLE\=Default
    export COMPOSITE_SDK_DIRS\=/Users/antoniogrillo-balen/Library/Developer/Xcode/DerivedData/risebysolis-gzfsziqwziaggpcbgdowmssiasmi/Build/Intermediates.noindex/CompositeSDKs
    export COMPRESS_PNG_FILES\=YES
    export CONFIGURATION\=Debug
    export CONFIGURATION_BUILD_DIR\=/Users/antoniogrillo-balen/Library/Developer/Xcode/DerivedData/risebysolis-gzfsziqwziaggpcbgdowmssiasmi/Build/Products/Debug-iphonesimulator/React-nativeconfig
    export CONFIGURATION_TEMP_DIR\=/Users/antoniogrillo-balen/Library/Developer/Xcode/DerivedData/risebysolis-gzfsziqwziaggpcbgdowmssiasmi/Build/Intermediates.noindex/Pods.build/Debug-iphonesimulator
    export CONTENTS_FOLDER_PATH\=React_nativeconfig.framework
    export CONTENTS_FOLDER_PATH_SHALLOW_BUNDLE_NO\=React_nativeconfig.framework/A
    export CONTENTS_FOLDER_PATH_SHALLOW_BUNDLE_YES\=React_nativeconfig.framework
    export COPYING_PRESERVES_HFS_DATA\=NO
    export COPY_HEADERS_RUN_UNIFDEF\=NO
    export COPY_PHASE_STRIP\=NO
    export CORRESPONDING_DEVICE_PLATFORM_DIR\=/Applications/Xcode.app/Contents/Developer/Platforms/iPhoneOS.platform
    export CORRESPONDING_DEVICE_PLATFORM_NAME\=iphoneos
    export CORRESPONDING_DEVICE_SDK_DIR\=/Applications/Xcode.app/Contents/Developer/Platforms/iPhoneOS.platform/Developer/SDKs/iPhoneOS26.5.sdk
    export CORRESPONDING_DEVICE_SDK_NAME\=iphoneos26.5
    export CP\=/bin/cp
    export CREATE_INFOPLIST_SECTION_IN_BINARY\=NO
    export CURRENT_ARCH\=undefined_arch
    export CURRENT_PROJECT_VERSION\=1
    export CURRENT_VARIANT\=normal
    export CURRENT_VERSION\=Current
    export DEAD_CODE_STRIPPING\=YES
    export DEBUGGING_SYMBOLS\=YES
    export DEBUG_INFORMATION_FORMAT\=dwarf
    export DEBUG_INFORMATION_VERSION\=compiler-default
    export DEFAULT_COMPILER\=com.apple.compilers.llvm.clang.1_0
    export DEFAULT_DEXT_INSTALL_PATH\=/System/Library/DriverExtensions
    export DEFAULT_KEXT_INSTALL_PATH\=/System/Library/Extensions
    export DEFINES_MODULE\=YES
    export DEPLOYMENT_LOCATION\=NO
    export DEPLOYMENT_POSTPROCESSING\=NO
    export DEPLOYMENT_TARGET_SETTING_NAME\=IPHONEOS_DEPLOYMENT_TARGET
    export DEPLOYMENT_TARGET_SUGGESTED_VALUES\=12.0\ 12.1\ 12.2\ 12.3\ 12.4\ 13.0\ 13.1\ 13.2\ 13.3\ 13.4\ 13.5\ 13.6\ 14.0\ 14.1\ 14.2\ 14.3\ 14.4\ 14.5\ 14.6\ 14.7\ 15.0\ 15.1\ 15.2\ 15.3\ 15.4\ 15.5\ 15.6\ 16.0\ 16.1\ 16.2\ 16.3\ 16.4\ 16.5\ 16.6\ 17.0\ 17.1\ 17.2\ 17.3\ 17.4\ 17.5\ 17.6\ 18.0\ 18.1\ 18.2\ 18.3\ 18.4\ 18.5\ 18.6\ 26.0\ 26.2\ 26.3\ 26.4\ 26.5
    export DERIVED_FILES_DIR\=/Users/antoniogrillo-balen/Library/Developer/Xcode/DerivedData/risebysolis-gzfsziqwziaggpcbgdowmssiasmi/Build/Intermediates.noindex/Pods.build/Debug-iphonesimulator/React-nativeconfig.build/DerivedSources
    export DERIVED_FILE_DIR\=/Users/antoniogrillo-balen/Library/Developer/Xcode/DerivedData/risebysolis-gzfsziqwziaggpcbgdowmssiasmi/Build/Intermediates.noindex/Pods.build/Debug-iphonesimulator/React-nativeconfig.build/DerivedSources
    export DERIVED_SOURCES_DIR\=/Users/antoniogrillo-balen/Library/Developer/Xcode/DerivedData/risebysolis-gzfsziqwziaggpcbgdowmssiasmi/Build/Intermediates.noindex/Pods.build/Debug-iphonesimulator/React-nativeconfig.build/DerivedSources
    export DEVELOPER_APPLICATIONS_DIR\=/Applications/Xcode.app/Contents/Developer/Applications
    export DEVELOPER_BIN_DIR\=/Applications/Xcode.app/Contents/Developer/usr/bin
    export DEVELOPER_DIR\=/Applications/Xcode.app/Contents/Developer
    export DEVELOPER_FRAMEWORKS_DIR\=/Applications/Xcode.app/Contents/Developer/Library/Frameworks
    export DEVELOPER_FRAMEWORKS_DIR_QUOTED\=/Applications/Xcode.app/Contents/Developer/Library/Frameworks
    export DEVELOPER_LIBRARY_DIR\=/Applications/Xcode.app/Contents/Developer/Library
    export DEVELOPER_SDK_DIR\=/Applications/Xcode.app/Contents/Developer/Platforms/MacOSX.platform/Developer/SDKs
    export DEVELOPER_TOOLS_DIR\=/Applications/Xcode.app/Contents/Developer/Tools
    export DEVELOPER_USR_DIR\=/Applications/Xcode.app/Contents/Developer/usr
    export DEVELOPMENT_LANGUAGE\=en
    export DIAGNOSE_MISSING_TARGET_DEPENDENCIES\=YES
    export DIFF\=/usr/bin/diff
    export DOCUMENTATION_FOLDER_PATH\=React_nativeconfig.framework/en.lproj/Documentation
    export DONT_GENERATE_INFOPLIST_FILE\=NO
    export DSTROOT\=/tmp/Pods.dst
    export DT_TOOLCHAIN_DIR\=/Applications/Xcode.app/Contents/Developer/Toolchains/XcodeDefault.xctoolchain
    export DUMP_DEPENDENCIES\=NO
    export DUMP_DEPENDENCIES_OUTPUT_PATH\=/Users/antoniogrillo-balen/Library/Developer/Xcode/DerivedData/risebysolis-gzfsziqwziaggpcbgdowmssiasmi/Build/Intermediates.noindex/Pods.build/Debug-iphonesimulator/React-nativeconfig.build/React-nativeconfig-BuildDependencyInfo.json
    export DWARF_DSYM_FILE_NAME\=React_nativeconfig.framework.dSYM
    export DWARF_DSYM_FILE_SHOULD_ACCOMPANY_PRODUCT\=NO
    export DWARF_DSYM_FOLDER_PATH\=/Users/antoniogrillo-balen/Library/Developer/Xcode/DerivedData/risebysolis-gzfsziqwziaggpcbgdowmssiasmi/Build/Products/Debug-iphonesimulator/React-nativeconfig
    export DYLIB_COMPATIBILITY_VERSION\=1
    export DYLIB_CURRENT_VERSION\=1
    export DYLIB_INSTALL_NAME_BASE\=@rpath
    export DYNAMIC_LIBRARY_EXTENSION\=dylib
    export EAGER_COMPILATION_ALLOW_SCRIPTS\=NO
    export EAGER_LINKING\=NO
    export EFFECTIVE_PLATFORM_NAME\=-iphonesimulator
    export EFFECTIVE_SWIFT_VERSION\=5
    export EMBEDDED_CONTENT_CONTAINS_SWIFT\=NO
    export EMBED_ASSET_PACKS_IN_PRODUCT_BUNDLE\=NO
    export ENABLE_APP_SANDBOX\=NO
    export ENABLE_CODE_COVERAGE\=YES
    export ENABLE_COHORT_ARCHS\=NO
    export ENABLE_CPLUSPLUS_BOUNDS_SAFE_BUFFERS\=NO
    export ENABLE_C_BOUNDS_SAFETY\=NO
    export ENABLE_DEFAULT_HEADER_SEARCH_PATHS\=YES
    export ENABLE_DEFAULT_SEARCH_PATHS\=YES
    export ENABLE_ENHANCED_SECURITY\=NO
    export ENABLE_HARDENED_RUNTIME\=NO
    export ENABLE_HEADER_DEPENDENCIES\=YES
    export ENABLE_INCOMING_NETWORK_CONNECTIONS\=NO
    export ENABLE_MODULE_VERIFIER\=NO
    export ENABLE_ON_DEMAND_RESOURCES\=NO
    export ENABLE_OUTGOING_NETWORK_CONNECTIONS\=NO
    export ENABLE_POINTER_AUTHENTICATION\=NO
    export ENABLE_PREVIEWS\=NO
    export ENABLE_RESOURCE_ACCESS_AUDIO_INPUT\=NO
    export ENABLE_RESOURCE_ACCESS_BLUETOOTH\=NO
    export ENABLE_RESOURCE_ACCESS_CALENDARS\=NO
    export ENABLE_RESOURCE_ACCESS_CAMERA\=NO
    export ENABLE_RESOURCE_ACCESS_CONTACTS\=NO
    export ENABLE_RESOURCE_ACCESS_LOCATION\=NO
    export ENABLE_RESOURCE_ACCESS_PHOTO_LIBRARY\=NO
    export ENABLE_RESOURCE_ACCESS_PRINTING\=NO
    export ENABLE_RESOURCE_ACCESS_USB\=NO
    export ENABLE_SDK_IMPORTS\=NO
    export ENABLE_SECURITY_COMPILER_WARNINGS\=NO
    export ENABLE_STRICT_OBJC_MSGSEND\=YES
    export ENABLE_TESTABILITY\=YES
    export ENABLE_TESTING_SEARCH_PATHS\=NO
    export ENABLE_USER_SCRIPT_SANDBOXING\=NO
    export ENABLE_XOJIT_PREVIEWS\=YES
    export ENFORCE_VALID_ARCHS\=YES
    export ENTITLEMENTS_DESTINATION\=__entitlements
    export ENTITLEMENTS_REQUIRED\=NO
    export EXCLUDED_INSTALLSRC_SUBDIRECTORY_PATTERNS\=.DS_Store\ .svn\ .git\ .hg\ CVS
    export EXCLUDED_RECURSIVE_SEARCH_PATH_SUBDIRECTORIES\=\*.nib\ \*.lproj\ \*.framework\ \*.gch\ \*.xcode\*\ \*.xcassets\ \*.icon\ \(\*\)\ .DS_Store\ CVS\ .svn\ .git\ .hg\ \*.pbproj\ \*.pbxproj
    export EXECUTABLES_FOLDER_PATH\=React_nativeconfig.framework/en.lproj
    export EXECUTABLE_FOLDER_PATH\=React_nativeconfig.framework
    export EXECUTABLE_FOLDER_PATH_SHALLOW_BUNDLE_NO\=React_nativeconfig.framework
    export EXECUTABLE_FOLDER_PATH_SHALLOW_BUNDLE_YES\=React_nativeconfig.framework
    export EXECUTABLE_NAME\=React_nativeconfig
    export EXECUTABLE_PATH\=React_nativeconfig.framework/React_nativeconfig
    export EXPANDED_CODE_SIGN_IDENTITY\=-
    export EXPANDED_CODE_SIGN_IDENTITY_NAME\=Sign\ to\ Run\ Locally
    export EXTENSIONS_FOLDER_PATH\=React_nativeconfig.framework/Extensions
    export FILE_LIST\=/Users/antoniogrillo-balen/Library/Developer/Xcode/DerivedData/risebysolis-gzfsziqwziaggpcbgdowmssiasmi/Build/Intermediates.noindex/Pods.build/Debug-iphonesimulator/React-nativeconfig.build/Objects/LinkFileList
    export FIXED_FILES_DIR\=/Users/antoniogrillo-balen/Library/Developer/Xcode/DerivedData/risebysolis-gzfsziqwziaggpcbgdowmssiasmi/Build/Intermediates.noindex/Pods.build/Debug-iphonesimulator/React-nativeconfig.build/FixedFiles
    export FRAMEWORKS_FOLDER_PATH\=React_nativeconfig.framework/Frameworks
    export FRAMEWORK_FLAG_PREFIX\=-framework
    export FRAMEWORK_SEARCH_PATHS\=/Users/antoniogrillo-balen/Library/Developer/Xcode/DerivedData/risebysolis-gzfsziqwziaggpcbgdowmssiasmi/Build/Products/Debug-iphonesimulator/React-nativeconfig\ 
    export FRAMEWORK_VERSION\=A
    export FULL_PRODUCT_NAME\=React_nativeconfig.framework
    export FUSE_BUILD_PHASES\=YES
    export FUSE_BUILD_SCRIPT_PHASES\=NO
    export GCC3_VERSION\=3.3
    export GCC_C_LANGUAGE_STANDARD\=gnu11
    export GCC_DYNAMIC_NO_PIC\=NO
    export GCC_INLINES_ARE_PRIVATE_EXTERN\=YES
    export GCC_NO_COMMON_BLOCKS\=YES
    export GCC_OBJC_LEGACY_DISPATCH\=YES
    export GCC_OPTIMIZATION_LEVEL\=0
    export GCC_PFE_FILE_C_DIALECTS\=c\ objective-c\ c++\ objective-c++
    export GCC_PREFIX_HEADER\=Target\ Support\ Files/React-nativeconfig/React-nativeconfig-prefix.pch
    export GCC_PREPROCESSOR_DEFINITIONS\=POD_CONFIGURATION_DEBUG\=1\ DEBUG\=1\ \ COCOAPODS\=1
    export GCC_TREAT_WARNINGS_AS_ERRORS\=NO
    export GCC_VERSION\=com.apple.compilers.llvm.clang.1_0
    export GCC_VERSION_IDENTIFIER\=com_apple_compilers_llvm_clang_1_0
    export GCC_WARN_64_TO_32_BIT_CONVERSION\=YES
    export GCC_WARN_ABOUT_RETURN_TYPE\=YES_ERROR
    export GCC_WARN_UNDECLARED_SELECTOR\=YES
    export GCC_WARN_UNINITIALIZED_AUTOS\=YES_AGGRESSIVE
    export GCC_WARN_UNUSED_FUNCTION\=YES
    export GCC_WARN_UNUSED_VARIABLE\=YES
    export GENERATED_MODULEMAP_DIR\=/Users/antoniogrillo-balen/Library/Developer/Xcode/DerivedData/risebysolis-gzfsziqwziaggpcbgdowmssiasmi/Build/Intermediates.noindex/GeneratedModuleMaps-iphonesimulator
    export GENERATE_INFOPLIST_FILE\=NO
    export GENERATE_INTERMEDIATE_TEXT_BASED_STUBS\=YES
    export GENERATE_PKGINFO_FILE\=NO
    export GENERATE_PRELINK_OBJECT_FILE\=NO
    export GENERATE_PROFILING_CODE\=NO
    export GENERATE_TEXT_BASED_STUBS\=NO
    export GID\=20
    export GROUP\=staff
    export HEADERMAP_INCLUDES_FLAT_ENTRIES_FOR_TARGET_BEING_BUILT\=YES
    export HEADERMAP_INCLUDES_FRAMEWORK_ENTRIES_FOR_ALL_PRODUCT_TYPES\=YES
    export HEADERMAP_INCLUDES_FRAMEWORK_ENTRIES_FOR_TARGETS_NOT_BEING_BUILT\=YES
    export HEADERMAP_INCLUDES_NONPUBLIC_NONPRIVATE_HEADERS\=YES
    export HEADERMAP_INCLUDES_PROJECT_HEADERS\=YES
    export HEADERMAP_USES_FRAMEWORK_PREFIX_ENTRIES\=YES
    export HEADERMAP_USES_VFS\=YES
    export HEADER_SEARCH_PATHS\=/Users/antoniogrillo-balen/Library/Developer/Xcode/DerivedData/risebysolis-gzfsziqwziaggpcbgdowmssiasmi/Build/Products/Debug-iphonesimulator/React-nativeconfig/include\ \ /Users/antoniogrillo-balen/Library/Developer/Xcode/DerivedData/risebysolis-gzfsziqwziaggpcbgdowmssiasmi/Build/Products/Debug-iphonesimulator/ReactCommon/ReactCommon.framework/Headers\ /Users/antoniogrillo-balen/Library/Developer/Xcode/DerivedData/risebysolis-gzfsziqwziaggpcbgdowmssiasmi/Build/Products/Debug-iphonesimulator/ReactCommon/ReactCommon.framework/Headers/react/nativemodule/core\ /Users/antoniogrillo-balen/Library/Developer/Xcode/DerivedData/risebysolis-gzfsziqwziaggpcbgdowmssiasmi/Build/Products/Debug-iphonesimulator/ReactCommon-Samples/ReactCommon_Samples.framework/Headers\ /Users/antoniogrillo-balen/Library/Developer/Xcode/DerivedData/risebysolis-gzfsziqwziaggpcbgdowmssiasmi/Build/Products/Debug-iphonesimulator/ReactCommon-Samples/ReactCommon_Samples.framework/Headers/platform/ios\ /Users/antoniogrillo-balen/Library/Developer/Xcode/DerivedData/risebysolis-gzfsziqwziaggpcbgdowmssiasmi/Build/Products/Debug-iphonesimulator/React-Fabric/React_Fabric.framework/Headers/react/renderer/components/view/platform/cxx\ /Users/antoniogrillo-balen/Library/Developer/Xcode/DerivedData/risebysolis-gzfsziqwziaggpcbgdowmssiasmi/Build/Products/Debug-iphonesimulator/React-NativeModulesApple/React_NativeModulesApple.framework/Headers\ /Users/antoniogrillo-balen/Library/Developer/Xcode/DerivedData/risebysolis-gzfsziqwziaggpcbgdowmssiasmi/Build/Products/Debug-iphonesimulator/React-graphics/React_graphics.framework/Headers\ /Users/antoniogrillo-balen/Library/Developer/Xcode/DerivedData/risebysolis-gzfsziqwziaggpcbgdowmssiasmi/Build/Products/Debug-iphonesimulator/React-graphics/React_graphics.framework/Headers/react/renderer/graphics/platform/ios
    export HOME\=/Users/antoniogrillo-balen
    export HOST_ARCH\=arm64
    export HOST_PLATFORM\=macosx
    export ICONV\=/usr/bin/iconv
    export IMPLICIT_DEPENDENCY_DOMAIN\=default
    export INDEX_STORE_COMPRESS\=NO
    export INDEX_STORE_ONLY_PROJECT_FILES\=NO
    export INFOPLIST_ENABLE_CFBUNDLEICONS_MERGE\=YES
    export INFOPLIST_EXPAND_BUILD_SETTINGS\=YES
    export INFOPLIST_FILE\=Target\ Support\ Files/React-nativeconfig/React-nativeconfig-Info.plist
    export INFOPLIST_OUTPUT_FORMAT\=binary
    export INFOPLIST_PATH\=React_nativeconfig.framework/Info.plist
    export INFOPLIST_PREPROCESS\=NO
    export INFOSTRINGS_PATH\=React_nativeconfig.framework/en.lproj/InfoPlist.strings
    export INLINE_PRIVATE_FRAMEWORKS\=NO
    export INSTALLAPI_IGNORE_SKIP_INSTALL\=YES
    export INSTALLHDRS_COPY_PHASE\=NO
    export INSTALLHDRS_SCRIPT_PHASE\=NO
    export INSTALL_DIR\=/tmp/Pods.dst/Library/Frameworks
    export INSTALL_GROUP\=staff
    export INSTALL_MODE_FLAG\=u+w,go-w,a+rX
    export INSTALL_OWNER\=antoniogrillo-balen
    export INSTALL_PATH\=/Library/Frameworks
    export INSTALL_ROOT\=/tmp/Pods.dst
    export IPHONEOS_DEPLOYMENT_TARGET\=15.1
    export IS_UNOPTIMIZED_BUILD\=YES
    export JAVAC_DEFAULT_FLAGS\=-J-Xms64m\ -J-XX:NewSize\=4M\ -J-Dfile.encoding\=UTF8
    export JAVA_APP_STUB\=/System/Library/Frameworks/JavaVM.framework/Resources/MacOS/JavaApplicationStub
    export JAVA_ARCHIVE_CLASSES\=YES
    export JAVA_ARCHIVE_TYPE\=JAR
    export JAVA_COMPILER\=/usr/bin/javac
    export JAVA_FOLDER_PATH\=React_nativeconfig.framework/Java
    export JAVA_FRAMEWORK_RESOURCES_DIRS\=Resources
    export JAVA_JAR_FLAGS\=cv
    export JAVA_SOURCE_SUBDIR\=.
    export JAVA_USE_DEPENDENCIES\=YES
    export JAVA_ZIP_FLAGS\=-urg
    export JIKES_DEFAULT_FLAGS\=+E\ +OLDCSO
    export KEEP_PRIVATE_EXTERNS\=NO
    export LD_DEPENDENCY_INFO_FILE\=/Users/antoniogrillo-balen/Library/Developer/Xcode/DerivedData/risebysolis-gzfsziqwziaggpcbgdowmssiasmi/Build/Intermediates.noindex/Pods.build/Debug-iphonesimulator/React-nativeconfig.build/Objects-normal/undefined_arch/React_nativeconfig_dependency_info.dat
    export LD_DYLIB_INSTALL_NAME\=@rpath/React_nativeconfig.framework/React_nativeconfig
    export LD_EXPORT_SYMBOLS\=YES
    export LD_GENERATE_MAP_FILE\=NO
    export LD_MAP_FILE_PATH\=/Users/antoniogrillo-balen/Library/Developer/Xcode/DerivedData/risebysolis-gzfsziqwziaggpcbgdowmssiasmi/Build/Intermediates.noindex/Pods.build/Debug-iphonesimulator/React-nativeconfig.build/React_nativeconfig-LinkMap-normal-undefined_arch.txt
    export LD_NO_PIE\=NO
    export LD_QUOTE_LINKER_ARGUMENTS_FOR_COMPILER_DRIVER\=YES
    export LD_RUNPATH_SEARCH_PATHS\=\ @executable_path/Frameworks\ @loader_path/Frameworks
    export LD_SHARED_CACHE_ELIGIBLE\=Automatic
    export LD_WARN_DUPLICATE_LIBRARIES\=NO
    export LD_WARN_UNUSED_DYLIBS\=NO
    export LEGACY_DEVELOPER_DIR\=/Applications/Xcode.app/Contents/PlugIns/Xcode3Core.ideplugin/Contents/SharedSupport/Developer
    export LEX\=lex
    export LIBRARY_DEXT_INSTALL_PATH\=/Library/DriverExtensions
    export LIBRARY_FLAG_NOSPACE\=YES
    export LIBRARY_FLAG_PREFIX\=-l
    export LIBRARY_KEXT_INSTALL_PATH\=/Library/Extensions
    export LIBRARY_SEARCH_PATHS\=/Users/antoniogrillo-balen/Library/Developer/Xcode/DerivedData/risebysolis-gzfsziqwziaggpcbgdowmssiasmi/Build/Products/Debug-iphonesimulator/React-nativeconfig\ 
    export LINKER_DISPLAYS_MANGLED_NAMES\=NO
    export LINK_FILE_LIST_normal_arm64\=/Users/antoniogrillo-balen/Library/Developer/Xcode/DerivedData/risebysolis-gzfsziqwziaggpcbgdowmssiasmi/Build/Intermediates.noindex/Pods.build/Debug-iphonesimulator/React-nativeconfig.build/Objects-normal/arm64/React_nativeconfig.LinkFileList
    export LINK_OBJC_RUNTIME\=YES
    export LINK_WITH_STANDARD_LIBRARIES\=YES
    export LLVM_TARGET_TRIPLE_OS_VERSION\=ios15.1
    export LLVM_TARGET_TRIPLE_SUFFIX\=-simulator
    export LLVM_TARGET_TRIPLE_VENDOR\=apple
    export LM_AUX_CONST_METADATA_LIST_PATH_normal_arm64\=/Users/antoniogrillo-balen/Library/Developer/Xcode/DerivedData/risebysolis-gzfsziqwziaggpcbgdowmssiasmi/Build/Intermediates.noindex/Pods.build/Debug-iphonesimulator/React-nativeconfig.build/Objects-normal/arm64/React_nativeconfig.SwiftConstValuesFileList
    export LOCALIZATION_EXPORT_SUPPORTED\=YES
    export LOCALIZATION_PREFERS_STRING_CATALOGS\=NO
    export LOCALIZED_RESOURCES_FOLDER_PATH\=React_nativeconfig.framework/en.lproj
    export LOCALIZED_STRING_CODE_COMMENTS\=NO
    export LOCALIZED_STRING_MACRO_NAMES\=NSLocalizedString\ CFCopyLocalizedString
    export LOCALIZED_STRING_SWIFTUI_SUPPORT\=YES
    export LOCAL_ADMIN_APPS_DIR\=/Applications/Utilities
    export LOCAL_APPS_DIR\=/Applications
    export LOCAL_DEVELOPER_DIR\=/Library/Developer
    export LOCAL_LIBRARY_DIR\=/Library
    export LOCROOT\=/Users/antoniogrillo-balen/Desktop/Projects/RiseBuild/ios/Pods
    export LOCSYMROOT\=/Users/antoniogrillo-balen/Desktop/Projects/RiseBuild/ios/Pods
    export MACH_O_TYPE\=staticlib
    export MAC_OS_X_PRODUCT_BUILD_VERSION\=25E253
    export MAC_OS_X_VERSION_ACTUAL\=260401
    export MAC_OS_X_VERSION_MAJOR\=260000
    export MAC_OS_X_VERSION_MINOR\=260400
    export MAKE_MERGEABLE\=NO
    export MERGEABLE_LIBRARY\=NO
    export MERGED_BINARY_TYPE\=none
    export MERGE_LINKED_LIBRARIES\=NO
    export METAL_LIBRARY_FILE_BASE\=default
    export METAL_LIBRARY_OUTPUT_DIR\=/Users/antoniogrillo-balen/Library/Developer/Xcode/DerivedData/risebysolis-gzfsziqwziaggpcbgdowmssiasmi/Build/Products/Debug-iphonesimulator/React-nativeconfig/React_nativeconfig.framework
    export MODULEMAP_FILE\=Target\ Support\ Files/React-nativeconfig/React-nativeconfig.modulemap
    export MODULES_FOLDER_PATH\=React_nativeconfig.framework/Modules
    export MODULE_CACHE_DIR\=/Users/antoniogrillo-balen/Library/Developer/Xcode/DerivedData/ModuleCache.noindex
    export MTL_ENABLE_DEBUG_INFO\=INCLUDE_SOURCE
    export MTL_FAST_MATH\=YES
    export NATIVE_ARCH\=arm64
    export NATIVE_ARCH_32_BIT\=arm
    export NATIVE_ARCH_64_BIT\=arm64
    export NATIVE_ARCH_ACTUAL\=arm64
    export NO_COMMON\=YES
    export OBJC_ABI_VERSION\=2
    export OBJECT_FILE_DIR\=/Users/antoniogrillo-balen/Library/Developer/Xcode/DerivedData/risebysolis-gzfsziqwziaggpcbgdowmssiasmi/Build/Intermediates.noindex/Pods.build/Debug-iphonesimulator/React-nativeconfig.build/Objects
    export OBJECT_FILE_DIR_normal\=/Users/antoniogrillo-balen/Library/Developer/Xcode/DerivedData/risebysolis-gzfsziqwziaggpcbgdowmssiasmi/Build/Intermediates.noindex/Pods.build/Debug-iphonesimulator/React-nativeconfig.build/Objects-normal
    export OBJROOT\=/Users/antoniogrillo-balen/Library/Developer/Xcode/DerivedData/risebysolis-gzfsziqwziaggpcbgdowmssiasmi/Build/Intermediates.noindex
    export ONLY_ACTIVE_ARCH\=YES
    export OS\=MACOS
    export OSAC\=/usr/bin/osacompile
    export OTHER_LDFLAGS\=\ \ 
    export PACKAGE_TYPE\=com.apple.package-type.wrapper.framework
    export PASCAL_STRINGS\=YES
    export PATH\=/Applications/Xcode.app/Contents/SharedFrameworks/SwiftBuild.framework/Versions/A/PlugIns/SWBBuildService.bundle/Contents/PlugIns/SWBUniversalPlatformPlugin.bundle/Contents/Frameworks/SWBUniversalPlatform.framework/Resources:/Applications/Xcode.app/Contents/Developer/Toolchains/XcodeDefault.xctoolchain/usr/bin:/Applications/Xcode.app/Contents/Developer/Toolchains/XcodeDefault.xctoolchain/usr/local/bin:/Applications/Xcode.app/Contents/Developer/Toolchains/XcodeDefault.xctoolchain/usr/libexec:/Applications/Xcode.app/Contents/Developer/Platforms/iPhoneSimulator.platform/usr/bin:/Applications/Xcode.app/Contents/Developer/Platforms/iPhoneSimulator.platform/usr/local/bin:/Applications/Xcode.app/Contents/Developer/Platforms/iPhoneSimulator.platform/Developer/usr/bin:/Applications/Xcode.app/Contents/Developer/Platforms/iPhoneSimulator.platform/Developer/usr/local/bin:/Applications/Xcode.app/Contents/Developer/usr/bin:/Applications/Xcode.app/Contents/Developer/usr/local/bin:/opt/homebrew/opt/ruby/bin:/opt/homebrew/lib/ruby/gems/4.0.0/bin:/opt/homebrew/bin:/opt/homebrew/sbin:/Users/antoniogrillo-balen/.nvm/versions/node/v24.14.1/bin:/Library/Frameworks/Python.framework/Versions/3.14/bin:/usr/local/bin:/System/Cryptexes/App/usr/bin:/usr/bin:/bin:/usr/sbin:/sbin:/var/run/com.apple.security.cryptexd/codex.system/bootstrap/usr/local/bin:/var/run/com.apple.security.cryptexd/codex.system/bootstrap/usr/bin:/var/run/com.apple.security.cryptexd/codex.system/bootstrap/usr/appleinternal/bin:/opt/pkg/env/active/bin:/opt/pmk/env/global/bin:/Library/Apple/usr/bin:/Applications/VMware\ Fusion.app/Contents/Public:/Users/antoniogrillo-balen/.cargo/bin:/Users/antoniogrillo-balen/.cache/plugins/.install-staging/25283474a0e0d4a060cb0e915c1ec54e3d41ef2e/cursor/repo/bin:/Users/antoniogrillo-balen/.claude/plugins/cache/claude-plugins-official/superpowers/5.1.0/bin:/Users/antoniogrillo-balen/.claude/plugins/cache/claude-plugins-official/frontend-design/unknown/bin:/Users/antoniogrillo-balen/.claude/plugins/cache/claude-plugins-official/code-simplifier/1.0.0/bin:/Users/antoniogrillo-balen/.claude/plugins/cache/claude-plugins-official/security-guidance/unknown/bin:/Users/antoniogrillo-balen/.claude/plugins/cache/thedotmack/claude-mem/12.1.1/bin
    export PATH_PREFIXES_EXCLUDED_FROM_HEADER_DEPENDENCIES\=/usr/include\ /usr/local/include\ /System/Library/Frameworks\ /System/Library/PrivateFrameworks\ /Applications/Xcode.app/Contents/Developer/Headers\ /Applications/Xcode.app/Contents/Developer/SDKs\ /Applications/Xcode.app/Contents/Developer/Platforms
    export PBDEVELOPMENTPLIST_PATH\=React_nativeconfig.framework/pbdevelopment.plist
    export PER_ARCH_MODULE_FILE_DIR\=/Users/antoniogrillo-balen/Library/Developer/Xcode/DerivedData/risebysolis-gzfsziqwziaggpcbgdowmssiasmi/Build/Intermediates.noindex/Pods.build/Debug-iphonesimulator/React-nativeconfig.build/Objects-normal/undefined_arch
    export PER_ARCH_OBJECT_FILE_DIR\=/Users/antoniogrillo-balen/Library/Developer/Xcode/DerivedData/risebysolis-gzfsziqwziaggpcbgdowmssiasmi/Build/Intermediates.noindex/Pods.build/Debug-iphonesimulator/React-nativeconfig.build/Objects-normal/undefined_arch
    export PER_VARIANT_OBJECT_FILE_DIR\=/Users/antoniogrillo-balen/Library/Developer/Xcode/DerivedData/risebysolis-gzfsziqwziaggpcbgdowmssiasmi/Build/Intermediates.noindex/Pods.build/Debug-iphonesimulator/React-nativeconfig.build/Objects-normal
    export PKGINFO_FILE_PATH\=/Users/antoniogrillo-balen/Library/Developer/Xcode/DerivedData/risebysolis-gzfsziqwziaggpcbgdowmssiasmi/Build/Intermediates.noindex/Pods.build/Debug-iphonesimulator/React-nativeconfig.build/PkgInfo
    export PKGINFO_PATH\=React_nativeconfig.framework/PkgInfo
    export PLATFORM_DEVELOPER_APPLICATIONS_DIR\=/Applications/Xcode.app/Contents/Developer/Platforms/iPhoneSimulator.platform/Developer/Applications
    export PLATFORM_DEVELOPER_BIN_DIR\=/Applications/Xcode.app/Contents/Developer/Platforms/iPhoneSimulator.platform/Developer/usr/bin
    export PLATFORM_DEVELOPER_LIBRARY_DIR\=/Applications/Xcode.app/Contents/Developer/Platforms/iPhoneSimulator.platform/Developer/Library
    export PLATFORM_DEVELOPER_SDK_DIR\=/Applications/Xcode.app/Contents/Developer/Platforms/iPhoneSimulator.platform/Developer/SDKs
    export PLATFORM_DEVELOPER_TOOLS_DIR\=/Applications/Xcode.app/Contents/Developer/Platforms/iPhoneSimulator.platform/Developer/Tools
    export PLATFORM_DEVELOPER_USR_DIR\=/Applications/Xcode.app/Contents/Developer/Platforms/iPhoneSimulator.platform/Developer/usr
    export PLATFORM_DIR\=/Applications/Xcode.app/Contents/Developer/Platforms/iPhoneSimulator.platform
    export PLATFORM_DISPLAY_NAME\=iOS\ Simulator
    export PLATFORM_FAMILY_NAME\=iOS
    export PLATFORM_NAME\=iphonesimulator
    export PLATFORM_PREFERRED_ARCH\=x86_64
    export PLATFORM_PRODUCT_BUILD_VERSION\=23F73
    export PLATFORM_REQUIRES_SWIFT_AUTOLINK_EXTRACT\=NO
    export PLATFORM_REQUIRES_SWIFT_MODULEWRAP\=NO
    export PLATFORM_USES_DSYMS\=YES
    export PLIST_FILE_OUTPUT_FORMAT\=binary
    export PLUGINS_FOLDER_PATH\=React_nativeconfig.framework/PlugIns
    export PODS_BUILD_DIR\=/Users/antoniogrillo-balen/Library/Developer/Xcode/DerivedData/risebysolis-gzfsziqwziaggpcbgdowmssiasmi/Build/Products
    export PODS_CONFIGURATION_BUILD_DIR\=/Users/antoniogrillo-balen/Library/Developer/Xcode/DerivedData/risebysolis-gzfsziqwziaggpcbgdowmssiasmi/Build/Products/Debug-iphonesimulator
    export PODS_DEVELOPMENT_LANGUAGE\=en
    export PODS_ROOT\=/Users/antoniogrillo-balen/Desktop/Projects/RiseBuild/ios/Pods
    export PODS_TARGET_SRCROOT\=/Users/antoniogrillo-balen/Desktop/Projects/RiseBuild/ios/Pods/../../node_modules/react-native/ReactCommon
    export PODS_XCFRAMEWORKS_BUILD_DIR\=/Users/antoniogrillo-balen/Library/Developer/Xcode/DerivedData/risebysolis-gzfsziqwziaggpcbgdowmssiasmi/Build/Products/Debug-iphonesimulator/XCFrameworkIntermediates
    export PRECOMPS_INCLUDE_HEADERS_FROM_BUILT_PRODUCTS_DIR\=YES
    export PRECOMP_DESTINATION_DIR\=/Users/antoniogrillo-balen/Library/Developer/Xcode/DerivedData/risebysolis-gzfsziqwziaggpcbgdowmssiasmi/Build/Intermediates.noindex/Pods.build/Debug-iphonesimulator/React-nativeconfig.build/PrefixHeaders
    export PRIVATE_HEADERS_FOLDER_PATH\=React_nativeconfig.framework/PrivateHeaders
    export PROCESSED_INFOPLIST_PATH\=/Users/antoniogrillo-balen/Library/Developer/Xcode/DerivedData/risebysolis-gzfsziqwziaggpcbgdowmssiasmi/Build/Intermediates.noindex/Pods.build/Debug-iphonesimulator/React-nativeconfig.build/Objects-normal/undefined_arch/Processed-Info.plist
    export PRODUCT_BUNDLE_IDENTIFIER\=org.cocoapods.React-nativeconfig
    export PRODUCT_BUNDLE_PACKAGE_TYPE\=FMWK
    export PRODUCT_MODULE_NAME\=React_nativeconfig
    export PRODUCT_NAME\=React_nativeconfig
    export PRODUCT_SETTINGS_PATH\=/Users/antoniogrillo-balen/Desktop/Projects/RiseBuild/ios/Pods/Target\ Support\ Files/React-nativeconfig/React-nativeconfig-Info.plist
    export PRODUCT_TYPE\=com.apple.product-type.framework
    export PROFILING_CODE\=NO
    export PROJECT\=Pods
    export PROJECT_DERIVED_FILE_DIR\=/Users/antoniogrillo-balen/Library/Developer/Xcode/DerivedData/risebysolis-gzfsziqwziaggpcbgdowmssiasmi/Build/Intermediates.noindex/Pods.build/DerivedSources
    export PROJECT_DIR\=/Users/antoniogrillo-balen/Desktop/Projects/RiseBuild/ios/Pods
    export PROJECT_FILE_PATH\=/Users/antoniogrillo-balen/Desktop/Projects/RiseBuild/ios/Pods/Pods.xcodeproj
    export PROJECT_GUID\=8699adb1dd336b26511df848a716bd42
    export PROJECT_NAME\=Pods
    export PROJECT_TEMP_DIR\=/Users/antoniogrillo-balen/Library/Developer/Xcode/DerivedData/risebysolis-gzfsziqwziaggpcbgdowmssiasmi/Build/Intermediates.noindex/Pods.build
    export PROJECT_TEMP_ROOT\=/Users/antoniogrillo-balen/Library/Developer/Xcode/DerivedData/risebysolis-gzfsziqwziaggpcbgdowmssiasmi/Build/Intermediates.noindex
    export PUBLIC_HEADERS_FOLDER_PATH\=React_nativeconfig.framework/Headers
    export REACT_NATIVE_PATH\=/Users/antoniogrillo-balen/Desktop/Projects/RiseBuild/ios/Pods/../../node_modules/react-native
    export RECOMMENDED_IPHONEOS_DEPLOYMENT_TARGET\=15.0
    export RECURSIVE_SEARCH_PATHS_FOLLOW_SYMLINKS\=YES
    export REMOVE_CVS_FROM_RESOURCES\=YES
    export REMOVE_GIT_FROM_RESOURCES\=YES
    export REMOVE_HEADERS_FROM_EMBEDDED_BUNDLES\=YES
    export REMOVE_HG_FROM_RESOURCES\=YES
    export REMOVE_STATIC_EXECUTABLES_FROM_EMBEDDED_BUNDLES\=YES
    export REMOVE_SVN_FROM_RESOURCES\=YES
    export RESCHEDULE_INDEPENDENT_HEADERS_PHASES\=YES
    export REZ_COLLECTOR_DIR\=/Users/antoniogrillo-balen/Library/Developer/Xcode/DerivedData/risebysolis-gzfsziqwziaggpcbgdowmssiasmi/Build/Intermediates.noindex/Pods.build/Debug-iphonesimulator/React-nativeconfig.build/ResourceManagerResources
    export REZ_OBJECTS_DIR\=/Users/antoniogrillo-balen/Library/Developer/Xcode/DerivedData/risebysolis-gzfsziqwziaggpcbgdowmssiasmi/Build/Intermediates.noindex/Pods.build/Debug-iphonesimulator/React-nativeconfig.build/ResourceManagerResources/Objects
    export REZ_SEARCH_PATHS\=/Users/antoniogrillo-balen/Library/Developer/Xcode/DerivedData/risebysolis-gzfsziqwziaggpcbgdowmssiasmi/Build/Products/Debug-iphonesimulator/React-nativeconfig\ 
    export RPATH_ORIGIN\=@loader_path
    export RUNTIME_EXCEPTION_ALLOW_DYLD_ENVIRONMENT_VARIABLES\=NO
    export RUNTIME_EXCEPTION_ALLOW_JIT\=NO
    export RUNTIME_EXCEPTION_ALLOW_UNSIGNED_EXECUTABLE_MEMORY\=NO
    export RUNTIME_EXCEPTION_DEBUGGING_TOOL\=NO
    export RUNTIME_EXCEPTION_DISABLE_EXECUTABLE_PAGE_PROTECTION\=NO
    export RUNTIME_EXCEPTION_DISABLE_LIBRARY_VALIDATION\=NO
    export SCANNING_PCM_KEEP_CACHE_DIRECTORY\=YES
    export SCAN_ALL_SOURCE_FILES_FOR_INCLUDES\=NO
    export SCRIPTS_FOLDER_PATH\=React_nativeconfig.framework/Scripts
    export SCRIPT_INPUT_FILE_COUNT\=0
    export SCRIPT_INPUT_FILE_LIST_COUNT\=0
    export SCRIPT_OUTPUT_FILE_COUNT\=0
    export SCRIPT_OUTPUT_FILE_LIST_COUNT\=0
    export SDKROOT\=/Applications/Xcode.app/Contents/Developer/Platforms/iPhoneSimulator.platform/Developer/SDKs/iPhoneSimulator26.5.sdk
    export SDK_DIR\=/Applications/Xcode.app/Contents/Developer/Platforms/iPhoneSimulator.platform/Developer/SDKs/iPhoneSimulator26.5.sdk
    export SDK_DIR_iphonesimulator\=/Applications/Xcode.app/Contents/Developer/Platforms/iPhoneSimulator.platform/Developer/SDKs/iPhoneSimulator26.5.sdk
    export SDK_DIR_iphonesimulator26_5\=/Applications/Xcode.app/Contents/Developer/Platforms/iPhoneSimulator.platform/Developer/SDKs/iPhoneSimulator26.5.sdk
    export SDK_NAME\=iphonesimulator26.5
    export SDK_NAMES\=iphonesimulator26.5
    export SDK_PRODUCT_BUILD_VERSION\=23F73
    export SDK_STAT_CACHE_DIR\=/Users/antoniogrillo-balen/Library/Developer/Xcode/DerivedData
    export SDK_STAT_CACHE_ENABLE\=YES
    export SDK_STAT_CACHE_PATH\=/Users/antoniogrillo-balen/Library/Developer/Xcode/DerivedData/SDKStatCaches.noindex/iphonesimulator26.5-23F73-6cfe768891a92b912361537c460fe42b.sdkstatcache
    export SDK_VERSION\=26.5
    export SDK_VERSION_ACTUAL\=260500
    export SDK_VERSION_MAJOR\=260000
    export SDK_VERSION_MINOR\=260500
    export SED\=/usr/bin/sed
    export SEPARATE_STRIP\=NO
    export SEPARATE_SYMBOL_EDIT\=NO
    export SET_DIR_MODE_OWNER_GROUP\=YES
    export SET_FILE_MODE_OWNER_GROUP\=NO
    export SHALLOW_BUNDLE\=YES
    export SHALLOW_BUNDLE_TRIPLE\=ios-simulator
    export SHALLOW_BUNDLE_ios_macabi\=NO
    export SHALLOW_BUNDLE_macos\=NO
    export SHARED_DERIVED_FILE_DIR\=/Users/antoniogrillo-balen/Library/Developer/Xcode/DerivedData/risebysolis-gzfsziqwziaggpcbgdowmssiasmi/Build/Products/Debug-iphonesimulator/React-nativeconfig/DerivedSources
    export SHARED_FRAMEWORKS_FOLDER_PATH\=React_nativeconfig.framework/SharedFrameworks
    export SHARED_PRECOMPS_DIR\=/Users/antoniogrillo-balen/Library/Developer/Xcode/DerivedData/risebysolis-gzfsziqwziaggpcbgdowmssiasmi/Build/Intermediates.noindex/PrecompiledHeaders
    export SHARED_SUPPORT_FOLDER_PATH\=React_nativeconfig.framework
    export SKIP_INSTALL\=YES
    export SKIP_MERGEABLE_LIBRARY_BUNDLE_HOOK\=NO
    export SOURCE_ROOT\=/Users/antoniogrillo-balen/Desktop/Projects/RiseBuild/ios/Pods
    export SRCROOT\=/Users/antoniogrillo-balen/Desktop/Projects/RiseBuild/ios/Pods
    export STRINGSDATA_DIR\=/Users/antoniogrillo-balen/Library/Developer/Xcode/DerivedData/risebysolis-gzfsziqwziaggpcbgdowmssiasmi/Build/Intermediates.noindex/Pods.build/Debug-iphonesimulator/React-nativeconfig.build/Objects-normal/undefined_arch
    export STRINGSDATA_ROOT\=/Users/antoniogrillo-balen/Library/Developer/Xcode/DerivedData/risebysolis-gzfsziqwziaggpcbgdowmssiasmi/Build/Intermediates.noindex/Pods.build/Debug-iphonesimulator/React-nativeconfig.build
    export STRINGS_FILE_INFOPLIST_RENAME\=YES
    export STRINGS_FILE_OUTPUT_ENCODING\=binary
    export STRING_CATALOG_GENERATE_SYMBOLS\=NO
    export STRIP_BITCODE_FROM_COPIED_FILES\=NO
    export STRIP_INSTALLED_PRODUCT\=NO
    export STRIP_STYLE\=debugging
    export STRIP_SWIFT_SYMBOLS\=YES
    export SUPPORTED_DEVICE_FAMILIES\=1,2
    export SUPPORTED_PLATFORMS\=iphoneos\ iphonesimulator
    export SUPPORTS_TEXT_BASED_API\=NO
    export SUPPRESS_WARNINGS\=NO
    export SWIFT_ACTIVE_COMPILATION_CONDITIONS\=\ DEBUG\ 
    export SWIFT_EMIT_CONST_VALUE_PROTOCOLS\=AnyResolverProviding\ AppEntity\ AppEnum\ AppExtension\ AppIntent\ AppIntentsPackage\ AppShortcutProviding\ AppShortcutsProvider\ AppUnionValue\ AppUnionValueCasesProviding\ DynamicOptionsProvider\ EntityQuery\ ExtensionPointDefining\ IntentValueQuery\ Resolver\ TransientEntity\ _AssistantIntentsProvider\ _GenerativeFunctionExtractable\ _IntentValueRepresentable
    export SWIFT_EMIT_LOC_STRINGS\=NO
    export SWIFT_ENABLE_EXPLICIT_MODULES\=YES
    export SWIFT_INSTALL_MODULE_FOR_DEPLOYMENT\=YES
    export SWIFT_INSTALL_OBJC_HEADER\=YES
    export SWIFT_OPTIMIZATION_LEVEL\=-Onone
    export SWIFT_PLATFORM_TARGET_PREFIX\=ios
    export SWIFT_RESPONSE_FILE_PATH_normal_arm64\=/Users/antoniogrillo-balen/Library/Developer/Xcode/DerivedData/risebysolis-gzfsziqwziaggpcbgdowmssiasmi/Build/Intermediates.noindex/Pods.build/Debug-iphonesimulator/React-nativeconfig.build/Objects-normal/arm64/React_nativeconfig.SwiftFileList
    export SWIFT_VERSION\=5.0
    export SYMROOT\=/Users/antoniogrillo-balen/Library/Developer/Xcode/DerivedData/risebysolis-gzfsziqwziaggpcbgdowmssiasmi/Build/Products
    export SYSTEM_ADMIN_APPS_DIR\=/Applications/Utilities
    export SYSTEM_APPS_DIR\=/Applications
    export SYSTEM_CORE_SERVICES_DIR\=/System/Library/CoreServices
    export SYSTEM_DEMOS_DIR\=/Applications/Extras
    export SYSTEM_DEVELOPER_APPS_DIR\=/Applications/Xcode.app/Contents/Developer/Applications
    export SYSTEM_DEVELOPER_BIN_DIR\=/Applications/Xcode.app/Contents/Developer/usr/bin
    export SYSTEM_DEVELOPER_DEMOS_DIR\=/Applications/Xcode.app/Contents/Developer/Applications/Utilities/Built\ Examples
    export SYSTEM_DEVELOPER_DIR\=/Applications/Xcode.app/Contents/Developer
    export SYSTEM_DEVELOPER_DOC_DIR\=/Applications/Xcode.app/Contents/Developer/ADC\ Reference\ Library
    export SYSTEM_DEVELOPER_GRAPHICS_TOOLS_DIR\=/Applications/Xcode.app/Contents/Developer/Applications/Graphics\ Tools
    export SYSTEM_DEVELOPER_JAVA_TOOLS_DIR\=/Applications/Xcode.app/Contents/Developer/Applications/Java\ Tools
    export SYSTEM_DEVELOPER_PERFORMANCE_TOOLS_DIR\=/Applications/Xcode.app/Contents/Developer/Applications/Performance\ Tools
    export SYSTEM_DEVELOPER_RELEASENOTES_DIR\=/Applications/Xcode.app/Contents/Developer/ADC\ Reference\ Library/releasenotes
    export SYSTEM_DEVELOPER_TOOLS\=/Applications/Xcode.app/Contents/Developer/Tools
    export SYSTEM_DEVELOPER_TOOLS_DOC_DIR\=/Applications/Xcode.app/Contents/Developer/ADC\ Reference\ Library/documentation/DeveloperTools
    export SYSTEM_DEVELOPER_TOOLS_RELEASENOTES_DIR\=/Applications/Xcode.app/Contents/Developer/ADC\ Reference\ Library/releasenotes/DeveloperTools
    export SYSTEM_DEVELOPER_USR_DIR\=/Applications/Xcode.app/Contents/Developer/usr
    export SYSTEM_DEVELOPER_UTILITIES_DIR\=/Applications/Xcode.app/Contents/Developer/Applications/Utilities
    export SYSTEM_DEXT_INSTALL_PATH\=/System/Library/DriverExtensions
    export SYSTEM_DOCUMENTATION_DIR\=/Library/Documentation
    export SYSTEM_EXTENSIONS_FOLDER_PATH\=React_nativeconfig.framework/SystemExtensions
    export SYSTEM_EXTENSIONS_FOLDER_PATH_SHALLOW_BUNDLE_NO\=React_nativeconfig.framework/Library/SystemExtensions
    export SYSTEM_EXTENSIONS_FOLDER_PATH_SHALLOW_BUNDLE_YES\=React_nativeconfig.framework/SystemExtensions
    export SYSTEM_KEXT_INSTALL_PATH\=/System/Library/Extensions
    export SYSTEM_LIBRARY_DIR\=/System/Library
    export TAPI_DEMANGLE\=YES
    export TAPI_ENABLE_PROJECT_HEADERS\=NO
    export TAPI_LANGUAGE\=objective-c
    export TAPI_LANGUAGE_STANDARD\=compiler-default
    export TAPI_USE_SRCROOT\=YES
    export TAPI_VERIFY_MODE\=Pedantic
    export TARGETED_DEVICE_FAMILY\=1,2
    export TARGETNAME\=React-nativeconfig
    export TARGET_BUILD_DIR\=/Users/antoniogrillo-balen/Library/Developer/Xcode/DerivedData/risebysolis-gzfsziqwziaggpcbgdowmssiasmi/Build/Products/Debug-iphonesimulator/React-nativeconfig
    export TARGET_DEVICE_IDENTIFIER\=0C333F8A-4681-4475-855E-6FFD70F12533
    export TARGET_DEVICE_MODEL\=iPhone16,2
    export TARGET_DEVICE_OS_VERSION\=26.4.1
    export TARGET_DEVICE_PLATFORM_NAME\=iphonesimulator
    export TARGET_NAME\=React-nativeconfig
    export TARGET_TEMP_DIR\=/Users/antoniogrillo-balen/Library/Developer/Xcode/DerivedData/risebysolis-gzfsziqwziaggpcbgdowmssiasmi/Build/Intermediates.noindex/Pods.build/Debug-iphonesimulator/React-nativeconfig.build
    export TEMP_DIR\=/Users/antoniogrillo-balen/Library/Developer/Xcode/DerivedData/risebysolis-gzfsziqwziaggpcbgdowmssiasmi/Build/Intermediates.noindex/Pods.build/Debug-iphonesimulator/React-nativeconfig.build
    export TEMP_FILES_DIR\=/Users/antoniogrillo-balen/Library/Developer/Xcode/DerivedData/risebysolis-gzfsziqwziaggpcbgdowmssiasmi/Build/Intermediates.noindex/Pods.build/Debug-iphonesimulator/React-nativeconfig.build
    export TEMP_FILE_DIR\=/Users/antoniogrillo-balen/Library/Developer/Xcode/DerivedData/risebysolis-gzfsziqwziaggpcbgdowmssiasmi/Build/Intermediates.noindex/Pods.build/Debug-iphonesimulator/React-nativeconfig.build
    export TEMP_ROOT\=/Users/antoniogrillo-balen/Library/Developer/Xcode/DerivedData/risebysolis-gzfsziqwziaggpcbgdowmssiasmi/Build/Intermediates.noindex
    export TEMP_SANDBOX_DIR\=/Users/antoniogrillo-balen/Library/Developer/Xcode/DerivedData/risebysolis-gzfsziqwziaggpcbgdowmssiasmi/Build/Intermediates.noindex/TemporaryTaskSandboxes
    export TEST_FRAMEWORK_SEARCH_PATHS\=\ /Applications/Xcode.app/Contents/Developer/Platforms/iPhoneSimulator.platform/Developer/Library/Frameworks\ /Applications/Xcode.app/Contents/Developer/Platforms/iPhoneSimulator.platform/Developer/SDKs/iPhoneSimulator26.5.sdk/Developer/Library/Frameworks
    export TEST_LIBRARY_SEARCH_PATHS\=\ /Applications/Xcode.app/Contents/Developer/Platforms/iPhoneSimulator.platform/Developer/usr/lib
    export TOOLCHAINS\=com.apple.dt.toolchain.XcodeDefault
    export TOOLCHAIN_DIR\=/Applications/Xcode.app/Contents/Developer/Toolchains/XcodeDefault.xctoolchain
    export TREAT_MISSING_BASELINES_AS_TEST_FAILURES\=NO
    export TREAT_MISSING_SCRIPT_PHASE_OUTPUTS_AS_ERRORS\=NO
    export TeamIdentifierPrefix\=FAKETEAMID.
    export UID\=501
    export UNINSTALLED_PRODUCTS_DIR\=/Users/antoniogrillo-balen/Library/Developer/Xcode/DerivedData/risebysolis-gzfsziqwziaggpcbgdowmssiasmi/Build/Intermediates.noindex/UninstalledProducts
    export UNLOCALIZED_RESOURCES_FOLDER_PATH\=React_nativeconfig.framework
    export UNLOCALIZED_RESOURCES_FOLDER_PATH_SHALLOW_BUNDLE_NO\=React_nativeconfig.framework/Resources
    export UNLOCALIZED_RESOURCES_FOLDER_PATH_SHALLOW_BUNDLE_YES\=React_nativeconfig.framework
    export UNSTRIPPED_PRODUCT\=NO
    export USER\=antoniogrillo-balen
    export USER_APPS_DIR\=/Users/antoniogrillo-balen/Applications
    export USER_LIBRARY_DIR\=/Users/antoniogrillo-balen/Library
    export USE_DYNAMIC_NO_PIC\=YES
    export USE_HEADERMAP\=YES
    export USE_HEADER_SYMLINKS\=NO
    export USE_HERMES\=true
    export USE_RECURSIVE_SCRIPT_INPUTS_IN_SCRIPT_PHASES\=YES
    export VALIDATE_DEVELOPMENT_ASSET_PATHS\=YES_ERROR
    export VALIDATE_PRODUCT\=NO
    export VALID_ARCHS\=arm64\ x86_64
    export VERBOSE_PBXCP\=NO
    export VERSIONING_SYSTEM\=apple-generic
    export VERSIONPLIST_PATH\=React_nativeconfig.framework/version.plist
    export VERSIONS_FOLDER_PATH\=React_nativeconfig.framework
    export VERSIONS_FOLDER_PATH_SHALLOW_BUNDLE_NO\=React_nativeconfig.framework/Versions
    export VERSIONS_FOLDER_PATH_SHALLOW_BUNDLE_YES\=React_nativeconfig.framework
    export VERSION_INFO_BUILDER\=antoniogrillo-balen
    export VERSION_INFO_FILE\=React_nativeconfig_vers.c
    export VERSION_INFO_STRING\=\"@\(\#\)PROGRAM:React_nativeconfig\ \ PROJECT:Pods-1\"
    export WORKSPACE_DIR\=/Users/antoniogrillo-balen/Desktop/Projects/RiseBuild/ios
    export WRAPPER_EXTENSION\=framework
    export WRAPPER_NAME\=React_nativeconfig.framework
    export WRAPPER_SUFFIX\=.framework
    export WRAP_ASSET_PACKS_IN_SEPARATE_DIRECTORIES\=NO
    export XCODE_APP_SUPPORT_DIR\=/Applications/Xcode.app/Contents/Developer/Library/Xcode
    export XCODE_PRODUCT_BUILD_VERSION\=17F42
    export XCODE_VERSION_ACTUAL\=2650
    export XCODE_VERSION_MAJOR\=2600
    export XCODE_VERSION_MINOR\=2650
    export XPCSERVICES_FOLDER_PATH\=React_nativeconfig.framework/XPCServices
    export YACC\=yacc
    export _DISCOVER_COMMAND_LINE_LINKER_INPUTS\=YES
    export _DISCOVER_COMMAND_LINE_LINKER_INPUTS_INCLUDE_WL\=YES
    export _LD_MULTIARCH\=YES
    export _WRAPPER_CONTENTS_DIR_SHALLOW_BUNDLE_NO\=/Contents
    export _WRAPPER_PARENT_PATH_SHALLOW_BUNDLE_NO\=/..
    export _WRAPPER_RESOURCES_DIR_SHALLOW_BUNDLE_NO\=/Resources
    export __DIAGNOSE_DEPRECATED_ARCHS\=YES
    export __ORIGINAL_SDK_DEFINED_LLVM_TARGET_TRIPLE_SYS\=ios
    export arch\=undefined_arch
    export variant\=normal
    /bin/sh -c /Users/antoniogrillo-balen/Library/Developer/Xcode/DerivedData/risebysolis-gzfsziqwziaggpcbgdowmssiasmi/Build/Intermediates.noindex/Pods.build/Debug-iphonesimulator/React-nativeconfig.build/Script-46EB2E0002C3F0.sh

CpHeader /Users/antoniogrillo-balen/Library/Developer/Xcode/DerivedData/risebysolis-gzfsziqwziaggpcbgdowmssiasmi/Build/Products/Debug-iphonesimulator/React-RCTFabric/RCTFabric.framework/Headers/React/RCTThirdPartyFabricComponentsProvider.h /Users/antoniogrillo-balen/Desktop/Projects/RiseBuild/node_modules/react-native/React/Fabric/RCTThirdPartyFabricComponentsProvider.h (in target 'React-RCTFabric' from project 'Pods')
    cd /Users/antoniogrillo-balen/Desktop/Projects/RiseBuild/ios/Pods
    builtin-copy -exclude .DS_Store -exclude CVS -exclude .svn -exclude .git -exclude .hg -resolve-src-symlinks /Users/antoniogrillo-balen/Desktop/Projects/RiseBuild/node_modules/react-native/React/Fabric/RCTThirdPartyFabricComponentsProvider.h /Users/antoniogrillo-balen/Library/Developer/Xcode/DerivedData/risebysolis-gzfsziqwziaggpcbgdowmssiasmi/Build/Products/Debug-iphonesimulator/React-RCTFabric/RCTFabric.framework/Headers/React

warning: Run script build phase 'Create Symlinks to Header Folders' will be run during every build because it does not specify any outputs. To address this issue, either add output dependencies to the script phase, or configure it to run in every build by unchecking "Based on dependency analysis" in the script phase. (in target 'React-Mapbuffer' from project 'Pods')
PhaseScriptExecution Create\ Symlinks\ to\ Header\ Folders /Users/antoniogrillo-balen/Library/Developer/Xcode/DerivedData/risebysolis-gzfsziqwziaggpcbgdowmssiasmi/Build/Intermediates.noindex/Pods.build/Debug-iphonesimulator/React-Mapbuffer.build/Script-46EB2E00027A40.sh (in target 'React-Mapbuffer' from project 'Pods')
    cd /Users/antoniogrillo-balen/Desktop/Projects/RiseBuild/ios/Pods
    export ACTION\=build
    export AD_HOC_CODE_SIGNING_ALLOWED\=YES
    export ALLOW_BUILD_REQUEST_OVERRIDES\=NO
    export ALLOW_TARGET_PLATFORM_SPECIALIZATION\=NO
    export ALTERNATE_GROUP\=staff
    export ALTERNATE_MODE\=u+w,go-w,a+rX
    export ALTERNATE_OWNER\=antoniogrillo-balen
    export ALTERNATIVE_DISTRIBUTION_WEB\=NO
    export ALWAYS_EMBED_SWIFT_STANDARD_LIBRARIES\=NO
    export ALWAYS_SEARCH_USER_PATHS\=NO
    export ALWAYS_USE_SEPARATE_HEADERMAPS\=NO
    export APPLICATION_EXTENSION_API_ONLY\=NO
    export APPLY_RULES_IN_COPY_FILES\=NO
    export APPLY_RULES_IN_COPY_HEADERS\=NO
    export APP_SHORTCUTS_ENABLE_FLEXIBLE_MATCHING\=YES
    export ARCHS\=arm64
    export ARCHS_BASE\=arm64
    export ARCHS_STANDARD\=arm64\ x86_64
    export ARCHS_STANDARD_32_64_BIT\=arm64\ x86_64
    export ARCHS_STANDARD_64_BIT\=arm64\ x86_64
    export ARCHS_STANDARD_INCLUDING_64_BIT\=arm64\ x86_64
    export ARCHS_UNIVERSAL_IPHONE_OS\=arm64\ x86_64
    export ASSETCATALOG_FILTER_FOR_DEVICE_MODEL\=iPhone16,2
    export ASSETCATALOG_FILTER_FOR_DEVICE_OS_VERSION\=26.4.1
    export ASSETCATALOG_FILTER_FOR_THINNING_DEVICE_CONFIGURATION\=iPhone16,2
    export AUTOMATICALLY_MERGE_DEPENDENCIES\=NO
    export AUTOMATION_APPLE_EVENTS\=NO
    export AVAILABLE_PLATFORMS\=android\ appletvos\ appletvsimulator\ driverkit\ freebsd\ iphoneos\ iphonesimulator\ linux\ macosx\ none\ openbsd\ qnx\ watchos\ watchsimulator\ webassembly\ xros\ xrsimulator
    export AppIdentifierPrefix\=FAKETEAMID.
    export BUILD_ACTIVE_RESOURCES_ONLY\=YES
    export BUILD_COMPONENTS\=headers\ build
    export BUILD_DIR\=/Users/antoniogrillo-balen/Library/Developer/Xcode/DerivedData/risebysolis-gzfsziqwziaggpcbgdowmssiasmi/Build/Products
    export BUILD_LIBRARY_FOR_DISTRIBUTION\=NO
    export BUILD_ONLY_KNOWN_LOCALIZATIONS\=NO
    export BUILD_ROOT\=/Users/antoniogrillo-balen/Library/Developer/Xcode/DerivedData/risebysolis-gzfsziqwziaggpcbgdowmssiasmi/Build/Products
    export BUILD_STYLE\=
    export BUILD_VARIANTS\=normal
    export BUILT_PRODUCTS_DIR\=/Users/antoniogrillo-balen/Library/Developer/Xcode/DerivedData/risebysolis-gzfsziqwziaggpcbgdowmssiasmi/Build/Products/Debug-iphonesimulator/React-Mapbuffer
    export BUNDLE_CONTENTS_FOLDER_PATH_deep\=Contents/
    export BUNDLE_EXECUTABLE_FOLDER_NAME_deep\=MacOS
    export BUNDLE_EXTENSIONS_FOLDER_PATH\=Extensions
    export BUNDLE_FORMAT\=shallow
    export BUNDLE_FRAMEWORKS_FOLDER_PATH\=Frameworks
    export BUNDLE_PLUGINS_FOLDER_PATH\=PlugIns
    export BUNDLE_PRIVATE_HEADERS_FOLDER_PATH\=PrivateHeaders
    export BUNDLE_PUBLIC_HEADERS_FOLDER_PATH\=Headers
    export CACHE_ROOT\=/var/folders/2z/jtlqylkx0c709j3xb7b0g4cm0000gn/C/com.apple.DeveloperTools/26.5-17F42/Xcode
    export CCHROOT\=/var/folders/2z/jtlqylkx0c709j3xb7b0g4cm0000gn/C/com.apple.DeveloperTools/26.5-17F42/Xcode
    export CHMOD\=/bin/chmod
    export CHOWN\=chown
    export CLANG_ANALYZER_LOCALIZABILITY_NONLOCALIZED\=YES
    export CLANG_ANALYZER_NONNULL\=YES
    export CLANG_ANALYZER_NUMBER_OBJECT_CONVERSION\=YES_AGGRESSIVE
    export CLANG_CACHE_FINE_GRAINED_OUTPUTS\=YES
    export CLANG_CXX_LANGUAGE_STANDARD\=c++20
    export CLANG_CXX_LIBRARY\=libc++
    export CLANG_ENABLE_EXPLICIT_MODULES\=YES
    export CLANG_ENABLE_MODULES\=YES
    export CLANG_ENABLE_OBJC_ARC\=YES
    export CLANG_ENABLE_OBJC_WEAK\=NO
    export CLANG_MODULES_BUILD_SESSION_FILE\=/Users/antoniogrillo-balen/Library/Developer/Xcode/DerivedData/ModuleCache.noindex/Session.modulevalidation
    export CLANG_WARN_BLOCK_CAPTURE_AUTORELEASING\=YES
    export CLANG_WARN_BOOL_CONVERSION\=YES
    export CLANG_WARN_COMMA\=YES
    export CLANG_WARN_CONSTANT_CONVERSION\=YES
    export CLANG_WARN_DEPRECATED_OBJC_IMPLEMENTATIONS\=YES
    export CLANG_WARN_DIRECT_OBJC_ISA_USAGE\=YES_ERROR
    export CLANG_WARN_DOCUMENTATION_COMMENTS\=YES
    export CLANG_WARN_EMPTY_BODY\=YES
    export CLANG_WARN_ENUM_CONVERSION\=YES
    export CLANG_WARN_INFINITE_RECURSION\=YES
    export CLANG_WARN_INT_CONVERSION\=YES
    export CLANG_WARN_NON_LITERAL_NULL_CONVERSION\=YES
    export CLANG_WARN_OBJC_IMPLICIT_RETAIN_SELF\=YES
    export CLANG_WARN_OBJC_LITERAL_CONVERSION\=YES
    export CLANG_WARN_OBJC_ROOT_CLASS\=YES_ERROR
    export CLANG_WARN_QUOTED_INCLUDE_IN_FRAMEWORK_HEADER\=NO
    export CLANG_WARN_RANGE_LOOP_ANALYSIS\=YES
    export CLANG_WARN_STRICT_PROTOTYPES\=YES
    export CLANG_WARN_SUSPICIOUS_MOVE\=YES
    export CLANG_WARN_UNGUARDED_AVAILABILITY\=YES_AGGRESSIVE
    export CLANG_WARN_UNREACHABLE_CODE\=YES
    export CLANG_WARN__DUPLICATE_METHOD_MATCH\=YES
    export CLASS_FILE_DIR\=/Users/antoniogrillo-balen/Library/Developer/Xcode/DerivedData/risebysolis-gzfsziqwziaggpcbgdowmssiasmi/Build/Intermediates.noindex/Pods.build/Debug-iphonesimulator/React-Mapbuffer.build/JavaClasses
    export CLEAN_PRECOMPS\=YES
    export CLONE_HEADERS\=NO
    export CODESIGNING_FOLDER_PATH\=/Users/antoniogrillo-balen/Library/Developer/Xcode/DerivedData/risebysolis-gzfsziqwziaggpcbgdowmssiasmi/Build/Products/Debug-iphonesimulator/React-Mapbuffer/React_Mapbuffer.framework
    export CODE_SIGNING_ALLOWED\=YES
    export CODE_SIGNING_REQUIRED\=NO
    export CODE_SIGNING_REQUIRES_TEAM\=YES
    export CODE_SIGN_CONTEXT_CLASS\=XCiPhoneSimulatorCodeSignContext
    export CODE_SIGN_IDENTITY\=-
    export CODE_SIGN_INJECT_BASE_ENTITLEMENTS\=YES
    export COLOR_DIAGNOSTICS\=NO
    export COMBINE_HIDPI_IMAGES\=NO
    export COMPILATION_CACHE_CAS_PATH\=/Users/antoniogrillo-balen/Library/Developer/Xcode/DerivedData/CompilationCache.noindex
    export COMPILATION_CACHE_KEEP_CAS_DIRECTORY\=YES
    export COMPILER_INDEX_STORE_ENABLE\=Default
    export COMPOSITE_SDK_DIRS\=/Users/antoniogrillo-balen/Library/Developer/Xcode/DerivedData/risebysolis-gzfsziqwziaggpcbgdowmssiasmi/Build/Intermediates.noindex/CompositeSDKs
    export COMPRESS_PNG_FILES\=YES
    export CONFIGURATION\=Debug
    export CONFIGURATION_BUILD_DIR\=/Users/antoniogrillo-balen/Library/Developer/Xcode/DerivedData/risebysolis-gzfsziqwziaggpcbgdowmssiasmi/Build/Products/Debug-iphonesimulator/React-Mapbuffer
    export CONFIGURATION_TEMP_DIR\=/Users/antoniogrillo-balen/Library/Developer/Xcode/DerivedData/risebysolis-gzfsziqwziaggpcbgdowmssiasmi/Build/Intermediates.noindex/Pods.build/Debug-iphonesimulator
    export CONTENTS_FOLDER_PATH\=React_Mapbuffer.framework
    export CONTENTS_FOLDER_PATH_SHALLOW_BUNDLE_NO\=React_Mapbuffer.framework/A
    export CONTENTS_FOLDER_PATH_SHALLOW_BUNDLE_YES\=React_Mapbuffer.framework
    export COPYING_PRESERVES_HFS_DATA\=NO
    export COPY_HEADERS_RUN_UNIFDEF\=NO
    export COPY_PHASE_STRIP\=NO
    export CORRESPONDING_DEVICE_PLATFORM_DIR\=/Applications/Xcode.app/Contents/Developer/Platforms/iPhoneOS.platform
    export CORRESPONDING_DEVICE_PLATFORM_NAME\=iphoneos
    export CORRESPONDING_DEVICE_SDK_DIR\=/Applications/Xcode.app/Contents/Developer/Platforms/iPhoneOS.platform/Developer/SDKs/iPhoneOS26.5.sdk
    export CORRESPONDING_DEVICE_SDK_NAME\=iphoneos26.5
    export CP\=/bin/cp
    export CREATE_INFOPLIST_SECTION_IN_BINARY\=NO
    export CURRENT_ARCH\=undefined_arch
    export CURRENT_PROJECT_VERSION\=1
    export CURRENT_VARIANT\=normal
    export CURRENT_VERSION\=Current
    export DEAD_CODE_STRIPPING\=YES
    export DEBUGGING_SYMBOLS\=YES
    export DEBUG_INFORMATION_FORMAT\=dwarf
    export DEBUG_INFORMATION_VERSION\=compiler-default
    export DEFAULT_COMPILER\=com.apple.compilers.llvm.clang.1_0
    export DEFAULT_DEXT_INSTALL_PATH\=/System/Library/DriverExtensions
    export DEFAULT_KEXT_INSTALL_PATH\=/System/Library/Extensions
    export DEFINES_MODULE\=YES
    export DEPLOYMENT_LOCATION\=NO
    export DEPLOYMENT_POSTPROCESSING\=NO
    export DEPLOYMENT_TARGET_SETTING_NAME\=IPHONEOS_DEPLOYMENT_TARGET
    export DEPLOYMENT_TARGET_SUGGESTED_VALUES\=12.0\ 12.1\ 12.2\ 12.3\ 12.4\ 13.0\ 13.1\ 13.2\ 13.3\ 13.4\ 13.5\ 13.6\ 14.0\ 14.1\ 14.2\ 14.3\ 14.4\ 14.5\ 14.6\ 14.7\ 15.0\ 15.1\ 15.2\ 15.3\ 15.4\ 15.5\ 15.6\ 16.0\ 16.1\ 16.2\ 16.3\ 16.4\ 16.5\ 16.6\ 17.0\ 17.1\ 17.2\ 17.3\ 17.4\ 17.5\ 17.6\ 18.0\ 18.1\ 18.2\ 18.3\ 18.4\ 18.5\ 18.6\ 26.0\ 26.2\ 26.3\ 26.4\ 26.5
    export DERIVED_FILES_DIR\=/Users/antoniogrillo-balen/Library/Developer/Xcode/DerivedData/risebysolis-gzfsziqwziaggpcbgdowmssiasmi/Build/Intermediates.noindex/Pods.build/Debug-iphonesimulator/React-Mapbuffer.build/DerivedSources
    export DERIVED_FILE_DIR\=/Users/antoniogrillo-balen/Library/Developer/Xcode/DerivedData/risebysolis-gzfsziqwziaggpcbgdowmssiasmi/Build/Intermediates.noindex/Pods.build/Debug-iphonesimulator/React-Mapbuffer.build/DerivedSources
    export DERIVED_SOURCES_DIR\=/Users/antoniogrillo-balen/Library/Developer/Xcode/DerivedData/risebysolis-gzfsziqwziaggpcbgdowmssiasmi/Build/Intermediates.noindex/Pods.build/Debug-iphonesimulator/React-Mapbuffer.build/DerivedSources
    export DEVELOPER_APPLICATIONS_DIR\=/Applications/Xcode.app/Contents/Developer/Applications
    export DEVELOPER_BIN_DIR\=/Applications/Xcode.app/Contents/Developer/usr/bin
    export DEVELOPER_DIR\=/Applications/Xcode.app/Contents/Developer
    export DEVELOPER_FRAMEWORKS_DIR\=/Applications/Xcode.app/Contents/Developer/Library/Frameworks
    export DEVELOPER_FRAMEWORKS_DIR_QUOTED\=/Applications/Xcode.app/Contents/Developer/Library/Frameworks
    export DEVELOPER_LIBRARY_DIR\=/Applications/Xcode.app/Contents/Developer/Library
    export DEVELOPER_SDK_DIR\=/Applications/Xcode.app/Contents/Developer/Platforms/MacOSX.platform/Developer/SDKs
    export DEVELOPER_TOOLS_DIR\=/Applications/Xcode.app/Contents/Developer/Tools
    export DEVELOPER_USR_DIR\=/Applications/Xcode.app/Contents/Developer/usr
    export DEVELOPMENT_LANGUAGE\=en
    export DIAGNOSE_MISSING_TARGET_DEPENDENCIES\=YES
    export DIFF\=/usr/bin/diff
    export DOCUMENTATION_FOLDER_PATH\=React_Mapbuffer.framework/en.lproj/Documentation
    export DONT_GENERATE_INFOPLIST_FILE\=NO
    export DSTROOT\=/tmp/Pods.dst
    export DT_TOOLCHAIN_DIR\=/Applications/Xcode.app/Contents/Developer/Toolchains/XcodeDefault.xctoolchain
    export DUMP_DEPENDENCIES\=NO
    export DUMP_DEPENDENCIES_OUTPUT_PATH\=/Users/antoniogrillo-balen/Library/Developer/Xcode/DerivedData/risebysolis-gzfsziqwziaggpcbgdowmssiasmi/Build/Intermediates.noindex/Pods.build/Debug-iphonesimulator/React-Mapbuffer.build/React-Mapbuffer-BuildDependencyInfo.json
    export DWARF_DSYM_FILE_NAME\=React_Mapbuffer.framework.dSYM
    export DWARF_DSYM_FILE_SHOULD_ACCOMPANY_PRODUCT\=NO
    export DWARF_DSYM_FOLDER_PATH\=/Users/antoniogrillo-balen/Library/Developer/Xcode/DerivedData/risebysolis-gzfsziqwziaggpcbgdowmssiasmi/Build/Products/Debug-iphonesimulator/React-Mapbuffer
    export DYLIB_COMPATIBILITY_VERSION\=1
    export DYLIB_CURRENT_VERSION\=1
    export DYLIB_INSTALL_NAME_BASE\=@rpath
    export DYNAMIC_LIBRARY_EXTENSION\=dylib
    export EAGER_COMPILATION_ALLOW_SCRIPTS\=NO
    export EAGER_LINKING\=NO
    export EFFECTIVE_PLATFORM_NAME\=-iphonesimulator
    export EFFECTIVE_SWIFT_VERSION\=5
    export EMBEDDED_CONTENT_CONTAINS_SWIFT\=NO
    export EMBED_ASSET_PACKS_IN_PRODUCT_BUNDLE\=NO
    export ENABLE_APP_SANDBOX\=NO
    export ENABLE_CODE_COVERAGE\=YES
    export ENABLE_COHORT_ARCHS\=NO
    export ENABLE_CPLUSPLUS_BOUNDS_SAFE_BUFFERS\=NO
    export ENABLE_C_BOUNDS_SAFETY\=NO
    export ENABLE_DEFAULT_HEADER_SEARCH_PATHS\=YES
    export ENABLE_DEFAULT_SEARCH_PATHS\=YES
    export ENABLE_ENHANCED_SECURITY\=NO
    export ENABLE_HARDENED_RUNTIME\=NO
    export ENABLE_HEADER_DEPENDENCIES\=YES
    export ENABLE_INCOMING_NETWORK_CONNECTIONS\=NO
    export ENABLE_MODULE_VERIFIER\=NO
    export ENABLE_ON_DEMAND_RESOURCES\=NO
    export ENABLE_OUTGOING_NETWORK_CONNECTIONS\=NO
    export ENABLE_POINTER_AUTHENTICATION\=NO
    export ENABLE_PREVIEWS\=NO
    export ENABLE_RESOURCE_ACCESS_AUDIO_INPUT\=NO
    export ENABLE_RESOURCE_ACCESS_BLUETOOTH\=NO
    export ENABLE_RESOURCE_ACCESS_CALENDARS\=NO
    export ENABLE_RESOURCE_ACCESS_CAMERA\=NO
    export ENABLE_RESOURCE_ACCESS_CONTACTS\=NO
    export ENABLE_RESOURCE_ACCESS_LOCATION\=NO
    export ENABLE_RESOURCE_ACCESS_PHOTO_LIBRARY\=NO
    export ENABLE_RESOURCE_ACCESS_PRINTING\=NO
    export ENABLE_RESOURCE_ACCESS_USB\=NO
    export ENABLE_SDK_IMPORTS\=NO
    export ENABLE_SECURITY_COMPILER_WARNINGS\=NO
    export ENABLE_STRICT_OBJC_MSGSEND\=YES
    export ENABLE_TESTABILITY\=YES
    export ENABLE_TESTING_SEARCH_PATHS\=NO
    export ENABLE_USER_SCRIPT_SANDBOXING\=NO
    export ENABLE_XOJIT_PREVIEWS\=YES
    export ENFORCE_VALID_ARCHS\=YES
    export ENTITLEMENTS_DESTINATION\=__entitlements
    export ENTITLEMENTS_REQUIRED\=NO
    export EXCLUDED_INSTALLSRC_SUBDIRECTORY_PATTERNS\=.DS_Store\ .svn\ .git\ .hg\ CVS
    export EXCLUDED_RECURSIVE_SEARCH_PATH_SUBDIRECTORIES\=\*.nib\ \*.lproj\ \*.framework\ \*.gch\ \*.xcode\*\ \*.xcassets\ \*.icon\ \(\*\)\ .DS_Store\ CVS\ .svn\ .git\ .hg\ \*.pbproj\ \*.pbxproj
    export EXECUTABLES_FOLDER_PATH\=React_Mapbuffer.framework/en.lproj
    export EXECUTABLE_FOLDER_PATH\=React_Mapbuffer.framework
    export EXECUTABLE_FOLDER_PATH_SHALLOW_BUNDLE_NO\=React_Mapbuffer.framework
    export EXECUTABLE_FOLDER_PATH_SHALLOW_BUNDLE_YES\=React_Mapbuffer.framework
    export EXECUTABLE_NAME\=React_Mapbuffer
    export EXECUTABLE_PATH\=React_Mapbuffer.framework/React_Mapbuffer
    export EXPANDED_CODE_SIGN_IDENTITY\=-
    export EXPANDED_CODE_SIGN_IDENTITY_NAME\=Sign\ to\ Run\ Locally
    export EXTENSIONS_FOLDER_PATH\=React_Mapbuffer.framework/Extensions
    export FILE_LIST\=/Users/antoniogrillo-balen/Library/Developer/Xcode/DerivedData/risebysolis-gzfsziqwziaggpcbgdowmssiasmi/Build/Intermediates.noindex/Pods.build/Debug-iphonesimulator/React-Mapbuffer.build/Objects/LinkFileList
    export FIXED_FILES_DIR\=/Users/antoniogrillo-balen/Library/Developer/Xcode/DerivedData/risebysolis-gzfsziqwziaggpcbgdowmssiasmi/Build/Intermediates.noindex/Pods.build/Debug-iphonesimulator/React-Mapbuffer.build/FixedFiles
    export FRAMEWORKS_FOLDER_PATH\=React_Mapbuffer.framework/Frameworks
    export FRAMEWORK_FLAG_PREFIX\=-framework
    export FRAMEWORK_SEARCH_PATHS\=/Users/antoniogrillo-balen/Library/Developer/Xcode/DerivedData/risebysolis-gzfsziqwziaggpcbgdowmssiasmi/Build/Products/Debug-iphonesimulator/React-Mapbuffer\ \ \"/Users/antoniogrillo-balen/Library/Developer/Xcode/DerivedData/risebysolis-gzfsziqwziaggpcbgdowmssiasmi/Build/Products/Debug-iphonesimulator/React-debug\"\ \"/Users/antoniogrillo-balen/Library/Developer/Xcode/DerivedData/risebysolis-gzfsziqwziaggpcbgdowmssiasmi/Build/Products/Debug-iphonesimulator/glog\"
    export FRAMEWORK_VERSION\=A
    export FULL_PRODUCT_NAME\=React_Mapbuffer.framework
    export FUSE_BUILD_PHASES\=YES
    export FUSE_BUILD_SCRIPT_PHASES\=NO
    export GCC3_VERSION\=3.3
    export GCC_C_LANGUAGE_STANDARD\=gnu11
    export GCC_DYNAMIC_NO_PIC\=NO
    export GCC_INLINES_ARE_PRIVATE_EXTERN\=YES
    export GCC_NO_COMMON_BLOCKS\=YES
    export GCC_OBJC_LEGACY_DISPATCH\=YES
    export GCC_OPTIMIZATION_LEVEL\=0
    export GCC_PFE_FILE_C_DIALECTS\=c\ objective-c\ c++\ objective-c++
    export GCC_PREFIX_HEADER\=Target\ Support\ Files/React-Mapbuffer/React-Mapbuffer-prefix.pch
    export GCC_PREPROCESSOR_DEFINITIONS\=POD_CONFIGURATION_DEBUG\=1\ DEBUG\=1\ \ COCOAPODS\=1
    export GCC_TREAT_WARNINGS_AS_ERRORS\=NO
    export GCC_VERSION\=com.apple.compilers.llvm.clang.1_0
    export GCC_VERSION_IDENTIFIER\=com_apple_compilers_llvm_clang_1_0
    export GCC_WARN_64_TO_32_BIT_CONVERSION\=YES
    export GCC_WARN_ABOUT_RETURN_TYPE\=YES_ERROR
    export GCC_WARN_UNDECLARED_SELECTOR\=YES
    export GCC_WARN_UNINITIALIZED_AUTOS\=YES_AGGRESSIVE
    export GCC_WARN_UNUSED_FUNCTION\=YES
    export GCC_WARN_UNUSED_VARIABLE\=YES
    export GENERATED_MODULEMAP_DIR\=/Users/antoniogrillo-balen/Library/Developer/Xcode/DerivedData/risebysolis-gzfsziqwziaggpcbgdowmssiasmi/Build/Intermediates.noindex/GeneratedModuleMaps-iphonesimulator
    export GENERATE_INFOPLIST_FILE\=NO
    export GENERATE_INTERMEDIATE_TEXT_BASED_STUBS\=YES
    export GENERATE_PKGINFO_FILE\=NO
    export GENERATE_PRELINK_OBJECT_FILE\=NO
    export GENERATE_PROFILING_CODE\=NO
    export GENERATE_TEXT_BASED_STUBS\=NO
    export GID\=20
    export GROUP\=staff
    export HEADERMAP_INCLUDES_FLAT_ENTRIES_FOR_TARGET_BEING_BUILT\=YES
    export HEADERMAP_INCLUDES_FRAMEWORK_ENTRIES_FOR_ALL_PRODUCT_TYPES\=YES
    export HEADERMAP_INCLUDES_FRAMEWORK_ENTRIES_FOR_TARGETS_NOT_BEING_BUILT\=YES
    export HEADERMAP_INCLUDES_NONPUBLIC_NONPRIVATE_HEADERS\=YES
    export HEADERMAP_INCLUDES_PROJECT_HEADERS\=YES
    export HEADERMAP_USES_FRAMEWORK_PREFIX_ENTRIES\=YES
    export HEADERMAP_USES_VFS\=YES
    export HEADER_SEARCH_PATHS\=/Users/antoniogrillo-balen/Library/Developer/Xcode/DerivedData/risebysolis-gzfsziqwziaggpcbgdowmssiasmi/Build/Products/Debug-iphonesimulator/React-Mapbuffer/include\ \ /Users/antoniogrillo-balen/Library/Developer/Xcode/DerivedData/risebysolis-gzfsziqwziaggpcbgdowmssiasmi/Build/Products/Debug-iphonesimulator/ReactCommon/ReactCommon.framework/Headers\ /Users/antoniogrillo-balen/Library/Developer/Xcode/DerivedData/risebysolis-gzfsziqwziaggpcbgdowmssiasmi/Build/Products/Debug-iphonesimulator/ReactCommon/ReactCommon.framework/Headers/react/nativemodule/core\ /Users/antoniogrillo-balen/Library/Developer/Xcode/DerivedData/risebysolis-gzfsziqwziaggpcbgdowmssiasmi/Build/Products/Debug-iphonesimulator/ReactCommon-Samples/ReactCommon_Samples.framework/Headers\ /Users/antoniogrillo-balen/Library/Developer/Xcode/DerivedData/risebysolis-gzfsziqwziaggpcbgdowmssiasmi/Build/Products/Debug-iphonesimulator/ReactCommon-Samples/ReactCommon_Samples.framework/Headers/platform/ios\ /Users/antoniogrillo-balen/Library/Developer/Xcode/DerivedData/risebysolis-gzfsziqwziaggpcbgdowmssiasmi/Build/Products/Debug-iphonesimulator/React-Fabric/React_Fabric.framework/Headers/react/renderer/components/view/platform/cxx\ /Users/antoniogrillo-balen/Library/Developer/Xcode/DerivedData/risebysolis-gzfsziqwziaggpcbgdowmssiasmi/Build/Products/Debug-iphonesimulator/React-NativeModulesApple/React_NativeModulesApple.framework/Headers\ /Users/antoniogrillo-balen/Library/Developer/Xcode/DerivedData/risebysolis-gzfsziqwziaggpcbgdowmssiasmi/Build/Products/Debug-iphonesimulator/React-graphics/React_graphics.framework/Headers\ /Users/antoniogrillo-balen/Library/Developer/Xcode/DerivedData/risebysolis-gzfsziqwziaggpcbgdowmssiasmi/Build/Products/Debug-iphonesimulator/React-graphics/React_graphics.framework/Headers/react/renderer/graphics/platform/ios\ \"/Users/antoniogrillo-balen/Desktop/Projects/RiseBuild/ios/Pods/../../node_modules/react-native/ReactCommon\"\ \"/Users/antoniogrillo-balen/Library/Developer/Xcode/DerivedData/risebysolis-gzfsziqwziaggpcbgdowmssiasmi/Build/Products/Debug-iphonesimulator/React-debug/React_debug.framework/Headers\"
    export HOME\=/Users/antoniogrillo-balen
    export HOST_ARCH\=arm64
    export HOST_PLATFORM\=macosx
    export ICONV\=/usr/bin/iconv
    export IMPLICIT_DEPENDENCY_DOMAIN\=default
    export INDEX_STORE_COMPRESS\=NO
    export INDEX_STORE_ONLY_PROJECT_FILES\=NO
    export INFOPLIST_ENABLE_CFBUNDLEICONS_MERGE\=YES
    export INFOPLIST_EXPAND_BUILD_SETTINGS\=YES
    export INFOPLIST_FILE\=Target\ Support\ Files/React-Mapbuffer/React-Mapbuffer-Info.plist
    export INFOPLIST_OUTPUT_FORMAT\=binary
    export INFOPLIST_PATH\=React_Mapbuffer.framework/Info.plist
    export INFOPLIST_PREPROCESS\=NO
    export INFOSTRINGS_PATH\=React_Mapbuffer.framework/en.lproj/InfoPlist.strings
    export INLINE_PRIVATE_FRAMEWORKS\=NO
    export INSTALLAPI_IGNORE_SKIP_INSTALL\=YES
    export INSTALLHDRS_COPY_PHASE\=NO
    export INSTALLHDRS_SCRIPT_PHASE\=NO
    export INSTALL_DIR\=/tmp/Pods.dst/Library/Frameworks
    export INSTALL_GROUP\=staff
    export INSTALL_MODE_FLAG\=u+w,go-w,a+rX
    export INSTALL_OWNER\=antoniogrillo-balen
    export INSTALL_PATH\=/Library/Frameworks
    export INSTALL_ROOT\=/tmp/Pods.dst
    export IPHONEOS_DEPLOYMENT_TARGET\=15.1
    export IS_UNOPTIMIZED_BUILD\=YES
    export JAVAC_DEFAULT_FLAGS\=-J-Xms64m\ -J-XX:NewSize\=4M\ -J-Dfile.encoding\=UTF8
    export JAVA_APP_STUB\=/System/Library/Frameworks/JavaVM.framework/Resources/MacOS/JavaApplicationStub
    export JAVA_ARCHIVE_CLASSES\=YES
    export JAVA_ARCHIVE_TYPE\=JAR
    export JAVA_COMPILER\=/usr/bin/javac
    export JAVA_FOLDER_PATH\=React_Mapbuffer.framework/Java
    export JAVA_FRAMEWORK_RESOURCES_DIRS\=Resources
    export JAVA_JAR_FLAGS\=cv
    export JAVA_SOURCE_SUBDIR\=.
    export JAVA_USE_DEPENDENCIES\=YES
    export JAVA_ZIP_FLAGS\=-urg
    export JIKES_DEFAULT_FLAGS\=+E\ +OLDCSO
    export KEEP_PRIVATE_EXTERNS\=NO
    export LD_DEPENDENCY_INFO_FILE\=/Users/antoniogrillo-balen/Library/Developer/Xcode/DerivedData/risebysolis-gzfsziqwziaggpcbgdowmssiasmi/Build/Intermediates.noindex/Pods.build/Debug-iphonesimulator/React-Mapbuffer.build/Objects-normal/undefined_arch/React_Mapbuffer_dependency_info.dat
    export LD_DYLIB_INSTALL_NAME\=@rpath/React_Mapbuffer.framework/React_Mapbuffer
    export LD_EXPORT_SYMBOLS\=YES
    export LD_GENERATE_MAP_FILE\=NO
    export LD_MAP_FILE_PATH\=/Users/antoniogrillo-balen/Library/Developer/Xcode/DerivedData/risebysolis-gzfsziqwziaggpcbgdowmssiasmi/Build/Intermediates.noindex/Pods.build/Debug-iphonesimulator/React-Mapbuffer.build/React_Mapbuffer-LinkMap-normal-undefined_arch.txt
    export LD_NO_PIE\=NO
    export LD_QUOTE_LINKER_ARGUMENTS_FOR_COMPILER_DRIVER\=YES
    export LD_RUNPATH_SEARCH_PATHS\=\ @executable_path/Frameworks\ @loader_path/Frameworks
    export LD_SHARED_CACHE_ELIGIBLE\=Automatic
    export LD_WARN_DUPLICATE_LIBRARIES\=NO
    export LD_WARN_UNUSED_DYLIBS\=NO
    export LEGACY_DEVELOPER_DIR\=/Applications/Xcode.app/Contents/PlugIns/Xcode3Core.ideplugin/Contents/SharedSupport/Developer
    export LEX\=lex
    export LIBRARY_DEXT_INSTALL_PATH\=/Library/DriverExtensions
    export LIBRARY_FLAG_NOSPACE\=YES
    export LIBRARY_FLAG_PREFIX\=-l
    export LIBRARY_KEXT_INSTALL_PATH\=/Library/Extensions
    export LIBRARY_SEARCH_PATHS\=/Users/antoniogrillo-balen/Library/Developer/Xcode/DerivedData/risebysolis-gzfsziqwziaggpcbgdowmssiasmi/Build/Products/Debug-iphonesimulator/React-Mapbuffer\ 
    export LINKER_DISPLAYS_MANGLED_NAMES\=NO
    export LINK_FILE_LIST_normal_arm64\=/Users/antoniogrillo-balen/Library/Developer/Xcode/DerivedData/risebysolis-gzfsziqwziaggpcbgdowmssiasmi/Build/Intermediates.noindex/Pods.build/Debug-iphonesimulator/React-Mapbuffer.build/Objects-normal/arm64/React_Mapbuffer.LinkFileList
    export LINK_OBJC_RUNTIME\=YES
    export LINK_WITH_STANDARD_LIBRARIES\=YES
    export LLVM_TARGET_TRIPLE_OS_VERSION\=ios15.1
    export LLVM_TARGET_TRIPLE_SUFFIX\=-simulator
    export LLVM_TARGET_TRIPLE_VENDOR\=apple
    export LM_AUX_CONST_METADATA_LIST_PATH_normal_arm64\=/Users/antoniogrillo-balen/Library/Developer/Xcode/DerivedData/risebysolis-gzfsziqwziaggpcbgdowmssiasmi/Build/Intermediates.noindex/Pods.build/Debug-iphonesimulator/React-Mapbuffer.build/Objects-normal/arm64/React_Mapbuffer.SwiftConstValuesFileList
    export LOCALIZATION_EXPORT_SUPPORTED\=YES
    export LOCALIZATION_PREFERS_STRING_CATALOGS\=NO
    export LOCALIZED_RESOURCES_FOLDER_PATH\=React_Mapbuffer.framework/en.lproj
    export LOCALIZED_STRING_CODE_COMMENTS\=NO
    export LOCALIZED_STRING_MACRO_NAMES\=NSLocalizedString\ CFCopyLocalizedString
    export LOCALIZED_STRING_SWIFTUI_SUPPORT\=YES
    export LOCAL_ADMIN_APPS_DIR\=/Applications/Utilities
    export LOCAL_APPS_DIR\=/Applications
    export LOCAL_DEVELOPER_DIR\=/Library/Developer
    export LOCAL_LIBRARY_DIR\=/Library
    export LOCROOT\=/Users/antoniogrillo-balen/Desktop/Projects/RiseBuild/ios/Pods
    export LOCSYMROOT\=/Users/antoniogrillo-balen/Desktop/Projects/RiseBuild/ios/Pods
    export MACH_O_TYPE\=staticlib
    export MAC_OS_X_PRODUCT_BUILD_VERSION\=25E253
    export MAC_OS_X_VERSION_ACTUAL\=260401
    export MAC_OS_X_VERSION_MAJOR\=260000
    export MAC_OS_X_VERSION_MINOR\=260400
    export MAKE_MERGEABLE\=NO
    export MERGEABLE_LIBRARY\=NO
    export MERGED_BINARY_TYPE\=none
    export MERGE_LINKED_LIBRARIES\=NO
    export METAL_LIBRARY_FILE_BASE\=default
    export METAL_LIBRARY_OUTPUT_DIR\=/Users/antoniogrillo-balen/Library/Developer/Xcode/DerivedData/risebysolis-gzfsziqwziaggpcbgdowmssiasmi/Build/Products/Debug-iphonesimulator/React-Mapbuffer/React_Mapbuffer.framework
    export MODULEMAP_FILE\=Target\ Support\ Files/React-Mapbuffer/React-Mapbuffer.modulemap
    export MODULES_FOLDER_PATH\=React_Mapbuffer.framework/Modules
    export MODULE_CACHE_DIR\=/Users/antoniogrillo-balen/Library/Developer/Xcode/DerivedData/ModuleCache.noindex
    export MTL_ENABLE_DEBUG_INFO\=INCLUDE_SOURCE
    export MTL_FAST_MATH\=YES
    export NATIVE_ARCH\=arm64
    export NATIVE_ARCH_32_BIT\=arm
    export NATIVE_ARCH_64_BIT\=arm64
    export NATIVE_ARCH_ACTUAL\=arm64
    export NO_COMMON\=YES
    export OBJC_ABI_VERSION\=2
    export OBJECT_FILE_DIR\=/Users/antoniogrillo-balen/Library/Developer/Xcode/DerivedData/risebysolis-gzfsziqwziaggpcbgdowmssiasmi/Build/Intermediates.noindex/Pods.build/Debug-iphonesimulator/React-Mapbuffer.build/Objects
    export OBJECT_FILE_DIR_normal\=/Users/antoniogrillo-balen/Library/Developer/Xcode/DerivedData/risebysolis-gzfsziqwziaggpcbgdowmssiasmi/Build/Intermediates.noindex/Pods.build/Debug-iphonesimulator/React-Mapbuffer.build/Objects-normal
    export OBJROOT\=/Users/antoniogrillo-balen/Library/Developer/Xcode/DerivedData/risebysolis-gzfsziqwziaggpcbgdowmssiasmi/Build/Intermediates.noindex
    export ONLY_ACTIVE_ARCH\=YES
    export OS\=MACOS
    export OSAC\=/usr/bin/osacompile
    export OTHER_LDFLAGS\=\ \ 
    export PACKAGE_TYPE\=com.apple.package-type.wrapper.framework
    export PASCAL_STRINGS\=YES
    export PATH\=/Applications/Xcode.app/Contents/SharedFrameworks/SwiftBuild.framework/Versions/A/PlugIns/SWBBuildService.bundle/Contents/PlugIns/SWBUniversalPlatformPlugin.bundle/Contents/Frameworks/SWBUniversalPlatform.framework/Resources:/Applications/Xcode.app/Contents/Developer/Toolchains/XcodeDefault.xctoolchain/usr/bin:/Applications/Xcode.app/Contents/Developer/Toolchains/XcodeDefault.xctoolchain/usr/local/bin:/Applications/Xcode.app/Contents/Developer/Toolchains/XcodeDefault.xctoolchain/usr/libexec:/Applications/Xcode.app/Contents/Developer/Platforms/iPhoneSimulator.platform/usr/bin:/Applications/Xcode.app/Contents/Developer/Platforms/iPhoneSimulator.platform/usr/local/bin:/Applications/Xcode.app/Contents/Developer/Platforms/iPhoneSimulator.platform/Developer/usr/bin:/Applications/Xcode.app/Contents/Developer/Platforms/iPhoneSimulator.platform/Developer/usr/local/bin:/Applications/Xcode.app/Contents/Developer/usr/bin:/Applications/Xcode.app/Contents/Developer/usr/local/bin:/opt/homebrew/opt/ruby/bin:/opt/homebrew/lib/ruby/gems/4.0.0/bin:/opt/homebrew/bin:/opt/homebrew/sbin:/Users/antoniogrillo-balen/.nvm/versions/node/v24.14.1/bin:/Library/Frameworks/Python.framework/Versions/3.14/bin:/usr/local/bin:/System/Cryptexes/App/usr/bin:/usr/bin:/bin:/usr/sbin:/sbin:/var/run/com.apple.security.cryptexd/codex.system/bootstrap/usr/local/bin:/var/run/com.apple.security.cryptexd/codex.system/bootstrap/usr/bin:/var/run/com.apple.security.cryptexd/codex.system/bootstrap/usr/appleinternal/bin:/opt/pkg/env/active/bin:/opt/pmk/env/global/bin:/Library/Apple/usr/bin:/Applications/VMware\ Fusion.app/Contents/Public:/Users/antoniogrillo-balen/.cargo/bin:/Users/antoniogrillo-balen/.cache/plugins/.install-staging/25283474a0e0d4a060cb0e915c1ec54e3d41ef2e/cursor/repo/bin:/Users/antoniogrillo-balen/.claude/plugins/cache/claude-plugins-official/superpowers/5.1.0/bin:/Users/antoniogrillo-balen/.claude/plugins/cache/claude-plugins-official/frontend-design/unknown/bin:/Users/antoniogrillo-balen/.claude/plugins/cache/claude-plugins-official/code-simplifier/1.0.0/bin:/Users/antoniogrillo-balen/.claude/plugins/cache/claude-plugins-official/security-guidance/unknown/bin:/Users/antoniogrillo-balen/.claude/plugins/cache/thedotmack/claude-mem/12.1.1/bin
    export PATH_PREFIXES_EXCLUDED_FROM_HEADER_DEPENDENCIES\=/usr/include\ /usr/local/include\ /System/Library/Frameworks\ /System/Library/PrivateFrameworks\ /Applications/Xcode.app/Contents/Developer/Headers\ /Applications/Xcode.app/Contents/Developer/SDKs\ /Applications/Xcode.app/Contents/Developer/Platforms
    export PBDEVELOPMENTPLIST_PATH\=React_Mapbuffer.framework/pbdevelopment.plist
    export PER_ARCH_MODULE_FILE_DIR\=/Users/antoniogrillo-balen/Library/Developer/Xcode/DerivedData/risebysolis-gzfsziqwziaggpcbgdowmssiasmi/Build/Intermediates.noindex/Pods.build/Debug-iphonesimulator/React-Mapbuffer.build/Objects-normal/undefined_arch
    export PER_ARCH_OBJECT_FILE_DIR\=/Users/antoniogrillo-balen/Library/Developer/Xcode/DerivedData/risebysolis-gzfsziqwziaggpcbgdowmssiasmi/Build/Intermediates.noindex/Pods.build/Debug-iphonesimulator/React-Mapbuffer.build/Objects-normal/undefined_arch
    export PER_VARIANT_OBJECT_FILE_DIR\=/Users/antoniogrillo-balen/Library/Developer/Xcode/DerivedData/risebysolis-gzfsziqwziaggpcbgdowmssiasmi/Build/Intermediates.noindex/Pods.build/Debug-iphonesimulator/React-Mapbuffer.build/Objects-normal
    export PKGINFO_FILE_PATH\=/Users/antoniogrillo-balen/Library/Developer/Xcode/DerivedData/risebysolis-gzfsziqwziaggpcbgdowmssiasmi/Build/Intermediates.noindex/Pods.build/Debug-iphonesimulator/React-Mapbuffer.build/PkgInfo
    export PKGINFO_PATH\=React_Mapbuffer.framework/PkgInfo
    export PLATFORM_DEVELOPER_APPLICATIONS_DIR\=/Applications/Xcode.app/Contents/Developer/Platforms/iPhoneSimulator.platform/Developer/Applications
    export PLATFORM_DEVELOPER_BIN_DIR\=/Applications/Xcode.app/Contents/Developer/Platforms/iPhoneSimulator.platform/Developer/usr/bin
    export PLATFORM_DEVELOPER_LIBRARY_DIR\=/Applications/Xcode.app/Contents/Developer/Platforms/iPhoneSimulator.platform/Developer/Library
    export PLATFORM_DEVELOPER_SDK_DIR\=/Applications/Xcode.app/Contents/Developer/Platforms/iPhoneSimulator.platform/Developer/SDKs
    export PLATFORM_DEVELOPER_TOOLS_DIR\=/Applications/Xcode.app/Contents/Developer/Platforms/iPhoneSimulator.platform/Developer/Tools
    export PLATFORM_DEVELOPER_USR_DIR\=/Applications/Xcode.app/Contents/Developer/Platforms/iPhoneSimulator.platform/Developer/usr
    export PLATFORM_DIR\=/Applications/Xcode.app/Contents/Developer/Platforms/iPhoneSimulator.platform
    export PLATFORM_DISPLAY_NAME\=iOS\ Simulator
    export PLATFORM_FAMILY_NAME\=iOS
    export PLATFORM_NAME\=iphonesimulator
    export PLATFORM_PREFERRED_ARCH\=x86_64
    export PLATFORM_PRODUCT_BUILD_VERSION\=23F73
    export PLATFORM_REQUIRES_SWIFT_AUTOLINK_EXTRACT\=NO
    export PLATFORM_REQUIRES_SWIFT_MODULEWRAP\=NO
    export PLATFORM_USES_DSYMS\=YES
    export PLIST_FILE_OUTPUT_FORMAT\=binary
    export PLUGINS_FOLDER_PATH\=React_Mapbuffer.framework/PlugIns
    export PODS_BUILD_DIR\=/Users/antoniogrillo-balen/Library/Developer/Xcode/DerivedData/risebysolis-gzfsziqwziaggpcbgdowmssiasmi/Build/Products
    export PODS_CONFIGURATION_BUILD_DIR\=/Users/antoniogrillo-balen/Library/Developer/Xcode/DerivedData/risebysolis-gzfsziqwziaggpcbgdowmssiasmi/Build/Products/Debug-iphonesimulator
    export PODS_DEVELOPMENT_LANGUAGE\=en
    export PODS_ROOT\=/Users/antoniogrillo-balen/Desktop/Projects/RiseBuild/ios/Pods
    export PODS_TARGET_SRCROOT\=/Users/antoniogrillo-balen/Desktop/Projects/RiseBuild/ios/Pods/../../node_modules/react-native/ReactCommon
    export PODS_XCFRAMEWORKS_BUILD_DIR\=/Users/antoniogrillo-balen/Library/Developer/Xcode/DerivedData/risebysolis-gzfsziqwziaggpcbgdowmssiasmi/Build/Products/Debug-iphonesimulator/XCFrameworkIntermediates
    export PRECOMPS_INCLUDE_HEADERS_FROM_BUILT_PRODUCTS_DIR\=YES
    export PRECOMP_DESTINATION_DIR\=/Users/antoniogrillo-balen/Library/Developer/Xcode/DerivedData/risebysolis-gzfsziqwziaggpcbgdowmssiasmi/Build/Intermediates.noindex/Pods.build/Debug-iphonesimulator/React-Mapbuffer.build/PrefixHeaders
    export PRIVATE_HEADERS_FOLDER_PATH\=React_Mapbuffer.framework/PrivateHeaders
    export PROCESSED_INFOPLIST_PATH\=/Users/antoniogrillo-balen/Library/Developer/Xcode/DerivedData/risebysolis-gzfsziqwziaggpcbgdowmssiasmi/Build/Intermediates.noindex/Pods.build/Debug-iphonesimulator/React-Mapbuffer.build/Objects-normal/undefined_arch/Processed-Info.plist
    export PRODUCT_BUNDLE_IDENTIFIER\=org.cocoapods.React-Mapbuffer
    export PRODUCT_BUNDLE_PACKAGE_TYPE\=FMWK
    export PRODUCT_MODULE_NAME\=React_Mapbuffer
    export PRODUCT_NAME\=React_Mapbuffer
    export PRODUCT_SETTINGS_PATH\=/Users/antoniogrillo-balen/Desktop/Projects/RiseBuild/ios/Pods/Target\ Support\ Files/React-Mapbuffer/React-Mapbuffer-Info.plist
    export PRODUCT_TYPE\=com.apple.product-type.framework
    export PROFILING_CODE\=NO
    export PROJECT\=Pods
    export PROJECT_DERIVED_FILE_DIR\=/Users/antoniogrillo-balen/Library/Developer/Xcode/DerivedData/risebysolis-gzfsziqwziaggpcbgdowmssiasmi/Build/Intermediates.noindex/Pods.build/DerivedSources
    export PROJECT_DIR\=/Users/antoniogrillo-balen/Desktop/Projects/RiseBuild/ios/Pods
    export PROJECT_FILE_PATH\=/Users/antoniogrillo-balen/Desktop/Projects/RiseBuild/ios/Pods/Pods.xcodeproj
    export PROJECT_GUID\=8699adb1dd336b26511df848a716bd42
    export PROJECT_NAME\=Pods
    export PROJECT_TEMP_DIR\=/Users/antoniogrillo-balen/Library/Developer/Xcode/DerivedData/risebysolis-gzfsziqwziaggpcbgdowmssiasmi/Build/Intermediates.noindex/Pods.build
    export PROJECT_TEMP_ROOT\=/Users/antoniogrillo-balen/Library/Developer/Xcode/DerivedData/risebysolis-gzfsziqwziaggpcbgdowmssiasmi/Build/Intermediates.noindex
    export PUBLIC_HEADERS_FOLDER_PATH\=React_Mapbuffer.framework/Headers
    export REACT_NATIVE_PATH\=/Users/antoniogrillo-balen/Desktop/Projects/RiseBuild/ios/Pods/../../node_modules/react-native
    export RECOMMENDED_IPHONEOS_DEPLOYMENT_TARGET\=15.0
    export RECURSIVE_SEARCH_PATHS_FOLLOW_SYMLINKS\=YES
    export REMOVE_CVS_FROM_RESOURCES\=YES
    export REMOVE_GIT_FROM_RESOURCES\=YES
    export REMOVE_HEADERS_FROM_EMBEDDED_BUNDLES\=YES
    export REMOVE_HG_FROM_RESOURCES\=YES
    export REMOVE_STATIC_EXECUTABLES_FROM_EMBEDDED_BUNDLES\=YES
    export REMOVE_SVN_FROM_RESOURCES\=YES
    export RESCHEDULE_INDEPENDENT_HEADERS_PHASES\=YES
    export REZ_COLLECTOR_DIR\=/Users/antoniogrillo-balen/Library/Developer/Xcode/DerivedData/risebysolis-gzfsziqwziaggpcbgdowmssiasmi/Build/Intermediates.noindex/Pods.build/Debug-iphonesimulator/React-Mapbuffer.build/ResourceManagerResources
    export REZ_OBJECTS_DIR\=/Users/antoniogrillo-balen/Library/Developer/Xcode/DerivedData/risebysolis-gzfsziqwziaggpcbgdowmssiasmi/Build/Intermediates.noindex/Pods.build/Debug-iphonesimulator/React-Mapbuffer.build/ResourceManagerResources/Objects
    export REZ_SEARCH_PATHS\=/Users/antoniogrillo-balen/Library/Developer/Xcode/DerivedData/risebysolis-gzfsziqwziaggpcbgdowmssiasmi/Build/Products/Debug-iphonesimulator/React-Mapbuffer\ 
    export RPATH_ORIGIN\=@loader_path
    export RUNTIME_EXCEPTION_ALLOW_DYLD_ENVIRONMENT_VARIABLES\=NO
    export RUNTIME_EXCEPTION_ALLOW_JIT\=NO
    export RUNTIME_EXCEPTION_ALLOW_UNSIGNED_EXECUTABLE_MEMORY\=NO
    export RUNTIME_EXCEPTION_DEBUGGING_TOOL\=NO
    export RUNTIME_EXCEPTION_DISABLE_EXECUTABLE_PAGE_PROTECTION\=NO
    export RUNTIME_EXCEPTION_DISABLE_LIBRARY_VALIDATION\=NO
    export SCANNING_PCM_KEEP_CACHE_DIRECTORY\=YES
    export SCAN_ALL_SOURCE_FILES_FOR_INCLUDES\=NO
    export SCRIPTS_FOLDER_PATH\=React_Mapbuffer.framework/Scripts
    export SCRIPT_INPUT_FILE_COUNT\=0
    export SCRIPT_INPUT_FILE_LIST_COUNT\=0
    export SCRIPT_OUTPUT_FILE_COUNT\=0
    export SCRIPT_OUTPUT_FILE_LIST_COUNT\=0
    export SDKROOT\=/Applications/Xcode.app/Contents/Developer/Platforms/iPhoneSimulator.platform/Developer/SDKs/iPhoneSimulator26.5.sdk
    export SDK_DIR\=/Applications/Xcode.app/Contents/Developer/Platforms/iPhoneSimulator.platform/Developer/SDKs/iPhoneSimulator26.5.sdk
    export SDK_DIR_iphonesimulator\=/Applications/Xcode.app/Contents/Developer/Platforms/iPhoneSimulator.platform/Developer/SDKs/iPhoneSimulator26.5.sdk
    export SDK_DIR_iphonesimulator26_5\=/Applications/Xcode.app/Contents/Developer/Platforms/iPhoneSimulator.platform/Developer/SDKs/iPhoneSimulator26.5.sdk
    export SDK_NAME\=iphonesimulator26.5
    export SDK_NAMES\=iphonesimulator26.5
    export SDK_PRODUCT_BUILD_VERSION\=23F73
    export SDK_STAT_CACHE_DIR\=/Users/antoniogrillo-balen/Library/Developer/Xcode/DerivedData
    export SDK_STAT_CACHE_ENABLE\=YES
    export SDK_STAT_CACHE_PATH\=/Users/antoniogrillo-balen/Library/Developer/Xcode/DerivedData/SDKStatCaches.noindex/iphonesimulator26.5-23F73-6cfe768891a92b912361537c460fe42b.sdkstatcache
    export SDK_VERSION\=26.5
    export SDK_VERSION_ACTUAL\=260500
    export SDK_VERSION_MAJOR\=260000
    export SDK_VERSION_MINOR\=260500
    export SED\=/usr/bin/sed
    export SEPARATE_STRIP\=NO
    export SEPARATE_SYMBOL_EDIT\=NO
    export SET_DIR_MODE_OWNER_GROUP\=YES
    export SET_FILE_MODE_OWNER_GROUP\=NO
    export SHALLOW_BUNDLE\=YES
    export SHALLOW_BUNDLE_TRIPLE\=ios-simulator
    export SHALLOW_BUNDLE_ios_macabi\=NO
    export SHALLOW_BUNDLE_macos\=NO
    export SHARED_DERIVED_FILE_DIR\=/Users/antoniogrillo-balen/Library/Developer/Xcode/DerivedData/risebysolis-gzfsziqwziaggpcbgdowmssiasmi/Build/Products/Debug-iphonesimulator/React-Mapbuffer/DerivedSources
    export SHARED_FRAMEWORKS_FOLDER_PATH\=React_Mapbuffer.framework/SharedFrameworks
    export SHARED_PRECOMPS_DIR\=/Users/antoniogrillo-balen/Library/Developer/Xcode/DerivedData/risebysolis-gzfsziqwziaggpcbgdowmssiasmi/Build/Intermediates.noindex/PrecompiledHeaders
    export SHARED_SUPPORT_FOLDER_PATH\=React_Mapbuffer.framework
    export SKIP_INSTALL\=YES
    export SKIP_MERGEABLE_LIBRARY_BUNDLE_HOOK\=NO
    export SOURCE_ROOT\=/Users/antoniogrillo-balen/Desktop/Projects/RiseBuild/ios/Pods
    export SRCROOT\=/Users/antoniogrillo-balen/Desktop/Projects/RiseBuild/ios/Pods
    export STRINGSDATA_DIR\=/Users/antoniogrillo-balen/Library/Developer/Xcode/DerivedData/risebysolis-gzfsziqwziaggpcbgdowmssiasmi/Build/Intermediates.noindex/Pods.build/Debug-iphonesimulator/React-Mapbuffer.build/Objects-normal/undefined_arch
    export STRINGSDATA_ROOT\=/Users/antoniogrillo-balen/Library/Developer/Xcode/DerivedData/risebysolis-gzfsziqwziaggpcbgdowmssiasmi/Build/Intermediates.noindex/Pods.build/Debug-iphonesimulator/React-Mapbuffer.build
    export STRINGS_FILE_INFOPLIST_RENAME\=YES
    export STRINGS_FILE_OUTPUT_ENCODING\=binary
    export STRING_CATALOG_GENERATE_SYMBOLS\=NO
    export STRIP_BITCODE_FROM_COPIED_FILES\=NO
    export STRIP_INSTALLED_PRODUCT\=NO
    export STRIP_STYLE\=debugging
    export STRIP_SWIFT_SYMBOLS\=YES
    export SUPPORTED_DEVICE_FAMILIES\=1,2
    export SUPPORTED_PLATFORMS\=iphoneos\ iphonesimulator
    export SUPPORTS_TEXT_BASED_API\=NO
    export SUPPRESS_WARNINGS\=NO
    export SWIFT_ACTIVE_COMPILATION_CONDITIONS\=\ DEBUG\ 
    export SWIFT_EMIT_CONST_VALUE_PROTOCOLS\=AnyResolverProviding\ AppEntity\ AppEnum\ AppExtension\ AppIntent\ AppIntentsPackage\ AppShortcutProviding\ AppShortcutsProvider\ AppUnionValue\ AppUnionValueCasesProviding\ DynamicOptionsProvider\ EntityQuery\ ExtensionPointDefining\ IntentValueQuery\ Resolver\ TransientEntity\ _AssistantIntentsProvider\ _GenerativeFunctionExtractable\ _IntentValueRepresentable
    export SWIFT_EMIT_LOC_STRINGS\=NO
    export SWIFT_ENABLE_EXPLICIT_MODULES\=YES
    export SWIFT_INSTALL_MODULE_FOR_DEPLOYMENT\=YES
    export SWIFT_INSTALL_OBJC_HEADER\=YES
    export SWIFT_OPTIMIZATION_LEVEL\=-Onone
    export SWIFT_PLATFORM_TARGET_PREFIX\=ios
    export SWIFT_RESPONSE_FILE_PATH_normal_arm64\=/Users/antoniogrillo-balen/Library/Developer/Xcode/DerivedData/risebysolis-gzfsziqwziaggpcbgdowmssiasmi/Build/Intermediates.noindex/Pods.build/Debug-iphonesimulator/React-Mapbuffer.build/Objects-normal/arm64/React_Mapbuffer.SwiftFileList
    export SWIFT_VERSION\=5.0
    export SYMROOT\=/Users/antoniogrillo-balen/Library/Developer/Xcode/DerivedData/risebysolis-gzfsziqwziaggpcbgdowmssiasmi/Build/Products
    export SYSTEM_ADMIN_APPS_DIR\=/Applications/Utilities
    export SYSTEM_APPS_DIR\=/Applications
    export SYSTEM_CORE_SERVICES_DIR\=/System/Library/CoreServices
    export SYSTEM_DEMOS_DIR\=/Applications/Extras
    export SYSTEM_DEVELOPER_APPS_DIR\=/Applications/Xcode.app/Contents/Developer/Applications
    export SYSTEM_DEVELOPER_BIN_DIR\=/Applications/Xcode.app/Contents/Developer/usr/bin
    export SYSTEM_DEVELOPER_DEMOS_DIR\=/Applications/Xcode.app/Contents/Developer/Applications/Utilities/Built\ Examples
    export SYSTEM_DEVELOPER_DIR\=/Applications/Xcode.app/Contents/Developer
    export SYSTEM_DEVELOPER_DOC_DIR\=/Applications/Xcode.app/Contents/Developer/ADC\ Reference\ Library
    export SYSTEM_DEVELOPER_GRAPHICS_TOOLS_DIR\=/Applications/Xcode.app/Contents/Developer/Applications/Graphics\ Tools
    export SYSTEM_DEVELOPER_JAVA_TOOLS_DIR\=/Applications/Xcode.app/Contents/Developer/Applications/Java\ Tools
    export SYSTEM_DEVELOPER_PERFORMANCE_TOOLS_DIR\=/Applications/Xcode.app/Contents/Developer/Applications/Performance\ Tools
    export SYSTEM_DEVELOPER_RELEASENOTES_DIR\=/Applications/Xcode.app/Contents/Developer/ADC\ Reference\ Library/releasenotes
    export SYSTEM_DEVELOPER_TOOLS\=/Applications/Xcode.app/Contents/Developer/Tools
    export SYSTEM_DEVELOPER_TOOLS_DOC_DIR\=/Applications/Xcode.app/Contents/Developer/ADC\ Reference\ Library/documentation/DeveloperTools
    export SYSTEM_DEVELOPER_TOOLS_RELEASENOTES_DIR\=/Applications/Xcode.app/Contents/Developer/ADC\ Reference\ Library/releasenotes/DeveloperTools
    export SYSTEM_DEVELOPER_USR_DIR\=/Applications/Xcode.app/Contents/Developer/usr
    export SYSTEM_DEVELOPER_UTILITIES_DIR\=/Applications/Xcode.app/Contents/Developer/Applications/Utilities
    export SYSTEM_DEXT_INSTALL_PATH\=/System/Library/DriverExtensions
    export SYSTEM_DOCUMENTATION_DIR\=/Library/Documentation
    export SYSTEM_EXTENSIONS_FOLDER_PATH\=React_Mapbuffer.framework/SystemExtensions
    export SYSTEM_EXTENSIONS_FOLDER_PATH_SHALLOW_BUNDLE_NO\=React_Mapbuffer.framework/Library/SystemExtensions
    export SYSTEM_EXTENSIONS_FOLDER_PATH_SHALLOW_BUNDLE_YES\=React_Mapbuffer.framework/SystemExtensions
    export SYSTEM_KEXT_INSTALL_PATH\=/System/Library/Extensions
    export SYSTEM_LIBRARY_DIR\=/System/Library
    export TAPI_DEMANGLE\=YES
    export TAPI_ENABLE_PROJECT_HEADERS\=NO
    export TAPI_LANGUAGE\=objective-c
    export TAPI_LANGUAGE_STANDARD\=compiler-default
    export TAPI_USE_SRCROOT\=YES
    export TAPI_VERIFY_MODE\=Pedantic
    export TARGETED_DEVICE_FAMILY\=1,2
    export TARGETNAME\=React-Mapbuffer
    export TARGET_BUILD_DIR\=/Users/antoniogrillo-balen/Library/Developer/Xcode/DerivedData/risebysolis-gzfsziqwziaggpcbgdowmssiasmi/Build/Products/Debug-iphonesimulator/React-Mapbuffer
    export TARGET_DEVICE_IDENTIFIER\=0C333F8A-4681-4475-855E-6FFD70F12533
    export TARGET_DEVICE_MODEL\=iPhone16,2
    export TARGET_DEVICE_OS_VERSION\=26.4.1
    export TARGET_DEVICE_PLATFORM_NAME\=iphonesimulator
    export TARGET_NAME\=React-Mapbuffer
    export TARGET_TEMP_DIR\=/Users/antoniogrillo-balen/Library/Developer/Xcode/DerivedData/risebysolis-gzfsziqwziaggpcbgdowmssiasmi/Build/Intermediates.noindex/Pods.build/Debug-iphonesimulator/React-Mapbuffer.build
    export TEMP_DIR\=/Users/antoniogrillo-balen/Library/Developer/Xcode/DerivedData/risebysolis-gzfsziqwziaggpcbgdowmssiasmi/Build/Intermediates.noindex/Pods.build/Debug-iphonesimulator/React-Mapbuffer.build
    export TEMP_FILES_DIR\=/Users/antoniogrillo-balen/Library/Developer/Xcode/DerivedData/risebysolis-gzfsziqwziaggpcbgdowmssiasmi/Build/Intermediates.noindex/Pods.build/Debug-iphonesimulator/React-Mapbuffer.build
    export TEMP_FILE_DIR\=/Users/antoniogrillo-balen/Library/Developer/Xcode/DerivedData/risebysolis-gzfsziqwziaggpcbgdowmssiasmi/Build/Intermediates.noindex/Pods.build/Debug-iphonesimulator/React-Mapbuffer.build
    export TEMP_ROOT\=/Users/antoniogrillo-balen/Library/Developer/Xcode/DerivedData/risebysolis-gzfsziqwziaggpcbgdowmssiasmi/Build/Intermediates.noindex
    export TEMP_SANDBOX_DIR\=/Users/antoniogrillo-balen/Library/Developer/Xcode/DerivedData/risebysolis-gzfsziqwziaggpcbgdowmssiasmi/Build/Intermediates.noindex/TemporaryTaskSandboxes
    export TEST_FRAMEWORK_SEARCH_PATHS\=\ /Applications/Xcode.app/Contents/Developer/Platforms/iPhoneSimulator.platform/Developer/Library/Frameworks\ /Applications/Xcode.app/Contents/Developer/Platforms/iPhoneSimulator.platform/Developer/SDKs/iPhoneSimulator26.5.sdk/Developer/Library/Frameworks
    export TEST_LIBRARY_SEARCH_PATHS\=\ /Applications/Xcode.app/Contents/Developer/Platforms/iPhoneSimulator.platform/Developer/usr/lib
    export TOOLCHAINS\=com.apple.dt.toolchain.XcodeDefault
    export TOOLCHAIN_DIR\=/Applications/Xcode.app/Contents/Developer/Toolchains/XcodeDefault.xctoolchain
    export TREAT_MISSING_BASELINES_AS_TEST_FAILURES\=NO
    export TREAT_MISSING_SCRIPT_PHASE_OUTPUTS_AS_ERRORS\=NO
    export TeamIdentifierPrefix\=FAKETEAMID.
    export UID\=501
    export UNINSTALLED_PRODUCTS_DIR\=/Users/antoniogrillo-balen/Library/Developer/Xcode/DerivedData/risebysolis-gzfsziqwziaggpcbgdowmssiasmi/Build/Intermediates.noindex/UninstalledProducts
    export UNLOCALIZED_RESOURCES_FOLDER_PATH\=React_Mapbuffer.framework
    export UNLOCALIZED_RESOURCES_FOLDER_PATH_SHALLOW_BUNDLE_NO\=React_Mapbuffer.framework/Resources
    export UNLOCALIZED_RESOURCES_FOLDER_PATH_SHALLOW_BUNDLE_YES\=React_Mapbuffer.framework
    export UNSTRIPPED_PRODUCT\=NO
    export USER\=antoniogrillo-balen
    export USER_APPS_DIR\=/Users/antoniogrillo-balen/Applications
    export USER_LIBRARY_DIR\=/Users/antoniogrillo-balen/Library
    export USE_DYNAMIC_NO_PIC\=YES
    export USE_HEADERMAP\=YES
    export USE_HEADER_SYMLINKS\=NO
    export USE_HERMES\=true
    export USE_RECURSIVE_SCRIPT_INPUTS_IN_SCRIPT_PHASES\=YES
    export VALIDATE_DEVELOPMENT_ASSET_PATHS\=YES_ERROR
    export VALIDATE_PRODUCT\=NO
    export VALID_ARCHS\=arm64\ x86_64
    export VERBOSE_PBXCP\=NO
    export VERSIONING_SYSTEM\=apple-generic
    export VERSIONPLIST_PATH\=React_Mapbuffer.framework/version.plist
    export VERSIONS_FOLDER_PATH\=React_Mapbuffer.framework
    export VERSIONS_FOLDER_PATH_SHALLOW_BUNDLE_NO\=React_Mapbuffer.framework/Versions
    export VERSIONS_FOLDER_PATH_SHALLOW_BUNDLE_YES\=React_Mapbuffer.framework
    export VERSION_INFO_BUILDER\=antoniogrillo-balen
    export VERSION_INFO_FILE\=React_Mapbuffer_vers.c
    export VERSION_INFO_STRING\=\"@\(\#\)PROGRAM:React_Mapbuffer\ \ PROJECT:Pods-1\"
    export WORKSPACE_DIR\=/Users/antoniogrillo-balen/Desktop/Projects/RiseBuild/ios
    export WRAPPER_EXTENSION\=framework
    export WRAPPER_NAME\=React_Mapbuffer.framework
    export WRAPPER_SUFFIX\=.framework
    export WRAP_ASSET_PACKS_IN_SEPARATE_DIRECTORIES\=NO
    export XCODE_APP_SUPPORT_DIR\=/Applications/Xcode.app/Contents/Developer/Library/Xcode
    export XCODE_PRODUCT_BUILD_VERSION\=17F42
    export XCODE_VERSION_ACTUAL\=2650
    export XCODE_VERSION_MAJOR\=2600
    export XCODE_VERSION_MINOR\=2650
    export XPCSERVICES_FOLDER_PATH\=React_Mapbuffer.framework/XPCServices
    export YACC\=yacc
    export _DISCOVER_COMMAND_LINE_LINKER_INPUTS\=YES
    export _DISCOVER_COMMAND_LINE_LINKER_INPUTS_INCLUDE_WL\=YES
    export _LD_MULTIARCH\=YES
    export _WRAPPER_CONTENTS_DIR_SHALLOW_BUNDLE_NO\=/Contents
    export _WRAPPER_PARENT_PATH_SHALLOW_BUNDLE_NO\=/..
    export _WRAPPER_RESOURCES_DIR_SHALLOW_BUNDLE_NO\=/Resources
    export __DIAGNOSE_DEPRECATED_ARCHS\=YES
    export __ORIGINAL_SDK_DEFINED_LLVM_TARGET_TRIPLE_SYS\=ios
    export arch\=undefined_arch
    export variant\=normal
    /bin/sh -c /Users/antoniogrillo-balen/Library/Developer/Xcode/DerivedData/risebysolis-gzfsziqwziaggpcbgdowmssiasmi/Build/Intermediates.noindex/Pods.build/Debug-iphonesimulator/React-Mapbuffer.build/Script-46EB2E00027A40.sh

warning: Run script build phase 'Create Symlinks to Header Folders' will be run during every build because it does not specify any outputs. To address this issue, either add output dependencies to the script phase, or configure it to run in every build by unchecking "Based on dependency analysis" in the script phase. (in target 'React-jserrorhandler' from project 'Pods')
PhaseScriptExecution Create\ Symlinks\ to\ Header\ Folders /Users/antoniogrillo-balen/Library/Developer/Xcode/DerivedData/risebysolis-gzfsziqwziaggpcbgdowmssiasmi/Build/Intermediates.noindex/Pods.build/Debug-iphonesimulator/React-jserrorhandler.build/Script-46EB2E0002B770.sh (in target 'React-jserrorhandler' from project 'Pods')
    cd /Users/antoniogrillo-balen/Desktop/Projects/RiseBuild/ios/Pods
    export ACTION\=build
    export AD_HOC_CODE_SIGNING_ALLOWED\=YES
    export ALLOW_BUILD_REQUEST_OVERRIDES\=NO
    export ALLOW_TARGET_PLATFORM_SPECIALIZATION\=NO
    export ALTERNATE_GROUP\=staff
    export ALTERNATE_MODE\=u+w,go-w,a+rX
    export ALTERNATE_OWNER\=antoniogrillo-balen
    export ALTERNATIVE_DISTRIBUTION_WEB\=NO
    export ALWAYS_EMBED_SWIFT_STANDARD_LIBRARIES\=NO
    export ALWAYS_SEARCH_USER_PATHS\=NO
    export ALWAYS_USE_SEPARATE_HEADERMAPS\=NO
    export APPLICATION_EXTENSION_API_ONLY\=NO
    export APPLY_RULES_IN_COPY_FILES\=NO
    export APPLY_RULES_IN_COPY_HEADERS\=NO
    export APP_SHORTCUTS_ENABLE_FLEXIBLE_MATCHING\=YES
    export ARCHS\=arm64
    export ARCHS_BASE\=arm64
    export ARCHS_STANDARD\=arm64\ x86_64
    export ARCHS_STANDARD_32_64_BIT\=arm64\ x86_64
    export ARCHS_STANDARD_64_BIT\=arm64\ x86_64
    export ARCHS_STANDARD_INCLUDING_64_BIT\=arm64\ x86_64
    export ARCHS_UNIVERSAL_IPHONE_OS\=arm64\ x86_64
    export ASSETCATALOG_FILTER_FOR_DEVICE_MODEL\=iPhone16,2
    export ASSETCATALOG_FILTER_FOR_DEVICE_OS_VERSION\=26.4.1
    export ASSETCATALOG_FILTER_FOR_THINNING_DEVICE_CONFIGURATION\=iPhone16,2
    export AUTOMATICALLY_MERGE_DEPENDENCIES\=NO
    export AUTOMATION_APPLE_EVENTS\=NO
    export AVAILABLE_PLATFORMS\=android\ appletvos\ appletvsimulator\ driverkit\ freebsd\ iphoneos\ iphonesimulator\ linux\ macosx\ none\ openbsd\ qnx\ watchos\ watchsimulator\ webassembly\ xros\ xrsimulator
    export AppIdentifierPrefix\=FAKETEAMID.
    export BUILD_ACTIVE_RESOURCES_ONLY\=YES
    export BUILD_COMPONENTS\=headers\ build
    export BUILD_DIR\=/Users/antoniogrillo-balen/Library/Developer/Xcode/DerivedData/risebysolis-gzfsziqwziaggpcbgdowmssiasmi/Build/Products
    export BUILD_LIBRARY_FOR_DISTRIBUTION\=NO
    export BUILD_ONLY_KNOWN_LOCALIZATIONS\=NO
    export BUILD_ROOT\=/Users/antoniogrillo-balen/Library/Developer/Xcode/DerivedData/risebysolis-gzfsziqwziaggpcbgdowmssiasmi/Build/Products
    export BUILD_STYLE\=
    export BUILD_VARIANTS\=normal
    export BUILT_PRODUCTS_DIR\=/Users/antoniogrillo-balen/Library/Developer/Xcode/DerivedData/risebysolis-gzfsziqwziaggpcbgdowmssiasmi/Build/Products/Debug-iphonesimulator/React-jserrorhandler
    export BUNDLE_CONTENTS_FOLDER_PATH_deep\=Contents/
    export BUNDLE_EXECUTABLE_FOLDER_NAME_deep\=MacOS
    export BUNDLE_EXTENSIONS_FOLDER_PATH\=Extensions
    export BUNDLE_FORMAT\=shallow
    export BUNDLE_FRAMEWORKS_FOLDER_PATH\=Frameworks
    export BUNDLE_PLUGINS_FOLDER_PATH\=PlugIns
    export BUNDLE_PRIVATE_HEADERS_FOLDER_PATH\=PrivateHeaders
    export BUNDLE_PUBLIC_HEADERS_FOLDER_PATH\=Headers
    export CACHE_ROOT\=/var/folders/2z/jtlqylkx0c709j3xb7b0g4cm0000gn/C/com.apple.DeveloperTools/26.5-17F42/Xcode
    export CCHROOT\=/var/folders/2z/jtlqylkx0c709j3xb7b0g4cm0000gn/C/com.apple.DeveloperTools/26.5-17F42/Xcode
    export CHMOD\=/bin/chmod
    export CHOWN\=chown
    export CLANG_ANALYZER_LOCALIZABILITY_NONLOCALIZED\=YES
    export CLANG_ANALYZER_NONNULL\=YES
    export CLANG_ANALYZER_NUMBER_OBJECT_CONVERSION\=YES_AGGRESSIVE
    export CLANG_CACHE_FINE_GRAINED_OUTPUTS\=YES
    export CLANG_CXX_LANGUAGE_STANDARD\=c++20
    export CLANG_CXX_LIBRARY\=libc++
    export CLANG_ENABLE_EXPLICIT_MODULES\=YES
    export CLANG_ENABLE_MODULES\=YES
    export CLANG_ENABLE_OBJC_ARC\=YES
    export CLANG_ENABLE_OBJC_WEAK\=NO
    export CLANG_MODULES_BUILD_SESSION_FILE\=/Users/antoniogrillo-balen/Library/Developer/Xcode/DerivedData/ModuleCache.noindex/Session.modulevalidation
    export CLANG_WARN_BLOCK_CAPTURE_AUTORELEASING\=YES
    export CLANG_WARN_BOOL_CONVERSION\=YES
    export CLANG_WARN_COMMA\=YES
    export CLANG_WARN_CONSTANT_CONVERSION\=YES
    export CLANG_WARN_DEPRECATED_OBJC_IMPLEMENTATIONS\=YES
    export CLANG_WARN_DIRECT_OBJC_ISA_USAGE\=YES_ERROR
    export CLANG_WARN_DOCUMENTATION_COMMENTS\=YES
    export CLANG_WARN_EMPTY_BODY\=YES
    export CLANG_WARN_ENUM_CONVERSION\=YES
    export CLANG_WARN_INFINITE_RECURSION\=YES
    export CLANG_WARN_INT_CONVERSION\=YES
    export CLANG_WARN_NON_LITERAL_NULL_CONVERSION\=YES
    export CLANG_WARN_OBJC_IMPLICIT_RETAIN_SELF\=YES
    export CLANG_WARN_OBJC_LITERAL_CONVERSION\=YES
    export CLANG_WARN_OBJC_ROOT_CLASS\=YES_ERROR
    export CLANG_WARN_QUOTED_INCLUDE_IN_FRAMEWORK_HEADER\=NO
    export CLANG_WARN_RANGE_LOOP_ANALYSIS\=YES
    export CLANG_WARN_STRICT_PROTOTYPES\=YES
    export CLANG_WARN_SUSPICIOUS_MOVE\=YES
    export CLANG_WARN_UNGUARDED_AVAILABILITY\=YES_AGGRESSIVE
    export CLANG_WARN_UNREACHABLE_CODE\=YES
    export CLANG_WARN__DUPLICATE_METHOD_MATCH\=YES
    export CLASS_FILE_DIR\=/Users/antoniogrillo-balen/Library/Developer/Xcode/DerivedData/risebysolis-gzfsziqwziaggpcbgdowmssiasmi/Build/Intermediates.noindex/Pods.build/Debug-iphonesimulator/React-jserrorhandler.build/JavaClasses
    export CLEAN_PRECOMPS\=YES
    export CLONE_HEADERS\=NO
    export CODESIGNING_FOLDER_PATH\=/Users/antoniogrillo-balen/Library/Developer/Xcode/DerivedData/risebysolis-gzfsziqwziaggpcbgdowmssiasmi/Build/Products/Debug-iphonesimulator/React-jserrorhandler/React_jserrorhandler.framework
    export CODE_SIGNING_ALLOWED\=YES
    export CODE_SIGNING_REQUIRED\=NO
    export CODE_SIGNING_REQUIRES_TEAM\=YES
    export CODE_SIGN_CONTEXT_CLASS\=XCiPhoneSimulatorCodeSignContext
    export CODE_SIGN_IDENTITY\=-
    export CODE_SIGN_INJECT_BASE_ENTITLEMENTS\=YES
    export COLOR_DIAGNOSTICS\=NO
    export COMBINE_HIDPI_IMAGES\=NO
    export COMPILATION_CACHE_CAS_PATH\=/Users/antoniogrillo-balen/Library/Developer/Xcode/DerivedData/CompilationCache.noindex
    export COMPILATION_CACHE_KEEP_CAS_DIRECTORY\=YES
    export COMPILER_INDEX_STORE_ENABLE\=Default
    export COMPOSITE_SDK_DIRS\=/Users/antoniogrillo-balen/Library/Developer/Xcode/DerivedData/risebysolis-gzfsziqwziaggpcbgdowmssiasmi/Build/Intermediates.noindex/CompositeSDKs
    export COMPRESS_PNG_FILES\=YES
    export CONFIGURATION\=Debug
    export CONFIGURATION_BUILD_DIR\=/Users/antoniogrillo-balen/Library/Developer/Xcode/DerivedData/risebysolis-gzfsziqwziaggpcbgdowmssiasmi/Build/Products/Debug-iphonesimulator/React-jserrorhandler
    export CONFIGURATION_TEMP_DIR\=/Users/antoniogrillo-balen/Library/Developer/Xcode/DerivedData/risebysolis-gzfsziqwziaggpcbgdowmssiasmi/Build/Intermediates.noindex/Pods.build/Debug-iphonesimulator
    export CONTENTS_FOLDER_PATH\=React_jserrorhandler.framework
    export CONTENTS_FOLDER_PATH_SHALLOW_BUNDLE_NO\=React_jserrorhandler.framework/A
    export CONTENTS_FOLDER_PATH_SHALLOW_BUNDLE_YES\=React_jserrorhandler.framework
    export COPYING_PRESERVES_HFS_DATA\=NO
    export COPY_HEADERS_RUN_UNIFDEF\=NO
    export COPY_PHASE_STRIP\=NO
    export CORRESPONDING_DEVICE_PLATFORM_DIR\=/Applications/Xcode.app/Contents/Developer/Platforms/iPhoneOS.platform
    export CORRESPONDING_DEVICE_PLATFORM_NAME\=iphoneos
    export CORRESPONDING_DEVICE_SDK_DIR\=/Applications/Xcode.app/Contents/Developer/Platforms/iPhoneOS.platform/Developer/SDKs/iPhoneOS26.5.sdk
    export CORRESPONDING_DEVICE_SDK_NAME\=iphoneos26.5
    export CP\=/bin/cp
    export CREATE_INFOPLIST_SECTION_IN_BINARY\=NO
    export CURRENT_ARCH\=undefined_arch
    export CURRENT_PROJECT_VERSION\=1
    export CURRENT_VARIANT\=normal
    export CURRENT_VERSION\=Current
    export DEAD_CODE_STRIPPING\=YES
    export DEBUGGING_SYMBOLS\=YES
    export DEBUG_INFORMATION_FORMAT\=dwarf
    export DEBUG_INFORMATION_VERSION\=compiler-default
    export DEFAULT_COMPILER\=com.apple.compilers.llvm.clang.1_0
    export DEFAULT_DEXT_INSTALL_PATH\=/System/Library/DriverExtensions
    export DEFAULT_KEXT_INSTALL_PATH\=/System/Library/Extensions
    export DEFINES_MODULE\=YES
    export DEPLOYMENT_LOCATION\=NO
    export DEPLOYMENT_POSTPROCESSING\=NO
    export DEPLOYMENT_TARGET_SETTING_NAME\=IPHONEOS_DEPLOYMENT_TARGET
    export DEPLOYMENT_TARGET_SUGGESTED_VALUES\=12.0\ 12.1\ 12.2\ 12.3\ 12.4\ 13.0\ 13.1\ 13.2\ 13.3\ 13.4\ 13.5\ 13.6\ 14.0\ 14.1\ 14.2\ 14.3\ 14.4\ 14.5\ 14.6\ 14.7\ 15.0\ 15.1\ 15.2\ 15.3\ 15.4\ 15.5\ 15.6\ 16.0\ 16.1\ 16.2\ 16.3\ 16.4\ 16.5\ 16.6\ 17.0\ 17.1\ 17.2\ 17.3\ 17.4\ 17.5\ 17.6\ 18.0\ 18.1\ 18.2\ 18.3\ 18.4\ 18.5\ 18.6\ 26.0\ 26.2\ 26.3\ 26.4\ 26.5
    export DERIVED_FILES_DIR\=/Users/antoniogrillo-balen/Library/Developer/Xcode/DerivedData/risebysolis-gzfsziqwziaggpcbgdowmssiasmi/Build/Intermediates.noindex/Pods.build/Debug-iphonesimulator/React-jserrorhandler.build/DerivedSources
    export DERIVED_FILE_DIR\=/Users/antoniogrillo-balen/Library/Developer/Xcode/DerivedData/risebysolis-gzfsziqwziaggpcbgdowmssiasmi/Build/Intermediates.noindex/Pods.build/Debug-iphonesimulator/React-jserrorhandler.build/DerivedSources
    export DERIVED_SOURCES_DIR\=/Users/antoniogrillo-balen/Library/Developer/Xcode/DerivedData/risebysolis-gzfsziqwziaggpcbgdowmssiasmi/Build/Intermediates.noindex/Pods.build/Debug-iphonesimulator/React-jserrorhandler.build/DerivedSources
    export DEVELOPER_APPLICATIONS_DIR\=/Applications/Xcode.app/Contents/Developer/Applications
    export DEVELOPER_BIN_DIR\=/Applications/Xcode.app/Contents/Developer/usr/bin
    export DEVELOPER_DIR\=/Applications/Xcode.app/Contents/Developer
    export DEVELOPER_FRAMEWORKS_DIR\=/Applications/Xcode.app/Contents/Developer/Library/Frameworks
    export DEVELOPER_FRAMEWORKS_DIR_QUOTED\=/Applications/Xcode.app/Contents/Developer/Library/Frameworks
    export DEVELOPER_LIBRARY_DIR\=/Applications/Xcode.app/Contents/Developer/Library
    export DEVELOPER_SDK_DIR\=/Applications/Xcode.app/Contents/Developer/Platforms/MacOSX.platform/Developer/SDKs
    export DEVELOPER_TOOLS_DIR\=/Applications/Xcode.app/Contents/Developer/Tools
    export DEVELOPER_USR_DIR\=/Applications/Xcode.app/Contents/Developer/usr
    export DEVELOPMENT_LANGUAGE\=en
    export DIAGNOSE_MISSING_TARGET_DEPENDENCIES\=YES
    export DIFF\=/usr/bin/diff
    export DOCUMENTATION_FOLDER_PATH\=React_jserrorhandler.framework/en.lproj/Documentation
    export DONT_GENERATE_INFOPLIST_FILE\=NO
    export DSTROOT\=/tmp/Pods.dst
    export DT_TOOLCHAIN_DIR\=/Applications/Xcode.app/Contents/Developer/Toolchains/XcodeDefault.xctoolchain
    export DUMP_DEPENDENCIES\=NO
    export DUMP_DEPENDENCIES_OUTPUT_PATH\=/Users/antoniogrillo-balen/Library/Developer/Xcode/DerivedData/risebysolis-gzfsziqwziaggpcbgdowmssiasmi/Build/Intermediates.noindex/Pods.build/Debug-iphonesimulator/React-jserrorhandler.build/React-jserrorhandler-BuildDependencyInfo.json
    export DWARF_DSYM_FILE_NAME\=React_jserrorhandler.framework.dSYM
    export DWARF_DSYM_FILE_SHOULD_ACCOMPANY_PRODUCT\=NO
    export DWARF_DSYM_FOLDER_PATH\=/Users/antoniogrillo-balen/Library/Developer/Xcode/DerivedData/risebysolis-gzfsziqwziaggpcbgdowmssiasmi/Build/Products/Debug-iphonesimulator/React-jserrorhandler
    export DYLIB_COMPATIBILITY_VERSION\=1
    export DYLIB_CURRENT_VERSION\=1
    export DYLIB_INSTALL_NAME_BASE\=@rpath
    export DYNAMIC_LIBRARY_EXTENSION\=dylib
    export EAGER_COMPILATION_ALLOW_SCRIPTS\=NO
    export EAGER_LINKING\=NO
    export EFFECTIVE_PLATFORM_NAME\=-iphonesimulator
    export EFFECTIVE_SWIFT_VERSION\=5
    export EMBEDDED_CONTENT_CONTAINS_SWIFT\=NO
    export EMBED_ASSET_PACKS_IN_PRODUCT_BUNDLE\=NO
    export ENABLE_APP_SANDBOX\=NO
    export ENABLE_CODE_COVERAGE\=YES
    export ENABLE_COHORT_ARCHS\=NO
    export ENABLE_CPLUSPLUS_BOUNDS_SAFE_BUFFERS\=NO
    export ENABLE_C_BOUNDS_SAFETY\=NO
    export ENABLE_DEFAULT_HEADER_SEARCH_PATHS\=YES
    export ENABLE_DEFAULT_SEARCH_PATHS\=YES
    export ENABLE_ENHANCED_SECURITY\=NO
    export ENABLE_HARDENED_RUNTIME\=NO
    export ENABLE_HEADER_DEPENDENCIES\=YES
    export ENABLE_INCOMING_NETWORK_CONNECTIONS\=NO
    export ENABLE_MODULE_VERIFIER\=NO
    export ENABLE_ON_DEMAND_RESOURCES\=NO
    export ENABLE_OUTGOING_NETWORK_CONNECTIONS\=NO
    export ENABLE_POINTER_AUTHENTICATION\=NO
    export ENABLE_PREVIEWS\=NO
    export ENABLE_RESOURCE_ACCESS_AUDIO_INPUT\=NO
    export ENABLE_RESOURCE_ACCESS_BLUETOOTH\=NO
    export ENABLE_RESOURCE_ACCESS_CALENDARS\=NO
    export ENABLE_RESOURCE_ACCESS_CAMERA\=NO
    export ENABLE_RESOURCE_ACCESS_CONTACTS\=NO
    export ENABLE_RESOURCE_ACCESS_LOCATION\=NO
    export ENABLE_RESOURCE_ACCESS_PHOTO_LIBRARY\=NO
    export ENABLE_RESOURCE_ACCESS_PRINTING\=NO
    export ENABLE_RESOURCE_ACCESS_USB\=NO
    export ENABLE_SDK_IMPORTS\=NO
    export ENABLE_SECURITY_COMPILER_WARNINGS\=NO
    export ENABLE_STRICT_OBJC_MSGSEND\=YES
    export ENABLE_TESTABILITY\=YES
    export ENABLE_TESTING_SEARCH_PATHS\=NO
    export ENABLE_USER_SCRIPT_SANDBOXING\=NO
    export ENABLE_XOJIT_PREVIEWS\=YES
    export ENFORCE_VALID_ARCHS\=YES
    export ENTITLEMENTS_DESTINATION\=__entitlements
    export ENTITLEMENTS_REQUIRED\=NO
    export EXCLUDED_INSTALLSRC_SUBDIRECTORY_PATTERNS\=.DS_Store\ .svn\ .git\ .hg\ CVS
    export EXCLUDED_RECURSIVE_SEARCH_PATH_SUBDIRECTORIES\=\*.nib\ \*.lproj\ \*.framework\ \*.gch\ \*.xcode\*\ \*.xcassets\ \*.icon\ \(\*\)\ .DS_Store\ CVS\ .svn\ .git\ .hg\ \*.pbproj\ \*.pbxproj
    export EXECUTABLES_FOLDER_PATH\=React_jserrorhandler.framework/en.lproj
    export EXECUTABLE_FOLDER_PATH\=React_jserrorhandler.framework
    export EXECUTABLE_FOLDER_PATH_SHALLOW_BUNDLE_NO\=React_jserrorhandler.framework
    export EXECUTABLE_FOLDER_PATH_SHALLOW_BUNDLE_YES\=React_jserrorhandler.framework
    export EXECUTABLE_NAME\=React_jserrorhandler
    export EXECUTABLE_PATH\=React_jserrorhandler.framework/React_jserrorhandler
    export EXPANDED_CODE_SIGN_IDENTITY\=-
    export EXPANDED_CODE_SIGN_IDENTITY_NAME\=Sign\ to\ Run\ Locally
    export EXTENSIONS_FOLDER_PATH\=React_jserrorhandler.framework/Extensions
    export FILE_LIST\=/Users/antoniogrillo-balen/Library/Developer/Xcode/DerivedData/risebysolis-gzfsziqwziaggpcbgdowmssiasmi/Build/Intermediates.noindex/Pods.build/Debug-iphonesimulator/React-jserrorhandler.build/Objects/LinkFileList
    export FIXED_FILES_DIR\=/Users/antoniogrillo-balen/Library/Developer/Xcode/DerivedData/risebysolis-gzfsziqwziaggpcbgdowmssiasmi/Build/Intermediates.noindex/Pods.build/Debug-iphonesimulator/React-jserrorhandler.build/FixedFiles
    export FRAMEWORKS_FOLDER_PATH\=React_jserrorhandler.framework/Frameworks
    export FRAMEWORK_FLAG_PREFIX\=-framework
    export FRAMEWORK_SEARCH_PATHS\=/Users/antoniogrillo-balen/Library/Developer/Xcode/DerivedData/risebysolis-gzfsziqwziaggpcbgdowmssiasmi/Build/Products/Debug-iphonesimulator/React-jserrorhandler\ \ \"/Users/antoniogrillo-balen/Library/Developer/Xcode/DerivedData/risebysolis-gzfsziqwziaggpcbgdowmssiasmi/Build/Products/Debug-iphonesimulator/DoubleConversion\"\ \"/Users/antoniogrillo-balen/Library/Developer/Xcode/DerivedData/risebysolis-gzfsziqwziaggpcbgdowmssiasmi/Build/Products/Debug-iphonesimulator/RCT-Folly\"\ \"/Users/antoniogrillo-balen/Library/Developer/Xcode/DerivedData/risebysolis-gzfsziqwziaggpcbgdowmssiasmi/Build/Products/Debug-iphonesimulator/React-cxxreact\"\ \"/Users/antoniogrillo-balen/Library/Developer/Xcode/DerivedData/risebysolis-gzfsziqwziaggpcbgdowmssiasmi/Build/Products/Debug-iphonesimulator/React-debug\"\ \"/Users/antoniogrillo-balen/Library/Developer/Xcode/DerivedData/risebysolis-gzfsziqwziaggpcbgdowmssiasmi/Build/Products/Debug-iphonesimulator/React-featureflags\"\ \"/Users/antoniogrillo-balen/Library/Developer/Xcode/DerivedData/risebysolis-gzfsziqwziaggpcbgdowmssiasmi/Build/Products/Debug-iphonesimulator/React-jsi\"\ \"/Users/antoniogrillo-balen/Library/Developer/Xcode/DerivedData/risebysolis-gzfsziqwziaggpcbgdowmssiasmi/Build/Products/Debug-iphonesimulator/React-jsinspector\"\ \"/Users/antoniogrillo-balen/Library/Developer/Xcode/DerivedData/risebysolis-gzfsziqwziaggpcbgdowmssiasmi/Build/Products/Debug-iphonesimulator/React-logger\"\ \"/Users/antoniogrillo-balen/Library/Developer/Xcode/DerivedData/risebysolis-gzfsziqwziaggpcbgdowmssiasmi/Build/Products/Debug-iphonesimulator/React-perflogger\"\ \"/Users/antoniogrillo-balen/Library/Developer/Xcode/DerivedData/risebysolis-gzfsziqwziaggpcbgdowmssiasmi/Build/Products/Debug-iphonesimulator/fmt\"\ \"/Users/antoniogrillo-balen/Library/Developer/Xcode/DerivedData/risebysolis-gzfsziqwziaggpcbgdowmssiasmi/Build/Products/Debug-iphonesimulator/glog\"\ \"/Users/antoniogrillo-balen/Desktop/Projects/RiseBuild/ios/Pods/hermes-engine/destroot/Library/Frameworks/universal\"\ \"/Users/antoniogrillo-balen/Library/Developer/Xcode/DerivedData/risebysolis-gzfsziqwziaggpcbgdowmssiasmi/Build/Products/Debug-iphonesimulator/XCFrameworkIntermediates/hermes-engine/Pre-built\"
    export FRAMEWORK_VERSION\=A
    export FULL_PRODUCT_NAME\=React_jserrorhandler.framework
    export FUSE_BUILD_PHASES\=YES
    export FUSE_BUILD_SCRIPT_PHASES\=NO
    export GCC3_VERSION\=3.3
    export GCC_C_LANGUAGE_STANDARD\=gnu11
    export GCC_DYNAMIC_NO_PIC\=NO
    export GCC_INLINES_ARE_PRIVATE_EXTERN\=YES
    export GCC_NO_COMMON_BLOCKS\=YES
    export GCC_OBJC_LEGACY_DISPATCH\=YES
    export GCC_OPTIMIZATION_LEVEL\=0
    export GCC_PFE_FILE_C_DIALECTS\=c\ objective-c\ c++\ objective-c++
    export GCC_PREFIX_HEADER\=Target\ Support\ Files/React-jserrorhandler/React-jserrorhandler-prefix.pch
    export GCC_PREPROCESSOR_DEFINITIONS\=POD_CONFIGURATION_DEBUG\=1\ DEBUG\=1\ \ COCOAPODS\=1
    export GCC_TREAT_WARNINGS_AS_ERRORS\=NO
    export GCC_VERSION\=com.apple.compilers.llvm.clang.1_0
    export GCC_VERSION_IDENTIFIER\=com_apple_compilers_llvm_clang_1_0
    export GCC_WARN_64_TO_32_BIT_CONVERSION\=YES
    export GCC_WARN_ABOUT_RETURN_TYPE\=YES_ERROR
    export GCC_WARN_UNDECLARED_SELECTOR\=YES
    export GCC_WARN_UNINITIALIZED_AUTOS\=YES_AGGRESSIVE
    export GCC_WARN_UNUSED_FUNCTION\=YES
    export GCC_WARN_UNUSED_VARIABLE\=YES
    export GENERATED_MODULEMAP_DIR\=/Users/antoniogrillo-balen/Library/Developer/Xcode/DerivedData/risebysolis-gzfsziqwziaggpcbgdowmssiasmi/Build/Intermediates.noindex/GeneratedModuleMaps-iphonesimulator
    export GENERATE_INFOPLIST_FILE\=NO
    export GENERATE_INTERMEDIATE_TEXT_BASED_STUBS\=YES
    export GENERATE_PKGINFO_FILE\=NO
    export GENERATE_PRELINK_OBJECT_FILE\=NO
    export GENERATE_PROFILING_CODE\=NO
    export GENERATE_TEXT_BASED_STUBS\=NO
    export GID\=20
    export GROUP\=staff
    export HEADERMAP_INCLUDES_FLAT_ENTRIES_FOR_TARGET_BEING_BUILT\=YES
    export HEADERMAP_INCLUDES_FRAMEWORK_ENTRIES_FOR_ALL_PRODUCT_TYPES\=YES
    export HEADERMAP_INCLUDES_FRAMEWORK_ENTRIES_FOR_TARGETS_NOT_BEING_BUILT\=YES
    export HEADERMAP_INCLUDES_NONPUBLIC_NONPRIVATE_HEADERS\=YES
    export HEADERMAP_INCLUDES_PROJECT_HEADERS\=YES
    export HEADERMAP_USES_FRAMEWORK_PREFIX_ENTRIES\=YES
    export HEADERMAP_USES_VFS\=YES
    export HEADER_SEARCH_PATHS\=/Users/antoniogrillo-balen/Library/Developer/Xcode/DerivedData/risebysolis-gzfsziqwziaggpcbgdowmssiasmi/Build/Products/Debug-iphonesimulator/React-jserrorhandler/include\ \ /Users/antoniogrillo-balen/Library/Developer/Xcode/DerivedData/risebysolis-gzfsziqwziaggpcbgdowmssiasmi/Build/Products/Debug-iphonesimulator/ReactCommon/ReactCommon.framework/Headers\ /Users/antoniogrillo-balen/Library/Developer/Xcode/DerivedData/risebysolis-gzfsziqwziaggpcbgdowmssiasmi/Build/Products/Debug-iphonesimulator/ReactCommon/ReactCommon.framework/Headers/react/nativemodule/core\ /Users/antoniogrillo-balen/Library/Developer/Xcode/DerivedData/risebysolis-gzfsziqwziaggpcbgdowmssiasmi/Build/Products/Debug-iphonesimulator/ReactCommon-Samples/ReactCommon_Samples.framework/Headers\ /Users/antoniogrillo-balen/Library/Developer/Xcode/DerivedData/risebysolis-gzfsziqwziaggpcbgdowmssiasmi/Build/Products/Debug-iphonesimulator/ReactCommon-Samples/ReactCommon_Samples.framework/Headers/platform/ios\ /Users/antoniogrillo-balen/Library/Developer/Xcode/DerivedData/risebysolis-gzfsziqwziaggpcbgdowmssiasmi/Build/Products/Debug-iphonesimulator/React-Fabric/React_Fabric.framework/Headers/react/renderer/components/view/platform/cxx\ /Users/antoniogrillo-balen/Library/Developer/Xcode/DerivedData/risebysolis-gzfsziqwziaggpcbgdowmssiasmi/Build/Products/Debug-iphonesimulator/React-NativeModulesApple/React_NativeModulesApple.framework/Headers\ /Users/antoniogrillo-balen/Library/Developer/Xcode/DerivedData/risebysolis-gzfsziqwziaggpcbgdowmssiasmi/Build/Products/Debug-iphonesimulator/React-graphics/React_graphics.framework/Headers\ /Users/antoniogrillo-balen/Library/Developer/Xcode/DerivedData/risebysolis-gzfsziqwziaggpcbgdowmssiasmi/Build/Products/Debug-iphonesimulator/React-graphics/React_graphics.framework/Headers/react/renderer/graphics/platform/ios\ \"/Users/antoniogrillo-balen/Desktop/Projects/RiseBuild/ios/Pods/Headers/Public\"\ \"/Users/antoniogrillo-balen/Desktop/Projects/RiseBuild/ios/Pods/Headers/Public/React-callinvoker\"\ \"/Users/antoniogrillo-balen/Desktop/Projects/RiseBuild/ios/Pods/Headers/Public/React-runtimeexecutor\"\ \"/Users/antoniogrillo-balen/Desktop/Projects/RiseBuild/ios/Pods/Headers/Public/React-timing\"\ \"/Users/antoniogrillo-balen/Desktop/Projects/RiseBuild/ios/Pods/Headers/Public/boost\"\ \"/Users/antoniogrillo-balen/Desktop/Projects/RiseBuild/ios/Pods/Headers/Public/fast_float\"\ \"/Users/antoniogrillo-balen/Desktop/Projects/RiseBuild/ios/Pods/Headers/Public/hermes-engine\"\ \"/Users/antoniogrillo-balen/Library/Developer/Xcode/DerivedData/risebysolis-gzfsziqwziaggpcbgdowmssiasmi/Build/Products/Debug-iphonesimulator/React-debug/React_debug.framework/Headers\"\ \"/Users/antoniogrillo-balen/Desktop/Projects/RiseBuild/ios/Pods/RCT-Folly\"\ \"/Users/antoniogrillo-balen/Desktop/Projects/RiseBuild/ios/Pods/DoubleConversion\"\ \"/Users/antoniogrillo-balen/Desktop/Projects/RiseBuild/ios/Pods/fast_float/include\"\ \"/Users/antoniogrillo-balen/Desktop/Projects/RiseBuild/ios/Pods/fmt/include\"\ \"/Users/antoniogrillo-balen/Desktop/Projects/RiseBuild/ios/Pods/boost\"
    export HOME\=/Users/antoniogrillo-balen
    export HOST_ARCH\=arm64
    export HOST_PLATFORM\=macosx
    export ICONV\=/usr/bin/iconv
    export IMPLICIT_DEPENDENCY_DOMAIN\=default
    export INDEX_STORE_COMPRESS\=NO
    export INDEX_STORE_ONLY_PROJECT_FILES\=NO
    export INFOPLIST_ENABLE_CFBUNDLEICONS_MERGE\=YES
    export INFOPLIST_EXPAND_BUILD_SETTINGS\=YES
    export INFOPLIST_FILE\=Target\ Support\ Files/React-jserrorhandler/React-jserrorhandler-Info.plist
    export INFOPLIST_OUTPUT_FORMAT\=binary
    export INFOPLIST_PATH\=React_jserrorhandler.framework/Info.plist
    export INFOPLIST_PREPROCESS\=NO
    export INFOSTRINGS_PATH\=React_jserrorhandler.framework/en.lproj/InfoPlist.strings
    export INLINE_PRIVATE_FRAMEWORKS\=NO
    export INSTALLAPI_IGNORE_SKIP_INSTALL\=YES
    export INSTALLHDRS_COPY_PHASE\=NO
    export INSTALLHDRS_SCRIPT_PHASE\=NO
    export INSTALL_DIR\=/tmp/Pods.dst/Library/Frameworks
    export INSTALL_GROUP\=staff
    export INSTALL_MODE_FLAG\=u+w,go-w,a+rX
    export INSTALL_OWNER\=antoniogrillo-balen
    export INSTALL_PATH\=/Library/Frameworks
    export INSTALL_ROOT\=/tmp/Pods.dst
    export IPHONEOS_DEPLOYMENT_TARGET\=15.1
    export IS_UNOPTIMIZED_BUILD\=YES
    export JAVAC_DEFAULT_FLAGS\=-J-Xms64m\ -J-XX:NewSize\=4M\ -J-Dfile.encoding\=UTF8
    export JAVA_APP_STUB\=/System/Library/Frameworks/JavaVM.framework/Resources/MacOS/JavaApplicationStub
    export JAVA_ARCHIVE_CLASSES\=YES
    export JAVA_ARCHIVE_TYPE\=JAR
    export JAVA_COMPILER\=/usr/bin/javac
    export JAVA_FOLDER_PATH\=React_jserrorhandler.framework/Java
    export JAVA_FRAMEWORK_RESOURCES_DIRS\=Resources
    export JAVA_JAR_FLAGS\=cv
    export JAVA_SOURCE_SUBDIR\=.
    export JAVA_USE_DEPENDENCIES\=YES
    export JAVA_ZIP_FLAGS\=-urg
    export JIKES_DEFAULT_FLAGS\=+E\ +OLDCSO
    export KEEP_PRIVATE_EXTERNS\=NO
    export LD_DEPENDENCY_INFO_FILE\=/Users/antoniogrillo-balen/Library/Developer/Xcode/DerivedData/risebysolis-gzfsziqwziaggpcbgdowmssiasmi/Build/Intermediates.noindex/Pods.build/Debug-iphonesimulator/React-jserrorhandler.build/Objects-normal/undefined_arch/React_jserrorhandler_dependency_info.dat
    export LD_DYLIB_INSTALL_NAME\=@rpath/React_jserrorhandler.framework/React_jserrorhandler
    export LD_EXPORT_SYMBOLS\=YES
    export LD_GENERATE_MAP_FILE\=NO
    export LD_MAP_FILE_PATH\=/Users/antoniogrillo-balen/Library/Developer/Xcode/DerivedData/risebysolis-gzfsziqwziaggpcbgdowmssiasmi/Build/Intermediates.noindex/Pods.build/Debug-iphonesimulator/React-jserrorhandler.build/React_jserrorhandler-LinkMap-normal-undefined_arch.txt
    export LD_NO_PIE\=NO
    export LD_QUOTE_LINKER_ARGUMENTS_FOR_COMPILER_DRIVER\=YES
    export LD_RUNPATH_SEARCH_PATHS\=\ @executable_path/Frameworks\ @loader_path/Frameworks
    export LD_SHARED_CACHE_ELIGIBLE\=Automatic
    export LD_WARN_DUPLICATE_LIBRARIES\=NO
    export LD_WARN_UNUSED_DYLIBS\=NO
    export LEGACY_DEVELOPER_DIR\=/Applications/Xcode.app/Contents/PlugIns/Xcode3Core.ideplugin/Contents/SharedSupport/Developer
    export LEX\=lex
    export LIBRARY_DEXT_INSTALL_PATH\=/Library/DriverExtensions
    export LIBRARY_FLAG_NOSPACE\=YES
    export LIBRARY_FLAG_PREFIX\=-l
    export LIBRARY_KEXT_INSTALL_PATH\=/Library/Extensions
    export LIBRARY_SEARCH_PATHS\=/Users/antoniogrillo-balen/Library/Developer/Xcode/DerivedData/risebysolis-gzfsziqwziaggpcbgdowmssiasmi/Build/Products/Debug-iphonesimulator/React-jserrorhandler\ 
    export LINKER_DISPLAYS_MANGLED_NAMES\=NO
    export LINK_FILE_LIST_normal_arm64\=/Users/antoniogrillo-balen/Library/Developer/Xcode/DerivedData/risebysolis-gzfsziqwziaggpcbgdowmssiasmi/Build/Intermediates.noindex/Pods.build/Debug-iphonesimulator/React-jserrorhandler.build/Objects-normal/arm64/React_jserrorhandler.LinkFileList
    export LINK_OBJC_RUNTIME\=YES
    export LINK_WITH_STANDARD_LIBRARIES\=YES
    export LLVM_TARGET_TRIPLE_OS_VERSION\=ios15.1
    export LLVM_TARGET_TRIPLE_SUFFIX\=-simulator
    export LLVM_TARGET_TRIPLE_VENDOR\=apple
    export LM_AUX_CONST_METADATA_LIST_PATH_normal_arm64\=/Users/antoniogrillo-balen/Library/Developer/Xcode/DerivedData/risebysolis-gzfsziqwziaggpcbgdowmssiasmi/Build/Intermediates.noindex/Pods.build/Debug-iphonesimulator/React-jserrorhandler.build/Objects-normal/arm64/React_jserrorhandler.SwiftConstValuesFileList
    export LOCALIZATION_EXPORT_SUPPORTED\=YES
    export LOCALIZATION_PREFERS_STRING_CATALOGS\=NO
    export LOCALIZED_RESOURCES_FOLDER_PATH\=React_jserrorhandler.framework/en.lproj
    export LOCALIZED_STRING_CODE_COMMENTS\=NO
    export LOCALIZED_STRING_MACRO_NAMES\=NSLocalizedString\ CFCopyLocalizedString
    export LOCALIZED_STRING_SWIFTUI_SUPPORT\=YES
    export LOCAL_ADMIN_APPS_DIR\=/Applications/Utilities
    export LOCAL_APPS_DIR\=/Applications
    export LOCAL_DEVELOPER_DIR\=/Library/Developer
    export LOCAL_LIBRARY_DIR\=/Library
    export LOCROOT\=/Users/antoniogrillo-balen/Desktop/Projects/RiseBuild/ios/Pods
    export LOCSYMROOT\=/Users/antoniogrillo-balen/Desktop/Projects/RiseBuild/ios/Pods
    export MACH_O_TYPE\=staticlib
    export MAC_OS_X_PRODUCT_BUILD_VERSION\=25E253
    export MAC_OS_X_VERSION_ACTUAL\=260401
    export MAC_OS_X_VERSION_MAJOR\=260000
    export MAC_OS_X_VERSION_MINOR\=260400
    export MAKE_MERGEABLE\=NO
    export MERGEABLE_LIBRARY\=NO
    export MERGED_BINARY_TYPE\=none
    export MERGE_LINKED_LIBRARIES\=NO
    export METAL_LIBRARY_FILE_BASE\=default
    export METAL_LIBRARY_OUTPUT_DIR\=/Users/antoniogrillo-balen/Library/Developer/Xcode/DerivedData/risebysolis-gzfsziqwziaggpcbgdowmssiasmi/Build/Products/Debug-iphonesimulator/React-jserrorhandler/React_jserrorhandler.framework
    export MODULEMAP_FILE\=Target\ Support\ Files/React-jserrorhandler/React-jserrorhandler.modulemap
    export MODULES_FOLDER_PATH\=React_jserrorhandler.framework/Modules
    export MODULE_CACHE_DIR\=/Users/antoniogrillo-balen/Library/Developer/Xcode/DerivedData/ModuleCache.noindex
    export MTL_ENABLE_DEBUG_INFO\=INCLUDE_SOURCE
    export MTL_FAST_MATH\=YES
    export NATIVE_ARCH\=arm64
    export NATIVE_ARCH_32_BIT\=arm
    export NATIVE_ARCH_64_BIT\=arm64
    export NATIVE_ARCH_ACTUAL\=arm64
    export NO_COMMON\=YES
    export OBJC_ABI_VERSION\=2
    export OBJECT_FILE_DIR\=/Users/antoniogrillo-balen/Library/Developer/Xcode/DerivedData/risebysolis-gzfsziqwziaggpcbgdowmssiasmi/Build/Intermediates.noindex/Pods.build/Debug-iphonesimulator/React-jserrorhandler.build/Objects
    export OBJECT_FILE_DIR_normal\=/Users/antoniogrillo-balen/Library/Developer/Xcode/DerivedData/risebysolis-gzfsziqwziaggpcbgdowmssiasmi/Build/Intermediates.noindex/Pods.build/Debug-iphonesimulator/React-jserrorhandler.build/Objects-normal
    export OBJROOT\=/Users/antoniogrillo-balen/Library/Developer/Xcode/DerivedData/risebysolis-gzfsziqwziaggpcbgdowmssiasmi/Build/Intermediates.noindex
    export ONLY_ACTIVE_ARCH\=YES
    export OS\=MACOS
    export OSAC\=/usr/bin/osacompile
    export OTHER_LDFLAGS\=\ \ 
    export PACKAGE_TYPE\=com.apple.package-type.wrapper.framework
    export PASCAL_STRINGS\=YES
    export PATH\=/Applications/Xcode.app/Contents/SharedFrameworks/SwiftBuild.framework/Versions/A/PlugIns/SWBBuildService.bundle/Contents/PlugIns/SWBUniversalPlatformPlugin.bundle/Contents/Frameworks/SWBUniversalPlatform.framework/Resources:/Applications/Xcode.app/Contents/Developer/Toolchains/XcodeDefault.xctoolchain/usr/bin:/Applications/Xcode.app/Contents/Developer/Toolchains/XcodeDefault.xctoolchain/usr/local/bin:/Applications/Xcode.app/Contents/Developer/Toolchains/XcodeDefault.xctoolchain/usr/libexec:/Applications/Xcode.app/Contents/Developer/Platforms/iPhoneSimulator.platform/usr/bin:/Applications/Xcode.app/Contents/Developer/Platforms/iPhoneSimulator.platform/usr/local/bin:/Applications/Xcode.app/Contents/Developer/Platforms/iPhoneSimulator.platform/Developer/usr/bin:/Applications/Xcode.app/Contents/Developer/Platforms/iPhoneSimulator.platform/Developer/usr/local/bin:/Applications/Xcode.app/Contents/Developer/usr/bin:/Applications/Xcode.app/Contents/Developer/usr/local/bin:/opt/homebrew/opt/ruby/bin:/opt/homebrew/lib/ruby/gems/4.0.0/bin:/opt/homebrew/bin:/opt/homebrew/sbin:/Users/antoniogrillo-balen/.nvm/versions/node/v24.14.1/bin:/Library/Frameworks/Python.framework/Versions/3.14/bin:/usr/local/bin:/System/Cryptexes/App/usr/bin:/usr/bin:/bin:/usr/sbin:/sbin:/var/run/com.apple.security.cryptexd/codex.system/bootstrap/usr/local/bin:/var/run/com.apple.security.cryptexd/codex.system/bootstrap/usr/bin:/var/run/com.apple.security.cryptexd/codex.system/bootstrap/usr/appleinternal/bin:/opt/pkg/env/active/bin:/opt/pmk/env/global/bin:/Library/Apple/usr/bin:/Applications/VMware\ Fusion.app/Contents/Public:/Users/antoniogrillo-balen/.cargo/bin:/Users/antoniogrillo-balen/.cache/plugins/.install-staging/25283474a0e0d4a060cb0e915c1ec54e3d41ef2e/cursor/repo/bin:/Users/antoniogrillo-balen/.claude/plugins/cache/claude-plugins-official/superpowers/5.1.0/bin:/Users/antoniogrillo-balen/.claude/plugins/cache/claude-plugins-official/frontend-design/unknown/bin:/Users/antoniogrillo-balen/.claude/plugins/cache/claude-plugins-official/code-simplifier/1.0.0/bin:/Users/antoniogrillo-balen/.claude/plugins/cache/claude-plugins-official/security-guidance/unknown/bin:/Users/antoniogrillo-balen/.claude/plugins/cache/thedotmack/claude-mem/12.1.1/bin
    export PATH_PREFIXES_EXCLUDED_FROM_HEADER_DEPENDENCIES\=/usr/include\ /usr/local/include\ /System/Library/Frameworks\ /System/Library/PrivateFrameworks\ /Applications/Xcode.app/Contents/Developer/Headers\ /Applications/Xcode.app/Contents/Developer/SDKs\ /Applications/Xcode.app/Contents/Developer/Platforms
    export PBDEVELOPMENTPLIST_PATH\=React_jserrorhandler.framework/pbdevelopment.plist
    export PER_ARCH_MODULE_FILE_DIR\=/Users/antoniogrillo-balen/Library/Developer/Xcode/DerivedData/risebysolis-gzfsziqwziaggpcbgdowmssiasmi/Build/Intermediates.noindex/Pods.build/Debug-iphonesimulator/React-jserrorhandler.build/Objects-normal/undefined_arch
    export PER_ARCH_OBJECT_FILE_DIR\=/Users/antoniogrillo-balen/Library/Developer/Xcode/DerivedData/risebysolis-gzfsziqwziaggpcbgdowmssiasmi/Build/Intermediates.noindex/Pods.build/Debug-iphonesimulator/React-jserrorhandler.build/Objects-normal/undefined_arch
    export PER_VARIANT_OBJECT_FILE_DIR\=/Users/antoniogrillo-balen/Library/Developer/Xcode/DerivedData/risebysolis-gzfsziqwziaggpcbgdowmssiasmi/Build/Intermediates.noindex/Pods.build/Debug-iphonesimulator/React-jserrorhandler.build/Objects-normal
    export PKGINFO_FILE_PATH\=/Users/antoniogrillo-balen/Library/Developer/Xcode/DerivedData/risebysolis-gzfsziqwziaggpcbgdowmssiasmi/Build/Intermediates.noindex/Pods.build/Debug-iphonesimulator/React-jserrorhandler.build/PkgInfo
    export PKGINFO_PATH\=React_jserrorhandler.framework/PkgInfo
    export PLATFORM_DEVELOPER_APPLICATIONS_DIR\=/Applications/Xcode.app/Contents/Developer/Platforms/iPhoneSimulator.platform/Developer/Applications
    export PLATFORM_DEVELOPER_BIN_DIR\=/Applications/Xcode.app/Contents/Developer/Platforms/iPhoneSimulator.platform/Developer/usr/bin
    export PLATFORM_DEVELOPER_LIBRARY_DIR\=/Applications/Xcode.app/Contents/Developer/Platforms/iPhoneSimulator.platform/Developer/Library
    export PLATFORM_DEVELOPER_SDK_DIR\=/Applications/Xcode.app/Contents/Developer/Platforms/iPhoneSimulator.platform/Developer/SDKs
    export PLATFORM_DEVELOPER_TOOLS_DIR\=/Applications/Xcode.app/Contents/Developer/Platforms/iPhoneSimulator.platform/Developer/Tools
    export PLATFORM_DEVELOPER_USR_DIR\=/Applications/Xcode.app/Contents/Developer/Platforms/iPhoneSimulator.platform/Developer/usr
    export PLATFORM_DIR\=/Applications/Xcode.app/Contents/Developer/Platforms/iPhoneSimulator.platform
    export PLATFORM_DISPLAY_NAME\=iOS\ Simulator
    export PLATFORM_FAMILY_NAME\=iOS
    export PLATFORM_NAME\=iphonesimulator
    export PLATFORM_PREFERRED_ARCH\=x86_64
    export PLATFORM_PRODUCT_BUILD_VERSION\=23F73
    export PLATFORM_REQUIRES_SWIFT_AUTOLINK_EXTRACT\=NO
    export PLATFORM_REQUIRES_SWIFT_MODULEWRAP\=NO
    export PLATFORM_USES_DSYMS\=YES
    export PLIST_FILE_OUTPUT_FORMAT\=binary
    export PLUGINS_FOLDER_PATH\=React_jserrorhandler.framework/PlugIns
    export PODS_BUILD_DIR\=/Users/antoniogrillo-balen/Library/Developer/Xcode/DerivedData/risebysolis-gzfsziqwziaggpcbgdowmssiasmi/Build/Products
    export PODS_CONFIGURATION_BUILD_DIR\=/Users/antoniogrillo-balen/Library/Developer/Xcode/DerivedData/risebysolis-gzfsziqwziaggpcbgdowmssiasmi/Build/Products/Debug-iphonesimulator
    export PODS_DEVELOPMENT_LANGUAGE\=en
    export PODS_ROOT\=/Users/antoniogrillo-balen/Desktop/Projects/RiseBuild/ios/Pods
    export PODS_TARGET_SRCROOT\=/Users/antoniogrillo-balen/Desktop/Projects/RiseBuild/ios/Pods/../../node_modules/react-native/ReactCommon/jserrorhandler
    export PODS_XCFRAMEWORKS_BUILD_DIR\=/Users/antoniogrillo-balen/Library/Developer/Xcode/DerivedData/risebysolis-gzfsziqwziaggpcbgdowmssiasmi/Build/Products/Debug-iphonesimulator/XCFrameworkIntermediates
    export PRECOMPS_INCLUDE_HEADERS_FROM_BUILT_PRODUCTS_DIR\=YES
    export PRECOMP_DESTINATION_DIR\=/Users/antoniogrillo-balen/Library/Developer/Xcode/DerivedData/risebysolis-gzfsziqwziaggpcbgdowmssiasmi/Build/Intermediates.noindex/Pods.build/Debug-iphonesimulator/React-jserrorhandler.build/PrefixHeaders
    export PRIVATE_HEADERS_FOLDER_PATH\=React_jserrorhandler.framework/PrivateHeaders
    export PROCESSED_INFOPLIST_PATH\=/Users/antoniogrillo-balen/Library/Developer/Xcode/DerivedData/risebysolis-gzfsziqwziaggpcbgdowmssiasmi/Build/Intermediates.noindex/Pods.build/Debug-iphonesimulator/React-jserrorhandler.build/Objects-normal/undefined_arch/Processed-Info.plist
    export PRODUCT_BUNDLE_IDENTIFIER\=org.cocoapods.React-jserrorhandler
    export PRODUCT_BUNDLE_PACKAGE_TYPE\=FMWK
    export PRODUCT_MODULE_NAME\=React_jserrorhandler
    export PRODUCT_NAME\=React_jserrorhandler
    export PRODUCT_SETTINGS_PATH\=/Users/antoniogrillo-balen/Desktop/Projects/RiseBuild/ios/Pods/Target\ Support\ Files/React-jserrorhandler/React-jserrorhandler-Info.plist
    export PRODUCT_TYPE\=com.apple.product-type.framework
    export PROFILING_CODE\=NO
    export PROJECT\=Pods
    export PROJECT_DERIVED_FILE_DIR\=/Users/antoniogrillo-balen/Library/Developer/Xcode/DerivedData/risebysolis-gzfsziqwziaggpcbgdowmssiasmi/Build/Intermediates.noindex/Pods.build/DerivedSources
    export PROJECT_DIR\=/Users/antoniogrillo-balen/Desktop/Projects/RiseBuild/ios/Pods
    export PROJECT_FILE_PATH\=/Users/antoniogrillo-balen/Desktop/Projects/RiseBuild/ios/Pods/Pods.xcodeproj
    export PROJECT_GUID\=8699adb1dd336b26511df848a716bd42
    export PROJECT_NAME\=Pods
    export PROJECT_TEMP_DIR\=/Users/antoniogrillo-balen/Library/Developer/Xcode/DerivedData/risebysolis-gzfsziqwziaggpcbgdowmssiasmi/Build/Intermediates.noindex/Pods.build
    export PROJECT_TEMP_ROOT\=/Users/antoniogrillo-balen/Library/Developer/Xcode/DerivedData/risebysolis-gzfsziqwziaggpcbgdowmssiasmi/Build/Intermediates.noindex
    export PUBLIC_HEADERS_FOLDER_PATH\=React_jserrorhandler.framework/Headers
    export REACT_NATIVE_PATH\=/Users/antoniogrillo-balen/Desktop/Projects/RiseBuild/ios/Pods/../../node_modules/react-native
    export RECOMMENDED_IPHONEOS_DEPLOYMENT_TARGET\=15.0
    export RECURSIVE_SEARCH_PATHS_FOLLOW_SYMLINKS\=YES
    export REMOVE_CVS_FROM_RESOURCES\=YES
    export REMOVE_GIT_FROM_RESOURCES\=YES
    export REMOVE_HEADERS_FROM_EMBEDDED_BUNDLES\=YES
    export REMOVE_HG_FROM_RESOURCES\=YES
    export REMOVE_STATIC_EXECUTABLES_FROM_EMBEDDED_BUNDLES\=YES
    export REMOVE_SVN_FROM_RESOURCES\=YES
    export RESCHEDULE_INDEPENDENT_HEADERS_PHASES\=YES
    export REZ_COLLECTOR_DIR\=/Users/antoniogrillo-balen/Library/Developer/Xcode/DerivedData/risebysolis-gzfsziqwziaggpcbgdowmssiasmi/Build/Intermediates.noindex/Pods.build/Debug-iphonesimulator/React-jserrorhandler.build/ResourceManagerResources
    export REZ_OBJECTS_DIR\=/Users/antoniogrillo-balen/Library/Developer/Xcode/DerivedData/risebysolis-gzfsziqwziaggpcbgdowmssiasmi/Build/Intermediates.noindex/Pods.build/Debug-iphonesimulator/React-jserrorhandler.build/ResourceManagerResources/Objects
    export REZ_SEARCH_PATHS\=/Users/antoniogrillo-balen/Library/Developer/Xcode/DerivedData/risebysolis-gzfsziqwziaggpcbgdowmssiasmi/Build/Products/Debug-iphonesimulator/React-jserrorhandler\ 
    export RPATH_ORIGIN\=@loader_path
    export RUNTIME_EXCEPTION_ALLOW_DYLD_ENVIRONMENT_VARIABLES\=NO
    export RUNTIME_EXCEPTION_ALLOW_JIT\=NO
    export RUNTIME_EXCEPTION_ALLOW_UNSIGNED_EXECUTABLE_MEMORY\=NO
    export RUNTIME_EXCEPTION_DEBUGGING_TOOL\=NO
    export RUNTIME_EXCEPTION_DISABLE_EXECUTABLE_PAGE_PROTECTION\=NO
    export RUNTIME_EXCEPTION_DISABLE_LIBRARY_VALIDATION\=NO
    export SCANNING_PCM_KEEP_CACHE_DIRECTORY\=YES
    export SCAN_ALL_SOURCE_FILES_FOR_INCLUDES\=NO
    export SCRIPTS_FOLDER_PATH\=React_jserrorhandler.framework/Scripts
    export SCRIPT_INPUT_FILE_COUNT\=0
    export SCRIPT_INPUT_FILE_LIST_COUNT\=0
    export SCRIPT_OUTPUT_FILE_COUNT\=0
    export SCRIPT_OUTPUT_FILE_LIST_COUNT\=0
    export SDKROOT\=/Applications/Xcode.app/Contents/Developer/Platforms/iPhoneSimulator.platform/Developer/SDKs/iPhoneSimulator26.5.sdk
    export SDK_DIR\=/Applications/Xcode.app/Contents/Developer/Platforms/iPhoneSimulator.platform/Developer/SDKs/iPhoneSimulator26.5.sdk
    export SDK_DIR_iphonesimulator\=/Applications/Xcode.app/Contents/Developer/Platforms/iPhoneSimulator.platform/Developer/SDKs/iPhoneSimulator26.5.sdk
    export SDK_DIR_iphonesimulator26_5\=/Applications/Xcode.app/Contents/Developer/Platforms/iPhoneSimulator.platform/Developer/SDKs/iPhoneSimulator26.5.sdk
    export SDK_NAME\=iphonesimulator26.5
    export SDK_NAMES\=iphonesimulator26.5
    export SDK_PRODUCT_BUILD_VERSION\=23F73
    export SDK_STAT_CACHE_DIR\=/Users/antoniogrillo-balen/Library/Developer/Xcode/DerivedData
    export SDK_STAT_CACHE_ENABLE\=YES
    export SDK_STAT_CACHE_PATH\=/Users/antoniogrillo-balen/Library/Developer/Xcode/DerivedData/SDKStatCaches.noindex/iphonesimulator26.5-23F73-6cfe768891a92b912361537c460fe42b.sdkstatcache
    export SDK_VERSION\=26.5
    export SDK_VERSION_ACTUAL\=260500
    export SDK_VERSION_MAJOR\=260000
    export SDK_VERSION_MINOR\=260500
    export SED\=/usr/bin/sed
    export SEPARATE_STRIP\=NO
    export SEPARATE_SYMBOL_EDIT\=NO
    export SET_DIR_MODE_OWNER_GROUP\=YES
    export SET_FILE_MODE_OWNER_GROUP\=NO
    export SHALLOW_BUNDLE\=YES
    export SHALLOW_BUNDLE_TRIPLE\=ios-simulator
    export SHALLOW_BUNDLE_ios_macabi\=NO
    export SHALLOW_BUNDLE_macos\=NO
    export SHARED_DERIVED_FILE_DIR\=/Users/antoniogrillo-balen/Library/Developer/Xcode/DerivedData/risebysolis-gzfsziqwziaggpcbgdowmssiasmi/Build/Products/Debug-iphonesimulator/React-jserrorhandler/DerivedSources
    export SHARED_FRAMEWORKS_FOLDER_PATH\=React_jserrorhandler.framework/SharedFrameworks
    export SHARED_PRECOMPS_DIR\=/Users/antoniogrillo-balen/Library/Developer/Xcode/DerivedData/risebysolis-gzfsziqwziaggpcbgdowmssiasmi/Build/Intermediates.noindex/PrecompiledHeaders
    export SHARED_SUPPORT_FOLDER_PATH\=React_jserrorhandler.framework
    export SKIP_INSTALL\=YES
    export SKIP_MERGEABLE_LIBRARY_BUNDLE_HOOK\=NO
    export SOURCE_ROOT\=/Users/antoniogrillo-balen/Desktop/Projects/RiseBuild/ios/Pods
    export SRCROOT\=/Users/antoniogrillo-balen/Desktop/Projects/RiseBuild/ios/Pods
    export STRINGSDATA_DIR\=/Users/antoniogrillo-balen/Library/Developer/Xcode/DerivedData/risebysolis-gzfsziqwziaggpcbgdowmssiasmi/Build/Intermediates.noindex/Pods.build/Debug-iphonesimulator/React-jserrorhandler.build/Objects-normal/undefined_arch
    export STRINGSDATA_ROOT\=/Users/antoniogrillo-balen/Library/Developer/Xcode/DerivedData/risebysolis-gzfsziqwziaggpcbgdowmssiasmi/Build/Intermediates.noindex/Pods.build/Debug-iphonesimulator/React-jserrorhandler.build
    export STRINGS_FILE_INFOPLIST_RENAME\=YES
    export STRINGS_FILE_OUTPUT_ENCODING\=binary
    export STRING_CATALOG_GENERATE_SYMBOLS\=NO
    export STRIP_BITCODE_FROM_COPIED_FILES\=NO
    export STRIP_INSTALLED_PRODUCT\=NO
    export STRIP_STYLE\=debugging
    export STRIP_SWIFT_SYMBOLS\=YES
    export SUPPORTED_DEVICE_FAMILIES\=1,2
    export SUPPORTED_PLATFORMS\=iphoneos\ iphonesimulator
    export SUPPORTS_TEXT_BASED_API\=NO
    export SUPPRESS_WARNINGS\=NO
    export SWIFT_ACTIVE_COMPILATION_CONDITIONS\=\ DEBUG\ 
    export SWIFT_EMIT_CONST_VALUE_PROTOCOLS\=AnyResolverProviding\ AppEntity\ AppEnum\ AppExtension\ AppIntent\ AppIntentsPackage\ AppShortcutProviding\ AppShortcutsProvider\ AppUnionValue\ AppUnionValueCasesProviding\ DynamicOptionsProvider\ EntityQuery\ ExtensionPointDefining\ IntentValueQuery\ Resolver\ TransientEntity\ _AssistantIntentsProvider\ _GenerativeFunctionExtractable\ _IntentValueRepresentable
    export SWIFT_EMIT_LOC_STRINGS\=NO
    export SWIFT_ENABLE_EXPLICIT_MODULES\=YES
    export SWIFT_INSTALL_MODULE_FOR_DEPLOYMENT\=YES
    export SWIFT_INSTALL_OBJC_HEADER\=YES
    export SWIFT_OPTIMIZATION_LEVEL\=-Onone
    export SWIFT_PLATFORM_TARGET_PREFIX\=ios
    export SWIFT_RESPONSE_FILE_PATH_normal_arm64\=/Users/antoniogrillo-balen/Library/Developer/Xcode/DerivedData/risebysolis-gzfsziqwziaggpcbgdowmssiasmi/Build/Intermediates.noindex/Pods.build/Debug-iphonesimulator/React-jserrorhandler.build/Objects-normal/arm64/React_jserrorhandler.SwiftFileList
    export SWIFT_VERSION\=5.0
    export SYMROOT\=/Users/antoniogrillo-balen/Library/Developer/Xcode/DerivedData/risebysolis-gzfsziqwziaggpcbgdowmssiasmi/Build/Products
    export SYSTEM_ADMIN_APPS_DIR\=/Applications/Utilities
    export SYSTEM_APPS_DIR\=/Applications
    export SYSTEM_CORE_SERVICES_DIR\=/System/Library/CoreServices
    export SYSTEM_DEMOS_DIR\=/Applications/Extras
    export SYSTEM_DEVELOPER_APPS_DIR\=/Applications/Xcode.app/Contents/Developer/Applications
    export SYSTEM_DEVELOPER_BIN_DIR\=/Applications/Xcode.app/Contents/Developer/usr/bin
    export SYSTEM_DEVELOPER_DEMOS_DIR\=/Applications/Xcode.app/Contents/Developer/Applications/Utilities/Built\ Examples
    export SYSTEM_DEVELOPER_DIR\=/Applications/Xcode.app/Contents/Developer
    export SYSTEM_DEVELOPER_DOC_DIR\=/Applications/Xcode.app/Contents/Developer/ADC\ Reference\ Library
    export SYSTEM_DEVELOPER_GRAPHICS_TOOLS_DIR\=/Applications/Xcode.app/Contents/Developer/Applications/Graphics\ Tools
    export SYSTEM_DEVELOPER_JAVA_TOOLS_DIR\=/Applications/Xcode.app/Contents/Developer/Applications/Java\ Tools
    export SYSTEM_DEVELOPER_PERFORMANCE_TOOLS_DIR\=/Applications/Xcode.app/Contents/Developer/Applications/Performance\ Tools
    export SYSTEM_DEVELOPER_RELEASENOTES_DIR\=/Applications/Xcode.app/Contents/Developer/ADC\ Reference\ Library/releasenotes
    export SYSTEM_DEVELOPER_TOOLS\=/Applications/Xcode.app/Contents/Developer/Tools
    export SYSTEM_DEVELOPER_TOOLS_DOC_DIR\=/Applications/Xcode.app/Contents/Developer/ADC\ Reference\ Library/documentation/DeveloperTools
    export SYSTEM_DEVELOPER_TOOLS_RELEASENOTES_DIR\=/Applications/Xcode.app/Contents/Developer/ADC\ Reference\ Library/releasenotes/DeveloperTools
    export SYSTEM_DEVELOPER_USR_DIR\=/Applications/Xcode.app/Contents/Developer/usr
    export SYSTEM_DEVELOPER_UTILITIES_DIR\=/Applications/Xcode.app/Contents/Developer/Applications/Utilities
    export SYSTEM_DEXT_INSTALL_PATH\=/System/Library/DriverExtensions
    export SYSTEM_DOCUMENTATION_DIR\=/Library/Documentation
    export SYSTEM_EXTENSIONS_FOLDER_PATH\=React_jserrorhandler.framework/SystemExtensions
    export SYSTEM_EXTENSIONS_FOLDER_PATH_SHALLOW_BUNDLE_NO\=React_jserrorhandler.framework/Library/SystemExtensions
    export SYSTEM_EXTENSIONS_FOLDER_PATH_SHALLOW_BUNDLE_YES\=React_jserrorhandler.framework/SystemExtensions
    export SYSTEM_KEXT_INSTALL_PATH\=/System/Library/Extensions
    export SYSTEM_LIBRARY_DIR\=/System/Library
    export TAPI_DEMANGLE\=YES
    export TAPI_ENABLE_PROJECT_HEADERS\=NO
    export TAPI_LANGUAGE\=objective-c
    export TAPI_LANGUAGE_STANDARD\=compiler-default
    export TAPI_USE_SRCROOT\=YES
    export TAPI_VERIFY_MODE\=Pedantic
    export TARGETED_DEVICE_FAMILY\=1,2
    export TARGETNAME\=React-jserrorhandler
    export TARGET_BUILD_DIR\=/Users/antoniogrillo-balen/Library/Developer/Xcode/DerivedData/risebysolis-gzfsziqwziaggpcbgdowmssiasmi/Build/Products/Debug-iphonesimulator/React-jserrorhandler
    export TARGET_DEVICE_IDENTIFIER\=0C333F8A-4681-4475-855E-6FFD70F12533
    export TARGET_DEVICE_MODEL\=iPhone16,2
    export TARGET_DEVICE_OS_VERSION\=26.4.1
    export TARGET_DEVICE_PLATFORM_NAME\=iphonesimulator
    export TARGET_NAME\=React-jserrorhandler
    export TARGET_TEMP_DIR\=/Users/antoniogrillo-balen/Library/Developer/Xcode/DerivedData/risebysolis-gzfsziqwziaggpcbgdowmssiasmi/Build/Intermediates.noindex/Pods.build/Debug-iphonesimulator/React-jserrorhandler.build
    export TEMP_DIR\=/Users/antoniogrillo-balen/Library/Developer/Xcode/DerivedData/risebysolis-gzfsziqwziaggpcbgdowmssiasmi/Build/Intermediates.noindex/Pods.build/Debug-iphonesimulator/React-jserrorhandler.build
    export TEMP_FILES_DIR\=/Users/antoniogrillo-balen/Library/Developer/Xcode/DerivedData/risebysolis-gzfsziqwziaggpcbgdowmssiasmi/Build/Intermediates.noindex/Pods.build/Debug-iphonesimulator/React-jserrorhandler.build
    export TEMP_FILE_DIR\=/Users/antoniogrillo-balen/Library/Developer/Xcode/DerivedData/risebysolis-gzfsziqwziaggpcbgdowmssiasmi/Build/Intermediates.noindex/Pods.build/Debug-iphonesimulator/React-jserrorhandler.build
    export TEMP_ROOT\=/Users/antoniogrillo-balen/Library/Developer/Xcode/DerivedData/risebysolis-gzfsziqwziaggpcbgdowmssiasmi/Build/Intermediates.noindex
    export TEMP_SANDBOX_DIR\=/Users/antoniogrillo-balen/Library/Developer/Xcode/DerivedData/risebysolis-gzfsziqwziaggpcbgdowmssiasmi/Build/Intermediates.noindex/TemporaryTaskSandboxes
    export TEST_FRAMEWORK_SEARCH_PATHS\=\ /Applications/Xcode.app/Contents/Developer/Platforms/iPhoneSimulator.platform/Developer/Library/Frameworks\ /Applications/Xcode.app/Contents/Developer/Platforms/iPhoneSimulator.platform/Developer/SDKs/iPhoneSimulator26.5.sdk/Developer/Library/Frameworks
    export TEST_LIBRARY_SEARCH_PATHS\=\ /Applications/Xcode.app/Contents/Developer/Platforms/iPhoneSimulator.platform/Developer/usr/lib
    export TOOLCHAINS\=com.apple.dt.toolchain.XcodeDefault
    export TOOLCHAIN_DIR\=/Applications/Xcode.app/Contents/Developer/Toolchains/XcodeDefault.xctoolchain
    export TREAT_MISSING_BASELINES_AS_TEST_FAILURES\=NO
    export TREAT_MISSING_SCRIPT_PHASE_OUTPUTS_AS_ERRORS\=NO
    export TeamIdentifierPrefix\=FAKETEAMID.
    export UID\=501
    export UNINSTALLED_PRODUCTS_DIR\=/Users/antoniogrillo-balen/Library/Developer/Xcode/DerivedData/risebysolis-gzfsziqwziaggpcbgdowmssiasmi/Build/Intermediates.noindex/UninstalledProducts
    export UNLOCALIZED_RESOURCES_FOLDER_PATH\=React_jserrorhandler.framework
    export UNLOCALIZED_RESOURCES_FOLDER_PATH_SHALLOW_BUNDLE_NO\=React_jserrorhandler.framework/Resources
    export UNLOCALIZED_RESOURCES_FOLDER_PATH_SHALLOW_BUNDLE_YES\=React_jserrorhandler.framework
    export UNSTRIPPED_PRODUCT\=NO
    export USER\=antoniogrillo-balen
    export USER_APPS_DIR\=/Users/antoniogrillo-balen/Applications
    export USER_LIBRARY_DIR\=/Users/antoniogrillo-balen/Library
    export USE_DYNAMIC_NO_PIC\=YES
    export USE_HEADERMAP\=YES
    export USE_HEADER_SYMLINKS\=NO
    export USE_HERMES\=true
    export USE_RECURSIVE_SCRIPT_INPUTS_IN_SCRIPT_PHASES\=YES
    export VALIDATE_DEVELOPMENT_ASSET_PATHS\=YES_ERROR
    export VALIDATE_PRODUCT\=NO
    export VALID_ARCHS\=arm64\ x86_64
    export VERBOSE_PBXCP\=NO
    export VERSIONING_SYSTEM\=apple-generic
    export VERSIONPLIST_PATH\=React_jserrorhandler.framework/version.plist
    export VERSIONS_FOLDER_PATH\=React_jserrorhandler.framework
    export VERSIONS_FOLDER_PATH_SHALLOW_BUNDLE_NO\=React_jserrorhandler.framework/Versions
    export VERSIONS_FOLDER_PATH_SHALLOW_BUNDLE_YES\=React_jserrorhandler.framework
    export VERSION_INFO_BUILDER\=antoniogrillo-balen
    export VERSION_INFO_FILE\=React_jserrorhandler_vers.c
    export VERSION_INFO_STRING\=\"@\(\#\)PROGRAM:React_jserrorhandler\ \ PROJECT:Pods-1\"
    export WORKSPACE_DIR\=/Users/antoniogrillo-balen/Desktop/Projects/RiseBuild/ios
    export WRAPPER_EXTENSION\=framework
    export WRAPPER_NAME\=React_jserrorhandler.framework
    export WRAPPER_SUFFIX\=.framework
    export WRAP_ASSET_PACKS_IN_SEPARATE_DIRECTORIES\=NO
    export XCODE_APP_SUPPORT_DIR\=/Applications/Xcode.app/Contents/Developer/Library/Xcode
    export XCODE_PRODUCT_BUILD_VERSION\=17F42
    export XCODE_VERSION_ACTUAL\=2650
    export XCODE_VERSION_MAJOR\=2600
    export XCODE_VERSION_MINOR\=2650
    export XPCSERVICES_FOLDER_PATH\=React_jserrorhandler.framework/XPCServices
    export YACC\=yacc
    export _DISCOVER_COMMAND_LINE_LINKER_INPUTS\=YES
    export _DISCOVER_COMMAND_LINE_LINKER_INPUTS_INCLUDE_WL\=YES
    export _LD_MULTIARCH\=YES
    export _WRAPPER_CONTENTS_DIR_SHALLOW_BUNDLE_NO\=/Contents
    export _WRAPPER_PARENT_PATH_SHALLOW_BUNDLE_NO\=/..
    export _WRAPPER_RESOURCES_DIR_SHALLOW_BUNDLE_NO\=/Resources
    export __DIAGNOSE_DEPRECATED_ARCHS\=YES
    export __ORIGINAL_SDK_DEFINED_LLVM_TARGET_TRIPLE_SYS\=ios
    export arch\=undefined_arch
    export variant\=normal
    /bin/sh -c /Users/antoniogrillo-balen/Library/Developer/Xcode/DerivedData/risebysolis-gzfsziqwziaggpcbgdowmssiasmi/Build/Intermediates.noindex/Pods.build/Debug-iphonesimulator/React-jserrorhandler.build/Script-46EB2E0002B770.sh

ProcessInfoPlistFile /Users/antoniogrillo-balen/Library/Developer/Xcode/DerivedData/risebysolis-gzfsziqwziaggpcbgdowmssiasmi/Build/Products/Debug-iphonesimulator/React-jserrorhandler/React_jserrorhandler.framework/Info.plist /Users/antoniogrillo-balen/Desktop/Projects/RiseBuild/ios/Pods/Target\ Support\ Files/React-jserrorhandler/React-jserrorhandler-Info.plist (in target 'React-jserrorhandler' from project 'Pods')
    cd /Users/antoniogrillo-balen/Desktop/Projects/RiseBuild/ios/Pods
    builtin-infoPlistUtility /Users/antoniogrillo-balen/Desktop/Projects/RiseBuild/ios/Pods/Target\ Support\ Files/React-jserrorhandler/React-jserrorhandler-Info.plist -producttype com.apple.product-type.framework -expandbuildsettings -format binary -platform iphonesimulator -o /Users/antoniogrillo-balen/Library/Developer/Xcode/DerivedData/risebysolis-gzfsziqwziaggpcbgdowmssiasmi/Build/Products/Debug-iphonesimulator/React-jserrorhandler/React_jserrorhandler.framework/Info.plist

warning: Run script build phase 'Create Symlinks to Header Folders' will be run during every build because it does not specify any outputs. To address this issue, either add output dependencies to the script phase, or configure it to run in every build by unchecking "Based on dependency analysis" in the script phase. (in target 'React-RuntimeCore' from project 'Pods')
PhaseScriptExecution Create\ Symlinks\ to\ Header\ Folders /Users/antoniogrillo-balen/Library/Developer/Xcode/DerivedData/risebysolis-gzfsziqwziaggpcbgdowmssiasmi/Build/Intermediates.noindex/Pods.build/Debug-iphonesimulator/React-RuntimeCore.build/Script-46EB2E00029F40.sh (in target 'React-RuntimeCore' from project 'Pods')
    cd /Users/antoniogrillo-balen/Desktop/Projects/RiseBuild/ios/Pods
    export ACTION\=build
    export AD_HOC_CODE_SIGNING_ALLOWED\=YES
    export ALLOW_BUILD_REQUEST_OVERRIDES\=NO
    export ALLOW_TARGET_PLATFORM_SPECIALIZATION\=NO
    export ALTERNATE_GROUP\=staff
    export ALTERNATE_MODE\=u+w,go-w,a+rX
    export ALTERNATE_OWNER\=antoniogrillo-balen
    export ALTERNATIVE_DISTRIBUTION_WEB\=NO
    export ALWAYS_EMBED_SWIFT_STANDARD_LIBRARIES\=NO
    export ALWAYS_SEARCH_USER_PATHS\=NO
    export ALWAYS_USE_SEPARATE_HEADERMAPS\=NO
    export APPLICATION_EXTENSION_API_ONLY\=NO
    export APPLY_RULES_IN_COPY_FILES\=NO
    export APPLY_RULES_IN_COPY_HEADERS\=NO
    export APP_SHORTCUTS_ENABLE_FLEXIBLE_MATCHING\=YES
    export ARCHS\=arm64
    export ARCHS_BASE\=arm64
    export ARCHS_STANDARD\=arm64\ x86_64
    export ARCHS_STANDARD_32_64_BIT\=arm64\ x86_64
    export ARCHS_STANDARD_64_BIT\=arm64\ x86_64
    export ARCHS_STANDARD_INCLUDING_64_BIT\=arm64\ x86_64
    export ARCHS_UNIVERSAL_IPHONE_OS\=arm64\ x86_64
    export ASSETCATALOG_FILTER_FOR_DEVICE_MODEL\=iPhone16,2
    export ASSETCATALOG_FILTER_FOR_DEVICE_OS_VERSION\=26.4.1
    export ASSETCATALOG_FILTER_FOR_THINNING_DEVICE_CONFIGURATION\=iPhone16,2
    export AUTOMATICALLY_MERGE_DEPENDENCIES\=NO
    export AUTOMATION_APPLE_EVENTS\=NO
    export AVAILABLE_PLATFORMS\=android\ appletvos\ appletvsimulator\ driverkit\ freebsd\ iphoneos\ iphonesimulator\ linux\ macosx\ none\ openbsd\ qnx\ watchos\ watchsimulator\ webassembly\ xros\ xrsimulator
    export AppIdentifierPrefix\=FAKETEAMID.
    export BUILD_ACTIVE_RESOURCES_ONLY\=YES
    export BUILD_COMPONENTS\=headers\ build
    export BUILD_DIR\=/Users/antoniogrillo-balen/Library/Developer/Xcode/DerivedData/risebysolis-gzfsziqwziaggpcbgdowmssiasmi/Build/Products
    export BUILD_LIBRARY_FOR_DISTRIBUTION\=NO
    export BUILD_ONLY_KNOWN_LOCALIZATIONS\=NO
    export BUILD_ROOT\=/Users/antoniogrillo-balen/Library/Developer/Xcode/DerivedData/risebysolis-gzfsziqwziaggpcbgdowmssiasmi/Build/Products
    export BUILD_STYLE\=
    export BUILD_VARIANTS\=normal
    export BUILT_PRODUCTS_DIR\=/Users/antoniogrillo-balen/Library/Developer/Xcode/DerivedData/risebysolis-gzfsziqwziaggpcbgdowmssiasmi/Build/Products/Debug-iphonesimulator/React-RuntimeCore
    export BUNDLE_CONTENTS_FOLDER_PATH_deep\=Contents/
    export BUNDLE_EXECUTABLE_FOLDER_NAME_deep\=MacOS
    export BUNDLE_EXTENSIONS_FOLDER_PATH\=Extensions
    export BUNDLE_FORMAT\=shallow
    export BUNDLE_FRAMEWORKS_FOLDER_PATH\=Frameworks
    export BUNDLE_PLUGINS_FOLDER_PATH\=PlugIns
    export BUNDLE_PRIVATE_HEADERS_FOLDER_PATH\=PrivateHeaders
    export BUNDLE_PUBLIC_HEADERS_FOLDER_PATH\=Headers
    export CACHE_ROOT\=/var/folders/2z/jtlqylkx0c709j3xb7b0g4cm0000gn/C/com.apple.DeveloperTools/26.5-17F42/Xcode
    export CCHROOT\=/var/folders/2z/jtlqylkx0c709j3xb7b0g4cm0000gn/C/com.apple.DeveloperTools/26.5-17F42/Xcode
    export CHMOD\=/bin/chmod
    export CHOWN\=chown
    export CLANG_ANALYZER_LOCALIZABILITY_NONLOCALIZED\=YES
    export CLANG_ANALYZER_NONNULL\=YES
    export CLANG_ANALYZER_NUMBER_OBJECT_CONVERSION\=YES_AGGRESSIVE
    export CLANG_CACHE_FINE_GRAINED_OUTPUTS\=YES
    export CLANG_CXX_LANGUAGE_STANDARD\=c++20
    export CLANG_CXX_LIBRARY\=libc++
    export CLANG_ENABLE_EXPLICIT_MODULES\=YES
    export CLANG_ENABLE_MODULES\=YES
    export CLANG_ENABLE_OBJC_ARC\=YES
    export CLANG_ENABLE_OBJC_WEAK\=NO
    export CLANG_MODULES_BUILD_SESSION_FILE\=/Users/antoniogrillo-balen/Library/Developer/Xcode/DerivedData/ModuleCache.noindex/Session.modulevalidation
    export CLANG_WARN_BLOCK_CAPTURE_AUTORELEASING\=YES
    export CLANG_WARN_BOOL_CONVERSION\=YES
    export CLANG_WARN_COMMA\=YES
    export CLANG_WARN_CONSTANT_CONVERSION\=YES
    export CLANG_WARN_DEPRECATED_OBJC_IMPLEMENTATIONS\=YES
    export CLANG_WARN_DIRECT_OBJC_ISA_USAGE\=YES_ERROR
    export CLANG_WARN_DOCUMENTATION_COMMENTS\=YES
    export CLANG_WARN_EMPTY_BODY\=YES
    export CLANG_WARN_ENUM_CONVERSION\=YES
    export CLANG_WARN_INFINITE_RECURSION\=YES
    export CLANG_WARN_INT_CONVERSION\=YES
    export CLANG_WARN_NON_LITERAL_NULL_CONVERSION\=YES
    export CLANG_WARN_OBJC_IMPLICIT_RETAIN_SELF\=YES
    export CLANG_WARN_OBJC_LITERAL_CONVERSION\=YES
    export CLANG_WARN_OBJC_ROOT_CLASS\=YES_ERROR
    export CLANG_WARN_QUOTED_INCLUDE_IN_FRAMEWORK_HEADER\=NO
    export CLANG_WARN_RANGE_LOOP_ANALYSIS\=YES
    export CLANG_WARN_STRICT_PROTOTYPES\=YES
    export CLANG_WARN_SUSPICIOUS_MOVE\=YES
    export CLANG_WARN_UNGUARDED_AVAILABILITY\=YES_AGGRESSIVE
    export CLANG_WARN_UNREACHABLE_CODE\=YES
    export CLANG_WARN__DUPLICATE_METHOD_MATCH\=YES
    export CLASS_FILE_DIR\=/Users/antoniogrillo-balen/Library/Developer/Xcode/DerivedData/risebysolis-gzfsziqwziaggpcbgdowmssiasmi/Build/Intermediates.noindex/Pods.build/Debug-iphonesimulator/React-RuntimeCore.build/JavaClasses
    export CLEAN_PRECOMPS\=YES
    export CLONE_HEADERS\=NO
    export CODESIGNING_FOLDER_PATH\=/Users/antoniogrillo-balen/Library/Developer/Xcode/DerivedData/risebysolis-gzfsziqwziaggpcbgdowmssiasmi/Build/Products/Debug-iphonesimulator/React-RuntimeCore/React_RuntimeCore.framework
    export CODE_SIGNING_ALLOWED\=YES
    export CODE_SIGNING_REQUIRED\=NO
    export CODE_SIGNING_REQUIRES_TEAM\=YES
    export CODE_SIGN_CONTEXT_CLASS\=XCiPhoneSimulatorCodeSignContext
    export CODE_SIGN_IDENTITY\=-
    export CODE_SIGN_INJECT_BASE_ENTITLEMENTS\=YES
    export COLOR_DIAGNOSTICS\=NO
    export COMBINE_HIDPI_IMAGES\=NO
    export COMPILATION_CACHE_CAS_PATH\=/Users/antoniogrillo-balen/Library/Developer/Xcode/DerivedData/CompilationCache.noindex
    export COMPILATION_CACHE_KEEP_CAS_DIRECTORY\=YES
    export COMPILER_INDEX_STORE_ENABLE\=Default
    export COMPOSITE_SDK_DIRS\=/Users/antoniogrillo-balen/Library/Developer/Xcode/DerivedData/risebysolis-gzfsziqwziaggpcbgdowmssiasmi/Build/Intermediates.noindex/CompositeSDKs
    export COMPRESS_PNG_FILES\=YES
    export CONFIGURATION\=Debug
    export CONFIGURATION_BUILD_DIR\=/Users/antoniogrillo-balen/Library/Developer/Xcode/DerivedData/risebysolis-gzfsziqwziaggpcbgdowmssiasmi/Build/Products/Debug-iphonesimulator/React-RuntimeCore
    export CONFIGURATION_TEMP_DIR\=/Users/antoniogrillo-balen/Library/Developer/Xcode/DerivedData/risebysolis-gzfsziqwziaggpcbgdowmssiasmi/Build/Intermediates.noindex/Pods.build/Debug-iphonesimulator
    export CONTENTS_FOLDER_PATH\=React_RuntimeCore.framework
    export CONTENTS_FOLDER_PATH_SHALLOW_BUNDLE_NO\=React_RuntimeCore.framework/A
    export CONTENTS_FOLDER_PATH_SHALLOW_BUNDLE_YES\=React_RuntimeCore.framework
    export COPYING_PRESERVES_HFS_DATA\=NO
    export COPY_HEADERS_RUN_UNIFDEF\=NO
    export COPY_PHASE_STRIP\=NO
    export CORRESPONDING_DEVICE_PLATFORM_DIR\=/Applications/Xcode.app/Contents/Developer/Platforms/iPhoneOS.platform
    export CORRESPONDING_DEVICE_PLATFORM_NAME\=iphoneos
    export CORRESPONDING_DEVICE_SDK_DIR\=/Applications/Xcode.app/Contents/Developer/Platforms/iPhoneOS.platform/Developer/SDKs/iPhoneOS26.5.sdk
    export CORRESPONDING_DEVICE_SDK_NAME\=iphoneos26.5
    export CP\=/bin/cp
    export CREATE_INFOPLIST_SECTION_IN_BINARY\=NO
    export CURRENT_ARCH\=undefined_arch
    export CURRENT_PROJECT_VERSION\=1
    export CURRENT_VARIANT\=normal
    export CURRENT_VERSION\=Current
    export DEAD_CODE_STRIPPING\=YES
    export DEBUGGING_SYMBOLS\=YES
    export DEBUG_INFORMATION_FORMAT\=dwarf
    export DEBUG_INFORMATION_VERSION\=compiler-default
    export DEFAULT_COMPILER\=com.apple.compilers.llvm.clang.1_0
    export DEFAULT_DEXT_INSTALL_PATH\=/System/Library/DriverExtensions
    export DEFAULT_KEXT_INSTALL_PATH\=/System/Library/Extensions
    export DEFINES_MODULE\=YES
    export DEPLOYMENT_LOCATION\=NO
    export DEPLOYMENT_POSTPROCESSING\=NO
    export DEPLOYMENT_TARGET_SETTING_NAME\=IPHONEOS_DEPLOYMENT_TARGET
    export DEPLOYMENT_TARGET_SUGGESTED_VALUES\=12.0\ 12.1\ 12.2\ 12.3\ 12.4\ 13.0\ 13.1\ 13.2\ 13.3\ 13.4\ 13.5\ 13.6\ 14.0\ 14.1\ 14.2\ 14.3\ 14.4\ 14.5\ 14.6\ 14.7\ 15.0\ 15.1\ 15.2\ 15.3\ 15.4\ 15.5\ 15.6\ 16.0\ 16.1\ 16.2\ 16.3\ 16.4\ 16.5\ 16.6\ 17.0\ 17.1\ 17.2\ 17.3\ 17.4\ 17.5\ 17.6\ 18.0\ 18.1\ 18.2\ 18.3\ 18.4\ 18.5\ 18.6\ 26.0\ 26.2\ 26.3\ 26.4\ 26.5
    export DERIVED_FILES_DIR\=/Users/antoniogrillo-balen/Library/Developer/Xcode/DerivedData/risebysolis-gzfsziqwziaggpcbgdowmssiasmi/Build/Intermediates.noindex/Pods.build/Debug-iphonesimulator/React-RuntimeCore.build/DerivedSources
    export DERIVED_FILE_DIR\=/Users/antoniogrillo-balen/Library/Developer/Xcode/DerivedData/risebysolis-gzfsziqwziaggpcbgdowmssiasmi/Build/Intermediates.noindex/Pods.build/Debug-iphonesimulator/React-RuntimeCore.build/DerivedSources
    export DERIVED_SOURCES_DIR\=/Users/antoniogrillo-balen/Library/Developer/Xcode/DerivedData/risebysolis-gzfsziqwziaggpcbgdowmssiasmi/Build/Intermediates.noindex/Pods.build/Debug-iphonesimulator/React-RuntimeCore.build/DerivedSources
    export DEVELOPER_APPLICATIONS_DIR\=/Applications/Xcode.app/Contents/Developer/Applications
    export DEVELOPER_BIN_DIR\=/Applications/Xcode.app/Contents/Developer/usr/bin
    export DEVELOPER_DIR\=/Applications/Xcode.app/Contents/Developer
    export DEVELOPER_FRAMEWORKS_DIR\=/Applications/Xcode.app/Contents/Developer/Library/Frameworks
    export DEVELOPER_FRAMEWORKS_DIR_QUOTED\=/Applications/Xcode.app/Contents/Developer/Library/Frameworks
    export DEVELOPER_LIBRARY_DIR\=/Applications/Xcode.app/Contents/Developer/Library
    export DEVELOPER_SDK_DIR\=/Applications/Xcode.app/Contents/Developer/Platforms/MacOSX.platform/Developer/SDKs
    export DEVELOPER_TOOLS_DIR\=/Applications/Xcode.app/Contents/Developer/Tools
    export DEVELOPER_USR_DIR\=/Applications/Xcode.app/Contents/Developer/usr
    export DEVELOPMENT_LANGUAGE\=en
    export DIAGNOSE_MISSING_TARGET_DEPENDENCIES\=YES
    export DIFF\=/usr/bin/diff
    export DOCUMENTATION_FOLDER_PATH\=React_RuntimeCore.framework/en.lproj/Documentation
    export DONT_GENERATE_INFOPLIST_FILE\=NO
    export DSTROOT\=/tmp/Pods.dst
    export DT_TOOLCHAIN_DIR\=/Applications/Xcode.app/Contents/Developer/Toolchains/XcodeDefault.xctoolchain
    export DUMP_DEPENDENCIES\=NO
    export DUMP_DEPENDENCIES_OUTPUT_PATH\=/Users/antoniogrillo-balen/Library/Developer/Xcode/DerivedData/risebysolis-gzfsziqwziaggpcbgdowmssiasmi/Build/Intermediates.noindex/Pods.build/Debug-iphonesimulator/React-RuntimeCore.build/React-RuntimeCore-BuildDependencyInfo.json
    export DWARF_DSYM_FILE_NAME\=React_RuntimeCore.framework.dSYM
    export DWARF_DSYM_FILE_SHOULD_ACCOMPANY_PRODUCT\=NO
    export DWARF_DSYM_FOLDER_PATH\=/Users/antoniogrillo-balen/Library/Developer/Xcode/DerivedData/risebysolis-gzfsziqwziaggpcbgdowmssiasmi/Build/Products/Debug-iphonesimulator/React-RuntimeCore
    export DYLIB_COMPATIBILITY_VERSION\=1
    export DYLIB_CURRENT_VERSION\=1
    export DYLIB_INSTALL_NAME_BASE\=@rpath
    export DYNAMIC_LIBRARY_EXTENSION\=dylib
    export EAGER_COMPILATION_ALLOW_SCRIPTS\=NO
    export EAGER_LINKING\=NO
    export EFFECTIVE_PLATFORM_NAME\=-iphonesimulator
    export EFFECTIVE_SWIFT_VERSION\=5
    export EMBEDDED_CONTENT_CONTAINS_SWIFT\=NO
    export EMBED_ASSET_PACKS_IN_PRODUCT_BUNDLE\=NO
    export ENABLE_APP_SANDBOX\=NO
    export ENABLE_CODE_COVERAGE\=YES
    export ENABLE_COHORT_ARCHS\=NO
    export ENABLE_CPLUSPLUS_BOUNDS_SAFE_BUFFERS\=NO
    export ENABLE_C_BOUNDS_SAFETY\=NO
    export ENABLE_DEFAULT_HEADER_SEARCH_PATHS\=YES
    export ENABLE_DEFAULT_SEARCH_PATHS\=YES
    export ENABLE_ENHANCED_SECURITY\=NO
    export ENABLE_HARDENED_RUNTIME\=NO
    export ENABLE_HEADER_DEPENDENCIES\=YES
    export ENABLE_INCOMING_NETWORK_CONNECTIONS\=NO
    export ENABLE_MODULE_VERIFIER\=NO
    export ENABLE_ON_DEMAND_RESOURCES\=NO
    export ENABLE_OUTGOING_NETWORK_CONNECTIONS\=NO
    export ENABLE_POINTER_AUTHENTICATION\=NO
    export ENABLE_PREVIEWS\=NO
    export ENABLE_RESOURCE_ACCESS_AUDIO_INPUT\=NO
    export ENABLE_RESOURCE_ACCESS_BLUETOOTH\=NO
    export ENABLE_RESOURCE_ACCESS_CALENDARS\=NO
    export ENABLE_RESOURCE_ACCESS_CAMERA\=NO
    export ENABLE_RESOURCE_ACCESS_CONTACTS\=NO
    export ENABLE_RESOURCE_ACCESS_LOCATION\=NO
    export ENABLE_RESOURCE_ACCESS_PHOTO_LIBRARY\=NO
    export ENABLE_RESOURCE_ACCESS_PRINTING\=NO
    export ENABLE_RESOURCE_ACCESS_USB\=NO
    export ENABLE_SDK_IMPORTS\=NO
    export ENABLE_SECURITY_COMPILER_WARNINGS\=NO
    export ENABLE_STRICT_OBJC_MSGSEND\=YES
    export ENABLE_TESTABILITY\=YES
    export ENABLE_TESTING_SEARCH_PATHS\=NO
    export ENABLE_USER_SCRIPT_SANDBOXING\=NO
    export ENABLE_XOJIT_PREVIEWS\=YES
    export ENFORCE_VALID_ARCHS\=YES
    export ENTITLEMENTS_DESTINATION\=__entitlements
    export ENTITLEMENTS_REQUIRED\=NO
    export EXCLUDED_INSTALLSRC_SUBDIRECTORY_PATTERNS\=.DS_Store\ .svn\ .git\ .hg\ CVS
    export EXCLUDED_RECURSIVE_SEARCH_PATH_SUBDIRECTORIES\=\*.nib\ \*.lproj\ \*.framework\ \*.gch\ \*.xcode\*\ \*.xcassets\ \*.icon\ \(\*\)\ .DS_Store\ CVS\ .svn\ .git\ .hg\ \*.pbproj\ \*.pbxproj
    export EXECUTABLES_FOLDER_PATH\=React_RuntimeCore.framework/en.lproj
    export EXECUTABLE_FOLDER_PATH\=React_RuntimeCore.framework
    export EXECUTABLE_FOLDER_PATH_SHALLOW_BUNDLE_NO\=React_RuntimeCore.framework
    export EXECUTABLE_FOLDER_PATH_SHALLOW_BUNDLE_YES\=React_RuntimeCore.framework
    export EXECUTABLE_NAME\=React_RuntimeCore
    export EXECUTABLE_PATH\=React_RuntimeCore.framework/React_RuntimeCore
    export EXPANDED_CODE_SIGN_IDENTITY\=-
    export EXPANDED_CODE_SIGN_IDENTITY_NAME\=Sign\ to\ Run\ Locally
    export EXTENSIONS_FOLDER_PATH\=React_RuntimeCore.framework/Extensions
    export FILE_LIST\=/Users/antoniogrillo-balen/Library/Developer/Xcode/DerivedData/risebysolis-gzfsziqwziaggpcbgdowmssiasmi/Build/Intermediates.noindex/Pods.build/Debug-iphonesimulator/React-RuntimeCore.build/Objects/LinkFileList
    export FIXED_FILES_DIR\=/Users/antoniogrillo-balen/Library/Developer/Xcode/DerivedData/risebysolis-gzfsziqwziaggpcbgdowmssiasmi/Build/Intermediates.noindex/Pods.build/Debug-iphonesimulator/React-RuntimeCore.build/FixedFiles
    export FRAMEWORKS_FOLDER_PATH\=React_RuntimeCore.framework/Frameworks
    export FRAMEWORK_FLAG_PREFIX\=-framework
    export FRAMEWORK_SEARCH_PATHS\=/Users/antoniogrillo-balen/Library/Developer/Xcode/DerivedData/risebysolis-gzfsziqwziaggpcbgdowmssiasmi/Build/Products/Debug-iphonesimulator/React-RuntimeCore\ \ \"/Users/antoniogrillo-balen/Library/Developer/Xcode/DerivedData/risebysolis-gzfsziqwziaggpcbgdowmssiasmi/Build/Products/Debug-iphonesimulator/DoubleConversion\"\ \"/Users/antoniogrillo-balen/Library/Developer/Xcode/DerivedData/risebysolis-gzfsziqwziaggpcbgdowmssiasmi/Build/Products/Debug-iphonesimulator/RCT-Folly\"\ \"/Users/antoniogrillo-balen/Library/Developer/Xcode/DerivedData/risebysolis-gzfsziqwziaggpcbgdowmssiasmi/Build/Products/Debug-iphonesimulator/React-cxxreact\"\ \"/Users/antoniogrillo-balen/Library/Developer/Xcode/DerivedData/risebysolis-gzfsziqwziaggpcbgdowmssiasmi/Build/Products/Debug-iphonesimulator/React-debug\"\ \"/Users/antoniogrillo-balen/Library/Developer/Xcode/DerivedData/risebysolis-gzfsziqwziaggpcbgdowmssiasmi/Build/Products/Debug-iphonesimulator/React-featureflags\"\ \"/Users/antoniogrillo-balen/Library/Developer/Xcode/DerivedData/risebysolis-gzfsziqwziaggpcbgdowmssiasmi/Build/Products/Debug-iphonesimulator/React-jserrorhandler\"\ \"/Users/antoniogrillo-balen/Library/Developer/Xcode/DerivedData/risebysolis-gzfsziqwziaggpcbgdowmssiasmi/Build/Products/Debug-iphonesimulator/React-jsi\"\ \"/Users/antoniogrillo-balen/Library/Developer/Xcode/DerivedData/risebysolis-gzfsziqwziaggpcbgdowmssiasmi/Build/Products/Debug-iphonesimulator/React-jsiexecutor\"\ \"/Users/antoniogrillo-balen/Library/Developer/Xcode/DerivedData/risebysolis-gzfsziqwziaggpcbgdowmssiasmi/Build/Products/Debug-iphonesimulator/React-jsinspector\"\ \"/Users/antoniogrillo-balen/Library/Developer/Xcode/DerivedData/risebysolis-gzfsziqwziaggpcbgdowmssiasmi/Build/Products/Debug-iphonesimulator/React-logger\"\ \"/Users/antoniogrillo-balen/Library/Developer/Xcode/DerivedData/risebysolis-gzfsziqwziaggpcbgdowmssiasmi/Build/Products/Debug-iphonesimulator/React-perflogger\"\ \"/Users/antoniogrillo-balen/Library/Developer/Xcode/DerivedData/risebysolis-gzfsziqwziaggpcbgdowmssiasmi/Build/Products/Debug-iphonesimulator/React-performancetimeline\"\ \"/Users/antoniogrillo-balen/Library/Developer/Xcode/DerivedData/risebysolis-gzfsziqwziaggpcbgdowmssiasmi/Build/Products/Debug-iphonesimulator/React-rendererconsistency\"\ \"/Users/antoniogrillo-balen/Library/Developer/Xcode/DerivedData/risebysolis-gzfsziqwziaggpcbgdowmssiasmi/Build/Products/Debug-iphonesimulator/React-rendererdebug\"\ \"/Users/antoniogrillo-balen/Library/Developer/Xcode/DerivedData/risebysolis-gzfsziqwziaggpcbgdowmssiasmi/Build/Products/Debug-iphonesimulator/React-runtimescheduler\"\ \"/Users/antoniogrillo-balen/Library/Developer/Xcode/DerivedData/risebysolis-gzfsziqwziaggpcbgdowmssiasmi/Build/Products/Debug-iphonesimulator/React-utils\"\ \"/Users/antoniogrillo-balen/Library/Developer/Xcode/DerivedData/risebysolis-gzfsziqwziaggpcbgdowmssiasmi/Build/Products/Debug-iphonesimulator/fmt\"\ \"/Users/antoniogrillo-balen/Library/Developer/Xcode/DerivedData/risebysolis-gzfsziqwziaggpcbgdowmssiasmi/Build/Products/Debug-iphonesimulator/glog\"\ \"/Users/antoniogrillo-balen/Desktop/Projects/RiseBuild/ios/Pods/hermes-engine/destroot/Library/Frameworks/universal\"\ \"/Users/antoniogrillo-balen/Library/Developer/Xcode/DerivedData/risebysolis-gzfsziqwziaggpcbgdowmssiasmi/Build/Products/Debug-iphonesimulator/XCFrameworkIntermediates/hermes-engine/Pre-built\"
    export FRAMEWORK_VERSION\=A
    export FULL_PRODUCT_NAME\=React_RuntimeCore.framework
    export FUSE_BUILD_PHASES\=YES
    export FUSE_BUILD_SCRIPT_PHASES\=NO
    export GCC3_VERSION\=3.3
    export GCC_C_LANGUAGE_STANDARD\=gnu11
    export GCC_DYNAMIC_NO_PIC\=NO
    export GCC_INLINES_ARE_PRIVATE_EXTERN\=YES
    export GCC_NO_COMMON_BLOCKS\=YES
    export GCC_OBJC_LEGACY_DISPATCH\=YES
    export GCC_OPTIMIZATION_LEVEL\=0
    export GCC_PFE_FILE_C_DIALECTS\=c\ objective-c\ c++\ objective-c++
    export GCC_PREFIX_HEADER\=Target\ Support\ Files/React-RuntimeCore/React-RuntimeCore-prefix.pch
    export GCC_PREPROCESSOR_DEFINITIONS\=POD_CONFIGURATION_DEBUG\=1\ DEBUG\=1\ \ COCOAPODS\=1
    export GCC_TREAT_WARNINGS_AS_ERRORS\=NO
    export GCC_VERSION\=com.apple.compilers.llvm.clang.1_0
    export GCC_VERSION_IDENTIFIER\=com_apple_compilers_llvm_clang_1_0
    export GCC_WARN_64_TO_32_BIT_CONVERSION\=YES
    export GCC_WARN_ABOUT_RETURN_TYPE\=YES_ERROR
    export GCC_WARN_PEDANTIC\=YES
    export GCC_WARN_UNDECLARED_SELECTOR\=YES
    export GCC_WARN_UNINITIALIZED_AUTOS\=YES_AGGRESSIVE
    export GCC_WARN_UNUSED_FUNCTION\=YES
    export GCC_WARN_UNUSED_VARIABLE\=YES
    export GENERATED_MODULEMAP_DIR\=/Users/antoniogrillo-balen/Library/Developer/Xcode/DerivedData/risebysolis-gzfsziqwziaggpcbgdowmssiasmi/Build/Intermediates.noindex/GeneratedModuleMaps-iphonesimulator
    export GENERATE_INFOPLIST_FILE\=NO
    export GENERATE_INTERMEDIATE_TEXT_BASED_STUBS\=YES
    export GENERATE_PKGINFO_FILE\=NO
    export GENERATE_PRELINK_OBJECT_FILE\=NO
    export GENERATE_PROFILING_CODE\=NO
    export GENERATE_TEXT_BASED_STUBS\=NO
    export GID\=20
    export GROUP\=staff
    export HEADERMAP_INCLUDES_FLAT_ENTRIES_FOR_TARGET_BEING_BUILT\=YES
    export HEADERMAP_INCLUDES_FRAMEWORK_ENTRIES_FOR_ALL_PRODUCT_TYPES\=YES
    export HEADERMAP_INCLUDES_FRAMEWORK_ENTRIES_FOR_TARGETS_NOT_BEING_BUILT\=YES
    export HEADERMAP_INCLUDES_NONPUBLIC_NONPRIVATE_HEADERS\=YES
    export HEADERMAP_INCLUDES_PROJECT_HEADERS\=YES
    export HEADERMAP_USES_FRAMEWORK_PREFIX_ENTRIES\=YES
    export HEADERMAP_USES_VFS\=YES
    export HEADER_SEARCH_PATHS\=/Users/antoniogrillo-balen/Library/Developer/Xcode/DerivedData/risebysolis-gzfsziqwziaggpcbgdowmssiasmi/Build/Products/Debug-iphonesimulator/React-RuntimeCore/include\ \ /Users/antoniogrillo-balen/Library/Developer/Xcode/DerivedData/risebysolis-gzfsziqwziaggpcbgdowmssiasmi/Build/Products/Debug-iphonesimulator/ReactCommon/ReactCommon.framework/Headers\ /Users/antoniogrillo-balen/Library/Developer/Xcode/DerivedData/risebysolis-gzfsziqwziaggpcbgdowmssiasmi/Build/Products/Debug-iphonesimulator/ReactCommon/ReactCommon.framework/Headers/react/nativemodule/core\ /Users/antoniogrillo-balen/Library/Developer/Xcode/DerivedData/risebysolis-gzfsziqwziaggpcbgdowmssiasmi/Build/Products/Debug-iphonesimulator/ReactCommon-Samples/ReactCommon_Samples.framework/Headers\ /Users/antoniogrillo-balen/Library/Developer/Xcode/DerivedData/risebysolis-gzfsziqwziaggpcbgdowmssiasmi/Build/Products/Debug-iphonesimulator/ReactCommon-Samples/ReactCommon_Samples.framework/Headers/platform/ios\ /Users/antoniogrillo-balen/Library/Developer/Xcode/DerivedData/risebysolis-gzfsziqwziaggpcbgdowmssiasmi/Build/Products/Debug-iphonesimulator/React-Fabric/React_Fabric.framework/Headers/react/renderer/components/view/platform/cxx\ /Users/antoniogrillo-balen/Library/Developer/Xcode/DerivedData/risebysolis-gzfsziqwziaggpcbgdowmssiasmi/Build/Products/Debug-iphonesimulator/React-NativeModulesApple/React_NativeModulesApple.framework/Headers\ /Users/antoniogrillo-balen/Library/Developer/Xcode/DerivedData/risebysolis-gzfsziqwziaggpcbgdowmssiasmi/Build/Products/Debug-iphonesimulator/React-graphics/React_graphics.framework/Headers\ /Users/antoniogrillo-balen/Library/Developer/Xcode/DerivedData/risebysolis-gzfsziqwziaggpcbgdowmssiasmi/Build/Products/Debug-iphonesimulator/React-graphics/React_graphics.framework/Headers/react/renderer/graphics/platform/ios\ \"/Users/antoniogrillo-balen/Desktop/Projects/RiseBuild/ios/Pods/Headers/Public\"\ \"/Users/antoniogrillo-balen/Desktop/Projects/RiseBuild/ios/Pods/Headers/Public/React-callinvoker\"\ \"/Users/antoniogrillo-balen/Desktop/Projects/RiseBuild/ios/Pods/Headers/Public/React-runtimeexecutor\"\ \"/Users/antoniogrillo-balen/Desktop/Projects/RiseBuild/ios/Pods/Headers/Public/React-timing\"\ \"/Users/antoniogrillo-balen/Desktop/Projects/RiseBuild/ios/Pods/Headers/Public/boost\"\ \"/Users/antoniogrillo-balen/Desktop/Projects/RiseBuild/ios/Pods/Headers/Public/fast_float\"\ \"/Users/antoniogrillo-balen/Desktop/Projects/RiseBuild/ios/Pods/Headers/Public/hermes-engine\"\ \"/Users/antoniogrillo-balen/Desktop/Projects/RiseBuild/ios/Pods/boost\"\ \"/Users/antoniogrillo-balen/Desktop/Projects/RiseBuild/ios/Pods/Headers/Private/React-Core\"\ \"/Users/antoniogrillo-balen/Desktop/Projects/RiseBuild/ios/Pods/../../node_modules/react-native/ReactCommon/react/runtime/../..\"\ \"/Users/antoniogrillo-balen/Desktop/Projects/RiseBuild/ios/Pods/RCT-Folly\"\ \"/Users/antoniogrillo-balen/Desktop/Projects/RiseBuild/ios/Pods/DoubleConversion\"\ \"/Users/antoniogrillo-balen/Desktop/Projects/RiseBuild/ios/Pods/fast_float/include\"\ \"/Users/antoniogrillo-balen/Desktop/Projects/RiseBuild/ios/Pods/fmt/include\"\ \"/Users/antoniogrillo-balen/Desktop/Projects/RiseBuild/ios/Pods/boost\"
    export HOME\=/Users/antoniogrillo-balen
    export HOST_ARCH\=arm64
    export HOST_PLATFORM\=macosx
    export ICONV\=/usr/bin/iconv
    export IMPLICIT_DEPENDENCY_DOMAIN\=default
    export INDEX_STORE_COMPRESS\=NO
    export INDEX_STORE_ONLY_PROJECT_FILES\=NO
    export INFOPLIST_ENABLE_CFBUNDLEICONS_MERGE\=YES
    export INFOPLIST_EXPAND_BUILD_SETTINGS\=YES
    export INFOPLIST_FILE\=Target\ Support\ Files/React-RuntimeCore/React-RuntimeCore-Info.plist
    export INFOPLIST_OUTPUT_FORMAT\=binary
    export INFOPLIST_PATH\=React_RuntimeCore.framework/Info.plist
    export INFOPLIST_PREPROCESS\=NO
    export INFOSTRINGS_PATH\=React_RuntimeCore.framework/en.lproj/InfoPlist.strings
    export INLINE_PRIVATE_FRAMEWORKS\=NO
    export INSTALLAPI_IGNORE_SKIP_INSTALL\=YES
    export INSTALLHDRS_COPY_PHASE\=NO
    export INSTALLHDRS_SCRIPT_PHASE\=NO
    export INSTALL_DIR\=/tmp/Pods.dst/Library/Frameworks
    export INSTALL_GROUP\=staff
    export INSTALL_MODE_FLAG\=u+w,go-w,a+rX
    export INSTALL_OWNER\=antoniogrillo-balen
    export INSTALL_PATH\=/Library/Frameworks
    export INSTALL_ROOT\=/tmp/Pods.dst
    export IPHONEOS_DEPLOYMENT_TARGET\=15.1
    export IS_UNOPTIMIZED_BUILD\=YES
    export JAVAC_DEFAULT_FLAGS\=-J-Xms64m\ -J-XX:NewSize\=4M\ -J-Dfile.encoding\=UTF8
    export JAVA_APP_STUB\=/System/Library/Frameworks/JavaVM.framework/Resources/MacOS/JavaApplicationStub
    export JAVA_ARCHIVE_CLASSES\=YES
    export JAVA_ARCHIVE_TYPE\=JAR
    export JAVA_COMPILER\=/usr/bin/javac
    export JAVA_FOLDER_PATH\=React_RuntimeCore.framework/Java
    export JAVA_FRAMEWORK_RESOURCES_DIRS\=Resources
    export JAVA_JAR_FLAGS\=cv
    export JAVA_SOURCE_SUBDIR\=.
    export JAVA_USE_DEPENDENCIES\=YES
    export JAVA_ZIP_FLAGS\=-urg
    export JIKES_DEFAULT_FLAGS\=+E\ +OLDCSO
    export KEEP_PRIVATE_EXTERNS\=NO
    export LD_DEPENDENCY_INFO_FILE\=/Users/antoniogrillo-balen/Library/Developer/Xcode/DerivedData/risebysolis-gzfsziqwziaggpcbgdowmssiasmi/Build/Intermediates.noindex/Pods.build/Debug-iphonesimulator/React-RuntimeCore.build/Objects-normal/undefined_arch/React_RuntimeCore_dependency_info.dat
    export LD_DYLIB_INSTALL_NAME\=@rpath/React_RuntimeCore.framework/React_RuntimeCore
    export LD_EXPORT_SYMBOLS\=YES
    export LD_GENERATE_MAP_FILE\=NO
    export LD_MAP_FILE_PATH\=/Users/antoniogrillo-balen/Library/Developer/Xcode/DerivedData/risebysolis-gzfsziqwziaggpcbgdowmssiasmi/Build/Intermediates.noindex/Pods.build/Debug-iphonesimulator/React-RuntimeCore.build/React_RuntimeCore-LinkMap-normal-undefined_arch.txt
    export LD_NO_PIE\=NO
    export LD_QUOTE_LINKER_ARGUMENTS_FOR_COMPILER_DRIVER\=YES
    export LD_RUNPATH_SEARCH_PATHS\=\ @executable_path/Frameworks\ @loader_path/Frameworks
    export LD_SHARED_CACHE_ELIGIBLE\=Automatic
    export LD_WARN_DUPLICATE_LIBRARIES\=NO
    export LD_WARN_UNUSED_DYLIBS\=NO
    export LEGACY_DEVELOPER_DIR\=/Applications/Xcode.app/Contents/PlugIns/Xcode3Core.ideplugin/Contents/SharedSupport/Developer
    export LEX\=lex
    export LIBRARY_DEXT_INSTALL_PATH\=/Library/DriverExtensions
    export LIBRARY_FLAG_NOSPACE\=YES
    export LIBRARY_FLAG_PREFIX\=-l
    export LIBRARY_KEXT_INSTALL_PATH\=/Library/Extensions
    export LIBRARY_SEARCH_PATHS\=/Users/antoniogrillo-balen/Library/Developer/Xcode/DerivedData/risebysolis-gzfsziqwziaggpcbgdowmssiasmi/Build/Products/Debug-iphonesimulator/React-RuntimeCore\ 
    export LINKER_DISPLAYS_MANGLED_NAMES\=NO
    export LINK_FILE_LIST_normal_arm64\=/Users/antoniogrillo-balen/Library/Developer/Xcode/DerivedData/risebysolis-gzfsziqwziaggpcbgdowmssiasmi/Build/Intermediates.noindex/Pods.build/Debug-iphonesimulator/React-RuntimeCore.build/Objects-normal/arm64/React_RuntimeCore.LinkFileList
    export LINK_OBJC_RUNTIME\=YES
    export LINK_WITH_STANDARD_LIBRARIES\=YES
    export LLVM_TARGET_TRIPLE_OS_VERSION\=ios15.1
    export LLVM_TARGET_TRIPLE_SUFFIX\=-simulator
    export LLVM_TARGET_TRIPLE_VENDOR\=apple
    export LM_AUX_CONST_METADATA_LIST_PATH_normal_arm64\=/Users/antoniogrillo-balen/Library/Developer/Xcode/DerivedData/risebysolis-gzfsziqwziaggpcbgdowmssiasmi/Build/Intermediates.noindex/Pods.build/Debug-iphonesimulator/React-RuntimeCore.build/Objects-normal/arm64/React_RuntimeCore.SwiftConstValuesFileList
    export LOCALIZATION_EXPORT_SUPPORTED\=YES
    export LOCALIZATION_PREFERS_STRING_CATALOGS\=NO
    export LOCALIZED_RESOURCES_FOLDER_PATH\=React_RuntimeCore.framework/en.lproj
    export LOCALIZED_STRING_CODE_COMMENTS\=NO
    export LOCALIZED_STRING_MACRO_NAMES\=NSLocalizedString\ CFCopyLocalizedString
    export LOCALIZED_STRING_SWIFTUI_SUPPORT\=YES
    export LOCAL_ADMIN_APPS_DIR\=/Applications/Utilities
    export LOCAL_APPS_DIR\=/Applications
    export LOCAL_DEVELOPER_DIR\=/Library/Developer
    export LOCAL_LIBRARY_DIR\=/Library
    export LOCROOT\=/Users/antoniogrillo-balen/Desktop/Projects/RiseBuild/ios/Pods
    export LOCSYMROOT\=/Users/antoniogrillo-balen/Desktop/Projects/RiseBuild/ios/Pods
    export MACH_O_TYPE\=staticlib
    export MAC_OS_X_PRODUCT_BUILD_VERSION\=25E253
    export MAC_OS_X_VERSION_ACTUAL\=260401
    export MAC_OS_X_VERSION_MAJOR\=260000
    export MAC_OS_X_VERSION_MINOR\=260400
    export MAKE_MERGEABLE\=NO
    export MERGEABLE_LIBRARY\=NO
    export MERGED_BINARY_TYPE\=none
    export MERGE_LINKED_LIBRARIES\=NO
    export METAL_LIBRARY_FILE_BASE\=default
    export METAL_LIBRARY_OUTPUT_DIR\=/Users/antoniogrillo-balen/Library/Developer/Xcode/DerivedData/risebysolis-gzfsziqwziaggpcbgdowmssiasmi/Build/Products/Debug-iphonesimulator/React-RuntimeCore/React_RuntimeCore.framework
    export MODULEMAP_FILE\=Target\ Support\ Files/React-RuntimeCore/React-RuntimeCore.modulemap
    export MODULES_FOLDER_PATH\=React_RuntimeCore.framework/Modules
    export MODULE_CACHE_DIR\=/Users/antoniogrillo-balen/Library/Developer/Xcode/DerivedData/ModuleCache.noindex
    export MTL_ENABLE_DEBUG_INFO\=INCLUDE_SOURCE
    export MTL_FAST_MATH\=YES
    export NATIVE_ARCH\=arm64
    export NATIVE_ARCH_32_BIT\=arm
    export NATIVE_ARCH_64_BIT\=arm64
    export NATIVE_ARCH_ACTUAL\=arm64
    export NO_COMMON\=YES
    export OBJC_ABI_VERSION\=2
    export OBJECT_FILE_DIR\=/Users/antoniogrillo-balen/Library/Developer/Xcode/DerivedData/risebysolis-gzfsziqwziaggpcbgdowmssiasmi/Build/Intermediates.noindex/Pods.build/Debug-iphonesimulator/React-RuntimeCore.build/Objects
    export OBJECT_FILE_DIR_normal\=/Users/antoniogrillo-balen/Library/Developer/Xcode/DerivedData/risebysolis-gzfsziqwziaggpcbgdowmssiasmi/Build/Intermediates.noindex/Pods.build/Debug-iphonesimulator/React-RuntimeCore.build/Objects-normal
    export OBJROOT\=/Users/antoniogrillo-balen/Library/Developer/Xcode/DerivedData/risebysolis-gzfsziqwziaggpcbgdowmssiasmi/Build/Intermediates.noindex
    export ONLY_ACTIVE_ARCH\=YES
    export OS\=MACOS
    export OSAC\=/usr/bin/osacompile
    export OTHER_LDFLAGS\=\ \ 
    export PACKAGE_TYPE\=com.apple.package-type.wrapper.framework
    export PASCAL_STRINGS\=YES
    export PATH\=/Applications/Xcode.app/Contents/SharedFrameworks/SwiftBuild.framework/Versions/A/PlugIns/SWBBuildService.bundle/Contents/PlugIns/SWBUniversalPlatformPlugin.bundle/Contents/Frameworks/SWBUniversalPlatform.framework/Resources:/Applications/Xcode.app/Contents/Developer/Toolchains/XcodeDefault.xctoolchain/usr/bin:/Applications/Xcode.app/Contents/Developer/Toolchains/XcodeDefault.xctoolchain/usr/local/bin:/Applications/Xcode.app/Contents/Developer/Toolchains/XcodeDefault.xctoolchain/usr/libexec:/Applications/Xcode.app/Contents/Developer/Platforms/iPhoneSimulator.platform/usr/bin:/Applications/Xcode.app/Contents/Developer/Platforms/iPhoneSimulator.platform/usr/local/bin:/Applications/Xcode.app/Contents/Developer/Platforms/iPhoneSimulator.platform/Developer/usr/bin:/Applications/Xcode.app/Contents/Developer/Platforms/iPhoneSimulator.platform/Developer/usr/local/bin:/Applications/Xcode.app/Contents/Developer/usr/bin:/Applications/Xcode.app/Contents/Developer/usr/local/bin:/opt/homebrew/opt/ruby/bin:/opt/homebrew/lib/ruby/gems/4.0.0/bin:/opt/homebrew/bin:/opt/homebrew/sbin:/Users/antoniogrillo-balen/.nvm/versions/node/v24.14.1/bin:/Library/Frameworks/Python.framework/Versions/3.14/bin:/usr/local/bin:/System/Cryptexes/App/usr/bin:/usr/bin:/bin:/usr/sbin:/sbin:/var/run/com.apple.security.cryptexd/codex.system/bootstrap/usr/local/bin:/var/run/com.apple.security.cryptexd/codex.system/bootstrap/usr/bin:/var/run/com.apple.security.cryptexd/codex.system/bootstrap/usr/appleinternal/bin:/opt/pkg/env/active/bin:/opt/pmk/env/global/bin:/Library/Apple/usr/bin:/Applications/VMware\ Fusion.app/Contents/Public:/Users/antoniogrillo-balen/.cargo/bin:/Users/antoniogrillo-balen/.cache/plugins/.install-staging/25283474a0e0d4a060cb0e915c1ec54e3d41ef2e/cursor/repo/bin:/Users/antoniogrillo-balen/.claude/plugins/cache/claude-plugins-official/superpowers/5.1.0/bin:/Users/antoniogrillo-balen/.claude/plugins/cache/claude-plugins-official/frontend-design/unknown/bin:/Users/antoniogrillo-balen/.claude/plugins/cache/claude-plugins-official/code-simplifier/1.0.0/bin:/Users/antoniogrillo-balen/.claude/plugins/cache/claude-plugins-official/security-guidance/unknown/bin:/Users/antoniogrillo-balen/.claude/plugins/cache/thedotmack/claude-mem/12.1.1/bin
    export PATH_PREFIXES_EXCLUDED_FROM_HEADER_DEPENDENCIES\=/usr/include\ /usr/local/include\ /System/Library/Frameworks\ /System/Library/PrivateFrameworks\ /Applications/Xcode.app/Contents/Developer/Headers\ /Applications/Xcode.app/Contents/Developer/SDKs\ /Applications/Xcode.app/Contents/Developer/Platforms
    export PBDEVELOPMENTPLIST_PATH\=React_RuntimeCore.framework/pbdevelopment.plist
    export PER_ARCH_MODULE_FILE_DIR\=/Users/antoniogrillo-balen/Library/Developer/Xcode/DerivedData/risebysolis-gzfsziqwziaggpcbgdowmssiasmi/Build/Intermediates.noindex/Pods.build/Debug-iphonesimulator/React-RuntimeCore.build/Objects-normal/undefined_arch
    export PER_ARCH_OBJECT_FILE_DIR\=/Users/antoniogrillo-balen/Library/Developer/Xcode/DerivedData/risebysolis-gzfsziqwziaggpcbgdowmssiasmi/Build/Intermediates.noindex/Pods.build/Debug-iphonesimulator/React-RuntimeCore.build/Objects-normal/undefined_arch
    export PER_VARIANT_OBJECT_FILE_DIR\=/Users/antoniogrillo-balen/Library/Developer/Xcode/DerivedData/risebysolis-gzfsziqwziaggpcbgdowmssiasmi/Build/Intermediates.noindex/Pods.build/Debug-iphonesimulator/React-RuntimeCore.build/Objects-normal
    export PKGINFO_FILE_PATH\=/Users/antoniogrillo-balen/Library/Developer/Xcode/DerivedData/risebysolis-gzfsziqwziaggpcbgdowmssiasmi/Build/Intermediates.noindex/Pods.build/Debug-iphonesimulator/React-RuntimeCore.build/PkgInfo
    export PKGINFO_PATH\=React_RuntimeCore.framework/PkgInfo
    export PLATFORM_DEVELOPER_APPLICATIONS_DIR\=/Applications/Xcode.app/Contents/Developer/Platforms/iPhoneSimulator.platform/Developer/Applications
    export PLATFORM_DEVELOPER_BIN_DIR\=/Applications/Xcode.app/Contents/Developer/Platforms/iPhoneSimulator.platform/Developer/usr/bin
    export PLATFORM_DEVELOPER_LIBRARY_DIR\=/Applications/Xcode.app/Contents/Developer/Platforms/iPhoneSimulator.platform/Developer/Library
    export PLATFORM_DEVELOPER_SDK_DIR\=/Applications/Xcode.app/Contents/Developer/Platforms/iPhoneSimulator.platform/Developer/SDKs
    export PLATFORM_DEVELOPER_TOOLS_DIR\=/Applications/Xcode.app/Contents/Developer/Platforms/iPhoneSimulator.platform/Developer/Tools
    export PLATFORM_DEVELOPER_USR_DIR\=/Applications/Xcode.app/Contents/Developer/Platforms/iPhoneSimulator.platform/Developer/usr
    export PLATFORM_DIR\=/Applications/Xcode.app/Contents/Developer/Platforms/iPhoneSimulator.platform
    export PLATFORM_DISPLAY_NAME\=iOS\ Simulator
    export PLATFORM_FAMILY_NAME\=iOS
    export PLATFORM_NAME\=iphonesimulator
    export PLATFORM_PREFERRED_ARCH\=x86_64
    export PLATFORM_PRODUCT_BUILD_VERSION\=23F73
    export PLATFORM_REQUIRES_SWIFT_AUTOLINK_EXTRACT\=NO
    export PLATFORM_REQUIRES_SWIFT_MODULEWRAP\=NO
    export PLATFORM_USES_DSYMS\=YES
    export PLIST_FILE_OUTPUT_FORMAT\=binary
    export PLUGINS_FOLDER_PATH\=React_RuntimeCore.framework/PlugIns
    export PODS_BUILD_DIR\=/Users/antoniogrillo-balen/Library/Developer/Xcode/DerivedData/risebysolis-gzfsziqwziaggpcbgdowmssiasmi/Build/Products
    export PODS_CONFIGURATION_BUILD_DIR\=/Users/antoniogrillo-balen/Library/Developer/Xcode/DerivedData/risebysolis-gzfsziqwziaggpcbgdowmssiasmi/Build/Products/Debug-iphonesimulator
    export PODS_DEVELOPMENT_LANGUAGE\=en
    export PODS_ROOT\=/Users/antoniogrillo-balen/Desktop/Projects/RiseBuild/ios/Pods
    export PODS_TARGET_SRCROOT\=/Users/antoniogrillo-balen/Desktop/Projects/RiseBuild/ios/Pods/../../node_modules/react-native/ReactCommon/react/runtime
    export PODS_XCFRAMEWORKS_BUILD_DIR\=/Users/antoniogrillo-balen/Library/Developer/Xcode/DerivedData/risebysolis-gzfsziqwziaggpcbgdowmssiasmi/Build/Products/Debug-iphonesimulator/XCFrameworkIntermediates
    export PRECOMPS_INCLUDE_HEADERS_FROM_BUILT_PRODUCTS_DIR\=YES
    export PRECOMP_DESTINATION_DIR\=/Users/antoniogrillo-balen/Library/Developer/Xcode/DerivedData/risebysolis-gzfsziqwziaggpcbgdowmssiasmi/Build/Intermediates.noindex/Pods.build/Debug-iphonesimulator/React-RuntimeCore.build/PrefixHeaders
    export PRIVATE_HEADERS_FOLDER_PATH\=React_RuntimeCore.framework/PrivateHeaders
    export PROCESSED_INFOPLIST_PATH\=/Users/antoniogrillo-balen/Library/Developer/Xcode/DerivedData/risebysolis-gzfsziqwziaggpcbgdowmssiasmi/Build/Intermediates.noindex/Pods.build/Debug-iphonesimulator/React-RuntimeCore.build/Objects-normal/undefined_arch/Processed-Info.plist
    export PRODUCT_BUNDLE_IDENTIFIER\=org.cocoapods.React-RuntimeCore
    export PRODUCT_BUNDLE_PACKAGE_TYPE\=FMWK
    export PRODUCT_MODULE_NAME\=React_RuntimeCore
    export PRODUCT_NAME\=React_RuntimeCore
    export PRODUCT_SETTINGS_PATH\=/Users/antoniogrillo-balen/Desktop/Projects/RiseBuild/ios/Pods/Target\ Support\ Files/React-RuntimeCore/React-RuntimeCore-Info.plist
    export PRODUCT_TYPE\=com.apple.product-type.framework
    export PROFILING_CODE\=NO
    export PROJECT\=Pods
    export PROJECT_DERIVED_FILE_DIR\=/Users/antoniogrillo-balen/Library/Developer/Xcode/DerivedData/risebysolis-gzfsziqwziaggpcbgdowmssiasmi/Build/Intermediates.noindex/Pods.build/DerivedSources
    export PROJECT_DIR\=/Users/antoniogrillo-balen/Desktop/Projects/RiseBuild/ios/Pods
    export PROJECT_FILE_PATH\=/Users/antoniogrillo-balen/Desktop/Projects/RiseBuild/ios/Pods/Pods.xcodeproj
    export PROJECT_GUID\=8699adb1dd336b26511df848a716bd42
    export PROJECT_NAME\=Pods
    export PROJECT_TEMP_DIR\=/Users/antoniogrillo-balen/Library/Developer/Xcode/DerivedData/risebysolis-gzfsziqwziaggpcbgdowmssiasmi/Build/Intermediates.noindex/Pods.build
    export PROJECT_TEMP_ROOT\=/Users/antoniogrillo-balen/Library/Developer/Xcode/DerivedData/risebysolis-gzfsziqwziaggpcbgdowmssiasmi/Build/Intermediates.noindex
    export PUBLIC_HEADERS_FOLDER_PATH\=React_RuntimeCore.framework/Headers
    export REACT_NATIVE_PATH\=/Users/antoniogrillo-balen/Desktop/Projects/RiseBuild/ios/Pods/../../node_modules/react-native
    export RECOMMENDED_IPHONEOS_DEPLOYMENT_TARGET\=15.0
    export RECURSIVE_SEARCH_PATHS_FOLLOW_SYMLINKS\=YES
    export REMOVE_CVS_FROM_RESOURCES\=YES
    export REMOVE_GIT_FROM_RESOURCES\=YES
    export REMOVE_HEADERS_FROM_EMBEDDED_BUNDLES\=YES
    export REMOVE_HG_FROM_RESOURCES\=YES
    export REMOVE_STATIC_EXECUTABLES_FROM_EMBEDDED_BUNDLES\=YES
    export REMOVE_SVN_FROM_RESOURCES\=YES
    export RESCHEDULE_INDEPENDENT_HEADERS_PHASES\=YES
    export REZ_COLLECTOR_DIR\=/Users/antoniogrillo-balen/Library/Developer/Xcode/DerivedData/risebysolis-gzfsziqwziaggpcbgdowmssiasmi/Build/Intermediates.noindex/Pods.build/Debug-iphonesimulator/React-RuntimeCore.build/ResourceManagerResources
    export REZ_OBJECTS_DIR\=/Users/antoniogrillo-balen/Library/Developer/Xcode/DerivedData/risebysolis-gzfsziqwziaggpcbgdowmssiasmi/Build/Intermediates.noindex/Pods.build/Debug-iphonesimulator/React-RuntimeCore.build/ResourceManagerResources/Objects
    export REZ_SEARCH_PATHS\=/Users/antoniogrillo-balen/Library/Developer/Xcode/DerivedData/risebysolis-gzfsziqwziaggpcbgdowmssiasmi/Build/Products/Debug-iphonesimulator/React-RuntimeCore\ 
    export RPATH_ORIGIN\=@loader_path
    export RUNTIME_EXCEPTION_ALLOW_DYLD_ENVIRONMENT_VARIABLES\=NO
    export RUNTIME_EXCEPTION_ALLOW_JIT\=NO
    export RUNTIME_EXCEPTION_ALLOW_UNSIGNED_EXECUTABLE_MEMORY\=NO
    export RUNTIME_EXCEPTION_DEBUGGING_TOOL\=NO
    export RUNTIME_EXCEPTION_DISABLE_EXECUTABLE_PAGE_PROTECTION\=NO
    export RUNTIME_EXCEPTION_DISABLE_LIBRARY_VALIDATION\=NO
    export SCANNING_PCM_KEEP_CACHE_DIRECTORY\=YES
    export SCAN_ALL_SOURCE_FILES_FOR_INCLUDES\=NO
    export SCRIPTS_FOLDER_PATH\=React_RuntimeCore.framework/Scripts
    export SCRIPT_INPUT_FILE_COUNT\=0
    export SCRIPT_INPUT_FILE_LIST_COUNT\=0
    export SCRIPT_OUTPUT_FILE_COUNT\=0
    export SCRIPT_OUTPUT_FILE_LIST_COUNT\=0
    export SDKROOT\=/Applications/Xcode.app/Contents/Developer/Platforms/iPhoneSimulator.platform/Developer/SDKs/iPhoneSimulator26.5.sdk
    export SDK_DIR\=/Applications/Xcode.app/Contents/Developer/Platforms/iPhoneSimulator.platform/Developer/SDKs/iPhoneSimulator26.5.sdk
    export SDK_DIR_iphonesimulator\=/Applications/Xcode.app/Contents/Developer/Platforms/iPhoneSimulator.platform/Developer/SDKs/iPhoneSimulator26.5.sdk
    export SDK_DIR_iphonesimulator26_5\=/Applications/Xcode.app/Contents/Developer/Platforms/iPhoneSimulator.platform/Developer/SDKs/iPhoneSimulator26.5.sdk
    export SDK_NAME\=iphonesimulator26.5
    export SDK_NAMES\=iphonesimulator26.5
    export SDK_PRODUCT_BUILD_VERSION\=23F73
    export SDK_STAT_CACHE_DIR\=/Users/antoniogrillo-balen/Library/Developer/Xcode/DerivedData
    export SDK_STAT_CACHE_ENABLE\=YES
    export SDK_STAT_CACHE_PATH\=/Users/antoniogrillo-balen/Library/Developer/Xcode/DerivedData/SDKStatCaches.noindex/iphonesimulator26.5-23F73-6cfe768891a92b912361537c460fe42b.sdkstatcache
    export SDK_VERSION\=26.5
    export SDK_VERSION_ACTUAL\=260500
    export SDK_VERSION_MAJOR\=260000
    export SDK_VERSION_MINOR\=260500
    export SED\=/usr/bin/sed
    export SEPARATE_STRIP\=NO
    export SEPARATE_SYMBOL_EDIT\=NO
    export SET_DIR_MODE_OWNER_GROUP\=YES
    export SET_FILE_MODE_OWNER_GROUP\=NO
    export SHALLOW_BUNDLE\=YES
    export SHALLOW_BUNDLE_TRIPLE\=ios-simulator
    export SHALLOW_BUNDLE_ios_macabi\=NO
    export SHALLOW_BUNDLE_macos\=NO
    export SHARED_DERIVED_FILE_DIR\=/Users/antoniogrillo-balen/Library/Developer/Xcode/DerivedData/risebysolis-gzfsziqwziaggpcbgdowmssiasmi/Build/Products/Debug-iphonesimulator/React-RuntimeCore/DerivedSources
    export SHARED_FRAMEWORKS_FOLDER_PATH\=React_RuntimeCore.framework/SharedFrameworks
    export SHARED_PRECOMPS_DIR\=/Users/antoniogrillo-balen/Library/Developer/Xcode/DerivedData/risebysolis-gzfsziqwziaggpcbgdowmssiasmi/Build/Intermediates.noindex/PrecompiledHeaders
    export SHARED_SUPPORT_FOLDER_PATH\=React_RuntimeCore.framework
    export SKIP_INSTALL\=YES
    export SKIP_MERGEABLE_LIBRARY_BUNDLE_HOOK\=NO
    export SOURCE_ROOT\=/Users/antoniogrillo-balen/Desktop/Projects/RiseBuild/ios/Pods
    export SRCROOT\=/Users/antoniogrillo-balen/Desktop/Projects/RiseBuild/ios/Pods
    export STRINGSDATA_DIR\=/Users/antoniogrillo-balen/Library/Developer/Xcode/DerivedData/risebysolis-gzfsziqwziaggpcbgdowmssiasmi/Build/Intermediates.noindex/Pods.build/Debug-iphonesimulator/React-RuntimeCore.build/Objects-normal/undefined_arch
    export STRINGSDATA_ROOT\=/Users/antoniogrillo-balen/Library/Developer/Xcode/DerivedData/risebysolis-gzfsziqwziaggpcbgdowmssiasmi/Build/Intermediates.noindex/Pods.build/Debug-iphonesimulator/React-RuntimeCore.build
    export STRINGS_FILE_INFOPLIST_RENAME\=YES
    export STRINGS_FILE_OUTPUT_ENCODING\=binary
    export STRING_CATALOG_GENERATE_SYMBOLS\=NO
    export STRIP_BITCODE_FROM_COPIED_FILES\=NO
    export STRIP_INSTALLED_PRODUCT\=NO
    export STRIP_STYLE\=debugging
    export STRIP_SWIFT_SYMBOLS\=YES
    export SUPPORTED_DEVICE_FAMILIES\=1,2
    export SUPPORTED_PLATFORMS\=iphoneos\ iphonesimulator
    export SUPPORTS_TEXT_BASED_API\=NO
    export SUPPRESS_WARNINGS\=NO
    export SWIFT_ACTIVE_COMPILATION_CONDITIONS\=\ DEBUG\ 
    export SWIFT_EMIT_CONST_VALUE_PROTOCOLS\=AnyResolverProviding\ AppEntity\ AppEnum\ AppExtension\ AppIntent\ AppIntentsPackage\ AppShortcutProviding\ AppShortcutsProvider\ AppUnionValue\ AppUnionValueCasesProviding\ DynamicOptionsProvider\ EntityQuery\ ExtensionPointDefining\ IntentValueQuery\ Resolver\ TransientEntity\ _AssistantIntentsProvider\ _GenerativeFunctionExtractable\ _IntentValueRepresentable
    export SWIFT_EMIT_LOC_STRINGS\=NO
    export SWIFT_ENABLE_EXPLICIT_MODULES\=YES
    export SWIFT_INSTALL_MODULE_FOR_DEPLOYMENT\=YES
    export SWIFT_INSTALL_OBJC_HEADER\=YES
    export SWIFT_OPTIMIZATION_LEVEL\=-Onone
    export SWIFT_PLATFORM_TARGET_PREFIX\=ios
    export SWIFT_RESPONSE_FILE_PATH_normal_arm64\=/Users/antoniogrillo-balen/Library/Developer/Xcode/DerivedData/risebysolis-gzfsziqwziaggpcbgdowmssiasmi/Build/Intermediates.noindex/Pods.build/Debug-iphonesimulator/React-RuntimeCore.build/Objects-normal/arm64/React_RuntimeCore.SwiftFileList
    export SWIFT_VERSION\=5.0
    export SYMROOT\=/Users/antoniogrillo-balen/Library/Developer/Xcode/DerivedData/risebysolis-gzfsziqwziaggpcbgdowmssiasmi/Build/Products
    export SYSTEM_ADMIN_APPS_DIR\=/Applications/Utilities
    export SYSTEM_APPS_DIR\=/Applications
    export SYSTEM_CORE_SERVICES_DIR\=/System/Library/CoreServices
    export SYSTEM_DEMOS_DIR\=/Applications/Extras
    export SYSTEM_DEVELOPER_APPS_DIR\=/Applications/Xcode.app/Contents/Developer/Applications
    export SYSTEM_DEVELOPER_BIN_DIR\=/Applications/Xcode.app/Contents/Developer/usr/bin
    export SYSTEM_DEVELOPER_DEMOS_DIR\=/Applications/Xcode.app/Contents/Developer/Applications/Utilities/Built\ Examples
    export SYSTEM_DEVELOPER_DIR\=/Applications/Xcode.app/Contents/Developer
    export SYSTEM_DEVELOPER_DOC_DIR\=/Applications/Xcode.app/Contents/Developer/ADC\ Reference\ Library
    export SYSTEM_DEVELOPER_GRAPHICS_TOOLS_DIR\=/Applications/Xcode.app/Contents/Developer/Applications/Graphics\ Tools
    export SYSTEM_DEVELOPER_JAVA_TOOLS_DIR\=/Applications/Xcode.app/Contents/Developer/Applications/Java\ Tools
    export SYSTEM_DEVELOPER_PERFORMANCE_TOOLS_DIR\=/Applications/Xcode.app/Contents/Developer/Applications/Performance\ Tools
    export SYSTEM_DEVELOPER_RELEASENOTES_DIR\=/Applications/Xcode.app/Contents/Developer/ADC\ Reference\ Library/releasenotes
    export SYSTEM_DEVELOPER_TOOLS\=/Applications/Xcode.app/Contents/Developer/Tools
    export SYSTEM_DEVELOPER_TOOLS_DOC_DIR\=/Applications/Xcode.app/Contents/Developer/ADC\ Reference\ Library/documentation/DeveloperTools
    export SYSTEM_DEVELOPER_TOOLS_RELEASENOTES_DIR\=/Applications/Xcode.app/Contents/Developer/ADC\ Reference\ Library/releasenotes/DeveloperTools
    export SYSTEM_DEVELOPER_USR_DIR\=/Applications/Xcode.app/Contents/Developer/usr
    export SYSTEM_DEVELOPER_UTILITIES_DIR\=/Applications/Xcode.app/Contents/Developer/Applications/Utilities
    export SYSTEM_DEXT_INSTALL_PATH\=/System/Library/DriverExtensions
    export SYSTEM_DOCUMENTATION_DIR\=/Library/Documentation
    export SYSTEM_EXTENSIONS_FOLDER_PATH\=React_RuntimeCore.framework/SystemExtensions
    export SYSTEM_EXTENSIONS_FOLDER_PATH_SHALLOW_BUNDLE_NO\=React_RuntimeCore.framework/Library/SystemExtensions
    export SYSTEM_EXTENSIONS_FOLDER_PATH_SHALLOW_BUNDLE_YES\=React_RuntimeCore.framework/SystemExtensions
    export SYSTEM_KEXT_INSTALL_PATH\=/System/Library/Extensions
    export SYSTEM_LIBRARY_DIR\=/System/Library
    export TAPI_DEMANGLE\=YES
    export TAPI_ENABLE_PROJECT_HEADERS\=NO
    export TAPI_LANGUAGE\=objective-c
    export TAPI_LANGUAGE_STANDARD\=compiler-default
    export TAPI_USE_SRCROOT\=YES
    export TAPI_VERIFY_MODE\=Pedantic
    export TARGETED_DEVICE_FAMILY\=1,2
    export TARGETNAME\=React-RuntimeCore
    export TARGET_BUILD_DIR\=/Users/antoniogrillo-balen/Library/Developer/Xcode/DerivedData/risebysolis-gzfsziqwziaggpcbgdowmssiasmi/Build/Products/Debug-iphonesimulator/React-RuntimeCore
    export TARGET_DEVICE_IDENTIFIER\=0C333F8A-4681-4475-855E-6FFD70F12533
    export TARGET_DEVICE_MODEL\=iPhone16,2
    export TARGET_DEVICE_OS_VERSION\=26.4.1
    export TARGET_DEVICE_PLATFORM_NAME\=iphonesimulator
    export TARGET_NAME\=React-RuntimeCore
    export TARGET_TEMP_DIR\=/Users/antoniogrillo-balen/Library/Developer/Xcode/DerivedData/risebysolis-gzfsziqwziaggpcbgdowmssiasmi/Build/Intermediates.noindex/Pods.build/Debug-iphonesimulator/React-RuntimeCore.build
    export TEMP_DIR\=/Users/antoniogrillo-balen/Library/Developer/Xcode/DerivedData/risebysolis-gzfsziqwziaggpcbgdowmssiasmi/Build/Intermediates.noindex/Pods.build/Debug-iphonesimulator/React-RuntimeCore.build
    export TEMP_FILES_DIR\=/Users/antoniogrillo-balen/Library/Developer/Xcode/DerivedData/risebysolis-gzfsziqwziaggpcbgdowmssiasmi/Build/Intermediates.noindex/Pods.build/Debug-iphonesimulator/React-RuntimeCore.build
    export TEMP_FILE_DIR\=/Users/antoniogrillo-balen/Library/Developer/Xcode/DerivedData/risebysolis-gzfsziqwziaggpcbgdowmssiasmi/Build/Intermediates.noindex/Pods.build/Debug-iphonesimulator/React-RuntimeCore.build
    export TEMP_ROOT\=/Users/antoniogrillo-balen/Library/Developer/Xcode/DerivedData/risebysolis-gzfsziqwziaggpcbgdowmssiasmi/Build/Intermediates.noindex
    export TEMP_SANDBOX_DIR\=/Users/antoniogrillo-balen/Library/Developer/Xcode/DerivedData/risebysolis-gzfsziqwziaggpcbgdowmssiasmi/Build/Intermediates.noindex/TemporaryTaskSandboxes
    export TEST_FRAMEWORK_SEARCH_PATHS\=\ /Applications/Xcode.app/Contents/Developer/Platforms/iPhoneSimulator.platform/Developer/Library/Frameworks\ /Applications/Xcode.app/Contents/Developer/Platforms/iPhoneSimulator.platform/Developer/SDKs/iPhoneSimulator26.5.sdk/Developer/Library/Frameworks
    export TEST_LIBRARY_SEARCH_PATHS\=\ /Applications/Xcode.app/Contents/Developer/Platforms/iPhoneSimulator.platform/Developer/usr/lib
    export TOOLCHAINS\=com.apple.dt.toolchain.XcodeDefault
    export TOOLCHAIN_DIR\=/Applications/Xcode.app/Contents/Developer/Toolchains/XcodeDefault.xctoolchain
    export TREAT_MISSING_BASELINES_AS_TEST_FAILURES\=NO
    export TREAT_MISSING_SCRIPT_PHASE_OUTPUTS_AS_ERRORS\=NO
    export TeamIdentifierPrefix\=FAKETEAMID.
    export UID\=501
    export UNINSTALLED_PRODUCTS_DIR\=/Users/antoniogrillo-balen/Library/Developer/Xcode/DerivedData/risebysolis-gzfsziqwziaggpcbgdowmssiasmi/Build/Intermediates.noindex/UninstalledProducts
    export UNLOCALIZED_RESOURCES_FOLDER_PATH\=React_RuntimeCore.framework
    export UNLOCALIZED_RESOURCES_FOLDER_PATH_SHALLOW_BUNDLE_NO\=React_RuntimeCore.framework/Resources
    export UNLOCALIZED_RESOURCES_FOLDER_PATH_SHALLOW_BUNDLE_YES\=React_RuntimeCore.framework
    export UNSTRIPPED_PRODUCT\=NO
    export USER\=antoniogrillo-balen
    export USER_APPS_DIR\=/Users/antoniogrillo-balen/Applications
    export USER_LIBRARY_DIR\=/Users/antoniogrillo-balen/Library
    export USE_DYNAMIC_NO_PIC\=YES
    export USE_HEADERMAP\=YES
    export USE_HEADER_SYMLINKS\=NO
    export USE_HERMES\=true
    export USE_RECURSIVE_SCRIPT_INPUTS_IN_SCRIPT_PHASES\=YES
    export VALIDATE_DEVELOPMENT_ASSET_PATHS\=YES_ERROR
    export VALIDATE_PRODUCT\=NO
    export VALID_ARCHS\=arm64\ x86_64
    export VERBOSE_PBXCP\=NO
    export VERSIONING_SYSTEM\=apple-generic
    export VERSIONPLIST_PATH\=React_RuntimeCore.framework/version.plist
    export VERSIONS_FOLDER_PATH\=React_RuntimeCore.framework
    export VERSIONS_FOLDER_PATH_SHALLOW_BUNDLE_NO\=React_RuntimeCore.framework/Versions
    export VERSIONS_FOLDER_PATH_SHALLOW_BUNDLE_YES\=React_RuntimeCore.framework
    export VERSION_INFO_BUILDER\=antoniogrillo-balen
    export VERSION_INFO_FILE\=React_RuntimeCore_vers.c
    export VERSION_INFO_STRING\=\"@\(\#\)PROGRAM:React_RuntimeCore\ \ PROJECT:Pods-1\"
    export WORKSPACE_DIR\=/Users/antoniogrillo-balen/Desktop/Projects/RiseBuild/ios
    export WRAPPER_EXTENSION\=framework
    export WRAPPER_NAME\=React_RuntimeCore.framework
    export WRAPPER_SUFFIX\=.framework
    export WRAP_ASSET_PACKS_IN_SEPARATE_DIRECTORIES\=NO
    export XCODE_APP_SUPPORT_DIR\=/Applications/Xcode.app/Contents/Developer/Library/Xcode
    export XCODE_PRODUCT_BUILD_VERSION\=17F42
    export XCODE_VERSION_ACTUAL\=2650
    export XCODE_VERSION_MAJOR\=2600
    export XCODE_VERSION_MINOR\=2650
    export XPCSERVICES_FOLDER_PATH\=React_RuntimeCore.framework/XPCServices
    export YACC\=yacc
    export _DISCOVER_COMMAND_LINE_LINKER_INPUTS\=YES
    export _DISCOVER_COMMAND_LINE_LINKER_INPUTS_INCLUDE_WL\=YES
    export _LD_MULTIARCH\=YES
    export _WRAPPER_CONTENTS_DIR_SHALLOW_BUNDLE_NO\=/Contents
    export _WRAPPER_PARENT_PATH_SHALLOW_BUNDLE_NO\=/..
    export _WRAPPER_RESOURCES_DIR_SHALLOW_BUNDLE_NO\=/Resources
    export __DIAGNOSE_DEPRECATED_ARCHS\=YES
    export __ORIGINAL_SDK_DEFINED_LLVM_TARGET_TRIPLE_SYS\=ios
    export arch\=undefined_arch
    export variant\=normal
    /bin/sh -c /Users/antoniogrillo-balen/Library/Developer/Xcode/DerivedData/risebysolis-gzfsziqwziaggpcbgdowmssiasmi/Build/Intermediates.noindex/Pods.build/Debug-iphonesimulator/React-RuntimeCore.build/Script-46EB2E00029F40.sh

ProcessInfoPlistFile /Users/antoniogrillo-balen/Library/Developer/Xcode/DerivedData/risebysolis-gzfsziqwziaggpcbgdowmssiasmi/Build/Products/Debug-iphonesimulator/React-RuntimeCore/React_RuntimeCore.framework/Info.plist /Users/antoniogrillo-balen/Desktop/Projects/RiseBuild/ios/Pods/Target\ Support\ Files/React-RuntimeCore/React-RuntimeCore-Info.plist (in target 'React-RuntimeCore' from project 'Pods')
    cd /Users/antoniogrillo-balen/Desktop/Projects/RiseBuild/ios/Pods
    builtin-infoPlistUtility /Users/antoniogrillo-balen/Desktop/Projects/RiseBuild/ios/Pods/Target\ Support\ Files/React-RuntimeCore/React-RuntimeCore-Info.plist -producttype com.apple.product-type.framework -expandbuildsettings -format binary -platform iphonesimulator -o /Users/antoniogrillo-balen/Library/Developer/Xcode/DerivedData/risebysolis-gzfsziqwziaggpcbgdowmssiasmi/Build/Products/Debug-iphonesimulator/React-RuntimeCore/React_RuntimeCore.framework/Info.plist

ProcessInfoPlistFile /Users/antoniogrillo-balen/Library/Developer/Xcode/DerivedData/risebysolis-gzfsziqwziaggpcbgdowmssiasmi/Build/Products/Debug-iphonesimulator/React-nativeconfig/React_nativeconfig.framework/Info.plist /Users/antoniogrillo-balen/Desktop/Projects/RiseBuild/ios/Pods/Target\ Support\ Files/React-nativeconfig/React-nativeconfig-Info.plist (in target 'React-nativeconfig' from project 'Pods')
    cd /Users/antoniogrillo-balen/Desktop/Projects/RiseBuild/ios/Pods
    builtin-infoPlistUtility /Users/antoniogrillo-balen/Desktop/Projects/RiseBuild/ios/Pods/Target\ Support\ Files/React-nativeconfig/React-nativeconfig-Info.plist -producttype com.apple.product-type.framework -expandbuildsettings -format binary -platform iphonesimulator -o /Users/antoniogrillo-balen/Library/Developer/Xcode/DerivedData/risebysolis-gzfsziqwziaggpcbgdowmssiasmi/Build/Products/Debug-iphonesimulator/React-nativeconfig/React_nativeconfig.framework/Info.plist

warning: Run script build phase 'Create Symlinks to Header Folders' will be run during every build because it does not specify any outputs. To address this issue, either add output dependencies to the script phase, or configure it to run in every build by unchecking "Based on dependency analysis" in the script phase. (in target 'React-RuntimeHermes' from project 'Pods')
PhaseScriptExecution Create\ Symlinks\ to\ Header\ Folders /Users/antoniogrillo-balen/Library/Developer/Xcode/DerivedData/risebysolis-gzfsziqwziaggpcbgdowmssiasmi/Build/Intermediates.noindex/Pods.build/Debug-iphonesimulator/React-RuntimeHermes.build/Script-46EB2E0002A0D0.sh (in target 'React-RuntimeHermes' from project 'Pods')
    cd /Users/antoniogrillo-balen/Desktop/Projects/RiseBuild/ios/Pods
    export ACTION\=build
    export AD_HOC_CODE_SIGNING_ALLOWED\=YES
    export ALLOW_BUILD_REQUEST_OVERRIDES\=NO
    export ALLOW_TARGET_PLATFORM_SPECIALIZATION\=NO
    export ALTERNATE_GROUP\=staff
    export ALTERNATE_MODE\=u+w,go-w,a+rX
    export ALTERNATE_OWNER\=antoniogrillo-balen
    export ALTERNATIVE_DISTRIBUTION_WEB\=NO
    export ALWAYS_EMBED_SWIFT_STANDARD_LIBRARIES\=NO
    export ALWAYS_SEARCH_USER_PATHS\=NO
    export ALWAYS_USE_SEPARATE_HEADERMAPS\=NO
    export APPLICATION_EXTENSION_API_ONLY\=NO
    export APPLY_RULES_IN_COPY_FILES\=NO
    export APPLY_RULES_IN_COPY_HEADERS\=NO
    export APP_SHORTCUTS_ENABLE_FLEXIBLE_MATCHING\=YES
    export ARCHS\=arm64
    export ARCHS_BASE\=arm64
    export ARCHS_STANDARD\=arm64\ x86_64
    export ARCHS_STANDARD_32_64_BIT\=arm64\ x86_64
    export ARCHS_STANDARD_64_BIT\=arm64\ x86_64
    export ARCHS_STANDARD_INCLUDING_64_BIT\=arm64\ x86_64
    export ARCHS_UNIVERSAL_IPHONE_OS\=arm64\ x86_64
    export ASSETCATALOG_FILTER_FOR_DEVICE_MODEL\=iPhone16,2
    export ASSETCATALOG_FILTER_FOR_DEVICE_OS_VERSION\=26.4.1
    export ASSETCATALOG_FILTER_FOR_THINNING_DEVICE_CONFIGURATION\=iPhone16,2
    export AUTOMATICALLY_MERGE_DEPENDENCIES\=NO
    export AUTOMATION_APPLE_EVENTS\=NO
    export AVAILABLE_PLATFORMS\=android\ appletvos\ appletvsimulator\ driverkit\ freebsd\ iphoneos\ iphonesimulator\ linux\ macosx\ none\ openbsd\ qnx\ watchos\ watchsimulator\ webassembly\ xros\ xrsimulator
    export AppIdentifierPrefix\=FAKETEAMID.
    export BUILD_ACTIVE_RESOURCES_ONLY\=YES
    export BUILD_COMPONENTS\=headers\ build
    export BUILD_DIR\=/Users/antoniogrillo-balen/Library/Developer/Xcode/DerivedData/risebysolis-gzfsziqwziaggpcbgdowmssiasmi/Build/Products
    export BUILD_LIBRARY_FOR_DISTRIBUTION\=NO
    export BUILD_ONLY_KNOWN_LOCALIZATIONS\=NO
    export BUILD_ROOT\=/Users/antoniogrillo-balen/Library/Developer/Xcode/DerivedData/risebysolis-gzfsziqwziaggpcbgdowmssiasmi/Build/Products
    export BUILD_STYLE\=
    export BUILD_VARIANTS\=normal
    export BUILT_PRODUCTS_DIR\=/Users/antoniogrillo-balen/Library/Developer/Xcode/DerivedData/risebysolis-gzfsziqwziaggpcbgdowmssiasmi/Build/Products/Debug-iphonesimulator/React-RuntimeHermes
    export BUNDLE_CONTENTS_FOLDER_PATH_deep\=Contents/
    export BUNDLE_EXECUTABLE_FOLDER_NAME_deep\=MacOS
    export BUNDLE_EXTENSIONS_FOLDER_PATH\=Extensions
    export BUNDLE_FORMAT\=shallow
    export BUNDLE_FRAMEWORKS_FOLDER_PATH\=Frameworks
    export BUNDLE_PLUGINS_FOLDER_PATH\=PlugIns
    export BUNDLE_PRIVATE_HEADERS_FOLDER_PATH\=PrivateHeaders
    export BUNDLE_PUBLIC_HEADERS_FOLDER_PATH\=Headers
    export CACHE_ROOT\=/var/folders/2z/jtlqylkx0c709j3xb7b0g4cm0000gn/C/com.apple.DeveloperTools/26.5-17F42/Xcode
    export CCHROOT\=/var/folders/2z/jtlqylkx0c709j3xb7b0g4cm0000gn/C/com.apple.DeveloperTools/26.5-17F42/Xcode
    export CHMOD\=/bin/chmod
    export CHOWN\=chown
    export CLANG_ANALYZER_LOCALIZABILITY_NONLOCALIZED\=YES
    export CLANG_ANALYZER_NONNULL\=YES
    export CLANG_ANALYZER_NUMBER_OBJECT_CONVERSION\=YES_AGGRESSIVE
    export CLANG_CACHE_FINE_GRAINED_OUTPUTS\=YES
    export CLANG_CXX_LANGUAGE_STANDARD\=c++20
    export CLANG_CXX_LIBRARY\=libc++
    export CLANG_ENABLE_EXPLICIT_MODULES\=YES
    export CLANG_ENABLE_MODULES\=YES
    export CLANG_ENABLE_OBJC_ARC\=YES
    export CLANG_ENABLE_OBJC_WEAK\=NO
    export CLANG_MODULES_BUILD_SESSION_FILE\=/Users/antoniogrillo-balen/Library/Developer/Xcode/DerivedData/ModuleCache.noindex/Session.modulevalidation
    export CLANG_WARN_BLOCK_CAPTURE_AUTORELEASING\=YES
    export CLANG_WARN_BOOL_CONVERSION\=YES
    export CLANG_WARN_COMMA\=YES
    export CLANG_WARN_CONSTANT_CONVERSION\=YES
    export CLANG_WARN_DEPRECATED_OBJC_IMPLEMENTATIONS\=YES
    export CLANG_WARN_DIRECT_OBJC_ISA_USAGE\=YES_ERROR
    export CLANG_WARN_DOCUMENTATION_COMMENTS\=YES
    export CLANG_WARN_EMPTY_BODY\=YES
    export CLANG_WARN_ENUM_CONVERSION\=YES
    export CLANG_WARN_INFINITE_RECURSION\=YES
    export CLANG_WARN_INT_CONVERSION\=YES
    export CLANG_WARN_NON_LITERAL_NULL_CONVERSION\=YES
    export CLANG_WARN_OBJC_IMPLICIT_RETAIN_SELF\=YES
    export CLANG_WARN_OBJC_LITERAL_CONVERSION\=YES
    export CLANG_WARN_OBJC_ROOT_CLASS\=YES_ERROR
    export CLANG_WARN_QUOTED_INCLUDE_IN_FRAMEWORK_HEADER\=NO
    export CLANG_WARN_RANGE_LOOP_ANALYSIS\=YES
    export CLANG_WARN_STRICT_PROTOTYPES\=YES
    export CLANG_WARN_SUSPICIOUS_MOVE\=YES
    export CLANG_WARN_UNGUARDED_AVAILABILITY\=YES_AGGRESSIVE
    export CLANG_WARN_UNREACHABLE_CODE\=YES
    export CLANG_WARN__DUPLICATE_METHOD_MATCH\=YES
    export CLASS_FILE_DIR\=/Users/antoniogrillo-balen/Library/Developer/Xcode/DerivedData/risebysolis-gzfsziqwziaggpcbgdowmssiasmi/Build/Intermediates.noindex/Pods.build/Debug-iphonesimulator/React-RuntimeHermes.build/JavaClasses
    export CLEAN_PRECOMPS\=YES
    export CLONE_HEADERS\=NO
    export CODESIGNING_FOLDER_PATH\=/Users/antoniogrillo-balen/Library/Developer/Xcode/DerivedData/risebysolis-gzfsziqwziaggpcbgdowmssiasmi/Build/Products/Debug-iphonesimulator/React-RuntimeHermes/React_RuntimeHermes.framework
    export CODE_SIGNING_ALLOWED\=YES
    export CODE_SIGNING_REQUIRED\=NO
    export CODE_SIGNING_REQUIRES_TEAM\=YES
    export CODE_SIGN_CONTEXT_CLASS\=XCiPhoneSimulatorCodeSignContext
    export CODE_SIGN_IDENTITY\=-
    export CODE_SIGN_INJECT_BASE_ENTITLEMENTS\=YES
    export COLOR_DIAGNOSTICS\=NO
    export COMBINE_HIDPI_IMAGES\=NO
    export COMPILATION_CACHE_CAS_PATH\=/Users/antoniogrillo-balen/Library/Developer/Xcode/DerivedData/CompilationCache.noindex
    export COMPILATION_CACHE_KEEP_CAS_DIRECTORY\=YES
    export COMPILER_INDEX_STORE_ENABLE\=Default
    export COMPOSITE_SDK_DIRS\=/Users/antoniogrillo-balen/Library/Developer/Xcode/DerivedData/risebysolis-gzfsziqwziaggpcbgdowmssiasmi/Build/Intermediates.noindex/CompositeSDKs
    export COMPRESS_PNG_FILES\=YES
    export CONFIGURATION\=Debug
    export CONFIGURATION_BUILD_DIR\=/Users/antoniogrillo-balen/Library/Developer/Xcode/DerivedData/risebysolis-gzfsziqwziaggpcbgdowmssiasmi/Build/Products/Debug-iphonesimulator/React-RuntimeHermes
    export CONFIGURATION_TEMP_DIR\=/Users/antoniogrillo-balen/Library/Developer/Xcode/DerivedData/risebysolis-gzfsziqwziaggpcbgdowmssiasmi/Build/Intermediates.noindex/Pods.build/Debug-iphonesimulator
    export CONTENTS_FOLDER_PATH\=React_RuntimeHermes.framework
    export CONTENTS_FOLDER_PATH_SHALLOW_BUNDLE_NO\=React_RuntimeHermes.framework/A
    export CONTENTS_FOLDER_PATH_SHALLOW_BUNDLE_YES\=React_RuntimeHermes.framework
    export COPYING_PRESERVES_HFS_DATA\=NO
    export COPY_HEADERS_RUN_UNIFDEF\=NO
    export COPY_PHASE_STRIP\=NO
    export CORRESPONDING_DEVICE_PLATFORM_DIR\=/Applications/Xcode.app/Contents/Developer/Platforms/iPhoneOS.platform
    export CORRESPONDING_DEVICE_PLATFORM_NAME\=iphoneos
    export CORRESPONDING_DEVICE_SDK_DIR\=/Applications/Xcode.app/Contents/Developer/Platforms/iPhoneOS.platform/Developer/SDKs/iPhoneOS26.5.sdk
    export CORRESPONDING_DEVICE_SDK_NAME\=iphoneos26.5
    export CP\=/bin/cp
    export CREATE_INFOPLIST_SECTION_IN_BINARY\=NO
    export CURRENT_ARCH\=undefined_arch
    export CURRENT_PROJECT_VERSION\=1
    export CURRENT_VARIANT\=normal
    export CURRENT_VERSION\=Current
    export DEAD_CODE_STRIPPING\=YES
    export DEBUGGING_SYMBOLS\=YES
    export DEBUG_INFORMATION_FORMAT\=dwarf
    export DEBUG_INFORMATION_VERSION\=compiler-default
    export DEFAULT_COMPILER\=com.apple.compilers.llvm.clang.1_0
    export DEFAULT_DEXT_INSTALL_PATH\=/System/Library/DriverExtensions
    export DEFAULT_KEXT_INSTALL_PATH\=/System/Library/Extensions
    export DEFINES_MODULE\=YES
    export DEPLOYMENT_LOCATION\=NO
    export DEPLOYMENT_POSTPROCESSING\=NO
    export DEPLOYMENT_TARGET_SETTING_NAME\=IPHONEOS_DEPLOYMENT_TARGET
    export DEPLOYMENT_TARGET_SUGGESTED_VALUES\=12.0\ 12.1\ 12.2\ 12.3\ 12.4\ 13.0\ 13.1\ 13.2\ 13.3\ 13.4\ 13.5\ 13.6\ 14.0\ 14.1\ 14.2\ 14.3\ 14.4\ 14.5\ 14.6\ 14.7\ 15.0\ 15.1\ 15.2\ 15.3\ 15.4\ 15.5\ 15.6\ 16.0\ 16.1\ 16.2\ 16.3\ 16.4\ 16.5\ 16.6\ 17.0\ 17.1\ 17.2\ 17.3\ 17.4\ 17.5\ 17.6\ 18.0\ 18.1\ 18.2\ 18.3\ 18.4\ 18.5\ 18.6\ 26.0\ 26.2\ 26.3\ 26.4\ 26.5
    export DERIVED_FILES_DIR\=/Users/antoniogrillo-balen/Library/Developer/Xcode/DerivedData/risebysolis-gzfsziqwziaggpcbgdowmssiasmi/Build/Intermediates.noindex/Pods.build/Debug-iphonesimulator/React-RuntimeHermes.build/DerivedSources
    export DERIVED_FILE_DIR\=/Users/antoniogrillo-balen/Library/Developer/Xcode/DerivedData/risebysolis-gzfsziqwziaggpcbgdowmssiasmi/Build/Intermediates.noindex/Pods.build/Debug-iphonesimulator/React-RuntimeHermes.build/DerivedSources
    export DERIVED_SOURCES_DIR\=/Users/antoniogrillo-balen/Library/Developer/Xcode/DerivedData/risebysolis-gzfsziqwziaggpcbgdowmssiasmi/Build/Intermediates.noindex/Pods.build/Debug-iphonesimulator/React-RuntimeHermes.build/DerivedSources
    export DEVELOPER_APPLICATIONS_DIR\=/Applications/Xcode.app/Contents/Developer/Applications
    export DEVELOPER_BIN_DIR\=/Applications/Xcode.app/Contents/Developer/usr/bin
    export DEVELOPER_DIR\=/Applications/Xcode.app/Contents/Developer
    export DEVELOPER_FRAMEWORKS_DIR\=/Applications/Xcode.app/Contents/Developer/Library/Frameworks
    export DEVELOPER_FRAMEWORKS_DIR_QUOTED\=/Applications/Xcode.app/Contents/Developer/Library/Frameworks
    export DEVELOPER_LIBRARY_DIR\=/Applications/Xcode.app/Contents/Developer/Library
    export DEVELOPER_SDK_DIR\=/Applications/Xcode.app/Contents/Developer/Platforms/MacOSX.platform/Developer/SDKs
    export DEVELOPER_TOOLS_DIR\=/Applications/Xcode.app/Contents/Developer/Tools
    export DEVELOPER_USR_DIR\=/Applications/Xcode.app/Contents/Developer/usr
    export DEVELOPMENT_LANGUAGE\=en
    export DIAGNOSE_MISSING_TARGET_DEPENDENCIES\=YES
    export DIFF\=/usr/bin/diff
    export DOCUMENTATION_FOLDER_PATH\=React_RuntimeHermes.framework/en.lproj/Documentation
    export DONT_GENERATE_INFOPLIST_FILE\=NO
    export DSTROOT\=/tmp/Pods.dst
    export DT_TOOLCHAIN_DIR\=/Applications/Xcode.app/Contents/Developer/Toolchains/XcodeDefault.xctoolchain
    export DUMP_DEPENDENCIES\=NO
    export DUMP_DEPENDENCIES_OUTPUT_PATH\=/Users/antoniogrillo-balen/Library/Developer/Xcode/DerivedData/risebysolis-gzfsziqwziaggpcbgdowmssiasmi/Build/Intermediates.noindex/Pods.build/Debug-iphonesimulator/React-RuntimeHermes.build/React-RuntimeHermes-BuildDependencyInfo.json
    export DWARF_DSYM_FILE_NAME\=React_RuntimeHermes.framework.dSYM
    export DWARF_DSYM_FILE_SHOULD_ACCOMPANY_PRODUCT\=NO
    export DWARF_DSYM_FOLDER_PATH\=/Users/antoniogrillo-balen/Library/Developer/Xcode/DerivedData/risebysolis-gzfsziqwziaggpcbgdowmssiasmi/Build/Products/Debug-iphonesimulator/React-RuntimeHermes
    export DYLIB_COMPATIBILITY_VERSION\=1
    export DYLIB_CURRENT_VERSION\=1
    export DYLIB_INSTALL_NAME_BASE\=@rpath
    export DYNAMIC_LIBRARY_EXTENSION\=dylib
    export EAGER_COMPILATION_ALLOW_SCRIPTS\=NO
    export EAGER_LINKING\=NO
    export EFFECTIVE_PLATFORM_NAME\=-iphonesimulator
    export EFFECTIVE_SWIFT_VERSION\=5
    export EMBEDDED_CONTENT_CONTAINS_SWIFT\=NO
    export EMBED_ASSET_PACKS_IN_PRODUCT_BUNDLE\=NO
    export ENABLE_APP_SANDBOX\=NO
    export ENABLE_CODE_COVERAGE\=YES
    export ENABLE_COHORT_ARCHS\=NO
    export ENABLE_CPLUSPLUS_BOUNDS_SAFE_BUFFERS\=NO
    export ENABLE_C_BOUNDS_SAFETY\=NO
    export ENABLE_DEFAULT_HEADER_SEARCH_PATHS\=YES
    export ENABLE_DEFAULT_SEARCH_PATHS\=YES
    export ENABLE_ENHANCED_SECURITY\=NO
    export ENABLE_HARDENED_RUNTIME\=NO
    export ENABLE_HEADER_DEPENDENCIES\=YES
    export ENABLE_INCOMING_NETWORK_CONNECTIONS\=NO
    export ENABLE_MODULE_VERIFIER\=NO
    export ENABLE_ON_DEMAND_RESOURCES\=NO
    export ENABLE_OUTGOING_NETWORK_CONNECTIONS\=NO
    export ENABLE_POINTER_AUTHENTICATION\=NO
    export ENABLE_PREVIEWS\=NO
    export ENABLE_RESOURCE_ACCESS_AUDIO_INPUT\=NO
    export ENABLE_RESOURCE_ACCESS_BLUETOOTH\=NO
    export ENABLE_RESOURCE_ACCESS_CALENDARS\=NO
    export ENABLE_RESOURCE_ACCESS_CAMERA\=NO
    export ENABLE_RESOURCE_ACCESS_CONTACTS\=NO
    export ENABLE_RESOURCE_ACCESS_LOCATION\=NO
    export ENABLE_RESOURCE_ACCESS_PHOTO_LIBRARY\=NO
    export ENABLE_RESOURCE_ACCESS_PRINTING\=NO
    export ENABLE_RESOURCE_ACCESS_USB\=NO
    export ENABLE_SDK_IMPORTS\=NO
    export ENABLE_SECURITY_COMPILER_WARNINGS\=NO
    export ENABLE_STRICT_OBJC_MSGSEND\=YES
    export ENABLE_TESTABILITY\=YES
    export ENABLE_TESTING_SEARCH_PATHS\=NO
    export ENABLE_USER_SCRIPT_SANDBOXING\=NO
    export ENABLE_XOJIT_PREVIEWS\=YES
    export ENFORCE_VALID_ARCHS\=YES
    export ENTITLEMENTS_DESTINATION\=__entitlements
    export ENTITLEMENTS_REQUIRED\=NO
    export EXCLUDED_INSTALLSRC_SUBDIRECTORY_PATTERNS\=.DS_Store\ .svn\ .git\ .hg\ CVS
    export EXCLUDED_RECURSIVE_SEARCH_PATH_SUBDIRECTORIES\=\*.nib\ \*.lproj\ \*.framework\ \*.gch\ \*.xcode\*\ \*.xcassets\ \*.icon\ \(\*\)\ .DS_Store\ CVS\ .svn\ .git\ .hg\ \*.pbproj\ \*.pbxproj
    export EXECUTABLES_FOLDER_PATH\=React_RuntimeHermes.framework/en.lproj
    export EXECUTABLE_FOLDER_PATH\=React_RuntimeHermes.framework
    export EXECUTABLE_FOLDER_PATH_SHALLOW_BUNDLE_NO\=React_RuntimeHermes.framework
    export EXECUTABLE_FOLDER_PATH_SHALLOW_BUNDLE_YES\=React_RuntimeHermes.framework
    export EXECUTABLE_NAME\=React_RuntimeHermes
    export EXECUTABLE_PATH\=React_RuntimeHermes.framework/React_RuntimeHermes
    export EXPANDED_CODE_SIGN_IDENTITY\=-
    export EXPANDED_CODE_SIGN_IDENTITY_NAME\=Sign\ to\ Run\ Locally
    export EXTENSIONS_FOLDER_PATH\=React_RuntimeHermes.framework/Extensions
    export FILE_LIST\=/Users/antoniogrillo-balen/Library/Developer/Xcode/DerivedData/risebysolis-gzfsziqwziaggpcbgdowmssiasmi/Build/Intermediates.noindex/Pods.build/Debug-iphonesimulator/React-RuntimeHermes.build/Objects/LinkFileList
    export FIXED_FILES_DIR\=/Users/antoniogrillo-balen/Library/Developer/Xcode/DerivedData/risebysolis-gzfsziqwziaggpcbgdowmssiasmi/Build/Intermediates.noindex/Pods.build/Debug-iphonesimulator/React-RuntimeHermes.build/FixedFiles
    export FRAMEWORKS_FOLDER_PATH\=React_RuntimeHermes.framework/Frameworks
    export FRAMEWORK_FLAG_PREFIX\=-framework
    export FRAMEWORK_SEARCH_PATHS\=/Users/antoniogrillo-balen/Library/Developer/Xcode/DerivedData/risebysolis-gzfsziqwziaggpcbgdowmssiasmi/Build/Products/Debug-iphonesimulator/React-RuntimeHermes\ \ \"/Users/antoniogrillo-balen/Library/Developer/Xcode/DerivedData/risebysolis-gzfsziqwziaggpcbgdowmssiasmi/Build/Products/Debug-iphonesimulator/DoubleConversion\"\ \"/Users/antoniogrillo-balen/Library/Developer/Xcode/DerivedData/risebysolis-gzfsziqwziaggpcbgdowmssiasmi/Build/Products/Debug-iphonesimulator/RCT-Folly\"\ \"/Users/antoniogrillo-balen/Library/Developer/Xcode/DerivedData/risebysolis-gzfsziqwziaggpcbgdowmssiasmi/Build/Products/Debug-iphonesimulator/React-RuntimeCore\"\ \"/Users/antoniogrillo-balen/Library/Developer/Xcode/DerivedData/risebysolis-gzfsziqwziaggpcbgdowmssiasmi/Build/Products/Debug-iphonesimulator/React-cxxreact\"\ \"/Users/antoniogrillo-balen/Library/Developer/Xcode/DerivedData/risebysolis-gzfsziqwziaggpcbgdowmssiasmi/Build/Products/Debug-iphonesimulator/React-debug\"\ \"/Users/antoniogrillo-balen/Library/Developer/Xcode/DerivedData/risebysolis-gzfsziqwziaggpcbgdowmssiasmi/Build/Products/Debug-iphonesimulator/React-featureflags\"\ \"/Users/antoniogrillo-balen/Library/Developer/Xcode/DerivedData/risebysolis-gzfsziqwziaggpcbgdowmssiasmi/Build/Products/Debug-iphonesimulator/React-hermes\"\ \"/Users/antoniogrillo-balen/Library/Developer/Xcode/DerivedData/risebysolis-gzfsziqwziaggpcbgdowmssiasmi/Build/Products/Debug-iphonesimulator/React-jserrorhandler\"\ \"/Users/antoniogrillo-balen/Library/Developer/Xcode/DerivedData/risebysolis-gzfsziqwziaggpcbgdowmssiasmi/Build/Products/Debug-iphonesimulator/React-jsi\"\ \"/Users/antoniogrillo-balen/Library/Developer/Xcode/DerivedData/risebysolis-gzfsziqwziaggpcbgdowmssiasmi/Build/Products/Debug-iphonesimulator/React-jsiexecutor\"\ \"/Users/antoniogrillo-balen/Library/Developer/Xcode/DerivedData/risebysolis-gzfsziqwziaggpcbgdowmssiasmi/Build/Products/Debug-iphonesimulator/React-jsinspector\"\ \"/Users/antoniogrillo-balen/Library/Developer/Xcode/DerivedData/risebysolis-gzfsziqwziaggpcbgdowmssiasmi/Build/Products/Debug-iphonesimulator/React-logger\"\ \"/Users/antoniogrillo-balen/Library/Developer/Xcode/DerivedData/risebysolis-gzfsziqwziaggpcbgdowmssiasmi/Build/Products/Debug-iphonesimulator/React-nativeconfig\"\ \"/Users/antoniogrillo-balen/Library/Developer/Xcode/DerivedData/risebysolis-gzfsziqwziaggpcbgdowmssiasmi/Build/Products/Debug-iphonesimulator/React-perflogger\"\ \"/Users/antoniogrillo-balen/Library/Developer/Xcode/DerivedData/risebysolis-gzfsziqwziaggpcbgdowmssiasmi/Build/Products/Debug-iphonesimulator/React-performancetimeline\"\ \"/Users/antoniogrillo-balen/Library/Developer/Xcode/DerivedData/risebysolis-gzfsziqwziaggpcbgdowmssiasmi/Build/Products/Debug-iphonesimulator/React-rendererconsistency\"\ \"/Users/antoniogrillo-balen/Library/Developer/Xcode/DerivedData/risebysolis-gzfsziqwziaggpcbgdowmssiasmi/Build/Products/Debug-iphonesimulator/React-rendererdebug\"\ \"/Users/antoniogrillo-balen/Library/Developer/Xcode/DerivedData/risebysolis-gzfsziqwziaggpcbgdowmssiasmi/Build/Products/Debug-iphonesimulator/React-runtimescheduler\"\ \"/Users/antoniogrillo-balen/Library/Developer/Xcode/DerivedData/risebysolis-gzfsziqwziaggpcbgdowmssiasmi/Build/Products/Debug-iphonesimulator/React-utils\"\ \"/Users/antoniogrillo-balen/Library/Developer/Xcode/DerivedData/risebysolis-gzfsziqwziaggpcbgdowmssiasmi/Build/Products/Debug-iphonesimulator/fmt\"\ \"/Users/antoniogrillo-balen/Library/Developer/Xcode/DerivedData/risebysolis-gzfsziqwziaggpcbgdowmssiasmi/Build/Products/Debug-iphonesimulator/glog\"\ \"/Users/antoniogrillo-balen/Desktop/Projects/RiseBuild/ios/Pods/hermes-engine/destroot/Library/Frameworks/universal\"\ \"/Users/antoniogrillo-balen/Library/Developer/Xcode/DerivedData/risebysolis-gzfsziqwziaggpcbgdowmssiasmi/Build/Products/Debug-iphonesimulator/XCFrameworkIntermediates/hermes-engine/Pre-built\"
    export FRAMEWORK_VERSION\=A
    export FULL_PRODUCT_NAME\=React_RuntimeHermes.framework
    export FUSE_BUILD_PHASES\=YES
    export FUSE_BUILD_SCRIPT_PHASES\=NO
    export GCC3_VERSION\=3.3
    export GCC_C_LANGUAGE_STANDARD\=gnu11
    export GCC_DYNAMIC_NO_PIC\=NO
    export GCC_INLINES_ARE_PRIVATE_EXTERN\=YES
    export GCC_NO_COMMON_BLOCKS\=YES
    export GCC_OBJC_LEGACY_DISPATCH\=YES
    export GCC_OPTIMIZATION_LEVEL\=0
    export GCC_PFE_FILE_C_DIALECTS\=c\ objective-c\ c++\ objective-c++
    export GCC_PREFIX_HEADER\=Target\ Support\ Files/React-RuntimeHermes/React-RuntimeHermes-prefix.pch
    export GCC_PREPROCESSOR_DEFINITIONS\=POD_CONFIGURATION_DEBUG\=1\ DEBUG\=1\ \ COCOAPODS\=1\ HERMES_ENABLE_DEBUGGER\=1
    export GCC_TREAT_WARNINGS_AS_ERRORS\=NO
    export GCC_VERSION\=com.apple.compilers.llvm.clang.1_0
    export GCC_VERSION_IDENTIFIER\=com_apple_compilers_llvm_clang_1_0
    export GCC_WARN_64_TO_32_BIT_CONVERSION\=YES
    export GCC_WARN_ABOUT_RETURN_TYPE\=YES_ERROR
    export GCC_WARN_PEDANTIC\=YES
    export GCC_WARN_UNDECLARED_SELECTOR\=YES
    export GCC_WARN_UNINITIALIZED_AUTOS\=YES_AGGRESSIVE
    export GCC_WARN_UNUSED_FUNCTION\=YES
    export GCC_WARN_UNUSED_VARIABLE\=YES
    export GENERATED_MODULEMAP_DIR\=/Users/antoniogrillo-balen/Library/Developer/Xcode/DerivedData/risebysolis-gzfsziqwziaggpcbgdowmssiasmi/Build/Intermediates.noindex/GeneratedModuleMaps-iphonesimulator
    export GENERATE_INFOPLIST_FILE\=NO
    export GENERATE_INTERMEDIATE_TEXT_BASED_STUBS\=YES
    export GENERATE_PKGINFO_FILE\=NO
    export GENERATE_PRELINK_OBJECT_FILE\=NO
    export GENERATE_PROFILING_CODE\=NO
    export GENERATE_TEXT_BASED_STUBS\=NO
    export GID\=20
    export GROUP\=staff
    export HEADERMAP_INCLUDES_FLAT_ENTRIES_FOR_TARGET_BEING_BUILT\=YES
    export HEADERMAP_INCLUDES_FRAMEWORK_ENTRIES_FOR_ALL_PRODUCT_TYPES\=YES
    export HEADERMAP_INCLUDES_FRAMEWORK_ENTRIES_FOR_TARGETS_NOT_BEING_BUILT\=YES
    export HEADERMAP_INCLUDES_NONPUBLIC_NONPRIVATE_HEADERS\=YES
    export HEADERMAP_INCLUDES_PROJECT_HEADERS\=YES
    export HEADERMAP_USES_FRAMEWORK_PREFIX_ENTRIES\=YES
    export HEADERMAP_USES_VFS\=YES
    export HEADER_SEARCH_PATHS\=/Users/antoniogrillo-balen/Library/Developer/Xcode/DerivedData/risebysolis-gzfsziqwziaggpcbgdowmssiasmi/Build/Products/Debug-iphonesimulator/React-RuntimeHermes/include\ \ /Users/antoniogrillo-balen/Library/Developer/Xcode/DerivedData/risebysolis-gzfsziqwziaggpcbgdowmssiasmi/Build/Products/Debug-iphonesimulator/ReactCommon/ReactCommon.framework/Headers\ /Users/antoniogrillo-balen/Library/Developer/Xcode/DerivedData/risebysolis-gzfsziqwziaggpcbgdowmssiasmi/Build/Products/Debug-iphonesimulator/ReactCommon/ReactCommon.framework/Headers/react/nativemodule/core\ /Users/antoniogrillo-balen/Library/Developer/Xcode/DerivedData/risebysolis-gzfsziqwziaggpcbgdowmssiasmi/Build/Products/Debug-iphonesimulator/ReactCommon-Samples/ReactCommon_Samples.framework/Headers\ /Users/antoniogrillo-balen/Library/Developer/Xcode/DerivedData/risebysolis-gzfsziqwziaggpcbgdowmssiasmi/Build/Products/Debug-iphonesimulator/ReactCommon-Samples/ReactCommon_Samples.framework/Headers/platform/ios\ /Users/antoniogrillo-balen/Library/Developer/Xcode/DerivedData/risebysolis-gzfsziqwziaggpcbgdowmssiasmi/Build/Products/Debug-iphonesimulator/React-Fabric/React_Fabric.framework/Headers/react/renderer/components/view/platform/cxx\ /Users/antoniogrillo-balen/Library/Developer/Xcode/DerivedData/risebysolis-gzfsziqwziaggpcbgdowmssiasmi/Build/Products/Debug-iphonesimulator/React-NativeModulesApple/React_NativeModulesApple.framework/Headers\ /Users/antoniogrillo-balen/Library/Developer/Xcode/DerivedData/risebysolis-gzfsziqwziaggpcbgdowmssiasmi/Build/Products/Debug-iphonesimulator/React-graphics/React_graphics.framework/Headers\ /Users/antoniogrillo-balen/Library/Developer/Xcode/DerivedData/risebysolis-gzfsziqwziaggpcbgdowmssiasmi/Build/Products/Debug-iphonesimulator/React-graphics/React_graphics.framework/Headers/react/renderer/graphics/platform/ios\ \"/Users/antoniogrillo-balen/Desktop/Projects/RiseBuild/ios/Pods/Headers/Public\"\ \"/Users/antoniogrillo-balen/Desktop/Projects/RiseBuild/ios/Pods/Headers/Public/React-callinvoker\"\ \"/Users/antoniogrillo-balen/Desktop/Projects/RiseBuild/ios/Pods/Headers/Public/React-runtimeexecutor\"\ \"/Users/antoniogrillo-balen/Desktop/Projects/RiseBuild/ios/Pods/Headers/Public/React-timing\"\ \"/Users/antoniogrillo-balen/Desktop/Projects/RiseBuild/ios/Pods/Headers/Public/boost\"\ \"/Users/antoniogrillo-balen/Desktop/Projects/RiseBuild/ios/Pods/Headers/Public/fast_float\"\ \"/Users/antoniogrillo-balen/Desktop/Projects/RiseBuild/ios/Pods/Headers/Public/hermes-engine\"\ \"/Users/antoniogrillo-balen/Desktop/Projects/RiseBuild/ios/Pods/../../node_modules/react-native/ReactCommon/react/runtime/../..\"\ \"/Users/antoniogrillo-balen/Desktop/Projects/RiseBuild/ios/Pods/../../node_modules/react-native/ReactCommon/react/runtime/../../hermes/executor\"\ \"/Users/antoniogrillo-balen/Desktop/Projects/RiseBuild/ios/Pods/boost\"\ \"/Users/antoniogrillo-balen/Library/Developer/Xcode/DerivedData/risebysolis-gzfsziqwziaggpcbgdowmssiasmi/Build/Products/Debug-iphonesimulator/React-jsinspector/jsinspector_modern.framework/Headers\"\ \"/Users/antoniogrillo-balen/Desktop/Projects/RiseBuild/ios/Pods/RCT-Folly\"\ \"/Users/antoniogrillo-balen/Desktop/Projects/RiseBuild/ios/Pods/DoubleConversion\"\ \"/Users/antoniogrillo-balen/Desktop/Projects/RiseBuild/ios/Pods/fast_float/include\"\ \"/Users/antoniogrillo-balen/Desktop/Projects/RiseBuild/ios/Pods/fmt/include\"\ \"/Users/antoniogrillo-balen/Desktop/Projects/RiseBuild/ios/Pods/boost\"
    export HOME\=/Users/antoniogrillo-balen
    export HOST_ARCH\=arm64
    export HOST_PLATFORM\=macosx
    export ICONV\=/usr/bin/iconv
    export IMPLICIT_DEPENDENCY_DOMAIN\=default
    export INDEX_STORE_COMPRESS\=NO
    export INDEX_STORE_ONLY_PROJECT_FILES\=NO
    export INFOPLIST_ENABLE_CFBUNDLEICONS_MERGE\=YES
    export INFOPLIST_EXPAND_BUILD_SETTINGS\=YES
    export INFOPLIST_FILE\=Target\ Support\ Files/React-RuntimeHermes/React-RuntimeHermes-Info.plist
    export INFOPLIST_OUTPUT_FORMAT\=binary
    export INFOPLIST_PATH\=React_RuntimeHermes.framework/Info.plist
    export INFOPLIST_PREPROCESS\=NO
    export INFOSTRINGS_PATH\=React_RuntimeHermes.framework/en.lproj/InfoPlist.strings
    export INLINE_PRIVATE_FRAMEWORKS\=NO
    export INSTALLAPI_IGNORE_SKIP_INSTALL\=YES
    export INSTALLHDRS_COPY_PHASE\=NO
    export INSTALLHDRS_SCRIPT_PHASE\=NO
    export INSTALL_DIR\=/tmp/Pods.dst/Library/Frameworks
    export INSTALL_GROUP\=staff
    export INSTALL_MODE_FLAG\=u+w,go-w,a+rX
    export INSTALL_OWNER\=antoniogrillo-balen
    export INSTALL_PATH\=/Library/Frameworks
    export INSTALL_ROOT\=/tmp/Pods.dst
    export IPHONEOS_DEPLOYMENT_TARGET\=15.1
    export IS_UNOPTIMIZED_BUILD\=YES
    export JAVAC_DEFAULT_FLAGS\=-J-Xms64m\ -J-XX:NewSize\=4M\ -J-Dfile.encoding\=UTF8
    export JAVA_APP_STUB\=/System/Library/Frameworks/JavaVM.framework/Resources/MacOS/JavaApplicationStub
    export JAVA_ARCHIVE_CLASSES\=YES
    export JAVA_ARCHIVE_TYPE\=JAR
    export JAVA_COMPILER\=/usr/bin/javac
    export JAVA_FOLDER_PATH\=React_RuntimeHermes.framework/Java
    export JAVA_FRAMEWORK_RESOURCES_DIRS\=Resources
    export JAVA_JAR_FLAGS\=cv
    export JAVA_SOURCE_SUBDIR\=.
    export JAVA_USE_DEPENDENCIES\=YES
    export JAVA_ZIP_FLAGS\=-urg
    export JIKES_DEFAULT_FLAGS\=+E\ +OLDCSO
    export KEEP_PRIVATE_EXTERNS\=NO
    export LD_DEPENDENCY_INFO_FILE\=/Users/antoniogrillo-balen/Library/Developer/Xcode/DerivedData/risebysolis-gzfsziqwziaggpcbgdowmssiasmi/Build/Intermediates.noindex/Pods.build/Debug-iphonesimulator/React-RuntimeHermes.build/Objects-normal/undefined_arch/React_RuntimeHermes_dependency_info.dat
    export LD_DYLIB_INSTALL_NAME\=@rpath/React_RuntimeHermes.framework/React_RuntimeHermes
    export LD_EXPORT_SYMBOLS\=YES
    export LD_GENERATE_MAP_FILE\=NO
    export LD_MAP_FILE_PATH\=/Users/antoniogrillo-balen/Library/Developer/Xcode/DerivedData/risebysolis-gzfsziqwziaggpcbgdowmssiasmi/Build/Intermediates.noindex/Pods.build/Debug-iphonesimulator/React-RuntimeHermes.build/React_RuntimeHermes-LinkMap-normal-undefined_arch.txt
    export LD_NO_PIE\=NO
    export LD_QUOTE_LINKER_ARGUMENTS_FOR_COMPILER_DRIVER\=YES
    export LD_RUNPATH_SEARCH_PATHS\=\ @executable_path/Frameworks\ @loader_path/Frameworks
    export LD_SHARED_CACHE_ELIGIBLE\=Automatic
    export LD_WARN_DUPLICATE_LIBRARIES\=NO
    export LD_WARN_UNUSED_DYLIBS\=NO
    export LEGACY_DEVELOPER_DIR\=/Applications/Xcode.app/Contents/PlugIns/Xcode3Core.ideplugin/Contents/SharedSupport/Developer
    export LEX\=lex
    export LIBRARY_DEXT_INSTALL_PATH\=/Library/DriverExtensions
    export LIBRARY_FLAG_NOSPACE\=YES
    export LIBRARY_FLAG_PREFIX\=-l
    export LIBRARY_KEXT_INSTALL_PATH\=/Library/Extensions
    export LIBRARY_SEARCH_PATHS\=/Users/antoniogrillo-balen/Library/Developer/Xcode/DerivedData/risebysolis-gzfsziqwziaggpcbgdowmssiasmi/Build/Products/Debug-iphonesimulator/React-RuntimeHermes\ 
    export LINKER_DISPLAYS_MANGLED_NAMES\=NO
    export LINK_FILE_LIST_normal_arm64\=/Users/antoniogrillo-balen/Library/Developer/Xcode/DerivedData/risebysolis-gzfsziqwziaggpcbgdowmssiasmi/Build/Intermediates.noindex/Pods.build/Debug-iphonesimulator/React-RuntimeHermes.build/Objects-normal/arm64/React_RuntimeHermes.LinkFileList
    export LINK_OBJC_RUNTIME\=YES
    export LINK_WITH_STANDARD_LIBRARIES\=YES
    export LLVM_TARGET_TRIPLE_OS_VERSION\=ios15.1
    export LLVM_TARGET_TRIPLE_SUFFIX\=-simulator
    export LLVM_TARGET_TRIPLE_VENDOR\=apple
    export LM_AUX_CONST_METADATA_LIST_PATH_normal_arm64\=/Users/antoniogrillo-balen/Library/Developer/Xcode/DerivedData/risebysolis-gzfsziqwziaggpcbgdowmssiasmi/Build/Intermediates.noindex/Pods.build/Debug-iphonesimulator/React-RuntimeHermes.build/Objects-normal/arm64/React_RuntimeHermes.SwiftConstValuesFileList
    export LOCALIZATION_EXPORT_SUPPORTED\=YES
    export LOCALIZATION_PREFERS_STRING_CATALOGS\=NO
    export LOCALIZED_RESOURCES_FOLDER_PATH\=React_RuntimeHermes.framework/en.lproj
    export LOCALIZED_STRING_CODE_COMMENTS\=NO
    export LOCALIZED_STRING_MACRO_NAMES\=NSLocalizedString\ CFCopyLocalizedString
    export LOCALIZED_STRING_SWIFTUI_SUPPORT\=YES
    export LOCAL_ADMIN_APPS_DIR\=/Applications/Utilities
    export LOCAL_APPS_DIR\=/Applications
    export LOCAL_DEVELOPER_DIR\=/Library/Developer
    export LOCAL_LIBRARY_DIR\=/Library
    export LOCROOT\=/Users/antoniogrillo-balen/Desktop/Projects/RiseBuild/ios/Pods
    export LOCSYMROOT\=/Users/antoniogrillo-balen/Desktop/Projects/RiseBuild/ios/Pods
    export MACH_O_TYPE\=staticlib
    export MAC_OS_X_PRODUCT_BUILD_VERSION\=25E253
    export MAC_OS_X_VERSION_ACTUAL\=260401
    export MAC_OS_X_VERSION_MAJOR\=260000
    export MAC_OS_X_VERSION_MINOR\=260400
    export MAKE_MERGEABLE\=NO
    export MERGEABLE_LIBRARY\=NO
    export MERGED_BINARY_TYPE\=none
    export MERGE_LINKED_LIBRARIES\=NO
    export METAL_LIBRARY_FILE_BASE\=default
    export METAL_LIBRARY_OUTPUT_DIR\=/Users/antoniogrillo-balen/Library/Developer/Xcode/DerivedData/risebysolis-gzfsziqwziaggpcbgdowmssiasmi/Build/Products/Debug-iphonesimulator/React-RuntimeHermes/React_RuntimeHermes.framework
    export MODULEMAP_FILE\=Target\ Support\ Files/React-RuntimeHermes/React-RuntimeHermes.modulemap
    export MODULES_FOLDER_PATH\=React_RuntimeHermes.framework/Modules
    export MODULE_CACHE_DIR\=/Users/antoniogrillo-balen/Library/Developer/Xcode/DerivedData/ModuleCache.noindex
    export MTL_ENABLE_DEBUG_INFO\=INCLUDE_SOURCE
    export MTL_FAST_MATH\=YES
    export NATIVE_ARCH\=arm64
    export NATIVE_ARCH_32_BIT\=arm
    export NATIVE_ARCH_64_BIT\=arm64
    export NATIVE_ARCH_ACTUAL\=arm64
    export NO_COMMON\=YES
    export OBJC_ABI_VERSION\=2
    export OBJECT_FILE_DIR\=/Users/antoniogrillo-balen/Library/Developer/Xcode/DerivedData/risebysolis-gzfsziqwziaggpcbgdowmssiasmi/Build/Intermediates.noindex/Pods.build/Debug-iphonesimulator/React-RuntimeHermes.build/Objects
    export OBJECT_FILE_DIR_normal\=/Users/antoniogrillo-balen/Library/Developer/Xcode/DerivedData/risebysolis-gzfsziqwziaggpcbgdowmssiasmi/Build/Intermediates.noindex/Pods.build/Debug-iphonesimulator/React-RuntimeHermes.build/Objects-normal
    export OBJROOT\=/Users/antoniogrillo-balen/Library/Developer/Xcode/DerivedData/risebysolis-gzfsziqwziaggpcbgdowmssiasmi/Build/Intermediates.noindex
    export ONLY_ACTIVE_ARCH\=YES
    export OS\=MACOS
    export OSAC\=/usr/bin/osacompile
    export OTHER_LDFLAGS\=\ \ 
    export PACKAGE_TYPE\=com.apple.package-type.wrapper.framework
    export PASCAL_STRINGS\=YES
    export PATH\=/Applications/Xcode.app/Contents/SharedFrameworks/SwiftBuild.framework/Versions/A/PlugIns/SWBBuildService.bundle/Contents/PlugIns/SWBUniversalPlatformPlugin.bundle/Contents/Frameworks/SWBUniversalPlatform.framework/Resources:/Applications/Xcode.app/Contents/Developer/Toolchains/XcodeDefault.xctoolchain/usr/bin:/Applications/Xcode.app/Contents/Developer/Toolchains/XcodeDefault.xctoolchain/usr/local/bin:/Applications/Xcode.app/Contents/Developer/Toolchains/XcodeDefault.xctoolchain/usr/libexec:/Applications/Xcode.app/Contents/Developer/Platforms/iPhoneSimulator.platform/usr/bin:/Applications/Xcode.app/Contents/Developer/Platforms/iPhoneSimulator.platform/usr/local/bin:/Applications/Xcode.app/Contents/Developer/Platforms/iPhoneSimulator.platform/Developer/usr/bin:/Applications/Xcode.app/Contents/Developer/Platforms/iPhoneSimulator.platform/Developer/usr/local/bin:/Applications/Xcode.app/Contents/Developer/usr/bin:/Applications/Xcode.app/Contents/Developer/usr/local/bin:/opt/homebrew/opt/ruby/bin:/opt/homebrew/lib/ruby/gems/4.0.0/bin:/opt/homebrew/bin:/opt/homebrew/sbin:/Users/antoniogrillo-balen/.nvm/versions/node/v24.14.1/bin:/Library/Frameworks/Python.framework/Versions/3.14/bin:/usr/local/bin:/System/Cryptexes/App/usr/bin:/usr/bin:/bin:/usr/sbin:/sbin:/var/run/com.apple.security.cryptexd/codex.system/bootstrap/usr/local/bin:/var/run/com.apple.security.cryptexd/codex.system/bootstrap/usr/bin:/var/run/com.apple.security.cryptexd/codex.system/bootstrap/usr/appleinternal/bin:/opt/pkg/env/active/bin:/opt/pmk/env/global/bin:/Library/Apple/usr/bin:/Applications/VMware\ Fusion.app/Contents/Public:/Users/antoniogrillo-balen/.cargo/bin:/Users/antoniogrillo-balen/.cache/plugins/.install-staging/25283474a0e0d4a060cb0e915c1ec54e3d41ef2e/cursor/repo/bin:/Users/antoniogrillo-balen/.claude/plugins/cache/claude-plugins-official/superpowers/5.1.0/bin:/Users/antoniogrillo-balen/.claude/plugins/cache/claude-plugins-official/frontend-design/unknown/bin:/Users/antoniogrillo-balen/.claude/plugins/cache/claude-plugins-official/code-simplifier/1.0.0/bin:/Users/antoniogrillo-balen/.claude/plugins/cache/claude-plugins-official/security-guidance/unknown/bin:/Users/antoniogrillo-balen/.claude/plugins/cache/thedotmack/claude-mem/12.1.1/bin
    export PATH_PREFIXES_EXCLUDED_FROM_HEADER_DEPENDENCIES\=/usr/include\ /usr/local/include\ /System/Library/Frameworks\ /System/Library/PrivateFrameworks\ /Applications/Xcode.app/Contents/Developer/Headers\ /Applications/Xcode.app/Contents/Developer/SDKs\ /Applications/Xcode.app/Contents/Developer/Platforms
    export PBDEVELOPMENTPLIST_PATH\=React_RuntimeHermes.framework/pbdevelopment.plist
    export PER_ARCH_MODULE_FILE_DIR\=/Users/antoniogrillo-balen/Library/Developer/Xcode/DerivedData/risebysolis-gzfsziqwziaggpcbgdowmssiasmi/Build/Intermediates.noindex/Pods.build/Debug-iphonesimulator/React-RuntimeHermes.build/Objects-normal/undefined_arch
    export PER_ARCH_OBJECT_FILE_DIR\=/Users/antoniogrillo-balen/Library/Developer/Xcode/DerivedData/risebysolis-gzfsziqwziaggpcbgdowmssiasmi/Build/Intermediates.noindex/Pods.build/Debug-iphonesimulator/React-RuntimeHermes.build/Objects-normal/undefined_arch
    export PER_VARIANT_OBJECT_FILE_DIR\=/Users/antoniogrillo-balen/Library/Developer/Xcode/DerivedData/risebysolis-gzfsziqwziaggpcbgdowmssiasmi/Build/Intermediates.noindex/Pods.build/Debug-iphonesimulator/React-RuntimeHermes.build/Objects-normal
    export PKGINFO_FILE_PATH\=/Users/antoniogrillo-balen/Library/Developer/Xcode/DerivedData/risebysolis-gzfsziqwziaggpcbgdowmssiasmi/Build/Intermediates.noindex/Pods.build/Debug-iphonesimulator/React-RuntimeHermes.build/PkgInfo
    export PKGINFO_PATH\=React_RuntimeHermes.framework/PkgInfo
    export PLATFORM_DEVELOPER_APPLICATIONS_DIR\=/Applications/Xcode.app/Contents/Developer/Platforms/iPhoneSimulator.platform/Developer/Applications
    export PLATFORM_DEVELOPER_BIN_DIR\=/Applications/Xcode.app/Contents/Developer/Platforms/iPhoneSimulator.platform/Developer/usr/bin
    export PLATFORM_DEVELOPER_LIBRARY_DIR\=/Applications/Xcode.app/Contents/Developer/Platforms/iPhoneSimulator.platform/Developer/Library
    export PLATFORM_DEVELOPER_SDK_DIR\=/Applications/Xcode.app/Contents/Developer/Platforms/iPhoneSimulator.platform/Developer/SDKs
    export PLATFORM_DEVELOPER_TOOLS_DIR\=/Applications/Xcode.app/Contents/Developer/Platforms/iPhoneSimulator.platform/Developer/Tools
    export PLATFORM_DEVELOPER_USR_DIR\=/Applications/Xcode.app/Contents/Developer/Platforms/iPhoneSimulator.platform/Developer/usr
    export PLATFORM_DIR\=/Applications/Xcode.app/Contents/Developer/Platforms/iPhoneSimulator.platform
    export PLATFORM_DISPLAY_NAME\=iOS\ Simulator
    export PLATFORM_FAMILY_NAME\=iOS
    export PLATFORM_NAME\=iphonesimulator
    export PLATFORM_PREFERRED_ARCH\=x86_64
    export PLATFORM_PRODUCT_BUILD_VERSION\=23F73
    export PLATFORM_REQUIRES_SWIFT_AUTOLINK_EXTRACT\=NO
    export PLATFORM_REQUIRES_SWIFT_MODULEWRAP\=NO
    export PLATFORM_USES_DSYMS\=YES
    export PLIST_FILE_OUTPUT_FORMAT\=binary
    export PLUGINS_FOLDER_PATH\=React_RuntimeHermes.framework/PlugIns
    export PODS_BUILD_DIR\=/Users/antoniogrillo-balen/Library/Developer/Xcode/DerivedData/risebysolis-gzfsziqwziaggpcbgdowmssiasmi/Build/Products
    export PODS_CONFIGURATION_BUILD_DIR\=/Users/antoniogrillo-balen/Library/Developer/Xcode/DerivedData/risebysolis-gzfsziqwziaggpcbgdowmssiasmi/Build/Products/Debug-iphonesimulator
    export PODS_DEVELOPMENT_LANGUAGE\=en
    export PODS_ROOT\=/Users/antoniogrillo-balen/Desktop/Projects/RiseBuild/ios/Pods
    export PODS_TARGET_SRCROOT\=/Users/antoniogrillo-balen/Desktop/Projects/RiseBuild/ios/Pods/../../node_modules/react-native/ReactCommon/react/runtime
    export PODS_XCFRAMEWORKS_BUILD_DIR\=/Users/antoniogrillo-balen/Library/Developer/Xcode/DerivedData/risebysolis-gzfsziqwziaggpcbgdowmssiasmi/Build/Products/Debug-iphonesimulator/XCFrameworkIntermediates
    export PRECOMPS_INCLUDE_HEADERS_FROM_BUILT_PRODUCTS_DIR\=YES
    export PRECOMP_DESTINATION_DIR\=/Users/antoniogrillo-balen/Library/Developer/Xcode/DerivedData/risebysolis-gzfsziqwziaggpcbgdowmssiasmi/Build/Intermediates.noindex/Pods.build/Debug-iphonesimulator/React-RuntimeHermes.build/PrefixHeaders
    export PRIVATE_HEADERS_FOLDER_PATH\=React_RuntimeHermes.framework/PrivateHeaders
    export PROCESSED_INFOPLIST_PATH\=/Users/antoniogrillo-balen/Library/Developer/Xcode/DerivedData/risebysolis-gzfsziqwziaggpcbgdowmssiasmi/Build/Intermediates.noindex/Pods.build/Debug-iphonesimulator/React-RuntimeHermes.build/Objects-normal/undefined_arch/Processed-Info.plist
    export PRODUCT_BUNDLE_IDENTIFIER\=org.cocoapods.React-RuntimeHermes
    export PRODUCT_BUNDLE_PACKAGE_TYPE\=FMWK
    export PRODUCT_MODULE_NAME\=React_RuntimeHermes
    export PRODUCT_NAME\=React_RuntimeHermes
    export PRODUCT_SETTINGS_PATH\=/Users/antoniogrillo-balen/Desktop/Projects/RiseBuild/ios/Pods/Target\ Support\ Files/React-RuntimeHermes/React-RuntimeHermes-Info.plist
    export PRODUCT_TYPE\=com.apple.product-type.framework
    export PROFILING_CODE\=NO
    export PROJECT\=Pods
    export PROJECT_DERIVED_FILE_DIR\=/Users/antoniogrillo-balen/Library/Developer/Xcode/DerivedData/risebysolis-gzfsziqwziaggpcbgdowmssiasmi/Build/Intermediates.noindex/Pods.build/DerivedSources
    export PROJECT_DIR\=/Users/antoniogrillo-balen/Desktop/Projects/RiseBuild/ios/Pods
    export PROJECT_FILE_PATH\=/Users/antoniogrillo-balen/Desktop/Projects/RiseBuild/ios/Pods/Pods.xcodeproj
    export PROJECT_GUID\=8699adb1dd336b26511df848a716bd42
    export PROJECT_NAME\=Pods
    export PROJECT_TEMP_DIR\=/Users/antoniogrillo-balen/Library/Developer/Xcode/DerivedData/risebysolis-gzfsziqwziaggpcbgdowmssiasmi/Build/Intermediates.noindex/Pods.build
    export PROJECT_TEMP_ROOT\=/Users/antoniogrillo-balen/Library/Developer/Xcode/DerivedData/risebysolis-gzfsziqwziaggpcbgdowmssiasmi/Build/Intermediates.noindex
    export PUBLIC_HEADERS_FOLDER_PATH\=React_RuntimeHermes.framework/Headers
    export REACT_NATIVE_PATH\=/Users/antoniogrillo-balen/Desktop/Projects/RiseBuild/ios/Pods/../../node_modules/react-native
    export RECOMMENDED_IPHONEOS_DEPLOYMENT_TARGET\=15.0
    export RECURSIVE_SEARCH_PATHS_FOLLOW_SYMLINKS\=YES
    export REMOVE_CVS_FROM_RESOURCES\=YES
    export REMOVE_GIT_FROM_RESOURCES\=YES
    export REMOVE_HEADERS_FROM_EMBEDDED_BUNDLES\=YES
    export REMOVE_HG_FROM_RESOURCES\=YES
    export REMOVE_STATIC_EXECUTABLES_FROM_EMBEDDED_BUNDLES\=YES
    export REMOVE_SVN_FROM_RESOURCES\=YES
    export RESCHEDULE_INDEPENDENT_HEADERS_PHASES\=YES
    export REZ_COLLECTOR_DIR\=/Users/antoniogrillo-balen/Library/Developer/Xcode/DerivedData/risebysolis-gzfsziqwziaggpcbgdowmssiasmi/Build/Intermediates.noindex/Pods.build/Debug-iphonesimulator/React-RuntimeHermes.build/ResourceManagerResources
    export REZ_OBJECTS_DIR\=/Users/antoniogrillo-balen/Library/Developer/Xcode/DerivedData/risebysolis-gzfsziqwziaggpcbgdowmssiasmi/Build/Intermediates.noindex/Pods.build/Debug-iphonesimulator/React-RuntimeHermes.build/ResourceManagerResources/Objects
    export REZ_SEARCH_PATHS\=/Users/antoniogrillo-balen/Library/Developer/Xcode/DerivedData/risebysolis-gzfsziqwziaggpcbgdowmssiasmi/Build/Products/Debug-iphonesimulator/React-RuntimeHermes\ 
    export RPATH_ORIGIN\=@loader_path
    export RUNTIME_EXCEPTION_ALLOW_DYLD_ENVIRONMENT_VARIABLES\=NO
    export RUNTIME_EXCEPTION_ALLOW_JIT\=NO
    export RUNTIME_EXCEPTION_ALLOW_UNSIGNED_EXECUTABLE_MEMORY\=NO
    export RUNTIME_EXCEPTION_DEBUGGING_TOOL\=NO
    export RUNTIME_EXCEPTION_DISABLE_EXECUTABLE_PAGE_PROTECTION\=NO
    export RUNTIME_EXCEPTION_DISABLE_LIBRARY_VALIDATION\=NO
    export SCANNING_PCM_KEEP_CACHE_DIRECTORY\=YES
    export SCAN_ALL_SOURCE_FILES_FOR_INCLUDES\=NO
    export SCRIPTS_FOLDER_PATH\=React_RuntimeHermes.framework/Scripts
    export SCRIPT_INPUT_FILE_COUNT\=0
    export SCRIPT_INPUT_FILE_LIST_COUNT\=0
    export SCRIPT_OUTPUT_FILE_COUNT\=0
    export SCRIPT_OUTPUT_FILE_LIST_COUNT\=0
    export SDKROOT\=/Applications/Xcode.app/Contents/Developer/Platforms/iPhoneSimulator.platform/Developer/SDKs/iPhoneSimulator26.5.sdk
    export SDK_DIR\=/Applications/Xcode.app/Contents/Developer/Platforms/iPhoneSimulator.platform/Developer/SDKs/iPhoneSimulator26.5.sdk
    export SDK_DIR_iphonesimulator\=/Applications/Xcode.app/Contents/Developer/Platforms/iPhoneSimulator.platform/Developer/SDKs/iPhoneSimulator26.5.sdk
    export SDK_DIR_iphonesimulator26_5\=/Applications/Xcode.app/Contents/Developer/Platforms/iPhoneSimulator.platform/Developer/SDKs/iPhoneSimulator26.5.sdk
    export SDK_NAME\=iphonesimulator26.5
    export SDK_NAMES\=iphonesimulator26.5
    export SDK_PRODUCT_BUILD_VERSION\=23F73
    export SDK_STAT_CACHE_DIR\=/Users/antoniogrillo-balen/Library/Developer/Xcode/DerivedData
    export SDK_STAT_CACHE_ENABLE\=YES
    export SDK_STAT_CACHE_PATH\=/Users/antoniogrillo-balen/Library/Developer/Xcode/DerivedData/SDKStatCaches.noindex/iphonesimulator26.5-23F73-6cfe768891a92b912361537c460fe42b.sdkstatcache
    export SDK_VERSION\=26.5
    export SDK_VERSION_ACTUAL\=260500
    export SDK_VERSION_MAJOR\=260000
    export SDK_VERSION_MINOR\=260500
    export SED\=/usr/bin/sed
    export SEPARATE_STRIP\=NO
    export SEPARATE_SYMBOL_EDIT\=NO
    export SET_DIR_MODE_OWNER_GROUP\=YES
    export SET_FILE_MODE_OWNER_GROUP\=NO
    export SHALLOW_BUNDLE\=YES
    export SHALLOW_BUNDLE_TRIPLE\=ios-simulator
    export SHALLOW_BUNDLE_ios_macabi\=NO
    export SHALLOW_BUNDLE_macos\=NO
    export SHARED_DERIVED_FILE_DIR\=/Users/antoniogrillo-balen/Library/Developer/Xcode/DerivedData/risebysolis-gzfsziqwziaggpcbgdowmssiasmi/Build/Products/Debug-iphonesimulator/React-RuntimeHermes/DerivedSources
    export SHARED_FRAMEWORKS_FOLDER_PATH\=React_RuntimeHermes.framework/SharedFrameworks
    export SHARED_PRECOMPS_DIR\=/Users/antoniogrillo-balen/Library/Developer/Xcode/DerivedData/risebysolis-gzfsziqwziaggpcbgdowmssiasmi/Build/Intermediates.noindex/PrecompiledHeaders
    export SHARED_SUPPORT_FOLDER_PATH\=React_RuntimeHermes.framework
    export SKIP_INSTALL\=YES
    export SKIP_MERGEABLE_LIBRARY_BUNDLE_HOOK\=NO
    export SOURCE_ROOT\=/Users/antoniogrillo-balen/Desktop/Projects/RiseBuild/ios/Pods
    export SRCROOT\=/Users/antoniogrillo-balen/Desktop/Projects/RiseBuild/ios/Pods
    export STRINGSDATA_DIR\=/Users/antoniogrillo-balen/Library/Developer/Xcode/DerivedData/risebysolis-gzfsziqwziaggpcbgdowmssiasmi/Build/Intermediates.noindex/Pods.build/Debug-iphonesimulator/React-RuntimeHermes.build/Objects-normal/undefined_arch
    export STRINGSDATA_ROOT\=/Users/antoniogrillo-balen/Library/Developer/Xcode/DerivedData/risebysolis-gzfsziqwziaggpcbgdowmssiasmi/Build/Intermediates.noindex/Pods.build/Debug-iphonesimulator/React-RuntimeHermes.build
    export STRINGS_FILE_INFOPLIST_RENAME\=YES
    export STRINGS_FILE_OUTPUT_ENCODING\=binary
    export STRING_CATALOG_GENERATE_SYMBOLS\=NO
    export STRIP_BITCODE_FROM_COPIED_FILES\=NO
    export STRIP_INSTALLED_PRODUCT\=NO
    export STRIP_STYLE\=debugging
    export STRIP_SWIFT_SYMBOLS\=YES
    export SUPPORTED_DEVICE_FAMILIES\=1,2
    export SUPPORTED_PLATFORMS\=iphoneos\ iphonesimulator
    export SUPPORTS_TEXT_BASED_API\=NO
    export SUPPRESS_WARNINGS\=NO
    export SWIFT_ACTIVE_COMPILATION_CONDITIONS\=\ DEBUG\ 
    export SWIFT_EMIT_CONST_VALUE_PROTOCOLS\=AnyResolverProviding\ AppEntity\ AppEnum\ AppExtension\ AppIntent\ AppIntentsPackage\ AppShortcutProviding\ AppShortcutsProvider\ AppUnionValue\ AppUnionValueCasesProviding\ DynamicOptionsProvider\ EntityQuery\ ExtensionPointDefining\ IntentValueQuery\ Resolver\ TransientEntity\ _AssistantIntentsProvider\ _GenerativeFunctionExtractable\ _IntentValueRepresentable
    export SWIFT_EMIT_LOC_STRINGS\=NO
    export SWIFT_ENABLE_EXPLICIT_MODULES\=YES
    export SWIFT_INSTALL_MODULE_FOR_DEPLOYMENT\=YES
    export SWIFT_INSTALL_OBJC_HEADER\=YES
    export SWIFT_OPTIMIZATION_LEVEL\=-Onone
    export SWIFT_PLATFORM_TARGET_PREFIX\=ios
    export SWIFT_RESPONSE_FILE_PATH_normal_arm64\=/Users/antoniogrillo-balen/Library/Developer/Xcode/DerivedData/risebysolis-gzfsziqwziaggpcbgdowmssiasmi/Build/Intermediates.noindex/Pods.build/Debug-iphonesimulator/React-RuntimeHermes.build/Objects-normal/arm64/React_RuntimeHermes.SwiftFileList
    export SWIFT_VERSION\=5.0
    export SYMROOT\=/Users/antoniogrillo-balen/Library/Developer/Xcode/DerivedData/risebysolis-gzfsziqwziaggpcbgdowmssiasmi/Build/Products
    export SYSTEM_ADMIN_APPS_DIR\=/Applications/Utilities
    export SYSTEM_APPS_DIR\=/Applications
    export SYSTEM_CORE_SERVICES_DIR\=/System/Library/CoreServices
    export SYSTEM_DEMOS_DIR\=/Applications/Extras
    export SYSTEM_DEVELOPER_APPS_DIR\=/Applications/Xcode.app/Contents/Developer/Applications
    export SYSTEM_DEVELOPER_BIN_DIR\=/Applications/Xcode.app/Contents/Developer/usr/bin
    export SYSTEM_DEVELOPER_DEMOS_DIR\=/Applications/Xcode.app/Contents/Developer/Applications/Utilities/Built\ Examples
    export SYSTEM_DEVELOPER_DIR\=/Applications/Xcode.app/Contents/Developer
    export SYSTEM_DEVELOPER_DOC_DIR\=/Applications/Xcode.app/Contents/Developer/ADC\ Reference\ Library
    export SYSTEM_DEVELOPER_GRAPHICS_TOOLS_DIR\=/Applications/Xcode.app/Contents/Developer/Applications/Graphics\ Tools
    export SYSTEM_DEVELOPER_JAVA_TOOLS_DIR\=/Applications/Xcode.app/Contents/Developer/Applications/Java\ Tools
    export SYSTEM_DEVELOPER_PERFORMANCE_TOOLS_DIR\=/Applications/Xcode.app/Contents/Developer/Applications/Performance\ Tools
    export SYSTEM_DEVELOPER_RELEASENOTES_DIR\=/Applications/Xcode.app/Contents/Developer/ADC\ Reference\ Library/releasenotes
    export SYSTEM_DEVELOPER_TOOLS\=/Applications/Xcode.app/Contents/Developer/Tools
    export SYSTEM_DEVELOPER_TOOLS_DOC_DIR\=/Applications/Xcode.app/Contents/Developer/ADC\ Reference\ Library/documentation/DeveloperTools
    export SYSTEM_DEVELOPER_TOOLS_RELEASENOTES_DIR\=/Applications/Xcode.app/Contents/Developer/ADC\ Reference\ Library/releasenotes/DeveloperTools
    export SYSTEM_DEVELOPER_USR_DIR\=/Applications/Xcode.app/Contents/Developer/usr
    export SYSTEM_DEVELOPER_UTILITIES_DIR\=/Applications/Xcode.app/Contents/Developer/Applications/Utilities
    export SYSTEM_DEXT_INSTALL_PATH\=/System/Library/DriverExtensions
    export SYSTEM_DOCUMENTATION_DIR\=/Library/Documentation
    export SYSTEM_EXTENSIONS_FOLDER_PATH\=React_RuntimeHermes.framework/SystemExtensions
    export SYSTEM_EXTENSIONS_FOLDER_PATH_SHALLOW_BUNDLE_NO\=React_RuntimeHermes.framework/Library/SystemExtensions
    export SYSTEM_EXTENSIONS_FOLDER_PATH_SHALLOW_BUNDLE_YES\=React_RuntimeHermes.framework/SystemExtensions
    export SYSTEM_KEXT_INSTALL_PATH\=/System/Library/Extensions
    export SYSTEM_LIBRARY_DIR\=/System/Library
    export TAPI_DEMANGLE\=YES
    export TAPI_ENABLE_PROJECT_HEADERS\=NO
    export TAPI_LANGUAGE\=objective-c
    export TAPI_LANGUAGE_STANDARD\=compiler-default
    export TAPI_USE_SRCROOT\=YES
    export TAPI_VERIFY_MODE\=Pedantic
    export TARGETED_DEVICE_FAMILY\=1,2
    export TARGETNAME\=React-RuntimeHermes
    export TARGET_BUILD_DIR\=/Users/antoniogrillo-balen/Library/Developer/Xcode/DerivedData/risebysolis-gzfsziqwziaggpcbgdowmssiasmi/Build/Products/Debug-iphonesimulator/React-RuntimeHermes
    export TARGET_DEVICE_IDENTIFIER\=0C333F8A-4681-4475-855E-6FFD70F12533
    export TARGET_DEVICE_MODEL\=iPhone16,2
    export TARGET_DEVICE_OS_VERSION\=26.4.1
    export TARGET_DEVICE_PLATFORM_NAME\=iphonesimulator
    export TARGET_NAME\=React-RuntimeHermes
    export TARGET_TEMP_DIR\=/Users/antoniogrillo-balen/Library/Developer/Xcode/DerivedData/risebysolis-gzfsziqwziaggpcbgdowmssiasmi/Build/Intermediates.noindex/Pods.build/Debug-iphonesimulator/React-RuntimeHermes.build
    export TEMP_DIR\=/Users/antoniogrillo-balen/Library/Developer/Xcode/DerivedData/risebysolis-gzfsziqwziaggpcbgdowmssiasmi/Build/Intermediates.noindex/Pods.build/Debug-iphonesimulator/React-RuntimeHermes.build
    export TEMP_FILES_DIR\=/Users/antoniogrillo-balen/Library/Developer/Xcode/DerivedData/risebysolis-gzfsziqwziaggpcbgdowmssiasmi/Build/Intermediates.noindex/Pods.build/Debug-iphonesimulator/React-RuntimeHermes.build
    export TEMP_FILE_DIR\=/Users/antoniogrillo-balen/Library/Developer/Xcode/DerivedData/risebysolis-gzfsziqwziaggpcbgdowmssiasmi/Build/Intermediates.noindex/Pods.build/Debug-iphonesimulator/React-RuntimeHermes.build
    export TEMP_ROOT\=/Users/antoniogrillo-balen/Library/Developer/Xcode/DerivedData/risebysolis-gzfsziqwziaggpcbgdowmssiasmi/Build/Intermediates.noindex
    export TEMP_SANDBOX_DIR\=/Users/antoniogrillo-balen/Library/Developer/Xcode/DerivedData/risebysolis-gzfsziqwziaggpcbgdowmssiasmi/Build/Intermediates.noindex/TemporaryTaskSandboxes
    export TEST_FRAMEWORK_SEARCH_PATHS\=\ /Applications/Xcode.app/Contents/Developer/Platforms/iPhoneSimulator.platform/Developer/Library/Frameworks\ /Applications/Xcode.app/Contents/Developer/Platforms/iPhoneSimulator.platform/Developer/SDKs/iPhoneSimulator26.5.sdk/Developer/Library/Frameworks
    export TEST_LIBRARY_SEARCH_PATHS\=\ /Applications/Xcode.app/Contents/Developer/Platforms/iPhoneSimulator.platform/Developer/usr/lib
    export TOOLCHAINS\=com.apple.dt.toolchain.XcodeDefault
    export TOOLCHAIN_DIR\=/Applications/Xcode.app/Contents/Developer/Toolchains/XcodeDefault.xctoolchain
    export TREAT_MISSING_BASELINES_AS_TEST_FAILURES\=NO
    export TREAT_MISSING_SCRIPT_PHASE_OUTPUTS_AS_ERRORS\=NO
    export TeamIdentifierPrefix\=FAKETEAMID.
    export UID\=501
    export UNINSTALLED_PRODUCTS_DIR\=/Users/antoniogrillo-balen/Library/Developer/Xcode/DerivedData/risebysolis-gzfsziqwziaggpcbgdowmssiasmi/Build/Intermediates.noindex/UninstalledProducts
    export UNLOCALIZED_RESOURCES_FOLDER_PATH\=React_RuntimeHermes.framework
    export UNLOCALIZED_RESOURCES_FOLDER_PATH_SHALLOW_BUNDLE_NO\=React_RuntimeHermes.framework/Resources
    export UNLOCALIZED_RESOURCES_FOLDER_PATH_SHALLOW_BUNDLE_YES\=React_RuntimeHermes.framework
    export UNSTRIPPED_PRODUCT\=NO
    export USER\=antoniogrillo-balen
    export USER_APPS_DIR\=/Users/antoniogrillo-balen/Applications
    export USER_LIBRARY_DIR\=/Users/antoniogrillo-balen/Library
    export USE_DYNAMIC_NO_PIC\=YES
    export USE_HEADERMAP\=YES
    export USE_HEADER_SYMLINKS\=NO
    export USE_HERMES\=true
    export USE_RECURSIVE_SCRIPT_INPUTS_IN_SCRIPT_PHASES\=YES
    export VALIDATE_DEVELOPMENT_ASSET_PATHS\=YES_ERROR
    export VALIDATE_PRODUCT\=NO
    export VALID_ARCHS\=arm64\ x86_64
    export VERBOSE_PBXCP\=NO
    export VERSIONING_SYSTEM\=apple-generic
    export VERSIONPLIST_PATH\=React_RuntimeHermes.framework/version.plist
    export VERSIONS_FOLDER_PATH\=React_RuntimeHermes.framework
    export VERSIONS_FOLDER_PATH_SHALLOW_BUNDLE_NO\=React_RuntimeHermes.framework/Versions
    export VERSIONS_FOLDER_PATH_SHALLOW_BUNDLE_YES\=React_RuntimeHermes.framework
    export VERSION_INFO_BUILDER\=antoniogrillo-balen
    export VERSION_INFO_FILE\=React_RuntimeHermes_vers.c
    export VERSION_INFO_STRING\=\"@\(\#\)PROGRAM:React_RuntimeHermes\ \ PROJECT:Pods-1\"
    export WORKSPACE_DIR\=/Users/antoniogrillo-balen/Desktop/Projects/RiseBuild/ios
    export WRAPPER_EXTENSION\=framework
    export WRAPPER_NAME\=React_RuntimeHermes.framework
    export WRAPPER_SUFFIX\=.framework
    export WRAP_ASSET_PACKS_IN_SEPARATE_DIRECTORIES\=NO
    export XCODE_APP_SUPPORT_DIR\=/Applications/Xcode.app/Contents/Developer/Library/Xcode
    export XCODE_PRODUCT_BUILD_VERSION\=17F42
    export XCODE_VERSION_ACTUAL\=2650
    export XCODE_VERSION_MAJOR\=2600
    export XCODE_VERSION_MINOR\=2650
    export XPCSERVICES_FOLDER_PATH\=React_RuntimeHermes.framework/XPCServices
    export YACC\=yacc
    export _DISCOVER_COMMAND_LINE_LINKER_INPUTS\=YES
    export _DISCOVER_COMMAND_LINE_LINKER_INPUTS_INCLUDE_WL\=YES
    export _LD_MULTIARCH\=YES
    export _WRAPPER_CONTENTS_DIR_SHALLOW_BUNDLE_NO\=/Contents
    export _WRAPPER_PARENT_PATH_SHALLOW_BUNDLE_NO\=/..
    export _WRAPPER_RESOURCES_DIR_SHALLOW_BUNDLE_NO\=/Resources
    export __DIAGNOSE_DEPRECATED_ARCHS\=YES
    export __ORIGINAL_SDK_DEFINED_LLVM_TARGET_TRIPLE_SYS\=ios
    export arch\=undefined_arch
    export variant\=normal
    /bin/sh -c /Users/antoniogrillo-balen/Library/Developer/Xcode/DerivedData/risebysolis-gzfsziqwziaggpcbgdowmssiasmi/Build/Intermediates.noindex/Pods.build/Debug-iphonesimulator/React-RuntimeHermes.build/Script-46EB2E0002A0D0.sh

ProcessInfoPlistFile /Users/antoniogrillo-balen/Library/Developer/Xcode/DerivedData/risebysolis-gzfsziqwziaggpcbgdowmssiasmi/Build/Products/Debug-iphonesimulator/React-RCTNetwork/RCTNetwork.framework/Info.plist /Users/antoniogrillo-balen/Desktop/Projects/RiseBuild/ios/Pods/Target\ Support\ Files/React-RCTNetwork/React-RCTNetwork-Info.plist (in target 'React-RCTNetwork' from project 'Pods')
    cd /Users/antoniogrillo-balen/Desktop/Projects/RiseBuild/ios/Pods
    builtin-infoPlistUtility /Users/antoniogrillo-balen/Desktop/Projects/RiseBuild/ios/Pods/Target\ Support\ Files/React-RCTNetwork/React-RCTNetwork-Info.plist -producttype com.apple.product-type.framework -expandbuildsettings -format binary -platform iphonesimulator -o /Users/antoniogrillo-balen/Library/Developer/Xcode/DerivedData/risebysolis-gzfsziqwziaggpcbgdowmssiasmi/Build/Products/Debug-iphonesimulator/React-RCTNetwork/RCTNetwork.framework/Info.plist

CompileC /Users/antoniogrillo-balen/Library/Developer/Xcode/DerivedData/risebysolis-gzfsziqwziaggpcbgdowmssiasmi/Build/Intermediates.noindex/Pods.build/Debug-iphonesimulator/React-RCTNetwork.build/Objects-normal/arm64/RCTNetworking.o /Users/antoniogrillo-balen/Desktop/Projects/RiseBuild/node_modules/react-native/Libraries/Network/RCTNetworking.mm normal arm64 objective-c++ com.apple.compilers.llvm.clang.1_0.compiler (in target 'React-RCTNetwork' from project 'Pods')
    cd /Users/antoniogrillo-balen/Desktop/Projects/RiseBuild/ios/Pods
    
    Using response file: /Users/antoniogrillo-balen/Library/Developer/Xcode/DerivedData/risebysolis-gzfsziqwziaggpcbgdowmssiasmi/Build/Intermediates.noindex/Pods.build/Debug-iphonesimulator/React-RCTNetwork.build/Objects-normal/arm64/af3fcb34312c57c0f52879cdce924b91-common-args.resp
    
    /Applications/Xcode.app/Contents/Developer/Toolchains/XcodeDefault.xctoolchain/usr/bin/clang -x objective-c++ -ivfsstatcache /Users/antoniogrillo-balen/Library/Developer/Xcode/DerivedData/SDKStatCaches.noindex/iphonesimulator26.5-23F73-6cfe768891a92b912361537c460fe42b.sdkstatcache -target arm64-apple-ios15.1-simulator -fmessage-length\=0 -fdiagnostics-show-note-include-stack -fmacro-backtrace-limit\=0 -fno-color-diagnostics -fmodules-prune-interval\=86400 -fmodules-prune-after\=345600 -fbuild-session-file\=/Users/antoniogrillo-balen/Library/Developer/Xcode/DerivedData/ModuleCache.noindex/Session.modulevalidation -fmodules-validate-once-per-build-session -Wnon-modular-include-in-framework-module -Werror\=non-modular-include-in-framework-module -Wno-trigraphs -Wno-missing-field-initializers -Wno-missing-prototypes -Werror\=return-type -Wdocumentation -Wunreachable-code -Wno-implicit-atomic-properties -Werror\=deprecated-objc-isa-usage -Wno-objc-interface-ivars -Werror\=objc-root-class -Wno-arc-repeated-use-of-weak -Wimplicit-retain-self -Wno-non-virtual-dtor -Wno-overloaded-virtual -Wno-exit-time-destructors -Wduplicate-method-match -Wno-missing-braces -Wparentheses -Wswitch -Wunused-function -Wno-unused-label -Wno-unused-parameter -Wunused-variable -Wunused-value -Wempty-body -Wuninitialized -Wconditional-uninitialized -Wno-unknown-pragmas -Wno-shadow -Wno-four-char-constants -Wno-conversion -Wconstant-conversion -Wint-conversion -Wbool-conversion -Wenum-conversion -Wno-float-conversion -Wnon-literal-null-conversion -Wobjc-literal-conversion -Wshorten-64-to-32 -Wno-newline-eof -Wno-selector -Wno-strict-selector-match -Wundeclared-selector -Wdeprecated-implementations -Wno-c++11-extensions -Wno-implicit-fallthrough -isysroot /Applications/Xcode.app/Contents/Developer/Platforms/iPhoneSimulator.platform/Developer/SDKs/iPhoneSimulator26.5.sdk -fstrict-aliasing -Wprotocol -Wdeprecated-declarations -Winvalid-offsetof -Wno-sign-conversion -Winfinite-recursion -Wmove -Wcomma -Wblock-capture-autoreleasing -Wstrict-prototypes -Wrange-loop-analysis -Wno-semicolon-before-method-body -Wunguarded-availability -index-store-path /Users/antoniogrillo-balen/Library/Developer/Xcode/DerivedData/risebysolis-gzfsziqwziaggpcbgdowmssiasmi/Index.noindex/DataStore @/Users/antoniogrillo-balen/Library/Developer/Xcode/DerivedData/risebysolis-gzfsziqwziaggpcbgdowmssiasmi/Build/Intermediates.noindex/Pods.build/Debug-iphonesimulator/React-RCTNetwork.build/Objects-normal/arm64/af3fcb34312c57c0f52879cdce924b91-common-args.resp -DFOLLY_NO_CONFIG -DFOLLY_MOBILE\=1 -DFOLLY_USE_LIBCPP\=1 -DFOLLY_CFG_NO_COROUTINES\=1 -DFOLLY_HAVE_CLOCK_GETTIME\=1 -Wno-comma -Wno-shorten-64-to-32 -Wno-nullability-completeness -include /Users/antoniogrillo-balen/Desktop/Projects/RiseBuild/ios/Pods/Target\ Support\ Files/React-RCTNetwork/React-RCTNetwork-prefix.pch -MMD -MT dependencies -MF /Users/antoniogrillo-balen/Library/Developer/Xcode/DerivedData/risebysolis-gzfsziqwziaggpcbgdowmssiasmi/Build/Intermediates.noindex/Pods.build/Debug-iphonesimulator/React-RCTNetwork.build/Objects-normal/arm64/RCTNetworking.d --serialize-diagnostics /Users/antoniogrillo-balen/Library/Developer/Xcode/DerivedData/risebysolis-gzfsziqwziaggpcbgdowmssiasmi/Build/Intermediates.noindex/Pods.build/Debug-iphonesimulator/React-RCTNetwork.build/Objects-normal/arm64/RCTNetworking.dia -c /Users/antoniogrillo-balen/Desktop/Projects/RiseBuild/node_modules/react-native/Libraries/Network/RCTNetworking.mm -o /Users/antoniogrillo-balen/Library/Developer/Xcode/DerivedData/risebysolis-gzfsziqwziaggpcbgdowmssiasmi/Build/Intermediates.noindex/Pods.build/Debug-iphonesimulator/React-RCTNetwork.build/Objects-normal/arm64/RCTNetworking.o -index-unit-output-path /Pods.build/Debug-iphonesimulator/React-RCTNetwork.build/Objects-normal/arm64/RCTNetworking.o

Libtool /Users/antoniogrillo-balen/Library/Developer/Xcode/DerivedData/risebysolis-gzfsziqwziaggpcbgdowmssiasmi/Build/Products/Debug-iphonesimulator/React-RCTNetwork/RCTNetwork.framework/RCTNetwork normal (in target 'React-RCTNetwork' from project 'Pods')
    cd /Users/antoniogrillo-balen/Desktop/Projects/RiseBuild/ios/Pods
    /Applications/Xcode.app/Contents/Developer/Toolchains/XcodeDefault.xctoolchain/usr/bin/libtool -static -arch_only arm64 -D -syslibroot /Applications/Xcode.app/Contents/Developer/Platforms/iPhoneSimulator.platform/Developer/SDKs/iPhoneSimulator26.5.sdk -L/Users/antoniogrillo-balen/Library/Developer/Xcode/DerivedData/risebysolis-gzfsziqwziaggpcbgdowmssiasmi/Build/Products/Debug-iphonesimulator/React-RCTNetwork -filelist /Users/antoniogrillo-balen/Library/Developer/Xcode/DerivedData/risebysolis-gzfsziqwziaggpcbgdowmssiasmi/Build/Intermediates.noindex/Pods.build/Debug-iphonesimulator/React-RCTNetwork.build/Objects-normal/arm64/RCTNetwork.LinkFileList -dependency_info /Users/antoniogrillo-balen/Library/Developer/Xcode/DerivedData/risebysolis-gzfsziqwziaggpcbgdowmssiasmi/Build/Intermediates.noindex/Pods.build/Debug-iphonesimulator/React-RCTNetwork.build/Objects-normal/arm64/RCTNetwork_libtool_dependency_info.dat -o /Users/antoniogrillo-balen/Library/Developer/Xcode/DerivedData/risebysolis-gzfsziqwziaggpcbgdowmssiasmi/Build/Products/Debug-iphonesimulator/React-RCTNetwork/RCTNetwork.framework/RCTNetwork

CodeSign /Users/antoniogrillo-balen/Library/Developer/Xcode/DerivedData/risebysolis-gzfsziqwziaggpcbgdowmssiasmi/Build/Products/Debug-iphonesimulator/React-RCTNetwork/RCTNetwork.framework (in target 'React-RCTNetwork' from project 'Pods')
    cd /Users/antoniogrillo-balen/Desktop/Projects/RiseBuild/ios/Pods
    
    Signing Identity:     "Sign to Run Locally"
    
    /usr/bin/codesign --force --sign - --timestamp\=none --generate-entitlement-der /Users/antoniogrillo-balen/Library/Developer/Xcode/DerivedData/risebysolis-gzfsziqwziaggpcbgdowmssiasmi/Build/Products/Debug-iphonesimulator/React-RCTNetwork/RCTNetwork.framework
note: Signing static framework with --generate-pre-encrypt-hashes (in target 'React-RCTNetwork' from project 'Pods')
/Users/antoniogrillo-balen/Library/Developer/Xcode/DerivedData/risebysolis-gzfsziqwziaggpcbgdowmssiasmi/Build/Products/Debug-iphonesimulator/React-RCTNetwork/RCTNetwork.framework: replacing existing signature

ProcessInfoPlistFile /Users/antoniogrillo-balen/Library/Developer/Xcode/DerivedData/risebysolis-gzfsziqwziaggpcbgdowmssiasmi/Build/Products/Debug-iphonesimulator/React-RCTBlob/RCTBlob.framework/Info.plist /Users/antoniogrillo-balen/Desktop/Projects/RiseBuild/ios/Pods/Target\ Support\ Files/React-RCTBlob/React-RCTBlob-Info.plist (in target 'React-RCTBlob' from project 'Pods')
    cd /Users/antoniogrillo-balen/Desktop/Projects/RiseBuild/ios/Pods
    builtin-infoPlistUtility /Users/antoniogrillo-balen/Desktop/Projects/RiseBuild/ios/Pods/Target\ Support\ Files/React-RCTBlob/React-RCTBlob-Info.plist -producttype com.apple.product-type.framework -expandbuildsettings -format binary -platform iphonesimulator -o /Users/antoniogrillo-balen/Library/Developer/Xcode/DerivedData/risebysolis-gzfsziqwziaggpcbgdowmssiasmi/Build/Products/Debug-iphonesimulator/React-RCTBlob/RCTBlob.framework/Info.plist

CompileC /Users/antoniogrillo-balen/Library/Developer/Xcode/DerivedData/risebysolis-gzfsziqwziaggpcbgdowmssiasmi/Build/Intermediates.noindex/Pods.build/Debug-iphonesimulator/React-RCTBlob.build/Objects-normal/arm64/RCTFileReaderModule.o /Users/antoniogrillo-balen/Desktop/Projects/RiseBuild/node_modules/react-native/Libraries/Blob/RCTFileReaderModule.mm normal arm64 objective-c++ com.apple.compilers.llvm.clang.1_0.compiler (in target 'React-RCTBlob' from project 'Pods')
    cd /Users/antoniogrillo-balen/Desktop/Projects/RiseBuild/ios/Pods
    
    Using response file: /Users/antoniogrillo-balen/Library/Developer/Xcode/DerivedData/risebysolis-gzfsziqwziaggpcbgdowmssiasmi/Build/Intermediates.noindex/Pods.build/Debug-iphonesimulator/React-RCTBlob.build/Objects-normal/arm64/af3fcb34312c57c0f52879cdce924b91-common-args.resp
    
    /Applications/Xcode.app/Contents/Developer/Toolchains/XcodeDefault.xctoolchain/usr/bin/clang -x objective-c++ -ivfsstatcache /Users/antoniogrillo-balen/Library/Developer/Xcode/DerivedData/SDKStatCaches.noindex/iphonesimulator26.5-23F73-6cfe768891a92b912361537c460fe42b.sdkstatcache -target arm64-apple-ios15.1-simulator -fmessage-length\=0 -fdiagnostics-show-note-include-stack -fmacro-backtrace-limit\=0 -fno-color-diagnostics -fmodules-prune-interval\=86400 -fmodules-prune-after\=345600 -fbuild-session-file\=/Users/antoniogrillo-balen/Library/Developer/Xcode/DerivedData/ModuleCache.noindex/Session.modulevalidation -fmodules-validate-once-per-build-session -Wnon-modular-include-in-framework-module -Werror\=non-modular-include-in-framework-module -Wno-trigraphs -Wno-missing-field-initializers -Wno-missing-prototypes -Werror\=return-type -Wdocumentation -Wunreachable-code -Wno-implicit-atomic-properties -Werror\=deprecated-objc-isa-usage -Wno-objc-interface-ivars -Werror\=objc-root-class -Wno-arc-repeated-use-of-weak -Wimplicit-retain-self -Wno-non-virtual-dtor -Wno-overloaded-virtual -Wno-exit-time-destructors -Wduplicate-method-match -Wno-missing-braces -Wparentheses -Wswitch -Wunused-function -Wno-unused-label -Wno-unused-parameter -Wunused-variable -Wunused-value -Wempty-body -Wuninitialized -Wconditional-uninitialized -Wno-unknown-pragmas -Wno-shadow -Wno-four-char-constants -Wno-conversion -Wconstant-conversion -Wint-conversion -Wbool-conversion -Wenum-conversion -Wno-float-conversion -Wnon-literal-null-conversion -Wobjc-literal-conversion -Wshorten-64-to-32 -Wno-newline-eof -Wno-selector -Wno-strict-selector-match -Wundeclared-selector -Wdeprecated-implementations -Wno-c++11-extensions -Wno-implicit-fallthrough -isysroot /Applications/Xcode.app/Contents/Developer/Platforms/iPhoneSimulator.platform/Developer/SDKs/iPhoneSimulator26.5.sdk -fstrict-aliasing -Wprotocol -Wdeprecated-declarations -Winvalid-offsetof -Wno-sign-conversion -Winfinite-recursion -Wmove -Wcomma -Wblock-capture-autoreleasing -Wstrict-prototypes -Wrange-loop-analysis -Wno-semicolon-before-method-body -Wunguarded-availability -index-store-path /Users/antoniogrillo-balen/Library/Developer/Xcode/DerivedData/risebysolis-gzfsziqwziaggpcbgdowmssiasmi/Index.noindex/DataStore @/Users/antoniogrillo-balen/Library/Developer/Xcode/DerivedData/risebysolis-gzfsziqwziaggpcbgdowmssiasmi/Build/Intermediates.noindex/Pods.build/Debug-iphonesimulator/React-RCTBlob.build/Objects-normal/arm64/af3fcb34312c57c0f52879cdce924b91-common-args.resp -DFOLLY_NO_CONFIG -DFOLLY_MOBILE\=1 -DFOLLY_USE_LIBCPP\=1 -DFOLLY_CFG_NO_COROUTINES\=1 -DFOLLY_HAVE_CLOCK_GETTIME\=1 -Wno-comma -Wno-shorten-64-to-32 -Wno-nullability-completeness -include /Users/antoniogrillo-balen/Desktop/Projects/RiseBuild/ios/Pods/Target\ Support\ Files/React-RCTBlob/React-RCTBlob-prefix.pch -MMD -MT dependencies -MF /Users/antoniogrillo-balen/Library/Developer/Xcode/DerivedData/risebysolis-gzfsziqwziaggpcbgdowmssiasmi/Build/Intermediates.noindex/Pods.build/Debug-iphonesimulator/React-RCTBlob.build/Objects-normal/arm64/RCTFileReaderModule.d --serialize-diagnostics /Users/antoniogrillo-balen/Library/Developer/Xcode/DerivedData/risebysolis-gzfsziqwziaggpcbgdowmssiasmi/Build/Intermediates.noindex/Pods.build/Debug-iphonesimulator/React-RCTBlob.build/Objects-normal/arm64/RCTFileReaderModule.dia -c /Users/antoniogrillo-balen/Desktop/Projects/RiseBuild/node_modules/react-native/Libraries/Blob/RCTFileReaderModule.mm -o /Users/antoniogrillo-balen/Library/Developer/Xcode/DerivedData/risebysolis-gzfsziqwziaggpcbgdowmssiasmi/Build/Intermediates.noindex/Pods.build/Debug-iphonesimulator/React-RCTBlob.build/Objects-normal/arm64/RCTFileReaderModule.o -index-unit-output-path /Pods.build/Debug-iphonesimulator/React-RCTBlob.build/Objects-normal/arm64/RCTFileReaderModule.o

CompileC /Users/antoniogrillo-balen/Library/Developer/Xcode/DerivedData/risebysolis-gzfsziqwziaggpcbgdowmssiasmi/Build/Intermediates.noindex/Pods.build/Debug-iphonesimulator/React-RCTBlob.build/Objects-normal/arm64/RCTBlobManager.o /Users/antoniogrillo-balen/Desktop/Projects/RiseBuild/node_modules/react-native/Libraries/Blob/RCTBlobManager.mm normal arm64 objective-c++ com.apple.compilers.llvm.clang.1_0.compiler (in target 'React-RCTBlob' from project 'Pods')
    cd /Users/antoniogrillo-balen/Desktop/Projects/RiseBuild/ios/Pods
    
    Using response file: /Users/antoniogrillo-balen/Library/Developer/Xcode/DerivedData/risebysolis-gzfsziqwziaggpcbgdowmssiasmi/Build/Intermediates.noindex/Pods.build/Debug-iphonesimulator/React-RCTBlob.build/Objects-normal/arm64/af3fcb34312c57c0f52879cdce924b91-common-args.resp
    
    /Applications/Xcode.app/Contents/Developer/Toolchains/XcodeDefault.xctoolchain/usr/bin/clang -x objective-c++ -ivfsstatcache /Users/antoniogrillo-balen/Library/Developer/Xcode/DerivedData/SDKStatCaches.noindex/iphonesimulator26.5-23F73-6cfe768891a92b912361537c460fe42b.sdkstatcache -target arm64-apple-ios15.1-simulator -fmessage-length\=0 -fdiagnostics-show-note-include-stack -fmacro-backtrace-limit\=0 -fno-color-diagnostics -fmodules-prune-interval\=86400 -fmodules-prune-after\=345600 -fbuild-session-file\=/Users/antoniogrillo-balen/Library/Developer/Xcode/DerivedData/ModuleCache.noindex/Session.modulevalidation -fmodules-validate-once-per-build-session -Wnon-modular-include-in-framework-module -Werror\=non-modular-include-in-framework-module -Wno-trigraphs -Wno-missing-field-initializers -Wno-missing-prototypes -Werror\=return-type -Wdocumentation -Wunreachable-code -Wno-implicit-atomic-properties -Werror\=deprecated-objc-isa-usage -Wno-objc-interface-ivars -Werror\=objc-root-class -Wno-arc-repeated-use-of-weak -Wimplicit-retain-self -Wno-non-virtual-dtor -Wno-overloaded-virtual -Wno-exit-time-destructors -Wduplicate-method-match -Wno-missing-braces -Wparentheses -Wswitch -Wunused-function -Wno-unused-label -Wno-unused-parameter -Wunused-variable -Wunused-value -Wempty-body -Wuninitialized -Wconditional-uninitialized -Wno-unknown-pragmas -Wno-shadow -Wno-four-char-constants -Wno-conversion -Wconstant-conversion -Wint-conversion -Wbool-conversion -Wenum-conversion -Wno-float-conversion -Wnon-literal-null-conversion -Wobjc-literal-conversion -Wshorten-64-to-32 -Wno-newline-eof -Wno-selector -Wno-strict-selector-match -Wundeclared-selector -Wdeprecated-implementations -Wno-c++11-extensions -Wno-implicit-fallthrough -isysroot /Applications/Xcode.app/Contents/Developer/Platforms/iPhoneSimulator.platform/Developer/SDKs/iPhoneSimulator26.5.sdk -fstrict-aliasing -Wprotocol -Wdeprecated-declarations -Winvalid-offsetof -Wno-sign-conversion -Winfinite-recursion -Wmove -Wcomma -Wblock-capture-autoreleasing -Wstrict-prototypes -Wrange-loop-analysis -Wno-semicolon-before-method-body -Wunguarded-availability -index-store-path /Users/antoniogrillo-balen/Library/Developer/Xcode/DerivedData/risebysolis-gzfsziqwziaggpcbgdowmssiasmi/Index.noindex/DataStore @/Users/antoniogrillo-balen/Library/Developer/Xcode/DerivedData/risebysolis-gzfsziqwziaggpcbgdowmssiasmi/Build/Intermediates.noindex/Pods.build/Debug-iphonesimulator/React-RCTBlob.build/Objects-normal/arm64/af3fcb34312c57c0f52879cdce924b91-common-args.resp -DFOLLY_NO_CONFIG -DFOLLY_MOBILE\=1 -DFOLLY_USE_LIBCPP\=1 -DFOLLY_CFG_NO_COROUTINES\=1 -DFOLLY_HAVE_CLOCK_GETTIME\=1 -Wno-comma -Wno-shorten-64-to-32 -Wno-nullability-completeness -include /Users/antoniogrillo-balen/Desktop/Projects/RiseBuild/ios/Pods/Target\ Support\ Files/React-RCTBlob/React-RCTBlob-prefix.pch -MMD -MT dependencies -MF /Users/antoniogrillo-balen/Library/Developer/Xcode/DerivedData/risebysolis-gzfsziqwziaggpcbgdowmssiasmi/Build/Intermediates.noindex/Pods.build/Debug-iphonesimulator/React-RCTBlob.build/Objects-normal/arm64/RCTBlobManager.d --serialize-diagnostics /Users/antoniogrillo-balen/Library/Developer/Xcode/DerivedData/risebysolis-gzfsziqwziaggpcbgdowmssiasmi/Build/Intermediates.noindex/Pods.build/Debug-iphonesimulator/React-RCTBlob.build/Objects-normal/arm64/RCTBlobManager.dia -c /Users/antoniogrillo-balen/Desktop/Projects/RiseBuild/node_modules/react-native/Libraries/Blob/RCTBlobManager.mm -o /Users/antoniogrillo-balen/Library/Developer/Xcode/DerivedData/risebysolis-gzfsziqwziaggpcbgdowmssiasmi/Build/Intermediates.noindex/Pods.build/Debug-iphonesimulator/React-RCTBlob.build/Objects-normal/arm64/RCTBlobManager.o -index-unit-output-path /Pods.build/Debug-iphonesimulator/React-RCTBlob.build/Objects-normal/arm64/RCTBlobManager.o

Libtool /Users/antoniogrillo-balen/Library/Developer/Xcode/DerivedData/risebysolis-gzfsziqwziaggpcbgdowmssiasmi/Build/Products/Debug-iphonesimulator/React-RCTBlob/RCTBlob.framework/RCTBlob normal (in target 'React-RCTBlob' from project 'Pods')
    cd /Users/antoniogrillo-balen/Desktop/Projects/RiseBuild/ios/Pods
    /Applications/Xcode.app/Contents/Developer/Toolchains/XcodeDefault.xctoolchain/usr/bin/libtool -static -arch_only arm64 -D -syslibroot /Applications/Xcode.app/Contents/Developer/Platforms/iPhoneSimulator.platform/Developer/SDKs/iPhoneSimulator26.5.sdk -L/Users/antoniogrillo-balen/Library/Developer/Xcode/DerivedData/risebysolis-gzfsziqwziaggpcbgdowmssiasmi/Build/Products/Debug-iphonesimulator/React-RCTBlob -filelist /Users/antoniogrillo-balen/Library/Developer/Xcode/DerivedData/risebysolis-gzfsziqwziaggpcbgdowmssiasmi/Build/Intermediates.noindex/Pods.build/Debug-iphonesimulator/React-RCTBlob.build/Objects-normal/arm64/RCTBlob.LinkFileList -dependency_info /Users/antoniogrillo-balen/Library/Developer/Xcode/DerivedData/risebysolis-gzfsziqwziaggpcbgdowmssiasmi/Build/Intermediates.noindex/Pods.build/Debug-iphonesimulator/React-RCTBlob.build/Objects-normal/arm64/RCTBlob_libtool_dependency_info.dat -o /Users/antoniogrillo-balen/Library/Developer/Xcode/DerivedData/risebysolis-gzfsziqwziaggpcbgdowmssiasmi/Build/Products/Debug-iphonesimulator/React-RCTBlob/RCTBlob.framework/RCTBlob

CodeSign /Users/antoniogrillo-balen/Library/Developer/Xcode/DerivedData/risebysolis-gzfsziqwziaggpcbgdowmssiasmi/Build/Products/Debug-iphonesimulator/React-RCTBlob/RCTBlob.framework (in target 'React-RCTBlob' from project 'Pods')
    cd /Users/antoniogrillo-balen/Desktop/Projects/RiseBuild/ios/Pods
    
    Signing Identity:     "Sign to Run Locally"
    
    /usr/bin/codesign --force --sign - --timestamp\=none --generate-entitlement-der /Users/antoniogrillo-balen/Library/Developer/Xcode/DerivedData/risebysolis-gzfsziqwziaggpcbgdowmssiasmi/Build/Products/Debug-iphonesimulator/React-RCTBlob/RCTBlob.framework
note: Signing static framework with --generate-pre-encrypt-hashes (in target 'React-RCTBlob' from project 'Pods')
/Users/antoniogrillo-balen/Library/Developer/Xcode/DerivedData/risebysolis-gzfsziqwziaggpcbgdowmssiasmi/Build/Products/Debug-iphonesimulator/React-RCTBlob/RCTBlob.framework: replacing existing signature

ProcessInfoPlistFile /Users/antoniogrillo-balen/Library/Developer/Xcode/DerivedData/risebysolis-gzfsziqwziaggpcbgdowmssiasmi/Build/Products/Debug-iphonesimulator/React-RCTImage/RCTImage.framework/Info.plist /Users/antoniogrillo-balen/Desktop/Projects/RiseBuild/ios/Pods/Target\ Support\ Files/React-RCTImage/React-RCTImage-Info.plist (in target 'React-RCTImage' from project 'Pods')
    cd /Users/antoniogrillo-balen/Desktop/Projects/RiseBuild/ios/Pods
    builtin-infoPlistUtility /Users/antoniogrillo-balen/Desktop/Projects/RiseBuild/ios/Pods/Target\ Support\ Files/React-RCTImage/React-RCTImage-Info.plist -producttype com.apple.product-type.framework -expandbuildsettings -format binary -platform iphonesimulator -o /Users/antoniogrillo-balen/Library/Developer/Xcode/DerivedData/risebysolis-gzfsziqwziaggpcbgdowmssiasmi/Build/Products/Debug-iphonesimulator/React-RCTImage/RCTImage.framework/Info.plist

CompileC /Users/antoniogrillo-balen/Library/Developer/Xcode/DerivedData/risebysolis-gzfsziqwziaggpcbgdowmssiasmi/Build/Intermediates.noindex/Pods.build/Debug-iphonesimulator/React-RCTImage.build/Objects-normal/arm64/RCTImageStoreManager.o /Users/antoniogrillo-balen/Desktop/Projects/RiseBuild/node_modules/react-native/Libraries/Image/RCTImageStoreManager.mm normal arm64 objective-c++ com.apple.compilers.llvm.clang.1_0.compiler (in target 'React-RCTImage' from project 'Pods')
    cd /Users/antoniogrillo-balen/Desktop/Projects/RiseBuild/ios/Pods
    
    Using response file: /Users/antoniogrillo-balen/Library/Developer/Xcode/DerivedData/risebysolis-gzfsziqwziaggpcbgdowmssiasmi/Build/Intermediates.noindex/Pods.build/Debug-iphonesimulator/React-RCTImage.build/Objects-normal/arm64/af3fcb34312c57c0f52879cdce924b91-common-args.resp
    
    /Applications/Xcode.app/Contents/Developer/Toolchains/XcodeDefault.xctoolchain/usr/bin/clang -x objective-c++ -ivfsstatcache /Users/antoniogrillo-balen/Library/Developer/Xcode/DerivedData/SDKStatCaches.noindex/iphonesimulator26.5-23F73-6cfe768891a92b912361537c460fe42b.sdkstatcache -target arm64-apple-ios15.1-simulator -fmessage-length\=0 -fdiagnostics-show-note-include-stack -fmacro-backtrace-limit\=0 -fno-color-diagnostics -fmodules-prune-interval\=86400 -fmodules-prune-after\=345600 -fbuild-session-file\=/Users/antoniogrillo-balen/Library/Developer/Xcode/DerivedData/ModuleCache.noindex/Session.modulevalidation -fmodules-validate-once-per-build-session -Wnon-modular-include-in-framework-module -Werror\=non-modular-include-in-framework-module -Wno-trigraphs -Wno-missing-field-initializers -Wno-missing-prototypes -Werror\=return-type -Wdocumentation -Wunreachable-code -Wno-implicit-atomic-properties -Werror\=deprecated-objc-isa-usage -Wno-objc-interface-ivars -Werror\=objc-root-class -Wno-arc-repeated-use-of-weak -Wimplicit-retain-self -Wno-non-virtual-dtor -Wno-overloaded-virtual -Wno-exit-time-destructors -Wduplicate-method-match -Wno-missing-braces -Wparentheses -Wswitch -Wunused-function -Wno-unused-label -Wno-unused-parameter -Wunused-variable -Wunused-value -Wempty-body -Wuninitialized -Wconditional-uninitialized -Wno-unknown-pragmas -Wno-shadow -Wno-four-char-constants -Wno-conversion -Wconstant-conversion -Wint-conversion -Wbool-conversion -Wenum-conversion -Wno-float-conversion -Wnon-literal-null-conversion -Wobjc-literal-conversion -Wshorten-64-to-32 -Wno-newline-eof -Wno-selector -Wno-strict-selector-match -Wundeclared-selector -Wdeprecated-implementations -Wno-c++11-extensions -Wno-implicit-fallthrough -isysroot /Applications/Xcode.app/Contents/Developer/Platforms/iPhoneSimulator.platform/Developer/SDKs/iPhoneSimulator26.5.sdk -fstrict-aliasing -Wprotocol -Wdeprecated-declarations -Winvalid-offsetof -Wno-sign-conversion -Winfinite-recursion -Wmove -Wcomma -Wblock-capture-autoreleasing -Wstrict-prototypes -Wrange-loop-analysis -Wno-semicolon-before-method-body -Wunguarded-availability -index-store-path /Users/antoniogrillo-balen/Library/Developer/Xcode/DerivedData/risebysolis-gzfsziqwziaggpcbgdowmssiasmi/Index.noindex/DataStore @/Users/antoniogrillo-balen/Library/Developer/Xcode/DerivedData/risebysolis-gzfsziqwziaggpcbgdowmssiasmi/Build/Intermediates.noindex/Pods.build/Debug-iphonesimulator/React-RCTImage.build/Objects-normal/arm64/af3fcb34312c57c0f52879cdce924b91-common-args.resp -DFOLLY_NO_CONFIG -DFOLLY_MOBILE\=1 -DFOLLY_USE_LIBCPP\=1 -DFOLLY_CFG_NO_COROUTINES\=1 -DFOLLY_HAVE_CLOCK_GETTIME\=1 -Wno-comma -Wno-shorten-64-to-32 -Wno-nullability-completeness -include /Users/antoniogrillo-balen/Desktop/Projects/RiseBuild/ios/Pods/Target\ Support\ Files/React-RCTImage/React-RCTImage-prefix.pch -MMD -MT dependencies -MF /Users/antoniogrillo-balen/Library/Developer/Xcode/DerivedData/risebysolis-gzfsziqwziaggpcbgdowmssiasmi/Build/Intermediates.noindex/Pods.build/Debug-iphonesimulator/React-RCTImage.build/Objects-normal/arm64/RCTImageStoreManager.d --serialize-diagnostics /Users/antoniogrillo-balen/Library/Developer/Xcode/DerivedData/risebysolis-gzfsziqwziaggpcbgdowmssiasmi/Build/Intermediates.noindex/Pods.build/Debug-iphonesimulator/React-RCTImage.build/Objects-normal/arm64/RCTImageStoreManager.dia -c /Users/antoniogrillo-balen/Desktop/Projects/RiseBuild/node_modules/react-native/Libraries/Image/RCTImageStoreManager.mm -o /Users/antoniogrillo-balen/Library/Developer/Xcode/DerivedData/risebysolis-gzfsziqwziaggpcbgdowmssiasmi/Build/Intermediates.noindex/Pods.build/Debug-iphonesimulator/React-RCTImage.build/Objects-normal/arm64/RCTImageStoreManager.o -index-unit-output-path /Pods.build/Debug-iphonesimulator/React-RCTImage.build/Objects-normal/arm64/RCTImageStoreManager.o
/Users/antoniogrillo-balen/Desktop/Projects/RiseBuild/node_modules/react-native/Libraries/Image/RCTImageStoreManager.mm:205:93: warning: 'kUTTagClassMIMEType' is deprecated: first deprecated in iOS 15.0 - Use UTTagClassMIMEType instead. [-Wdeprecated-declarations]
  205 |     NSString *MIMEType = (__bridge_transfer NSString *)UTTypeCopyPreferredTagWithClass(UTI, kUTTagClassMIMEType);
      |                                                                                             ^
In file included from /Users/antoniogrillo-balen/Desktop/Projects/RiseBuild/node_modules/react-native/Libraries/Image/RCTImageStoreManager.mm:15:
In file included from /Applications/Xcode.app/Contents/Developer/Platforms/iPhoneSimulator.platform/Developer/SDKs/iPhoneSimulator26.5.sdk/System/Library/Frameworks/MobileCoreServices.framework/Headers/UTType.h:16:
/Applications/Xcode.app/Contents/Developer/Platforms/iPhoneSimulator.platform/Developer/SDKs/iPhoneSimulator26.5.sdk/System/Library/Frameworks/CoreServices.framework/Headers/UTType.h:262:26: note: 'kUTTagClassMIMEType' has been explicitly marked deprecated here
  262 | extern const CFStringRef kUTTagClassMIMEType                         API_DEPRECATED("Use UTTagClassMIMEType instead.", ios(3.0, 15.0), macos(10.3, 12.0), tvos(9.0, 15.0), watchos(1.0, 8.0));
      |                          ^
/Users/antoniogrillo-balen/Desktop/Projects/RiseBuild/node_modules/react-native/Libraries/Image/RCTImageStoreManager.mm:205:56: warning: 'UTTypeCopyPreferredTagWithClass' is deprecated: first deprecated in iOS 15.0 - Use the UTType class instead. [-Wdeprecated-declarations]
  205 |     NSString *MIMEType = (__bridge_transfer NSString *)UTTypeCopyPreferredTagWithClass(UTI, kUTTagClassMIMEType);
      |                                                        ^
In file included from /Users/antoniogrillo-balen/Desktop/Projects/RiseBuild/node_modules/react-native/Libraries/Image/RCTImageStoreManager.mm:15:
In file included from /Applications/Xcode.app/Contents/Developer/Platforms/iPhoneSimulator.platform/Developer/SDKs/iPhoneSimulator26.5.sdk/System/Library/Frameworks/MobileCoreServices.framework/Headers/UTType.h:16:
/Applications/Xcode.app/Contents/Developer/Platforms/iPhoneSimulator.platform/Developer/SDKs/iPhoneSimulator26.5.sdk/System/Library/Frameworks/CoreServices.framework/Headers/UTType.h:395:1: note: 'UTTypeCopyPreferredTagWithClass' has been explicitly marked deprecated here
  395 | UTTypeCopyPreferredTagWithClass(
      | ^
2 warnings generated.

CompileC /Users/antoniogrillo-balen/Library/Developer/Xcode/DerivedData/risebysolis-gzfsziqwziaggpcbgdowmssiasmi/Build/Intermediates.noindex/Pods.build/Debug-iphonesimulator/React-RCTImage.build/Objects-normal/arm64/RCTImageLoader.o /Users/antoniogrillo-balen/Desktop/Projects/RiseBuild/node_modules/react-native/Libraries/Image/RCTImageLoader.mm normal arm64 objective-c++ com.apple.compilers.llvm.clang.1_0.compiler (in target 'React-RCTImage' from project 'Pods')
    cd /Users/antoniogrillo-balen/Desktop/Projects/RiseBuild/ios/Pods
    
    Using response file: /Users/antoniogrillo-balen/Library/Developer/Xcode/DerivedData/risebysolis-gzfsziqwziaggpcbgdowmssiasmi/Build/Intermediates.noindex/Pods.build/Debug-iphonesimulator/React-RCTImage.build/Objects-normal/arm64/af3fcb34312c57c0f52879cdce924b91-common-args.resp
    
    /Applications/Xcode.app/Contents/Developer/Toolchains/XcodeDefault.xctoolchain/usr/bin/clang -x objective-c++ -ivfsstatcache /Users/antoniogrillo-balen/Library/Developer/Xcode/DerivedData/SDKStatCaches.noindex/iphonesimulator26.5-23F73-6cfe768891a92b912361537c460fe42b.sdkstatcache -target arm64-apple-ios15.1-simulator -fmessage-length\=0 -fdiagnostics-show-note-include-stack -fmacro-backtrace-limit\=0 -fno-color-diagnostics -fmodules-prune-interval\=86400 -fmodules-prune-after\=345600 -fbuild-session-file\=/Users/antoniogrillo-balen/Library/Developer/Xcode/DerivedData/ModuleCache.noindex/Session.modulevalidation -fmodules-validate-once-per-build-session -Wnon-modular-include-in-framework-module -Werror\=non-modular-include-in-framework-module -Wno-trigraphs -Wno-missing-field-initializers -Wno-missing-prototypes -Werror\=return-type -Wdocumentation -Wunreachable-code -Wno-implicit-atomic-properties -Werror\=deprecated-objc-isa-usage -Wno-objc-interface-ivars -Werror\=objc-root-class -Wno-arc-repeated-use-of-weak -Wimplicit-retain-self -Wno-non-virtual-dtor -Wno-overloaded-virtual -Wno-exit-time-destructors -Wduplicate-method-match -Wno-missing-braces -Wparentheses -Wswitch -Wunused-function -Wno-unused-label -Wno-unused-parameter -Wunused-variable -Wunused-value -Wempty-body -Wuninitialized -Wconditional-uninitialized -Wno-unknown-pragmas -Wno-shadow -Wno-four-char-constants -Wno-conversion -Wconstant-conversion -Wint-conversion -Wbool-conversion -Wenum-conversion -Wno-float-conversion -Wnon-literal-null-conversion -Wobjc-literal-conversion -Wshorten-64-to-32 -Wno-newline-eof -Wno-selector -Wno-strict-selector-match -Wundeclared-selector -Wdeprecated-implementations -Wno-c++11-extensions -Wno-implicit-fallthrough -isysroot /Applications/Xcode.app/Contents/Developer/Platforms/iPhoneSimulator.platform/Developer/SDKs/iPhoneSimulator26.5.sdk -fstrict-aliasing -Wprotocol -Wdeprecated-declarations -Winvalid-offsetof -Wno-sign-conversion -Winfinite-recursion -Wmove -Wcomma -Wblock-capture-autoreleasing -Wstrict-prototypes -Wrange-loop-analysis -Wno-semicolon-before-method-body -Wunguarded-availability -index-store-path /Users/antoniogrillo-balen/Library/Developer/Xcode/DerivedData/risebysolis-gzfsziqwziaggpcbgdowmssiasmi/Index.noindex/DataStore @/Users/antoniogrillo-balen/Library/Developer/Xcode/DerivedData/risebysolis-gzfsziqwziaggpcbgdowmssiasmi/Build/Intermediates.noindex/Pods.build/Debug-iphonesimulator/React-RCTImage.build/Objects-normal/arm64/af3fcb34312c57c0f52879cdce924b91-common-args.resp -DFOLLY_NO_CONFIG -DFOLLY_MOBILE\=1 -DFOLLY_USE_LIBCPP\=1 -DFOLLY_CFG_NO_COROUTINES\=1 -DFOLLY_HAVE_CLOCK_GETTIME\=1 -Wno-comma -Wno-shorten-64-to-32 -Wno-nullability-completeness -include /Users/antoniogrillo-balen/Desktop/Projects/RiseBuild/ios/Pods/Target\ Support\ Files/React-RCTImage/React-RCTImage-prefix.pch -MMD -MT dependencies -MF /Users/antoniogrillo-balen/Library/Developer/Xcode/DerivedData/risebysolis-gzfsziqwziaggpcbgdowmssiasmi/Build/Intermediates.noindex/Pods.build/Debug-iphonesimulator/React-RCTImage.build/Objects-normal/arm64/RCTImageLoader.d --serialize-diagnostics /Users/antoniogrillo-balen/Library/Developer/Xcode/DerivedData/risebysolis-gzfsziqwziaggpcbgdowmssiasmi/Build/Intermediates.noindex/Pods.build/Debug-iphonesimulator/React-RCTImage.build/Objects-normal/arm64/RCTImageLoader.dia -c /Users/antoniogrillo-balen/Desktop/Projects/RiseBuild/node_modules/react-native/Libraries/Image/RCTImageLoader.mm -o /Users/antoniogrillo-balen/Library/Developer/Xcode/DerivedData/risebysolis-gzfsziqwziaggpcbgdowmssiasmi/Build/Intermediates.noindex/Pods.build/Debug-iphonesimulator/React-RCTImage.build/Objects-normal/arm64/RCTImageLoader.o -index-unit-output-path /Pods.build/Debug-iphonesimulator/React-RCTImage.build/Objects-normal/arm64/RCTImageLoader.o
/Users/antoniogrillo-balen/Desktop/Projects/RiseBuild/node_modules/react-native/Libraries/Image/RCTImageLoader.mm:1252:50: warning: ISO C++ requires field designators to be specified in declaration order; field 'queryRootName' will be initialized after field 'surfaceId' [-Wreorder-init-list]
 1252 |                                     .surfaceId = (int)rootTag,
      |                                     ~~~~~~~~~~~~~^~~~~~~~~~~~
/Users/antoniogrillo-balen/Desktop/Projects/RiseBuild/node_modules/react-native/Libraries/Image/RCTImageLoader.mm:1251:54: note: previous initialization for field 'queryRootName' is here
 1251 |                                     .queryRootName = queryRootName ? [queryRootName UTF8String] : "",
      |                                                      ^~~~~~~~~~~~~~~~~~~~~~~~~~~~~~~~~~~~~~~~~~~~~~~
1 warning generated.

CompileC /Users/antoniogrillo-balen/Library/Developer/Xcode/DerivedData/risebysolis-gzfsziqwziaggpcbgdowmssiasmi/Build/Intermediates.noindex/Pods.build/Debug-iphonesimulator/React-RCTImage.build/Objects-normal/arm64/RCTImageEditingManager.o /Users/antoniogrillo-balen/Desktop/Projects/RiseBuild/node_modules/react-native/Libraries/Image/RCTImageEditingManager.mm normal arm64 objective-c++ com.apple.compilers.llvm.clang.1_0.compiler (in target 'React-RCTImage' from project 'Pods')
    cd /Users/antoniogrillo-balen/Desktop/Projects/RiseBuild/ios/Pods
    
    Using response file: /Users/antoniogrillo-balen/Library/Developer/Xcode/DerivedData/risebysolis-gzfsziqwziaggpcbgdowmssiasmi/Build/Intermediates.noindex/Pods.build/Debug-iphonesimulator/React-RCTImage.build/Objects-normal/arm64/af3fcb34312c57c0f52879cdce924b91-common-args.resp
    
    /Applications/Xcode.app/Contents/Developer/Toolchains/XcodeDefault.xctoolchain/usr/bin/clang -x objective-c++ -ivfsstatcache /Users/antoniogrillo-balen/Library/Developer/Xcode/DerivedData/SDKStatCaches.noindex/iphonesimulator26.5-23F73-6cfe768891a92b912361537c460fe42b.sdkstatcache -target arm64-apple-ios15.1-simulator -fmessage-length\=0 -fdiagnostics-show-note-include-stack -fmacro-backtrace-limit\=0 -fno-color-diagnostics -fmodules-prune-interval\=86400 -fmodules-prune-after\=345600 -fbuild-session-file\=/Users/antoniogrillo-balen/Library/Developer/Xcode/DerivedData/ModuleCache.noindex/Session.modulevalidation -fmodules-validate-once-per-build-session -Wnon-modular-include-in-framework-module -Werror\=non-modular-include-in-framework-module -Wno-trigraphs -Wno-missing-field-initializers -Wno-missing-prototypes -Werror\=return-type -Wdocumentation -Wunreachable-code -Wno-implicit-atomic-properties -Werror\=deprecated-objc-isa-usage -Wno-objc-interface-ivars -Werror\=objc-root-class -Wno-arc-repeated-use-of-weak -Wimplicit-retain-self -Wno-non-virtual-dtor -Wno-overloaded-virtual -Wno-exit-time-destructors -Wduplicate-method-match -Wno-missing-braces -Wparentheses -Wswitch -Wunused-function -Wno-unused-label -Wno-unused-parameter -Wunused-variable -Wunused-value -Wempty-body -Wuninitialized -Wconditional-uninitialized -Wno-unknown-pragmas -Wno-shadow -Wno-four-char-constants -Wno-conversion -Wconstant-conversion -Wint-conversion -Wbool-conversion -Wenum-conversion -Wno-float-conversion -Wnon-literal-null-conversion -Wobjc-literal-conversion -Wshorten-64-to-32 -Wno-newline-eof -Wno-selector -Wno-strict-selector-match -Wundeclared-selector -Wdeprecated-implementations -Wno-c++11-extensions -Wno-implicit-fallthrough -isysroot /Applications/Xcode.app/Contents/Developer/Platforms/iPhoneSimulator.platform/Developer/SDKs/iPhoneSimulator26.5.sdk -fstrict-aliasing -Wprotocol -Wdeprecated-declarations -Winvalid-offsetof -Wno-sign-conversion -Winfinite-recursion -Wmove -Wcomma -Wblock-capture-autoreleasing -Wstrict-prototypes -Wrange-loop-analysis -Wno-semicolon-before-method-body -Wunguarded-availability -index-store-path /Users/antoniogrillo-balen/Library/Developer/Xcode/DerivedData/risebysolis-gzfsziqwziaggpcbgdowmssiasmi/Index.noindex/DataStore @/Users/antoniogrillo-balen/Library/Developer/Xcode/DerivedData/risebysolis-gzfsziqwziaggpcbgdowmssiasmi/Build/Intermediates.noindex/Pods.build/Debug-iphonesimulator/React-RCTImage.build/Objects-normal/arm64/af3fcb34312c57c0f52879cdce924b91-common-args.resp -DFOLLY_NO_CONFIG -DFOLLY_MOBILE\=1 -DFOLLY_USE_LIBCPP\=1 -DFOLLY_CFG_NO_COROUTINES\=1 -DFOLLY_HAVE_CLOCK_GETTIME\=1 -Wno-comma -Wno-shorten-64-to-32 -Wno-nullability-completeness -include /Users/antoniogrillo-balen/Desktop/Projects/RiseBuild/ios/Pods/Target\ Support\ Files/React-RCTImage/React-RCTImage-prefix.pch -MMD -MT dependencies -MF /Users/antoniogrillo-balen/Library/Developer/Xcode/DerivedData/risebysolis-gzfsziqwziaggpcbgdowmssiasmi/Build/Intermediates.noindex/Pods.build/Debug-iphonesimulator/React-RCTImage.build/Objects-normal/arm64/RCTImageEditingManager.d --serialize-diagnostics /Users/antoniogrillo-balen/Library/Developer/Xcode/DerivedData/risebysolis-gzfsziqwziaggpcbgdowmssiasmi/Build/Intermediates.noindex/Pods.build/Debug-iphonesimulator/React-RCTImage.build/Objects-normal/arm64/RCTImageEditingManager.dia -c /Users/antoniogrillo-balen/Desktop/Projects/RiseBuild/node_modules/react-native/Libraries/Image/RCTImageEditingManager.mm -o /Users/antoniogrillo-balen/Library/Developer/Xcode/DerivedData/risebysolis-gzfsziqwziaggpcbgdowmssiasmi/Build/Intermediates.noindex/Pods.build/Debug-iphonesimulator/React-RCTImage.build/Objects-normal/arm64/RCTImageEditingManager.o -index-unit-output-path /Pods.build/Debug-iphonesimulator/React-RCTImage.build/Objects-normal/arm64/RCTImageEditingManager.o

Libtool /Users/antoniogrillo-balen/Library/Developer/Xcode/DerivedData/risebysolis-gzfsziqwziaggpcbgdowmssiasmi/Build/Products/Debug-iphonesimulator/React-RCTImage/RCTImage.framework/RCTImage normal (in target 'React-RCTImage' from project 'Pods')
    cd /Users/antoniogrillo-balen/Desktop/Projects/RiseBuild/ios/Pods
    /Applications/Xcode.app/Contents/Developer/Toolchains/XcodeDefault.xctoolchain/usr/bin/libtool -static -arch_only arm64 -D -syslibroot /Applications/Xcode.app/Contents/Developer/Platforms/iPhoneSimulator.platform/Developer/SDKs/iPhoneSimulator26.5.sdk -L/Users/antoniogrillo-balen/Library/Developer/Xcode/DerivedData/risebysolis-gzfsziqwziaggpcbgdowmssiasmi/Build/Products/Debug-iphonesimulator/React-RCTImage -filelist /Users/antoniogrillo-balen/Library/Developer/Xcode/DerivedData/risebysolis-gzfsziqwziaggpcbgdowmssiasmi/Build/Intermediates.noindex/Pods.build/Debug-iphonesimulator/React-RCTImage.build/Objects-normal/arm64/RCTImage.LinkFileList -dependency_info /Users/antoniogrillo-balen/Library/Developer/Xcode/DerivedData/risebysolis-gzfsziqwziaggpcbgdowmssiasmi/Build/Intermediates.noindex/Pods.build/Debug-iphonesimulator/React-RCTImage.build/Objects-normal/arm64/RCTImage_libtool_dependency_info.dat -o /Users/antoniogrillo-balen/Library/Developer/Xcode/DerivedData/risebysolis-gzfsziqwziaggpcbgdowmssiasmi/Build/Products/Debug-iphonesimulator/React-RCTImage/RCTImage.framework/RCTImage

CodeSign /Users/antoniogrillo-balen/Library/Developer/Xcode/DerivedData/risebysolis-gzfsziqwziaggpcbgdowmssiasmi/Build/Products/Debug-iphonesimulator/React-RCTImage/RCTImage.framework (in target 'React-RCTImage' from project 'Pods')
    cd /Users/antoniogrillo-balen/Desktop/Projects/RiseBuild/ios/Pods
    
    Signing Identity:     "Sign to Run Locally"
    
    /usr/bin/codesign --force --sign - --timestamp\=none --generate-entitlement-der /Users/antoniogrillo-balen/Library/Developer/Xcode/DerivedData/risebysolis-gzfsziqwziaggpcbgdowmssiasmi/Build/Products/Debug-iphonesimulator/React-RCTImage/RCTImage.framework
note: Signing static framework with --generate-pre-encrypt-hashes (in target 'React-RCTImage' from project 'Pods')
/Users/antoniogrillo-balen/Library/Developer/Xcode/DerivedData/risebysolis-gzfsziqwziaggpcbgdowmssiasmi/Build/Products/Debug-iphonesimulator/React-RCTImage/RCTImage.framework: replacing existing signature

ProcessInfoPlistFile /Users/antoniogrillo-balen/Library/Developer/Xcode/DerivedData/risebysolis-gzfsziqwziaggpcbgdowmssiasmi/Build/Products/Debug-iphonesimulator/React-CoreModules/CoreModules.framework/Info.plist /Users/antoniogrillo-balen/Desktop/Projects/RiseBuild/ios/Pods/Target\ Support\ Files/React-CoreModules/React-CoreModules-Info.plist (in target 'React-CoreModules' from project 'Pods')
    cd /Users/antoniogrillo-balen/Desktop/Projects/RiseBuild/ios/Pods
    builtin-infoPlistUtility /Users/antoniogrillo-balen/Desktop/Projects/RiseBuild/ios/Pods/Target\ Support\ Files/React-CoreModules/React-CoreModules-Info.plist -producttype com.apple.product-type.framework -expandbuildsettings -format binary -platform iphonesimulator -o /Users/antoniogrillo-balen/Library/Developer/Xcode/DerivedData/risebysolis-gzfsziqwziaggpcbgdowmssiasmi/Build/Products/Debug-iphonesimulator/React-CoreModules/CoreModules.framework/Info.plist

CompileC /Users/antoniogrillo-balen/Library/Developer/Xcode/DerivedData/risebysolis-gzfsziqwziaggpcbgdowmssiasmi/Build/Intermediates.noindex/Pods.build/Debug-iphonesimulator/React-CoreModules.build/Objects-normal/arm64/RCTAccessibilityManager.o /Users/antoniogrillo-balen/Desktop/Projects/RiseBuild/node_modules/react-native/React/CoreModules/RCTAccessibilityManager.mm normal arm64 objective-c++ com.apple.compilers.llvm.clang.1_0.compiler (in target 'React-CoreModules' from project 'Pods')
    cd /Users/antoniogrillo-balen/Desktop/Projects/RiseBuild/ios/Pods
    
    Using response file: /Users/antoniogrillo-balen/Library/Developer/Xcode/DerivedData/risebysolis-gzfsziqwziaggpcbgdowmssiasmi/Build/Intermediates.noindex/Pods.build/Debug-iphonesimulator/React-CoreModules.build/Objects-normal/arm64/af3fcb34312c57c0f52879cdce924b91-common-args.resp
    
    /Applications/Xcode.app/Contents/Developer/Toolchains/XcodeDefault.xctoolchain/usr/bin/clang -x objective-c++ -ivfsstatcache /Users/antoniogrillo-balen/Library/Developer/Xcode/DerivedData/SDKStatCaches.noindex/iphonesimulator26.5-23F73-6cfe768891a92b912361537c460fe42b.sdkstatcache -target arm64-apple-ios15.1-simulator -fmessage-length\=0 -fdiagnostics-show-note-include-stack -fmacro-backtrace-limit\=0 -fno-color-diagnostics -fmodules-prune-interval\=86400 -fmodules-prune-after\=345600 -fbuild-session-file\=/Users/antoniogrillo-balen/Library/Developer/Xcode/DerivedData/ModuleCache.noindex/Session.modulevalidation -fmodules-validate-once-per-build-session -Wnon-modular-include-in-framework-module -Werror\=non-modular-include-in-framework-module -Wno-trigraphs -Wno-missing-field-initializers -Wno-missing-prototypes -Werror\=return-type -Wdocumentation -Wunreachable-code -Wno-implicit-atomic-properties -Werror\=deprecated-objc-isa-usage -Wno-objc-interface-ivars -Werror\=objc-root-class -Wno-arc-repeated-use-of-weak -Wimplicit-retain-self -Wno-non-virtual-dtor -Wno-overloaded-virtual -Wno-exit-time-destructors -Wduplicate-method-match -Wno-missing-braces -Wparentheses -Wswitch -Wunused-function -Wno-unused-label -Wno-unused-parameter -Wunused-variable -Wunused-value -Wempty-body -Wuninitialized -Wconditional-uninitialized -Wno-unknown-pragmas -Wno-shadow -Wno-four-char-constants -Wno-conversion -Wconstant-conversion -Wint-conversion -Wbool-conversion -Wenum-conversion -Wno-float-conversion -Wnon-literal-null-conversion -Wobjc-literal-conversion -Wshorten-64-to-32 -Wno-newline-eof -Wno-selector -Wno-strict-selector-match -Wundeclared-selector -Wdeprecated-implementations -Wno-c++11-extensions -Wno-implicit-fallthrough -isysroot /Applications/Xcode.app/Contents/Developer/Platforms/iPhoneSimulator.platform/Developer/SDKs/iPhoneSimulator26.5.sdk -fstrict-aliasing -Wprotocol -Wdeprecated-declarations -Winvalid-offsetof -Wno-sign-conversion -Winfinite-recursion -Wmove -Wcomma -Wblock-capture-autoreleasing -Wstrict-prototypes -Wrange-loop-analysis -Wno-semicolon-before-method-body -Wunguarded-availability -index-store-path /Users/antoniogrillo-balen/Library/Developer/Xcode/DerivedData/risebysolis-gzfsziqwziaggpcbgdowmssiasmi/Index.noindex/DataStore -Wno-comma -Wno-shorten-64-to-32 @/Users/antoniogrillo-balen/Library/Developer/Xcode/DerivedData/risebysolis-gzfsziqwziaggpcbgdowmssiasmi/Build/Intermediates.noindex/Pods.build/Debug-iphonesimulator/React-CoreModules.build/Objects-normal/arm64/af3fcb34312c57c0f52879cdce924b91-common-args.resp -DFOLLY_NO_CONFIG -DFOLLY_MOBILE\=1 -DFOLLY_USE_LIBCPP\=1 -DFOLLY_CFG_NO_COROUTINES\=1 -DFOLLY_HAVE_CLOCK_GETTIME\=1 -Wno-comma -Wno-shorten-64-to-32 -Wno-nullability-completeness -include /Users/antoniogrillo-balen/Desktop/Projects/RiseBuild/ios/Pods/Target\ Support\ Files/React-CoreModules/React-CoreModules-prefix.pch -MMD -MT dependencies -MF /Users/antoniogrillo-balen/Library/Developer/Xcode/DerivedData/risebysolis-gzfsziqwziaggpcbgdowmssiasmi/Build/Intermediates.noindex/Pods.build/Debug-iphonesimulator/React-CoreModules.build/Objects-normal/arm64/RCTAccessibilityManager.d --serialize-diagnostics /Users/antoniogrillo-balen/Library/Developer/Xcode/DerivedData/risebysolis-gzfsziqwziaggpcbgdowmssiasmi/Build/Intermediates.noindex/Pods.build/Debug-iphonesimulator/React-CoreModules.build/Objects-normal/arm64/RCTAccessibilityManager.dia -c /Users/antoniogrillo-balen/Desktop/Projects/RiseBuild/node_modules/react-native/React/CoreModules/RCTAccessibilityManager.mm -o /Users/antoniogrillo-balen/Library/Developer/Xcode/DerivedData/risebysolis-gzfsziqwziaggpcbgdowmssiasmi/Build/Intermediates.noindex/Pods.build/Debug-iphonesimulator/React-CoreModules.build/Objects-normal/arm64/RCTAccessibilityManager.o -index-unit-output-path /Pods.build/Debug-iphonesimulator/React-CoreModules.build/Objects-normal/arm64/RCTAccessibilityManager.o

CompileC /Users/antoniogrillo-balen/Library/Developer/Xcode/DerivedData/risebysolis-gzfsziqwziaggpcbgdowmssiasmi/Build/Intermediates.noindex/Pods.build/Debug-iphonesimulator/React-CoreModules.build/Objects-normal/arm64/RCTDevLoadingView.o /Users/antoniogrillo-balen/Desktop/Projects/RiseBuild/node_modules/react-native/React/CoreModules/RCTDevLoadingView.mm normal arm64 objective-c++ com.apple.compilers.llvm.clang.1_0.compiler (in target 'React-CoreModules' from project 'Pods')
    cd /Users/antoniogrillo-balen/Desktop/Projects/RiseBuild/ios/Pods
    
    Using response file: /Users/antoniogrillo-balen/Library/Developer/Xcode/DerivedData/risebysolis-gzfsziqwziaggpcbgdowmssiasmi/Build/Intermediates.noindex/Pods.build/Debug-iphonesimulator/React-CoreModules.build/Objects-normal/arm64/af3fcb34312c57c0f52879cdce924b91-common-args.resp
    
    /Applications/Xcode.app/Contents/Developer/Toolchains/XcodeDefault.xctoolchain/usr/bin/clang -x objective-c++ -ivfsstatcache /Users/antoniogrillo-balen/Library/Developer/Xcode/DerivedData/SDKStatCaches.noindex/iphonesimulator26.5-23F73-6cfe768891a92b912361537c460fe42b.sdkstatcache -target arm64-apple-ios15.1-simulator -fmessage-length\=0 -fdiagnostics-show-note-include-stack -fmacro-backtrace-limit\=0 -fno-color-diagnostics -fmodules-prune-interval\=86400 -fmodules-prune-after\=345600 -fbuild-session-file\=/Users/antoniogrillo-balen/Library/Developer/Xcode/DerivedData/ModuleCache.noindex/Session.modulevalidation -fmodules-validate-once-per-build-session -Wnon-modular-include-in-framework-module -Werror\=non-modular-include-in-framework-module -Wno-trigraphs -Wno-missing-field-initializers -Wno-missing-prototypes -Werror\=return-type -Wdocumentation -Wunreachable-code -Wno-implicit-atomic-properties -Werror\=deprecated-objc-isa-usage -Wno-objc-interface-ivars -Werror\=objc-root-class -Wno-arc-repeated-use-of-weak -Wimplicit-retain-self -Wno-non-virtual-dtor -Wno-overloaded-virtual -Wno-exit-time-destructors -Wduplicate-method-match -Wno-missing-braces -Wparentheses -Wswitch -Wunused-function -Wno-unused-label -Wno-unused-parameter -Wunused-variable -Wunused-value -Wempty-body -Wuninitialized -Wconditional-uninitialized -Wno-unknown-pragmas -Wno-shadow -Wno-four-char-constants -Wno-conversion -Wconstant-conversion -Wint-conversion -Wbool-conversion -Wenum-conversion -Wno-float-conversion -Wnon-literal-null-conversion -Wobjc-literal-conversion -Wshorten-64-to-32 -Wno-newline-eof -Wno-selector -Wno-strict-selector-match -Wundeclared-selector -Wdeprecated-implementations -Wno-c++11-extensions -Wno-implicit-fallthrough -isysroot /Applications/Xcode.app/Contents/Developer/Platforms/iPhoneSimulator.platform/Developer/SDKs/iPhoneSimulator26.5.sdk -fstrict-aliasing -Wprotocol -Wdeprecated-declarations -Winvalid-offsetof -Wno-sign-conversion -Winfinite-recursion -Wmove -Wcomma -Wblock-capture-autoreleasing -Wstrict-prototypes -Wrange-loop-analysis -Wno-semicolon-before-method-body -Wunguarded-availability -index-store-path /Users/antoniogrillo-balen/Library/Developer/Xcode/DerivedData/risebysolis-gzfsziqwziaggpcbgdowmssiasmi/Index.noindex/DataStore -Wno-comma -Wno-shorten-64-to-32 @/Users/antoniogrillo-balen/Library/Developer/Xcode/DerivedData/risebysolis-gzfsziqwziaggpcbgdowmssiasmi/Build/Intermediates.noindex/Pods.build/Debug-iphonesimulator/React-CoreModules.build/Objects-normal/arm64/af3fcb34312c57c0f52879cdce924b91-common-args.resp -DFOLLY_NO_CONFIG -DFOLLY_MOBILE\=1 -DFOLLY_USE_LIBCPP\=1 -DFOLLY_CFG_NO_COROUTINES\=1 -DFOLLY_HAVE_CLOCK_GETTIME\=1 -Wno-comma -Wno-shorten-64-to-32 -Wno-nullability-completeness -include /Users/antoniogrillo-balen/Desktop/Projects/RiseBuild/ios/Pods/Target\ Support\ Files/React-CoreModules/React-CoreModules-prefix.pch -MMD -MT dependencies -MF /Users/antoniogrillo-balen/Library/Developer/Xcode/DerivedData/risebysolis-gzfsziqwziaggpcbgdowmssiasmi/Build/Intermediates.noindex/Pods.build/Debug-iphonesimulator/React-CoreModules.build/Objects-normal/arm64/RCTDevLoadingView.d --serialize-diagnostics /Users/antoniogrillo-balen/Library/Developer/Xcode/DerivedData/risebysolis-gzfsziqwziaggpcbgdowmssiasmi/Build/Intermediates.noindex/Pods.build/Debug-iphonesimulator/React-CoreModules.build/Objects-normal/arm64/RCTDevLoadingView.dia -c /Users/antoniogrillo-balen/Desktop/Projects/RiseBuild/node_modules/react-native/React/CoreModules/RCTDevLoadingView.mm -o /Users/antoniogrillo-balen/Library/Developer/Xcode/DerivedData/risebysolis-gzfsziqwziaggpcbgdowmssiasmi/Build/Intermediates.noindex/Pods.build/Debug-iphonesimulator/React-CoreModules.build/Objects-normal/arm64/RCTDevLoadingView.o -index-unit-output-path /Pods.build/Debug-iphonesimulator/React-CoreModules.build/Objects-normal/arm64/RCTDevLoadingView.o

CompileC /Users/antoniogrillo-balen/Library/Developer/Xcode/DerivedData/risebysolis-gzfsziqwziaggpcbgdowmssiasmi/Build/Intermediates.noindex/Pods.build/Debug-iphonesimulator/React-CoreModules.build/Objects-normal/arm64/RCTDevSettings.o /Users/antoniogrillo-balen/Desktop/Projects/RiseBuild/node_modules/react-native/React/CoreModules/RCTDevSettings.mm normal arm64 objective-c++ com.apple.compilers.llvm.clang.1_0.compiler (in target 'React-CoreModules' from project 'Pods')
    cd /Users/antoniogrillo-balen/Desktop/Projects/RiseBuild/ios/Pods
    
    Using response file: /Users/antoniogrillo-balen/Library/Developer/Xcode/DerivedData/risebysolis-gzfsziqwziaggpcbgdowmssiasmi/Build/Intermediates.noindex/Pods.build/Debug-iphonesimulator/React-CoreModules.build/Objects-normal/arm64/af3fcb34312c57c0f52879cdce924b91-common-args.resp
    
    /Applications/Xcode.app/Contents/Developer/Toolchains/XcodeDefault.xctoolchain/usr/bin/clang -x objective-c++ -ivfsstatcache /Users/antoniogrillo-balen/Library/Developer/Xcode/DerivedData/SDKStatCaches.noindex/iphonesimulator26.5-23F73-6cfe768891a92b912361537c460fe42b.sdkstatcache -target arm64-apple-ios15.1-simulator -fmessage-length\=0 -fdiagnostics-show-note-include-stack -fmacro-backtrace-limit\=0 -fno-color-diagnostics -fmodules-prune-interval\=86400 -fmodules-prune-after\=345600 -fbuild-session-file\=/Users/antoniogrillo-balen/Library/Developer/Xcode/DerivedData/ModuleCache.noindex/Session.modulevalidation -fmodules-validate-once-per-build-session -Wnon-modular-include-in-framework-module -Werror\=non-modular-include-in-framework-module -Wno-trigraphs -Wno-missing-field-initializers -Wno-missing-prototypes -Werror\=return-type -Wdocumentation -Wunreachable-code -Wno-implicit-atomic-properties -Werror\=deprecated-objc-isa-usage -Wno-objc-interface-ivars -Werror\=objc-root-class -Wno-arc-repeated-use-of-weak -Wimplicit-retain-self -Wno-non-virtual-dtor -Wno-overloaded-virtual -Wno-exit-time-destructors -Wduplicate-method-match -Wno-missing-braces -Wparentheses -Wswitch -Wunused-function -Wno-unused-label -Wno-unused-parameter -Wunused-variable -Wunused-value -Wempty-body -Wuninitialized -Wconditional-uninitialized -Wno-unknown-pragmas -Wno-shadow -Wno-four-char-constants -Wno-conversion -Wconstant-conversion -Wint-conversion -Wbool-conversion -Wenum-conversion -Wno-float-conversion -Wnon-literal-null-conversion -Wobjc-literal-conversion -Wshorten-64-to-32 -Wno-newline-eof -Wno-selector -Wno-strict-selector-match -Wundeclared-selector -Wdeprecated-implementations -Wno-c++11-extensions -Wno-implicit-fallthrough -isysroot /Applications/Xcode.app/Contents/Developer/Platforms/iPhoneSimulator.platform/Developer/SDKs/iPhoneSimulator26.5.sdk -fstrict-aliasing -Wprotocol -Wdeprecated-declarations -Winvalid-offsetof -Wno-sign-conversion -Winfinite-recursion -Wmove -Wcomma -Wblock-capture-autoreleasing -Wstrict-prototypes -Wrange-loop-analysis -Wno-semicolon-before-method-body -Wunguarded-availability -index-store-path /Users/antoniogrillo-balen/Library/Developer/Xcode/DerivedData/risebysolis-gzfsziqwziaggpcbgdowmssiasmi/Index.noindex/DataStore -Wno-comma -Wno-shorten-64-to-32 @/Users/antoniogrillo-balen/Library/Developer/Xcode/DerivedData/risebysolis-gzfsziqwziaggpcbgdowmssiasmi/Build/Intermediates.noindex/Pods.build/Debug-iphonesimulator/React-CoreModules.build/Objects-normal/arm64/af3fcb34312c57c0f52879cdce924b91-common-args.resp -DFOLLY_NO_CONFIG -DFOLLY_MOBILE\=1 -DFOLLY_USE_LIBCPP\=1 -DFOLLY_CFG_NO_COROUTINES\=1 -DFOLLY_HAVE_CLOCK_GETTIME\=1 -Wno-comma -Wno-shorten-64-to-32 -Wno-nullability-completeness -include /Users/antoniogrillo-balen/Desktop/Projects/RiseBuild/ios/Pods/Target\ Support\ Files/React-CoreModules/React-CoreModules-prefix.pch -MMD -MT dependencies -MF /Users/antoniogrillo-balen/Library/Developer/Xcode/DerivedData/risebysolis-gzfsziqwziaggpcbgdowmssiasmi/Build/Intermediates.noindex/Pods.build/Debug-iphonesimulator/React-CoreModules.build/Objects-normal/arm64/RCTDevSettings.d --serialize-diagnostics /Users/antoniogrillo-balen/Library/Developer/Xcode/DerivedData/risebysolis-gzfsziqwziaggpcbgdowmssiasmi/Build/Intermediates.noindex/Pods.build/Debug-iphonesimulator/React-CoreModules.build/Objects-normal/arm64/RCTDevSettings.dia -c /Users/antoniogrillo-balen/Desktop/Projects/RiseBuild/node_modules/react-native/React/CoreModules/RCTDevSettings.mm -o /Users/antoniogrillo-balen/Library/Developer/Xcode/DerivedData/risebysolis-gzfsziqwziaggpcbgdowmssiasmi/Build/Intermediates.noindex/Pods.build/Debug-iphonesimulator/React-CoreModules.build/Objects-normal/arm64/RCTDevSettings.o -index-unit-output-path /Pods.build/Debug-iphonesimulator/React-CoreModules.build/Objects-normal/arm64/RCTDevSettings.o

CompileC /Users/antoniogrillo-balen/Library/Developer/Xcode/DerivedData/risebysolis-gzfsziqwziaggpcbgdowmssiasmi/Build/Intermediates.noindex/Pods.build/Debug-iphonesimulator/React-CoreModules.build/Objects-normal/arm64/RCTDevMenu.o /Users/antoniogrillo-balen/Desktop/Projects/RiseBuild/node_modules/react-native/React/CoreModules/RCTDevMenu.mm normal arm64 objective-c++ com.apple.compilers.llvm.clang.1_0.compiler (in target 'React-CoreModules' from project 'Pods')
    cd /Users/antoniogrillo-balen/Desktop/Projects/RiseBuild/ios/Pods
    
    Using response file: /Users/antoniogrillo-balen/Library/Developer/Xcode/DerivedData/risebysolis-gzfsziqwziaggpcbgdowmssiasmi/Build/Intermediates.noindex/Pods.build/Debug-iphonesimulator/React-CoreModules.build/Objects-normal/arm64/af3fcb34312c57c0f52879cdce924b91-common-args.resp
    
    /Applications/Xcode.app/Contents/Developer/Toolchains/XcodeDefault.xctoolchain/usr/bin/clang -x objective-c++ -ivfsstatcache /Users/antoniogrillo-balen/Library/Developer/Xcode/DerivedData/SDKStatCaches.noindex/iphonesimulator26.5-23F73-6cfe768891a92b912361537c460fe42b.sdkstatcache -target arm64-apple-ios15.1-simulator -fmessage-length\=0 -fdiagnostics-show-note-include-stack -fmacro-backtrace-limit\=0 -fno-color-diagnostics -fmodules-prune-interval\=86400 -fmodules-prune-after\=345600 -fbuild-session-file\=/Users/antoniogrillo-balen/Library/Developer/Xcode/DerivedData/ModuleCache.noindex/Session.modulevalidation -fmodules-validate-once-per-build-session -Wnon-modular-include-in-framework-module -Werror\=non-modular-include-in-framework-module -Wno-trigraphs -Wno-missing-field-initializers -Wno-missing-prototypes -Werror\=return-type -Wdocumentation -Wunreachable-code -Wno-implicit-atomic-properties -Werror\=deprecated-objc-isa-usage -Wno-objc-interface-ivars -Werror\=objc-root-class -Wno-arc-repeated-use-of-weak -Wimplicit-retain-self -Wno-non-virtual-dtor -Wno-overloaded-virtual -Wno-exit-time-destructors -Wduplicate-method-match -Wno-missing-braces -Wparentheses -Wswitch -Wunused-function -Wno-unused-label -Wno-unused-parameter -Wunused-variable -Wunused-value -Wempty-body -Wuninitialized -Wconditional-uninitialized -Wno-unknown-pragmas -Wno-shadow -Wno-four-char-constants -Wno-conversion -Wconstant-conversion -Wint-conversion -Wbool-conversion -Wenum-conversion -Wno-float-conversion -Wnon-literal-null-conversion -Wobjc-literal-conversion -Wshorten-64-to-32 -Wno-newline-eof -Wno-selector -Wno-strict-selector-match -Wundeclared-selector -Wdeprecated-implementations -Wno-c++11-extensions -Wno-implicit-fallthrough -isysroot /Applications/Xcode.app/Contents/Developer/Platforms/iPhoneSimulator.platform/Developer/SDKs/iPhoneSimulator26.5.sdk -fstrict-aliasing -Wprotocol -Wdeprecated-declarations -Winvalid-offsetof -Wno-sign-conversion -Winfinite-recursion -Wmove -Wcomma -Wblock-capture-autoreleasing -Wstrict-prototypes -Wrange-loop-analysis -Wno-semicolon-before-method-body -Wunguarded-availability -index-store-path /Users/antoniogrillo-balen/Library/Developer/Xcode/DerivedData/risebysolis-gzfsziqwziaggpcbgdowmssiasmi/Index.noindex/DataStore -Wno-comma -Wno-shorten-64-to-32 @/Users/antoniogrillo-balen/Library/Developer/Xcode/DerivedData/risebysolis-gzfsziqwziaggpcbgdowmssiasmi/Build/Intermediates.noindex/Pods.build/Debug-iphonesimulator/React-CoreModules.build/Objects-normal/arm64/af3fcb34312c57c0f52879cdce924b91-common-args.resp -DFOLLY_NO_CONFIG -DFOLLY_MOBILE\=1 -DFOLLY_USE_LIBCPP\=1 -DFOLLY_CFG_NO_COROUTINES\=1 -DFOLLY_HAVE_CLOCK_GETTIME\=1 -Wno-comma -Wno-shorten-64-to-32 -Wno-nullability-completeness -include /Users/antoniogrillo-balen/Desktop/Projects/RiseBuild/ios/Pods/Target\ Support\ Files/React-CoreModules/React-CoreModules-prefix.pch -MMD -MT dependencies -MF /Users/antoniogrillo-balen/Library/Developer/Xcode/DerivedData/risebysolis-gzfsziqwziaggpcbgdowmssiasmi/Build/Intermediates.noindex/Pods.build/Debug-iphonesimulator/React-CoreModules.build/Objects-normal/arm64/RCTDevMenu.d --serialize-diagnostics /Users/antoniogrillo-balen/Library/Developer/Xcode/DerivedData/risebysolis-gzfsziqwziaggpcbgdowmssiasmi/Build/Intermediates.noindex/Pods.build/Debug-iphonesimulator/React-CoreModules.build/Objects-normal/arm64/RCTDevMenu.dia -c /Users/antoniogrillo-balen/Desktop/Projects/RiseBuild/node_modules/react-native/React/CoreModules/RCTDevMenu.mm -o /Users/antoniogrillo-balen/Library/Developer/Xcode/DerivedData/risebysolis-gzfsziqwziaggpcbgdowmssiasmi/Build/Intermediates.noindex/Pods.build/Debug-iphonesimulator/React-CoreModules.build/Objects-normal/arm64/RCTDevMenu.o -index-unit-output-path /Pods.build/Debug-iphonesimulator/React-CoreModules.build/Objects-normal/arm64/RCTDevMenu.o
/Users/antoniogrillo-balen/Desktop/Projects/RiseBuild/node_modules/react-native/React/CoreModules/RCTDevMenu.mm:206:54: warning: 'windows' is deprecated: first deprecated in iOS 15.0 - Use UIWindowScene.windows on a relevant window scene instead [-Wdeprecated-declarations]
  206 |     for (UIWindow *window in [RCTSharedApplication() windows]) {
      |                                                      ^
In file included from <built-in>:1:
In file included from /Users/antoniogrillo-balen/Desktop/Projects/RiseBuild/ios/Pods/Target Support Files/React-CoreModules/React-CoreModules-prefix.pch:2:
In file included from /Applications/Xcode.app/Contents/Developer/Platforms/iPhoneSimulator.platform/Developer/SDKs/iPhoneSimulator26.5.sdk/System/Library/Frameworks/UIKit.framework/Headers/UIKit.h:9:
In file included from /Applications/Xcode.app/Contents/Developer/Platforms/iPhoneSimulator.platform/Developer/SDKs/iPhoneSimulator26.5.sdk/System/Library/Frameworks/UIKit.framework/Headers/UIKitCore.h:34:
In file included from /Applications/Xcode.app/Contents/Developer/Platforms/iPhoneSimulator.platform/Developer/SDKs/iPhoneSimulator26.5.sdk/System/Library/Frameworks/UIKit.framework/Headers/UIAccessibility.h:20:
In file included from /Applications/Xcode.app/Contents/Developer/Platforms/iPhoneSimulator.platform/Developer/SDKs/iPhoneSimulator26.5.sdk/System/Library/Frameworks/UIKit.framework/Headers/UIAccessibilityElement.h:12:
In file included from /Applications/Xcode.app/Contents/Developer/Platforms/iPhoneSimulator.platform/Developer/SDKs/iPhoneSimulator26.5.sdk/System/Library/Frameworks/UIKit.framework/Headers/UIAccessibilityIdentification.h:13:
In file included from /Applications/Xcode.app/Contents/Developer/Platforms/iPhoneSimulator.platform/Developer/SDKs/iPhoneSimulator26.5.sdk/System/Library/Frameworks/UIKit.framework/Headers/UIAlertController.h:9:
In file included from /Applications/Xcode.app/Contents/Developer/Platforms/iPhoneSimulator.platform/Developer/SDKs/iPhoneSimulator26.5.sdk/System/Library/Frameworks/UIKit.framework/Headers/UIViewController.h:12:
/Applications/Xcode.app/Contents/Developer/Platforms/iPhoneSimulator.platform/Developer/SDKs/iPhoneSimulator26.5.sdk/System/Library/Frameworks/UIKit.framework/Headers/UIApplication.h:109:62: note: property 'windows' is declared deprecated here
  109 | @property(nonatomic,readonly) NSArray<__kindof UIWindow *>  *windows API_DEPRECATED("Use UIWindowScene.windows on a relevant window scene instead", ios(2.0, 15.0), visionos(1.0, 1.0)) API_UNAVAILABLE(watchos);
      |                                                              ^
/Applications/Xcode.app/Contents/Developer/Platforms/iPhoneSimulator.platform/Developer/SDKs/iPhoneSimulator26.5.sdk/System/Library/Frameworks/UIKit.framework/Headers/UIApplication.h:109:62: note: 'windows' has been explicitly marked deprecated here
1 warning generated.

CompileC /Users/antoniogrillo-balen/Library/Developer/Xcode/DerivedData/risebysolis-gzfsziqwziaggpcbgdowmssiasmi/Build/Intermediates.noindex/Pods.build/Debug-iphonesimulator/React-CoreModules.build/Objects-normal/arm64/RCTClipboard.o /Users/antoniogrillo-balen/Desktop/Projects/RiseBuild/node_modules/react-native/React/CoreModules/RCTClipboard.mm normal arm64 objective-c++ com.apple.compilers.llvm.clang.1_0.compiler (in target 'React-CoreModules' from project 'Pods')
    cd /Users/antoniogrillo-balen/Desktop/Projects/RiseBuild/ios/Pods
    
    Using response file: /Users/antoniogrillo-balen/Library/Developer/Xcode/DerivedData/risebysolis-gzfsziqwziaggpcbgdowmssiasmi/Build/Intermediates.noindex/Pods.build/Debug-iphonesimulator/React-CoreModules.build/Objects-normal/arm64/af3fcb34312c57c0f52879cdce924b91-common-args.resp
    
    /Applications/Xcode.app/Contents/Developer/Toolchains/XcodeDefault.xctoolchain/usr/bin/clang -x objective-c++ -ivfsstatcache /Users/antoniogrillo-balen/Library/Developer/Xcode/DerivedData/SDKStatCaches.noindex/iphonesimulator26.5-23F73-6cfe768891a92b912361537c460fe42b.sdkstatcache -target arm64-apple-ios15.1-simulator -fmessage-length\=0 -fdiagnostics-show-note-include-stack -fmacro-backtrace-limit\=0 -fno-color-diagnostics -fmodules-prune-interval\=86400 -fmodules-prune-after\=345600 -fbuild-session-file\=/Users/antoniogrillo-balen/Library/Developer/Xcode/DerivedData/ModuleCache.noindex/Session.modulevalidation -fmodules-validate-once-per-build-session -Wnon-modular-include-in-framework-module -Werror\=non-modular-include-in-framework-module -Wno-trigraphs -Wno-missing-field-initializers -Wno-missing-prototypes -Werror\=return-type -Wdocumentation -Wunreachable-code -Wno-implicit-atomic-properties -Werror\=deprecated-objc-isa-usage -Wno-objc-interface-ivars -Werror\=objc-root-class -Wno-arc-repeated-use-of-weak -Wimplicit-retain-self -Wno-non-virtual-dtor -Wno-overloaded-virtual -Wno-exit-time-destructors -Wduplicate-method-match -Wno-missing-braces -Wparentheses -Wswitch -Wunused-function -Wno-unused-label -Wno-unused-parameter -Wunused-variable -Wunused-value -Wempty-body -Wuninitialized -Wconditional-uninitialized -Wno-unknown-pragmas -Wno-shadow -Wno-four-char-constants -Wno-conversion -Wconstant-conversion -Wint-conversion -Wbool-conversion -Wenum-conversion -Wno-float-conversion -Wnon-literal-null-conversion -Wobjc-literal-conversion -Wshorten-64-to-32 -Wno-newline-eof -Wno-selector -Wno-strict-selector-match -Wundeclared-selector -Wdeprecated-implementations -Wno-c++11-extensions -Wno-implicit-fallthrough -isysroot /Applications/Xcode.app/Contents/Developer/Platforms/iPhoneSimulator.platform/Developer/SDKs/iPhoneSimulator26.5.sdk -fstrict-aliasing -Wprotocol -Wdeprecated-declarations -Winvalid-offsetof -Wno-sign-conversion -Winfinite-recursion -Wmove -Wcomma -Wblock-capture-autoreleasing -Wstrict-prototypes -Wrange-loop-analysis -Wno-semicolon-before-method-body -Wunguarded-availability -index-store-path /Users/antoniogrillo-balen/Library/Developer/Xcode/DerivedData/risebysolis-gzfsziqwziaggpcbgdowmssiasmi/Index.noindex/DataStore -Wno-comma -Wno-shorten-64-to-32 @/Users/antoniogrillo-balen/Library/Developer/Xcode/DerivedData/risebysolis-gzfsziqwziaggpcbgdowmssiasmi/Build/Intermediates.noindex/Pods.build/Debug-iphonesimulator/React-CoreModules.build/Objects-normal/arm64/af3fcb34312c57c0f52879cdce924b91-common-args.resp -DFOLLY_NO_CONFIG -DFOLLY_MOBILE\=1 -DFOLLY_USE_LIBCPP\=1 -DFOLLY_CFG_NO_COROUTINES\=1 -DFOLLY_HAVE_CLOCK_GETTIME\=1 -Wno-comma -Wno-shorten-64-to-32 -Wno-nullability-completeness -include /Users/antoniogrillo-balen/Desktop/Projects/RiseBuild/ios/Pods/Target\ Support\ Files/React-CoreModules/React-CoreModules-prefix.pch -MMD -MT dependencies -MF /Users/antoniogrillo-balen/Library/Developer/Xcode/DerivedData/risebysolis-gzfsziqwziaggpcbgdowmssiasmi/Build/Intermediates.noindex/Pods.build/Debug-iphonesimulator/React-CoreModules.build/Objects-normal/arm64/RCTClipboard.d --serialize-diagnostics /Users/antoniogrillo-balen/Library/Developer/Xcode/DerivedData/risebysolis-gzfsziqwziaggpcbgdowmssiasmi/Build/Intermediates.noindex/Pods.build/Debug-iphonesimulator/React-CoreModules.build/Objects-normal/arm64/RCTClipboard.dia -c /Users/antoniogrillo-balen/Desktop/Projects/RiseBuild/node_modules/react-native/React/CoreModules/RCTClipboard.mm -o /Users/antoniogrillo-balen/Library/Developer/Xcode/DerivedData/risebysolis-gzfsziqwziaggpcbgdowmssiasmi/Build/Intermediates.noindex/Pods.build/Debug-iphonesimulator/React-CoreModules.build/Objects-normal/arm64/RCTClipboard.o -index-unit-output-path /Pods.build/Debug-iphonesimulator/React-CoreModules.build/Objects-normal/arm64/RCTClipboard.o

CompileC /Users/antoniogrillo-balen/Library/Developer/Xcode/DerivedData/risebysolis-gzfsziqwziaggpcbgdowmssiasmi/Build/Intermediates.noindex/Pods.build/Debug-iphonesimulator/React-CoreModules.build/Objects-normal/arm64/RCTAppearance.o /Users/antoniogrillo-balen/Desktop/Projects/RiseBuild/node_modules/react-native/React/CoreModules/RCTAppearance.mm normal arm64 objective-c++ com.apple.compilers.llvm.clang.1_0.compiler (in target 'React-CoreModules' from project 'Pods')
    cd /Users/antoniogrillo-balen/Desktop/Projects/RiseBuild/ios/Pods
    
    Using response file: /Users/antoniogrillo-balen/Library/Developer/Xcode/DerivedData/risebysolis-gzfsziqwziaggpcbgdowmssiasmi/Build/Intermediates.noindex/Pods.build/Debug-iphonesimulator/React-CoreModules.build/Objects-normal/arm64/af3fcb34312c57c0f52879cdce924b91-common-args.resp
    
    /Applications/Xcode.app/Contents/Developer/Toolchains/XcodeDefault.xctoolchain/usr/bin/clang -x objective-c++ -ivfsstatcache /Users/antoniogrillo-balen/Library/Developer/Xcode/DerivedData/SDKStatCaches.noindex/iphonesimulator26.5-23F73-6cfe768891a92b912361537c460fe42b.sdkstatcache -target arm64-apple-ios15.1-simulator -fmessage-length\=0 -fdiagnostics-show-note-include-stack -fmacro-backtrace-limit\=0 -fno-color-diagnostics -fmodules-prune-interval\=86400 -fmodules-prune-after\=345600 -fbuild-session-file\=/Users/antoniogrillo-balen/Library/Developer/Xcode/DerivedData/ModuleCache.noindex/Session.modulevalidation -fmodules-validate-once-per-build-session -Wnon-modular-include-in-framework-module -Werror\=non-modular-include-in-framework-module -Wno-trigraphs -Wno-missing-field-initializers -Wno-missing-prototypes -Werror\=return-type -Wdocumentation -Wunreachable-code -Wno-implicit-atomic-properties -Werror\=deprecated-objc-isa-usage -Wno-objc-interface-ivars -Werror\=objc-root-class -Wno-arc-repeated-use-of-weak -Wimplicit-retain-self -Wno-non-virtual-dtor -Wno-overloaded-virtual -Wno-exit-time-destructors -Wduplicate-method-match -Wno-missing-braces -Wparentheses -Wswitch -Wunused-function -Wno-unused-label -Wno-unused-parameter -Wunused-variable -Wunused-value -Wempty-body -Wuninitialized -Wconditional-uninitialized -Wno-unknown-pragmas -Wno-shadow -Wno-four-char-constants -Wno-conversion -Wconstant-conversion -Wint-conversion -Wbool-conversion -Wenum-conversion -Wno-float-conversion -Wnon-literal-null-conversion -Wobjc-literal-conversion -Wshorten-64-to-32 -Wno-newline-eof -Wno-selector -Wno-strict-selector-match -Wundeclared-selector -Wdeprecated-implementations -Wno-c++11-extensions -Wno-implicit-fallthrough -isysroot /Applications/Xcode.app/Contents/Developer/Platforms/iPhoneSimulator.platform/Developer/SDKs/iPhoneSimulator26.5.sdk -fstrict-aliasing -Wprotocol -Wdeprecated-declarations -Winvalid-offsetof -Wno-sign-conversion -Winfinite-recursion -Wmove -Wcomma -Wblock-capture-autoreleasing -Wstrict-prototypes -Wrange-loop-analysis -Wno-semicolon-before-method-body -Wunguarded-availability -index-store-path /Users/antoniogrillo-balen/Library/Developer/Xcode/DerivedData/risebysolis-gzfsziqwziaggpcbgdowmssiasmi/Index.noindex/DataStore -Wno-comma -Wno-shorten-64-to-32 @/Users/antoniogrillo-balen/Library/Developer/Xcode/DerivedData/risebysolis-gzfsziqwziaggpcbgdowmssiasmi/Build/Intermediates.noindex/Pods.build/Debug-iphonesimulator/React-CoreModules.build/Objects-normal/arm64/af3fcb34312c57c0f52879cdce924b91-common-args.resp -DFOLLY_NO_CONFIG -DFOLLY_MOBILE\=1 -DFOLLY_USE_LIBCPP\=1 -DFOLLY_CFG_NO_COROUTINES\=1 -DFOLLY_HAVE_CLOCK_GETTIME\=1 -Wno-comma -Wno-shorten-64-to-32 -Wno-nullability-completeness -include /Users/antoniogrillo-balen/Desktop/Projects/RiseBuild/ios/Pods/Target\ Support\ Files/React-CoreModules/React-CoreModules-prefix.pch -MMD -MT dependencies -MF /Users/antoniogrillo-balen/Library/Developer/Xcode/DerivedData/risebysolis-gzfsziqwziaggpcbgdowmssiasmi/Build/Intermediates.noindex/Pods.build/Debug-iphonesimulator/React-CoreModules.build/Objects-normal/arm64/RCTAppearance.d --serialize-diagnostics /Users/antoniogrillo-balen/Library/Developer/Xcode/DerivedData/risebysolis-gzfsziqwziaggpcbgdowmssiasmi/Build/Intermediates.noindex/Pods.build/Debug-iphonesimulator/React-CoreModules.build/Objects-normal/arm64/RCTAppearance.dia -c /Users/antoniogrillo-balen/Desktop/Projects/RiseBuild/node_modules/react-native/React/CoreModules/RCTAppearance.mm -o /Users/antoniogrillo-balen/Library/Developer/Xcode/DerivedData/risebysolis-gzfsziqwziaggpcbgdowmssiasmi/Build/Intermediates.noindex/Pods.build/Debug-iphonesimulator/React-CoreModules.build/Objects-normal/arm64/RCTAppearance.o -index-unit-output-path /Pods.build/Debug-iphonesimulator/React-CoreModules.build/Objects-normal/arm64/RCTAppearance.o
/Users/antoniogrillo-balen/Desktop/Projects/RiseBuild/node_modules/react-native/React/CoreModules/RCTAppearance.mm:123:66: warning: 'windows' is deprecated: first deprecated in iOS 15.0 - Use UIWindowScene.windows on a relevant window scene instead [-Wdeprecated-declarations]
  123 |   NSArray<__kindof UIWindow *> *windows = RCTSharedApplication().windows;
      |                                                                  ^
In file included from <built-in>:1:
In file included from /Users/antoniogrillo-balen/Desktop/Projects/RiseBuild/ios/Pods/Target Support Files/React-CoreModules/React-CoreModules-prefix.pch:2:
In file included from /Applications/Xcode.app/Contents/Developer/Platforms/iPhoneSimulator.platform/Developer/SDKs/iPhoneSimulator26.5.sdk/System/Library/Frameworks/UIKit.framework/Headers/UIKit.h:9:
In file included from /Applications/Xcode.app/Contents/Developer/Platforms/iPhoneSimulator.platform/Developer/SDKs/iPhoneSimulator26.5.sdk/System/Library/Frameworks/UIKit.framework/Headers/UIKitCore.h:34:
In file included from /Applications/Xcode.app/Contents/Developer/Platforms/iPhoneSimulator.platform/Developer/SDKs/iPhoneSimulator26.5.sdk/System/Library/Frameworks/UIKit.framework/Headers/UIAccessibility.h:20:
In file included from /Applications/Xcode.app/Contents/Developer/Platforms/iPhoneSimulator.platform/Developer/SDKs/iPhoneSimulator26.5.sdk/System/Library/Frameworks/UIKit.framework/Headers/UIAccessibilityElement.h:12:
In file included from /Applications/Xcode.app/Contents/Developer/Platforms/iPhoneSimulator.platform/Developer/SDKs/iPhoneSimulator26.5.sdk/System/Library/Frameworks/UIKit.framework/Headers/UIAccessibilityIdentification.h:13:
In file included from /Applications/Xcode.app/Contents/Developer/Platforms/iPhoneSimulator.platform/Developer/SDKs/iPhoneSimulator26.5.sdk/System/Library/Frameworks/UIKit.framework/Headers/UIAlertController.h:9:
In file included from /Applications/Xcode.app/Contents/Developer/Platforms/iPhoneSimulator.platform/Developer/SDKs/iPhoneSimulator26.5.sdk/System/Library/Frameworks/UIKit.framework/Headers/UIViewController.h:12:
/Applications/Xcode.app/Contents/Developer/Platforms/iPhoneSimulator.platform/Developer/SDKs/iPhoneSimulator26.5.sdk/System/Library/Frameworks/UIKit.framework/Headers/UIApplication.h:109:62: note: 'windows' has been explicitly marked deprecated here
  109 | @property(nonatomic,readonly) NSArray<__kindof UIWindow *>  *windows API_DEPRECATED("Use UIWindowScene.windows on a relevant window scene instead", ios(2.0, 15.0), visionos(1.0, 1.0)) API_UNAVAILABLE(watchos);
      |                                                              ^
1 warning generated.

CompileC /Users/antoniogrillo-balen/Library/Developer/Xcode/DerivedData/risebysolis-gzfsziqwziaggpcbgdowmssiasmi/Build/Intermediates.noindex/Pods.build/Debug-iphonesimulator/React-CoreModules.build/Objects-normal/arm64/RCTRedBox.o /Users/antoniogrillo-balen/Desktop/Projects/RiseBuild/node_modules/react-native/React/CoreModules/RCTRedBox.mm normal arm64 objective-c++ com.apple.compilers.llvm.clang.1_0.compiler (in target 'React-CoreModules' from project 'Pods')
    cd /Users/antoniogrillo-balen/Desktop/Projects/RiseBuild/ios/Pods
    
    Using response file: /Users/antoniogrillo-balen/Library/Developer/Xcode/DerivedData/risebysolis-gzfsziqwziaggpcbgdowmssiasmi/Build/Intermediates.noindex/Pods.build/Debug-iphonesimulator/React-CoreModules.build/Objects-normal/arm64/af3fcb34312c57c0f52879cdce924b91-common-args.resp
    
    /Applications/Xcode.app/Contents/Developer/Toolchains/XcodeDefault.xctoolchain/usr/bin/clang -x objective-c++ -ivfsstatcache /Users/antoniogrillo-balen/Library/Developer/Xcode/DerivedData/SDKStatCaches.noindex/iphonesimulator26.5-23F73-6cfe768891a92b912361537c460fe42b.sdkstatcache -target arm64-apple-ios15.1-simulator -fmessage-length\=0 -fdiagnostics-show-note-include-stack -fmacro-backtrace-limit\=0 -fno-color-diagnostics -fmodules-prune-interval\=86400 -fmodules-prune-after\=345600 -fbuild-session-file\=/Users/antoniogrillo-balen/Library/Developer/Xcode/DerivedData/ModuleCache.noindex/Session.modulevalidation -fmodules-validate-once-per-build-session -Wnon-modular-include-in-framework-module -Werror\=non-modular-include-in-framework-module -Wno-trigraphs -Wno-missing-field-initializers -Wno-missing-prototypes -Werror\=return-type -Wdocumentation -Wunreachable-code -Wno-implicit-atomic-properties -Werror\=deprecated-objc-isa-usage -Wno-objc-interface-ivars -Werror\=objc-root-class -Wno-arc-repeated-use-of-weak -Wimplicit-retain-self -Wno-non-virtual-dtor -Wno-overloaded-virtual -Wno-exit-time-destructors -Wduplicate-method-match -Wno-missing-braces -Wparentheses -Wswitch -Wunused-function -Wno-unused-label -Wno-unused-parameter -Wunused-variable -Wunused-value -Wempty-body -Wuninitialized -Wconditional-uninitialized -Wno-unknown-pragmas -Wno-shadow -Wno-four-char-constants -Wno-conversion -Wconstant-conversion -Wint-conversion -Wbool-conversion -Wenum-conversion -Wno-float-conversion -Wnon-literal-null-conversion -Wobjc-literal-conversion -Wshorten-64-to-32 -Wno-newline-eof -Wno-selector -Wno-strict-selector-match -Wundeclared-selector -Wdeprecated-implementations -Wno-c++11-extensions -Wno-implicit-fallthrough -isysroot /Applications/Xcode.app/Contents/Developer/Platforms/iPhoneSimulator.platform/Developer/SDKs/iPhoneSimulator26.5.sdk -fstrict-aliasing -Wprotocol -Wdeprecated-declarations -Winvalid-offsetof -Wno-sign-conversion -Winfinite-recursion -Wmove -Wcomma -Wblock-capture-autoreleasing -Wstrict-prototypes -Wrange-loop-analysis -Wno-semicolon-before-method-body -Wunguarded-availability -index-store-path /Users/antoniogrillo-balen/Library/Developer/Xcode/DerivedData/risebysolis-gzfsziqwziaggpcbgdowmssiasmi/Index.noindex/DataStore -Wno-comma -Wno-shorten-64-to-32 @/Users/antoniogrillo-balen/Library/Developer/Xcode/DerivedData/risebysolis-gzfsziqwziaggpcbgdowmssiasmi/Build/Intermediates.noindex/Pods.build/Debug-iphonesimulator/React-CoreModules.build/Objects-normal/arm64/af3fcb34312c57c0f52879cdce924b91-common-args.resp -DFOLLY_NO_CONFIG -DFOLLY_MOBILE\=1 -DFOLLY_USE_LIBCPP\=1 -DFOLLY_CFG_NO_COROUTINES\=1 -DFOLLY_HAVE_CLOCK_GETTIME\=1 -Wno-comma -Wno-shorten-64-to-32 -Wno-nullability-completeness -include /Users/antoniogrillo-balen/Desktop/Projects/RiseBuild/ios/Pods/Target\ Support\ Files/React-CoreModules/React-CoreModules-prefix.pch -MMD -MT dependencies -MF /Users/antoniogrillo-balen/Library/Developer/Xcode/DerivedData/risebysolis-gzfsziqwziaggpcbgdowmssiasmi/Build/Intermediates.noindex/Pods.build/Debug-iphonesimulator/React-CoreModules.build/Objects-normal/arm64/RCTRedBox.d --serialize-diagnostics /Users/antoniogrillo-balen/Library/Developer/Xcode/DerivedData/risebysolis-gzfsziqwziaggpcbgdowmssiasmi/Build/Intermediates.noindex/Pods.build/Debug-iphonesimulator/React-CoreModules.build/Objects-normal/arm64/RCTRedBox.dia -c /Users/antoniogrillo-balen/Desktop/Projects/RiseBuild/node_modules/react-native/React/CoreModules/RCTRedBox.mm -o /Users/antoniogrillo-balen/Library/Developer/Xcode/DerivedData/risebysolis-gzfsziqwziaggpcbgdowmssiasmi/Build/Intermediates.noindex/Pods.build/Debug-iphonesimulator/React-CoreModules.build/Objects-normal/arm64/RCTRedBox.o -index-unit-output-path /Pods.build/Debug-iphonesimulator/React-CoreModules.build/Objects-normal/arm64/RCTRedBox.o

CompileC /Users/antoniogrillo-balen/Library/Developer/Xcode/DerivedData/risebysolis-gzfsziqwziaggpcbgdowmssiasmi/Build/Intermediates.noindex/Pods.build/Debug-iphonesimulator/React-CoreModules.build/Objects-normal/arm64/RCTPlatform.o /Users/antoniogrillo-balen/Desktop/Projects/RiseBuild/node_modules/react-native/React/CoreModules/RCTPlatform.mm normal arm64 objective-c++ com.apple.compilers.llvm.clang.1_0.compiler (in target 'React-CoreModules' from project 'Pods')
    cd /Users/antoniogrillo-balen/Desktop/Projects/RiseBuild/ios/Pods
    
    Using response file: /Users/antoniogrillo-balen/Library/Developer/Xcode/DerivedData/risebysolis-gzfsziqwziaggpcbgdowmssiasmi/Build/Intermediates.noindex/Pods.build/Debug-iphonesimulator/React-CoreModules.build/Objects-normal/arm64/af3fcb34312c57c0f52879cdce924b91-common-args.resp
    
    /Applications/Xcode.app/Contents/Developer/Toolchains/XcodeDefault.xctoolchain/usr/bin/clang -x objective-c++ -ivfsstatcache /Users/antoniogrillo-balen/Library/Developer/Xcode/DerivedData/SDKStatCaches.noindex/iphonesimulator26.5-23F73-6cfe768891a92b912361537c460fe42b.sdkstatcache -target arm64-apple-ios15.1-simulator -fmessage-length\=0 -fdiagnostics-show-note-include-stack -fmacro-backtrace-limit\=0 -fno-color-diagnostics -fmodules-prune-interval\=86400 -fmodules-prune-after\=345600 -fbuild-session-file\=/Users/antoniogrillo-balen/Library/Developer/Xcode/DerivedData/ModuleCache.noindex/Session.modulevalidation -fmodules-validate-once-per-build-session -Wnon-modular-include-in-framework-module -Werror\=non-modular-include-in-framework-module -Wno-trigraphs -Wno-missing-field-initializers -Wno-missing-prototypes -Werror\=return-type -Wdocumentation -Wunreachable-code -Wno-implicit-atomic-properties -Werror\=deprecated-objc-isa-usage -Wno-objc-interface-ivars -Werror\=objc-root-class -Wno-arc-repeated-use-of-weak -Wimplicit-retain-self -Wno-non-virtual-dtor -Wno-overloaded-virtual -Wno-exit-time-destructors -Wduplicate-method-match -Wno-missing-braces -Wparentheses -Wswitch -Wunused-function -Wno-unused-label -Wno-unused-parameter -Wunused-variable -Wunused-value -Wempty-body -Wuninitialized -Wconditional-uninitialized -Wno-unknown-pragmas -Wno-shadow -Wno-four-char-constants -Wno-conversion -Wconstant-conversion -Wint-conversion -Wbool-conversion -Wenum-conversion -Wno-float-conversion -Wnon-literal-null-conversion -Wobjc-literal-conversion -Wshorten-64-to-32 -Wno-newline-eof -Wno-selector -Wno-strict-selector-match -Wundeclared-selector -Wdeprecated-implementations -Wno-c++11-extensions -Wno-implicit-fallthrough -isysroot /Applications/Xcode.app/Contents/Developer/Platforms/iPhoneSimulator.platform/Developer/SDKs/iPhoneSimulator26.5.sdk -fstrict-aliasing -Wprotocol -Wdeprecated-declarations -Winvalid-offsetof -Wno-sign-conversion -Winfinite-recursion -Wmove -Wcomma -Wblock-capture-autoreleasing -Wstrict-prototypes -Wrange-loop-analysis -Wno-semicolon-before-method-body -Wunguarded-availability -index-store-path /Users/antoniogrillo-balen/Library/Developer/Xcode/DerivedData/risebysolis-gzfsziqwziaggpcbgdowmssiasmi/Index.noindex/DataStore -Wno-comma -Wno-shorten-64-to-32 @/Users/antoniogrillo-balen/Library/Developer/Xcode/DerivedData/risebysolis-gzfsziqwziaggpcbgdowmssiasmi/Build/Intermediates.noindex/Pods.build/Debug-iphonesimulator/React-CoreModules.build/Objects-normal/arm64/af3fcb34312c57c0f52879cdce924b91-common-args.resp -DFOLLY_NO_CONFIG -DFOLLY_MOBILE\=1 -DFOLLY_USE_LIBCPP\=1 -DFOLLY_CFG_NO_COROUTINES\=1 -DFOLLY_HAVE_CLOCK_GETTIME\=1 -Wno-comma -Wno-shorten-64-to-32 -Wno-nullability-completeness -include /Users/antoniogrillo-balen/Desktop/Projects/RiseBuild/ios/Pods/Target\ Support\ Files/React-CoreModules/React-CoreModules-prefix.pch -MMD -MT dependencies -MF /Users/antoniogrillo-balen/Library/Developer/Xcode/DerivedData/risebysolis-gzfsziqwziaggpcbgdowmssiasmi/Build/Intermediates.noindex/Pods.build/Debug-iphonesimulator/React-CoreModules.build/Objects-normal/arm64/RCTPlatform.d --serialize-diagnostics /Users/antoniogrillo-balen/Library/Developer/Xcode/DerivedData/risebysolis-gzfsziqwziaggpcbgdowmssiasmi/Build/Intermediates.noindex/Pods.build/Debug-iphonesimulator/React-CoreModules.build/Objects-normal/arm64/RCTPlatform.dia -c /Users/antoniogrillo-balen/Desktop/Projects/RiseBuild/node_modules/react-native/React/CoreModules/RCTPlatform.mm -o /Users/antoniogrillo-balen/Library/Developer/Xcode/DerivedData/risebysolis-gzfsziqwziaggpcbgdowmssiasmi/Build/Intermediates.noindex/Pods.build/Debug-iphonesimulator/React-CoreModules.build/Objects-normal/arm64/RCTPlatform.o -index-unit-output-path /Pods.build/Debug-iphonesimulator/React-CoreModules.build/Objects-normal/arm64/RCTPlatform.o
/Users/antoniogrillo-balen/Desktop/Projects/RiseBuild/node_modules/react-native/React/CoreModules/RCTPlatform.mm:79:23: warning: ISO C++ requires field designators to be specified in declaration order; field 'minor' will be initialized after field 'major' [-Wreorder-init-list]
   79 |              .major = [versions[@"major"] doubleValue],
      |              ~~~~~~~~~^~~~~~~~~~~~~~~~~~~~~~~~~~~~~~~~
/Users/antoniogrillo-balen/Desktop/Projects/RiseBuild/node_modules/react-native/React/CoreModules/RCTPlatform.mm:78:23: note: previous initialization for field 'minor' is here
   78 |             {.minor = [versions[@"minor"] doubleValue],
      |                       ^~~~~~~~~~~~~~~~~~~~~~~~~~~~~~~~
/Users/antoniogrillo-balen/Desktop/Projects/RiseBuild/node_modules/react-native/React/CoreModules/RCTPlatform.mm:76:22: warning: ISO C++ requires field designators to be specified in declaration order; field 'interfaceIdiom' will be initialized after field 'isTesting' [-Wreorder-init-list]
   76 |         .isTesting = RCTRunningInTestEnvironment() ? true : false,
      |         ~~~~~~~~~~~~~^~~~~~~~~~~~~~~~~~~~~~~~~~~~~~~~~~~~~~~~~~~~
/Users/antoniogrillo-balen/Desktop/Projects/RiseBuild/node_modules/react-native/React/CoreModules/RCTPlatform.mm:75:27: note: previous initialization for field 'interfaceIdiom' is here
   75 |         .interfaceIdiom = interfaceIdiom([device userInterfaceIdiom]),
      |                           ^~~~~~~~~~~~~~~~~~~~~~~~~~~~~~~~~~~~~~~~~~~
2 warnings generated.

CompileC /Users/antoniogrillo-balen/Library/Developer/Xcode/DerivedData/risebysolis-gzfsziqwziaggpcbgdowmssiasmi/Build/Intermediates.noindex/Pods.build/Debug-iphonesimulator/React-CoreModules.build/Objects-normal/arm64/RCTI18nManager.o /Users/antoniogrillo-balen/Desktop/Projects/RiseBuild/node_modules/react-native/React/CoreModules/RCTI18nManager.mm normal arm64 objective-c++ com.apple.compilers.llvm.clang.1_0.compiler (in target 'React-CoreModules' from project 'Pods')
    cd /Users/antoniogrillo-balen/Desktop/Projects/RiseBuild/ios/Pods
    
    Using response file: /Users/antoniogrillo-balen/Library/Developer/Xcode/DerivedData/risebysolis-gzfsziqwziaggpcbgdowmssiasmi/Build/Intermediates.noindex/Pods.build/Debug-iphonesimulator/React-CoreModules.build/Objects-normal/arm64/af3fcb34312c57c0f52879cdce924b91-common-args.resp
    
    /Applications/Xcode.app/Contents/Developer/Toolchains/XcodeDefault.xctoolchain/usr/bin/clang -x objective-c++ -ivfsstatcache /Users/antoniogrillo-balen/Library/Developer/Xcode/DerivedData/SDKStatCaches.noindex/iphonesimulator26.5-23F73-6cfe768891a92b912361537c460fe42b.sdkstatcache -target arm64-apple-ios15.1-simulator -fmessage-length\=0 -fdiagnostics-show-note-include-stack -fmacro-backtrace-limit\=0 -fno-color-diagnostics -fmodules-prune-interval\=86400 -fmodules-prune-after\=345600 -fbuild-session-file\=/Users/antoniogrillo-balen/Library/Developer/Xcode/DerivedData/ModuleCache.noindex/Session.modulevalidation -fmodules-validate-once-per-build-session -Wnon-modular-include-in-framework-module -Werror\=non-modular-include-in-framework-module -Wno-trigraphs -Wno-missing-field-initializers -Wno-missing-prototypes -Werror\=return-type -Wdocumentation -Wunreachable-code -Wno-implicit-atomic-properties -Werror\=deprecated-objc-isa-usage -Wno-objc-interface-ivars -Werror\=objc-root-class -Wno-arc-repeated-use-of-weak -Wimplicit-retain-self -Wno-non-virtual-dtor -Wno-overloaded-virtual -Wno-exit-time-destructors -Wduplicate-method-match -Wno-missing-braces -Wparentheses -Wswitch -Wunused-function -Wno-unused-label -Wno-unused-parameter -Wunused-variable -Wunused-value -Wempty-body -Wuninitialized -Wconditional-uninitialized -Wno-unknown-pragmas -Wno-shadow -Wno-four-char-constants -Wno-conversion -Wconstant-conversion -Wint-conversion -Wbool-conversion -Wenum-conversion -Wno-float-conversion -Wnon-literal-null-conversion -Wobjc-literal-conversion -Wshorten-64-to-32 -Wno-newline-eof -Wno-selector -Wno-strict-selector-match -Wundeclared-selector -Wdeprecated-implementations -Wno-c++11-extensions -Wno-implicit-fallthrough -isysroot /Applications/Xcode.app/Contents/Developer/Platforms/iPhoneSimulator.platform/Developer/SDKs/iPhoneSimulator26.5.sdk -fstrict-aliasing -Wprotocol -Wdeprecated-declarations -Winvalid-offsetof -Wno-sign-conversion -Winfinite-recursion -Wmove -Wcomma -Wblock-capture-autoreleasing -Wstrict-prototypes -Wrange-loop-analysis -Wno-semicolon-before-method-body -Wunguarded-availability -index-store-path /Users/antoniogrillo-balen/Library/Developer/Xcode/DerivedData/risebysolis-gzfsziqwziaggpcbgdowmssiasmi/Index.noindex/DataStore -Wno-comma -Wno-shorten-64-to-32 @/Users/antoniogrillo-balen/Library/Developer/Xcode/DerivedData/risebysolis-gzfsziqwziaggpcbgdowmssiasmi/Build/Intermediates.noindex/Pods.build/Debug-iphonesimulator/React-CoreModules.build/Objects-normal/arm64/af3fcb34312c57c0f52879cdce924b91-common-args.resp -DFOLLY_NO_CONFIG -DFOLLY_MOBILE\=1 -DFOLLY_USE_LIBCPP\=1 -DFOLLY_CFG_NO_COROUTINES\=1 -DFOLLY_HAVE_CLOCK_GETTIME\=1 -Wno-comma -Wno-shorten-64-to-32 -Wno-nullability-completeness -include /Users/antoniogrillo-balen/Desktop/Projects/RiseBuild/ios/Pods/Target\ Support\ Files/React-CoreModules/React-CoreModules-prefix.pch -MMD -MT dependencies -MF /Users/antoniogrillo-balen/Library/Developer/Xcode/DerivedData/risebysolis-gzfsziqwziaggpcbgdowmssiasmi/Build/Intermediates.noindex/Pods.build/Debug-iphonesimulator/React-CoreModules.build/Objects-normal/arm64/RCTI18nManager.d --serialize-diagnostics /Users/antoniogrillo-balen/Library/Developer/Xcode/DerivedData/risebysolis-gzfsziqwziaggpcbgdowmssiasmi/Build/Intermediates.noindex/Pods.build/Debug-iphonesimulator/React-CoreModules.build/Objects-normal/arm64/RCTI18nManager.dia -c /Users/antoniogrillo-balen/Desktop/Projects/RiseBuild/node_modules/react-native/React/CoreModules/RCTI18nManager.mm -o /Users/antoniogrillo-balen/Library/Developer/Xcode/DerivedData/risebysolis-gzfsziqwziaggpcbgdowmssiasmi/Build/Intermediates.noindex/Pods.build/Debug-iphonesimulator/React-CoreModules.build/Objects-normal/arm64/RCTI18nManager.o -index-unit-output-path /Pods.build/Debug-iphonesimulator/React-CoreModules.build/Objects-normal/arm64/RCTI18nManager.o

CompileC /Users/antoniogrillo-balen/Library/Developer/Xcode/DerivedData/risebysolis-gzfsziqwziaggpcbgdowmssiasmi/Build/Intermediates.noindex/Pods.build/Debug-iphonesimulator/React-CoreModules.build/Objects-normal/arm64/RCTWebSocketModule.o /Users/antoniogrillo-balen/Desktop/Projects/RiseBuild/node_modules/react-native/React/CoreModules/RCTWebSocketModule.mm normal arm64 objective-c++ com.apple.compilers.llvm.clang.1_0.compiler (in target 'React-CoreModules' from project 'Pods')
    cd /Users/antoniogrillo-balen/Desktop/Projects/RiseBuild/ios/Pods
    
    Using response file: /Users/antoniogrillo-balen/Library/Developer/Xcode/DerivedData/risebysolis-gzfsziqwziaggpcbgdowmssiasmi/Build/Intermediates.noindex/Pods.build/Debug-iphonesimulator/React-CoreModules.build/Objects-normal/arm64/af3fcb34312c57c0f52879cdce924b91-common-args.resp
    
    /Applications/Xcode.app/Contents/Developer/Toolchains/XcodeDefault.xctoolchain/usr/bin/clang -x objective-c++ -ivfsstatcache /Users/antoniogrillo-balen/Library/Developer/Xcode/DerivedData/SDKStatCaches.noindex/iphonesimulator26.5-23F73-6cfe768891a92b912361537c460fe42b.sdkstatcache -target arm64-apple-ios15.1-simulator -fmessage-length\=0 -fdiagnostics-show-note-include-stack -fmacro-backtrace-limit\=0 -fno-color-diagnostics -fmodules-prune-interval\=86400 -fmodules-prune-after\=345600 -fbuild-session-file\=/Users/antoniogrillo-balen/Library/Developer/Xcode/DerivedData/ModuleCache.noindex/Session.modulevalidation -fmodules-validate-once-per-build-session -Wnon-modular-include-in-framework-module -Werror\=non-modular-include-in-framework-module -Wno-trigraphs -Wno-missing-field-initializers -Wno-missing-prototypes -Werror\=return-type -Wdocumentation -Wunreachable-code -Wno-implicit-atomic-properties -Werror\=deprecated-objc-isa-usage -Wno-objc-interface-ivars -Werror\=objc-root-class -Wno-arc-repeated-use-of-weak -Wimplicit-retain-self -Wno-non-virtual-dtor -Wno-overloaded-virtual -Wno-exit-time-destructors -Wduplicate-method-match -Wno-missing-braces -Wparentheses -Wswitch -Wunused-function -Wno-unused-label -Wno-unused-parameter -Wunused-variable -Wunused-value -Wempty-body -Wuninitialized -Wconditional-uninitialized -Wno-unknown-pragmas -Wno-shadow -Wno-four-char-constants -Wno-conversion -Wconstant-conversion -Wint-conversion -Wbool-conversion -Wenum-conversion -Wno-float-conversion -Wnon-literal-null-conversion -Wobjc-literal-conversion -Wshorten-64-to-32 -Wno-newline-eof -Wno-selector -Wno-strict-selector-match -Wundeclared-selector -Wdeprecated-implementations -Wno-c++11-extensions -Wno-implicit-fallthrough -isysroot /Applications/Xcode.app/Contents/Developer/Platforms/iPhoneSimulator.platform/Developer/SDKs/iPhoneSimulator26.5.sdk -fstrict-aliasing -Wprotocol -Wdeprecated-declarations -Winvalid-offsetof -Wno-sign-conversion -Winfinite-recursion -Wmove -Wcomma -Wblock-capture-autoreleasing -Wstrict-prototypes -Wrange-loop-analysis -Wno-semicolon-before-method-body -Wunguarded-availability -index-store-path /Users/antoniogrillo-balen/Library/Developer/Xcode/DerivedData/risebysolis-gzfsziqwziaggpcbgdowmssiasmi/Index.noindex/DataStore -Wno-comma -Wno-shorten-64-to-32 @/Users/antoniogrillo-balen/Library/Developer/Xcode/DerivedData/risebysolis-gzfsziqwziaggpcbgdowmssiasmi/Build/Intermediates.noindex/Pods.build/Debug-iphonesimulator/React-CoreModules.build/Objects-normal/arm64/af3fcb34312c57c0f52879cdce924b91-common-args.resp -DFOLLY_NO_CONFIG -DFOLLY_MOBILE\=1 -DFOLLY_USE_LIBCPP\=1 -DFOLLY_CFG_NO_COROUTINES\=1 -DFOLLY_HAVE_CLOCK_GETTIME\=1 -Wno-comma -Wno-shorten-64-to-32 -Wno-nullability-completeness -include /Users/antoniogrillo-balen/Desktop/Projects/RiseBuild/ios/Pods/Target\ Support\ Files/React-CoreModules/React-CoreModules-prefix.pch -MMD -MT dependencies -MF /Users/antoniogrillo-balen/Library/Developer/Xcode/DerivedData/risebysolis-gzfsziqwziaggpcbgdowmssiasmi/Build/Intermediates.noindex/Pods.build/Debug-iphonesimulator/React-CoreModules.build/Objects-normal/arm64/RCTWebSocketModule.d --serialize-diagnostics /Users/antoniogrillo-balen/Library/Developer/Xcode/DerivedData/risebysolis-gzfsziqwziaggpcbgdowmssiasmi/Build/Intermediates.noindex/Pods.build/Debug-iphonesimulator/React-CoreModules.build/Objects-normal/arm64/RCTWebSocketModule.dia -c /Users/antoniogrillo-balen/Desktop/Projects/RiseBuild/node_modules/react-native/React/CoreModules/RCTWebSocketModule.mm -o /Users/antoniogrillo-balen/Library/Developer/Xcode/DerivedData/risebysolis-gzfsziqwziaggpcbgdowmssiasmi/Build/Intermediates.noindex/Pods.build/Debug-iphonesimulator/React-CoreModules.build/Objects-normal/arm64/RCTWebSocketModule.o -index-unit-output-path /Pods.build/Debug-iphonesimulator/React-CoreModules.build/Objects-normal/arm64/RCTWebSocketModule.o

CompileC /Users/antoniogrillo-balen/Library/Developer/Xcode/DerivedData/risebysolis-gzfsziqwziaggpcbgdowmssiasmi/Build/Intermediates.noindex/Pods.build/Debug-iphonesimulator/React-CoreModules.build/Objects-normal/arm64/RCTTiming.o /Users/antoniogrillo-balen/Desktop/Projects/RiseBuild/node_modules/react-native/React/CoreModules/RCTTiming.mm normal arm64 objective-c++ com.apple.compilers.llvm.clang.1_0.compiler (in target 'React-CoreModules' from project 'Pods')
    cd /Users/antoniogrillo-balen/Desktop/Projects/RiseBuild/ios/Pods
    
    Using response file: /Users/antoniogrillo-balen/Library/Developer/Xcode/DerivedData/risebysolis-gzfsziqwziaggpcbgdowmssiasmi/Build/Intermediates.noindex/Pods.build/Debug-iphonesimulator/React-CoreModules.build/Objects-normal/arm64/af3fcb34312c57c0f52879cdce924b91-common-args.resp
    
    /Applications/Xcode.app/Contents/Developer/Toolchains/XcodeDefault.xctoolchain/usr/bin/clang -x objective-c++ -ivfsstatcache /Users/antoniogrillo-balen/Library/Developer/Xcode/DerivedData/SDKStatCaches.noindex/iphonesimulator26.5-23F73-6cfe768891a92b912361537c460fe42b.sdkstatcache -target arm64-apple-ios15.1-simulator -fmessage-length\=0 -fdiagnostics-show-note-include-stack -fmacro-backtrace-limit\=0 -fno-color-diagnostics -fmodules-prune-interval\=86400 -fmodules-prune-after\=345600 -fbuild-session-file\=/Users/antoniogrillo-balen/Library/Developer/Xcode/DerivedData/ModuleCache.noindex/Session.modulevalidation -fmodules-validate-once-per-build-session -Wnon-modular-include-in-framework-module -Werror\=non-modular-include-in-framework-module -Wno-trigraphs -Wno-missing-field-initializers -Wno-missing-prototypes -Werror\=return-type -Wdocumentation -Wunreachable-code -Wno-implicit-atomic-properties -Werror\=deprecated-objc-isa-usage -Wno-objc-interface-ivars -Werror\=objc-root-class -Wno-arc-repeated-use-of-weak -Wimplicit-retain-self -Wno-non-virtual-dtor -Wno-overloaded-virtual -Wno-exit-time-destructors -Wduplicate-method-match -Wno-missing-braces -Wparentheses -Wswitch -Wunused-function -Wno-unused-label -Wno-unused-parameter -Wunused-variable -Wunused-value -Wempty-body -Wuninitialized -Wconditional-uninitialized -Wno-unknown-pragmas -Wno-shadow -Wno-four-char-constants -Wno-conversion -Wconstant-conversion -Wint-conversion -Wbool-conversion -Wenum-conversion -Wno-float-conversion -Wnon-literal-null-conversion -Wobjc-literal-conversion -Wshorten-64-to-32 -Wno-newline-eof -Wno-selector -Wno-strict-selector-match -Wundeclared-selector -Wdeprecated-implementations -Wno-c++11-extensions -Wno-implicit-fallthrough -isysroot /Applications/Xcode.app/Contents/Developer/Platforms/iPhoneSimulator.platform/Developer/SDKs/iPhoneSimulator26.5.sdk -fstrict-aliasing -Wprotocol -Wdeprecated-declarations -Winvalid-offsetof -Wno-sign-conversion -Winfinite-recursion -Wmove -Wcomma -Wblock-capture-autoreleasing -Wstrict-prototypes -Wrange-loop-analysis -Wno-semicolon-before-method-body -Wunguarded-availability -index-store-path /Users/antoniogrillo-balen/Library/Developer/Xcode/DerivedData/risebysolis-gzfsziqwziaggpcbgdowmssiasmi/Index.noindex/DataStore -Wno-comma -Wno-shorten-64-to-32 @/Users/antoniogrillo-balen/Library/Developer/Xcode/DerivedData/risebysolis-gzfsziqwziaggpcbgdowmssiasmi/Build/Intermediates.noindex/Pods.build/Debug-iphonesimulator/React-CoreModules.build/Objects-normal/arm64/af3fcb34312c57c0f52879cdce924b91-common-args.resp -DFOLLY_NO_CONFIG -DFOLLY_MOBILE\=1 -DFOLLY_USE_LIBCPP\=1 -DFOLLY_CFG_NO_COROUTINES\=1 -DFOLLY_HAVE_CLOCK_GETTIME\=1 -Wno-comma -Wno-shorten-64-to-32 -Wno-nullability-completeness -include /Users/antoniogrillo-balen/Desktop/Projects/RiseBuild/ios/Pods/Target\ Support\ Files/React-CoreModules/React-CoreModules-prefix.pch -MMD -MT dependencies -MF /Users/antoniogrillo-balen/Library/Developer/Xcode/DerivedData/risebysolis-gzfsziqwziaggpcbgdowmssiasmi/Build/Intermediates.noindex/Pods.build/Debug-iphonesimulator/React-CoreModules.build/Objects-normal/arm64/RCTTiming.d --serialize-diagnostics /Users/antoniogrillo-balen/Library/Developer/Xcode/DerivedData/risebysolis-gzfsziqwziaggpcbgdowmssiasmi/Build/Intermediates.noindex/Pods.build/Debug-iphonesimulator/React-CoreModules.build/Objects-normal/arm64/RCTTiming.dia -c /Users/antoniogrillo-balen/Desktop/Projects/RiseBuild/node_modules/react-native/React/CoreModules/RCTTiming.mm -o /Users/antoniogrillo-balen/Library/Developer/Xcode/DerivedData/risebysolis-gzfsziqwziaggpcbgdowmssiasmi/Build/Intermediates.noindex/Pods.build/Debug-iphonesimulator/React-CoreModules.build/Objects-normal/arm64/RCTTiming.o -index-unit-output-path /Pods.build/Debug-iphonesimulator/React-CoreModules.build/Objects-normal/arm64/RCTTiming.o

CompileC /Users/antoniogrillo-balen/Library/Developer/Xcode/DerivedData/risebysolis-gzfsziqwziaggpcbgdowmssiasmi/Build/Intermediates.noindex/Pods.build/Debug-iphonesimulator/React-CoreModules.build/Objects-normal/arm64/RCTStatusBarManager.o /Users/antoniogrillo-balen/Desktop/Projects/RiseBuild/node_modules/react-native/React/CoreModules/RCTStatusBarManager.mm normal arm64 objective-c++ com.apple.compilers.llvm.clang.1_0.compiler (in target 'React-CoreModules' from project 'Pods')
    cd /Users/antoniogrillo-balen/Desktop/Projects/RiseBuild/ios/Pods
    
    Using response file: /Users/antoniogrillo-balen/Library/Developer/Xcode/DerivedData/risebysolis-gzfsziqwziaggpcbgdowmssiasmi/Build/Intermediates.noindex/Pods.build/Debug-iphonesimulator/React-CoreModules.build/Objects-normal/arm64/af3fcb34312c57c0f52879cdce924b91-common-args.resp
    
    /Applications/Xcode.app/Contents/Developer/Toolchains/XcodeDefault.xctoolchain/usr/bin/clang -x objective-c++ -ivfsstatcache /Users/antoniogrillo-balen/Library/Developer/Xcode/DerivedData/SDKStatCaches.noindex/iphonesimulator26.5-23F73-6cfe768891a92b912361537c460fe42b.sdkstatcache -target arm64-apple-ios15.1-simulator -fmessage-length\=0 -fdiagnostics-show-note-include-stack -fmacro-backtrace-limit\=0 -fno-color-diagnostics -fmodules-prune-interval\=86400 -fmodules-prune-after\=345600 -fbuild-session-file\=/Users/antoniogrillo-balen/Library/Developer/Xcode/DerivedData/ModuleCache.noindex/Session.modulevalidation -fmodules-validate-once-per-build-session -Wnon-modular-include-in-framework-module -Werror\=non-modular-include-in-framework-module -Wno-trigraphs -Wno-missing-field-initializers -Wno-missing-prototypes -Werror\=return-type -Wdocumentation -Wunreachable-code -Wno-implicit-atomic-properties -Werror\=deprecated-objc-isa-usage -Wno-objc-interface-ivars -Werror\=objc-root-class -Wno-arc-repeated-use-of-weak -Wimplicit-retain-self -Wno-non-virtual-dtor -Wno-overloaded-virtual -Wno-exit-time-destructors -Wduplicate-method-match -Wno-missing-braces -Wparentheses -Wswitch -Wunused-function -Wno-unused-label -Wno-unused-parameter -Wunused-variable -Wunused-value -Wempty-body -Wuninitialized -Wconditional-uninitialized -Wno-unknown-pragmas -Wno-shadow -Wno-four-char-constants -Wno-conversion -Wconstant-conversion -Wint-conversion -Wbool-conversion -Wenum-conversion -Wno-float-conversion -Wnon-literal-null-conversion -Wobjc-literal-conversion -Wshorten-64-to-32 -Wno-newline-eof -Wno-selector -Wno-strict-selector-match -Wundeclared-selector -Wdeprecated-implementations -Wno-c++11-extensions -Wno-implicit-fallthrough -isysroot /Applications/Xcode.app/Contents/Developer/Platforms/iPhoneSimulator.platform/Developer/SDKs/iPhoneSimulator26.5.sdk -fstrict-aliasing -Wprotocol -Wdeprecated-declarations -Winvalid-offsetof -Wno-sign-conversion -Winfinite-recursion -Wmove -Wcomma -Wblock-capture-autoreleasing -Wstrict-prototypes -Wrange-loop-analysis -Wno-semicolon-before-method-body -Wunguarded-availability -index-store-path /Users/antoniogrillo-balen/Library/Developer/Xcode/DerivedData/risebysolis-gzfsziqwziaggpcbgdowmssiasmi/Index.noindex/DataStore -Wno-comma -Wno-shorten-64-to-32 @/Users/antoniogrillo-balen/Library/Developer/Xcode/DerivedData/risebysolis-gzfsziqwziaggpcbgdowmssiasmi/Build/Intermediates.noindex/Pods.build/Debug-iphonesimulator/React-CoreModules.build/Objects-normal/arm64/af3fcb34312c57c0f52879cdce924b91-common-args.resp -DFOLLY_NO_CONFIG -DFOLLY_MOBILE\=1 -DFOLLY_USE_LIBCPP\=1 -DFOLLY_CFG_NO_COROUTINES\=1 -DFOLLY_HAVE_CLOCK_GETTIME\=1 -Wno-comma -Wno-shorten-64-to-32 -Wno-nullability-completeness -include /Users/antoniogrillo-balen/Desktop/Projects/RiseBuild/ios/Pods/Target\ Support\ Files/React-CoreModules/React-CoreModules-prefix.pch -MMD -MT dependencies -MF /Users/antoniogrillo-balen/Library/Developer/Xcode/DerivedData/risebysolis-gzfsziqwziaggpcbgdowmssiasmi/Build/Intermediates.noindex/Pods.build/Debug-iphonesimulator/React-CoreModules.build/Objects-normal/arm64/RCTStatusBarManager.d --serialize-diagnostics /Users/antoniogrillo-balen/Library/Developer/Xcode/DerivedData/risebysolis-gzfsziqwziaggpcbgdowmssiasmi/Build/Intermediates.noindex/Pods.build/Debug-iphonesimulator/React-CoreModules.build/Objects-normal/arm64/RCTStatusBarManager.dia -c /Users/antoniogrillo-balen/Desktop/Projects/RiseBuild/node_modules/react-native/React/CoreModules/RCTStatusBarManager.mm -o /Users/antoniogrillo-balen/Library/Developer/Xcode/DerivedData/risebysolis-gzfsziqwziaggpcbgdowmssiasmi/Build/Intermediates.noindex/Pods.build/Debug-iphonesimulator/React-CoreModules.build/Objects-normal/arm64/RCTStatusBarManager.o -index-unit-output-path /Pods.build/Debug-iphonesimulator/React-CoreModules.build/Objects-normal/arm64/RCTStatusBarManager.o
/Users/antoniogrillo-balen/Desktop/Projects/RiseBuild/node_modules/react-native/React/CoreModules/RCTStatusBarManager.mm:85:19: warning: 'UIApplicationDidChangeStatusBarFrameNotification' is deprecated: first deprecated in iOS 13.0 - Use viewWillTransitionToSize:withTransitionCoordinator: instead. [-Wdeprecated-declarations]
   85 |              name:UIApplicationDidChangeStatusBarFrameNotification
      |                   ^
In file included from <built-in>:1:
In file included from /Users/antoniogrillo-balen/Desktop/Projects/RiseBuild/ios/Pods/Target Support Files/React-CoreModules/React-CoreModules-prefix.pch:2:
In file included from /Applications/Xcode.app/Contents/Developer/Platforms/iPhoneSimulator.platform/Developer/SDKs/iPhoneSimulator26.5.sdk/System/Library/Frameworks/UIKit.framework/Headers/UIKit.h:9:
In file included from /Applications/Xcode.app/Contents/Developer/Platforms/iPhoneSimulator.platform/Developer/SDKs/iPhoneSimulator26.5.sdk/System/Library/Frameworks/UIKit.framework/Headers/UIKitCore.h:34:
In file included from /Applications/Xcode.app/Contents/Developer/Platforms/iPhoneSimulator.platform/Developer/SDKs/iPhoneSimulator26.5.sdk/System/Library/Frameworks/UIKit.framework/Headers/UIAccessibility.h:20:
In file included from /Applications/Xcode.app/Contents/Developer/Platforms/iPhoneSimulator.platform/Developer/SDKs/iPhoneSimulator26.5.sdk/System/Library/Frameworks/UIKit.framework/Headers/UIAccessibilityElement.h:12:
In file included from /Applications/Xcode.app/Contents/Developer/Platforms/iPhoneSimulator.platform/Developer/SDKs/iPhoneSimulator26.5.sdk/System/Library/Frameworks/UIKit.framework/Headers/UIAccessibilityIdentification.h:13:
In file included from /Applications/Xcode.app/Contents/Developer/Platforms/iPhoneSimulator.platform/Developer/SDKs/iPhoneSimulator26.5.sdk/System/Library/Frameworks/UIKit.framework/Headers/UIAlertController.h:9:
In file included from /Applications/Xcode.app/Contents/Developer/Platforms/iPhoneSimulator.platform/Developer/SDKs/iPhoneSimulator26.5.sdk/System/Library/Frameworks/UIKit.framework/Headers/UIViewController.h:12:
/Applications/Xcode.app/Contents/Developer/Platforms/iPhoneSimulator.platform/Developer/SDKs/iPhoneSimulator26.5.sdk/System/Library/Frameworks/UIKit.framework/Headers/UIApplication.h:563:39: note: 'UIApplicationDidChangeStatusBarFrameNotification' has been explicitly marked deprecated here
  563 | UIKIT_EXTERN NSNotificationName const UIApplicationDidChangeStatusBarFrameNotification API_DEPRECATED("Use viewWillTransitionToSize:withTransitionCoordinator: instead.", ios(2.0, 13.0)) API_UNAVAILABLE(tvos) API_UNAVAILABLE(visionos, watchos) NS_SWIFT_NONISOLATED;        // userInfo contains NSValue with old frame
      |                                       ^
/Users/antoniogrillo-balen/Desktop/Projects/RiseBuild/node_modules/react-native/React/CoreModules/RCTStatusBarManager.mm:89:19: warning: 'UIApplicationWillChangeStatusBarFrameNotification' is deprecated: first deprecated in iOS 13.0 - Use viewWillTransitionToSize:withTransitionCoordinator: instead. [-Wdeprecated-declarations]
   89 |              name:UIApplicationWillChangeStatusBarFrameNotification
      |                   ^
In file included from <built-in>:1:
In file included from /Users/antoniogrillo-balen/Desktop/Projects/RiseBuild/ios/Pods/Target Support Files/React-CoreModules/React-CoreModules-prefix.pch:2:
In file included from /Applications/Xcode.app/Contents/Developer/Platforms/iPhoneSimulator.platform/Developer/SDKs/iPhoneSimulator26.5.sdk/System/Library/Frameworks/UIKit.framework/Headers/UIKit.h:9:
In file included from /Applications/Xcode.app/Contents/Developer/Platforms/iPhoneSimulator.platform/Developer/SDKs/iPhoneSimulator26.5.sdk/System/Library/Frameworks/UIKit.framework/Headers/UIKitCore.h:34:
In file included from /Applications/Xcode.app/Contents/Developer/Platforms/iPhoneSimulator.platform/Developer/SDKs/iPhoneSimulator26.5.sdk/System/Library/Frameworks/UIKit.framework/Headers/UIAccessibility.h:20:
In file included from /Applications/Xcode.app/Contents/Developer/Platforms/iPhoneSimulator.platform/Developer/SDKs/iPhoneSimulator26.5.sdk/System/Library/Frameworks/UIKit.framework/Headers/UIAccessibilityElement.h:12:
In file included from /Applications/Xcode.app/Contents/Developer/Platforms/iPhoneSimulator.platform/Developer/SDKs/iPhoneSimulator26.5.sdk/System/Library/Frameworks/UIKit.framework/Headers/UIAccessibilityIdentification.h:13:
In file included from /Applications/Xcode.app/Contents/Developer/Platforms/iPhoneSimulator.platform/Developer/SDKs/iPhoneSimulator26.5.sdk/System/Library/Frameworks/UIKit.framework/Headers/UIAlertController.h:9:
In file included from /Applications/Xcode.app/Contents/Developer/Platforms/iPhoneSimulator.platform/Developer/SDKs/iPhoneSimulator26.5.sdk/System/Library/Frameworks/UIKit.framework/Headers/UIViewController.h:12:
/Applications/Xcode.app/Contents/Developer/Platforms/iPhoneSimulator.platform/Developer/SDKs/iPhoneSimulator26.5.sdk/System/Library/Frameworks/UIKit.framework/Headers/UIApplication.h:562:39: note: 'UIApplicationWillChangeStatusBarFrameNotification' has been explicitly marked deprecated here
  562 | UIKIT_EXTERN NSNotificationName const UIApplicationWillChangeStatusBarFrameNotification API_DEPRECATED("Use viewWillTransitionToSize:withTransitionCoordinator: instead.", ios(2.0, 13.0)) API_UNAVAILABLE(tvos) API_UNAVAILABLE(visionos, watchos) NS_SWIFT_NONISOLATED;       // userInfo contains NSValue with new frame
      |                                       ^
/Users/antoniogrillo-balen/Desktop/Projects/RiseBuild/node_modules/react-native/React/CoreModules/RCTStatusBarManager.mm:100:41: warning: 'UIApplicationStatusBarFrameUserInfoKey' is deprecated: first deprecated in iOS 13.0 - Use viewWillTransitionToSize:withTransitionCoordinator: instead. [-Wdeprecated-declarations]
  100 |   CGRect frame = [notification.userInfo[UIApplicationStatusBarFrameUserInfoKey] CGRectValue];
      |                                         ^
In file included from <built-in>:1:
In file included from /Users/antoniogrillo-balen/Desktop/Projects/RiseBuild/ios/Pods/Target Support Files/React-CoreModules/React-CoreModules-prefix.pch:2:
In file included from /Applications/Xcode.app/Contents/Developer/Platforms/iPhoneSimulator.platform/Developer/SDKs/iPhoneSimulator26.5.sdk/System/Library/Frameworks/UIKit.framework/Headers/UIKit.h:9:
In file included from /Applications/Xcode.app/Contents/Developer/Platforms/iPhoneSimulator.platform/Developer/SDKs/iPhoneSimulator26.5.sdk/System/Library/Frameworks/UIKit.framework/Headers/UIKitCore.h:34:
In file included from /Applications/Xcode.app/Contents/Developer/Platforms/iPhoneSimulator.platform/Developer/SDKs/iPhoneSimulator26.5.sdk/System/Library/Frameworks/UIKit.framework/Headers/UIAccessibility.h:20:
In file included from /Applications/Xcode.app/Contents/Developer/Platforms/iPhoneSimulator.platform/Developer/SDKs/iPhoneSimulator26.5.sdk/System/Library/Frameworks/UIKit.framework/Headers/UIAccessibilityElement.h:12:
In file included from /Applications/Xcode.app/Contents/Developer/Platforms/iPhoneSimulator.platform/Developer/SDKs/iPhoneSimulator26.5.sdk/System/Library/Frameworks/UIKit.framework/Headers/UIAccessibilityIdentification.h:13:
In file included from /Applications/Xcode.app/Contents/Developer/Platforms/iPhoneSimulator.platform/Developer/SDKs/iPhoneSimulator26.5.sdk/System/Library/Frameworks/UIKit.framework/Headers/UIAlertController.h:9:
In file included from /Applications/Xcode.app/Contents/Developer/Platforms/iPhoneSimulator.platform/Developer/SDKs/iPhoneSimulator26.5.sdk/System/Library/Frameworks/UIKit.framework/Headers/UIViewController.h:12:
/Applications/Xcode.app/Contents/Developer/Platforms/iPhoneSimulator.platform/Developer/SDKs/iPhoneSimulator26.5.sdk/System/Library/Frameworks/UIKit.framework/Headers/UIApplication.h:564:30: note: 'UIApplicationStatusBarFrameUserInfoKey' has been explicitly marked deprecated here
  564 | UIKIT_EXTERN NSString *const UIApplicationStatusBarFrameUserInfoKey API_DEPRECATED("Use viewWillTransitionToSize:withTransitionCoordinator: instead.", ios(2.0, 13.0)) API_UNAVAILABLE(tvos) API_UNAVAILABLE(visionos, watchos) NS_SWIFT_NONISOLATED;                  // userInfo dictionary key for status bar frame
      |                              ^
3 warnings generated.

CompileC /Users/antoniogrillo-balen/Library/Developer/Xcode/DerivedData/risebysolis-gzfsziqwziaggpcbgdowmssiasmi/Build/Intermediates.noindex/Pods.build/Debug-iphonesimulator/React-CoreModules.build/Objects-normal/arm64/RCTSourceCode.o /Users/antoniogrillo-balen/Desktop/Projects/RiseBuild/node_modules/react-native/React/CoreModules/RCTSourceCode.mm normal arm64 objective-c++ com.apple.compilers.llvm.clang.1_0.compiler (in target 'React-CoreModules' from project 'Pods')
    cd /Users/antoniogrillo-balen/Desktop/Projects/RiseBuild/ios/Pods
    
    Using response file: /Users/antoniogrillo-balen/Library/Developer/Xcode/DerivedData/risebysolis-gzfsziqwziaggpcbgdowmssiasmi/Build/Intermediates.noindex/Pods.build/Debug-iphonesimulator/React-CoreModules.build/Objects-normal/arm64/af3fcb34312c57c0f52879cdce924b91-common-args.resp
    
    /Applications/Xcode.app/Contents/Developer/Toolchains/XcodeDefault.xctoolchain/usr/bin/clang -x objective-c++ -ivfsstatcache /Users/antoniogrillo-balen/Library/Developer/Xcode/DerivedData/SDKStatCaches.noindex/iphonesimulator26.5-23F73-6cfe768891a92b912361537c460fe42b.sdkstatcache -target arm64-apple-ios15.1-simulator -fmessage-length\=0 -fdiagnostics-show-note-include-stack -fmacro-backtrace-limit\=0 -fno-color-diagnostics -fmodules-prune-interval\=86400 -fmodules-prune-after\=345600 -fbuild-session-file\=/Users/antoniogrillo-balen/Library/Developer/Xcode/DerivedData/ModuleCache.noindex/Session.modulevalidation -fmodules-validate-once-per-build-session -Wnon-modular-include-in-framework-module -Werror\=non-modular-include-in-framework-module -Wno-trigraphs -Wno-missing-field-initializers -Wno-missing-prototypes -Werror\=return-type -Wdocumentation -Wunreachable-code -Wno-implicit-atomic-properties -Werror\=deprecated-objc-isa-usage -Wno-objc-interface-ivars -Werror\=objc-root-class -Wno-arc-repeated-use-of-weak -Wimplicit-retain-self -Wno-non-virtual-dtor -Wno-overloaded-virtual -Wno-exit-time-destructors -Wduplicate-method-match -Wno-missing-braces -Wparentheses -Wswitch -Wunused-function -Wno-unused-label -Wno-unused-parameter -Wunused-variable -Wunused-value -Wempty-body -Wuninitialized -Wconditional-uninitialized -Wno-unknown-pragmas -Wno-shadow -Wno-four-char-constants -Wno-conversion -Wconstant-conversion -Wint-conversion -Wbool-conversion -Wenum-conversion -Wno-float-conversion -Wnon-literal-null-conversion -Wobjc-literal-conversion -Wshorten-64-to-32 -Wno-newline-eof -Wno-selector -Wno-strict-selector-match -Wundeclared-selector -Wdeprecated-implementations -Wno-c++11-extensions -Wno-implicit-fallthrough -isysroot /Applications/Xcode.app/Contents/Developer/Platforms/iPhoneSimulator.platform/Developer/SDKs/iPhoneSimulator26.5.sdk -fstrict-aliasing -Wprotocol -Wdeprecated-declarations -Winvalid-offsetof -Wno-sign-conversion -Winfinite-recursion -Wmove -Wcomma -Wblock-capture-autoreleasing -Wstrict-prototypes -Wrange-loop-analysis -Wno-semicolon-before-method-body -Wunguarded-availability -index-store-path /Users/antoniogrillo-balen/Library/Developer/Xcode/DerivedData/risebysolis-gzfsziqwziaggpcbgdowmssiasmi/Index.noindex/DataStore -Wno-comma -Wno-shorten-64-to-32 @/Users/antoniogrillo-balen/Library/Developer/Xcode/DerivedData/risebysolis-gzfsziqwziaggpcbgdowmssiasmi/Build/Intermediates.noindex/Pods.build/Debug-iphonesimulator/React-CoreModules.build/Objects-normal/arm64/af3fcb34312c57c0f52879cdce924b91-common-args.resp -DFOLLY_NO_CONFIG -DFOLLY_MOBILE\=1 -DFOLLY_USE_LIBCPP\=1 -DFOLLY_CFG_NO_COROUTINES\=1 -DFOLLY_HAVE_CLOCK_GETTIME\=1 -Wno-comma -Wno-shorten-64-to-32 -Wno-nullability-completeness -include /Users/antoniogrillo-balen/Desktop/Projects/RiseBuild/ios/Pods/Target\ Support\ Files/React-CoreModules/React-CoreModules-prefix.pch -MMD -MT dependencies -MF /Users/antoniogrillo-balen/Library/Developer/Xcode/DerivedData/risebysolis-gzfsziqwziaggpcbgdowmssiasmi/Build/Intermediates.noindex/Pods.build/Debug-iphonesimulator/React-CoreModules.build/Objects-normal/arm64/RCTSourceCode.d --serialize-diagnostics /Users/antoniogrillo-balen/Library/Developer/Xcode/DerivedData/risebysolis-gzfsziqwziaggpcbgdowmssiasmi/Build/Intermediates.noindex/Pods.build/Debug-iphonesimulator/React-CoreModules.build/Objects-normal/arm64/RCTSourceCode.dia -c /Users/antoniogrillo-balen/Desktop/Projects/RiseBuild/node_modules/react-native/React/CoreModules/RCTSourceCode.mm -o /Users/antoniogrillo-balen/Library/Developer/Xcode/DerivedData/risebysolis-gzfsziqwziaggpcbgdowmssiasmi/Build/Intermediates.noindex/Pods.build/Debug-iphonesimulator/React-CoreModules.build/Objects-normal/arm64/RCTSourceCode.o -index-unit-output-path /Pods.build/Debug-iphonesimulator/React-CoreModules.build/Objects-normal/arm64/RCTSourceCode.o

CompileC /Users/antoniogrillo-balen/Library/Developer/Xcode/DerivedData/risebysolis-gzfsziqwziaggpcbgdowmssiasmi/Build/Intermediates.noindex/Pods.build/Debug-iphonesimulator/React-CoreModules.build/Objects-normal/arm64/RCTLogBox.o /Users/antoniogrillo-balen/Desktop/Projects/RiseBuild/node_modules/react-native/React/CoreModules/RCTLogBox.mm normal arm64 objective-c++ com.apple.compilers.llvm.clang.1_0.compiler (in target 'React-CoreModules' from project 'Pods')
    cd /Users/antoniogrillo-balen/Desktop/Projects/RiseBuild/ios/Pods
    
    Using response file: /Users/antoniogrillo-balen/Library/Developer/Xcode/DerivedData/risebysolis-gzfsziqwziaggpcbgdowmssiasmi/Build/Intermediates.noindex/Pods.build/Debug-iphonesimulator/React-CoreModules.build/Objects-normal/arm64/af3fcb34312c57c0f52879cdce924b91-common-args.resp
    
    /Applications/Xcode.app/Contents/Developer/Toolchains/XcodeDefault.xctoolchain/usr/bin/clang -x objective-c++ -ivfsstatcache /Users/antoniogrillo-balen/Library/Developer/Xcode/DerivedData/SDKStatCaches.noindex/iphonesimulator26.5-23F73-6cfe768891a92b912361537c460fe42b.sdkstatcache -target arm64-apple-ios15.1-simulator -fmessage-length\=0 -fdiagnostics-show-note-include-stack -fmacro-backtrace-limit\=0 -fno-color-diagnostics -fmodules-prune-interval\=86400 -fmodules-prune-after\=345600 -fbuild-session-file\=/Users/antoniogrillo-balen/Library/Developer/Xcode/DerivedData/ModuleCache.noindex/Session.modulevalidation -fmodules-validate-once-per-build-session -Wnon-modular-include-in-framework-module -Werror\=non-modular-include-in-framework-module -Wno-trigraphs -Wno-missing-field-initializers -Wno-missing-prototypes -Werror\=return-type -Wdocumentation -Wunreachable-code -Wno-implicit-atomic-properties -Werror\=deprecated-objc-isa-usage -Wno-objc-interface-ivars -Werror\=objc-root-class -Wno-arc-repeated-use-of-weak -Wimplicit-retain-self -Wno-non-virtual-dtor -Wno-overloaded-virtual -Wno-exit-time-destructors -Wduplicate-method-match -Wno-missing-braces -Wparentheses -Wswitch -Wunused-function -Wno-unused-label -Wno-unused-parameter -Wunused-variable -Wunused-value -Wempty-body -Wuninitialized -Wconditional-uninitialized -Wno-unknown-pragmas -Wno-shadow -Wno-four-char-constants -Wno-conversion -Wconstant-conversion -Wint-conversion -Wbool-conversion -Wenum-conversion -Wno-float-conversion -Wnon-literal-null-conversion -Wobjc-literal-conversion -Wshorten-64-to-32 -Wno-newline-eof -Wno-selector -Wno-strict-selector-match -Wundeclared-selector -Wdeprecated-implementations -Wno-c++11-extensions -Wno-implicit-fallthrough -isysroot /Applications/Xcode.app/Contents/Developer/Platforms/iPhoneSimulator.platform/Developer/SDKs/iPhoneSimulator26.5.sdk -fstrict-aliasing -Wprotocol -Wdeprecated-declarations -Winvalid-offsetof -Wno-sign-conversion -Winfinite-recursion -Wmove -Wcomma -Wblock-capture-autoreleasing -Wstrict-prototypes -Wrange-loop-analysis -Wno-semicolon-before-method-body -Wunguarded-availability -index-store-path /Users/antoniogrillo-balen/Library/Developer/Xcode/DerivedData/risebysolis-gzfsziqwziaggpcbgdowmssiasmi/Index.noindex/DataStore -Wno-comma -Wno-shorten-64-to-32 @/Users/antoniogrillo-balen/Library/Developer/Xcode/DerivedData/risebysolis-gzfsziqwziaggpcbgdowmssiasmi/Build/Intermediates.noindex/Pods.build/Debug-iphonesimulator/React-CoreModules.build/Objects-normal/arm64/af3fcb34312c57c0f52879cdce924b91-common-args.resp -DFOLLY_NO_CONFIG -DFOLLY_MOBILE\=1 -DFOLLY_USE_LIBCPP\=1 -DFOLLY_CFG_NO_COROUTINES\=1 -DFOLLY_HAVE_CLOCK_GETTIME\=1 -Wno-comma -Wno-shorten-64-to-32 -Wno-nullability-completeness -include /Users/antoniogrillo-balen/Desktop/Projects/RiseBuild/ios/Pods/Target\ Support\ Files/React-CoreModules/React-CoreModules-prefix.pch -MMD -MT dependencies -MF /Users/antoniogrillo-balen/Library/Developer/Xcode/DerivedData/risebysolis-gzfsziqwziaggpcbgdowmssiasmi/Build/Intermediates.noindex/Pods.build/Debug-iphonesimulator/React-CoreModules.build/Objects-normal/arm64/RCTLogBox.d --serialize-diagnostics /Users/antoniogrillo-balen/Library/Developer/Xcode/DerivedData/risebysolis-gzfsziqwziaggpcbgdowmssiasmi/Build/Intermediates.noindex/Pods.build/Debug-iphonesimulator/React-CoreModules.build/Objects-normal/arm64/RCTLogBox.dia -c /Users/antoniogrillo-balen/Desktop/Projects/RiseBuild/node_modules/react-native/React/CoreModules/RCTLogBox.mm -o /Users/antoniogrillo-balen/Library/Developer/Xcode/DerivedData/risebysolis-gzfsziqwziaggpcbgdowmssiasmi/Build/Intermediates.noindex/Pods.build/Debug-iphonesimulator/React-CoreModules.build/Objects-normal/arm64/RCTLogBox.o -index-unit-output-path /Pods.build/Debug-iphonesimulator/React-CoreModules.build/Objects-normal/arm64/RCTLogBox.o

CompileC /Users/antoniogrillo-balen/Library/Developer/Xcode/DerivedData/risebysolis-gzfsziqwziaggpcbgdowmssiasmi/Build/Intermediates.noindex/Pods.build/Debug-iphonesimulator/React-CoreModules.build/Objects-normal/arm64/RCTKeyboardObserver.o /Users/antoniogrillo-balen/Desktop/Projects/RiseBuild/node_modules/react-native/React/CoreModules/RCTKeyboardObserver.mm normal arm64 objective-c++ com.apple.compilers.llvm.clang.1_0.compiler (in target 'React-CoreModules' from project 'Pods')
    cd /Users/antoniogrillo-balen/Desktop/Projects/RiseBuild/ios/Pods
    
    Using response file: /Users/antoniogrillo-balen/Library/Developer/Xcode/DerivedData/risebysolis-gzfsziqwziaggpcbgdowmssiasmi/Build/Intermediates.noindex/Pods.build/Debug-iphonesimulator/React-CoreModules.build/Objects-normal/arm64/af3fcb34312c57c0f52879cdce924b91-common-args.resp
    
    /Applications/Xcode.app/Contents/Developer/Toolchains/XcodeDefault.xctoolchain/usr/bin/clang -x objective-c++ -ivfsstatcache /Users/antoniogrillo-balen/Library/Developer/Xcode/DerivedData/SDKStatCaches.noindex/iphonesimulator26.5-23F73-6cfe768891a92b912361537c460fe42b.sdkstatcache -target arm64-apple-ios15.1-simulator -fmessage-length\=0 -fdiagnostics-show-note-include-stack -fmacro-backtrace-limit\=0 -fno-color-diagnostics -fmodules-prune-interval\=86400 -fmodules-prune-after\=345600 -fbuild-session-file\=/Users/antoniogrillo-balen/Library/Developer/Xcode/DerivedData/ModuleCache.noindex/Session.modulevalidation -fmodules-validate-once-per-build-session -Wnon-modular-include-in-framework-module -Werror\=non-modular-include-in-framework-module -Wno-trigraphs -Wno-missing-field-initializers -Wno-missing-prototypes -Werror\=return-type -Wdocumentation -Wunreachable-code -Wno-implicit-atomic-properties -Werror\=deprecated-objc-isa-usage -Wno-objc-interface-ivars -Werror\=objc-root-class -Wno-arc-repeated-use-of-weak -Wimplicit-retain-self -Wno-non-virtual-dtor -Wno-overloaded-virtual -Wno-exit-time-destructors -Wduplicate-method-match -Wno-missing-braces -Wparentheses -Wswitch -Wunused-function -Wno-unused-label -Wno-unused-parameter -Wunused-variable -Wunused-value -Wempty-body -Wuninitialized -Wconditional-uninitialized -Wno-unknown-pragmas -Wno-shadow -Wno-four-char-constants -Wno-conversion -Wconstant-conversion -Wint-conversion -Wbool-conversion -Wenum-conversion -Wno-float-conversion -Wnon-literal-null-conversion -Wobjc-literal-conversion -Wshorten-64-to-32 -Wno-newline-eof -Wno-selector -Wno-strict-selector-match -Wundeclared-selector -Wdeprecated-implementations -Wno-c++11-extensions -Wno-implicit-fallthrough -isysroot /Applications/Xcode.app/Contents/Developer/Platforms/iPhoneSimulator.platform/Developer/SDKs/iPhoneSimulator26.5.sdk -fstrict-aliasing -Wprotocol -Wdeprecated-declarations -Winvalid-offsetof -Wno-sign-conversion -Winfinite-recursion -Wmove -Wcomma -Wblock-capture-autoreleasing -Wstrict-prototypes -Wrange-loop-analysis -Wno-semicolon-before-method-body -Wunguarded-availability -index-store-path /Users/antoniogrillo-balen/Library/Developer/Xcode/DerivedData/risebysolis-gzfsziqwziaggpcbgdowmssiasmi/Index.noindex/DataStore -Wno-comma -Wno-shorten-64-to-32 @/Users/antoniogrillo-balen/Library/Developer/Xcode/DerivedData/risebysolis-gzfsziqwziaggpcbgdowmssiasmi/Build/Intermediates.noindex/Pods.build/Debug-iphonesimulator/React-CoreModules.build/Objects-normal/arm64/af3fcb34312c57c0f52879cdce924b91-common-args.resp -DFOLLY_NO_CONFIG -DFOLLY_MOBILE\=1 -DFOLLY_USE_LIBCPP\=1 -DFOLLY_CFG_NO_COROUTINES\=1 -DFOLLY_HAVE_CLOCK_GETTIME\=1 -Wno-comma -Wno-shorten-64-to-32 -Wno-nullability-completeness -include /Users/antoniogrillo-balen/Desktop/Projects/RiseBuild/ios/Pods/Target\ Support\ Files/React-CoreModules/React-CoreModules-prefix.pch -MMD -MT dependencies -MF /Users/antoniogrillo-balen/Library/Developer/Xcode/DerivedData/risebysolis-gzfsziqwziaggpcbgdowmssiasmi/Build/Intermediates.noindex/Pods.build/Debug-iphonesimulator/React-CoreModules.build/Objects-normal/arm64/RCTKeyboardObserver.d --serialize-diagnostics /Users/antoniogrillo-balen/Library/Developer/Xcode/DerivedData/risebysolis-gzfsziqwziaggpcbgdowmssiasmi/Build/Intermediates.noindex/Pods.build/Debug-iphonesimulator/React-CoreModules.build/Objects-normal/arm64/RCTKeyboardObserver.dia -c /Users/antoniogrillo-balen/Desktop/Projects/RiseBuild/node_modules/react-native/React/CoreModules/RCTKeyboardObserver.mm -o /Users/antoniogrillo-balen/Library/Developer/Xcode/DerivedData/risebysolis-gzfsziqwziaggpcbgdowmssiasmi/Build/Intermediates.noindex/Pods.build/Debug-iphonesimulator/React-CoreModules.build/Objects-normal/arm64/RCTKeyboardObserver.o -index-unit-output-path /Pods.build/Debug-iphonesimulator/React-CoreModules.build/Objects-normal/arm64/RCTKeyboardObserver.o

CompileC /Users/antoniogrillo-balen/Library/Developer/Xcode/DerivedData/risebysolis-gzfsziqwziaggpcbgdowmssiasmi/Build/Intermediates.noindex/Pods.build/Debug-iphonesimulator/React-CoreModules.build/Objects-normal/arm64/RCTExceptionsManager.o /Users/antoniogrillo-balen/Desktop/Projects/RiseBuild/node_modules/react-native/React/CoreModules/RCTExceptionsManager.mm normal arm64 objective-c++ com.apple.compilers.llvm.clang.1_0.compiler (in target 'React-CoreModules' from project 'Pods')
    cd /Users/antoniogrillo-balen/Desktop/Projects/RiseBuild/ios/Pods
    
    Using response file: /Users/antoniogrillo-balen/Library/Developer/Xcode/DerivedData/risebysolis-gzfsziqwziaggpcbgdowmssiasmi/Build/Intermediates.noindex/Pods.build/Debug-iphonesimulator/React-CoreModules.build/Objects-normal/arm64/af3fcb34312c57c0f52879cdce924b91-common-args.resp
    
    /Applications/Xcode.app/Contents/Developer/Toolchains/XcodeDefault.xctoolchain/usr/bin/clang -x objective-c++ -ivfsstatcache /Users/antoniogrillo-balen/Library/Developer/Xcode/DerivedData/SDKStatCaches.noindex/iphonesimulator26.5-23F73-6cfe768891a92b912361537c460fe42b.sdkstatcache -target arm64-apple-ios15.1-simulator -fmessage-length\=0 -fdiagnostics-show-note-include-stack -fmacro-backtrace-limit\=0 -fno-color-diagnostics -fmodules-prune-interval\=86400 -fmodules-prune-after\=345600 -fbuild-session-file\=/Users/antoniogrillo-balen/Library/Developer/Xcode/DerivedData/ModuleCache.noindex/Session.modulevalidation -fmodules-validate-once-per-build-session -Wnon-modular-include-in-framework-module -Werror\=non-modular-include-in-framework-module -Wno-trigraphs -Wno-missing-field-initializers -Wno-missing-prototypes -Werror\=return-type -Wdocumentation -Wunreachable-code -Wno-implicit-atomic-properties -Werror\=deprecated-objc-isa-usage -Wno-objc-interface-ivars -Werror\=objc-root-class -Wno-arc-repeated-use-of-weak -Wimplicit-retain-self -Wno-non-virtual-dtor -Wno-overloaded-virtual -Wno-exit-time-destructors -Wduplicate-method-match -Wno-missing-braces -Wparentheses -Wswitch -Wunused-function -Wno-unused-label -Wno-unused-parameter -Wunused-variable -Wunused-value -Wempty-body -Wuninitialized -Wconditional-uninitialized -Wno-unknown-pragmas -Wno-shadow -Wno-four-char-constants -Wno-conversion -Wconstant-conversion -Wint-conversion -Wbool-conversion -Wenum-conversion -Wno-float-conversion -Wnon-literal-null-conversion -Wobjc-literal-conversion -Wshorten-64-to-32 -Wno-newline-eof -Wno-selector -Wno-strict-selector-match -Wundeclared-selector -Wdeprecated-implementations -Wno-c++11-extensions -Wno-implicit-fallthrough -isysroot /Applications/Xcode.app/Contents/Developer/Platforms/iPhoneSimulator.platform/Developer/SDKs/iPhoneSimulator26.5.sdk -fstrict-aliasing -Wprotocol -Wdeprecated-declarations -Winvalid-offsetof -Wno-sign-conversion -Winfinite-recursion -Wmove -Wcomma -Wblock-capture-autoreleasing -Wstrict-prototypes -Wrange-loop-analysis -Wno-semicolon-before-method-body -Wunguarded-availability -index-store-path /Users/antoniogrillo-balen/Library/Developer/Xcode/DerivedData/risebysolis-gzfsziqwziaggpcbgdowmssiasmi/Index.noindex/DataStore -Wno-comma -Wno-shorten-64-to-32 @/Users/antoniogrillo-balen/Library/Developer/Xcode/DerivedData/risebysolis-gzfsziqwziaggpcbgdowmssiasmi/Build/Intermediates.noindex/Pods.build/Debug-iphonesimulator/React-CoreModules.build/Objects-normal/arm64/af3fcb34312c57c0f52879cdce924b91-common-args.resp -DFOLLY_NO_CONFIG -DFOLLY_MOBILE\=1 -DFOLLY_USE_LIBCPP\=1 -DFOLLY_CFG_NO_COROUTINES\=1 -DFOLLY_HAVE_CLOCK_GETTIME\=1 -Wno-comma -Wno-shorten-64-to-32 -Wno-nullability-completeness -include /Users/antoniogrillo-balen/Desktop/Projects/RiseBuild/ios/Pods/Target\ Support\ Files/React-CoreModules/React-CoreModules-prefix.pch -MMD -MT dependencies -MF /Users/antoniogrillo-balen/Library/Developer/Xcode/DerivedData/risebysolis-gzfsziqwziaggpcbgdowmssiasmi/Build/Intermediates.noindex/Pods.build/Debug-iphonesimulator/React-CoreModules.build/Objects-normal/arm64/RCTExceptionsManager.d --serialize-diagnostics /Users/antoniogrillo-balen/Library/Developer/Xcode/DerivedData/risebysolis-gzfsziqwziaggpcbgdowmssiasmi/Build/Intermediates.noindex/Pods.build/Debug-iphonesimulator/React-CoreModules.build/Objects-normal/arm64/RCTExceptionsManager.dia -c /Users/antoniogrillo-balen/Desktop/Projects/RiseBuild/node_modules/react-native/React/CoreModules/RCTExceptionsManager.mm -o /Users/antoniogrillo-balen/Library/Developer/Xcode/DerivedData/risebysolis-gzfsziqwziaggpcbgdowmssiasmi/Build/Intermediates.noindex/Pods.build/Debug-iphonesimulator/React-CoreModules.build/Objects-normal/arm64/RCTExceptionsManager.o -index-unit-output-path /Pods.build/Debug-iphonesimulator/React-CoreModules.build/Objects-normal/arm64/RCTExceptionsManager.o

CompileC /Users/antoniogrillo-balen/Library/Developer/Xcode/DerivedData/risebysolis-gzfsziqwziaggpcbgdowmssiasmi/Build/Intermediates.noindex/Pods.build/Debug-iphonesimulator/React-CoreModules.build/Objects-normal/arm64/RCTDeviceInfo.o /Users/antoniogrillo-balen/Desktop/Projects/RiseBuild/node_modules/react-native/React/CoreModules/RCTDeviceInfo.mm normal arm64 objective-c++ com.apple.compilers.llvm.clang.1_0.compiler (in target 'React-CoreModules' from project 'Pods')
    cd /Users/antoniogrillo-balen/Desktop/Projects/RiseBuild/ios/Pods
    
    Using response file: /Users/antoniogrillo-balen/Library/Developer/Xcode/DerivedData/risebysolis-gzfsziqwziaggpcbgdowmssiasmi/Build/Intermediates.noindex/Pods.build/Debug-iphonesimulator/React-CoreModules.build/Objects-normal/arm64/af3fcb34312c57c0f52879cdce924b91-common-args.resp
    
    /Applications/Xcode.app/Contents/Developer/Toolchains/XcodeDefault.xctoolchain/usr/bin/clang -x objective-c++ -ivfsstatcache /Users/antoniogrillo-balen/Library/Developer/Xcode/DerivedData/SDKStatCaches.noindex/iphonesimulator26.5-23F73-6cfe768891a92b912361537c460fe42b.sdkstatcache -target arm64-apple-ios15.1-simulator -fmessage-length\=0 -fdiagnostics-show-note-include-stack -fmacro-backtrace-limit\=0 -fno-color-diagnostics -fmodules-prune-interval\=86400 -fmodules-prune-after\=345600 -fbuild-session-file\=/Users/antoniogrillo-balen/Library/Developer/Xcode/DerivedData/ModuleCache.noindex/Session.modulevalidation -fmodules-validate-once-per-build-session -Wnon-modular-include-in-framework-module -Werror\=non-modular-include-in-framework-module -Wno-trigraphs -Wno-missing-field-initializers -Wno-missing-prototypes -Werror\=return-type -Wdocumentation -Wunreachable-code -Wno-implicit-atomic-properties -Werror\=deprecated-objc-isa-usage -Wno-objc-interface-ivars -Werror\=objc-root-class -Wno-arc-repeated-use-of-weak -Wimplicit-retain-self -Wno-non-virtual-dtor -Wno-overloaded-virtual -Wno-exit-time-destructors -Wduplicate-method-match -Wno-missing-braces -Wparentheses -Wswitch -Wunused-function -Wno-unused-label -Wno-unused-parameter -Wunused-variable -Wunused-value -Wempty-body -Wuninitialized -Wconditional-uninitialized -Wno-unknown-pragmas -Wno-shadow -Wno-four-char-constants -Wno-conversion -Wconstant-conversion -Wint-conversion -Wbool-conversion -Wenum-conversion -Wno-float-conversion -Wnon-literal-null-conversion -Wobjc-literal-conversion -Wshorten-64-to-32 -Wno-newline-eof -Wno-selector -Wno-strict-selector-match -Wundeclared-selector -Wdeprecated-implementations -Wno-c++11-extensions -Wno-implicit-fallthrough -isysroot /Applications/Xcode.app/Contents/Developer/Platforms/iPhoneSimulator.platform/Developer/SDKs/iPhoneSimulator26.5.sdk -fstrict-aliasing -Wprotocol -Wdeprecated-declarations -Winvalid-offsetof -Wno-sign-conversion -Winfinite-recursion -Wmove -Wcomma -Wblock-capture-autoreleasing -Wstrict-prototypes -Wrange-loop-analysis -Wno-semicolon-before-method-body -Wunguarded-availability -index-store-path /Users/antoniogrillo-balen/Library/Developer/Xcode/DerivedData/risebysolis-gzfsziqwziaggpcbgdowmssiasmi/Index.noindex/DataStore -Wno-comma -Wno-shorten-64-to-32 @/Users/antoniogrillo-balen/Library/Developer/Xcode/DerivedData/risebysolis-gzfsziqwziaggpcbgdowmssiasmi/Build/Intermediates.noindex/Pods.build/Debug-iphonesimulator/React-CoreModules.build/Objects-normal/arm64/af3fcb34312c57c0f52879cdce924b91-common-args.resp -DFOLLY_NO_CONFIG -DFOLLY_MOBILE\=1 -DFOLLY_USE_LIBCPP\=1 -DFOLLY_CFG_NO_COROUTINES\=1 -DFOLLY_HAVE_CLOCK_GETTIME\=1 -Wno-comma -Wno-shorten-64-to-32 -Wno-nullability-completeness -include /Users/antoniogrillo-balen/Desktop/Projects/RiseBuild/ios/Pods/Target\ Support\ Files/React-CoreModules/React-CoreModules-prefix.pch -MMD -MT dependencies -MF /Users/antoniogrillo-balen/Library/Developer/Xcode/DerivedData/risebysolis-gzfsziqwziaggpcbgdowmssiasmi/Build/Intermediates.noindex/Pods.build/Debug-iphonesimulator/React-CoreModules.build/Objects-normal/arm64/RCTDeviceInfo.d --serialize-diagnostics /Users/antoniogrillo-balen/Library/Developer/Xcode/DerivedData/risebysolis-gzfsziqwziaggpcbgdowmssiasmi/Build/Intermediates.noindex/Pods.build/Debug-iphonesimulator/React-CoreModules.build/Objects-normal/arm64/RCTDeviceInfo.dia -c /Users/antoniogrillo-balen/Desktop/Projects/RiseBuild/node_modules/react-native/React/CoreModules/RCTDeviceInfo.mm -o /Users/antoniogrillo-balen/Library/Developer/Xcode/DerivedData/risebysolis-gzfsziqwziaggpcbgdowmssiasmi/Build/Intermediates.noindex/Pods.build/Debug-iphonesimulator/React-CoreModules.build/Objects-normal/arm64/RCTDeviceInfo.o -index-unit-output-path /Pods.build/Debug-iphonesimulator/React-CoreModules.build/Objects-normal/arm64/RCTDeviceInfo.o
/Users/antoniogrillo-balen/Desktop/Projects/RiseBuild/node_modules/react-native/React/CoreModules/RCTDeviceInfo.mm:131:46: warning: 'keyWindow' is deprecated: first deprecated in iOS 13.0 - Should not be used for applications that support multiple scenes as it returns a key window across all connected scenes [-Wdeprecated-declarations]
  131 |     isIPhoneNotched = RCTSharedApplication().keyWindow.safeAreaInsets.top > 20;
      |                                              ^
In file included from <built-in>:1:
In file included from /Users/antoniogrillo-balen/Desktop/Projects/RiseBuild/ios/Pods/Target Support Files/React-CoreModules/React-CoreModules-prefix.pch:2:
In file included from /Applications/Xcode.app/Contents/Developer/Platforms/iPhoneSimulator.platform/Developer/SDKs/iPhoneSimulator26.5.sdk/System/Library/Frameworks/UIKit.framework/Headers/UIKit.h:9:
In file included from /Applications/Xcode.app/Contents/Developer/Platforms/iPhoneSimulator.platform/Developer/SDKs/iPhoneSimulator26.5.sdk/System/Library/Frameworks/UIKit.framework/Headers/UIKitCore.h:34:
In file included from /Applications/Xcode.app/Contents/Developer/Platforms/iPhoneSimulator.platform/Developer/SDKs/iPhoneSimulator26.5.sdk/System/Library/Frameworks/UIKit.framework/Headers/UIAccessibility.h:20:
In file included from /Applications/Xcode.app/Contents/Developer/Platforms/iPhoneSimulator.platform/Developer/SDKs/iPhoneSimulator26.5.sdk/System/Library/Frameworks/UIKit.framework/Headers/UIAccessibilityElement.h:12:
In file included from /Applications/Xcode.app/Contents/Developer/Platforms/iPhoneSimulator.platform/Developer/SDKs/iPhoneSimulator26.5.sdk/System/Library/Frameworks/UIKit.framework/Headers/UIAccessibilityIdentification.h:13:
In file included from /Applications/Xcode.app/Contents/Developer/Platforms/iPhoneSimulator.platform/Developer/SDKs/iPhoneSimulator26.5.sdk/System/Library/Frameworks/UIKit.framework/Headers/UIAlertController.h:9:
In file included from /Applications/Xcode.app/Contents/Developer/Platforms/iPhoneSimulator.platform/Developer/SDKs/iPhoneSimulator26.5.sdk/System/Library/Frameworks/UIKit.framework/Headers/UIViewController.h:12:
/Applications/Xcode.app/Contents/Developer/Platforms/iPhoneSimulator.platform/Developer/SDKs/iPhoneSimulator26.5.sdk/System/Library/Frameworks/UIKit.framework/Headers/UIApplication.h:108:51: note: 'keyWindow' has been explicitly marked deprecated here
  108 | @property(nullable, nonatomic,readonly) UIWindow *keyWindow API_DEPRECATED("Should not be used for applications that support multiple scenes as it returns a key window across all connected scenes", ios(2.0, 13.0)) API_UNAVAILABLE(visionos, watchos);
      |                                                   ^
1 warning generated.

CompileC /Users/antoniogrillo-balen/Library/Developer/Xcode/DerivedData/risebysolis-gzfsziqwziaggpcbgdowmssiasmi/Build/Intermediates.noindex/Pods.build/Debug-iphonesimulator/React-CoreModules.build/Objects-normal/arm64/RCTAppState.o /Users/antoniogrillo-balen/Desktop/Projects/RiseBuild/node_modules/react-native/React/CoreModules/RCTAppState.mm normal arm64 objective-c++ com.apple.compilers.llvm.clang.1_0.compiler (in target 'React-CoreModules' from project 'Pods')
    cd /Users/antoniogrillo-balen/Desktop/Projects/RiseBuild/ios/Pods
    
    Using response file: /Users/antoniogrillo-balen/Library/Developer/Xcode/DerivedData/risebysolis-gzfsziqwziaggpcbgdowmssiasmi/Build/Intermediates.noindex/Pods.build/Debug-iphonesimulator/React-CoreModules.build/Objects-normal/arm64/af3fcb34312c57c0f52879cdce924b91-common-args.resp
    
    /Applications/Xcode.app/Contents/Developer/Toolchains/XcodeDefault.xctoolchain/usr/bin/clang -x objective-c++ -ivfsstatcache /Users/antoniogrillo-balen/Library/Developer/Xcode/DerivedData/SDKStatCaches.noindex/iphonesimulator26.5-23F73-6cfe768891a92b912361537c460fe42b.sdkstatcache -target arm64-apple-ios15.1-simulator -fmessage-length\=0 -fdiagnostics-show-note-include-stack -fmacro-backtrace-limit\=0 -fno-color-diagnostics -fmodules-prune-interval\=86400 -fmodules-prune-after\=345600 -fbuild-session-file\=/Users/antoniogrillo-balen/Library/Developer/Xcode/DerivedData/ModuleCache.noindex/Session.modulevalidation -fmodules-validate-once-per-build-session -Wnon-modular-include-in-framework-module -Werror\=non-modular-include-in-framework-module -Wno-trigraphs -Wno-missing-field-initializers -Wno-missing-prototypes -Werror\=return-type -Wdocumentation -Wunreachable-code -Wno-implicit-atomic-properties -Werror\=deprecated-objc-isa-usage -Wno-objc-interface-ivars -Werror\=objc-root-class -Wno-arc-repeated-use-of-weak -Wimplicit-retain-self -Wno-non-virtual-dtor -Wno-overloaded-virtual -Wno-exit-time-destructors -Wduplicate-method-match -Wno-missing-braces -Wparentheses -Wswitch -Wunused-function -Wno-unused-label -Wno-unused-parameter -Wunused-variable -Wunused-value -Wempty-body -Wuninitialized -Wconditional-uninitialized -Wno-unknown-pragmas -Wno-shadow -Wno-four-char-constants -Wno-conversion -Wconstant-conversion -Wint-conversion -Wbool-conversion -Wenum-conversion -Wno-float-conversion -Wnon-literal-null-conversion -Wobjc-literal-conversion -Wshorten-64-to-32 -Wno-newline-eof -Wno-selector -Wno-strict-selector-match -Wundeclared-selector -Wdeprecated-implementations -Wno-c++11-extensions -Wno-implicit-fallthrough -isysroot /Applications/Xcode.app/Contents/Developer/Platforms/iPhoneSimulator.platform/Developer/SDKs/iPhoneSimulator26.5.sdk -fstrict-aliasing -Wprotocol -Wdeprecated-declarations -Winvalid-offsetof -Wno-sign-conversion -Winfinite-recursion -Wmove -Wcomma -Wblock-capture-autoreleasing -Wstrict-prototypes -Wrange-loop-analysis -Wno-semicolon-before-method-body -Wunguarded-availability -index-store-path /Users/antoniogrillo-balen/Library/Developer/Xcode/DerivedData/risebysolis-gzfsziqwziaggpcbgdowmssiasmi/Index.noindex/DataStore -Wno-comma -Wno-shorten-64-to-32 @/Users/antoniogrillo-balen/Library/Developer/Xcode/DerivedData/risebysolis-gzfsziqwziaggpcbgdowmssiasmi/Build/Intermediates.noindex/Pods.build/Debug-iphonesimulator/React-CoreModules.build/Objects-normal/arm64/af3fcb34312c57c0f52879cdce924b91-common-args.resp -DFOLLY_NO_CONFIG -DFOLLY_MOBILE\=1 -DFOLLY_USE_LIBCPP\=1 -DFOLLY_CFG_NO_COROUTINES\=1 -DFOLLY_HAVE_CLOCK_GETTIME\=1 -Wno-comma -Wno-shorten-64-to-32 -Wno-nullability-completeness -include /Users/antoniogrillo-balen/Desktop/Projects/RiseBuild/ios/Pods/Target\ Support\ Files/React-CoreModules/React-CoreModules-prefix.pch -MMD -MT dependencies -MF /Users/antoniogrillo-balen/Library/Developer/Xcode/DerivedData/risebysolis-gzfsziqwziaggpcbgdowmssiasmi/Build/Intermediates.noindex/Pods.build/Debug-iphonesimulator/React-CoreModules.build/Objects-normal/arm64/RCTAppState.d --serialize-diagnostics /Users/antoniogrillo-balen/Library/Developer/Xcode/DerivedData/risebysolis-gzfsziqwziaggpcbgdowmssiasmi/Build/Intermediates.noindex/Pods.build/Debug-iphonesimulator/React-CoreModules.build/Objects-normal/arm64/RCTAppState.dia -c /Users/antoniogrillo-balen/Desktop/Projects/RiseBuild/node_modules/react-native/React/CoreModules/RCTAppState.mm -o /Users/antoniogrillo-balen/Library/Developer/Xcode/DerivedData/risebysolis-gzfsziqwziaggpcbgdowmssiasmi/Build/Intermediates.noindex/Pods.build/Debug-iphonesimulator/React-CoreModules.build/Objects-normal/arm64/RCTAppState.o -index-unit-output-path /Pods.build/Debug-iphonesimulator/React-CoreModules.build/Objects-normal/arm64/RCTAppState.o

CompileC /Users/antoniogrillo-balen/Library/Developer/Xcode/DerivedData/risebysolis-gzfsziqwziaggpcbgdowmssiasmi/Build/Intermediates.noindex/Pods.build/Debug-iphonesimulator/React-CoreModules.build/Objects-normal/arm64/RCTAlertManager.o /Users/antoniogrillo-balen/Desktop/Projects/RiseBuild/node_modules/react-native/React/CoreModules/RCTAlertManager.mm normal arm64 objective-c++ com.apple.compilers.llvm.clang.1_0.compiler (in target 'React-CoreModules' from project 'Pods')
    cd /Users/antoniogrillo-balen/Desktop/Projects/RiseBuild/ios/Pods
    
    Using response file: /Users/antoniogrillo-balen/Library/Developer/Xcode/DerivedData/risebysolis-gzfsziqwziaggpcbgdowmssiasmi/Build/Intermediates.noindex/Pods.build/Debug-iphonesimulator/React-CoreModules.build/Objects-normal/arm64/af3fcb34312c57c0f52879cdce924b91-common-args.resp
    
    /Applications/Xcode.app/Contents/Developer/Toolchains/XcodeDefault.xctoolchain/usr/bin/clang -x objective-c++ -ivfsstatcache /Users/antoniogrillo-balen/Library/Developer/Xcode/DerivedData/SDKStatCaches.noindex/iphonesimulator26.5-23F73-6cfe768891a92b912361537c460fe42b.sdkstatcache -target arm64-apple-ios15.1-simulator -fmessage-length\=0 -fdiagnostics-show-note-include-stack -fmacro-backtrace-limit\=0 -fno-color-diagnostics -fmodules-prune-interval\=86400 -fmodules-prune-after\=345600 -fbuild-session-file\=/Users/antoniogrillo-balen/Library/Developer/Xcode/DerivedData/ModuleCache.noindex/Session.modulevalidation -fmodules-validate-once-per-build-session -Wnon-modular-include-in-framework-module -Werror\=non-modular-include-in-framework-module -Wno-trigraphs -Wno-missing-field-initializers -Wno-missing-prototypes -Werror\=return-type -Wdocumentation -Wunreachable-code -Wno-implicit-atomic-properties -Werror\=deprecated-objc-isa-usage -Wno-objc-interface-ivars -Werror\=objc-root-class -Wno-arc-repeated-use-of-weak -Wimplicit-retain-self -Wno-non-virtual-dtor -Wno-overloaded-virtual -Wno-exit-time-destructors -Wduplicate-method-match -Wno-missing-braces -Wparentheses -Wswitch -Wunused-function -Wno-unused-label -Wno-unused-parameter -Wunused-variable -Wunused-value -Wempty-body -Wuninitialized -Wconditional-uninitialized -Wno-unknown-pragmas -Wno-shadow -Wno-four-char-constants -Wno-conversion -Wconstant-conversion -Wint-conversion -Wbool-conversion -Wenum-conversion -Wno-float-conversion -Wnon-literal-null-conversion -Wobjc-literal-conversion -Wshorten-64-to-32 -Wno-newline-eof -Wno-selector -Wno-strict-selector-match -Wundeclared-selector -Wdeprecated-implementations -Wno-c++11-extensions -Wno-implicit-fallthrough -isysroot /Applications/Xcode.app/Contents/Developer/Platforms/iPhoneSimulator.platform/Developer/SDKs/iPhoneSimulator26.5.sdk -fstrict-aliasing -Wprotocol -Wdeprecated-declarations -Winvalid-offsetof -Wno-sign-conversion -Winfinite-recursion -Wmove -Wcomma -Wblock-capture-autoreleasing -Wstrict-prototypes -Wrange-loop-analysis -Wno-semicolon-before-method-body -Wunguarded-availability -index-store-path /Users/antoniogrillo-balen/Library/Developer/Xcode/DerivedData/risebysolis-gzfsziqwziaggpcbgdowmssiasmi/Index.noindex/DataStore -Wno-comma -Wno-shorten-64-to-32 @/Users/antoniogrillo-balen/Library/Developer/Xcode/DerivedData/risebysolis-gzfsziqwziaggpcbgdowmssiasmi/Build/Intermediates.noindex/Pods.build/Debug-iphonesimulator/React-CoreModules.build/Objects-normal/arm64/af3fcb34312c57c0f52879cdce924b91-common-args.resp -DFOLLY_NO_CONFIG -DFOLLY_MOBILE\=1 -DFOLLY_USE_LIBCPP\=1 -DFOLLY_CFG_NO_COROUTINES\=1 -DFOLLY_HAVE_CLOCK_GETTIME\=1 -Wno-comma -Wno-shorten-64-to-32 -Wno-nullability-completeness -include /Users/antoniogrillo-balen/Desktop/Projects/RiseBuild/ios/Pods/Target\ Support\ Files/React-CoreModules/React-CoreModules-prefix.pch -MMD -MT dependencies -MF /Users/antoniogrillo-balen/Library/Developer/Xcode/DerivedData/risebysolis-gzfsziqwziaggpcbgdowmssiasmi/Build/Intermediates.noindex/Pods.build/Debug-iphonesimulator/React-CoreModules.build/Objects-normal/arm64/RCTAlertManager.d --serialize-diagnostics /Users/antoniogrillo-balen/Library/Developer/Xcode/DerivedData/risebysolis-gzfsziqwziaggpcbgdowmssiasmi/Build/Intermediates.noindex/Pods.build/Debug-iphonesimulator/React-CoreModules.build/Objects-normal/arm64/RCTAlertManager.dia -c /Users/antoniogrillo-balen/Desktop/Projects/RiseBuild/node_modules/react-native/React/CoreModules/RCTAlertManager.mm -o /Users/antoniogrillo-balen/Library/Developer/Xcode/DerivedData/risebysolis-gzfsziqwziaggpcbgdowmssiasmi/Build/Intermediates.noindex/Pods.build/Debug-iphonesimulator/React-CoreModules.build/Objects-normal/arm64/RCTAlertManager.o -index-unit-output-path /Pods.build/Debug-iphonesimulator/React-CoreModules.build/Objects-normal/arm64/RCTAlertManager.o

CompileC /Users/antoniogrillo-balen/Library/Developer/Xcode/DerivedData/risebysolis-gzfsziqwziaggpcbgdowmssiasmi/Build/Intermediates.noindex/Pods.build/Debug-iphonesimulator/React-CoreModules.build/Objects-normal/arm64/RCTActionSheetManager.o /Users/antoniogrillo-balen/Desktop/Projects/RiseBuild/node_modules/react-native/React/CoreModules/RCTActionSheetManager.mm normal arm64 objective-c++ com.apple.compilers.llvm.clang.1_0.compiler (in target 'React-CoreModules' from project 'Pods')
    cd /Users/antoniogrillo-balen/Desktop/Projects/RiseBuild/ios/Pods
    
    Using response file: /Users/antoniogrillo-balen/Library/Developer/Xcode/DerivedData/risebysolis-gzfsziqwziaggpcbgdowmssiasmi/Build/Intermediates.noindex/Pods.build/Debug-iphonesimulator/React-CoreModules.build/Objects-normal/arm64/af3fcb34312c57c0f52879cdce924b91-common-args.resp
    
    /Applications/Xcode.app/Contents/Developer/Toolchains/XcodeDefault.xctoolchain/usr/bin/clang -x objective-c++ -ivfsstatcache /Users/antoniogrillo-balen/Library/Developer/Xcode/DerivedData/SDKStatCaches.noindex/iphonesimulator26.5-23F73-6cfe768891a92b912361537c460fe42b.sdkstatcache -target arm64-apple-ios15.1-simulator -fmessage-length\=0 -fdiagnostics-show-note-include-stack -fmacro-backtrace-limit\=0 -fno-color-diagnostics -fmodules-prune-interval\=86400 -fmodules-prune-after\=345600 -fbuild-session-file\=/Users/antoniogrillo-balen/Library/Developer/Xcode/DerivedData/ModuleCache.noindex/Session.modulevalidation -fmodules-validate-once-per-build-session -Wnon-modular-include-in-framework-module -Werror\=non-modular-include-in-framework-module -Wno-trigraphs -Wno-missing-field-initializers -Wno-missing-prototypes -Werror\=return-type -Wdocumentation -Wunreachable-code -Wno-implicit-atomic-properties -Werror\=deprecated-objc-isa-usage -Wno-objc-interface-ivars -Werror\=objc-root-class -Wno-arc-repeated-use-of-weak -Wimplicit-retain-self -Wno-non-virtual-dtor -Wno-overloaded-virtual -Wno-exit-time-destructors -Wduplicate-method-match -Wno-missing-braces -Wparentheses -Wswitch -Wunused-function -Wno-unused-label -Wno-unused-parameter -Wunused-variable -Wunused-value -Wempty-body -Wuninitialized -Wconditional-uninitialized -Wno-unknown-pragmas -Wno-shadow -Wno-four-char-constants -Wno-conversion -Wconstant-conversion -Wint-conversion -Wbool-conversion -Wenum-conversion -Wno-float-conversion -Wnon-literal-null-conversion -Wobjc-literal-conversion -Wshorten-64-to-32 -Wno-newline-eof -Wno-selector -Wno-strict-selector-match -Wundeclared-selector -Wdeprecated-implementations -Wno-c++11-extensions -Wno-implicit-fallthrough -isysroot /Applications/Xcode.app/Contents/Developer/Platforms/iPhoneSimulator.platform/Developer/SDKs/iPhoneSimulator26.5.sdk -fstrict-aliasing -Wprotocol -Wdeprecated-declarations -Winvalid-offsetof -Wno-sign-conversion -Winfinite-recursion -Wmove -Wcomma -Wblock-capture-autoreleasing -Wstrict-prototypes -Wrange-loop-analysis -Wno-semicolon-before-method-body -Wunguarded-availability -index-store-path /Users/antoniogrillo-balen/Library/Developer/Xcode/DerivedData/risebysolis-gzfsziqwziaggpcbgdowmssiasmi/Index.noindex/DataStore -Wno-comma -Wno-shorten-64-to-32 @/Users/antoniogrillo-balen/Library/Developer/Xcode/DerivedData/risebysolis-gzfsziqwziaggpcbgdowmssiasmi/Build/Intermediates.noindex/Pods.build/Debug-iphonesimulator/React-CoreModules.build/Objects-normal/arm64/af3fcb34312c57c0f52879cdce924b91-common-args.resp -DFOLLY_NO_CONFIG -DFOLLY_MOBILE\=1 -DFOLLY_USE_LIBCPP\=1 -DFOLLY_CFG_NO_COROUTINES\=1 -DFOLLY_HAVE_CLOCK_GETTIME\=1 -Wno-comma -Wno-shorten-64-to-32 -Wno-nullability-completeness -include /Users/antoniogrillo-balen/Desktop/Projects/RiseBuild/ios/Pods/Target\ Support\ Files/React-CoreModules/React-CoreModules-prefix.pch -MMD -MT dependencies -MF /Users/antoniogrillo-balen/Library/Developer/Xcode/DerivedData/risebysolis-gzfsziqwziaggpcbgdowmssiasmi/Build/Intermediates.noindex/Pods.build/Debug-iphonesimulator/React-CoreModules.build/Objects-normal/arm64/RCTActionSheetManager.d --serialize-diagnostics /Users/antoniogrillo-balen/Library/Developer/Xcode/DerivedData/risebysolis-gzfsziqwziaggpcbgdowmssiasmi/Build/Intermediates.noindex/Pods.build/Debug-iphonesimulator/React-CoreModules.build/Objects-normal/arm64/RCTActionSheetManager.dia -c /Users/antoniogrillo-balen/Desktop/Projects/RiseBuild/node_modules/react-native/React/CoreModules/RCTActionSheetManager.mm -o /Users/antoniogrillo-balen/Library/Developer/Xcode/DerivedData/risebysolis-gzfsziqwziaggpcbgdowmssiasmi/Build/Intermediates.noindex/Pods.build/Debug-iphonesimulator/React-CoreModules.build/Objects-normal/arm64/RCTActionSheetManager.o -index-unit-output-path /Pods.build/Debug-iphonesimulator/React-CoreModules.build/Objects-normal/arm64/RCTActionSheetManager.o

Libtool /Users/antoniogrillo-balen/Library/Developer/Xcode/DerivedData/risebysolis-gzfsziqwziaggpcbgdowmssiasmi/Build/Products/Debug-iphonesimulator/React-CoreModules/CoreModules.framework/CoreModules normal (in target 'React-CoreModules' from project 'Pods')
    cd /Users/antoniogrillo-balen/Desktop/Projects/RiseBuild/ios/Pods
    /Applications/Xcode.app/Contents/Developer/Toolchains/XcodeDefault.xctoolchain/usr/bin/libtool -static -arch_only arm64 -D -syslibroot /Applications/Xcode.app/Contents/Developer/Platforms/iPhoneSimulator.platform/Developer/SDKs/iPhoneSimulator26.5.sdk -L/Users/antoniogrillo-balen/Library/Developer/Xcode/DerivedData/risebysolis-gzfsziqwziaggpcbgdowmssiasmi/Build/Products/Debug-iphonesimulator/React-CoreModules -filelist /Users/antoniogrillo-balen/Library/Developer/Xcode/DerivedData/risebysolis-gzfsziqwziaggpcbgdowmssiasmi/Build/Intermediates.noindex/Pods.build/Debug-iphonesimulator/React-CoreModules.build/Objects-normal/arm64/CoreModules.LinkFileList -dependency_info /Users/antoniogrillo-balen/Library/Developer/Xcode/DerivedData/risebysolis-gzfsziqwziaggpcbgdowmssiasmi/Build/Intermediates.noindex/Pods.build/Debug-iphonesimulator/React-CoreModules.build/Objects-normal/arm64/CoreModules_libtool_dependency_info.dat -o /Users/antoniogrillo-balen/Library/Developer/Xcode/DerivedData/risebysolis-gzfsziqwziaggpcbgdowmssiasmi/Build/Products/Debug-iphonesimulator/React-CoreModules/CoreModules.framework/CoreModules

CodeSign /Users/antoniogrillo-balen/Library/Developer/Xcode/DerivedData/risebysolis-gzfsziqwziaggpcbgdowmssiasmi/Build/Products/Debug-iphonesimulator/React-CoreModules/CoreModules.framework (in target 'React-CoreModules' from project 'Pods')
    cd /Users/antoniogrillo-balen/Desktop/Projects/RiseBuild/ios/Pods
    
    Signing Identity:     "Sign to Run Locally"
    
    /usr/bin/codesign --force --sign - --timestamp\=none --generate-entitlement-der /Users/antoniogrillo-balen/Library/Developer/Xcode/DerivedData/risebysolis-gzfsziqwziaggpcbgdowmssiasmi/Build/Products/Debug-iphonesimulator/React-CoreModules/CoreModules.framework
note: Signing static framework with --generate-pre-encrypt-hashes (in target 'React-CoreModules' from project 'Pods')
/Users/antoniogrillo-balen/Library/Developer/Xcode/DerivedData/risebysolis-gzfsziqwziaggpcbgdowmssiasmi/Build/Products/Debug-iphonesimulator/React-CoreModules/CoreModules.framework: replacing existing signature

ProcessInfoPlistFile /Users/antoniogrillo-balen/Library/Developer/Xcode/DerivedData/risebysolis-gzfsziqwziaggpcbgdowmssiasmi/Build/Products/Debug-iphonesimulator/React-FabricComponents/React_FabricComponents.framework/Info.plist /Users/antoniogrillo-balen/Desktop/Projects/RiseBuild/ios/Pods/Target\ Support\ Files/React-FabricComponents/React-FabricComponents-Info.plist (in target 'React-FabricComponents' from project 'Pods')
    cd /Users/antoniogrillo-balen/Desktop/Projects/RiseBuild/ios/Pods
    builtin-infoPlistUtility /Users/antoniogrillo-balen/Desktop/Projects/RiseBuild/ios/Pods/Target\ Support\ Files/React-FabricComponents/React-FabricComponents-Info.plist -producttype com.apple.product-type.framework -expandbuildsettings -format binary -platform iphonesimulator -o /Users/antoniogrillo-balen/Library/Developer/Xcode/DerivedData/risebysolis-gzfsziqwziaggpcbgdowmssiasmi/Build/Products/Debug-iphonesimulator/React-FabricComponents/React_FabricComponents.framework/Info.plist

ProcessInfoPlistFile /Users/antoniogrillo-balen/Library/Developer/Xcode/DerivedData/risebysolis-gzfsziqwziaggpcbgdowmssiasmi/Build/Products/Debug-iphonesimulator/React-RCTText/RCTText.framework/Info.plist /Users/antoniogrillo-balen/Desktop/Projects/RiseBuild/ios/Pods/Target\ Support\ Files/React-RCTText/React-RCTText-Info.plist (in target 'React-RCTText' from project 'Pods')
    cd /Users/antoniogrillo-balen/Desktop/Projects/RiseBuild/ios/Pods
    builtin-infoPlistUtility /Users/antoniogrillo-balen/Desktop/Projects/RiseBuild/ios/Pods/Target\ Support\ Files/React-RCTText/React-RCTText-Info.plist -producttype com.apple.product-type.framework -expandbuildsettings -format binary -platform iphonesimulator -o /Users/antoniogrillo-balen/Library/Developer/Xcode/DerivedData/risebysolis-gzfsziqwziaggpcbgdowmssiasmi/Build/Products/Debug-iphonesimulator/React-RCTText/RCTText.framework/Info.plist

ProcessInfoPlistFile /Users/antoniogrillo-balen/Library/Developer/Xcode/DerivedData/risebysolis-gzfsziqwziaggpcbgdowmssiasmi/Build/Products/Debug-iphonesimulator/React-RCTFabric/RCTFabric.framework/Info.plist /Users/antoniogrillo-balen/Desktop/Projects/RiseBuild/ios/Pods/Target\ Support\ Files/React-RCTFabric/React-RCTFabric-Info.plist (in target 'React-RCTFabric' from project 'Pods')
    cd /Users/antoniogrillo-balen/Desktop/Projects/RiseBuild/ios/Pods
    builtin-infoPlistUtility /Users/antoniogrillo-balen/Desktop/Projects/RiseBuild/ios/Pods/Target\ Support\ Files/React-RCTFabric/React-RCTFabric-Info.plist -producttype com.apple.product-type.framework -expandbuildsettings -format binary -platform iphonesimulator -o /Users/antoniogrillo-balen/Library/Developer/Xcode/DerivedData/risebysolis-gzfsziqwziaggpcbgdowmssiasmi/Build/Products/Debug-iphonesimulator/React-RCTFabric/RCTFabric.framework/Info.plist

CompileC /Users/antoniogrillo-balen/Library/Developer/Xcode/DerivedData/risebysolis-gzfsziqwziaggpcbgdowmssiasmi/Build/Intermediates.noindex/Pods.build/Debug-iphonesimulator/React-RCTFabric.build/Objects-normal/arm64/RCTThirdPartyFabricComponentsProvider.o /Users/antoniogrillo-balen/Desktop/Projects/RiseBuild/node_modules/react-native/React/Fabric/RCTThirdPartyFabricComponentsProvider.mm normal arm64 objective-c++ com.apple.compilers.llvm.clang.1_0.compiler (in target 'React-RCTFabric' from project 'Pods')
    cd /Users/antoniogrillo-balen/Desktop/Projects/RiseBuild/ios/Pods
    
    Using response file: /Users/antoniogrillo-balen/Library/Developer/Xcode/DerivedData/risebysolis-gzfsziqwziaggpcbgdowmssiasmi/Build/Intermediates.noindex/Pods.build/Debug-iphonesimulator/React-RCTFabric.build/Objects-normal/arm64/af3fcb34312c57c0f52879cdce924b91-common-args.resp
    
    /Applications/Xcode.app/Contents/Developer/Toolchains/XcodeDefault.xctoolchain/usr/bin/clang -x objective-c++ -ivfsstatcache /Users/antoniogrillo-balen/Library/Developer/Xcode/DerivedData/SDKStatCaches.noindex/iphonesimulator26.5-23F73-6cfe768891a92b912361537c460fe42b.sdkstatcache -target arm64-apple-ios15.1-simulator -fmessage-length\=0 -fdiagnostics-show-note-include-stack -fmacro-backtrace-limit\=0 -fno-color-diagnostics -fmodules-prune-interval\=86400 -fmodules-prune-after\=345600 -fbuild-session-file\=/Users/antoniogrillo-balen/Library/Developer/Xcode/DerivedData/ModuleCache.noindex/Session.modulevalidation -fmodules-validate-once-per-build-session -Wnon-modular-include-in-framework-module -Werror\=non-modular-include-in-framework-module -Wno-trigraphs -Wno-missing-field-initializers -Wno-missing-prototypes -Werror\=return-type -Wdocumentation -Wunreachable-code -Wno-implicit-atomic-properties -Werror\=deprecated-objc-isa-usage -Wno-objc-interface-ivars -Werror\=objc-root-class -Wno-arc-repeated-use-of-weak -Wimplicit-retain-self -Wno-non-virtual-dtor -Wno-overloaded-virtual -Wno-exit-time-destructors -Wduplicate-method-match -Wno-missing-braces -Wparentheses -Wswitch -Wunused-function -Wno-unused-label -Wno-unused-parameter -Wunused-variable -Wunused-value -Wempty-body -Wuninitialized -Wconditional-uninitialized -Wno-unknown-pragmas -Wno-shadow -Wno-four-char-constants -Wno-conversion -Wconstant-conversion -Wint-conversion -Wbool-conversion -Wenum-conversion -Wno-float-conversion -Wnon-literal-null-conversion -Wobjc-literal-conversion -Wshorten-64-to-32 -Wno-newline-eof -Wno-selector -Wno-strict-selector-match -Wundeclared-selector -Wdeprecated-implementations -Wno-c++11-extensions -Wno-implicit-fallthrough -isysroot /Applications/Xcode.app/Contents/Developer/Platforms/iPhoneSimulator.platform/Developer/SDKs/iPhoneSimulator26.5.sdk -fstrict-aliasing -Wprotocol -Wdeprecated-declarations -Winvalid-offsetof -Wno-sign-conversion -Winfinite-recursion -Wmove -Wcomma -Wblock-capture-autoreleasing -Wstrict-prototypes -Wrange-loop-analysis -Wno-semicolon-before-method-body -Wunguarded-availability -index-store-path /Users/antoniogrillo-balen/Library/Developer/Xcode/DerivedData/risebysolis-gzfsziqwziaggpcbgdowmssiasmi/Index.noindex/DataStore -Wno-comma -Wno-shorten-64-to-32 @/Users/antoniogrillo-balen/Library/Developer/Xcode/DerivedData/risebysolis-gzfsziqwziaggpcbgdowmssiasmi/Build/Intermediates.noindex/Pods.build/Debug-iphonesimulator/React-RCTFabric.build/Objects-normal/arm64/af3fcb34312c57c0f52879cdce924b91-common-args.resp -DFOLLY_NO_CONFIG -DFOLLY_MOBILE\=1 -DFOLLY_USE_LIBCPP\=1 -DFOLLY_CFG_NO_COROUTINES\=1 -DFOLLY_HAVE_CLOCK_GETTIME\=1 -Wno-comma -Wno-shorten-64-to-32 -Wno-documentation -include /Users/antoniogrillo-balen/Desktop/Projects/RiseBuild/ios/Pods/Target\ Support\ Files/React-RCTFabric/React-RCTFabric-prefix.pch -MMD -MT dependencies -MF /Users/antoniogrillo-balen/Library/Developer/Xcode/DerivedData/risebysolis-gzfsziqwziaggpcbgdowmssiasmi/Build/Intermediates.noindex/Pods.build/Debug-iphonesimulator/React-RCTFabric.build/Objects-normal/arm64/RCTThirdPartyFabricComponentsProvider.d --serialize-diagnostics /Users/antoniogrillo-balen/Library/Developer/Xcode/DerivedData/risebysolis-gzfsziqwziaggpcbgdowmssiasmi/Build/Intermediates.noindex/Pods.build/Debug-iphonesimulator/React-RCTFabric.build/Objects-normal/arm64/RCTThirdPartyFabricComponentsProvider.dia -c /Users/antoniogrillo-balen/Desktop/Projects/RiseBuild/node_modules/react-native/React/Fabric/RCTThirdPartyFabricComponentsProvider.mm -o /Users/antoniogrillo-balen/Library/Developer/Xcode/DerivedData/risebysolis-gzfsziqwziaggpcbgdowmssiasmi/Build/Intermediates.noindex/Pods.build/Debug-iphonesimulator/React-RCTFabric.build/Objects-normal/arm64/RCTThirdPartyFabricComponentsProvider.o -index-unit-output-path /Pods.build/Debug-iphonesimulator/React-RCTFabric.build/Objects-normal/arm64/RCTThirdPartyFabricComponentsProvider.o

CompileC /Users/antoniogrillo-balen/Library/Developer/Xcode/DerivedData/risebysolis-gzfsziqwziaggpcbgdowmssiasmi/Build/Intermediates.noindex/Pods.build/Debug-iphonesimulator/React-RCTFabric.build/Objects-normal/arm64/RCTDebuggingOverlayComponentView.o /Users/antoniogrillo-balen/Desktop/Projects/RiseBuild/node_modules/react-native/React/Fabric/Mounting/ComponentViews/DebuggingOverlay/RCTDebuggingOverlayComponentView.mm normal arm64 objective-c++ com.apple.compilers.llvm.clang.1_0.compiler (in target 'React-RCTFabric' from project 'Pods')
    cd /Users/antoniogrillo-balen/Desktop/Projects/RiseBuild/ios/Pods
    
    Using response file: /Users/antoniogrillo-balen/Library/Developer/Xcode/DerivedData/risebysolis-gzfsziqwziaggpcbgdowmssiasmi/Build/Intermediates.noindex/Pods.build/Debug-iphonesimulator/React-RCTFabric.build/Objects-normal/arm64/af3fcb34312c57c0f52879cdce924b91-common-args.resp
    
    /Applications/Xcode.app/Contents/Developer/Toolchains/XcodeDefault.xctoolchain/usr/bin/clang -x objective-c++ -ivfsstatcache /Users/antoniogrillo-balen/Library/Developer/Xcode/DerivedData/SDKStatCaches.noindex/iphonesimulator26.5-23F73-6cfe768891a92b912361537c460fe42b.sdkstatcache -target arm64-apple-ios15.1-simulator -fmessage-length\=0 -fdiagnostics-show-note-include-stack -fmacro-backtrace-limit\=0 -fno-color-diagnostics -fmodules-prune-interval\=86400 -fmodules-prune-after\=345600 -fbuild-session-file\=/Users/antoniogrillo-balen/Library/Developer/Xcode/DerivedData/ModuleCache.noindex/Session.modulevalidation -fmodules-validate-once-per-build-session -Wnon-modular-include-in-framework-module -Werror\=non-modular-include-in-framework-module -Wno-trigraphs -Wno-missing-field-initializers -Wno-missing-prototypes -Werror\=return-type -Wdocumentation -Wunreachable-code -Wno-implicit-atomic-properties -Werror\=deprecated-objc-isa-usage -Wno-objc-interface-ivars -Werror\=objc-root-class -Wno-arc-repeated-use-of-weak -Wimplicit-retain-self -Wno-non-virtual-dtor -Wno-overloaded-virtual -Wno-exit-time-destructors -Wduplicate-method-match -Wno-missing-braces -Wparentheses -Wswitch -Wunused-function -Wno-unused-label -Wno-unused-parameter -Wunused-variable -Wunused-value -Wempty-body -Wuninitialized -Wconditional-uninitialized -Wno-unknown-pragmas -Wno-shadow -Wno-four-char-constants -Wno-conversion -Wconstant-conversion -Wint-conversion -Wbool-conversion -Wenum-conversion -Wno-float-conversion -Wnon-literal-null-conversion -Wobjc-literal-conversion -Wshorten-64-to-32 -Wno-newline-eof -Wno-selector -Wno-strict-selector-match -Wundeclared-selector -Wdeprecated-implementations -Wno-c++11-extensions -Wno-implicit-fallthrough -isysroot /Applications/Xcode.app/Contents/Developer/Platforms/iPhoneSimulator.platform/Developer/SDKs/iPhoneSimulator26.5.sdk -fstrict-aliasing -Wprotocol -Wdeprecated-declarations -Winvalid-offsetof -Wno-sign-conversion -Winfinite-recursion -Wmove -Wcomma -Wblock-capture-autoreleasing -Wstrict-prototypes -Wrange-loop-analysis -Wno-semicolon-before-method-body -Wunguarded-availability -index-store-path /Users/antoniogrillo-balen/Library/Developer/Xcode/DerivedData/risebysolis-gzfsziqwziaggpcbgdowmssiasmi/Index.noindex/DataStore -Wno-comma -Wno-shorten-64-to-32 @/Users/antoniogrillo-balen/Library/Developer/Xcode/DerivedData/risebysolis-gzfsziqwziaggpcbgdowmssiasmi/Build/Intermediates.noindex/Pods.build/Debug-iphonesimulator/React-RCTFabric.build/Objects-normal/arm64/af3fcb34312c57c0f52879cdce924b91-common-args.resp -DFOLLY_NO_CONFIG -DFOLLY_MOBILE\=1 -DFOLLY_USE_LIBCPP\=1 -DFOLLY_CFG_NO_COROUTINES\=1 -DFOLLY_HAVE_CLOCK_GETTIME\=1 -Wno-comma -Wno-shorten-64-to-32 -Wno-documentation -include /Users/antoniogrillo-balen/Desktop/Projects/RiseBuild/ios/Pods/Target\ Support\ Files/React-RCTFabric/React-RCTFabric-prefix.pch -MMD -MT dependencies -MF /Users/antoniogrillo-balen/Library/Developer/Xcode/DerivedData/risebysolis-gzfsziqwziaggpcbgdowmssiasmi/Build/Intermediates.noindex/Pods.build/Debug-iphonesimulator/React-RCTFabric.build/Objects-normal/arm64/RCTDebuggingOverlayComponentView.d --serialize-diagnostics /Users/antoniogrillo-balen/Library/Developer/Xcode/DerivedData/risebysolis-gzfsziqwziaggpcbgdowmssiasmi/Build/Intermediates.noindex/Pods.build/Debug-iphonesimulator/React-RCTFabric.build/Objects-normal/arm64/RCTDebuggingOverlayComponentView.dia -c /Users/antoniogrillo-balen/Desktop/Projects/RiseBuild/node_modules/react-native/React/Fabric/Mounting/ComponentViews/DebuggingOverlay/RCTDebuggingOverlayComponentView.mm -o /Users/antoniogrillo-balen/Library/Developer/Xcode/DerivedData/risebysolis-gzfsziqwziaggpcbgdowmssiasmi/Build/Intermediates.noindex/Pods.build/Debug-iphonesimulator/React-RCTFabric.build/Objects-normal/arm64/RCTDebuggingOverlayComponentView.o -index-unit-output-path /Pods.build/Debug-iphonesimulator/React-RCTFabric.build/Objects-normal/arm64/RCTDebuggingOverlayComponentView.o

CompileC /Users/antoniogrillo-balen/Library/Developer/Xcode/DerivedData/risebysolis-gzfsziqwziaggpcbgdowmssiasmi/Build/Intermediates.noindex/Pods.build/Debug-iphonesimulator/React-RCTFabric.build/Objects-normal/arm64/RCTFabricComponentsPlugins.o /Users/antoniogrillo-balen/Desktop/Projects/RiseBuild/node_modules/react-native/React/Fabric/Mounting/ComponentViews/RCTFabricComponentsPlugins.mm normal arm64 objective-c++ com.apple.compilers.llvm.clang.1_0.compiler (in target 'React-RCTFabric' from project 'Pods')
    cd /Users/antoniogrillo-balen/Desktop/Projects/RiseBuild/ios/Pods
    
    Using response file: /Users/antoniogrillo-balen/Library/Developer/Xcode/DerivedData/risebysolis-gzfsziqwziaggpcbgdowmssiasmi/Build/Intermediates.noindex/Pods.build/Debug-iphonesimulator/React-RCTFabric.build/Objects-normal/arm64/af3fcb34312c57c0f52879cdce924b91-common-args.resp
    
    /Applications/Xcode.app/Contents/Developer/Toolchains/XcodeDefault.xctoolchain/usr/bin/clang -x objective-c++ -ivfsstatcache /Users/antoniogrillo-balen/Library/Developer/Xcode/DerivedData/SDKStatCaches.noindex/iphonesimulator26.5-23F73-6cfe768891a92b912361537c460fe42b.sdkstatcache -target arm64-apple-ios15.1-simulator -fmessage-length\=0 -fdiagnostics-show-note-include-stack -fmacro-backtrace-limit\=0 -fno-color-diagnostics -fmodules-prune-interval\=86400 -fmodules-prune-after\=345600 -fbuild-session-file\=/Users/antoniogrillo-balen/Library/Developer/Xcode/DerivedData/ModuleCache.noindex/Session.modulevalidation -fmodules-validate-once-per-build-session -Wnon-modular-include-in-framework-module -Werror\=non-modular-include-in-framework-module -Wno-trigraphs -Wno-missing-field-initializers -Wno-missing-prototypes -Werror\=return-type -Wdocumentation -Wunreachable-code -Wno-implicit-atomic-properties -Werror\=deprecated-objc-isa-usage -Wno-objc-interface-ivars -Werror\=objc-root-class -Wno-arc-repeated-use-of-weak -Wimplicit-retain-self -Wno-non-virtual-dtor -Wno-overloaded-virtual -Wno-exit-time-destructors -Wduplicate-method-match -Wno-missing-braces -Wparentheses -Wswitch -Wunused-function -Wno-unused-label -Wno-unused-parameter -Wunused-variable -Wunused-value -Wempty-body -Wuninitialized -Wconditional-uninitialized -Wno-unknown-pragmas -Wno-shadow -Wno-four-char-constants -Wno-conversion -Wconstant-conversion -Wint-conversion -Wbool-conversion -Wenum-conversion -Wno-float-conversion -Wnon-literal-null-conversion -Wobjc-literal-conversion -Wshorten-64-to-32 -Wno-newline-eof -Wno-selector -Wno-strict-selector-match -Wundeclared-selector -Wdeprecated-implementations -Wno-c++11-extensions -Wno-implicit-fallthrough -isysroot /Applications/Xcode.app/Contents/Developer/Platforms/iPhoneSimulator.platform/Developer/SDKs/iPhoneSimulator26.5.sdk -fstrict-aliasing -Wprotocol -Wdeprecated-declarations -Winvalid-offsetof -Wno-sign-conversion -Winfinite-recursion -Wmove -Wcomma -Wblock-capture-autoreleasing -Wstrict-prototypes -Wrange-loop-analysis -Wno-semicolon-before-method-body -Wunguarded-availability -index-store-path /Users/antoniogrillo-balen/Library/Developer/Xcode/DerivedData/risebysolis-gzfsziqwziaggpcbgdowmssiasmi/Index.noindex/DataStore -Wno-comma -Wno-shorten-64-to-32 @/Users/antoniogrillo-balen/Library/Developer/Xcode/DerivedData/risebysolis-gzfsziqwziaggpcbgdowmssiasmi/Build/Intermediates.noindex/Pods.build/Debug-iphonesimulator/React-RCTFabric.build/Objects-normal/arm64/af3fcb34312c57c0f52879cdce924b91-common-args.resp -DFOLLY_NO_CONFIG -DFOLLY_MOBILE\=1 -DFOLLY_USE_LIBCPP\=1 -DFOLLY_CFG_NO_COROUTINES\=1 -DFOLLY_HAVE_CLOCK_GETTIME\=1 -Wno-comma -Wno-shorten-64-to-32 -Wno-documentation -include /Users/antoniogrillo-balen/Desktop/Projects/RiseBuild/ios/Pods/Target\ Support\ Files/React-RCTFabric/React-RCTFabric-prefix.pch -MMD -MT dependencies -MF /Users/antoniogrillo-balen/Library/Developer/Xcode/DerivedData/risebysolis-gzfsziqwziaggpcbgdowmssiasmi/Build/Intermediates.noindex/Pods.build/Debug-iphonesimulator/React-RCTFabric.build/Objects-normal/arm64/RCTFabricComponentsPlugins.d --serialize-diagnostics /Users/antoniogrillo-balen/Library/Developer/Xcode/DerivedData/risebysolis-gzfsziqwziaggpcbgdowmssiasmi/Build/Intermediates.noindex/Pods.build/Debug-iphonesimulator/React-RCTFabric.build/Objects-normal/arm64/RCTFabricComponentsPlugins.dia -c /Users/antoniogrillo-balen/Desktop/Projects/RiseBuild/node_modules/react-native/React/Fabric/Mounting/ComponentViews/RCTFabricComponentsPlugins.mm -o /Users/antoniogrillo-balen/Library/Developer/Xcode/DerivedData/risebysolis-gzfsziqwziaggpcbgdowmssiasmi/Build/Intermediates.noindex/Pods.build/Debug-iphonesimulator/React-RCTFabric.build/Objects-normal/arm64/RCTFabricComponentsPlugins.o -index-unit-output-path /Pods.build/Debug-iphonesimulator/React-RCTFabric.build/Objects-normal/arm64/RCTFabricComponentsPlugins.o

CompileC /Users/antoniogrillo-balen/Library/Developer/Xcode/DerivedData/risebysolis-gzfsziqwziaggpcbgdowmssiasmi/Build/Intermediates.noindex/Pods.build/Debug-iphonesimulator/React-RCTFabric.build/Objects-normal/arm64/RCTComponentViewFactory.o /Users/antoniogrillo-balen/Desktop/Projects/RiseBuild/node_modules/react-native/React/Fabric/Mounting/RCTComponentViewFactory.mm normal arm64 objective-c++ com.apple.compilers.llvm.clang.1_0.compiler (in target 'React-RCTFabric' from project 'Pods')
    cd /Users/antoniogrillo-balen/Desktop/Projects/RiseBuild/ios/Pods
    
    Using response file: /Users/antoniogrillo-balen/Library/Developer/Xcode/DerivedData/risebysolis-gzfsziqwziaggpcbgdowmssiasmi/Build/Intermediates.noindex/Pods.build/Debug-iphonesimulator/React-RCTFabric.build/Objects-normal/arm64/af3fcb34312c57c0f52879cdce924b91-common-args.resp
    
    /Applications/Xcode.app/Contents/Developer/Toolchains/XcodeDefault.xctoolchain/usr/bin/clang -x objective-c++ -ivfsstatcache /Users/antoniogrillo-balen/Library/Developer/Xcode/DerivedData/SDKStatCaches.noindex/iphonesimulator26.5-23F73-6cfe768891a92b912361537c460fe42b.sdkstatcache -target arm64-apple-ios15.1-simulator -fmessage-length\=0 -fdiagnostics-show-note-include-stack -fmacro-backtrace-limit\=0 -fno-color-diagnostics -fmodules-prune-interval\=86400 -fmodules-prune-after\=345600 -fbuild-session-file\=/Users/antoniogrillo-balen/Library/Developer/Xcode/DerivedData/ModuleCache.noindex/Session.modulevalidation -fmodules-validate-once-per-build-session -Wnon-modular-include-in-framework-module -Werror\=non-modular-include-in-framework-module -Wno-trigraphs -Wno-missing-field-initializers -Wno-missing-prototypes -Werror\=return-type -Wdocumentation -Wunreachable-code -Wno-implicit-atomic-properties -Werror\=deprecated-objc-isa-usage -Wno-objc-interface-ivars -Werror\=objc-root-class -Wno-arc-repeated-use-of-weak -Wimplicit-retain-self -Wno-non-virtual-dtor -Wno-overloaded-virtual -Wno-exit-time-destructors -Wduplicate-method-match -Wno-missing-braces -Wparentheses -Wswitch -Wunused-function -Wno-unused-label -Wno-unused-parameter -Wunused-variable -Wunused-value -Wempty-body -Wuninitialized -Wconditional-uninitialized -Wno-unknown-pragmas -Wno-shadow -Wno-four-char-constants -Wno-conversion -Wconstant-conversion -Wint-conversion -Wbool-conversion -Wenum-conversion -Wno-float-conversion -Wnon-literal-null-conversion -Wobjc-literal-conversion -Wshorten-64-to-32 -Wno-newline-eof -Wno-selector -Wno-strict-selector-match -Wundeclared-selector -Wdeprecated-implementations -Wno-c++11-extensions -Wno-implicit-fallthrough -isysroot /Applications/Xcode.app/Contents/Developer/Platforms/iPhoneSimulator.platform/Developer/SDKs/iPhoneSimulator26.5.sdk -fstrict-aliasing -Wprotocol -Wdeprecated-declarations -Winvalid-offsetof -Wno-sign-conversion -Winfinite-recursion -Wmove -Wcomma -Wblock-capture-autoreleasing -Wstrict-prototypes -Wrange-loop-analysis -Wno-semicolon-before-method-body -Wunguarded-availability -index-store-path /Users/antoniogrillo-balen/Library/Developer/Xcode/DerivedData/risebysolis-gzfsziqwziaggpcbgdowmssiasmi/Index.noindex/DataStore -Wno-comma -Wno-shorten-64-to-32 @/Users/antoniogrillo-balen/Library/Developer/Xcode/DerivedData/risebysolis-gzfsziqwziaggpcbgdowmssiasmi/Build/Intermediates.noindex/Pods.build/Debug-iphonesimulator/React-RCTFabric.build/Objects-normal/arm64/af3fcb34312c57c0f52879cdce924b91-common-args.resp -DFOLLY_NO_CONFIG -DFOLLY_MOBILE\=1 -DFOLLY_USE_LIBCPP\=1 -DFOLLY_CFG_NO_COROUTINES\=1 -DFOLLY_HAVE_CLOCK_GETTIME\=1 -Wno-comma -Wno-shorten-64-to-32 -Wno-documentation -include /Users/antoniogrillo-balen/Desktop/Projects/RiseBuild/ios/Pods/Target\ Support\ Files/React-RCTFabric/React-RCTFabric-prefix.pch -MMD -MT dependencies -MF /Users/antoniogrillo-balen/Library/Developer/Xcode/DerivedData/risebysolis-gzfsziqwziaggpcbgdowmssiasmi/Build/Intermediates.noindex/Pods.build/Debug-iphonesimulator/React-RCTFabric.build/Objects-normal/arm64/RCTComponentViewFactory.d --serialize-diagnostics /Users/antoniogrillo-balen/Library/Developer/Xcode/DerivedData/risebysolis-gzfsziqwziaggpcbgdowmssiasmi/Build/Intermediates.noindex/Pods.build/Debug-iphonesimulator/React-RCTFabric.build/Objects-normal/arm64/RCTComponentViewFactory.dia -c /Users/antoniogrillo-balen/Desktop/Projects/RiseBuild/node_modules/react-native/React/Fabric/Mounting/RCTComponentViewFactory.mm -o /Users/antoniogrillo-balen/Library/Developer/Xcode/DerivedData/risebysolis-gzfsziqwziaggpcbgdowmssiasmi/Build/Intermediates.noindex/Pods.build/Debug-iphonesimulator/React-RCTFabric.build/Objects-normal/arm64/RCTComponentViewFactory.o -index-unit-output-path /Pods.build/Debug-iphonesimulator/React-RCTFabric.build/Objects-normal/arm64/RCTComponentViewFactory.o

CompileC /Users/antoniogrillo-balen/Library/Developer/Xcode/DerivedData/risebysolis-gzfsziqwziaggpcbgdowmssiasmi/Build/Intermediates.noindex/Pods.build/Debug-iphonesimulator/React-RCTFabric.build/Objects-normal/arm64/RCTUnimplementedViewComponentView.o /Users/antoniogrillo-balen/Desktop/Projects/RiseBuild/node_modules/react-native/React/Fabric/Mounting/ComponentViews/UnimplementedView/RCTUnimplementedViewComponentView.mm normal arm64 objective-c++ com.apple.compilers.llvm.clang.1_0.compiler (in target 'React-RCTFabric' from project 'Pods')
    cd /Users/antoniogrillo-balen/Desktop/Projects/RiseBuild/ios/Pods
    
    Using response file: /Users/antoniogrillo-balen/Library/Developer/Xcode/DerivedData/risebysolis-gzfsziqwziaggpcbgdowmssiasmi/Build/Intermediates.noindex/Pods.build/Debug-iphonesimulator/React-RCTFabric.build/Objects-normal/arm64/af3fcb34312c57c0f52879cdce924b91-common-args.resp
    
    /Applications/Xcode.app/Contents/Developer/Toolchains/XcodeDefault.xctoolchain/usr/bin/clang -x objective-c++ -ivfsstatcache /Users/antoniogrillo-balen/Library/Developer/Xcode/DerivedData/SDKStatCaches.noindex/iphonesimulator26.5-23F73-6cfe768891a92b912361537c460fe42b.sdkstatcache -target arm64-apple-ios15.1-simulator -fmessage-length\=0 -fdiagnostics-show-note-include-stack -fmacro-backtrace-limit\=0 -fno-color-diagnostics -fmodules-prune-interval\=86400 -fmodules-prune-after\=345600 -fbuild-session-file\=/Users/antoniogrillo-balen/Library/Developer/Xcode/DerivedData/ModuleCache.noindex/Session.modulevalidation -fmodules-validate-once-per-build-session -Wnon-modular-include-in-framework-module -Werror\=non-modular-include-in-framework-module -Wno-trigraphs -Wno-missing-field-initializers -Wno-missing-prototypes -Werror\=return-type -Wdocumentation -Wunreachable-code -Wno-implicit-atomic-properties -Werror\=deprecated-objc-isa-usage -Wno-objc-interface-ivars -Werror\=objc-root-class -Wno-arc-repeated-use-of-weak -Wimplicit-retain-self -Wno-non-virtual-dtor -Wno-overloaded-virtual -Wno-exit-time-destructors -Wduplicate-method-match -Wno-missing-braces -Wparentheses -Wswitch -Wunused-function -Wno-unused-label -Wno-unused-parameter -Wunused-variable -Wunused-value -Wempty-body -Wuninitialized -Wconditional-uninitialized -Wno-unknown-pragmas -Wno-shadow -Wno-four-char-constants -Wno-conversion -Wconstant-conversion -Wint-conversion -Wbool-conversion -Wenum-conversion -Wno-float-conversion -Wnon-literal-null-conversion -Wobjc-literal-conversion -Wshorten-64-to-32 -Wno-newline-eof -Wno-selector -Wno-strict-selector-match -Wundeclared-selector -Wdeprecated-implementations -Wno-c++11-extensions -Wno-implicit-fallthrough -isysroot /Applications/Xcode.app/Contents/Developer/Platforms/iPhoneSimulator.platform/Developer/SDKs/iPhoneSimulator26.5.sdk -fstrict-aliasing -Wprotocol -Wdeprecated-declarations -Winvalid-offsetof -Wno-sign-conversion -Winfinite-recursion -Wmove -Wcomma -Wblock-capture-autoreleasing -Wstrict-prototypes -Wrange-loop-analysis -Wno-semicolon-before-method-body -Wunguarded-availability -index-store-path /Users/antoniogrillo-balen/Library/Developer/Xcode/DerivedData/risebysolis-gzfsziqwziaggpcbgdowmssiasmi/Index.noindex/DataStore -Wno-comma -Wno-shorten-64-to-32 @/Users/antoniogrillo-balen/Library/Developer/Xcode/DerivedData/risebysolis-gzfsziqwziaggpcbgdowmssiasmi/Build/Intermediates.noindex/Pods.build/Debug-iphonesimulator/React-RCTFabric.build/Objects-normal/arm64/af3fcb34312c57c0f52879cdce924b91-common-args.resp -DFOLLY_NO_CONFIG -DFOLLY_MOBILE\=1 -DFOLLY_USE_LIBCPP\=1 -DFOLLY_CFG_NO_COROUTINES\=1 -DFOLLY_HAVE_CLOCK_GETTIME\=1 -Wno-comma -Wno-shorten-64-to-32 -Wno-documentation -include /Users/antoniogrillo-balen/Desktop/Projects/RiseBuild/ios/Pods/Target\ Support\ Files/React-RCTFabric/React-RCTFabric-prefix.pch -MMD -MT dependencies -MF /Users/antoniogrillo-balen/Library/Developer/Xcode/DerivedData/risebysolis-gzfsziqwziaggpcbgdowmssiasmi/Build/Intermediates.noindex/Pods.build/Debug-iphonesimulator/React-RCTFabric.build/Objects-normal/arm64/RCTUnimplementedViewComponentView.d --serialize-diagnostics /Users/antoniogrillo-balen/Library/Developer/Xcode/DerivedData/risebysolis-gzfsziqwziaggpcbgdowmssiasmi/Build/Intermediates.noindex/Pods.build/Debug-iphonesimulator/React-RCTFabric.build/Objects-normal/arm64/RCTUnimplementedViewComponentView.dia -c /Users/antoniogrillo-balen/Desktop/Projects/RiseBuild/node_modules/react-native/React/Fabric/Mounting/ComponentViews/UnimplementedView/RCTUnimplementedViewComponentView.mm -o /Users/antoniogrillo-balen/Library/Developer/Xcode/DerivedData/risebysolis-gzfsziqwziaggpcbgdowmssiasmi/Build/Intermediates.noindex/Pods.build/Debug-iphonesimulator/React-RCTFabric.build/Objects-normal/arm64/RCTUnimplementedViewComponentView.o -index-unit-output-path /Pods.build/Debug-iphonesimulator/React-RCTFabric.build/Objects-normal/arm64/RCTUnimplementedViewComponentView.o

CompileC /Users/antoniogrillo-balen/Library/Developer/Xcode/DerivedData/risebysolis-gzfsziqwziaggpcbgdowmssiasmi/Build/Intermediates.noindex/Pods.build/Debug-iphonesimulator/React-RCTFabric.build/Objects-normal/arm64/RCTThirdPartyFabricComponentsProvider\ 2.o /Users/antoniogrillo-balen/Desktop/Projects/RiseBuild/node_modules/react-native/React/Fabric/RCTThirdPartyFabricComponentsProvider\ 2.mm normal arm64 objective-c++ com.apple.compilers.llvm.clang.1_0.compiler (in target 'React-RCTFabric' from project 'Pods')
    cd /Users/antoniogrillo-balen/Desktop/Projects/RiseBuild/ios/Pods
    
    Using response file: /Users/antoniogrillo-balen/Library/Developer/Xcode/DerivedData/risebysolis-gzfsziqwziaggpcbgdowmssiasmi/Build/Intermediates.noindex/Pods.build/Debug-iphonesimulator/React-RCTFabric.build/Objects-normal/arm64/af3fcb34312c57c0f52879cdce924b91-common-args.resp
    
    /Applications/Xcode.app/Contents/Developer/Toolchains/XcodeDefault.xctoolchain/usr/bin/clang -x objective-c++ -ivfsstatcache /Users/antoniogrillo-balen/Library/Developer/Xcode/DerivedData/SDKStatCaches.noindex/iphonesimulator26.5-23F73-6cfe768891a92b912361537c460fe42b.sdkstatcache -target arm64-apple-ios15.1-simulator -fmessage-length\=0 -fdiagnostics-show-note-include-stack -fmacro-backtrace-limit\=0 -fno-color-diagnostics -fmodules-prune-interval\=86400 -fmodules-prune-after\=345600 -fbuild-session-file\=/Users/antoniogrillo-balen/Library/Developer/Xcode/DerivedData/ModuleCache.noindex/Session.modulevalidation -fmodules-validate-once-per-build-session -Wnon-modular-include-in-framework-module -Werror\=non-modular-include-in-framework-module -Wno-trigraphs -Wno-missing-field-initializers -Wno-missing-prototypes -Werror\=return-type -Wdocumentation -Wunreachable-code -Wno-implicit-atomic-properties -Werror\=deprecated-objc-isa-usage -Wno-objc-interface-ivars -Werror\=objc-root-class -Wno-arc-repeated-use-of-weak -Wimplicit-retain-self -Wno-non-virtual-dtor -Wno-overloaded-virtual -Wno-exit-time-destructors -Wduplicate-method-match -Wno-missing-braces -Wparentheses -Wswitch -Wunused-function -Wno-unused-label -Wno-unused-parameter -Wunused-variable -Wunused-value -Wempty-body -Wuninitialized -Wconditional-uninitialized -Wno-unknown-pragmas -Wno-shadow -Wno-four-char-constants -Wno-conversion -Wconstant-conversion -Wint-conversion -Wbool-conversion -Wenum-conversion -Wno-float-conversion -Wnon-literal-null-conversion -Wobjc-literal-conversion -Wshorten-64-to-32 -Wno-newline-eof -Wno-selector -Wno-strict-selector-match -Wundeclared-selector -Wdeprecated-implementations -Wno-c++11-extensions -Wno-implicit-fallthrough -isysroot /Applications/Xcode.app/Contents/Developer/Platforms/iPhoneSimulator.platform/Developer/SDKs/iPhoneSimulator26.5.sdk -fstrict-aliasing -Wprotocol -Wdeprecated-declarations -Winvalid-offsetof -Wno-sign-conversion -Winfinite-recursion -Wmove -Wcomma -Wblock-capture-autoreleasing -Wstrict-prototypes -Wrange-loop-analysis -Wno-semicolon-before-method-body -Wunguarded-availability -index-store-path /Users/antoniogrillo-balen/Library/Developer/Xcode/DerivedData/risebysolis-gzfsziqwziaggpcbgdowmssiasmi/Index.noindex/DataStore -Wno-comma -Wno-shorten-64-to-32 @/Users/antoniogrillo-balen/Library/Developer/Xcode/DerivedData/risebysolis-gzfsziqwziaggpcbgdowmssiasmi/Build/Intermediates.noindex/Pods.build/Debug-iphonesimulator/React-RCTFabric.build/Objects-normal/arm64/af3fcb34312c57c0f52879cdce924b91-common-args.resp -DFOLLY_NO_CONFIG -DFOLLY_MOBILE\=1 -DFOLLY_USE_LIBCPP\=1 -DFOLLY_CFG_NO_COROUTINES\=1 -DFOLLY_HAVE_CLOCK_GETTIME\=1 -Wno-comma -Wno-shorten-64-to-32 -Wno-documentation -include /Users/antoniogrillo-balen/Desktop/Projects/RiseBuild/ios/Pods/Target\ Support\ Files/React-RCTFabric/React-RCTFabric-prefix.pch -MMD -MT dependencies -MF /Users/antoniogrillo-balen/Library/Developer/Xcode/DerivedData/risebysolis-gzfsziqwziaggpcbgdowmssiasmi/Build/Intermediates.noindex/Pods.build/Debug-iphonesimulator/React-RCTFabric.build/Objects-normal/arm64/RCTThirdPartyFabricComponentsProvider\ 2.d --serialize-diagnostics /Users/antoniogrillo-balen/Library/Developer/Xcode/DerivedData/risebysolis-gzfsziqwziaggpcbgdowmssiasmi/Build/Intermediates.noindex/Pods.build/Debug-iphonesimulator/React-RCTFabric.build/Objects-normal/arm64/RCTThirdPartyFabricComponentsProvider\ 2.dia -c /Users/antoniogrillo-balen/Desktop/Projects/RiseBuild/node_modules/react-native/React/Fabric/RCTThirdPartyFabricComponentsProvider\ 2.mm -o /Users/antoniogrillo-balen/Library/Developer/Xcode/DerivedData/risebysolis-gzfsziqwziaggpcbgdowmssiasmi/Build/Intermediates.noindex/Pods.build/Debug-iphonesimulator/React-RCTFabric.build/Objects-normal/arm64/RCTThirdPartyFabricComponentsProvider\ 2.o -index-unit-output-path /Pods.build/Debug-iphonesimulator/React-RCTFabric.build/Objects-normal/arm64/RCTThirdPartyFabricComponentsProvider\ 2.o

CompileC /Users/antoniogrillo-balen/Library/Developer/Xcode/DerivedData/risebysolis-gzfsziqwziaggpcbgdowmssiasmi/Build/Intermediates.noindex/Pods.build/Debug-iphonesimulator/React-RCTFabric.build/Objects-normal/arm64/RCTSwitchComponentView.o /Users/antoniogrillo-balen/Desktop/Projects/RiseBuild/node_modules/react-native/React/Fabric/Mounting/ComponentViews/Switch/RCTSwitchComponentView.mm normal arm64 objective-c++ com.apple.compilers.llvm.clang.1_0.compiler (in target 'React-RCTFabric' from project 'Pods')
    cd /Users/antoniogrillo-balen/Desktop/Projects/RiseBuild/ios/Pods
    
    Using response file: /Users/antoniogrillo-balen/Library/Developer/Xcode/DerivedData/risebysolis-gzfsziqwziaggpcbgdowmssiasmi/Build/Intermediates.noindex/Pods.build/Debug-iphonesimulator/React-RCTFabric.build/Objects-normal/arm64/af3fcb34312c57c0f52879cdce924b91-common-args.resp
    
    /Applications/Xcode.app/Contents/Developer/Toolchains/XcodeDefault.xctoolchain/usr/bin/clang -x objective-c++ -ivfsstatcache /Users/antoniogrillo-balen/Library/Developer/Xcode/DerivedData/SDKStatCaches.noindex/iphonesimulator26.5-23F73-6cfe768891a92b912361537c460fe42b.sdkstatcache -target arm64-apple-ios15.1-simulator -fmessage-length\=0 -fdiagnostics-show-note-include-stack -fmacro-backtrace-limit\=0 -fno-color-diagnostics -fmodules-prune-interval\=86400 -fmodules-prune-after\=345600 -fbuild-session-file\=/Users/antoniogrillo-balen/Library/Developer/Xcode/DerivedData/ModuleCache.noindex/Session.modulevalidation -fmodules-validate-once-per-build-session -Wnon-modular-include-in-framework-module -Werror\=non-modular-include-in-framework-module -Wno-trigraphs -Wno-missing-field-initializers -Wno-missing-prototypes -Werror\=return-type -Wdocumentation -Wunreachable-code -Wno-implicit-atomic-properties -Werror\=deprecated-objc-isa-usage -Wno-objc-interface-ivars -Werror\=objc-root-class -Wno-arc-repeated-use-of-weak -Wimplicit-retain-self -Wno-non-virtual-dtor -Wno-overloaded-virtual -Wno-exit-time-destructors -Wduplicate-method-match -Wno-missing-braces -Wparentheses -Wswitch -Wunused-function -Wno-unused-label -Wno-unused-parameter -Wunused-variable -Wunused-value -Wempty-body -Wuninitialized -Wconditional-uninitialized -Wno-unknown-pragmas -Wno-shadow -Wno-four-char-constants -Wno-conversion -Wconstant-conversion -Wint-conversion -Wbool-conversion -Wenum-conversion -Wno-float-conversion -Wnon-literal-null-conversion -Wobjc-literal-conversion -Wshorten-64-to-32 -Wno-newline-eof -Wno-selector -Wno-strict-selector-match -Wundeclared-selector -Wdeprecated-implementations -Wno-c++11-extensions -Wno-implicit-fallthrough -isysroot /Applications/Xcode.app/Contents/Developer/Platforms/iPhoneSimulator.platform/Developer/SDKs/iPhoneSimulator26.5.sdk -fstrict-aliasing -Wprotocol -Wdeprecated-declarations -Winvalid-offsetof -Wno-sign-conversion -Winfinite-recursion -Wmove -Wcomma -Wblock-capture-autoreleasing -Wstrict-prototypes -Wrange-loop-analysis -Wno-semicolon-before-method-body -Wunguarded-availability -index-store-path /Users/antoniogrillo-balen/Library/Developer/Xcode/DerivedData/risebysolis-gzfsziqwziaggpcbgdowmssiasmi/Index.noindex/DataStore -Wno-comma -Wno-shorten-64-to-32 @/Users/antoniogrillo-balen/Library/Developer/Xcode/DerivedData/risebysolis-gzfsziqwziaggpcbgdowmssiasmi/Build/Intermediates.noindex/Pods.build/Debug-iphonesimulator/React-RCTFabric.build/Objects-normal/arm64/af3fcb34312c57c0f52879cdce924b91-common-args.resp -DFOLLY_NO_CONFIG -DFOLLY_MOBILE\=1 -DFOLLY_USE_LIBCPP\=1 -DFOLLY_CFG_NO_COROUTINES\=1 -DFOLLY_HAVE_CLOCK_GETTIME\=1 -Wno-comma -Wno-shorten-64-to-32 -Wno-documentation -include /Users/antoniogrillo-balen/Desktop/Projects/RiseBuild/ios/Pods/Target\ Support\ Files/React-RCTFabric/React-RCTFabric-prefix.pch -MMD -MT dependencies -MF /Users/antoniogrillo-balen/Library/Developer/Xcode/DerivedData/risebysolis-gzfsziqwziaggpcbgdowmssiasmi/Build/Intermediates.noindex/Pods.build/Debug-iphonesimulator/React-RCTFabric.build/Objects-normal/arm64/RCTSwitchComponentView.d --serialize-diagnostics /Users/antoniogrillo-balen/Library/Developer/Xcode/DerivedData/risebysolis-gzfsziqwziaggpcbgdowmssiasmi/Build/Intermediates.noindex/Pods.build/Debug-iphonesimulator/React-RCTFabric.build/Objects-normal/arm64/RCTSwitchComponentView.dia -c /Users/antoniogrillo-balen/Desktop/Projects/RiseBuild/node_modules/react-native/React/Fabric/Mounting/ComponentViews/Switch/RCTSwitchComponentView.mm -o /Users/antoniogrillo-balen/Library/Developer/Xcode/DerivedData/risebysolis-gzfsziqwziaggpcbgdowmssiasmi/Build/Intermediates.noindex/Pods.build/Debug-iphonesimulator/React-RCTFabric.build/Objects-normal/arm64/RCTSwitchComponentView.o -index-unit-output-path /Pods.build/Debug-iphonesimulator/React-RCTFabric.build/Objects-normal/arm64/RCTSwitchComponentView.o

CompileC /Users/antoniogrillo-balen/Library/Developer/Xcode/DerivedData/risebysolis-gzfsziqwziaggpcbgdowmssiasmi/Build/Intermediates.noindex/Pods.build/Debug-iphonesimulator/React-RCTFabric.build/Objects-normal/arm64/RCTTextInputComponentView.o /Users/antoniogrillo-balen/Desktop/Projects/RiseBuild/node_modules/react-native/React/Fabric/Mounting/ComponentViews/TextInput/RCTTextInputComponentView.mm normal arm64 objective-c++ com.apple.compilers.llvm.clang.1_0.compiler (in target 'React-RCTFabric' from project 'Pods')
    cd /Users/antoniogrillo-balen/Desktop/Projects/RiseBuild/ios/Pods
    
    Using response file: /Users/antoniogrillo-balen/Library/Developer/Xcode/DerivedData/risebysolis-gzfsziqwziaggpcbgdowmssiasmi/Build/Intermediates.noindex/Pods.build/Debug-iphonesimulator/React-RCTFabric.build/Objects-normal/arm64/af3fcb34312c57c0f52879cdce924b91-common-args.resp
    
    /Applications/Xcode.app/Contents/Developer/Toolchains/XcodeDefault.xctoolchain/usr/bin/clang -x objective-c++ -ivfsstatcache /Users/antoniogrillo-balen/Library/Developer/Xcode/DerivedData/SDKStatCaches.noindex/iphonesimulator26.5-23F73-6cfe768891a92b912361537c460fe42b.sdkstatcache -target arm64-apple-ios15.1-simulator -fmessage-length\=0 -fdiagnostics-show-note-include-stack -fmacro-backtrace-limit\=0 -fno-color-diagnostics -fmodules-prune-interval\=86400 -fmodules-prune-after\=345600 -fbuild-session-file\=/Users/antoniogrillo-balen/Library/Developer/Xcode/DerivedData/ModuleCache.noindex/Session.modulevalidation -fmodules-validate-once-per-build-session -Wnon-modular-include-in-framework-module -Werror\=non-modular-include-in-framework-module -Wno-trigraphs -Wno-missing-field-initializers -Wno-missing-prototypes -Werror\=return-type -Wdocumentation -Wunreachable-code -Wno-implicit-atomic-properties -Werror\=deprecated-objc-isa-usage -Wno-objc-interface-ivars -Werror\=objc-root-class -Wno-arc-repeated-use-of-weak -Wimplicit-retain-self -Wno-non-virtual-dtor -Wno-overloaded-virtual -Wno-exit-time-destructors -Wduplicate-method-match -Wno-missing-braces -Wparentheses -Wswitch -Wunused-function -Wno-unused-label -Wno-unused-parameter -Wunused-variable -Wunused-value -Wempty-body -Wuninitialized -Wconditional-uninitialized -Wno-unknown-pragmas -Wno-shadow -Wno-four-char-constants -Wno-conversion -Wconstant-conversion -Wint-conversion -Wbool-conversion -Wenum-conversion -Wno-float-conversion -Wnon-literal-null-conversion -Wobjc-literal-conversion -Wshorten-64-to-32 -Wno-newline-eof -Wno-selector -Wno-strict-selector-match -Wundeclared-selector -Wdeprecated-implementations -Wno-c++11-extensions -Wno-implicit-fallthrough -isysroot /Applications/Xcode.app/Contents/Developer/Platforms/iPhoneSimulator.platform/Developer/SDKs/iPhoneSimulator26.5.sdk -fstrict-aliasing -Wprotocol -Wdeprecated-declarations -Winvalid-offsetof -Wno-sign-conversion -Winfinite-recursion -Wmove -Wcomma -Wblock-capture-autoreleasing -Wstrict-prototypes -Wrange-loop-analysis -Wno-semicolon-before-method-body -Wunguarded-availability -index-store-path /Users/antoniogrillo-balen/Library/Developer/Xcode/DerivedData/risebysolis-gzfsziqwziaggpcbgdowmssiasmi/Index.noindex/DataStore -Wno-comma -Wno-shorten-64-to-32 @/Users/antoniogrillo-balen/Library/Developer/Xcode/DerivedData/risebysolis-gzfsziqwziaggpcbgdowmssiasmi/Build/Intermediates.noindex/Pods.build/Debug-iphonesimulator/React-RCTFabric.build/Objects-normal/arm64/af3fcb34312c57c0f52879cdce924b91-common-args.resp -DFOLLY_NO_CONFIG -DFOLLY_MOBILE\=1 -DFOLLY_USE_LIBCPP\=1 -DFOLLY_CFG_NO_COROUTINES\=1 -DFOLLY_HAVE_CLOCK_GETTIME\=1 -Wno-comma -Wno-shorten-64-to-32 -Wno-documentation -include /Users/antoniogrillo-balen/Desktop/Projects/RiseBuild/ios/Pods/Target\ Support\ Files/React-RCTFabric/React-RCTFabric-prefix.pch -MMD -MT dependencies -MF /Users/antoniogrillo-balen/Library/Developer/Xcode/DerivedData/risebysolis-gzfsziqwziaggpcbgdowmssiasmi/Build/Intermediates.noindex/Pods.build/Debug-iphonesimulator/React-RCTFabric.build/Objects-normal/arm64/RCTTextInputComponentView.d --serialize-diagnostics /Users/antoniogrillo-balen/Library/Developer/Xcode/DerivedData/risebysolis-gzfsziqwziaggpcbgdowmssiasmi/Build/Intermediates.noindex/Pods.build/Debug-iphonesimulator/React-RCTFabric.build/Objects-normal/arm64/RCTTextInputComponentView.dia -c /Users/antoniogrillo-balen/Desktop/Projects/RiseBuild/node_modules/react-native/React/Fabric/Mounting/ComponentViews/TextInput/RCTTextInputComponentView.mm -o /Users/antoniogrillo-balen/Library/Developer/Xcode/DerivedData/risebysolis-gzfsziqwziaggpcbgdowmssiasmi/Build/Intermediates.noindex/Pods.build/Debug-iphonesimulator/React-RCTFabric.build/Objects-normal/arm64/RCTTextInputComponentView.o -index-unit-output-path /Pods.build/Debug-iphonesimulator/React-RCTFabric.build/Objects-normal/arm64/RCTTextInputComponentView.o
/Users/antoniogrillo-balen/Desktop/Projects/RiseBuild/node_modules/react-native/React/Fabric/Mounting/ComponentViews/TextInput/RCTTextInputComponentView.mm:638:24: warning: ISO C++ requires field designators to be specified in declaration order; field 'eventCount' will be initialized after field 'contentOffset' [-Wreorder-init-list]
  638 |       .contentOffset = RCTPointFromCGPoint(_backedTextInputView.contentOffset),
      |       ~~~~~~~~~~~~~~~~~^~~~~~~~~~~~~~~~~~~~~~~~~~~~~~~~~~~~~~~~~~~~~~~~~~~~~~~
/Users/antoniogrillo-balen/Desktop/Projects/RiseBuild/node_modules/react-native/React/Fabric/Mounting/ComponentViews/TextInput/RCTTextInputComponentView.mm:637:21: note: previous initialization for field 'eventCount' is here
  637 |       .eventCount = static_cast<int>(_mostRecentEventCount),
      |                     ^~~~~~~~~~~~~~~~~~~~~~~~~~~~~~~~~~~~~~~
/Users/antoniogrillo-balen/Desktop/Projects/RiseBuild/node_modules/react-native/React/Fabric/Mounting/ComponentViews/TextInput/RCTTextInputComponentView.mm:640:22: warning: ISO C++ requires field designators to be specified in declaration order; field 'contentInset' will be initialized after field 'contentSize' [-Wreorder-init-list]
  640 |       .contentSize = RCTSizeFromCGSize(_backedTextInputView.contentSize),
      |       ~~~~~~~~~~~~~~~^~~~~~~~~~~~~~~~~~~~~~~~~~~~~~~~~~~~~~~~~~~~~~~~~~~
/Users/antoniogrillo-balen/Desktop/Projects/RiseBuild/node_modules/react-native/React/Fabric/Mounting/ComponentViews/TextInput/RCTTextInputComponentView.mm:639:23: note: previous initialization for field 'contentInset' is here
  639 |       .contentInset = RCTEdgeInsetsFromUIEdgeInsets(_backedTextInputView.contentInset),
      |                       ^~~~~~~~~~~~~~~~~~~~~~~~~~~~~~~~~~~~~~~~~~~~~~~~~~~~~~~~~~~~~~~~
2 warnings generated.

CompileC /Users/antoniogrillo-balen/Library/Developer/Xcode/DerivedData/risebysolis-gzfsziqwziaggpcbgdowmssiasmi/Build/Intermediates.noindex/Pods.build/Debug-iphonesimulator/React-RCTFabric.build/Objects-normal/arm64/RCTScrollViewComponentView.o /Users/antoniogrillo-balen/Desktop/Projects/RiseBuild/node_modules/react-native/React/Fabric/Mounting/ComponentViews/ScrollView/RCTScrollViewComponentView.mm normal arm64 objective-c++ com.apple.compilers.llvm.clang.1_0.compiler (in target 'React-RCTFabric' from project 'Pods')
    cd /Users/antoniogrillo-balen/Desktop/Projects/RiseBuild/ios/Pods
    
    Using response file: /Users/antoniogrillo-balen/Library/Developer/Xcode/DerivedData/risebysolis-gzfsziqwziaggpcbgdowmssiasmi/Build/Intermediates.noindex/Pods.build/Debug-iphonesimulator/React-RCTFabric.build/Objects-normal/arm64/af3fcb34312c57c0f52879cdce924b91-common-args.resp
    
    /Applications/Xcode.app/Contents/Developer/Toolchains/XcodeDefault.xctoolchain/usr/bin/clang -x objective-c++ -ivfsstatcache /Users/antoniogrillo-balen/Library/Developer/Xcode/DerivedData/SDKStatCaches.noindex/iphonesimulator26.5-23F73-6cfe768891a92b912361537c460fe42b.sdkstatcache -target arm64-apple-ios15.1-simulator -fmessage-length\=0 -fdiagnostics-show-note-include-stack -fmacro-backtrace-limit\=0 -fno-color-diagnostics -fmodules-prune-interval\=86400 -fmodules-prune-after\=345600 -fbuild-session-file\=/Users/antoniogrillo-balen/Library/Developer/Xcode/DerivedData/ModuleCache.noindex/Session.modulevalidation -fmodules-validate-once-per-build-session -Wnon-modular-include-in-framework-module -Werror\=non-modular-include-in-framework-module -Wno-trigraphs -Wno-missing-field-initializers -Wno-missing-prototypes -Werror\=return-type -Wdocumentation -Wunreachable-code -Wno-implicit-atomic-properties -Werror\=deprecated-objc-isa-usage -Wno-objc-interface-ivars -Werror\=objc-root-class -Wno-arc-repeated-use-of-weak -Wimplicit-retain-self -Wno-non-virtual-dtor -Wno-overloaded-virtual -Wno-exit-time-destructors -Wduplicate-method-match -Wno-missing-braces -Wparentheses -Wswitch -Wunused-function -Wno-unused-label -Wno-unused-parameter -Wunused-variable -Wunused-value -Wempty-body -Wuninitialized -Wconditional-uninitialized -Wno-unknown-pragmas -Wno-shadow -Wno-four-char-constants -Wno-conversion -Wconstant-conversion -Wint-conversion -Wbool-conversion -Wenum-conversion -Wno-float-conversion -Wnon-literal-null-conversion -Wobjc-literal-conversion -Wshorten-64-to-32 -Wno-newline-eof -Wno-selector -Wno-strict-selector-match -Wundeclared-selector -Wdeprecated-implementations -Wno-c++11-extensions -Wno-implicit-fallthrough -isysroot /Applications/Xcode.app/Contents/Developer/Platforms/iPhoneSimulator.platform/Developer/SDKs/iPhoneSimulator26.5.sdk -fstrict-aliasing -Wprotocol -Wdeprecated-declarations -Winvalid-offsetof -Wno-sign-conversion -Winfinite-recursion -Wmove -Wcomma -Wblock-capture-autoreleasing -Wstrict-prototypes -Wrange-loop-analysis -Wno-semicolon-before-method-body -Wunguarded-availability -index-store-path /Users/antoniogrillo-balen/Library/Developer/Xcode/DerivedData/risebysolis-gzfsziqwziaggpcbgdowmssiasmi/Index.noindex/DataStore -Wno-comma -Wno-shorten-64-to-32 @/Users/antoniogrillo-balen/Library/Developer/Xcode/DerivedData/risebysolis-gzfsziqwziaggpcbgdowmssiasmi/Build/Intermediates.noindex/Pods.build/Debug-iphonesimulator/React-RCTFabric.build/Objects-normal/arm64/af3fcb34312c57c0f52879cdce924b91-common-args.resp -DFOLLY_NO_CONFIG -DFOLLY_MOBILE\=1 -DFOLLY_USE_LIBCPP\=1 -DFOLLY_CFG_NO_COROUTINES\=1 -DFOLLY_HAVE_CLOCK_GETTIME\=1 -Wno-comma -Wno-shorten-64-to-32 -Wno-documentation -include /Users/antoniogrillo-balen/Desktop/Projects/RiseBuild/ios/Pods/Target\ Support\ Files/React-RCTFabric/React-RCTFabric-prefix.pch -MMD -MT dependencies -MF /Users/antoniogrillo-balen/Library/Developer/Xcode/DerivedData/risebysolis-gzfsziqwziaggpcbgdowmssiasmi/Build/Intermediates.noindex/Pods.build/Debug-iphonesimulator/React-RCTFabric.build/Objects-normal/arm64/RCTScrollViewComponentView.d --serialize-diagnostics /Users/antoniogrillo-balen/Library/Developer/Xcode/DerivedData/risebysolis-gzfsziqwziaggpcbgdowmssiasmi/Build/Intermediates.noindex/Pods.build/Debug-iphonesimulator/React-RCTFabric.build/Objects-normal/arm64/RCTScrollViewComponentView.dia -c /Users/antoniogrillo-balen/Desktop/Projects/RiseBuild/node_modules/react-native/React/Fabric/Mounting/ComponentViews/ScrollView/RCTScrollViewComponentView.mm -o /Users/antoniogrillo-balen/Library/Developer/Xcode/DerivedData/risebysolis-gzfsziqwziaggpcbgdowmssiasmi/Build/Intermediates.noindex/Pods.build/Debug-iphonesimulator/React-RCTFabric.build/Objects-normal/arm64/RCTScrollViewComponentView.o -index-unit-output-path /Pods.build/Debug-iphonesimulator/React-RCTFabric.build/Objects-normal/arm64/RCTScrollViewComponentView.o

CompileC /Users/antoniogrillo-balen/Library/Developer/Xcode/DerivedData/risebysolis-gzfsziqwziaggpcbgdowmssiasmi/Build/Intermediates.noindex/Pods.build/Debug-iphonesimulator/React-RCTFabric.build/Objects-normal/arm64/RCTSafeAreaViewComponentView.o /Users/antoniogrillo-balen/Desktop/Projects/RiseBuild/node_modules/react-native/React/Fabric/Mounting/ComponentViews/SafeAreaView/RCTSafeAreaViewComponentView.mm normal arm64 objective-c++ com.apple.compilers.llvm.clang.1_0.compiler (in target 'React-RCTFabric' from project 'Pods')
    cd /Users/antoniogrillo-balen/Desktop/Projects/RiseBuild/ios/Pods
    
    Using response file: /Users/antoniogrillo-balen/Library/Developer/Xcode/DerivedData/risebysolis-gzfsziqwziaggpcbgdowmssiasmi/Build/Intermediates.noindex/Pods.build/Debug-iphonesimulator/React-RCTFabric.build/Objects-normal/arm64/af3fcb34312c57c0f52879cdce924b91-common-args.resp
    
    /Applications/Xcode.app/Contents/Developer/Toolchains/XcodeDefault.xctoolchain/usr/bin/clang -x objective-c++ -ivfsstatcache /Users/antoniogrillo-balen/Library/Developer/Xcode/DerivedData/SDKStatCaches.noindex/iphonesimulator26.5-23F73-6cfe768891a92b912361537c460fe42b.sdkstatcache -target arm64-apple-ios15.1-simulator -fmessage-length\=0 -fdiagnostics-show-note-include-stack -fmacro-backtrace-limit\=0 -fno-color-diagnostics -fmodules-prune-interval\=86400 -fmodules-prune-after\=345600 -fbuild-session-file\=/Users/antoniogrillo-balen/Library/Developer/Xcode/DerivedData/ModuleCache.noindex/Session.modulevalidation -fmodules-validate-once-per-build-session -Wnon-modular-include-in-framework-module -Werror\=non-modular-include-in-framework-module -Wno-trigraphs -Wno-missing-field-initializers -Wno-missing-prototypes -Werror\=return-type -Wdocumentation -Wunreachable-code -Wno-implicit-atomic-properties -Werror\=deprecated-objc-isa-usage -Wno-objc-interface-ivars -Werror\=objc-root-class -Wno-arc-repeated-use-of-weak -Wimplicit-retain-self -Wno-non-virtual-dtor -Wno-overloaded-virtual -Wno-exit-time-destructors -Wduplicate-method-match -Wno-missing-braces -Wparentheses -Wswitch -Wunused-function -Wno-unused-label -Wno-unused-parameter -Wunused-variable -Wunused-value -Wempty-body -Wuninitialized -Wconditional-uninitialized -Wno-unknown-pragmas -Wno-shadow -Wno-four-char-constants -Wno-conversion -Wconstant-conversion -Wint-conversion -Wbool-conversion -Wenum-conversion -Wno-float-conversion -Wnon-literal-null-conversion -Wobjc-literal-conversion -Wshorten-64-to-32 -Wno-newline-eof -Wno-selector -Wno-strict-selector-match -Wundeclared-selector -Wdeprecated-implementations -Wno-c++11-extensions -Wno-implicit-fallthrough -isysroot /Applications/Xcode.app/Contents/Developer/Platforms/iPhoneSimulator.platform/Developer/SDKs/iPhoneSimulator26.5.sdk -fstrict-aliasing -Wprotocol -Wdeprecated-declarations -Winvalid-offsetof -Wno-sign-conversion -Winfinite-recursion -Wmove -Wcomma -Wblock-capture-autoreleasing -Wstrict-prototypes -Wrange-loop-analysis -Wno-semicolon-before-method-body -Wunguarded-availability -index-store-path /Users/antoniogrillo-balen/Library/Developer/Xcode/DerivedData/risebysolis-gzfsziqwziaggpcbgdowmssiasmi/Index.noindex/DataStore -Wno-comma -Wno-shorten-64-to-32 @/Users/antoniogrillo-balen/Library/Developer/Xcode/DerivedData/risebysolis-gzfsziqwziaggpcbgdowmssiasmi/Build/Intermediates.noindex/Pods.build/Debug-iphonesimulator/React-RCTFabric.build/Objects-normal/arm64/af3fcb34312c57c0f52879cdce924b91-common-args.resp -DFOLLY_NO_CONFIG -DFOLLY_MOBILE\=1 -DFOLLY_USE_LIBCPP\=1 -DFOLLY_CFG_NO_COROUTINES\=1 -DFOLLY_HAVE_CLOCK_GETTIME\=1 -Wno-comma -Wno-shorten-64-to-32 -Wno-documentation -include /Users/antoniogrillo-balen/Desktop/Projects/RiseBuild/ios/Pods/Target\ Support\ Files/React-RCTFabric/React-RCTFabric-prefix.pch -MMD -MT dependencies -MF /Users/antoniogrillo-balen/Library/Developer/Xcode/DerivedData/risebysolis-gzfsziqwziaggpcbgdowmssiasmi/Build/Intermediates.noindex/Pods.build/Debug-iphonesimulator/React-RCTFabric.build/Objects-normal/arm64/RCTSafeAreaViewComponentView.d --serialize-diagnostics /Users/antoniogrillo-balen/Library/Developer/Xcode/DerivedData/risebysolis-gzfsziqwziaggpcbgdowmssiasmi/Build/Intermediates.noindex/Pods.build/Debug-iphonesimulator/React-RCTFabric.build/Objects-normal/arm64/RCTSafeAreaViewComponentView.dia -c /Users/antoniogrillo-balen/Desktop/Projects/RiseBuild/node_modules/react-native/React/Fabric/Mounting/ComponentViews/SafeAreaView/RCTSafeAreaViewComponentView.mm -o /Users/antoniogrillo-balen/Library/Developer/Xcode/DerivedData/risebysolis-gzfsziqwziaggpcbgdowmssiasmi/Build/Intermediates.noindex/Pods.build/Debug-iphonesimulator/React-RCTFabric.build/Objects-normal/arm64/RCTSafeAreaViewComponentView.o -index-unit-output-path /Pods.build/Debug-iphonesimulator/React-RCTFabric.build/Objects-normal/arm64/RCTSafeAreaViewComponentView.o

CompileC /Users/antoniogrillo-balen/Library/Developer/Xcode/DerivedData/risebysolis-gzfsziqwziaggpcbgdowmssiasmi/Build/Intermediates.noindex/Pods.build/Debug-iphonesimulator/React-RCTFabric.build/Objects-normal/arm64/RCTPullToRefreshViewComponentView.o /Users/antoniogrillo-balen/Desktop/Projects/RiseBuild/node_modules/react-native/React/Fabric/Mounting/ComponentViews/ScrollView/RCTPullToRefreshViewComponentView.mm normal arm64 objective-c++ com.apple.compilers.llvm.clang.1_0.compiler (in target 'React-RCTFabric' from project 'Pods')
    cd /Users/antoniogrillo-balen/Desktop/Projects/RiseBuild/ios/Pods
    
    Using response file: /Users/antoniogrillo-balen/Library/Developer/Xcode/DerivedData/risebysolis-gzfsziqwziaggpcbgdowmssiasmi/Build/Intermediates.noindex/Pods.build/Debug-iphonesimulator/React-RCTFabric.build/Objects-normal/arm64/af3fcb34312c57c0f52879cdce924b91-common-args.resp
    
    /Applications/Xcode.app/Contents/Developer/Toolchains/XcodeDefault.xctoolchain/usr/bin/clang -x objective-c++ -ivfsstatcache /Users/antoniogrillo-balen/Library/Developer/Xcode/DerivedData/SDKStatCaches.noindex/iphonesimulator26.5-23F73-6cfe768891a92b912361537c460fe42b.sdkstatcache -target arm64-apple-ios15.1-simulator -fmessage-length\=0 -fdiagnostics-show-note-include-stack -fmacro-backtrace-limit\=0 -fno-color-diagnostics -fmodules-prune-interval\=86400 -fmodules-prune-after\=345600 -fbuild-session-file\=/Users/antoniogrillo-balen/Library/Developer/Xcode/DerivedData/ModuleCache.noindex/Session.modulevalidation -fmodules-validate-once-per-build-session -Wnon-modular-include-in-framework-module -Werror\=non-modular-include-in-framework-module -Wno-trigraphs -Wno-missing-field-initializers -Wno-missing-prototypes -Werror\=return-type -Wdocumentation -Wunreachable-code -Wno-implicit-atomic-properties -Werror\=deprecated-objc-isa-usage -Wno-objc-interface-ivars -Werror\=objc-root-class -Wno-arc-repeated-use-of-weak -Wimplicit-retain-self -Wno-non-virtual-dtor -Wno-overloaded-virtual -Wno-exit-time-destructors -Wduplicate-method-match -Wno-missing-braces -Wparentheses -Wswitch -Wunused-function -Wno-unused-label -Wno-unused-parameter -Wunused-variable -Wunused-value -Wempty-body -Wuninitialized -Wconditional-uninitialized -Wno-unknown-pragmas -Wno-shadow -Wno-four-char-constants -Wno-conversion -Wconstant-conversion -Wint-conversion -Wbool-conversion -Wenum-conversion -Wno-float-conversion -Wnon-literal-null-conversion -Wobjc-literal-conversion -Wshorten-64-to-32 -Wno-newline-eof -Wno-selector -Wno-strict-selector-match -Wundeclared-selector -Wdeprecated-implementations -Wno-c++11-extensions -Wno-implicit-fallthrough -isysroot /Applications/Xcode.app/Contents/Developer/Platforms/iPhoneSimulator.platform/Developer/SDKs/iPhoneSimulator26.5.sdk -fstrict-aliasing -Wprotocol -Wdeprecated-declarations -Winvalid-offsetof -Wno-sign-conversion -Winfinite-recursion -Wmove -Wcomma -Wblock-capture-autoreleasing -Wstrict-prototypes -Wrange-loop-analysis -Wno-semicolon-before-method-body -Wunguarded-availability -index-store-path /Users/antoniogrillo-balen/Library/Developer/Xcode/DerivedData/risebysolis-gzfsziqwziaggpcbgdowmssiasmi/Index.noindex/DataStore -Wno-comma -Wno-shorten-64-to-32 @/Users/antoniogrillo-balen/Library/Developer/Xcode/DerivedData/risebysolis-gzfsziqwziaggpcbgdowmssiasmi/Build/Intermediates.noindex/Pods.build/Debug-iphonesimulator/React-RCTFabric.build/Objects-normal/arm64/af3fcb34312c57c0f52879cdce924b91-common-args.resp -DFOLLY_NO_CONFIG -DFOLLY_MOBILE\=1 -DFOLLY_USE_LIBCPP\=1 -DFOLLY_CFG_NO_COROUTINES\=1 -DFOLLY_HAVE_CLOCK_GETTIME\=1 -Wno-comma -Wno-shorten-64-to-32 -Wno-documentation -include /Users/antoniogrillo-balen/Desktop/Projects/RiseBuild/ios/Pods/Target\ Support\ Files/React-RCTFabric/React-RCTFabric-prefix.pch -MMD -MT dependencies -MF /Users/antoniogrillo-balen/Library/Developer/Xcode/DerivedData/risebysolis-gzfsziqwziaggpcbgdowmssiasmi/Build/Intermediates.noindex/Pods.build/Debug-iphonesimulator/React-RCTFabric.build/Objects-normal/arm64/RCTPullToRefreshViewComponentView.d --serialize-diagnostics /Users/antoniogrillo-balen/Library/Developer/Xcode/DerivedData/risebysolis-gzfsziqwziaggpcbgdowmssiasmi/Build/Intermediates.noindex/Pods.build/Debug-iphonesimulator/React-RCTFabric.build/Objects-normal/arm64/RCTPullToRefreshViewComponentView.dia -c /Users/antoniogrillo-balen/Desktop/Projects/RiseBuild/node_modules/react-native/React/Fabric/Mounting/ComponentViews/ScrollView/RCTPullToRefreshViewComponentView.mm -o /Users/antoniogrillo-balen/Library/Developer/Xcode/DerivedData/risebysolis-gzfsziqwziaggpcbgdowmssiasmi/Build/Intermediates.noindex/Pods.build/Debug-iphonesimulator/React-RCTFabric.build/Objects-normal/arm64/RCTPullToRefreshViewComponentView.o -index-unit-output-path /Pods.build/Debug-iphonesimulator/React-RCTFabric.build/Objects-normal/arm64/RCTPullToRefreshViewComponentView.o

CompileC /Users/antoniogrillo-balen/Library/Developer/Xcode/DerivedData/risebysolis-gzfsziqwziaggpcbgdowmssiasmi/Build/Intermediates.noindex/Pods.build/Debug-iphonesimulator/React-RCTFabric.build/Objects-normal/arm64/RCTParagraphComponentView.o /Users/antoniogrillo-balen/Desktop/Projects/RiseBuild/node_modules/react-native/React/Fabric/Mounting/ComponentViews/Text/RCTParagraphComponentView.mm normal arm64 objective-c++ com.apple.compilers.llvm.clang.1_0.compiler (in target 'React-RCTFabric' from project 'Pods')
    cd /Users/antoniogrillo-balen/Desktop/Projects/RiseBuild/ios/Pods
    
    Using response file: /Users/antoniogrillo-balen/Library/Developer/Xcode/DerivedData/risebysolis-gzfsziqwziaggpcbgdowmssiasmi/Build/Intermediates.noindex/Pods.build/Debug-iphonesimulator/React-RCTFabric.build/Objects-normal/arm64/af3fcb34312c57c0f52879cdce924b91-common-args.resp
    
    /Applications/Xcode.app/Contents/Developer/Toolchains/XcodeDefault.xctoolchain/usr/bin/clang -x objective-c++ -ivfsstatcache /Users/antoniogrillo-balen/Library/Developer/Xcode/DerivedData/SDKStatCaches.noindex/iphonesimulator26.5-23F73-6cfe768891a92b912361537c460fe42b.sdkstatcache -target arm64-apple-ios15.1-simulator -fmessage-length\=0 -fdiagnostics-show-note-include-stack -fmacro-backtrace-limit\=0 -fno-color-diagnostics -fmodules-prune-interval\=86400 -fmodules-prune-after\=345600 -fbuild-session-file\=/Users/antoniogrillo-balen/Library/Developer/Xcode/DerivedData/ModuleCache.noindex/Session.modulevalidation -fmodules-validate-once-per-build-session -Wnon-modular-include-in-framework-module -Werror\=non-modular-include-in-framework-module -Wno-trigraphs -Wno-missing-field-initializers -Wno-missing-prototypes -Werror\=return-type -Wdocumentation -Wunreachable-code -Wno-implicit-atomic-properties -Werror\=deprecated-objc-isa-usage -Wno-objc-interface-ivars -Werror\=objc-root-class -Wno-arc-repeated-use-of-weak -Wimplicit-retain-self -Wno-non-virtual-dtor -Wno-overloaded-virtual -Wno-exit-time-destructors -Wduplicate-method-match -Wno-missing-braces -Wparentheses -Wswitch -Wunused-function -Wno-unused-label -Wno-unused-parameter -Wunused-variable -Wunused-value -Wempty-body -Wuninitialized -Wconditional-uninitialized -Wno-unknown-pragmas -Wno-shadow -Wno-four-char-constants -Wno-conversion -Wconstant-conversion -Wint-conversion -Wbool-conversion -Wenum-conversion -Wno-float-conversion -Wnon-literal-null-conversion -Wobjc-literal-conversion -Wshorten-64-to-32 -Wno-newline-eof -Wno-selector -Wno-strict-selector-match -Wundeclared-selector -Wdeprecated-implementations -Wno-c++11-extensions -Wno-implicit-fallthrough -isysroot /Applications/Xcode.app/Contents/Developer/Platforms/iPhoneSimulator.platform/Developer/SDKs/iPhoneSimulator26.5.sdk -fstrict-aliasing -Wprotocol -Wdeprecated-declarations -Winvalid-offsetof -Wno-sign-conversion -Winfinite-recursion -Wmove -Wcomma -Wblock-capture-autoreleasing -Wstrict-prototypes -Wrange-loop-analysis -Wno-semicolon-before-method-body -Wunguarded-availability -index-store-path /Users/antoniogrillo-balen/Library/Developer/Xcode/DerivedData/risebysolis-gzfsziqwziaggpcbgdowmssiasmi/Index.noindex/DataStore -Wno-comma -Wno-shorten-64-to-32 @/Users/antoniogrillo-balen/Library/Developer/Xcode/DerivedData/risebysolis-gzfsziqwziaggpcbgdowmssiasmi/Build/Intermediates.noindex/Pods.build/Debug-iphonesimulator/React-RCTFabric.build/Objects-normal/arm64/af3fcb34312c57c0f52879cdce924b91-common-args.resp -DFOLLY_NO_CONFIG -DFOLLY_MOBILE\=1 -DFOLLY_USE_LIBCPP\=1 -DFOLLY_CFG_NO_COROUTINES\=1 -DFOLLY_HAVE_CLOCK_GETTIME\=1 -Wno-comma -Wno-shorten-64-to-32 -Wno-documentation -include /Users/antoniogrillo-balen/Desktop/Projects/RiseBuild/ios/Pods/Target\ Support\ Files/React-RCTFabric/React-RCTFabric-prefix.pch -MMD -MT dependencies -MF /Users/antoniogrillo-balen/Library/Developer/Xcode/DerivedData/risebysolis-gzfsziqwziaggpcbgdowmssiasmi/Build/Intermediates.noindex/Pods.build/Debug-iphonesimulator/React-RCTFabric.build/Objects-normal/arm64/RCTParagraphComponentView.d --serialize-diagnostics /Users/antoniogrillo-balen/Library/Developer/Xcode/DerivedData/risebysolis-gzfsziqwziaggpcbgdowmssiasmi/Build/Intermediates.noindex/Pods.build/Debug-iphonesimulator/React-RCTFabric.build/Objects-normal/arm64/RCTParagraphComponentView.dia -c /Users/antoniogrillo-balen/Desktop/Projects/RiseBuild/node_modules/react-native/React/Fabric/Mounting/ComponentViews/Text/RCTParagraphComponentView.mm -o /Users/antoniogrillo-balen/Library/Developer/Xcode/DerivedData/risebysolis-gzfsziqwziaggpcbgdowmssiasmi/Build/Intermediates.noindex/Pods.build/Debug-iphonesimulator/React-RCTFabric.build/Objects-normal/arm64/RCTParagraphComponentView.o -index-unit-output-path /Pods.build/Debug-iphonesimulator/React-RCTFabric.build/Objects-normal/arm64/RCTParagraphComponentView.o
/Users/antoniogrillo-balen/Desktop/Projects/RiseBuild/node_modules/react-native/React/Fabric/Mounting/ComponentViews/Text/RCTParagraphComponentView.mm:309:36: warning: 'kUTTypeFlatRTFD' is deprecated: first deprecated in iOS 15.0 - Use UTTypeFlatRTFD or UTType.flatRTFD (swift) instead. [-Wdeprecated-declarations]
  309 |     [item setObject:rtf forKey:(id)kUTTypeFlatRTFD];
      |                                    ^
In file included from /Users/antoniogrillo-balen/Desktop/Projects/RiseBuild/node_modules/react-native/React/Fabric/Mounting/ComponentViews/Text/RCTParagraphComponentView.mm:11:
In file included from /Applications/Xcode.app/Contents/Developer/Platforms/iPhoneSimulator.platform/Developer/SDKs/iPhoneSimulator26.5.sdk/System/Library/Frameworks/MobileCoreServices.framework/Headers/UTCoreTypes.h:16:
/Applications/Xcode.app/Contents/Developer/Platforms/iPhoneSimulator.platform/Developer/SDKs/iPhoneSimulator26.5.sdk/System/Library/Frameworks/CoreServices.framework/Headers/UTCoreTypes.h:606:26: note: 'kUTTypeFlatRTFD' has been explicitly marked deprecated here
  606 | extern const CFStringRef kUTTypeFlatRTFD                             API_DEPRECATED("Use UTTypeFlatRTFD or UTType.flatRTFD (swift) instead.", ios(3.0, 15.0), macos(10.4, 12.0), tvos(9.0, 15.0), watchos(1.0, 8.0));
      |                          ^
/Users/antoniogrillo-balen/Desktop/Projects/RiseBuild/node_modules/react-native/React/Fabric/Mounting/ComponentViews/Text/RCTParagraphComponentView.mm:312:52: warning: 'kUTTypeUTF8PlainText' is deprecated: first deprecated in iOS 15.0 - Use UTTypeUTF8PlainText or UTType.utf8PlainText (swift) instead. [-Wdeprecated-declarations]
  312 |   [item setObject:attributedText.string forKey:(id)kUTTypeUTF8PlainText];
      |                                                    ^
In file included from /Users/antoniogrillo-balen/Desktop/Projects/RiseBuild/node_modules/react-native/React/Fabric/Mounting/ComponentViews/Text/RCTParagraphComponentView.mm:11:
In file included from /Applications/Xcode.app/Contents/Developer/Platforms/iPhoneSimulator.platform/Developer/SDKs/iPhoneSimulator26.5.sdk/System/Library/Frameworks/MobileCoreServices.framework/Headers/UTCoreTypes.h:16:
/Applications/Xcode.app/Contents/Developer/Platforms/iPhoneSimulator.platform/Developer/SDKs/iPhoneSimulator26.5.sdk/System/Library/Frameworks/CoreServices.framework/Headers/UTCoreTypes.h:303:26: note: 'kUTTypeUTF8PlainText' has been explicitly marked deprecated here
  303 | extern const CFStringRef kUTTypeUTF8PlainText                        API_DEPRECATED("Use UTTypeUTF8PlainText or UTType.utf8PlainText (swift) instead.", ios(3.0, 15.0), macos(10.4, 12.0), tvos(9.0, 15.0), watchos(1.0, 8.0));
      |                          ^
2 warnings generated.

CompileC /Users/antoniogrillo-balen/Library/Developer/Xcode/DerivedData/risebysolis-gzfsziqwziaggpcbgdowmssiasmi/Build/Intermediates.noindex/Pods.build/Debug-iphonesimulator/React-RCTFabric.build/Objects-normal/arm64/RCTParagraphComponentAccessibilityProvider.o /Users/antoniogrillo-balen/Desktop/Projects/RiseBuild/node_modules/react-native/React/Fabric/Mounting/ComponentViews/Text/RCTParagraphComponentAccessibilityProvider.mm normal arm64 objective-c++ com.apple.compilers.llvm.clang.1_0.compiler (in target 'React-RCTFabric' from project 'Pods')
    cd /Users/antoniogrillo-balen/Desktop/Projects/RiseBuild/ios/Pods
    
    Using response file: /Users/antoniogrillo-balen/Library/Developer/Xcode/DerivedData/risebysolis-gzfsziqwziaggpcbgdowmssiasmi/Build/Intermediates.noindex/Pods.build/Debug-iphonesimulator/React-RCTFabric.build/Objects-normal/arm64/af3fcb34312c57c0f52879cdce924b91-common-args.resp
    
    /Applications/Xcode.app/Contents/Developer/Toolchains/XcodeDefault.xctoolchain/usr/bin/clang -x objective-c++ -ivfsstatcache /Users/antoniogrillo-balen/Library/Developer/Xcode/DerivedData/SDKStatCaches.noindex/iphonesimulator26.5-23F73-6cfe768891a92b912361537c460fe42b.sdkstatcache -target arm64-apple-ios15.1-simulator -fmessage-length\=0 -fdiagnostics-show-note-include-stack -fmacro-backtrace-limit\=0 -fno-color-diagnostics -fmodules-prune-interval\=86400 -fmodules-prune-after\=345600 -fbuild-session-file\=/Users/antoniogrillo-balen/Library/Developer/Xcode/DerivedData/ModuleCache.noindex/Session.modulevalidation -fmodules-validate-once-per-build-session -Wnon-modular-include-in-framework-module -Werror\=non-modular-include-in-framework-module -Wno-trigraphs -Wno-missing-field-initializers -Wno-missing-prototypes -Werror\=return-type -Wdocumentation -Wunreachable-code -Wno-implicit-atomic-properties -Werror\=deprecated-objc-isa-usage -Wno-objc-interface-ivars -Werror\=objc-root-class -Wno-arc-repeated-use-of-weak -Wimplicit-retain-self -Wno-non-virtual-dtor -Wno-overloaded-virtual -Wno-exit-time-destructors -Wduplicate-method-match -Wno-missing-braces -Wparentheses -Wswitch -Wunused-function -Wno-unused-label -Wno-unused-parameter -Wunused-variable -Wunused-value -Wempty-body -Wuninitialized -Wconditional-uninitialized -Wno-unknown-pragmas -Wno-shadow -Wno-four-char-constants -Wno-conversion -Wconstant-conversion -Wint-conversion -Wbool-conversion -Wenum-conversion -Wno-float-conversion -Wnon-literal-null-conversion -Wobjc-literal-conversion -Wshorten-64-to-32 -Wno-newline-eof -Wno-selector -Wno-strict-selector-match -Wundeclared-selector -Wdeprecated-implementations -Wno-c++11-extensions -Wno-implicit-fallthrough -isysroot /Applications/Xcode.app/Contents/Developer/Platforms/iPhoneSimulator.platform/Developer/SDKs/iPhoneSimulator26.5.sdk -fstrict-aliasing -Wprotocol -Wdeprecated-declarations -Winvalid-offsetof -Wno-sign-conversion -Winfinite-recursion -Wmove -Wcomma -Wblock-capture-autoreleasing -Wstrict-prototypes -Wrange-loop-analysis -Wno-semicolon-before-method-body -Wunguarded-availability -index-store-path /Users/antoniogrillo-balen/Library/Developer/Xcode/DerivedData/risebysolis-gzfsziqwziaggpcbgdowmssiasmi/Index.noindex/DataStore -Wno-comma -Wno-shorten-64-to-32 @/Users/antoniogrillo-balen/Library/Developer/Xcode/DerivedData/risebysolis-gzfsziqwziaggpcbgdowmssiasmi/Build/Intermediates.noindex/Pods.build/Debug-iphonesimulator/React-RCTFabric.build/Objects-normal/arm64/af3fcb34312c57c0f52879cdce924b91-common-args.resp -DFOLLY_NO_CONFIG -DFOLLY_MOBILE\=1 -DFOLLY_USE_LIBCPP\=1 -DFOLLY_CFG_NO_COROUTINES\=1 -DFOLLY_HAVE_CLOCK_GETTIME\=1 -Wno-comma -Wno-shorten-64-to-32 -Wno-documentation -include /Users/antoniogrillo-balen/Desktop/Projects/RiseBuild/ios/Pods/Target\ Support\ Files/React-RCTFabric/React-RCTFabric-prefix.pch -MMD -MT dependencies -MF /Users/antoniogrillo-balen/Library/Developer/Xcode/DerivedData/risebysolis-gzfsziqwziaggpcbgdowmssiasmi/Build/Intermediates.noindex/Pods.build/Debug-iphonesimulator/React-RCTFabric.build/Objects-normal/arm64/RCTParagraphComponentAccessibilityProvider.d --serialize-diagnostics /Users/antoniogrillo-balen/Library/Developer/Xcode/DerivedData/risebysolis-gzfsziqwziaggpcbgdowmssiasmi/Build/Intermediates.noindex/Pods.build/Debug-iphonesimulator/React-RCTFabric.build/Objects-normal/arm64/RCTParagraphComponentAccessibilityProvider.dia -c /Users/antoniogrillo-balen/Desktop/Projects/RiseBuild/node_modules/react-native/React/Fabric/Mounting/ComponentViews/Text/RCTParagraphComponentAccessibilityProvider.mm -o /Users/antoniogrillo-balen/Library/Developer/Xcode/DerivedData/risebysolis-gzfsziqwziaggpcbgdowmssiasmi/Build/Intermediates.noindex/Pods.build/Debug-iphonesimulator/React-RCTFabric.build/Objects-normal/arm64/RCTParagraphComponentAccessibilityProvider.o -index-unit-output-path /Pods.build/Debug-iphonesimulator/React-RCTFabric.build/Objects-normal/arm64/RCTParagraphComponentAccessibilityProvider.o

CompileC /Users/antoniogrillo-balen/Library/Developer/Xcode/DerivedData/risebysolis-gzfsziqwziaggpcbgdowmssiasmi/Build/Intermediates.noindex/Pods.build/Debug-iphonesimulator/React-RCTFabric.build/Objects-normal/arm64/RCTInputAccessoryComponentView.o /Users/antoniogrillo-balen/Desktop/Projects/RiseBuild/node_modules/react-native/React/Fabric/Mounting/ComponentViews/InputAccessory/RCTInputAccessoryComponentView.mm normal arm64 objective-c++ com.apple.compilers.llvm.clang.1_0.compiler (in target 'React-RCTFabric' from project 'Pods')
    cd /Users/antoniogrillo-balen/Desktop/Projects/RiseBuild/ios/Pods
    
    Using response file: /Users/antoniogrillo-balen/Library/Developer/Xcode/DerivedData/risebysolis-gzfsziqwziaggpcbgdowmssiasmi/Build/Intermediates.noindex/Pods.build/Debug-iphonesimulator/React-RCTFabric.build/Objects-normal/arm64/af3fcb34312c57c0f52879cdce924b91-common-args.resp
    
    /Applications/Xcode.app/Contents/Developer/Toolchains/XcodeDefault.xctoolchain/usr/bin/clang -x objective-c++ -ivfsstatcache /Users/antoniogrillo-balen/Library/Developer/Xcode/DerivedData/SDKStatCaches.noindex/iphonesimulator26.5-23F73-6cfe768891a92b912361537c460fe42b.sdkstatcache -target arm64-apple-ios15.1-simulator -fmessage-length\=0 -fdiagnostics-show-note-include-stack -fmacro-backtrace-limit\=0 -fno-color-diagnostics -fmodules-prune-interval\=86400 -fmodules-prune-after\=345600 -fbuild-session-file\=/Users/antoniogrillo-balen/Library/Developer/Xcode/DerivedData/ModuleCache.noindex/Session.modulevalidation -fmodules-validate-once-per-build-session -Wnon-modular-include-in-framework-module -Werror\=non-modular-include-in-framework-module -Wno-trigraphs -Wno-missing-field-initializers -Wno-missing-prototypes -Werror\=return-type -Wdocumentation -Wunreachable-code -Wno-implicit-atomic-properties -Werror\=deprecated-objc-isa-usage -Wno-objc-interface-ivars -Werror\=objc-root-class -Wno-arc-repeated-use-of-weak -Wimplicit-retain-self -Wno-non-virtual-dtor -Wno-overloaded-virtual -Wno-exit-time-destructors -Wduplicate-method-match -Wno-missing-braces -Wparentheses -Wswitch -Wunused-function -Wno-unused-label -Wno-unused-parameter -Wunused-variable -Wunused-value -Wempty-body -Wuninitialized -Wconditional-uninitialized -Wno-unknown-pragmas -Wno-shadow -Wno-four-char-constants -Wno-conversion -Wconstant-conversion -Wint-conversion -Wbool-conversion -Wenum-conversion -Wno-float-conversion -Wnon-literal-null-conversion -Wobjc-literal-conversion -Wshorten-64-to-32 -Wno-newline-eof -Wno-selector -Wno-strict-selector-match -Wundeclared-selector -Wdeprecated-implementations -Wno-c++11-extensions -Wno-implicit-fallthrough -isysroot /Applications/Xcode.app/Contents/Developer/Platforms/iPhoneSimulator.platform/Developer/SDKs/iPhoneSimulator26.5.sdk -fstrict-aliasing -Wprotocol -Wdeprecated-declarations -Winvalid-offsetof -Wno-sign-conversion -Winfinite-recursion -Wmove -Wcomma -Wblock-capture-autoreleasing -Wstrict-prototypes -Wrange-loop-analysis -Wno-semicolon-before-method-body -Wunguarded-availability -index-store-path /Users/antoniogrillo-balen/Library/Developer/Xcode/DerivedData/risebysolis-gzfsziqwziaggpcbgdowmssiasmi/Index.noindex/DataStore -Wno-comma -Wno-shorten-64-to-32 @/Users/antoniogrillo-balen/Library/Developer/Xcode/DerivedData/risebysolis-gzfsziqwziaggpcbgdowmssiasmi/Build/Intermediates.noindex/Pods.build/Debug-iphonesimulator/React-RCTFabric.build/Objects-normal/arm64/af3fcb34312c57c0f52879cdce924b91-common-args.resp -DFOLLY_NO_CONFIG -DFOLLY_MOBILE\=1 -DFOLLY_USE_LIBCPP\=1 -DFOLLY_CFG_NO_COROUTINES\=1 -DFOLLY_HAVE_CLOCK_GETTIME\=1 -Wno-comma -Wno-shorten-64-to-32 -Wno-documentation -include /Users/antoniogrillo-balen/Desktop/Projects/RiseBuild/ios/Pods/Target\ Support\ Files/React-RCTFabric/React-RCTFabric-prefix.pch -MMD -MT dependencies -MF /Users/antoniogrillo-balen/Library/Developer/Xcode/DerivedData/risebysolis-gzfsziqwziaggpcbgdowmssiasmi/Build/Intermediates.noindex/Pods.build/Debug-iphonesimulator/React-RCTFabric.build/Objects-normal/arm64/RCTInputAccessoryComponentView.d --serialize-diagnostics /Users/antoniogrillo-balen/Library/Developer/Xcode/DerivedData/risebysolis-gzfsziqwziaggpcbgdowmssiasmi/Build/Intermediates.noindex/Pods.build/Debug-iphonesimulator/React-RCTFabric.build/Objects-normal/arm64/RCTInputAccessoryComponentView.dia -c /Users/antoniogrillo-balen/Desktop/Projects/RiseBuild/node_modules/react-native/React/Fabric/Mounting/ComponentViews/InputAccessory/RCTInputAccessoryComponentView.mm -o /Users/antoniogrillo-balen/Library/Developer/Xcode/DerivedData/risebysolis-gzfsziqwziaggpcbgdowmssiasmi/Build/Intermediates.noindex/Pods.build/Debug-iphonesimulator/React-RCTFabric.build/Objects-normal/arm64/RCTInputAccessoryComponentView.o -index-unit-output-path /Pods.build/Debug-iphonesimulator/React-RCTFabric.build/Objects-normal/arm64/RCTInputAccessoryComponentView.o

CompileC /Users/antoniogrillo-balen/Library/Developer/Xcode/DerivedData/risebysolis-gzfsziqwziaggpcbgdowmssiasmi/Build/Intermediates.noindex/Pods.build/Debug-iphonesimulator/React-RCTFabric.build/Objects-normal/arm64/RCTActivityIndicatorViewComponentView.o /Users/antoniogrillo-balen/Desktop/Projects/RiseBuild/node_modules/react-native/React/Fabric/Mounting/ComponentViews/ActivityIndicator/RCTActivityIndicatorViewComponentView.mm normal arm64 objective-c++ com.apple.compilers.llvm.clang.1_0.compiler (in target 'React-RCTFabric' from project 'Pods')
    cd /Users/antoniogrillo-balen/Desktop/Projects/RiseBuild/ios/Pods
    
    Using response file: /Users/antoniogrillo-balen/Library/Developer/Xcode/DerivedData/risebysolis-gzfsziqwziaggpcbgdowmssiasmi/Build/Intermediates.noindex/Pods.build/Debug-iphonesimulator/React-RCTFabric.build/Objects-normal/arm64/af3fcb34312c57c0f52879cdce924b91-common-args.resp
    
    /Applications/Xcode.app/Contents/Developer/Toolchains/XcodeDefault.xctoolchain/usr/bin/clang -x objective-c++ -ivfsstatcache /Users/antoniogrillo-balen/Library/Developer/Xcode/DerivedData/SDKStatCaches.noindex/iphonesimulator26.5-23F73-6cfe768891a92b912361537c460fe42b.sdkstatcache -target arm64-apple-ios15.1-simulator -fmessage-length\=0 -fdiagnostics-show-note-include-stack -fmacro-backtrace-limit\=0 -fno-color-diagnostics -fmodules-prune-interval\=86400 -fmodules-prune-after\=345600 -fbuild-session-file\=/Users/antoniogrillo-balen/Library/Developer/Xcode/DerivedData/ModuleCache.noindex/Session.modulevalidation -fmodules-validate-once-per-build-session -Wnon-modular-include-in-framework-module -Werror\=non-modular-include-in-framework-module -Wno-trigraphs -Wno-missing-field-initializers -Wno-missing-prototypes -Werror\=return-type -Wdocumentation -Wunreachable-code -Wno-implicit-atomic-properties -Werror\=deprecated-objc-isa-usage -Wno-objc-interface-ivars -Werror\=objc-root-class -Wno-arc-repeated-use-of-weak -Wimplicit-retain-self -Wno-non-virtual-dtor -Wno-overloaded-virtual -Wno-exit-time-destructors -Wduplicate-method-match -Wno-missing-braces -Wparentheses -Wswitch -Wunused-function -Wno-unused-label -Wno-unused-parameter -Wunused-variable -Wunused-value -Wempty-body -Wuninitialized -Wconditional-uninitialized -Wno-unknown-pragmas -Wno-shadow -Wno-four-char-constants -Wno-conversion -Wconstant-conversion -Wint-conversion -Wbool-conversion -Wenum-conversion -Wno-float-conversion -Wnon-literal-null-conversion -Wobjc-literal-conversion -Wshorten-64-to-32 -Wno-newline-eof -Wno-selector -Wno-strict-selector-match -Wundeclared-selector -Wdeprecated-implementations -Wno-c++11-extensions -Wno-implicit-fallthrough -isysroot /Applications/Xcode.app/Contents/Developer/Platforms/iPhoneSimulator.platform/Developer/SDKs/iPhoneSimulator26.5.sdk -fstrict-aliasing -Wprotocol -Wdeprecated-declarations -Winvalid-offsetof -Wno-sign-conversion -Winfinite-recursion -Wmove -Wcomma -Wblock-capture-autoreleasing -Wstrict-prototypes -Wrange-loop-analysis -Wno-semicolon-before-method-body -Wunguarded-availability -index-store-path /Users/antoniogrillo-balen/Library/Developer/Xcode/DerivedData/risebysolis-gzfsziqwziaggpcbgdowmssiasmi/Index.noindex/DataStore -Wno-comma -Wno-shorten-64-to-32 @/Users/antoniogrillo-balen/Library/Developer/Xcode/DerivedData/risebysolis-gzfsziqwziaggpcbgdowmssiasmi/Build/Intermediates.noindex/Pods.build/Debug-iphonesimulator/React-RCTFabric.build/Objects-normal/arm64/af3fcb34312c57c0f52879cdce924b91-common-args.resp -DFOLLY_NO_CONFIG -DFOLLY_MOBILE\=1 -DFOLLY_USE_LIBCPP\=1 -DFOLLY_CFG_NO_COROUTINES\=1 -DFOLLY_HAVE_CLOCK_GETTIME\=1 -Wno-comma -Wno-shorten-64-to-32 -Wno-documentation -include /Users/antoniogrillo-balen/Desktop/Projects/RiseBuild/ios/Pods/Target\ Support\ Files/React-RCTFabric/React-RCTFabric-prefix.pch -MMD -MT dependencies -MF /Users/antoniogrillo-balen/Library/Developer/Xcode/DerivedData/risebysolis-gzfsziqwziaggpcbgdowmssiasmi/Build/Intermediates.noindex/Pods.build/Debug-iphonesimulator/React-RCTFabric.build/Objects-normal/arm64/RCTActivityIndicatorViewComponentView.d --serialize-diagnostics /Users/antoniogrillo-balen/Library/Developer/Xcode/DerivedData/risebysolis-gzfsziqwziaggpcbgdowmssiasmi/Build/Intermediates.noindex/Pods.build/Debug-iphonesimulator/React-RCTFabric.build/Objects-normal/arm64/RCTActivityIndicatorViewComponentView.dia -c /Users/antoniogrillo-balen/Desktop/Projects/RiseBuild/node_modules/react-native/React/Fabric/Mounting/ComponentViews/ActivityIndicator/RCTActivityIndicatorViewComponentView.mm -o /Users/antoniogrillo-balen/Library/Developer/Xcode/DerivedData/risebysolis-gzfsziqwziaggpcbgdowmssiasmi/Build/Intermediates.noindex/Pods.build/Debug-iphonesimulator/React-RCTFabric.build/Objects-normal/arm64/RCTActivityIndicatorViewComponentView.o -index-unit-output-path /Pods.build/Debug-iphonesimulator/React-RCTFabric.build/Objects-normal/arm64/RCTActivityIndicatorViewComponentView.o

Libtool /Users/antoniogrillo-balen/Library/Developer/Xcode/DerivedData/risebysolis-gzfsziqwziaggpcbgdowmssiasmi/Build/Products/Debug-iphonesimulator/React-RCTFabric/RCTFabric.framework/RCTFabric normal (in target 'React-RCTFabric' from project 'Pods')
    cd /Users/antoniogrillo-balen/Desktop/Projects/RiseBuild/ios/Pods
    /Applications/Xcode.app/Contents/Developer/Toolchains/XcodeDefault.xctoolchain/usr/bin/libtool -static -arch_only arm64 -D -syslibroot /Applications/Xcode.app/Contents/Developer/Platforms/iPhoneSimulator.platform/Developer/SDKs/iPhoneSimulator26.5.sdk -L/Users/antoniogrillo-balen/Library/Developer/Xcode/DerivedData/risebysolis-gzfsziqwziaggpcbgdowmssiasmi/Build/Products/Debug-iphonesimulator/React-RCTFabric -filelist /Users/antoniogrillo-balen/Library/Developer/Xcode/DerivedData/risebysolis-gzfsziqwziaggpcbgdowmssiasmi/Build/Intermediates.noindex/Pods.build/Debug-iphonesimulator/React-RCTFabric.build/Objects-normal/arm64/RCTFabric.LinkFileList -dependency_info /Users/antoniogrillo-balen/Library/Developer/Xcode/DerivedData/risebysolis-gzfsziqwziaggpcbgdowmssiasmi/Build/Intermediates.noindex/Pods.build/Debug-iphonesimulator/React-RCTFabric.build/Objects-normal/arm64/RCTFabric_libtool_dependency_info.dat -o /Users/antoniogrillo-balen/Library/Developer/Xcode/DerivedData/risebysolis-gzfsziqwziaggpcbgdowmssiasmi/Build/Products/Debug-iphonesimulator/React-RCTFabric/RCTFabric.framework/RCTFabric

CodeSign /Users/antoniogrillo-balen/Library/Developer/Xcode/DerivedData/risebysolis-gzfsziqwziaggpcbgdowmssiasmi/Build/Products/Debug-iphonesimulator/React-RCTFabric/RCTFabric.framework (in target 'React-RCTFabric' from project 'Pods')
    cd /Users/antoniogrillo-balen/Desktop/Projects/RiseBuild/ios/Pods
    
    Signing Identity:     "Sign to Run Locally"
    
    /usr/bin/codesign --force --sign - --timestamp\=none --generate-entitlement-der /Users/antoniogrillo-balen/Library/Developer/Xcode/DerivedData/risebysolis-gzfsziqwziaggpcbgdowmssiasmi/Build/Products/Debug-iphonesimulator/React-RCTFabric/RCTFabric.framework
note: Signing static framework with --generate-pre-encrypt-hashes (in target 'React-RCTFabric' from project 'Pods')
/Users/antoniogrillo-balen/Library/Developer/Xcode/DerivedData/risebysolis-gzfsziqwziaggpcbgdowmssiasmi/Build/Products/Debug-iphonesimulator/React-RCTFabric/RCTFabric.framework: replacing existing signature

ProcessInfoPlistFile /Users/antoniogrillo-balen/Library/Developer/Xcode/DerivedData/risebysolis-gzfsziqwziaggpcbgdowmssiasmi/Build/Products/Debug-iphonesimulator/React-Mapbuffer/React_Mapbuffer.framework/Info.plist /Users/antoniogrillo-balen/Desktop/Projects/RiseBuild/ios/Pods/Target\ Support\ Files/React-Mapbuffer/React-Mapbuffer-Info.plist (in target 'React-Mapbuffer' from project 'Pods')
    cd /Users/antoniogrillo-balen/Desktop/Projects/RiseBuild/ios/Pods
    builtin-infoPlistUtility /Users/antoniogrillo-balen/Desktop/Projects/RiseBuild/ios/Pods/Target\ Support\ Files/React-Mapbuffer/React-Mapbuffer-Info.plist -producttype com.apple.product-type.framework -expandbuildsettings -format binary -platform iphonesimulator -o /Users/antoniogrillo-balen/Library/Developer/Xcode/DerivedData/risebysolis-gzfsziqwziaggpcbgdowmssiasmi/Build/Products/Debug-iphonesimulator/React-Mapbuffer/React_Mapbuffer.framework/Info.plist

ProcessInfoPlistFile /Users/antoniogrillo-balen/Library/Developer/Xcode/DerivedData/risebysolis-gzfsziqwziaggpcbgdowmssiasmi/Build/Products/Debug-iphonesimulator/React-RuntimeHermes/React_RuntimeHermes.framework/Info.plist /Users/antoniogrillo-balen/Desktop/Projects/RiseBuild/ios/Pods/Target\ Support\ Files/React-RuntimeHermes/React-RuntimeHermes-Info.plist (in target 'React-RuntimeHermes' from project 'Pods')
    cd /Users/antoniogrillo-balen/Desktop/Projects/RiseBuild/ios/Pods
    builtin-infoPlistUtility /Users/antoniogrillo-balen/Desktop/Projects/RiseBuild/ios/Pods/Target\ Support\ Files/React-RuntimeHermes/React-RuntimeHermes-Info.plist -producttype com.apple.product-type.framework -expandbuildsettings -format binary -platform iphonesimulator -o /Users/antoniogrillo-balen/Library/Developer/Xcode/DerivedData/risebysolis-gzfsziqwziaggpcbgdowmssiasmi/Build/Products/Debug-iphonesimulator/React-RuntimeHermes/React_RuntimeHermes.framework/Info.plist

warning: Run script build phase 'Create Symlinks to Header Folders' will be run during every build because it does not specify any outputs. To address this issue, either add output dependencies to the script phase, or configure it to run in every build by unchecking "Based on dependency analysis" in the script phase. (in target 'React-RuntimeApple' from project 'Pods')
PhaseScriptExecution Create\ Symlinks\ to\ Header\ Folders /Users/antoniogrillo-balen/Library/Developer/Xcode/DerivedData/risebysolis-gzfsziqwziaggpcbgdowmssiasmi/Build/Intermediates.noindex/Pods.build/Debug-iphonesimulator/React-RuntimeApple.build/Script-46EB2E00029C70.sh (in target 'React-RuntimeApple' from project 'Pods')
    cd /Users/antoniogrillo-balen/Desktop/Projects/RiseBuild/ios/Pods
    export ACTION\=build
    export AD_HOC_CODE_SIGNING_ALLOWED\=YES
    export ALLOW_BUILD_REQUEST_OVERRIDES\=NO
    export ALLOW_TARGET_PLATFORM_SPECIALIZATION\=NO
    export ALTERNATE_GROUP\=staff
    export ALTERNATE_MODE\=u+w,go-w,a+rX
    export ALTERNATE_OWNER\=antoniogrillo-balen
    export ALTERNATIVE_DISTRIBUTION_WEB\=NO
    export ALWAYS_EMBED_SWIFT_STANDARD_LIBRARIES\=NO
    export ALWAYS_SEARCH_USER_PATHS\=NO
    export ALWAYS_USE_SEPARATE_HEADERMAPS\=NO
    export APPLICATION_EXTENSION_API_ONLY\=NO
    export APPLY_RULES_IN_COPY_FILES\=NO
    export APPLY_RULES_IN_COPY_HEADERS\=NO
    export APP_SHORTCUTS_ENABLE_FLEXIBLE_MATCHING\=YES
    export ARCHS\=arm64
    export ARCHS_BASE\=arm64
    export ARCHS_STANDARD\=arm64\ x86_64
    export ARCHS_STANDARD_32_64_BIT\=arm64\ x86_64
    export ARCHS_STANDARD_64_BIT\=arm64\ x86_64
    export ARCHS_STANDARD_INCLUDING_64_BIT\=arm64\ x86_64
    export ARCHS_UNIVERSAL_IPHONE_OS\=arm64\ x86_64
    export ASSETCATALOG_FILTER_FOR_DEVICE_MODEL\=iPhone16,2
    export ASSETCATALOG_FILTER_FOR_DEVICE_OS_VERSION\=26.4.1
    export ASSETCATALOG_FILTER_FOR_THINNING_DEVICE_CONFIGURATION\=iPhone16,2
    export AUTOMATICALLY_MERGE_DEPENDENCIES\=NO
    export AUTOMATION_APPLE_EVENTS\=NO
    export AVAILABLE_PLATFORMS\=android\ appletvos\ appletvsimulator\ driverkit\ freebsd\ iphoneos\ iphonesimulator\ linux\ macosx\ none\ openbsd\ qnx\ watchos\ watchsimulator\ webassembly\ xros\ xrsimulator
    export AppIdentifierPrefix\=FAKETEAMID.
    export BUILD_ACTIVE_RESOURCES_ONLY\=YES
    export BUILD_COMPONENTS\=headers\ build
    export BUILD_DIR\=/Users/antoniogrillo-balen/Library/Developer/Xcode/DerivedData/risebysolis-gzfsziqwziaggpcbgdowmssiasmi/Build/Products
    export BUILD_LIBRARY_FOR_DISTRIBUTION\=NO
    export BUILD_ONLY_KNOWN_LOCALIZATIONS\=NO
    export BUILD_ROOT\=/Users/antoniogrillo-balen/Library/Developer/Xcode/DerivedData/risebysolis-gzfsziqwziaggpcbgdowmssiasmi/Build/Products
    export BUILD_STYLE\=
    export BUILD_VARIANTS\=normal
    export BUILT_PRODUCTS_DIR\=/Users/antoniogrillo-balen/Library/Developer/Xcode/DerivedData/risebysolis-gzfsziqwziaggpcbgdowmssiasmi/Build/Products/Debug-iphonesimulator/React-RuntimeApple
    export BUNDLE_CONTENTS_FOLDER_PATH_deep\=Contents/
    export BUNDLE_EXECUTABLE_FOLDER_NAME_deep\=MacOS
    export BUNDLE_EXTENSIONS_FOLDER_PATH\=Extensions
    export BUNDLE_FORMAT\=shallow
    export BUNDLE_FRAMEWORKS_FOLDER_PATH\=Frameworks
    export BUNDLE_PLUGINS_FOLDER_PATH\=PlugIns
    export BUNDLE_PRIVATE_HEADERS_FOLDER_PATH\=PrivateHeaders
    export BUNDLE_PUBLIC_HEADERS_FOLDER_PATH\=Headers
    export CACHE_ROOT\=/var/folders/2z/jtlqylkx0c709j3xb7b0g4cm0000gn/C/com.apple.DeveloperTools/26.5-17F42/Xcode
    export CCHROOT\=/var/folders/2z/jtlqylkx0c709j3xb7b0g4cm0000gn/C/com.apple.DeveloperTools/26.5-17F42/Xcode
    export CHMOD\=/bin/chmod
    export CHOWN\=chown
    export CLANG_ANALYZER_LOCALIZABILITY_NONLOCALIZED\=YES
    export CLANG_ANALYZER_NONNULL\=YES
    export CLANG_ANALYZER_NUMBER_OBJECT_CONVERSION\=YES_AGGRESSIVE
    export CLANG_CACHE_FINE_GRAINED_OUTPUTS\=YES
    export CLANG_CXX_LANGUAGE_STANDARD\=c++20
    export CLANG_CXX_LIBRARY\=libc++
    export CLANG_ENABLE_EXPLICIT_MODULES\=YES
    export CLANG_ENABLE_MODULES\=YES
    export CLANG_ENABLE_OBJC_ARC\=YES
    export CLANG_ENABLE_OBJC_WEAK\=NO
    export CLANG_MODULES_BUILD_SESSION_FILE\=/Users/antoniogrillo-balen/Library/Developer/Xcode/DerivedData/ModuleCache.noindex/Session.modulevalidation
    export CLANG_WARN_BLOCK_CAPTURE_AUTORELEASING\=YES
    export CLANG_WARN_BOOL_CONVERSION\=YES
    export CLANG_WARN_COMMA\=YES
    export CLANG_WARN_CONSTANT_CONVERSION\=YES
    export CLANG_WARN_DEPRECATED_OBJC_IMPLEMENTATIONS\=YES
    export CLANG_WARN_DIRECT_OBJC_ISA_USAGE\=YES_ERROR
    export CLANG_WARN_DOCUMENTATION_COMMENTS\=YES
    export CLANG_WARN_EMPTY_BODY\=YES
    export CLANG_WARN_ENUM_CONVERSION\=YES
    export CLANG_WARN_INFINITE_RECURSION\=YES
    export CLANG_WARN_INT_CONVERSION\=YES
    export CLANG_WARN_NON_LITERAL_NULL_CONVERSION\=YES
    export CLANG_WARN_OBJC_IMPLICIT_RETAIN_SELF\=YES
    export CLANG_WARN_OBJC_LITERAL_CONVERSION\=YES
    export CLANG_WARN_OBJC_ROOT_CLASS\=YES_ERROR
    export CLANG_WARN_QUOTED_INCLUDE_IN_FRAMEWORK_HEADER\=NO
    export CLANG_WARN_RANGE_LOOP_ANALYSIS\=YES
    export CLANG_WARN_STRICT_PROTOTYPES\=YES
    export CLANG_WARN_SUSPICIOUS_MOVE\=YES
    export CLANG_WARN_UNGUARDED_AVAILABILITY\=YES_AGGRESSIVE
    export CLANG_WARN_UNREACHABLE_CODE\=YES
    export CLANG_WARN__DUPLICATE_METHOD_MATCH\=YES
    export CLASS_FILE_DIR\=/Users/antoniogrillo-balen/Library/Developer/Xcode/DerivedData/risebysolis-gzfsziqwziaggpcbgdowmssiasmi/Build/Intermediates.noindex/Pods.build/Debug-iphonesimulator/React-RuntimeApple.build/JavaClasses
    export CLEAN_PRECOMPS\=YES
    export CLONE_HEADERS\=NO
    export CODESIGNING_FOLDER_PATH\=/Users/antoniogrillo-balen/Library/Developer/Xcode/DerivedData/risebysolis-gzfsziqwziaggpcbgdowmssiasmi/Build/Products/Debug-iphonesimulator/React-RuntimeApple/React_RuntimeApple.framework
    export CODE_SIGNING_ALLOWED\=YES
    export CODE_SIGNING_REQUIRED\=NO
    export CODE_SIGNING_REQUIRES_TEAM\=YES
    export CODE_SIGN_CONTEXT_CLASS\=XCiPhoneSimulatorCodeSignContext
    export CODE_SIGN_IDENTITY\=-
    export CODE_SIGN_INJECT_BASE_ENTITLEMENTS\=YES
    export COLOR_DIAGNOSTICS\=NO
    export COMBINE_HIDPI_IMAGES\=NO
    export COMPILATION_CACHE_CAS_PATH\=/Users/antoniogrillo-balen/Library/Developer/Xcode/DerivedData/CompilationCache.noindex
    export COMPILATION_CACHE_KEEP_CAS_DIRECTORY\=YES
    export COMPILER_INDEX_STORE_ENABLE\=Default
    export COMPOSITE_SDK_DIRS\=/Users/antoniogrillo-balen/Library/Developer/Xcode/DerivedData/risebysolis-gzfsziqwziaggpcbgdowmssiasmi/Build/Intermediates.noindex/CompositeSDKs
    export COMPRESS_PNG_FILES\=YES
    export CONFIGURATION\=Debug
    export CONFIGURATION_BUILD_DIR\=/Users/antoniogrillo-balen/Library/Developer/Xcode/DerivedData/risebysolis-gzfsziqwziaggpcbgdowmssiasmi/Build/Products/Debug-iphonesimulator/React-RuntimeApple
    export CONFIGURATION_TEMP_DIR\=/Users/antoniogrillo-balen/Library/Developer/Xcode/DerivedData/risebysolis-gzfsziqwziaggpcbgdowmssiasmi/Build/Intermediates.noindex/Pods.build/Debug-iphonesimulator
    export CONTENTS_FOLDER_PATH\=React_RuntimeApple.framework
    export CONTENTS_FOLDER_PATH_SHALLOW_BUNDLE_NO\=React_RuntimeApple.framework/A
    export CONTENTS_FOLDER_PATH_SHALLOW_BUNDLE_YES\=React_RuntimeApple.framework
    export COPYING_PRESERVES_HFS_DATA\=NO
    export COPY_HEADERS_RUN_UNIFDEF\=NO
    export COPY_PHASE_STRIP\=NO
    export CORRESPONDING_DEVICE_PLATFORM_DIR\=/Applications/Xcode.app/Contents/Developer/Platforms/iPhoneOS.platform
    export CORRESPONDING_DEVICE_PLATFORM_NAME\=iphoneos
    export CORRESPONDING_DEVICE_SDK_DIR\=/Applications/Xcode.app/Contents/Developer/Platforms/iPhoneOS.platform/Developer/SDKs/iPhoneOS26.5.sdk
    export CORRESPONDING_DEVICE_SDK_NAME\=iphoneos26.5
    export CP\=/bin/cp
    export CREATE_INFOPLIST_SECTION_IN_BINARY\=NO
    export CURRENT_ARCH\=undefined_arch
    export CURRENT_PROJECT_VERSION\=1
    export CURRENT_VARIANT\=normal
    export CURRENT_VERSION\=Current
    export DEAD_CODE_STRIPPING\=YES
    export DEBUGGING_SYMBOLS\=YES
    export DEBUG_INFORMATION_FORMAT\=dwarf
    export DEBUG_INFORMATION_VERSION\=compiler-default
    export DEFAULT_COMPILER\=com.apple.compilers.llvm.clang.1_0
    export DEFAULT_DEXT_INSTALL_PATH\=/System/Library/DriverExtensions
    export DEFAULT_KEXT_INSTALL_PATH\=/System/Library/Extensions
    export DEFINES_MODULE\=YES
    export DEPLOYMENT_LOCATION\=NO
    export DEPLOYMENT_POSTPROCESSING\=NO
    export DEPLOYMENT_TARGET_SETTING_NAME\=IPHONEOS_DEPLOYMENT_TARGET
    export DEPLOYMENT_TARGET_SUGGESTED_VALUES\=12.0\ 12.1\ 12.2\ 12.3\ 12.4\ 13.0\ 13.1\ 13.2\ 13.3\ 13.4\ 13.5\ 13.6\ 14.0\ 14.1\ 14.2\ 14.3\ 14.4\ 14.5\ 14.6\ 14.7\ 15.0\ 15.1\ 15.2\ 15.3\ 15.4\ 15.5\ 15.6\ 16.0\ 16.1\ 16.2\ 16.3\ 16.4\ 16.5\ 16.6\ 17.0\ 17.1\ 17.2\ 17.3\ 17.4\ 17.5\ 17.6\ 18.0\ 18.1\ 18.2\ 18.3\ 18.4\ 18.5\ 18.6\ 26.0\ 26.2\ 26.3\ 26.4\ 26.5
    export DERIVED_FILES_DIR\=/Users/antoniogrillo-balen/Library/Developer/Xcode/DerivedData/risebysolis-gzfsziqwziaggpcbgdowmssiasmi/Build/Intermediates.noindex/Pods.build/Debug-iphonesimulator/React-RuntimeApple.build/DerivedSources
    export DERIVED_FILE_DIR\=/Users/antoniogrillo-balen/Library/Developer/Xcode/DerivedData/risebysolis-gzfsziqwziaggpcbgdowmssiasmi/Build/Intermediates.noindex/Pods.build/Debug-iphonesimulator/React-RuntimeApple.build/DerivedSources
    export DERIVED_SOURCES_DIR\=/Users/antoniogrillo-balen/Library/Developer/Xcode/DerivedData/risebysolis-gzfsziqwziaggpcbgdowmssiasmi/Build/Intermediates.noindex/Pods.build/Debug-iphonesimulator/React-RuntimeApple.build/DerivedSources
    export DEVELOPER_APPLICATIONS_DIR\=/Applications/Xcode.app/Contents/Developer/Applications
    export DEVELOPER_BIN_DIR\=/Applications/Xcode.app/Contents/Developer/usr/bin
    export DEVELOPER_DIR\=/Applications/Xcode.app/Contents/Developer
    export DEVELOPER_FRAMEWORKS_DIR\=/Applications/Xcode.app/Contents/Developer/Library/Frameworks
    export DEVELOPER_FRAMEWORKS_DIR_QUOTED\=/Applications/Xcode.app/Contents/Developer/Library/Frameworks
    export DEVELOPER_LIBRARY_DIR\=/Applications/Xcode.app/Contents/Developer/Library
    export DEVELOPER_SDK_DIR\=/Applications/Xcode.app/Contents/Developer/Platforms/MacOSX.platform/Developer/SDKs
    export DEVELOPER_TOOLS_DIR\=/Applications/Xcode.app/Contents/Developer/Tools
    export DEVELOPER_USR_DIR\=/Applications/Xcode.app/Contents/Developer/usr
    export DEVELOPMENT_LANGUAGE\=en
    export DIAGNOSE_MISSING_TARGET_DEPENDENCIES\=YES
    export DIFF\=/usr/bin/diff
    export DOCUMENTATION_FOLDER_PATH\=React_RuntimeApple.framework/en.lproj/Documentation
    export DONT_GENERATE_INFOPLIST_FILE\=NO
    export DSTROOT\=/tmp/Pods.dst
    export DT_TOOLCHAIN_DIR\=/Applications/Xcode.app/Contents/Developer/Toolchains/XcodeDefault.xctoolchain
    export DUMP_DEPENDENCIES\=NO
    export DUMP_DEPENDENCIES_OUTPUT_PATH\=/Users/antoniogrillo-balen/Library/Developer/Xcode/DerivedData/risebysolis-gzfsziqwziaggpcbgdowmssiasmi/Build/Intermediates.noindex/Pods.build/Debug-iphonesimulator/React-RuntimeApple.build/React-RuntimeApple-BuildDependencyInfo.json
    export DWARF_DSYM_FILE_NAME\=React_RuntimeApple.framework.dSYM
    export DWARF_DSYM_FILE_SHOULD_ACCOMPANY_PRODUCT\=NO
    export DWARF_DSYM_FOLDER_PATH\=/Users/antoniogrillo-balen/Library/Developer/Xcode/DerivedData/risebysolis-gzfsziqwziaggpcbgdowmssiasmi/Build/Products/Debug-iphonesimulator/React-RuntimeApple
    export DYLIB_COMPATIBILITY_VERSION\=1
    export DYLIB_CURRENT_VERSION\=1
    export DYLIB_INSTALL_NAME_BASE\=@rpath
    export DYNAMIC_LIBRARY_EXTENSION\=dylib
    export EAGER_COMPILATION_ALLOW_SCRIPTS\=NO
    export EAGER_LINKING\=NO
    export EFFECTIVE_PLATFORM_NAME\=-iphonesimulator
    export EFFECTIVE_SWIFT_VERSION\=5
    export EMBEDDED_CONTENT_CONTAINS_SWIFT\=NO
    export EMBED_ASSET_PACKS_IN_PRODUCT_BUNDLE\=NO
    export ENABLE_APP_SANDBOX\=NO
    export ENABLE_CODE_COVERAGE\=YES
    export ENABLE_COHORT_ARCHS\=NO
    export ENABLE_CPLUSPLUS_BOUNDS_SAFE_BUFFERS\=NO
    export ENABLE_C_BOUNDS_SAFETY\=NO
    export ENABLE_DEFAULT_HEADER_SEARCH_PATHS\=YES
    export ENABLE_DEFAULT_SEARCH_PATHS\=YES
    export ENABLE_ENHANCED_SECURITY\=NO
    export ENABLE_HARDENED_RUNTIME\=NO
    export ENABLE_HEADER_DEPENDENCIES\=YES
    export ENABLE_INCOMING_NETWORK_CONNECTIONS\=NO
    export ENABLE_MODULE_VERIFIER\=NO
    export ENABLE_ON_DEMAND_RESOURCES\=NO
    export ENABLE_OUTGOING_NETWORK_CONNECTIONS\=NO
    export ENABLE_POINTER_AUTHENTICATION\=NO
    export ENABLE_PREVIEWS\=NO
    export ENABLE_RESOURCE_ACCESS_AUDIO_INPUT\=NO
    export ENABLE_RESOURCE_ACCESS_BLUETOOTH\=NO
    export ENABLE_RESOURCE_ACCESS_CALENDARS\=NO
    export ENABLE_RESOURCE_ACCESS_CAMERA\=NO
    export ENABLE_RESOURCE_ACCESS_CONTACTS\=NO
    export ENABLE_RESOURCE_ACCESS_LOCATION\=NO
    export ENABLE_RESOURCE_ACCESS_PHOTO_LIBRARY\=NO
    export ENABLE_RESOURCE_ACCESS_PRINTING\=NO
    export ENABLE_RESOURCE_ACCESS_USB\=NO
    export ENABLE_SDK_IMPORTS\=NO
    export ENABLE_SECURITY_COMPILER_WARNINGS\=NO
    export ENABLE_STRICT_OBJC_MSGSEND\=YES
    export ENABLE_TESTABILITY\=YES
    export ENABLE_TESTING_SEARCH_PATHS\=NO
    export ENABLE_USER_SCRIPT_SANDBOXING\=NO
    export ENABLE_XOJIT_PREVIEWS\=YES
    export ENFORCE_VALID_ARCHS\=YES
    export ENTITLEMENTS_DESTINATION\=__entitlements
    export ENTITLEMENTS_REQUIRED\=NO
    export EXCLUDED_INSTALLSRC_SUBDIRECTORY_PATTERNS\=.DS_Store\ .svn\ .git\ .hg\ CVS
    export EXCLUDED_RECURSIVE_SEARCH_PATH_SUBDIRECTORIES\=\*.nib\ \*.lproj\ \*.framework\ \*.gch\ \*.xcode\*\ \*.xcassets\ \*.icon\ \(\*\)\ .DS_Store\ CVS\ .svn\ .git\ .hg\ \*.pbproj\ \*.pbxproj
    export EXECUTABLES_FOLDER_PATH\=React_RuntimeApple.framework/en.lproj
    export EXECUTABLE_FOLDER_PATH\=React_RuntimeApple.framework
    export EXECUTABLE_FOLDER_PATH_SHALLOW_BUNDLE_NO\=React_RuntimeApple.framework
    export EXECUTABLE_FOLDER_PATH_SHALLOW_BUNDLE_YES\=React_RuntimeApple.framework
    export EXECUTABLE_NAME\=React_RuntimeApple
    export EXECUTABLE_PATH\=React_RuntimeApple.framework/React_RuntimeApple
    export EXPANDED_CODE_SIGN_IDENTITY\=-
    export EXPANDED_CODE_SIGN_IDENTITY_NAME\=Sign\ to\ Run\ Locally
    export EXTENSIONS_FOLDER_PATH\=React_RuntimeApple.framework/Extensions
    export FILE_LIST\=/Users/antoniogrillo-balen/Library/Developer/Xcode/DerivedData/risebysolis-gzfsziqwziaggpcbgdowmssiasmi/Build/Intermediates.noindex/Pods.build/Debug-iphonesimulator/React-RuntimeApple.build/Objects/LinkFileList
    export FIXED_FILES_DIR\=/Users/antoniogrillo-balen/Library/Developer/Xcode/DerivedData/risebysolis-gzfsziqwziaggpcbgdowmssiasmi/Build/Intermediates.noindex/Pods.build/Debug-iphonesimulator/React-RuntimeApple.build/FixedFiles
    export FRAMEWORKS_FOLDER_PATH\=React_RuntimeApple.framework/Frameworks
    export FRAMEWORK_FLAG_PREFIX\=-framework
    export FRAMEWORK_SEARCH_PATHS\=/Users/antoniogrillo-balen/Library/Developer/Xcode/DerivedData/risebysolis-gzfsziqwziaggpcbgdowmssiasmi/Build/Products/Debug-iphonesimulator/React-RuntimeApple\ \ \"/Users/antoniogrillo-balen/Library/Developer/Xcode/DerivedData/risebysolis-gzfsziqwziaggpcbgdowmssiasmi/Build/Products/Debug-iphonesimulator/DoubleConversion\"\ \"/Users/antoniogrillo-balen/Library/Developer/Xcode/DerivedData/risebysolis-gzfsziqwziaggpcbgdowmssiasmi/Build/Products/Debug-iphonesimulator/RCT-Folly\"\ \"/Users/antoniogrillo-balen/Library/Developer/Xcode/DerivedData/risebysolis-gzfsziqwziaggpcbgdowmssiasmi/Build/Products/Debug-iphonesimulator/RCTDeprecation\"\ \"/Users/antoniogrillo-balen/Library/Developer/Xcode/DerivedData/risebysolis-gzfsziqwziaggpcbgdowmssiasmi/Build/Products/Debug-iphonesimulator/RCTTypeSafety\"\ \"/Users/antoniogrillo-balen/Library/Developer/Xcode/DerivedData/risebysolis-gzfsziqwziaggpcbgdowmssiasmi/Build/Products/Debug-iphonesimulator/React-Core\"\ \"/Users/antoniogrillo-balen/Library/Developer/Xcode/DerivedData/risebysolis-gzfsziqwziaggpcbgdowmssiasmi/Build/Products/Debug-iphonesimulator/React-CoreModules\"\ \"/Users/antoniogrillo-balen/Library/Developer/Xcode/DerivedData/risebysolis-gzfsziqwziaggpcbgdowmssiasmi/Build/Products/Debug-iphonesimulator/React-Fabric\"\ \"/Users/antoniogrillo-balen/Library/Developer/Xcode/DerivedData/risebysolis-gzfsziqwziaggpcbgdowmssiasmi/Build/Products/Debug-iphonesimulator/React-FabricComponents\"\ \"/Users/antoniogrillo-balen/Library/Developer/Xcode/DerivedData/risebysolis-gzfsziqwziaggpcbgdowmssiasmi/Build/Products/Debug-iphonesimulator/React-FabricImage\"\ \"/Users/antoniogrillo-balen/Library/Developer/Xcode/DerivedData/risebysolis-gzfsziqwziaggpcbgdowmssiasmi/Build/Products/Debug-iphonesimulator/React-ImageManager\"\ \"/Users/antoniogrillo-balen/Library/Developer/Xcode/DerivedData/risebysolis-gzfsziqwziaggpcbgdowmssiasmi/Build/Products/Debug-iphonesimulator/React-Mapbuffer\"\ \"/Users/antoniogrillo-balen/Library/Developer/Xcode/DerivedData/risebysolis-gzfsziqwziaggpcbgdowmssiasmi/Build/Products/Debug-iphonesimulator/React-NativeModulesApple\"\ \"/Users/antoniogrillo-balen/Library/Developer/Xcode/DerivedData/risebysolis-gzfsziqwziaggpcbgdowmssiasmi/Build/Products/Debug-iphonesimulator/React-RCTBlob\"\ \"/Users/antoniogrillo-balen/Library/Developer/Xcode/DerivedData/risebysolis-gzfsziqwziaggpcbgdowmssiasmi/Build/Products/Debug-iphonesimulator/React-RCTFabric\"\ \"/Users/antoniogrillo-balen/Library/Developer/Xcode/DerivedData/risebysolis-gzfsziqwziaggpcbgdowmssiasmi/Build/Products/Debug-iphonesimulator/React-RCTImage\"\ \"/Users/antoniogrillo-balen/Library/Developer/Xcode/DerivedData/risebysolis-gzfsziqwziaggpcbgdowmssiasmi/Build/Products/Debug-iphonesimulator/React-RCTNetwork\"\ \"/Users/antoniogrillo-balen/Library/Developer/Xcode/DerivedData/risebysolis-gzfsziqwziaggpcbgdowmssiasmi/Build/Products/Debug-iphonesimulator/React-RCTText\"\ \"/Users/antoniogrillo-balen/Library/Developer/Xcode/DerivedData/risebysolis-gzfsziqwziaggpcbgdowmssiasmi/Build/Products/Debug-iphonesimulator/React-RuntimeCore\"\ \"/Users/antoniogrillo-balen/Library/Developer/Xcode/DerivedData/risebysolis-gzfsziqwziaggpcbgdowmssiasmi/Build/Products/Debug-iphonesimulator/React-RuntimeHermes\"\ \"/Users/antoniogrillo-balen/Library/Developer/Xcode/DerivedData/risebysolis-gzfsziqwziaggpcbgdowmssiasmi/Build/Products/Debug-iphonesimulator/React-cxxreact\"\ \"/Users/antoniogrillo-balen/Library/Developer/Xcode/DerivedData/risebysolis-gzfsziqwziaggpcbgdowmssiasmi/Build/Products/Debug-iphonesimulator/React-debug\"\ \"/Users/antoniogrillo-balen/Library/Developer/Xcode/DerivedData/risebysolis-gzfsziqwziaggpcbgdowmssiasmi/Build/Products/Debug-iphonesimulator/React-featureflags\"\ \"/Users/antoniogrillo-balen/Library/Developer/Xcode/DerivedData/risebysolis-gzfsziqwziaggpcbgdowmssiasmi/Build/Products/Debug-iphonesimulator/React-graphics\"\ \"/Users/antoniogrillo-balen/Library/Developer/Xcode/DerivedData/risebysolis-gzfsziqwziaggpcbgdowmssiasmi/Build/Products/Debug-iphonesimulator/React-hermes\"\ \"/Users/antoniogrillo-balen/Library/Developer/Xcode/DerivedData/risebysolis-gzfsziqwziaggpcbgdowmssiasmi/Build/Products/Debug-iphonesimulator/React-jserrorhandler\"\ \"/Users/antoniogrillo-balen/Library/Developer/Xcode/DerivedData/risebysolis-gzfsziqwziaggpcbgdowmssiasmi/Build/Products/Debug-iphonesimulator/React-jsi\"\ \"/Users/antoniogrillo-balen/Library/Developer/Xcode/DerivedData/risebysolis-gzfsziqwziaggpcbgdowmssiasmi/Build/Products/Debug-iphonesimulator/React-jsiexecutor\"\ \"/Users/antoniogrillo-balen/Library/Developer/Xcode/DerivedData/risebysolis-gzfsziqwziaggpcbgdowmssiasmi/Build/Products/Debug-iphonesimulator/React-jsinspector\"\ \"/Users/antoniogrillo-balen/Library/Developer/Xcode/DerivedData/risebysolis-gzfsziqwziaggpcbgdowmssiasmi/Build/Products/Debug-iphonesimulator/React-logger\"\ \"/Users/antoniogrillo-balen/Library/Developer/Xcode/DerivedData/risebysolis-gzfsziqwziaggpcbgdowmssiasmi/Build/Products/Debug-iphonesimulator/React-nativeconfig\"\ \"/Users/antoniogrillo-balen/Library/Developer/Xcode/DerivedData/risebysolis-gzfsziqwziaggpcbgdowmssiasmi/Build/Products/Debug-iphonesimulator/React-perflogger\"\ \"/Users/antoniogrillo-balen/Library/Developer/Xcode/DerivedData/risebysolis-gzfsziqwziaggpcbgdowmssiasmi/Build/Products/Debug-iphonesimulator/React-performancetimeline\"\ \"/Users/antoniogrillo-balen/Library/Developer/Xcode/DerivedData/risebysolis-gzfsziqwziaggpcbgdowmssiasmi/Build/Products/Debug-iphonesimulator/React-rendererconsistency\"\ \"/Users/antoniogrillo-balen/Library/Developer/Xcode/DerivedData/risebysolis-gzfsziqwziaggpcbgdowmssiasmi/Build/Products/Debug-iphonesimulator/React-rendererdebug\"\ \"/Users/antoniogrillo-balen/Library/Developer/Xcode/DerivedData/risebysolis-gzfsziqwziaggpcbgdowmssiasmi/Build/Products/Debug-iphonesimulator/React-runtimescheduler\"\ \"/Users/antoniogrillo-balen/Library/Developer/Xcode/DerivedData/risebysolis-gzfsziqwziaggpcbgdowmssiasmi/Build/Products/Debug-iphonesimulator/React-utils\"\ \"/Users/antoniogrillo-balen/Library/Developer/Xcode/DerivedData/risebysolis-gzfsziqwziaggpcbgdowmssiasmi/Build/Products/Debug-iphonesimulator/ReactCodegen\"\ \"/Users/antoniogrillo-balen/Library/Developer/Xcode/DerivedData/risebysolis-gzfsziqwziaggpcbgdowmssiasmi/Build/Products/Debug-iphonesimulator/ReactCommon\"\ \"/Users/antoniogrillo-balen/Library/Developer/Xcode/DerivedData/risebysolis-gzfsziqwziaggpcbgdowmssiasmi/Build/Products/Debug-iphonesimulator/SocketRocket\"\ \"/Users/antoniogrillo-balen/Library/Developer/Xcode/DerivedData/risebysolis-gzfsziqwziaggpcbgdowmssiasmi/Build/Products/Debug-iphonesimulator/Yoga\"\ \"/Users/antoniogrillo-balen/Library/Developer/Xcode/DerivedData/risebysolis-gzfsziqwziaggpcbgdowmssiasmi/Build/Products/Debug-iphonesimulator/fmt\"\ \"/Users/antoniogrillo-balen/Library/Developer/Xcode/DerivedData/risebysolis-gzfsziqwziaggpcbgdowmssiasmi/Build/Products/Debug-iphonesimulator/glog\"\ \"/Users/antoniogrillo-balen/Desktop/Projects/RiseBuild/ios/Pods/hermes-engine/destroot/Library/Frameworks/universal\"\ \"/Users/antoniogrillo-balen/Library/Developer/Xcode/DerivedData/risebysolis-gzfsziqwziaggpcbgdowmssiasmi/Build/Products/Debug-iphonesimulator/XCFrameworkIntermediates/hermes-engine/Pre-built\"
    export FRAMEWORK_VERSION\=A
    export FULL_PRODUCT_NAME\=React_RuntimeApple.framework
    export FUSE_BUILD_PHASES\=YES
    export FUSE_BUILD_SCRIPT_PHASES\=NO
    export GCC3_VERSION\=3.3
    export GCC_C_LANGUAGE_STANDARD\=gnu11
    export GCC_DYNAMIC_NO_PIC\=NO
    export GCC_INLINES_ARE_PRIVATE_EXTERN\=YES
    export GCC_NO_COMMON_BLOCKS\=YES
    export GCC_OBJC_LEGACY_DISPATCH\=YES
    export GCC_OPTIMIZATION_LEVEL\=0
    export GCC_PFE_FILE_C_DIALECTS\=c\ objective-c\ c++\ objective-c++
    export GCC_PREFIX_HEADER\=Target\ Support\ Files/React-RuntimeApple/React-RuntimeApple-prefix.pch
    export GCC_PREPROCESSOR_DEFINITIONS\=POD_CONFIGURATION_DEBUG\=1\ DEBUG\=1\ \ COCOAPODS\=1
    export GCC_TREAT_WARNINGS_AS_ERRORS\=NO
    export GCC_VERSION\=com.apple.compilers.llvm.clang.1_0
    export GCC_VERSION_IDENTIFIER\=com_apple_compilers_llvm_clang_1_0
    export GCC_WARN_64_TO_32_BIT_CONVERSION\=YES
    export GCC_WARN_ABOUT_RETURN_TYPE\=YES_ERROR
    export GCC_WARN_PEDANTIC\=YES
    export GCC_WARN_UNDECLARED_SELECTOR\=YES
    export GCC_WARN_UNINITIALIZED_AUTOS\=YES_AGGRESSIVE
    export GCC_WARN_UNUSED_FUNCTION\=YES
    export GCC_WARN_UNUSED_VARIABLE\=YES
    export GENERATED_MODULEMAP_DIR\=/Users/antoniogrillo-balen/Library/Developer/Xcode/DerivedData/risebysolis-gzfsziqwziaggpcbgdowmssiasmi/Build/Intermediates.noindex/GeneratedModuleMaps-iphonesimulator
    export GENERATE_INFOPLIST_FILE\=NO
    export GENERATE_INTERMEDIATE_TEXT_BASED_STUBS\=YES
    export GENERATE_PKGINFO_FILE\=NO
    export GENERATE_PRELINK_OBJECT_FILE\=NO
    export GENERATE_PROFILING_CODE\=NO
    export GENERATE_TEXT_BASED_STUBS\=NO
    export GID\=20
    export GROUP\=staff
    export HEADERMAP_INCLUDES_FLAT_ENTRIES_FOR_TARGET_BEING_BUILT\=YES
    export HEADERMAP_INCLUDES_FRAMEWORK_ENTRIES_FOR_ALL_PRODUCT_TYPES\=YES
    export HEADERMAP_INCLUDES_FRAMEWORK_ENTRIES_FOR_TARGETS_NOT_BEING_BUILT\=YES
    export HEADERMAP_INCLUDES_NONPUBLIC_NONPRIVATE_HEADERS\=YES
    export HEADERMAP_INCLUDES_PROJECT_HEADERS\=YES
    export HEADERMAP_USES_FRAMEWORK_PREFIX_ENTRIES\=YES
    export HEADERMAP_USES_VFS\=YES
    export HEADER_SEARCH_PATHS\=/Users/antoniogrillo-balen/Library/Developer/Xcode/DerivedData/risebysolis-gzfsziqwziaggpcbgdowmssiasmi/Build/Products/Debug-iphonesimulator/React-RuntimeApple/include\ \ /Users/antoniogrillo-balen/Library/Developer/Xcode/DerivedData/risebysolis-gzfsziqwziaggpcbgdowmssiasmi/Build/Products/Debug-iphonesimulator/ReactCommon/ReactCommon.framework/Headers\ /Users/antoniogrillo-balen/Library/Developer/Xcode/DerivedData/risebysolis-gzfsziqwziaggpcbgdowmssiasmi/Build/Products/Debug-iphonesimulator/ReactCommon/ReactCommon.framework/Headers/react/nativemodule/core\ /Users/antoniogrillo-balen/Library/Developer/Xcode/DerivedData/risebysolis-gzfsziqwziaggpcbgdowmssiasmi/Build/Products/Debug-iphonesimulator/ReactCommon-Samples/ReactCommon_Samples.framework/Headers\ /Users/antoniogrillo-balen/Library/Developer/Xcode/DerivedData/risebysolis-gzfsziqwziaggpcbgdowmssiasmi/Build/Products/Debug-iphonesimulator/ReactCommon-Samples/ReactCommon_Samples.framework/Headers/platform/ios\ /Users/antoniogrillo-balen/Library/Developer/Xcode/DerivedData/risebysolis-gzfsziqwziaggpcbgdowmssiasmi/Build/Products/Debug-iphonesimulator/React-Fabric/React_Fabric.framework/Headers/react/renderer/components/view/platform/cxx\ /Users/antoniogrillo-balen/Library/Developer/Xcode/DerivedData/risebysolis-gzfsziqwziaggpcbgdowmssiasmi/Build/Products/Debug-iphonesimulator/React-NativeModulesApple/React_NativeModulesApple.framework/Headers\ /Users/antoniogrillo-balen/Library/Developer/Xcode/DerivedData/risebysolis-gzfsziqwziaggpcbgdowmssiasmi/Build/Products/Debug-iphonesimulator/React-graphics/React_graphics.framework/Headers\ /Users/antoniogrillo-balen/Library/Developer/Xcode/DerivedData/risebysolis-gzfsziqwziaggpcbgdowmssiasmi/Build/Products/Debug-iphonesimulator/React-graphics/React_graphics.framework/Headers/react/renderer/graphics/platform/ios\ \"/Users/antoniogrillo-balen/Desktop/Projects/RiseBuild/ios/Pods/Headers/Public\"\ \"/Users/antoniogrillo-balen/Desktop/Projects/RiseBuild/ios/Pods/Headers/Public/FBLazyVector\"\ \"/Users/antoniogrillo-balen/Desktop/Projects/RiseBuild/ios/Pods/Headers/Public/RCTRequired\"\ \"/Users/antoniogrillo-balen/Desktop/Projects/RiseBuild/ios/Pods/Headers/Public/React-callinvoker\"\ \"/Users/antoniogrillo-balen/Desktop/Projects/RiseBuild/ios/Pods/Headers/Public/React-runtimeexecutor\"\ \"/Users/antoniogrillo-balen/Desktop/Projects/RiseBuild/ios/Pods/Headers/Public/React-timing\"\ \"/Users/antoniogrillo-balen/Desktop/Projects/RiseBuild/ios/Pods/Headers/Public/boost\"\ \"/Users/antoniogrillo-balen/Desktop/Projects/RiseBuild/ios/Pods/Headers/Public/fast_float\"\ \"/Users/antoniogrillo-balen/Desktop/Projects/RiseBuild/ios/Pods/Headers/Public/hermes-engine\"\ /Users/antoniogrillo-balen/Desktop/Projects/RiseBuild/ios/Pods/boost\ /Users/antoniogrillo-balen/Desktop/Projects/RiseBuild/ios/Pods/Headers/Private/React-Core\ /Users/antoniogrillo-balen/Desktop/Projects/RiseBuild/ios/Pods/../../node_modules/react-native/ReactCommon/react/runtime/platform/ios/../../../..\ /Users/antoniogrillo-balen/Desktop/Projects/RiseBuild/ios/Pods/../../node_modules/react-native/ReactCommon/react/runtime/platform/ios/../../../../..\ \"/Users/antoniogrillo-balen/Desktop/Projects/RiseBuild/ios/Pods/RCT-Folly\"\ \"/Users/antoniogrillo-balen/Desktop/Projects/RiseBuild/ios/Pods/DoubleConversion\"\ \"/Users/antoniogrillo-balen/Desktop/Projects/RiseBuild/ios/Pods/fast_float/include\"\ \"/Users/antoniogrillo-balen/Desktop/Projects/RiseBuild/ios/Pods/fmt/include\"\ \"/Users/antoniogrillo-balen/Desktop/Projects/RiseBuild/ios/Pods/boost\"\ \"/Users/antoniogrillo-balen/Library/Developer/Xcode/DerivedData/risebysolis-gzfsziqwziaggpcbgdowmssiasmi/Build/Products/Debug-iphonesimulator/React-RCTFabric/RCTFabric.framework/Headers\"\ \"/Users/antoniogrillo-balen/Library/Developer/Xcode/DerivedData/risebysolis-gzfsziqwziaggpcbgdowmssiasmi/Build/Products/Debug-iphonesimulator/React-Fabric/React_Fabric.framework/Headers\"\ \"/Users/antoniogrillo-balen/Library/Developer/Xcode/DerivedData/risebysolis-gzfsziqwziaggpcbgdowmssiasmi/Build/Products/Debug-iphonesimulator/React-Fabric/React_Fabric.framework/Headers/react/renderer/components/view/platform/cxx\"\ \"/Users/antoniogrillo-balen/Library/Developer/Xcode/DerivedData/risebysolis-gzfsziqwziaggpcbgdowmssiasmi/Build/Products/Debug-iphonesimulator/React-FabricImage/React_FabricImage.framework/Headers\"\ \"/Users/antoniogrillo-balen/Library/Developer/Xcode/DerivedData/risebysolis-gzfsziqwziaggpcbgdowmssiasmi/Build/Products/Debug-iphonesimulator/React-Graphics/React_graphics.framework/Headers\"\ \"/Users/antoniogrillo-balen/Library/Developer/Xcode/DerivedData/risebysolis-gzfsziqwziaggpcbgdowmssiasmi/Build/Products/Debug-iphonesimulator/React-Graphics/React_graphics.framework/Headers/react/renderer/graphics/platform/ios\"
    export HOME\=/Users/antoniogrillo-balen
    export HOST_ARCH\=arm64
    export HOST_PLATFORM\=macosx
    export ICONV\=/usr/bin/iconv
    export IMPLICIT_DEPENDENCY_DOMAIN\=default
    export INDEX_STORE_COMPRESS\=NO
    export INDEX_STORE_ONLY_PROJECT_FILES\=NO
    export INFOPLIST_ENABLE_CFBUNDLEICONS_MERGE\=YES
    export INFOPLIST_EXPAND_BUILD_SETTINGS\=YES
    export INFOPLIST_FILE\=Target\ Support\ Files/React-RuntimeApple/React-RuntimeApple-Info.plist
    export INFOPLIST_OUTPUT_FORMAT\=binary
    export INFOPLIST_PATH\=React_RuntimeApple.framework/Info.plist
    export INFOPLIST_PREPROCESS\=NO
    export INFOSTRINGS_PATH\=React_RuntimeApple.framework/en.lproj/InfoPlist.strings
    export INLINE_PRIVATE_FRAMEWORKS\=NO
    export INSTALLAPI_IGNORE_SKIP_INSTALL\=YES
    export INSTALLHDRS_COPY_PHASE\=NO
    export INSTALLHDRS_SCRIPT_PHASE\=NO
    export INSTALL_DIR\=/tmp/Pods.dst/Library/Frameworks
    export INSTALL_GROUP\=staff
    export INSTALL_MODE_FLAG\=u+w,go-w,a+rX
    export INSTALL_OWNER\=antoniogrillo-balen
    export INSTALL_PATH\=/Library/Frameworks
    export INSTALL_ROOT\=/tmp/Pods.dst
    export IPHONEOS_DEPLOYMENT_TARGET\=15.1
    export IS_UNOPTIMIZED_BUILD\=YES
    export JAVAC_DEFAULT_FLAGS\=-J-Xms64m\ -J-XX:NewSize\=4M\ -J-Dfile.encoding\=UTF8
    export JAVA_APP_STUB\=/System/Library/Frameworks/JavaVM.framework/Resources/MacOS/JavaApplicationStub
    export JAVA_ARCHIVE_CLASSES\=YES
    export JAVA_ARCHIVE_TYPE\=JAR
    export JAVA_COMPILER\=/usr/bin/javac
    export JAVA_FOLDER_PATH\=React_RuntimeApple.framework/Java
    export JAVA_FRAMEWORK_RESOURCES_DIRS\=Resources
    export JAVA_JAR_FLAGS\=cv
    export JAVA_SOURCE_SUBDIR\=.
    export JAVA_USE_DEPENDENCIES\=YES
    export JAVA_ZIP_FLAGS\=-urg
    export JIKES_DEFAULT_FLAGS\=+E\ +OLDCSO
    export KEEP_PRIVATE_EXTERNS\=NO
    export LD_DEPENDENCY_INFO_FILE\=/Users/antoniogrillo-balen/Library/Developer/Xcode/DerivedData/risebysolis-gzfsziqwziaggpcbgdowmssiasmi/Build/Intermediates.noindex/Pods.build/Debug-iphonesimulator/React-RuntimeApple.build/Objects-normal/undefined_arch/React_RuntimeApple_dependency_info.dat
    export LD_DYLIB_INSTALL_NAME\=@rpath/React_RuntimeApple.framework/React_RuntimeApple
    export LD_EXPORT_SYMBOLS\=YES
    export LD_GENERATE_MAP_FILE\=NO
    export LD_MAP_FILE_PATH\=/Users/antoniogrillo-balen/Library/Developer/Xcode/DerivedData/risebysolis-gzfsziqwziaggpcbgdowmssiasmi/Build/Intermediates.noindex/Pods.build/Debug-iphonesimulator/React-RuntimeApple.build/React_RuntimeApple-LinkMap-normal-undefined_arch.txt
    export LD_NO_PIE\=NO
    export LD_QUOTE_LINKER_ARGUMENTS_FOR_COMPILER_DRIVER\=YES
    export LD_RUNPATH_SEARCH_PATHS\=\ @executable_path/Frameworks\ @loader_path/Frameworks
    export LD_SHARED_CACHE_ELIGIBLE\=Automatic
    export LD_WARN_DUPLICATE_LIBRARIES\=NO
    export LD_WARN_UNUSED_DYLIBS\=NO
    export LEGACY_DEVELOPER_DIR\=/Applications/Xcode.app/Contents/PlugIns/Xcode3Core.ideplugin/Contents/SharedSupport/Developer
    export LEX\=lex
    export LIBRARY_DEXT_INSTALL_PATH\=/Library/DriverExtensions
    export LIBRARY_FLAG_NOSPACE\=YES
    export LIBRARY_FLAG_PREFIX\=-l
    export LIBRARY_KEXT_INSTALL_PATH\=/Library/Extensions
    export LIBRARY_SEARCH_PATHS\=/Users/antoniogrillo-balen/Library/Developer/Xcode/DerivedData/risebysolis-gzfsziqwziaggpcbgdowmssiasmi/Build/Products/Debug-iphonesimulator/React-RuntimeApple\ 
    export LINKER_DISPLAYS_MANGLED_NAMES\=NO
    export LINK_FILE_LIST_normal_arm64\=/Users/antoniogrillo-balen/Library/Developer/Xcode/DerivedData/risebysolis-gzfsziqwziaggpcbgdowmssiasmi/Build/Intermediates.noindex/Pods.build/Debug-iphonesimulator/React-RuntimeApple.build/Objects-normal/arm64/React_RuntimeApple.LinkFileList
    export LINK_OBJC_RUNTIME\=YES
    export LINK_WITH_STANDARD_LIBRARIES\=YES
    export LLVM_TARGET_TRIPLE_OS_VERSION\=ios15.1
    export LLVM_TARGET_TRIPLE_SUFFIX\=-simulator
    export LLVM_TARGET_TRIPLE_VENDOR\=apple
    export LM_AUX_CONST_METADATA_LIST_PATH_normal_arm64\=/Users/antoniogrillo-balen/Library/Developer/Xcode/DerivedData/risebysolis-gzfsziqwziaggpcbgdowmssiasmi/Build/Intermediates.noindex/Pods.build/Debug-iphonesimulator/React-RuntimeApple.build/Objects-normal/arm64/React_RuntimeApple.SwiftConstValuesFileList
    export LOCALIZATION_EXPORT_SUPPORTED\=YES
    export LOCALIZATION_PREFERS_STRING_CATALOGS\=NO
    export LOCALIZED_RESOURCES_FOLDER_PATH\=React_RuntimeApple.framework/en.lproj
    export LOCALIZED_STRING_CODE_COMMENTS\=NO
    export LOCALIZED_STRING_MACRO_NAMES\=NSLocalizedString\ CFCopyLocalizedString
    export LOCALIZED_STRING_SWIFTUI_SUPPORT\=YES
    export LOCAL_ADMIN_APPS_DIR\=/Applications/Utilities
    export LOCAL_APPS_DIR\=/Applications
    export LOCAL_DEVELOPER_DIR\=/Library/Developer
    export LOCAL_LIBRARY_DIR\=/Library
    export LOCROOT\=/Users/antoniogrillo-balen/Desktop/Projects/RiseBuild/ios/Pods
    export LOCSYMROOT\=/Users/antoniogrillo-balen/Desktop/Projects/RiseBuild/ios/Pods
    export MACH_O_TYPE\=staticlib
    export MAC_OS_X_PRODUCT_BUILD_VERSION\=25E253
    export MAC_OS_X_VERSION_ACTUAL\=260401
    export MAC_OS_X_VERSION_MAJOR\=260000
    export MAC_OS_X_VERSION_MINOR\=260400
    export MAKE_MERGEABLE\=NO
    export MERGEABLE_LIBRARY\=NO
    export MERGED_BINARY_TYPE\=none
    export MERGE_LINKED_LIBRARIES\=NO
    export METAL_LIBRARY_FILE_BASE\=default
    export METAL_LIBRARY_OUTPUT_DIR\=/Users/antoniogrillo-balen/Library/Developer/Xcode/DerivedData/risebysolis-gzfsziqwziaggpcbgdowmssiasmi/Build/Products/Debug-iphonesimulator/React-RuntimeApple/React_RuntimeApple.framework
    export MODULEMAP_FILE\=Target\ Support\ Files/React-RuntimeApple/React-RuntimeApple.modulemap
    export MODULES_FOLDER_PATH\=React_RuntimeApple.framework/Modules
    export MODULE_CACHE_DIR\=/Users/antoniogrillo-balen/Library/Developer/Xcode/DerivedData/ModuleCache.noindex
    export MTL_ENABLE_DEBUG_INFO\=INCLUDE_SOURCE
    export MTL_FAST_MATH\=YES
    export NATIVE_ARCH\=arm64
    export NATIVE_ARCH_32_BIT\=arm
    export NATIVE_ARCH_64_BIT\=arm64
    export NATIVE_ARCH_ACTUAL\=arm64
    export NO_COMMON\=YES
    export OBJC_ABI_VERSION\=2
    export OBJECT_FILE_DIR\=/Users/antoniogrillo-balen/Library/Developer/Xcode/DerivedData/risebysolis-gzfsziqwziaggpcbgdowmssiasmi/Build/Intermediates.noindex/Pods.build/Debug-iphonesimulator/React-RuntimeApple.build/Objects
    export OBJECT_FILE_DIR_normal\=/Users/antoniogrillo-balen/Library/Developer/Xcode/DerivedData/risebysolis-gzfsziqwziaggpcbgdowmssiasmi/Build/Intermediates.noindex/Pods.build/Debug-iphonesimulator/React-RuntimeApple.build/Objects-normal
    export OBJROOT\=/Users/antoniogrillo-balen/Library/Developer/Xcode/DerivedData/risebysolis-gzfsziqwziaggpcbgdowmssiasmi/Build/Intermediates.noindex
    export ONLY_ACTIVE_ARCH\=YES
    export OS\=MACOS
    export OSAC\=/usr/bin/osacompile
    export OTHER_LDFLAGS\=\ \ 
    export PACKAGE_TYPE\=com.apple.package-type.wrapper.framework
    export PASCAL_STRINGS\=YES
    export PATH\=/Applications/Xcode.app/Contents/SharedFrameworks/SwiftBuild.framework/Versions/A/PlugIns/SWBBuildService.bundle/Contents/PlugIns/SWBUniversalPlatformPlugin.bundle/Contents/Frameworks/SWBUniversalPlatform.framework/Resources:/Applications/Xcode.app/Contents/Developer/Toolchains/XcodeDefault.xctoolchain/usr/bin:/Applications/Xcode.app/Contents/Developer/Toolchains/XcodeDefault.xctoolchain/usr/local/bin:/Applications/Xcode.app/Contents/Developer/Toolchains/XcodeDefault.xctoolchain/usr/libexec:/Applications/Xcode.app/Contents/Developer/Platforms/iPhoneSimulator.platform/usr/bin:/Applications/Xcode.app/Contents/Developer/Platforms/iPhoneSimulator.platform/usr/local/bin:/Applications/Xcode.app/Contents/Developer/Platforms/iPhoneSimulator.platform/Developer/usr/bin:/Applications/Xcode.app/Contents/Developer/Platforms/iPhoneSimulator.platform/Developer/usr/local/bin:/Applications/Xcode.app/Contents/Developer/usr/bin:/Applications/Xcode.app/Contents/Developer/usr/local/bin:/opt/homebrew/opt/ruby/bin:/opt/homebrew/lib/ruby/gems/4.0.0/bin:/opt/homebrew/bin:/opt/homebrew/sbin:/Users/antoniogrillo-balen/.nvm/versions/node/v24.14.1/bin:/Library/Frameworks/Python.framework/Versions/3.14/bin:/usr/local/bin:/System/Cryptexes/App/usr/bin:/usr/bin:/bin:/usr/sbin:/sbin:/var/run/com.apple.security.cryptexd/codex.system/bootstrap/usr/local/bin:/var/run/com.apple.security.cryptexd/codex.system/bootstrap/usr/bin:/var/run/com.apple.security.cryptexd/codex.system/bootstrap/usr/appleinternal/bin:/opt/pkg/env/active/bin:/opt/pmk/env/global/bin:/Library/Apple/usr/bin:/Applications/VMware\ Fusion.app/Contents/Public:/Users/antoniogrillo-balen/.cargo/bin:/Users/antoniogrillo-balen/.cache/plugins/.install-staging/25283474a0e0d4a060cb0e915c1ec54e3d41ef2e/cursor/repo/bin:/Users/antoniogrillo-balen/.claude/plugins/cache/claude-plugins-official/superpowers/5.1.0/bin:/Users/antoniogrillo-balen/.claude/plugins/cache/claude-plugins-official/frontend-design/unknown/bin:/Users/antoniogrillo-balen/.claude/plugins/cache/claude-plugins-official/code-simplifier/1.0.0/bin:/Users/antoniogrillo-balen/.claude/plugins/cache/claude-plugins-official/security-guidance/unknown/bin:/Users/antoniogrillo-balen/.claude/plugins/cache/thedotmack/claude-mem/12.1.1/bin
    export PATH_PREFIXES_EXCLUDED_FROM_HEADER_DEPENDENCIES\=/usr/include\ /usr/local/include\ /System/Library/Frameworks\ /System/Library/PrivateFrameworks\ /Applications/Xcode.app/Contents/Developer/Headers\ /Applications/Xcode.app/Contents/Developer/SDKs\ /Applications/Xcode.app/Contents/Developer/Platforms
    export PBDEVELOPMENTPLIST_PATH\=React_RuntimeApple.framework/pbdevelopment.plist
    export PER_ARCH_MODULE_FILE_DIR\=/Users/antoniogrillo-balen/Library/Developer/Xcode/DerivedData/risebysolis-gzfsziqwziaggpcbgdowmssiasmi/Build/Intermediates.noindex/Pods.build/Debug-iphonesimulator/React-RuntimeApple.build/Objects-normal/undefined_arch
    export PER_ARCH_OBJECT_FILE_DIR\=/Users/antoniogrillo-balen/Library/Developer/Xcode/DerivedData/risebysolis-gzfsziqwziaggpcbgdowmssiasmi/Build/Intermediates.noindex/Pods.build/Debug-iphonesimulator/React-RuntimeApple.build/Objects-normal/undefined_arch
    export PER_VARIANT_OBJECT_FILE_DIR\=/Users/antoniogrillo-balen/Library/Developer/Xcode/DerivedData/risebysolis-gzfsziqwziaggpcbgdowmssiasmi/Build/Intermediates.noindex/Pods.build/Debug-iphonesimulator/React-RuntimeApple.build/Objects-normal
    export PKGINFO_FILE_PATH\=/Users/antoniogrillo-balen/Library/Developer/Xcode/DerivedData/risebysolis-gzfsziqwziaggpcbgdowmssiasmi/Build/Intermediates.noindex/Pods.build/Debug-iphonesimulator/React-RuntimeApple.build/PkgInfo
    export PKGINFO_PATH\=React_RuntimeApple.framework/PkgInfo
    export PLATFORM_DEVELOPER_APPLICATIONS_DIR\=/Applications/Xcode.app/Contents/Developer/Platforms/iPhoneSimulator.platform/Developer/Applications
    export PLATFORM_DEVELOPER_BIN_DIR\=/Applications/Xcode.app/Contents/Developer/Platforms/iPhoneSimulator.platform/Developer/usr/bin
    export PLATFORM_DEVELOPER_LIBRARY_DIR\=/Applications/Xcode.app/Contents/Developer/Platforms/iPhoneSimulator.platform/Developer/Library
    export PLATFORM_DEVELOPER_SDK_DIR\=/Applications/Xcode.app/Contents/Developer/Platforms/iPhoneSimulator.platform/Developer/SDKs
    export PLATFORM_DEVELOPER_TOOLS_DIR\=/Applications/Xcode.app/Contents/Developer/Platforms/iPhoneSimulator.platform/Developer/Tools
    export PLATFORM_DEVELOPER_USR_DIR\=/Applications/Xcode.app/Contents/Developer/Platforms/iPhoneSimulator.platform/Developer/usr
    export PLATFORM_DIR\=/Applications/Xcode.app/Contents/Developer/Platforms/iPhoneSimulator.platform
    export PLATFORM_DISPLAY_NAME\=iOS\ Simulator
    export PLATFORM_FAMILY_NAME\=iOS
    export PLATFORM_NAME\=iphonesimulator
    export PLATFORM_PREFERRED_ARCH\=x86_64
    export PLATFORM_PRODUCT_BUILD_VERSION\=23F73
    export PLATFORM_REQUIRES_SWIFT_AUTOLINK_EXTRACT\=NO
    export PLATFORM_REQUIRES_SWIFT_MODULEWRAP\=NO
    export PLATFORM_USES_DSYMS\=YES
    export PLIST_FILE_OUTPUT_FORMAT\=binary
    export PLUGINS_FOLDER_PATH\=React_RuntimeApple.framework/PlugIns
    export PODS_BUILD_DIR\=/Users/antoniogrillo-balen/Library/Developer/Xcode/DerivedData/risebysolis-gzfsziqwziaggpcbgdowmssiasmi/Build/Products
    export PODS_CONFIGURATION_BUILD_DIR\=/Users/antoniogrillo-balen/Library/Developer/Xcode/DerivedData/risebysolis-gzfsziqwziaggpcbgdowmssiasmi/Build/Products/Debug-iphonesimulator
    export PODS_DEVELOPMENT_LANGUAGE\=en
    export PODS_ROOT\=/Users/antoniogrillo-balen/Desktop/Projects/RiseBuild/ios/Pods
    export PODS_TARGET_SRCROOT\=/Users/antoniogrillo-balen/Desktop/Projects/RiseBuild/ios/Pods/../../node_modules/react-native/ReactCommon/react/runtime/platform/ios
    export PODS_XCFRAMEWORKS_BUILD_DIR\=/Users/antoniogrillo-balen/Library/Developer/Xcode/DerivedData/risebysolis-gzfsziqwziaggpcbgdowmssiasmi/Build/Products/Debug-iphonesimulator/XCFrameworkIntermediates
    export PRECOMPS_INCLUDE_HEADERS_FROM_BUILT_PRODUCTS_DIR\=YES
    export PRECOMP_DESTINATION_DIR\=/Users/antoniogrillo-balen/Library/Developer/Xcode/DerivedData/risebysolis-gzfsziqwziaggpcbgdowmssiasmi/Build/Intermediates.noindex/Pods.build/Debug-iphonesimulator/React-RuntimeApple.build/PrefixHeaders
    export PRIVATE_HEADERS_FOLDER_PATH\=React_RuntimeApple.framework/PrivateHeaders
    export PROCESSED_INFOPLIST_PATH\=/Users/antoniogrillo-balen/Library/Developer/Xcode/DerivedData/risebysolis-gzfsziqwziaggpcbgdowmssiasmi/Build/Intermediates.noindex/Pods.build/Debug-iphonesimulator/React-RuntimeApple.build/Objects-normal/undefined_arch/Processed-Info.plist
    export PRODUCT_BUNDLE_IDENTIFIER\=org.cocoapods.React-RuntimeApple
    export PRODUCT_BUNDLE_PACKAGE_TYPE\=FMWK
    export PRODUCT_MODULE_NAME\=React_RuntimeApple
    export PRODUCT_NAME\=React_RuntimeApple
    export PRODUCT_SETTINGS_PATH\=/Users/antoniogrillo-balen/Desktop/Projects/RiseBuild/ios/Pods/Target\ Support\ Files/React-RuntimeApple/React-RuntimeApple-Info.plist
    export PRODUCT_TYPE\=com.apple.product-type.framework
    export PROFILING_CODE\=NO
    export PROJECT\=Pods
    export PROJECT_DERIVED_FILE_DIR\=/Users/antoniogrillo-balen/Library/Developer/Xcode/DerivedData/risebysolis-gzfsziqwziaggpcbgdowmssiasmi/Build/Intermediates.noindex/Pods.build/DerivedSources
    export PROJECT_DIR\=/Users/antoniogrillo-balen/Desktop/Projects/RiseBuild/ios/Pods
    export PROJECT_FILE_PATH\=/Users/antoniogrillo-balen/Desktop/Projects/RiseBuild/ios/Pods/Pods.xcodeproj
    export PROJECT_GUID\=8699adb1dd336b26511df848a716bd42
    export PROJECT_NAME\=Pods
    export PROJECT_TEMP_DIR\=/Users/antoniogrillo-balen/Library/Developer/Xcode/DerivedData/risebysolis-gzfsziqwziaggpcbgdowmssiasmi/Build/Intermediates.noindex/Pods.build
    export PROJECT_TEMP_ROOT\=/Users/antoniogrillo-balen/Library/Developer/Xcode/DerivedData/risebysolis-gzfsziqwziaggpcbgdowmssiasmi/Build/Intermediates.noindex
    export PUBLIC_HEADERS_FOLDER_PATH\=React_RuntimeApple.framework/Headers
    export REACT_NATIVE_PATH\=/Users/antoniogrillo-balen/Desktop/Projects/RiseBuild/ios/Pods/../../node_modules/react-native
    export RECOMMENDED_IPHONEOS_DEPLOYMENT_TARGET\=15.0
    export RECURSIVE_SEARCH_PATHS_FOLLOW_SYMLINKS\=YES
    export REMOVE_CVS_FROM_RESOURCES\=YES
    export REMOVE_GIT_FROM_RESOURCES\=YES
    export REMOVE_HEADERS_FROM_EMBEDDED_BUNDLES\=YES
    export REMOVE_HG_FROM_RESOURCES\=YES
    export REMOVE_STATIC_EXECUTABLES_FROM_EMBEDDED_BUNDLES\=YES
    export REMOVE_SVN_FROM_RESOURCES\=YES
    export RESCHEDULE_INDEPENDENT_HEADERS_PHASES\=YES
    export REZ_COLLECTOR_DIR\=/Users/antoniogrillo-balen/Library/Developer/Xcode/DerivedData/risebysolis-gzfsziqwziaggpcbgdowmssiasmi/Build/Intermediates.noindex/Pods.build/Debug-iphonesimulator/React-RuntimeApple.build/ResourceManagerResources
    export REZ_OBJECTS_DIR\=/Users/antoniogrillo-balen/Library/Developer/Xcode/DerivedData/risebysolis-gzfsziqwziaggpcbgdowmssiasmi/Build/Intermediates.noindex/Pods.build/Debug-iphonesimulator/React-RuntimeApple.build/ResourceManagerResources/Objects
    export REZ_SEARCH_PATHS\=/Users/antoniogrillo-balen/Library/Developer/Xcode/DerivedData/risebysolis-gzfsziqwziaggpcbgdowmssiasmi/Build/Products/Debug-iphonesimulator/React-RuntimeApple\ 
    export RPATH_ORIGIN\=@loader_path
    export RUNTIME_EXCEPTION_ALLOW_DYLD_ENVIRONMENT_VARIABLES\=NO
    export RUNTIME_EXCEPTION_ALLOW_JIT\=NO
    export RUNTIME_EXCEPTION_ALLOW_UNSIGNED_EXECUTABLE_MEMORY\=NO
    export RUNTIME_EXCEPTION_DEBUGGING_TOOL\=NO
    export RUNTIME_EXCEPTION_DISABLE_EXECUTABLE_PAGE_PROTECTION\=NO
    export RUNTIME_EXCEPTION_DISABLE_LIBRARY_VALIDATION\=NO
    export SCANNING_PCM_KEEP_CACHE_DIRECTORY\=YES
    export SCAN_ALL_SOURCE_FILES_FOR_INCLUDES\=NO
    export SCRIPTS_FOLDER_PATH\=React_RuntimeApple.framework/Scripts
    export SCRIPT_INPUT_FILE_COUNT\=0
    export SCRIPT_INPUT_FILE_LIST_COUNT\=0
    export SCRIPT_OUTPUT_FILE_COUNT\=0
    export SCRIPT_OUTPUT_FILE_LIST_COUNT\=0
    export SDKROOT\=/Applications/Xcode.app/Contents/Developer/Platforms/iPhoneSimulator.platform/Developer/SDKs/iPhoneSimulator26.5.sdk
    export SDK_DIR\=/Applications/Xcode.app/Contents/Developer/Platforms/iPhoneSimulator.platform/Developer/SDKs/iPhoneSimulator26.5.sdk
    export SDK_DIR_iphonesimulator\=/Applications/Xcode.app/Contents/Developer/Platforms/iPhoneSimulator.platform/Developer/SDKs/iPhoneSimulator26.5.sdk
    export SDK_DIR_iphonesimulator26_5\=/Applications/Xcode.app/Contents/Developer/Platforms/iPhoneSimulator.platform/Developer/SDKs/iPhoneSimulator26.5.sdk
    export SDK_NAME\=iphonesimulator26.5
    export SDK_NAMES\=iphonesimulator26.5
    export SDK_PRODUCT_BUILD_VERSION\=23F73
    export SDK_STAT_CACHE_DIR\=/Users/antoniogrillo-balen/Library/Developer/Xcode/DerivedData
    export SDK_STAT_CACHE_ENABLE\=YES
    export SDK_STAT_CACHE_PATH\=/Users/antoniogrillo-balen/Library/Developer/Xcode/DerivedData/SDKStatCaches.noindex/iphonesimulator26.5-23F73-6cfe768891a92b912361537c460fe42b.sdkstatcache
    export SDK_VERSION\=26.5
    export SDK_VERSION_ACTUAL\=260500
    export SDK_VERSION_MAJOR\=260000
    export SDK_VERSION_MINOR\=260500
    export SED\=/usr/bin/sed
    export SEPARATE_STRIP\=NO
    export SEPARATE_SYMBOL_EDIT\=NO
    export SET_DIR_MODE_OWNER_GROUP\=YES
    export SET_FILE_MODE_OWNER_GROUP\=NO
    export SHALLOW_BUNDLE\=YES
    export SHALLOW_BUNDLE_TRIPLE\=ios-simulator
    export SHALLOW_BUNDLE_ios_macabi\=NO
    export SHALLOW_BUNDLE_macos\=NO
    export SHARED_DERIVED_FILE_DIR\=/Users/antoniogrillo-balen/Library/Developer/Xcode/DerivedData/risebysolis-gzfsziqwziaggpcbgdowmssiasmi/Build/Products/Debug-iphonesimulator/React-RuntimeApple/DerivedSources
    export SHARED_FRAMEWORKS_FOLDER_PATH\=React_RuntimeApple.framework/SharedFrameworks
    export SHARED_PRECOMPS_DIR\=/Users/antoniogrillo-balen/Library/Developer/Xcode/DerivedData/risebysolis-gzfsziqwziaggpcbgdowmssiasmi/Build/Intermediates.noindex/PrecompiledHeaders
    export SHARED_SUPPORT_FOLDER_PATH\=React_RuntimeApple.framework
    export SKIP_INSTALL\=YES
    export SKIP_MERGEABLE_LIBRARY_BUNDLE_HOOK\=NO
    export SOURCE_ROOT\=/Users/antoniogrillo-balen/Desktop/Projects/RiseBuild/ios/Pods
    export SRCROOT\=/Users/antoniogrillo-balen/Desktop/Projects/RiseBuild/ios/Pods
    export STRINGSDATA_DIR\=/Users/antoniogrillo-balen/Library/Developer/Xcode/DerivedData/risebysolis-gzfsziqwziaggpcbgdowmssiasmi/Build/Intermediates.noindex/Pods.build/Debug-iphonesimulator/React-RuntimeApple.build/Objects-normal/undefined_arch
    export STRINGSDATA_ROOT\=/Users/antoniogrillo-balen/Library/Developer/Xcode/DerivedData/risebysolis-gzfsziqwziaggpcbgdowmssiasmi/Build/Intermediates.noindex/Pods.build/Debug-iphonesimulator/React-RuntimeApple.build
    export STRINGS_FILE_INFOPLIST_RENAME\=YES
    export STRINGS_FILE_OUTPUT_ENCODING\=binary
    export STRING_CATALOG_GENERATE_SYMBOLS\=NO
    export STRIP_BITCODE_FROM_COPIED_FILES\=NO
    export STRIP_INSTALLED_PRODUCT\=NO
    export STRIP_STYLE\=debugging
    export STRIP_SWIFT_SYMBOLS\=YES
    export SUPPORTED_DEVICE_FAMILIES\=1,2
    export SUPPORTED_PLATFORMS\=iphoneos\ iphonesimulator
    export SUPPORTS_TEXT_BASED_API\=NO
    export SUPPRESS_WARNINGS\=NO
    export SWIFT_ACTIVE_COMPILATION_CONDITIONS\=\ DEBUG\ 
    export SWIFT_EMIT_CONST_VALUE_PROTOCOLS\=AnyResolverProviding\ AppEntity\ AppEnum\ AppExtension\ AppIntent\ AppIntentsPackage\ AppShortcutProviding\ AppShortcutsProvider\ AppUnionValue\ AppUnionValueCasesProviding\ DynamicOptionsProvider\ EntityQuery\ ExtensionPointDefining\ IntentValueQuery\ Resolver\ TransientEntity\ _AssistantIntentsProvider\ _GenerativeFunctionExtractable\ _IntentValueRepresentable
    export SWIFT_EMIT_LOC_STRINGS\=NO
    export SWIFT_ENABLE_EXPLICIT_MODULES\=YES
    export SWIFT_INSTALL_MODULE_FOR_DEPLOYMENT\=YES
    export SWIFT_INSTALL_OBJC_HEADER\=YES
    export SWIFT_OPTIMIZATION_LEVEL\=-Onone
    export SWIFT_PLATFORM_TARGET_PREFIX\=ios
    export SWIFT_RESPONSE_FILE_PATH_normal_arm64\=/Users/antoniogrillo-balen/Library/Developer/Xcode/DerivedData/risebysolis-gzfsziqwziaggpcbgdowmssiasmi/Build/Intermediates.noindex/Pods.build/Debug-iphonesimulator/React-RuntimeApple.build/Objects-normal/arm64/React_RuntimeApple.SwiftFileList
    export SWIFT_VERSION\=5.0
    export SYMROOT\=/Users/antoniogrillo-balen/Library/Developer/Xcode/DerivedData/risebysolis-gzfsziqwziaggpcbgdowmssiasmi/Build/Products
    export SYSTEM_ADMIN_APPS_DIR\=/Applications/Utilities
    export SYSTEM_APPS_DIR\=/Applications
    export SYSTEM_CORE_SERVICES_DIR\=/System/Library/CoreServices
    export SYSTEM_DEMOS_DIR\=/Applications/Extras
    export SYSTEM_DEVELOPER_APPS_DIR\=/Applications/Xcode.app/Contents/Developer/Applications
    export SYSTEM_DEVELOPER_BIN_DIR\=/Applications/Xcode.app/Contents/Developer/usr/bin
    export SYSTEM_DEVELOPER_DEMOS_DIR\=/Applications/Xcode.app/Contents/Developer/Applications/Utilities/Built\ Examples
    export SYSTEM_DEVELOPER_DIR\=/Applications/Xcode.app/Contents/Developer
    export SYSTEM_DEVELOPER_DOC_DIR\=/Applications/Xcode.app/Contents/Developer/ADC\ Reference\ Library
    export SYSTEM_DEVELOPER_GRAPHICS_TOOLS_DIR\=/Applications/Xcode.app/Contents/Developer/Applications/Graphics\ Tools
    export SYSTEM_DEVELOPER_JAVA_TOOLS_DIR\=/Applications/Xcode.app/Contents/Developer/Applications/Java\ Tools
    export SYSTEM_DEVELOPER_PERFORMANCE_TOOLS_DIR\=/Applications/Xcode.app/Contents/Developer/Applications/Performance\ Tools
    export SYSTEM_DEVELOPER_RELEASENOTES_DIR\=/Applications/Xcode.app/Contents/Developer/ADC\ Reference\ Library/releasenotes
    export SYSTEM_DEVELOPER_TOOLS\=/Applications/Xcode.app/Contents/Developer/Tools
    export SYSTEM_DEVELOPER_TOOLS_DOC_DIR\=/Applications/Xcode.app/Contents/Developer/ADC\ Reference\ Library/documentation/DeveloperTools
    export SYSTEM_DEVELOPER_TOOLS_RELEASENOTES_DIR\=/Applications/Xcode.app/Contents/Developer/ADC\ Reference\ Library/releasenotes/DeveloperTools
    export SYSTEM_DEVELOPER_USR_DIR\=/Applications/Xcode.app/Contents/Developer/usr
    export SYSTEM_DEVELOPER_UTILITIES_DIR\=/Applications/Xcode.app/Contents/Developer/Applications/Utilities
    export SYSTEM_DEXT_INSTALL_PATH\=/System/Library/DriverExtensions
    export SYSTEM_DOCUMENTATION_DIR\=/Library/Documentation
    export SYSTEM_EXTENSIONS_FOLDER_PATH\=React_RuntimeApple.framework/SystemExtensions
    export SYSTEM_EXTENSIONS_FOLDER_PATH_SHALLOW_BUNDLE_NO\=React_RuntimeApple.framework/Library/SystemExtensions
    export SYSTEM_EXTENSIONS_FOLDER_PATH_SHALLOW_BUNDLE_YES\=React_RuntimeApple.framework/SystemExtensions
    export SYSTEM_KEXT_INSTALL_PATH\=/System/Library/Extensions
    export SYSTEM_LIBRARY_DIR\=/System/Library
    export TAPI_DEMANGLE\=YES
    export TAPI_ENABLE_PROJECT_HEADERS\=NO
    export TAPI_LANGUAGE\=objective-c
    export TAPI_LANGUAGE_STANDARD\=compiler-default
    export TAPI_USE_SRCROOT\=YES
    export TAPI_VERIFY_MODE\=Pedantic
    export TARGETED_DEVICE_FAMILY\=1,2
    export TARGETNAME\=React-RuntimeApple
    export TARGET_BUILD_DIR\=/Users/antoniogrillo-balen/Library/Developer/Xcode/DerivedData/risebysolis-gzfsziqwziaggpcbgdowmssiasmi/Build/Products/Debug-iphonesimulator/React-RuntimeApple
    export TARGET_DEVICE_IDENTIFIER\=0C333F8A-4681-4475-855E-6FFD70F12533
    export TARGET_DEVICE_MODEL\=iPhone16,2
    export TARGET_DEVICE_OS_VERSION\=26.4.1
    export TARGET_DEVICE_PLATFORM_NAME\=iphonesimulator
    export TARGET_NAME\=React-RuntimeApple
    export TARGET_TEMP_DIR\=/Users/antoniogrillo-balen/Library/Developer/Xcode/DerivedData/risebysolis-gzfsziqwziaggpcbgdowmssiasmi/Build/Intermediates.noindex/Pods.build/Debug-iphonesimulator/React-RuntimeApple.build
    export TEMP_DIR\=/Users/antoniogrillo-balen/Library/Developer/Xcode/DerivedData/risebysolis-gzfsziqwziaggpcbgdowmssiasmi/Build/Intermediates.noindex/Pods.build/Debug-iphonesimulator/React-RuntimeApple.build
    export TEMP_FILES_DIR\=/Users/antoniogrillo-balen/Library/Developer/Xcode/DerivedData/risebysolis-gzfsziqwziaggpcbgdowmssiasmi/Build/Intermediates.noindex/Pods.build/Debug-iphonesimulator/React-RuntimeApple.build
    export TEMP_FILE_DIR\=/Users/antoniogrillo-balen/Library/Developer/Xcode/DerivedData/risebysolis-gzfsziqwziaggpcbgdowmssiasmi/Build/Intermediates.noindex/Pods.build/Debug-iphonesimulator/React-RuntimeApple.build
    export TEMP_ROOT\=/Users/antoniogrillo-balen/Library/Developer/Xcode/DerivedData/risebysolis-gzfsziqwziaggpcbgdowmssiasmi/Build/Intermediates.noindex
    export TEMP_SANDBOX_DIR\=/Users/antoniogrillo-balen/Library/Developer/Xcode/DerivedData/risebysolis-gzfsziqwziaggpcbgdowmssiasmi/Build/Intermediates.noindex/TemporaryTaskSandboxes
    export TEST_FRAMEWORK_SEARCH_PATHS\=\ /Applications/Xcode.app/Contents/Developer/Platforms/iPhoneSimulator.platform/Developer/Library/Frameworks\ /Applications/Xcode.app/Contents/Developer/Platforms/iPhoneSimulator.platform/Developer/SDKs/iPhoneSimulator26.5.sdk/Developer/Library/Frameworks
    export TEST_LIBRARY_SEARCH_PATHS\=\ /Applications/Xcode.app/Contents/Developer/Platforms/iPhoneSimulator.platform/Developer/usr/lib
    export TOOLCHAINS\=com.apple.dt.toolchain.XcodeDefault
    export TOOLCHAIN_DIR\=/Applications/Xcode.app/Contents/Developer/Toolchains/XcodeDefault.xctoolchain
    export TREAT_MISSING_BASELINES_AS_TEST_FAILURES\=NO
    export TREAT_MISSING_SCRIPT_PHASE_OUTPUTS_AS_ERRORS\=NO
    export TeamIdentifierPrefix\=FAKETEAMID.
    export UID\=501
    export UNINSTALLED_PRODUCTS_DIR\=/Users/antoniogrillo-balen/Library/Developer/Xcode/DerivedData/risebysolis-gzfsziqwziaggpcbgdowmssiasmi/Build/Intermediates.noindex/UninstalledProducts
    export UNLOCALIZED_RESOURCES_FOLDER_PATH\=React_RuntimeApple.framework
    export UNLOCALIZED_RESOURCES_FOLDER_PATH_SHALLOW_BUNDLE_NO\=React_RuntimeApple.framework/Resources
    export UNLOCALIZED_RESOURCES_FOLDER_PATH_SHALLOW_BUNDLE_YES\=React_RuntimeApple.framework
    export UNSTRIPPED_PRODUCT\=NO
    export USER\=antoniogrillo-balen
    export USER_APPS_DIR\=/Users/antoniogrillo-balen/Applications
    export USER_LIBRARY_DIR\=/Users/antoniogrillo-balen/Library
    export USE_DYNAMIC_NO_PIC\=YES
    export USE_HEADERMAP\=YES
    export USE_HEADER_SYMLINKS\=NO
    export USE_HERMES\=true
    export USE_RECURSIVE_SCRIPT_INPUTS_IN_SCRIPT_PHASES\=YES
    export VALIDATE_DEVELOPMENT_ASSET_PATHS\=YES_ERROR
    export VALIDATE_PRODUCT\=NO
    export VALID_ARCHS\=arm64\ x86_64
    export VERBOSE_PBXCP\=NO
    export VERSIONING_SYSTEM\=apple-generic
    export VERSIONPLIST_PATH\=React_RuntimeApple.framework/version.plist
    export VERSIONS_FOLDER_PATH\=React_RuntimeApple.framework
    export VERSIONS_FOLDER_PATH_SHALLOW_BUNDLE_NO\=React_RuntimeApple.framework/Versions
    export VERSIONS_FOLDER_PATH_SHALLOW_BUNDLE_YES\=React_RuntimeApple.framework
    export VERSION_INFO_BUILDER\=antoniogrillo-balen
    export VERSION_INFO_FILE\=React_RuntimeApple_vers.c
    export VERSION_INFO_STRING\=\"@\(\#\)PROGRAM:React_RuntimeApple\ \ PROJECT:Pods-1\"
    export WORKSPACE_DIR\=/Users/antoniogrillo-balen/Desktop/Projects/RiseBuild/ios
    export WRAPPER_EXTENSION\=framework
    export WRAPPER_NAME\=React_RuntimeApple.framework
    export WRAPPER_SUFFIX\=.framework
    export WRAP_ASSET_PACKS_IN_SEPARATE_DIRECTORIES\=NO
    export XCODE_APP_SUPPORT_DIR\=/Applications/Xcode.app/Contents/Developer/Library/Xcode
    export XCODE_PRODUCT_BUILD_VERSION\=17F42
    export XCODE_VERSION_ACTUAL\=2650
    export XCODE_VERSION_MAJOR\=2600
    export XCODE_VERSION_MINOR\=2650
    export XPCSERVICES_FOLDER_PATH\=React_RuntimeApple.framework/XPCServices
    export YACC\=yacc
    export _DISCOVER_COMMAND_LINE_LINKER_INPUTS\=YES
    export _DISCOVER_COMMAND_LINE_LINKER_INPUTS_INCLUDE_WL\=YES
    export _LD_MULTIARCH\=YES
    export _WRAPPER_CONTENTS_DIR_SHALLOW_BUNDLE_NO\=/Contents
    export _WRAPPER_PARENT_PATH_SHALLOW_BUNDLE_NO\=/..
    export _WRAPPER_RESOURCES_DIR_SHALLOW_BUNDLE_NO\=/Resources
    export __DIAGNOSE_DEPRECATED_ARCHS\=YES
    export __ORIGINAL_SDK_DEFINED_LLVM_TARGET_TRIPLE_SYS\=ios
    export arch\=undefined_arch
    export variant\=normal
    /bin/sh -c /Users/antoniogrillo-balen/Library/Developer/Xcode/DerivedData/risebysolis-gzfsziqwziaggpcbgdowmssiasmi/Build/Intermediates.noindex/Pods.build/Debug-iphonesimulator/React-RuntimeApple.build/Script-46EB2E00029C70.sh

warning: Run script build phase 'Create Symlinks to Header Folders' will be run during every build because it does not specify any outputs. To address this issue, either add output dependencies to the script phase, or configure it to run in every build by unchecking "Based on dependency analysis" in the script phase. (in target 'React-domnativemodule' from project 'Pods')
CompileC /Users/antoniogrillo-balen/Library/Developer/Xcode/DerivedData/risebysolis-gzfsziqwziaggpcbgdowmssiasmi/Build/Intermediates.noindex/Pods.build/Debug-iphonesimulator/React-domnativemodule.build/Objects-normal/arm64/NativeDOM.o /Users/antoniogrillo-balen/Desktop/Projects/RiseBuild/node_modules/react-native/ReactCommon/react/nativemodule/dom/NativeDOM.cpp normal arm64 c++ com.apple.compilers.llvm.clang.1_0.compiler (in target 'React-domnativemodule' from project 'Pods')
    cd /Users/antoniogrillo-balen/Desktop/Projects/RiseBuild/ios/Pods
    
    Using response file: /Users/antoniogrillo-balen/Library/Developer/Xcode/DerivedData/risebysolis-gzfsziqwziaggpcbgdowmssiasmi/Build/Intermediates.noindex/Pods.build/Debug-iphonesimulator/React-domnativemodule.build/Objects-normal/arm64/82b82416624d2658e5098eb0a28c15c5-common-args.resp
    
    /Applications/Xcode.app/Contents/Developer/Toolchains/XcodeDefault.xctoolchain/usr/bin/clang -x c++ -ivfsstatcache /Users/antoniogrillo-balen/Library/Developer/Xcode/DerivedData/SDKStatCaches.noindex/iphonesimulator26.5-23F73-6cfe768891a92b912361537c460fe42b.sdkstatcache -target arm64-apple-ios15.1-simulator -fmessage-length\=0 -fdiagnostics-show-note-include-stack -fmacro-backtrace-limit\=0 -fno-color-diagnostics -fmodules-prune-interval\=86400 -fmodules-prune-after\=345600 -fbuild-session-file\=/Users/antoniogrillo-balen/Library/Developer/Xcode/DerivedData/ModuleCache.noindex/Session.modulevalidation -fmodules-validate-once-per-build-session -Wnon-modular-include-in-framework-module -Werror\=non-modular-include-in-framework-module -Wno-trigraphs -Wno-missing-field-initializers -Wno-missing-prototypes -Werror\=return-type -Wdocumentation -Wunreachable-code -Werror\=deprecated-objc-isa-usage -Werror\=objc-root-class -Wno-non-virtual-dtor -Wno-overloaded-virtual -Wno-exit-time-destructors -Wno-missing-braces -Wparentheses -Wswitch -Wunused-function -Wno-unused-label -Wno-unused-parameter -Wunused-variable -Wunused-value -Wempty-body -Wuninitialized -Wconditional-uninitialized -Wno-unknown-pragmas -Wno-shadow -Wno-four-char-constants -Wno-conversion -Wconstant-conversion -Wint-conversion -Wbool-conversion -Wenum-conversion -Wno-float-conversion -Wnon-literal-null-conversion -Wobjc-literal-conversion -Wshorten-64-to-32 -Wno-newline-eof -Wno-c++11-extensions -Wno-implicit-fallthrough -isysroot /Applications/Xcode.app/Contents/Developer/Platforms/iPhoneSimulator.platform/Developer/SDKs/iPhoneSimulator26.5.sdk -fstrict-aliasing -Wdeprecated-declarations -Winvalid-offsetof -Wno-sign-conversion -Winfinite-recursion -Wmove -Wcomma -Wblock-capture-autoreleasing -Wstrict-prototypes -Wrange-loop-analysis -Wno-semicolon-before-method-body -Wunguarded-availability -index-store-path /Users/antoniogrillo-balen/Library/Developer/Xcode/DerivedData/risebysolis-gzfsziqwziaggpcbgdowmssiasmi/Index.noindex/DataStore -Wno-comma -Wno-shorten-64-to-32 @/Users/antoniogrillo-balen/Library/Developer/Xcode/DerivedData/risebysolis-gzfsziqwziaggpcbgdowmssiasmi/Build/Intermediates.noindex/Pods.build/Debug-iphonesimulator/React-domnativemodule.build/Objects-normal/arm64/82b82416624d2658e5098eb0a28c15c5-common-args.resp -DFOLLY_NO_CONFIG -DFOLLY_MOBILE\=1 -DFOLLY_USE_LIBCPP\=1 -DFOLLY_CFG_NO_COROUTINES\=1 -DFOLLY_HAVE_CLOCK_GETTIME\=1 -Wno-comma -Wno-shorten-64-to-32 -include /Users/antoniogrillo-balen/Desktop/Projects/RiseBuild/ios/Pods/Target\ Support\ Files/React-domnativemodule/React-domnativemodule-prefix.pch -MMD -MT dependencies -MF /Users/antoniogrillo-balen/Library/Developer/Xcode/DerivedData/risebysolis-gzfsziqwziaggpcbgdowmssiasmi/Build/Intermediates.noindex/Pods.build/Debug-iphonesimulator/React-domnativemodule.build/Objects-normal/arm64/NativeDOM.d --serialize-diagnostics /Users/antoniogrillo-balen/Library/Developer/Xcode/DerivedData/risebysolis-gzfsziqwziaggpcbgdowmssiasmi/Build/Intermediates.noindex/Pods.build/Debug-iphonesimulator/React-domnativemodule.build/Objects-normal/arm64/NativeDOM.dia -c /Users/antoniogrillo-balen/Desktop/Projects/RiseBuild/node_modules/react-native/ReactCommon/react/nativemodule/dom/NativeDOM.cpp -o /Users/antoniogrillo-balen/Library/Developer/Xcode/DerivedData/risebysolis-gzfsziqwziaggpcbgdowmssiasmi/Build/Intermediates.noindex/Pods.build/Debug-iphonesimulator/React-domnativemodule.build/Objects-normal/arm64/NativeDOM.o -index-unit-output-path /Pods.build/Debug-iphonesimulator/React-domnativemodule.build/Objects-normal/arm64/NativeDOM.o
In file included from /Users/antoniogrillo-balen/Desktop/Projects/RiseBuild/node_modules/react-native/ReactCommon/react/nativemodule/dom/NativeDOM.cpp:9:
In file included from /Users/antoniogrillo-balen/Desktop/Projects/RiseBuild/node_modules/react-native/ReactCommon/react/renderer/components/root/RootShadowNode.h:12:
In file included from /Users/antoniogrillo-balen/Desktop/Projects/RiseBuild/node_modules/react-native/ReactCommon/react/renderer/components/root/RootProps.h:12:
In file included from /Users/antoniogrillo-balen/Desktop/Projects/RiseBuild/node_modules/react-native/ReactCommon/react/renderer/components/view/ViewProps.h:10:
In file included from /Users/antoniogrillo-balen/Library/Developer/Xcode/DerivedData/risebysolis-gzfsziqwziaggpcbgdowmssiasmi/Build/Products/Debug-iphonesimulator/React-Fabric/React_Fabric.framework/Headers/react/renderer/components/view/platform/cxx/react/renderer/components/view/HostPlatformViewProps.h:10:
In file included from /Users/antoniogrillo-balen/Desktop/Projects/RiseBuild/node_modules/react-native/ReactCommon/react/renderer/components/view/BaseViewProps.h:22:
/Users/antoniogrillo-balen/Library/Developer/Xcode/DerivedData/risebysolis-gzfsziqwziaggpcbgdowmssiasmi/Build/Products/Debug-iphonesimulator/React-graphics/React_graphics.framework/Headers/react/renderer/graphics/Transform.h:159:20: warning: empty paragraph passed to '@param' command [-Wdocumentation]
  159 |    * @param progress
      |      ~~~~~~~~~~~~~~^
  160 |    * @param lhs
      |    ~
/Users/antoniogrillo-balen/Library/Developer/Xcode/DerivedData/risebysolis-gzfsziqwziaggpcbgdowmssiasmi/Build/Products/Debug-iphonesimulator/React-graphics/React_graphics.framework/Headers/react/renderer/graphics/Transform.h:160:15: warning: empty paragraph passed to '@param' command [-Wdocumentation]
  160 |    * @param lhs
      |      ~~~~~~~~~^
  161 |    * @param rhs
      |    ~
/Users/antoniogrillo-balen/Library/Developer/Xcode/DerivedData/risebysolis-gzfsziqwziaggpcbgdowmssiasmi/Build/Products/Debug-iphonesimulator/React-graphics/React_graphics.framework/Headers/react/renderer/graphics/Transform.h:161:15: warning: empty paragraph passed to '@param' command [-Wdocumentation]
  161 |    * @param rhs
      |      ~~~~~~~~~^
  162 |    * @return
      |    ~
/Users/antoniogrillo-balen/Library/Developer/Xcode/DerivedData/risebysolis-gzfsziqwziaggpcbgdowmssiasmi/Build/Products/Debug-iphonesimulator/React-graphics/React_graphics.framework/Headers/react/renderer/graphics/Transform.h:162:13: warning: empty paragraph passed to '@return' command [-Wdocumentation]
  162 |    * @return
      |      ~~~~~~~^
/Users/antoniogrillo-balen/Library/Developer/Xcode/DerivedData/risebysolis-gzfsziqwziaggpcbgdowmssiasmi/Build/Products/Debug-iphonesimulator/React-graphics/React_graphics.framework/Headers/react/renderer/graphics/Transform.h:159:13: warning: parameter 'progress' not found in the function declaration [-Wdocumentation]
  159 |    * @param progress
      |             ^~~~~~~~
In file included from /Users/antoniogrillo-balen/Desktop/Projects/RiseBuild/node_modules/react-native/ReactCommon/react/nativemodule/dom/NativeDOM.cpp:11:
In file included from /Users/antoniogrillo-balen/Desktop/Projects/RiseBuild/node_modules/react-native/ReactCommon/react/renderer/uimanager/PointerEventsProcessor.h:13:
In file included from /Users/antoniogrillo-balen/Desktop/Projects/RiseBuild/node_modules/react-native/ReactCommon/react/renderer/uimanager/PointerHoverTracker.h:17:
In file included from /Users/antoniogrillo-balen/Desktop/Projects/RiseBuild/node_modules/react-native/ReactCommon/react/renderer/uimanager/UIManager.h:23:
In file included from /Users/antoniogrillo-balen/Desktop/Projects/RiseBuild/node_modules/react-native/ReactCommon/react/renderer/mounting/ShadowTree.h:17:
In file included from /Users/antoniogrillo-balen/Desktop/Projects/RiseBuild/node_modules/react-native/ReactCommon/react/renderer/mounting/MountingCoordinator.h:16:
/Users/antoniogrillo-balen/Desktop/Projects/RiseBuild/node_modules/react-native/ReactCommon/react/renderer/mounting/MountingOverrideDelegate.h:33:21: warning: empty paragraph passed to '@param' command [-Wdocumentation]
   33 |    * @param surfaceId
      |      ~~~~~~~~~~~~~~~^
   34 |    * @param number
      |    ~
/Users/antoniogrillo-balen/Desktop/Projects/RiseBuild/node_modules/react-native/ReactCommon/react/renderer/mounting/MountingOverrideDelegate.h:34:18: warning: empty paragraph passed to '@param' command [-Wdocumentation]
   34 |    * @param number
      |      ~~~~~~~~~~~~^
   35 |    * @param mountingCoordinator
      |    ~
/Users/antoniogrillo-balen/Desktop/Projects/RiseBuild/node_modules/react-native/ReactCommon/react/renderer/mounting/MountingOverrideDelegate.h:35:31: warning: empty paragraph passed to '@param' command [-Wdocumentation]
   35 |    * @param mountingCoordinator
      |      ~~~~~~~~~~~~~~~~~~~~~~~~~^
   36 |    * @return
      |    ~
/Users/antoniogrillo-balen/Desktop/Projects/RiseBuild/node_modules/react-native/ReactCommon/react/renderer/mounting/MountingOverrideDelegate.h:36:13: warning: empty paragraph passed to '@return' command [-Wdocumentation]
   36 |    * @return
      |      ~~~~~~~^
/Users/antoniogrillo-balen/Desktop/Projects/RiseBuild/node_modules/react-native/ReactCommon/react/renderer/mounting/MountingOverrideDelegate.h:35:13: warning: parameter 'mountingCoordinator' not found in the function declaration [-Wdocumentation]
   35 |    * @param mountingCoordinator
      |             ^~~~~~~~~~~~~~~~~~~
In file included from /Users/antoniogrillo-balen/Desktop/Projects/RiseBuild/node_modules/react-native/ReactCommon/react/nativemodule/dom/NativeDOM.cpp:11:
In file included from /Users/antoniogrillo-balen/Desktop/Projects/RiseBuild/node_modules/react-native/ReactCommon/react/renderer/uimanager/PointerEventsProcessor.h:13:
In file included from /Users/antoniogrillo-balen/Desktop/Projects/RiseBuild/node_modules/react-native/ReactCommon/react/renderer/uimanager/PointerHoverTracker.h:17:
In file included from /Users/antoniogrillo-balen/Desktop/Projects/RiseBuild/node_modules/react-native/ReactCommon/react/renderer/uimanager/UIManager.h:23:
/Users/antoniogrillo-balen/Desktop/Projects/RiseBuild/node_modules/react-native/ReactCommon/react/renderer/mounting/ShadowTree.h:130:13: warning: empty paragraph passed to '@return' command [-Wdocumentation]
  130 |    * @return
      |      ~~~~~~~^
/Users/antoniogrillo-balen/Desktop/Projects/RiseBuild/node_modules/react-native/ReactCommon/react/renderer/mounting/ShadowTree.h:130:7: warning: '@return' command used in a comment that is attached to a function returning void [-Wdocumentation]
  130 |    * @return
      |      ~^~~~~~
In file included from /Users/antoniogrillo-balen/Desktop/Projects/RiseBuild/node_modules/react-native/ReactCommon/react/nativemodule/dom/NativeDOM.cpp:11:
In file included from /Users/antoniogrillo-balen/Desktop/Projects/RiseBuild/node_modules/react-native/ReactCommon/react/renderer/uimanager/PointerEventsProcessor.h:13:
In file included from /Users/antoniogrillo-balen/Desktop/Projects/RiseBuild/node_modules/react-native/ReactCommon/react/renderer/uimanager/PointerHoverTracker.h:17:
In file included from /Users/antoniogrillo-balen/Desktop/Projects/RiseBuild/node_modules/react-native/ReactCommon/react/renderer/uimanager/UIManager.h:26:
/Users/antoniogrillo-balen/Desktop/Projects/RiseBuild/node_modules/react-native/ReactCommon/react/renderer/uimanager/UIManagerAnimationDelegate.h:34:39: warning: empty paragraph passed to '@param' command [-Wdocumentation]
   34 |    * @param componentDescriptorRegistry
      |      ~~~~~~~~~~~~~~~~~~~~~~~~~~~~~~~~~^
   35 |    */
13 warnings generated.

Libtool /Users/antoniogrillo-balen/Library/Developer/Xcode/DerivedData/risebysolis-gzfsziqwziaggpcbgdowmssiasmi/Build/Products/Debug-iphonesimulator/React-domnativemodule/React_domnativemodule.framework/React_domnativemodule normal (in target 'React-domnativemodule' from project 'Pods')
    cd /Users/antoniogrillo-balen/Desktop/Projects/RiseBuild/ios/Pods
    /Applications/Xcode.app/Contents/Developer/Toolchains/XcodeDefault.xctoolchain/usr/bin/libtool -static -arch_only arm64 -D -syslibroot /Applications/Xcode.app/Contents/Developer/Platforms/iPhoneSimulator.platform/Developer/SDKs/iPhoneSimulator26.5.sdk -L/Users/antoniogrillo-balen/Library/Developer/Xcode/DerivedData/risebysolis-gzfsziqwziaggpcbgdowmssiasmi/Build/Products/Debug-iphonesimulator/React-domnativemodule -filelist /Users/antoniogrillo-balen/Library/Developer/Xcode/DerivedData/risebysolis-gzfsziqwziaggpcbgdowmssiasmi/Build/Intermediates.noindex/Pods.build/Debug-iphonesimulator/React-domnativemodule.build/Objects-normal/arm64/React_domnativemodule.LinkFileList -dependency_info /Users/antoniogrillo-balen/Library/Developer/Xcode/DerivedData/risebysolis-gzfsziqwziaggpcbgdowmssiasmi/Build/Intermediates.noindex/Pods.build/Debug-iphonesimulator/React-domnativemodule.build/Objects-normal/arm64/React_domnativemodule_libtool_dependency_info.dat -o /Users/antoniogrillo-balen/Library/Developer/Xcode/DerivedData/risebysolis-gzfsziqwziaggpcbgdowmssiasmi/Build/Products/Debug-iphonesimulator/React-domnativemodule/React_domnativemodule.framework/React_domnativemodule

PhaseScriptExecution Create\ Symlinks\ to\ Header\ Folders /Users/antoniogrillo-balen/Library/Developer/Xcode/DerivedData/risebysolis-gzfsziqwziaggpcbgdowmssiasmi/Build/Intermediates.noindex/Pods.build/Debug-iphonesimulator/React-domnativemodule.build/Script-46EB2E0002AA30.sh (in target 'React-domnativemodule' from project 'Pods')
    cd /Users/antoniogrillo-balen/Desktop/Projects/RiseBuild/ios/Pods
    export ACTION\=build
    export AD_HOC_CODE_SIGNING_ALLOWED\=YES
    export ALLOW_BUILD_REQUEST_OVERRIDES\=NO
    export ALLOW_TARGET_PLATFORM_SPECIALIZATION\=NO
    export ALTERNATE_GROUP\=staff
    export ALTERNATE_MODE\=u+w,go-w,a+rX
    export ALTERNATE_OWNER\=antoniogrillo-balen
    export ALTERNATIVE_DISTRIBUTION_WEB\=NO
    export ALWAYS_EMBED_SWIFT_STANDARD_LIBRARIES\=NO
    export ALWAYS_SEARCH_USER_PATHS\=NO
    export ALWAYS_USE_SEPARATE_HEADERMAPS\=NO
    export APPLICATION_EXTENSION_API_ONLY\=NO
    export APPLY_RULES_IN_COPY_FILES\=NO
    export APPLY_RULES_IN_COPY_HEADERS\=NO
    export APP_SHORTCUTS_ENABLE_FLEXIBLE_MATCHING\=YES
    export ARCHS\=arm64
    export ARCHS_BASE\=arm64
    export ARCHS_STANDARD\=arm64\ x86_64
    export ARCHS_STANDARD_32_64_BIT\=arm64\ x86_64
    export ARCHS_STANDARD_64_BIT\=arm64\ x86_64
    export ARCHS_STANDARD_INCLUDING_64_BIT\=arm64\ x86_64
    export ARCHS_UNIVERSAL_IPHONE_OS\=arm64\ x86_64
    export ASSETCATALOG_FILTER_FOR_DEVICE_MODEL\=iPhone16,2
    export ASSETCATALOG_FILTER_FOR_DEVICE_OS_VERSION\=26.4.1
    export ASSETCATALOG_FILTER_FOR_THINNING_DEVICE_CONFIGURATION\=iPhone16,2
    export AUTOMATICALLY_MERGE_DEPENDENCIES\=NO
    export AUTOMATION_APPLE_EVENTS\=NO
    export AVAILABLE_PLATFORMS\=android\ appletvos\ appletvsimulator\ driverkit\ freebsd\ iphoneos\ iphonesimulator\ linux\ macosx\ none\ openbsd\ qnx\ watchos\ watchsimulator\ webassembly\ xros\ xrsimulator
    export AppIdentifierPrefix\=FAKETEAMID.
    export BUILD_ACTIVE_RESOURCES_ONLY\=YES
    export BUILD_COMPONENTS\=headers\ build
    export BUILD_DIR\=/Users/antoniogrillo-balen/Library/Developer/Xcode/DerivedData/risebysolis-gzfsziqwziaggpcbgdowmssiasmi/Build/Products
    export BUILD_LIBRARY_FOR_DISTRIBUTION\=NO
    export BUILD_ONLY_KNOWN_LOCALIZATIONS\=NO
    export BUILD_ROOT\=/Users/antoniogrillo-balen/Library/Developer/Xcode/DerivedData/risebysolis-gzfsziqwziaggpcbgdowmssiasmi/Build/Products
    export BUILD_STYLE\=
    export BUILD_VARIANTS\=normal
    export BUILT_PRODUCTS_DIR\=/Users/antoniogrillo-balen/Library/Developer/Xcode/DerivedData/risebysolis-gzfsziqwziaggpcbgdowmssiasmi/Build/Products/Debug-iphonesimulator/React-domnativemodule
    export BUNDLE_CONTENTS_FOLDER_PATH_deep\=Contents/
    export BUNDLE_EXECUTABLE_FOLDER_NAME_deep\=MacOS
    export BUNDLE_EXTENSIONS_FOLDER_PATH\=Extensions
    export BUNDLE_FORMAT\=shallow
    export BUNDLE_FRAMEWORKS_FOLDER_PATH\=Frameworks
    export BUNDLE_PLUGINS_FOLDER_PATH\=PlugIns
    export BUNDLE_PRIVATE_HEADERS_FOLDER_PATH\=PrivateHeaders
    export BUNDLE_PUBLIC_HEADERS_FOLDER_PATH\=Headers
    export CACHE_ROOT\=/var/folders/2z/jtlqylkx0c709j3xb7b0g4cm0000gn/C/com.apple.DeveloperTools/26.5-17F42/Xcode
    export CCHROOT\=/var/folders/2z/jtlqylkx0c709j3xb7b0g4cm0000gn/C/com.apple.DeveloperTools/26.5-17F42/Xcode
    export CHMOD\=/bin/chmod
    export CHOWN\=chown
    export CLANG_ANALYZER_LOCALIZABILITY_NONLOCALIZED\=YES
    export CLANG_ANALYZER_NONNULL\=YES
    export CLANG_ANALYZER_NUMBER_OBJECT_CONVERSION\=YES_AGGRESSIVE
    export CLANG_CACHE_FINE_GRAINED_OUTPUTS\=YES
    export CLANG_CXX_LANGUAGE_STANDARD\=c++20
    export CLANG_CXX_LIBRARY\=libc++
    export CLANG_ENABLE_EXPLICIT_MODULES\=YES
    export CLANG_ENABLE_MODULES\=YES
    export CLANG_ENABLE_OBJC_ARC\=YES
    export CLANG_ENABLE_OBJC_WEAK\=NO
    export CLANG_MODULES_BUILD_SESSION_FILE\=/Users/antoniogrillo-balen/Library/Developer/Xcode/DerivedData/ModuleCache.noindex/Session.modulevalidation
    export CLANG_WARN_BLOCK_CAPTURE_AUTORELEASING\=YES
    export CLANG_WARN_BOOL_CONVERSION\=YES
    export CLANG_WARN_COMMA\=YES
    export CLANG_WARN_CONSTANT_CONVERSION\=YES
    export CLANG_WARN_DEPRECATED_OBJC_IMPLEMENTATIONS\=YES
    export CLANG_WARN_DIRECT_OBJC_ISA_USAGE\=YES_ERROR
    export CLANG_WARN_DOCUMENTATION_COMMENTS\=YES
    export CLANG_WARN_EMPTY_BODY\=YES
    export CLANG_WARN_ENUM_CONVERSION\=YES
    export CLANG_WARN_INFINITE_RECURSION\=YES
    export CLANG_WARN_INT_CONVERSION\=YES
    export CLANG_WARN_NON_LITERAL_NULL_CONVERSION\=YES
    export CLANG_WARN_OBJC_IMPLICIT_RETAIN_SELF\=YES
    export CLANG_WARN_OBJC_LITERAL_CONVERSION\=YES
    export CLANG_WARN_OBJC_ROOT_CLASS\=YES_ERROR
    export CLANG_WARN_QUOTED_INCLUDE_IN_FRAMEWORK_HEADER\=NO
    export CLANG_WARN_RANGE_LOOP_ANALYSIS\=YES
    export CLANG_WARN_STRICT_PROTOTYPES\=YES
    export CLANG_WARN_SUSPICIOUS_MOVE\=YES
    export CLANG_WARN_UNGUARDED_AVAILABILITY\=YES_AGGRESSIVE
    export CLANG_WARN_UNREACHABLE_CODE\=YES
    export CLANG_WARN__DUPLICATE_METHOD_MATCH\=YES
    export CLASS_FILE_DIR\=/Users/antoniogrillo-balen/Library/Developer/Xcode/DerivedData/risebysolis-gzfsziqwziaggpcbgdowmssiasmi/Build/Intermediates.noindex/Pods.build/Debug-iphonesimulator/React-domnativemodule.build/JavaClasses
    export CLEAN_PRECOMPS\=YES
    export CLONE_HEADERS\=NO
    export CODESIGNING_FOLDER_PATH\=/Users/antoniogrillo-balen/Library/Developer/Xcode/DerivedData/risebysolis-gzfsziqwziaggpcbgdowmssiasmi/Build/Products/Debug-iphonesimulator/React-domnativemodule/React_domnativemodule.framework
    export CODE_SIGNING_ALLOWED\=YES
    export CODE_SIGNING_REQUIRED\=NO
    export CODE_SIGNING_REQUIRES_TEAM\=YES
    export CODE_SIGN_CONTEXT_CLASS\=XCiPhoneSimulatorCodeSignContext
    export CODE_SIGN_IDENTITY\=-
    export CODE_SIGN_INJECT_BASE_ENTITLEMENTS\=YES
    export COLOR_DIAGNOSTICS\=NO
    export COMBINE_HIDPI_IMAGES\=NO
    export COMPILATION_CACHE_CAS_PATH\=/Users/antoniogrillo-balen/Library/Developer/Xcode/DerivedData/CompilationCache.noindex
    export COMPILATION_CACHE_KEEP_CAS_DIRECTORY\=YES
    export COMPILER_INDEX_STORE_ENABLE\=Default
    export COMPOSITE_SDK_DIRS\=/Users/antoniogrillo-balen/Library/Developer/Xcode/DerivedData/risebysolis-gzfsziqwziaggpcbgdowmssiasmi/Build/Intermediates.noindex/CompositeSDKs
    export COMPRESS_PNG_FILES\=YES
    export CONFIGURATION\=Debug
    export CONFIGURATION_BUILD_DIR\=/Users/antoniogrillo-balen/Library/Developer/Xcode/DerivedData/risebysolis-gzfsziqwziaggpcbgdowmssiasmi/Build/Products/Debug-iphonesimulator/React-domnativemodule
    export CONFIGURATION_TEMP_DIR\=/Users/antoniogrillo-balen/Library/Developer/Xcode/DerivedData/risebysolis-gzfsziqwziaggpcbgdowmssiasmi/Build/Intermediates.noindex/Pods.build/Debug-iphonesimulator
    export CONTENTS_FOLDER_PATH\=React_domnativemodule.framework
    export CONTENTS_FOLDER_PATH_SHALLOW_BUNDLE_NO\=React_domnativemodule.framework/A
    export CONTENTS_FOLDER_PATH_SHALLOW_BUNDLE_YES\=React_domnativemodule.framework
    export COPYING_PRESERVES_HFS_DATA\=NO
    export COPY_HEADERS_RUN_UNIFDEF\=NO
    export COPY_PHASE_STRIP\=NO
    export CORRESPONDING_DEVICE_PLATFORM_DIR\=/Applications/Xcode.app/Contents/Developer/Platforms/iPhoneOS.platform
    export CORRESPONDING_DEVICE_PLATFORM_NAME\=iphoneos
    export CORRESPONDING_DEVICE_SDK_DIR\=/Applications/Xcode.app/Contents/Developer/Platforms/iPhoneOS.platform/Developer/SDKs/iPhoneOS26.5.sdk
    export CORRESPONDING_DEVICE_SDK_NAME\=iphoneos26.5
    export CP\=/bin/cp
    export CREATE_INFOPLIST_SECTION_IN_BINARY\=NO
    export CURRENT_ARCH\=undefined_arch
    export CURRENT_PROJECT_VERSION\=1
    export CURRENT_VARIANT\=normal
    export CURRENT_VERSION\=Current
    export DEAD_CODE_STRIPPING\=YES
    export DEBUGGING_SYMBOLS\=YES
    export DEBUG_INFORMATION_FORMAT\=dwarf
    export DEBUG_INFORMATION_VERSION\=compiler-default
    export DEFAULT_COMPILER\=com.apple.compilers.llvm.clang.1_0
    export DEFAULT_DEXT_INSTALL_PATH\=/System/Library/DriverExtensions
    export DEFAULT_KEXT_INSTALL_PATH\=/System/Library/Extensions
    export DEFINES_MODULE\=YES
    export DEPLOYMENT_LOCATION\=NO
    export DEPLOYMENT_POSTPROCESSING\=NO
    export DEPLOYMENT_TARGET_SETTING_NAME\=IPHONEOS_DEPLOYMENT_TARGET
    export DEPLOYMENT_TARGET_SUGGESTED_VALUES\=12.0\ 12.1\ 12.2\ 12.3\ 12.4\ 13.0\ 13.1\ 13.2\ 13.3\ 13.4\ 13.5\ 13.6\ 14.0\ 14.1\ 14.2\ 14.3\ 14.4\ 14.5\ 14.6\ 14.7\ 15.0\ 15.1\ 15.2\ 15.3\ 15.4\ 15.5\ 15.6\ 16.0\ 16.1\ 16.2\ 16.3\ 16.4\ 16.5\ 16.6\ 17.0\ 17.1\ 17.2\ 17.3\ 17.4\ 17.5\ 17.6\ 18.0\ 18.1\ 18.2\ 18.3\ 18.4\ 18.5\ 18.6\ 26.0\ 26.2\ 26.3\ 26.4\ 26.5
    export DERIVED_FILES_DIR\=/Users/antoniogrillo-balen/Library/Developer/Xcode/DerivedData/risebysolis-gzfsziqwziaggpcbgdowmssiasmi/Build/Intermediates.noindex/Pods.build/Debug-iphonesimulator/React-domnativemodule.build/DerivedSources
    export DERIVED_FILE_DIR\=/Users/antoniogrillo-balen/Library/Developer/Xcode/DerivedData/risebysolis-gzfsziqwziaggpcbgdowmssiasmi/Build/Intermediates.noindex/Pods.build/Debug-iphonesimulator/React-domnativemodule.build/DerivedSources
    export DERIVED_SOURCES_DIR\=/Users/antoniogrillo-balen/Library/Developer/Xcode/DerivedData/risebysolis-gzfsziqwziaggpcbgdowmssiasmi/Build/Intermediates.noindex/Pods.build/Debug-iphonesimulator/React-domnativemodule.build/DerivedSources
    export DEVELOPER_APPLICATIONS_DIR\=/Applications/Xcode.app/Contents/Developer/Applications
    export DEVELOPER_BIN_DIR\=/Applications/Xcode.app/Contents/Developer/usr/bin
    export DEVELOPER_DIR\=/Applications/Xcode.app/Contents/Developer
    export DEVELOPER_FRAMEWORKS_DIR\=/Applications/Xcode.app/Contents/Developer/Library/Frameworks
    export DEVELOPER_FRAMEWORKS_DIR_QUOTED\=/Applications/Xcode.app/Contents/Developer/Library/Frameworks
    export DEVELOPER_LIBRARY_DIR\=/Applications/Xcode.app/Contents/Developer/Library
    export DEVELOPER_SDK_DIR\=/Applications/Xcode.app/Contents/Developer/Platforms/MacOSX.platform/Developer/SDKs
    export DEVELOPER_TOOLS_DIR\=/Applications/Xcode.app/Contents/Developer/Tools
    export DEVELOPER_USR_DIR\=/Applications/Xcode.app/Contents/Developer/usr
    export DEVELOPMENT_LANGUAGE\=en
    export DIAGNOSE_MISSING_TARGET_DEPENDENCIES\=YES
    export DIFF\=/usr/bin/diff
    export DOCUMENTATION_FOLDER_PATH\=React_domnativemodule.framework/en.lproj/Documentation
    export DONT_GENERATE_INFOPLIST_FILE\=NO
    export DSTROOT\=/tmp/Pods.dst
    export DT_TOOLCHAIN_DIR\=/Applications/Xcode.app/Contents/Developer/Toolchains/XcodeDefault.xctoolchain
    export DUMP_DEPENDENCIES\=NO
    export DUMP_DEPENDENCIES_OUTPUT_PATH\=/Users/antoniogrillo-balen/Library/Developer/Xcode/DerivedData/risebysolis-gzfsziqwziaggpcbgdowmssiasmi/Build/Intermediates.noindex/Pods.build/Debug-iphonesimulator/React-domnativemodule.build/React-domnativemodule-BuildDependencyInfo.json
    export DWARF_DSYM_FILE_NAME\=React_domnativemodule.framework.dSYM
    export DWARF_DSYM_FILE_SHOULD_ACCOMPANY_PRODUCT\=NO
    export DWARF_DSYM_FOLDER_PATH\=/Users/antoniogrillo-balen/Library/Developer/Xcode/DerivedData/risebysolis-gzfsziqwziaggpcbgdowmssiasmi/Build/Products/Debug-iphonesimulator/React-domnativemodule
    export DYLIB_COMPATIBILITY_VERSION\=1
    export DYLIB_CURRENT_VERSION\=1
    export DYLIB_INSTALL_NAME_BASE\=@rpath
    export DYNAMIC_LIBRARY_EXTENSION\=dylib
    export EAGER_COMPILATION_ALLOW_SCRIPTS\=NO
    export EAGER_LINKING\=NO
    export EFFECTIVE_PLATFORM_NAME\=-iphonesimulator
    export EFFECTIVE_SWIFT_VERSION\=5
    export EMBEDDED_CONTENT_CONTAINS_SWIFT\=NO
    export EMBED_ASSET_PACKS_IN_PRODUCT_BUNDLE\=NO
    export ENABLE_APP_SANDBOX\=NO
    export ENABLE_CODE_COVERAGE\=YES
    export ENABLE_COHORT_ARCHS\=NO
    export ENABLE_CPLUSPLUS_BOUNDS_SAFE_BUFFERS\=NO
    export ENABLE_C_BOUNDS_SAFETY\=NO
    export ENABLE_DEFAULT_HEADER_SEARCH_PATHS\=YES
    export ENABLE_DEFAULT_SEARCH_PATHS\=YES
    export ENABLE_ENHANCED_SECURITY\=NO
    export ENABLE_HARDENED_RUNTIME\=NO
    export ENABLE_HEADER_DEPENDENCIES\=YES
    export ENABLE_INCOMING_NETWORK_CONNECTIONS\=NO
    export ENABLE_MODULE_VERIFIER\=NO
    export ENABLE_ON_DEMAND_RESOURCES\=NO
    export ENABLE_OUTGOING_NETWORK_CONNECTIONS\=NO
    export ENABLE_POINTER_AUTHENTICATION\=NO
    export ENABLE_PREVIEWS\=NO
    export ENABLE_RESOURCE_ACCESS_AUDIO_INPUT\=NO
    export ENABLE_RESOURCE_ACCESS_BLUETOOTH\=NO
    export ENABLE_RESOURCE_ACCESS_CALENDARS\=NO
    export ENABLE_RESOURCE_ACCESS_CAMERA\=NO
    export ENABLE_RESOURCE_ACCESS_CONTACTS\=NO
    export ENABLE_RESOURCE_ACCESS_LOCATION\=NO
    export ENABLE_RESOURCE_ACCESS_PHOTO_LIBRARY\=NO
    export ENABLE_RESOURCE_ACCESS_PRINTING\=NO
    export ENABLE_RESOURCE_ACCESS_USB\=NO
    export ENABLE_SDK_IMPORTS\=NO
    export ENABLE_SECURITY_COMPILER_WARNINGS\=NO
    export ENABLE_STRICT_OBJC_MSGSEND\=YES
    export ENABLE_TESTABILITY\=YES
    export ENABLE_TESTING_SEARCH_PATHS\=NO
    export ENABLE_USER_SCRIPT_SANDBOXING\=NO
    export ENABLE_XOJIT_PREVIEWS\=YES
    export ENFORCE_VALID_ARCHS\=YES
    export ENTITLEMENTS_DESTINATION\=__entitlements
    export ENTITLEMENTS_REQUIRED\=NO
    export EXCLUDED_INSTALLSRC_SUBDIRECTORY_PATTERNS\=.DS_Store\ .svn\ .git\ .hg\ CVS
    export EXCLUDED_RECURSIVE_SEARCH_PATH_SUBDIRECTORIES\=\*.nib\ \*.lproj\ \*.framework\ \*.gch\ \*.xcode\*\ \*.xcassets\ \*.icon\ \(\*\)\ .DS_Store\ CVS\ .svn\ .git\ .hg\ \*.pbproj\ \*.pbxproj
    export EXECUTABLES_FOLDER_PATH\=React_domnativemodule.framework/en.lproj
    export EXECUTABLE_FOLDER_PATH\=React_domnativemodule.framework
    export EXECUTABLE_FOLDER_PATH_SHALLOW_BUNDLE_NO\=React_domnativemodule.framework
    export EXECUTABLE_FOLDER_PATH_SHALLOW_BUNDLE_YES\=React_domnativemodule.framework
    export EXECUTABLE_NAME\=React_domnativemodule
    export EXECUTABLE_PATH\=React_domnativemodule.framework/React_domnativemodule
    export EXPANDED_CODE_SIGN_IDENTITY\=-
    export EXPANDED_CODE_SIGN_IDENTITY_NAME\=Sign\ to\ Run\ Locally
    export EXTENSIONS_FOLDER_PATH\=React_domnativemodule.framework/Extensions
    export FILE_LIST\=/Users/antoniogrillo-balen/Library/Developer/Xcode/DerivedData/risebysolis-gzfsziqwziaggpcbgdowmssiasmi/Build/Intermediates.noindex/Pods.build/Debug-iphonesimulator/React-domnativemodule.build/Objects/LinkFileList
    export FIXED_FILES_DIR\=/Users/antoniogrillo-balen/Library/Developer/Xcode/DerivedData/risebysolis-gzfsziqwziaggpcbgdowmssiasmi/Build/Intermediates.noindex/Pods.build/Debug-iphonesimulator/React-domnativemodule.build/FixedFiles
    export FRAMEWORKS_FOLDER_PATH\=React_domnativemodule.framework/Frameworks
    export FRAMEWORK_FLAG_PREFIX\=-framework
    export FRAMEWORK_SEARCH_PATHS\=/Users/antoniogrillo-balen/Library/Developer/Xcode/DerivedData/risebysolis-gzfsziqwziaggpcbgdowmssiasmi/Build/Products/Debug-iphonesimulator/React-domnativemodule\ \ \"/Users/antoniogrillo-balen/Library/Developer/Xcode/DerivedData/risebysolis-gzfsziqwziaggpcbgdowmssiasmi/Build/Products/Debug-iphonesimulator/DoubleConversion\"\ \"/Users/antoniogrillo-balen/Library/Developer/Xcode/DerivedData/risebysolis-gzfsziqwziaggpcbgdowmssiasmi/Build/Products/Debug-iphonesimulator/RCT-Folly\"\ \"/Users/antoniogrillo-balen/Library/Developer/Xcode/DerivedData/risebysolis-gzfsziqwziaggpcbgdowmssiasmi/Build/Products/Debug-iphonesimulator/RCTDeprecation\"\ \"/Users/antoniogrillo-balen/Library/Developer/Xcode/DerivedData/risebysolis-gzfsziqwziaggpcbgdowmssiasmi/Build/Products/Debug-iphonesimulator/RCTTypeSafety\"\ \"/Users/antoniogrillo-balen/Library/Developer/Xcode/DerivedData/risebysolis-gzfsziqwziaggpcbgdowmssiasmi/Build/Products/Debug-iphonesimulator/React-Core\"\ \"/Users/antoniogrillo-balen/Library/Developer/Xcode/DerivedData/risebysolis-gzfsziqwziaggpcbgdowmssiasmi/Build/Products/Debug-iphonesimulator/React-Fabric\"\ \"/Users/antoniogrillo-balen/Library/Developer/Xcode/DerivedData/risebysolis-gzfsziqwziaggpcbgdowmssiasmi/Build/Products/Debug-iphonesimulator/React-FabricComponents\"\ \"/Users/antoniogrillo-balen/Library/Developer/Xcode/DerivedData/risebysolis-gzfsziqwziaggpcbgdowmssiasmi/Build/Products/Debug-iphonesimulator/React-FabricImage\"\ \"/Users/antoniogrillo-balen/Library/Developer/Xcode/DerivedData/risebysolis-gzfsziqwziaggpcbgdowmssiasmi/Build/Products/Debug-iphonesimulator/React-ImageManager\"\ \"/Users/antoniogrillo-balen/Library/Developer/Xcode/DerivedData/risebysolis-gzfsziqwziaggpcbgdowmssiasmi/Build/Products/Debug-iphonesimulator/React-NativeModulesApple\"\ \"/Users/antoniogrillo-balen/Library/Developer/Xcode/DerivedData/risebysolis-gzfsziqwziaggpcbgdowmssiasmi/Build/Products/Debug-iphonesimulator/React-RCTFabric\"\ \"/Users/antoniogrillo-balen/Library/Developer/Xcode/DerivedData/risebysolis-gzfsziqwziaggpcbgdowmssiasmi/Build/Products/Debug-iphonesimulator/React-RCTImage\"\ \"/Users/antoniogrillo-balen/Library/Developer/Xcode/DerivedData/risebysolis-gzfsziqwziaggpcbgdowmssiasmi/Build/Products/Debug-iphonesimulator/React-RCTNetwork\"\ \"/Users/antoniogrillo-balen/Library/Developer/Xcode/DerivedData/risebysolis-gzfsziqwziaggpcbgdowmssiasmi/Build/Products/Debug-iphonesimulator/React-RCTText\"\ \"/Users/antoniogrillo-balen/Library/Developer/Xcode/DerivedData/risebysolis-gzfsziqwziaggpcbgdowmssiasmi/Build/Products/Debug-iphonesimulator/React-cxxreact\"\ \"/Users/antoniogrillo-balen/Library/Developer/Xcode/DerivedData/risebysolis-gzfsziqwziaggpcbgdowmssiasmi/Build/Products/Debug-iphonesimulator/React-debug\"\ \"/Users/antoniogrillo-balen/Library/Developer/Xcode/DerivedData/risebysolis-gzfsziqwziaggpcbgdowmssiasmi/Build/Products/Debug-iphonesimulator/React-featureflags\"\ \"/Users/antoniogrillo-balen/Library/Developer/Xcode/DerivedData/risebysolis-gzfsziqwziaggpcbgdowmssiasmi/Build/Products/Debug-iphonesimulator/React-graphics\"\ \"/Users/antoniogrillo-balen/Library/Developer/Xcode/DerivedData/risebysolis-gzfsziqwziaggpcbgdowmssiasmi/Build/Products/Debug-iphonesimulator/React-hermes\"\ \"/Users/antoniogrillo-balen/Library/Developer/Xcode/DerivedData/risebysolis-gzfsziqwziaggpcbgdowmssiasmi/Build/Products/Debug-iphonesimulator/React-jsi\"\ \"/Users/antoniogrillo-balen/Library/Developer/Xcode/DerivedData/risebysolis-gzfsziqwziaggpcbgdowmssiasmi/Build/Products/Debug-iphonesimulator/React-jsiexecutor\"\ \"/Users/antoniogrillo-balen/Library/Developer/Xcode/DerivedData/risebysolis-gzfsziqwziaggpcbgdowmssiasmi/Build/Products/Debug-iphonesimulator/React-jsinspector\"\ \"/Users/antoniogrillo-balen/Library/Developer/Xcode/DerivedData/risebysolis-gzfsziqwziaggpcbgdowmssiasmi/Build/Products/Debug-iphonesimulator/React-logger\"\ \"/Users/antoniogrillo-balen/Library/Developer/Xcode/DerivedData/risebysolis-gzfsziqwziaggpcbgdowmssiasmi/Build/Products/Debug-iphonesimulator/React-nativeconfig\"\ \"/Users/antoniogrillo-balen/Library/Developer/Xcode/DerivedData/risebysolis-gzfsziqwziaggpcbgdowmssiasmi/Build/Products/Debug-iphonesimulator/React-perflogger\"\ \"/Users/antoniogrillo-balen/Library/Developer/Xcode/DerivedData/risebysolis-gzfsziqwziaggpcbgdowmssiasmi/Build/Products/Debug-iphonesimulator/React-performancetimeline\"\ \"/Users/antoniogrillo-balen/Library/Developer/Xcode/DerivedData/risebysolis-gzfsziqwziaggpcbgdowmssiasmi/Build/Products/Debug-iphonesimulator/React-rendererconsistency\"\ \"/Users/antoniogrillo-balen/Library/Developer/Xcode/DerivedData/risebysolis-gzfsziqwziaggpcbgdowmssiasmi/Build/Products/Debug-iphonesimulator/React-rendererdebug\"\ \"/Users/antoniogrillo-balen/Library/Developer/Xcode/DerivedData/risebysolis-gzfsziqwziaggpcbgdowmssiasmi/Build/Products/Debug-iphonesimulator/React-runtimescheduler\"\ \"/Users/antoniogrillo-balen/Library/Developer/Xcode/DerivedData/risebysolis-gzfsziqwziaggpcbgdowmssiasmi/Build/Products/Debug-iphonesimulator/React-utils\"\ \"/Users/antoniogrillo-balen/Library/Developer/Xcode/DerivedData/risebysolis-gzfsziqwziaggpcbgdowmssiasmi/Build/Products/Debug-iphonesimulator/ReactCodegen\"\ \"/Users/antoniogrillo-balen/Library/Developer/Xcode/DerivedData/risebysolis-gzfsziqwziaggpcbgdowmssiasmi/Build/Products/Debug-iphonesimulator/ReactCommon\"\ \"/Users/antoniogrillo-balen/Library/Developer/Xcode/DerivedData/risebysolis-gzfsziqwziaggpcbgdowmssiasmi/Build/Products/Debug-iphonesimulator/SocketRocket\"\ \"/Users/antoniogrillo-balen/Library/Developer/Xcode/DerivedData/risebysolis-gzfsziqwziaggpcbgdowmssiasmi/Build/Products/Debug-iphonesimulator/Yoga\"\ \"/Users/antoniogrillo-balen/Library/Developer/Xcode/DerivedData/risebysolis-gzfsziqwziaggpcbgdowmssiasmi/Build/Products/Debug-iphonesimulator/fmt\"\ \"/Users/antoniogrillo-balen/Library/Developer/Xcode/DerivedData/risebysolis-gzfsziqwziaggpcbgdowmssiasmi/Build/Products/Debug-iphonesimulator/glog\"\ \"/Users/antoniogrillo-balen/Desktop/Projects/RiseBuild/ios/Pods/hermes-engine/destroot/Library/Frameworks/universal\"\ \"/Users/antoniogrillo-balen/Library/Developer/Xcode/DerivedData/risebysolis-gzfsziqwziaggpcbgdowmssiasmi/Build/Products/Debug-iphonesimulator/XCFrameworkIntermediates/hermes-engine/Pre-built\"
    export FRAMEWORK_VERSION\=A
    export FULL_PRODUCT_NAME\=React_domnativemodule.framework
    export FUSE_BUILD_PHASES\=YES
    export FUSE_BUILD_SCRIPT_PHASES\=NO
    export GCC3_VERSION\=3.3
    export GCC_C_LANGUAGE_STANDARD\=gnu11
    export GCC_DYNAMIC_NO_PIC\=NO
    export GCC_INLINES_ARE_PRIVATE_EXTERN\=YES
    export GCC_NO_COMMON_BLOCKS\=YES
    export GCC_OBJC_LEGACY_DISPATCH\=YES
    export GCC_OPTIMIZATION_LEVEL\=0
    export GCC_PFE_FILE_C_DIALECTS\=c\ objective-c\ c++\ objective-c++
    export GCC_PREFIX_HEADER\=Target\ Support\ Files/React-domnativemodule/React-domnativemodule-prefix.pch
    export GCC_PREPROCESSOR_DEFINITIONS\=POD_CONFIGURATION_DEBUG\=1\ DEBUG\=1\ \ COCOAPODS\=1
    export GCC_TREAT_WARNINGS_AS_ERRORS\=NO
    export GCC_VERSION\=com.apple.compilers.llvm.clang.1_0
    export GCC_VERSION_IDENTIFIER\=com_apple_compilers_llvm_clang_1_0
    export GCC_WARN_64_TO_32_BIT_CONVERSION\=YES
    export GCC_WARN_ABOUT_RETURN_TYPE\=YES_ERROR
    export GCC_WARN_UNDECLARED_SELECTOR\=YES
    export GCC_WARN_UNINITIALIZED_AUTOS\=YES_AGGRESSIVE
    export GCC_WARN_UNUSED_FUNCTION\=YES
    export GCC_WARN_UNUSED_VARIABLE\=YES
    export GENERATED_MODULEMAP_DIR\=/Users/antoniogrillo-balen/Library/Developer/Xcode/DerivedData/risebysolis-gzfsziqwziaggpcbgdowmssiasmi/Build/Intermediates.noindex/GeneratedModuleMaps-iphonesimulator
    export GENERATE_INFOPLIST_FILE\=NO
    export GENERATE_INTERMEDIATE_TEXT_BASED_STUBS\=YES
    export GENERATE_PKGINFO_FILE\=NO
    export GENERATE_PRELINK_OBJECT_FILE\=NO
    export GENERATE_PROFILING_CODE\=NO
    export GENERATE_TEXT_BASED_STUBS\=NO
    export GID\=20
    export GROUP\=staff
    export HEADERMAP_INCLUDES_FLAT_ENTRIES_FOR_TARGET_BEING_BUILT\=YES
    export HEADERMAP_INCLUDES_FRAMEWORK_ENTRIES_FOR_ALL_PRODUCT_TYPES\=YES
    export HEADERMAP_INCLUDES_FRAMEWORK_ENTRIES_FOR_TARGETS_NOT_BEING_BUILT\=YES
    export HEADERMAP_INCLUDES_NONPUBLIC_NONPRIVATE_HEADERS\=YES
    export HEADERMAP_INCLUDES_PROJECT_HEADERS\=YES
    export HEADERMAP_USES_FRAMEWORK_PREFIX_ENTRIES\=YES
    export HEADERMAP_USES_VFS\=YES
    export HEADER_SEARCH_PATHS\=/Users/antoniogrillo-balen/Library/Developer/Xcode/DerivedData/risebysolis-gzfsziqwziaggpcbgdowmssiasmi/Build/Products/Debug-iphonesimulator/React-domnativemodule/include\ \ /Users/antoniogrillo-balen/Library/Developer/Xcode/DerivedData/risebysolis-gzfsziqwziaggpcbgdowmssiasmi/Build/Products/Debug-iphonesimulator/ReactCommon/ReactCommon.framework/Headers\ /Users/antoniogrillo-balen/Library/Developer/Xcode/DerivedData/risebysolis-gzfsziqwziaggpcbgdowmssiasmi/Build/Products/Debug-iphonesimulator/ReactCommon/ReactCommon.framework/Headers/react/nativemodule/core\ /Users/antoniogrillo-balen/Library/Developer/Xcode/DerivedData/risebysolis-gzfsziqwziaggpcbgdowmssiasmi/Build/Products/Debug-iphonesimulator/ReactCommon-Samples/ReactCommon_Samples.framework/Headers\ /Users/antoniogrillo-balen/Library/Developer/Xcode/DerivedData/risebysolis-gzfsziqwziaggpcbgdowmssiasmi/Build/Products/Debug-iphonesimulator/ReactCommon-Samples/ReactCommon_Samples.framework/Headers/platform/ios\ /Users/antoniogrillo-balen/Library/Developer/Xcode/DerivedData/risebysolis-gzfsziqwziaggpcbgdowmssiasmi/Build/Products/Debug-iphonesimulator/React-Fabric/React_Fabric.framework/Headers/react/renderer/components/view/platform/cxx\ /Users/antoniogrillo-balen/Library/Developer/Xcode/DerivedData/risebysolis-gzfsziqwziaggpcbgdowmssiasmi/Build/Products/Debug-iphonesimulator/React-NativeModulesApple/React_NativeModulesApple.framework/Headers\ /Users/antoniogrillo-balen/Library/Developer/Xcode/DerivedData/risebysolis-gzfsziqwziaggpcbgdowmssiasmi/Build/Products/Debug-iphonesimulator/React-graphics/React_graphics.framework/Headers\ /Users/antoniogrillo-balen/Library/Developer/Xcode/DerivedData/risebysolis-gzfsziqwziaggpcbgdowmssiasmi/Build/Products/Debug-iphonesimulator/React-graphics/React_graphics.framework/Headers/react/renderer/graphics/platform/ios\ \"/Users/antoniogrillo-balen/Desktop/Projects/RiseBuild/ios/Pods/Headers/Public\"\ \"/Users/antoniogrillo-balen/Desktop/Projects/RiseBuild/ios/Pods/Headers/Public/FBLazyVector\"\ \"/Users/antoniogrillo-balen/Desktop/Projects/RiseBuild/ios/Pods/Headers/Public/RCTRequired\"\ \"/Users/antoniogrillo-balen/Desktop/Projects/RiseBuild/ios/Pods/Headers/Public/React-callinvoker\"\ \"/Users/antoniogrillo-balen/Desktop/Projects/RiseBuild/ios/Pods/Headers/Public/React-runtimeexecutor\"\ \"/Users/antoniogrillo-balen/Desktop/Projects/RiseBuild/ios/Pods/Headers/Public/React-timing\"\ \"/Users/antoniogrillo-balen/Desktop/Projects/RiseBuild/ios/Pods/Headers/Public/boost\"\ \"/Users/antoniogrillo-balen/Desktop/Projects/RiseBuild/ios/Pods/Headers/Public/fast_float\"\ \"/Users/antoniogrillo-balen/Desktop/Projects/RiseBuild/ios/Pods/Headers/Public/hermes-engine\"\ \"/Users/antoniogrillo-balen/Desktop/Projects/RiseBuild/ios/Pods/../../node_modules/react-native/ReactCommon/react/nativemodule/dom/../../..\"\ \"/Users/antoniogrillo-balen/Desktop/Projects/RiseBuild/ios/Pods/boost\"\ \"/Users/antoniogrillo-balen/Desktop/Projects/RiseBuild/ios/Pods/Headers/Private/Yoga\"\ \"/Users/antoniogrillo-balen/Desktop/Projects/RiseBuild/ios/Pods/DoubleConversion\"\ \"/Users/antoniogrillo-balen/Desktop/Projects/RiseBuild/ios/Pods/fast_float/include\"\ \"/Users/antoniogrillo-balen/Desktop/Projects/RiseBuild/ios/Pods/fmt/include\"\ \"/Users/antoniogrillo-balen/Library/Developer/Xcode/DerivedData/risebysolis-gzfsziqwziaggpcbgdowmssiasmi/Build/Products/Debug-iphonesimulator/React-graphics/React_graphics.framework/Headers\"\ \"/Users/antoniogrillo-balen/Library/Developer/Xcode/DerivedData/risebysolis-gzfsziqwziaggpcbgdowmssiasmi/Build/Products/Debug-iphonesimulator/React-graphics/React_graphics.framework/Headers/react/renderer/graphics/platform/ios\"\ \"/Users/antoniogrillo-balen/Library/Developer/Xcode/DerivedData/risebysolis-gzfsziqwziaggpcbgdowmssiasmi/Build/Products/Debug-iphonesimulator/React-Fabric/React_Fabric.framework/Headers\"\ \"/Users/antoniogrillo-balen/Library/Developer/Xcode/DerivedData/risebysolis-gzfsziqwziaggpcbgdowmssiasmi/Build/Products/Debug-iphonesimulator/React-Fabric/React_Fabric.framework/Headers/react/renderer/components/view/platform/cxx\"\ \"/Users/antoniogrillo-balen/Library/Developer/Xcode/DerivedData/risebysolis-gzfsziqwziaggpcbgdowmssiasmi/Build/Products/Debug-iphonesimulator/React-FabricImage/React_FabricImage.framework/Headers\"\ \"/Users/antoniogrillo-balen/Library/Developer/Xcode/DerivedData/risebysolis-gzfsziqwziaggpcbgdowmssiasmi/Build/Products/Debug-iphonesimulator/ReactCommon/ReactCommon.framework/Headers\"\ \"/Users/antoniogrillo-balen/Library/Developer/Xcode/DerivedData/risebysolis-gzfsziqwziaggpcbgdowmssiasmi/Build/Products/Debug-iphonesimulator/ReactCommon/ReactCommon.framework/Headers/react/nativemodule/core\"\ \"/Users/antoniogrillo-balen/Library/Developer/Xcode/DerivedData/risebysolis-gzfsziqwziaggpcbgdowmssiasmi/Build/Products/Debug-iphonesimulator/React-NativeModulesApple/React_NativeModulesApple.framework/Headers\"\ \"/Users/antoniogrillo-balen/Library/Developer/Xcode/DerivedData/risebysolis-gzfsziqwziaggpcbgdowmssiasmi/Build/Products/Debug-iphonesimulator/React-RCTFabric/RCTFabric.framework/Headers\"\ \"/Users/antoniogrillo-balen/Library/Developer/Xcode/DerivedData/risebysolis-gzfsziqwziaggpcbgdowmssiasmi/Build/Products/Debug-iphonesimulator/React-utils/React_utils.framework/Headers\"\ \"/Users/antoniogrillo-balen/Library/Developer/Xcode/DerivedData/risebysolis-gzfsziqwziaggpcbgdowmssiasmi/Build/Products/Debug-iphonesimulator/React-featureflags/React_featureflags.framework/Headers\"\ \"/Users/antoniogrillo-balen/Library/Developer/Xcode/DerivedData/risebysolis-gzfsziqwziaggpcbgdowmssiasmi/Build/Products/Debug-iphonesimulator/React-debug/React_debug.framework/Headers\"\ \"/Users/antoniogrillo-balen/Library/Developer/Xcode/DerivedData/risebysolis-gzfsziqwziaggpcbgdowmssiasmi/Build/Products/Debug-iphonesimulator/React-ImageManager/React_ImageManager.framework/Headers\"\ \"/Users/antoniogrillo-balen/Library/Developer/Xcode/DerivedData/risebysolis-gzfsziqwziaggpcbgdowmssiasmi/Build/Products/Debug-iphonesimulator/React-rendererdebug/React_rendererdebug.framework/Headers\"\ \"/Users/antoniogrillo-balen/Desktop/Projects/RiseBuild/ios/Pods/RCT-Folly\"\ \"/Users/antoniogrillo-balen/Desktop/Projects/RiseBuild/ios/Pods/DoubleConversion\"\ \"/Users/antoniogrillo-balen/Desktop/Projects/RiseBuild/ios/Pods/fast_float/include\"\ \"/Users/antoniogrillo-balen/Desktop/Projects/RiseBuild/ios/Pods/fmt/include\"\ \"/Users/antoniogrillo-balen/Desktop/Projects/RiseBuild/ios/Pods/boost\"\ \"/Users/antoniogrillo-balen/Library/Developer/Xcode/DerivedData/risebysolis-gzfsziqwziaggpcbgdowmssiasmi/Build/Products/Debug-iphonesimulator/ReactCodegen/ReactCodegen.framework/Headers\"\ \"/Users/antoniogrillo-balen/Library/Developer/Xcode/DerivedData/risebysolis-gzfsziqwziaggpcbgdowmssiasmi/Build/Products/Debug-iphonesimulator/ReactCommon/ReactCommon.framework/Headers\"\ \"/Users/antoniogrillo-balen/Library/Developer/Xcode/DerivedData/risebysolis-gzfsziqwziaggpcbgdowmssiasmi/Build/Products/Debug-iphonesimulator/ReactCommon/ReactCommon.framework/Headers/react/nativemodule/core\"\ \"/Users/antoniogrillo-balen/Library/Developer/Xcode/DerivedData/risebysolis-gzfsziqwziaggpcbgdowmssiasmi/Build/Products/Debug-iphonesimulator/React-RCTFabric/RCTFabric.framework/Headers\"\ \"/Users/antoniogrillo-balen/Library/Developer/Xcode/DerivedData/risebysolis-gzfsziqwziaggpcbgdowmssiasmi/Build/Products/Debug-iphonesimulator/React-Fabric/React_Fabric.framework/Headers\"\ \"/Users/antoniogrillo-balen/Library/Developer/Xcode/DerivedData/risebysolis-gzfsziqwziaggpcbgdowmssiasmi/Build/Products/Debug-iphonesimulator/React-Fabric/React_Fabric.framework/Headers/react/renderer/components/view/platform/cxx\"\ \"/Users/antoniogrillo-balen/Library/Developer/Xcode/DerivedData/risebysolis-gzfsziqwziaggpcbgdowmssiasmi/Build/Products/Debug-iphonesimulator/React-FabricImage/React_FabricImage.framework/Headers\"\ \"/Users/antoniogrillo-balen/Library/Developer/Xcode/DerivedData/risebysolis-gzfsziqwziaggpcbgdowmssiasmi/Build/Products/Debug-iphonesimulator/React-Graphics/React_graphics.framework/Headers\"\ \"/Users/antoniogrillo-balen/Library/Developer/Xcode/DerivedData/risebysolis-gzfsziqwziaggpcbgdowmssiasmi/Build/Products/Debug-iphonesimulator/React-Graphics/React_graphics.framework/Headers/react/renderer/graphics/platform/ios\"\ \"/Users/antoniogrillo-balen/Library/Developer/Xcode/DerivedData/risebysolis-gzfsziqwziaggpcbgdowmssiasmi/Build/Products/Debug-iphonesimulator/React-Fabric/React_Fabric.framework/Headers/react/renderer/imagemanager/platform/ios\"
    export HOME\=/Users/antoniogrillo-balen
    export HOST_ARCH\=arm64
    export HOST_PLATFORM\=macosx
    export ICONV\=/usr/bin/iconv
    export IMPLICIT_DEPENDENCY_DOMAIN\=default
    export INDEX_STORE_COMPRESS\=NO
    export INDEX_STORE_ONLY_PROJECT_FILES\=NO
    export INFOPLIST_ENABLE_CFBUNDLEICONS_MERGE\=YES
    export INFOPLIST_EXPAND_BUILD_SETTINGS\=YES
    export INFOPLIST_FILE\=Target\ Support\ Files/React-domnativemodule/React-domnativemodule-Info.plist
    export INFOPLIST_OUTPUT_FORMAT\=binary
    export INFOPLIST_PATH\=React_domnativemodule.framework/Info.plist
    export INFOPLIST_PREPROCESS\=NO
    export INFOSTRINGS_PATH\=React_domnativemodule.framework/en.lproj/InfoPlist.strings
    export INLINE_PRIVATE_FRAMEWORKS\=NO
    export INSTALLAPI_IGNORE_SKIP_INSTALL\=YES
    export INSTALLHDRS_COPY_PHASE\=NO
    export INSTALLHDRS_SCRIPT_PHASE\=NO
    export INSTALL_DIR\=/tmp/Pods.dst/Library/Frameworks
    export INSTALL_GROUP\=staff
    export INSTALL_MODE_FLAG\=u+w,go-w,a+rX
    export INSTALL_OWNER\=antoniogrillo-balen
    export INSTALL_PATH\=/Library/Frameworks
    export INSTALL_ROOT\=/tmp/Pods.dst
    export IPHONEOS_DEPLOYMENT_TARGET\=15.1
    export IS_UNOPTIMIZED_BUILD\=YES
    export JAVAC_DEFAULT_FLAGS\=-J-Xms64m\ -J-XX:NewSize\=4M\ -J-Dfile.encoding\=UTF8
    export JAVA_APP_STUB\=/System/Library/Frameworks/JavaVM.framework/Resources/MacOS/JavaApplicationStub
    export JAVA_ARCHIVE_CLASSES\=YES
    export JAVA_ARCHIVE_TYPE\=JAR
    export JAVA_COMPILER\=/usr/bin/javac
    export JAVA_FOLDER_PATH\=React_domnativemodule.framework/Java
    export JAVA_FRAMEWORK_RESOURCES_DIRS\=Resources
    export JAVA_JAR_FLAGS\=cv
    export JAVA_SOURCE_SUBDIR\=.
    export JAVA_USE_DEPENDENCIES\=YES
    export JAVA_ZIP_FLAGS\=-urg
    export JIKES_DEFAULT_FLAGS\=+E\ +OLDCSO
    export KEEP_PRIVATE_EXTERNS\=NO
    export LD_DEPENDENCY_INFO_FILE\=/Users/antoniogrillo-balen/Library/Developer/Xcode/DerivedData/risebysolis-gzfsziqwziaggpcbgdowmssiasmi/Build/Intermediates.noindex/Pods.build/Debug-iphonesimulator/React-domnativemodule.build/Objects-normal/undefined_arch/React_domnativemodule_dependency_info.dat
    export LD_DYLIB_INSTALL_NAME\=@rpath/React_domnativemodule.framework/React_domnativemodule
    export LD_EXPORT_SYMBOLS\=YES
    export LD_GENERATE_MAP_FILE\=NO
    export LD_MAP_FILE_PATH\=/Users/antoniogrillo-balen/Library/Developer/Xcode/DerivedData/risebysolis-gzfsziqwziaggpcbgdowmssiasmi/Build/Intermediates.noindex/Pods.build/Debug-iphonesimulator/React-domnativemodule.build/React_domnativemodule-LinkMap-normal-undefined_arch.txt
    export LD_NO_PIE\=NO
    export LD_QUOTE_LINKER_ARGUMENTS_FOR_COMPILER_DRIVER\=YES
    export LD_RUNPATH_SEARCH_PATHS\=\ @executable_path/Frameworks\ @loader_path/Frameworks
    export LD_SHARED_CACHE_ELIGIBLE\=Automatic
    export LD_WARN_DUPLICATE_LIBRARIES\=NO
    export LD_WARN_UNUSED_DYLIBS\=NO
    export LEGACY_DEVELOPER_DIR\=/Applications/Xcode.app/Contents/PlugIns/Xcode3Core.ideplugin/Contents/SharedSupport/Developer
    export LEX\=lex
    export LIBRARY_DEXT_INSTALL_PATH\=/Library/DriverExtensions
    export LIBRARY_FLAG_NOSPACE\=YES
    export LIBRARY_FLAG_PREFIX\=-l
    export LIBRARY_KEXT_INSTALL_PATH\=/Library/Extensions
    export LIBRARY_SEARCH_PATHS\=/Users/antoniogrillo-balen/Library/Developer/Xcode/DerivedData/risebysolis-gzfsziqwziaggpcbgdowmssiasmi/Build/Products/Debug-iphonesimulator/React-domnativemodule\ 
    export LINKER_DISPLAYS_MANGLED_NAMES\=NO
    export LINK_FILE_LIST_normal_arm64\=/Users/antoniogrillo-balen/Library/Developer/Xcode/DerivedData/risebysolis-gzfsziqwziaggpcbgdowmssiasmi/Build/Intermediates.noindex/Pods.build/Debug-iphonesimulator/React-domnativemodule.build/Objects-normal/arm64/React_domnativemodule.LinkFileList
    export LINK_OBJC_RUNTIME\=YES
    export LINK_WITH_STANDARD_LIBRARIES\=YES
    export LLVM_TARGET_TRIPLE_OS_VERSION\=ios15.1
    export LLVM_TARGET_TRIPLE_SUFFIX\=-simulator
    export LLVM_TARGET_TRIPLE_VENDOR\=apple
    export LM_AUX_CONST_METADATA_LIST_PATH_normal_arm64\=/Users/antoniogrillo-balen/Library/Developer/Xcode/DerivedData/risebysolis-gzfsziqwziaggpcbgdowmssiasmi/Build/Intermediates.noindex/Pods.build/Debug-iphonesimulator/React-domnativemodule.build/Objects-normal/arm64/React_domnativemodule.SwiftConstValuesFileList
    export LOCALIZATION_EXPORT_SUPPORTED\=YES
    export LOCALIZATION_PREFERS_STRING_CATALOGS\=NO
    export LOCALIZED_RESOURCES_FOLDER_PATH\=React_domnativemodule.framework/en.lproj
    export LOCALIZED_STRING_CODE_COMMENTS\=NO
    export LOCALIZED_STRING_MACRO_NAMES\=NSLocalizedString\ CFCopyLocalizedString
    export LOCALIZED_STRING_SWIFTUI_SUPPORT\=YES
    export LOCAL_ADMIN_APPS_DIR\=/Applications/Utilities
    export LOCAL_APPS_DIR\=/Applications
    export LOCAL_DEVELOPER_DIR\=/Library/Developer
    export LOCAL_LIBRARY_DIR\=/Library
    export LOCROOT\=/Users/antoniogrillo-balen/Desktop/Projects/RiseBuild/ios/Pods
    export LOCSYMROOT\=/Users/antoniogrillo-balen/Desktop/Projects/RiseBuild/ios/Pods
    export MACH_O_TYPE\=staticlib
    export MAC_OS_X_PRODUCT_BUILD_VERSION\=25E253
    export MAC_OS_X_VERSION_ACTUAL\=260401
    export MAC_OS_X_VERSION_MAJOR\=260000
    export MAC_OS_X_VERSION_MINOR\=260400
    export MAKE_MERGEABLE\=NO
    export MERGEABLE_LIBRARY\=NO
    export MERGED_BINARY_TYPE\=none
    export MERGE_LINKED_LIBRARIES\=NO
    export METAL_LIBRARY_FILE_BASE\=default
    export METAL_LIBRARY_OUTPUT_DIR\=/Users/antoniogrillo-balen/Library/Developer/Xcode/DerivedData/risebysolis-gzfsziqwziaggpcbgdowmssiasmi/Build/Products/Debug-iphonesimulator/React-domnativemodule/React_domnativemodule.framework
    export MODULEMAP_FILE\=Target\ Support\ Files/React-domnativemodule/React-domnativemodule.modulemap
    export MODULES_FOLDER_PATH\=React_domnativemodule.framework/Modules
    export MODULE_CACHE_DIR\=/Users/antoniogrillo-balen/Library/Developer/Xcode/DerivedData/ModuleCache.noindex
    export MTL_ENABLE_DEBUG_INFO\=INCLUDE_SOURCE
    export MTL_FAST_MATH\=YES
    export NATIVE_ARCH\=arm64
    export NATIVE_ARCH_32_BIT\=arm
    export NATIVE_ARCH_64_BIT\=arm64
    export NATIVE_ARCH_ACTUAL\=arm64
    export NO_COMMON\=YES
    export OBJC_ABI_VERSION\=2
    export OBJECT_FILE_DIR\=/Users/antoniogrillo-balen/Library/Developer/Xcode/DerivedData/risebysolis-gzfsziqwziaggpcbgdowmssiasmi/Build/Intermediates.noindex/Pods.build/Debug-iphonesimulator/React-domnativemodule.build/Objects
    export OBJECT_FILE_DIR_normal\=/Users/antoniogrillo-balen/Library/Developer/Xcode/DerivedData/risebysolis-gzfsziqwziaggpcbgdowmssiasmi/Build/Intermediates.noindex/Pods.build/Debug-iphonesimulator/React-domnativemodule.build/Objects-normal
    export OBJROOT\=/Users/antoniogrillo-balen/Library/Developer/Xcode/DerivedData/risebysolis-gzfsziqwziaggpcbgdowmssiasmi/Build/Intermediates.noindex
    export ONLY_ACTIVE_ARCH\=YES
    export OS\=MACOS
    export OSAC\=/usr/bin/osacompile
    export OTHER_CPLUSPLUSFLAGS\=\ -DFOLLY_NO_CONFIG\ -DFOLLY_MOBILE\=1\ -DFOLLY_USE_LIBCPP\=1\ -DFOLLY_CFG_NO_COROUTINES\=1\ -DFOLLY_HAVE_CLOCK_GETTIME\=1\ -Wno-comma\ -Wno-shorten-64-to-32
    export OTHER_LDFLAGS\=\ \ 
    export PACKAGE_TYPE\=com.apple.package-type.wrapper.framework
    export PASCAL_STRINGS\=YES
    export PATH\=/Applications/Xcode.app/Contents/SharedFrameworks/SwiftBuild.framework/Versions/A/PlugIns/SWBBuildService.bundle/Contents/PlugIns/SWBUniversalPlatformPlugin.bundle/Contents/Frameworks/SWBUniversalPlatform.framework/Resources:/Applications/Xcode.app/Contents/Developer/Toolchains/XcodeDefault.xctoolchain/usr/bin:/Applications/Xcode.app/Contents/Developer/Toolchains/XcodeDefault.xctoolchain/usr/local/bin:/Applications/Xcode.app/Contents/Developer/Toolchains/XcodeDefault.xctoolchain/usr/libexec:/Applications/Xcode.app/Contents/Developer/Platforms/iPhoneSimulator.platform/usr/bin:/Applications/Xcode.app/Contents/Developer/Platforms/iPhoneSimulator.platform/usr/local/bin:/Applications/Xcode.app/Contents/Developer/Platforms/iPhoneSimulator.platform/Developer/usr/bin:/Applications/Xcode.app/Contents/Developer/Platforms/iPhoneSimulator.platform/Developer/usr/local/bin:/Applications/Xcode.app/Contents/Developer/usr/bin:/Applications/Xcode.app/Contents/Developer/usr/local/bin:/opt/homebrew/opt/ruby/bin:/opt/homebrew/lib/ruby/gems/4.0.0/bin:/opt/homebrew/bin:/opt/homebrew/sbin:/Users/antoniogrillo-balen/.nvm/versions/node/v24.14.1/bin:/Library/Frameworks/Python.framework/Versions/3.14/bin:/usr/local/bin:/System/Cryptexes/App/usr/bin:/usr/bin:/bin:/usr/sbin:/sbin:/var/run/com.apple.security.cryptexd/codex.system/bootstrap/usr/local/bin:/var/run/com.apple.security.cryptexd/codex.system/bootstrap/usr/bin:/var/run/com.apple.security.cryptexd/codex.system/bootstrap/usr/appleinternal/bin:/opt/pkg/env/active/bin:/opt/pmk/env/global/bin:/Library/Apple/usr/bin:/Applications/VMware\ Fusion.app/Contents/Public:/Users/antoniogrillo-balen/.cargo/bin:/Users/antoniogrillo-balen/.cache/plugins/.install-staging/25283474a0e0d4a060cb0e915c1ec54e3d41ef2e/cursor/repo/bin:/Users/antoniogrillo-balen/.claude/plugins/cache/claude-plugins-official/superpowers/5.1.0/bin:/Users/antoniogrillo-balen/.claude/plugins/cache/claude-plugins-official/frontend-design/unknown/bin:/Users/antoniogrillo-balen/.claude/plugins/cache/claude-plugins-official/code-simplifier/1.0.0/bin:/Users/antoniogrillo-balen/.claude/plugins/cache/claude-plugins-official/security-guidance/unknown/bin:/Users/antoniogrillo-balen/.claude/plugins/cache/thedotmack/claude-mem/12.1.1/bin
    export PATH_PREFIXES_EXCLUDED_FROM_HEADER_DEPENDENCIES\=/usr/include\ /usr/local/include\ /System/Library/Frameworks\ /System/Library/PrivateFrameworks\ /Applications/Xcode.app/Contents/Developer/Headers\ /Applications/Xcode.app/Contents/Developer/SDKs\ /Applications/Xcode.app/Contents/Developer/Platforms
    export PBDEVELOPMENTPLIST_PATH\=React_domnativemodule.framework/pbdevelopment.plist
    export PER_ARCH_MODULE_FILE_DIR\=/Users/antoniogrillo-balen/Library/Developer/Xcode/DerivedData/risebysolis-gzfsziqwziaggpcbgdowmssiasmi/Build/Intermediates.noindex/Pods.build/Debug-iphonesimulator/React-domnativemodule.build/Objects-normal/undefined_arch
    export PER_ARCH_OBJECT_FILE_DIR\=/Users/antoniogrillo-balen/Library/Developer/Xcode/DerivedData/risebysolis-gzfsziqwziaggpcbgdowmssiasmi/Build/Intermediates.noindex/Pods.build/Debug-iphonesimulator/React-domnativemodule.build/Objects-normal/undefined_arch
    export PER_VARIANT_OBJECT_FILE_DIR\=/Users/antoniogrillo-balen/Library/Developer/Xcode/DerivedData/risebysolis-gzfsziqwziaggpcbgdowmssiasmi/Build/Intermediates.noindex/Pods.build/Debug-iphonesimulator/React-domnativemodule.build/Objects-normal
    export PKGINFO_FILE_PATH\=/Users/antoniogrillo-balen/Library/Developer/Xcode/DerivedData/risebysolis-gzfsziqwziaggpcbgdowmssiasmi/Build/Intermediates.noindex/Pods.build/Debug-iphonesimulator/React-domnativemodule.build/PkgInfo
    export PKGINFO_PATH\=React_domnativemodule.framework/PkgInfo
    export PLATFORM_DEVELOPER_APPLICATIONS_DIR\=/Applications/Xcode.app/Contents/Developer/Platforms/iPhoneSimulator.platform/Developer/Applications
    export PLATFORM_DEVELOPER_BIN_DIR\=/Applications/Xcode.app/Contents/Developer/Platforms/iPhoneSimulator.platform/Developer/usr/bin
    export PLATFORM_DEVELOPER_LIBRARY_DIR\=/Applications/Xcode.app/Contents/Developer/Platforms/iPhoneSimulator.platform/Developer/Library
    export PLATFORM_DEVELOPER_SDK_DIR\=/Applications/Xcode.app/Contents/Developer/Platforms/iPhoneSimulator.platform/Developer/SDKs
    export PLATFORM_DEVELOPER_TOOLS_DIR\=/Applications/Xcode.app/Contents/Developer/Platforms/iPhoneSimulator.platform/Developer/Tools
    export PLATFORM_DEVELOPER_USR_DIR\=/Applications/Xcode.app/Contents/Developer/Platforms/iPhoneSimulator.platform/Developer/usr
    export PLATFORM_DIR\=/Applications/Xcode.app/Contents/Developer/Platforms/iPhoneSimulator.platform
    export PLATFORM_DISPLAY_NAME\=iOS\ Simulator
    export PLATFORM_FAMILY_NAME\=iOS
    export PLATFORM_NAME\=iphonesimulator
    export PLATFORM_PREFERRED_ARCH\=x86_64
    export PLATFORM_PRODUCT_BUILD_VERSION\=23F73
    export PLATFORM_REQUIRES_SWIFT_AUTOLINK_EXTRACT\=NO
    export PLATFORM_REQUIRES_SWIFT_MODULEWRAP\=NO
    export PLATFORM_USES_DSYMS\=YES
    export PLIST_FILE_OUTPUT_FORMAT\=binary
    export PLUGINS_FOLDER_PATH\=React_domnativemodule.framework/PlugIns
    export PODS_BUILD_DIR\=/Users/antoniogrillo-balen/Library/Developer/Xcode/DerivedData/risebysolis-gzfsziqwziaggpcbgdowmssiasmi/Build/Products
    export PODS_CONFIGURATION_BUILD_DIR\=/Users/antoniogrillo-balen/Library/Developer/Xcode/DerivedData/risebysolis-gzfsziqwziaggpcbgdowmssiasmi/Build/Products/Debug-iphonesimulator
    export PODS_DEVELOPMENT_LANGUAGE\=en
    export PODS_ROOT\=/Users/antoniogrillo-balen/Desktop/Projects/RiseBuild/ios/Pods
    export PODS_TARGET_SRCROOT\=/Users/antoniogrillo-balen/Desktop/Projects/RiseBuild/ios/Pods/../../node_modules/react-native/ReactCommon/react/nativemodule/dom
    export PODS_XCFRAMEWORKS_BUILD_DIR\=/Users/antoniogrillo-balen/Library/Developer/Xcode/DerivedData/risebysolis-gzfsziqwziaggpcbgdowmssiasmi/Build/Products/Debug-iphonesimulator/XCFrameworkIntermediates
    export PRECOMPS_INCLUDE_HEADERS_FROM_BUILT_PRODUCTS_DIR\=YES
    export PRECOMP_DESTINATION_DIR\=/Users/antoniogrillo-balen/Library/Developer/Xcode/DerivedData/risebysolis-gzfsziqwziaggpcbgdowmssiasmi/Build/Intermediates.noindex/Pods.build/Debug-iphonesimulator/React-domnativemodule.build/PrefixHeaders
    export PRIVATE_HEADERS_FOLDER_PATH\=React_domnativemodule.framework/PrivateHeaders
    export PROCESSED_INFOPLIST_PATH\=/Users/antoniogrillo-balen/Library/Developer/Xcode/DerivedData/risebysolis-gzfsziqwziaggpcbgdowmssiasmi/Build/Intermediates.noindex/Pods.build/Debug-iphonesimulator/React-domnativemodule.build/Objects-normal/undefined_arch/Processed-Info.plist
    export PRODUCT_BUNDLE_IDENTIFIER\=org.cocoapods.React-domnativemodule
    export PRODUCT_BUNDLE_PACKAGE_TYPE\=FMWK
    export PRODUCT_MODULE_NAME\=React_domnativemodule
    export PRODUCT_NAME\=React_domnativemodule
    export PRODUCT_SETTINGS_PATH\=/Users/antoniogrillo-balen/Desktop/Projects/RiseBuild/ios/Pods/Target\ Support\ Files/React-domnativemodule/React-domnativemodule-Info.plist
    export PRODUCT_TYPE\=com.apple.product-type.framework
    export PROFILING_CODE\=NO
    export PROJECT\=Pods
    export PROJECT_DERIVED_FILE_DIR\=/Users/antoniogrillo-balen/Library/Developer/Xcode/DerivedData/risebysolis-gzfsziqwziaggpcbgdowmssiasmi/Build/Intermediates.noindex/Pods.build/DerivedSources
    export PROJECT_DIR\=/Users/antoniogrillo-balen/Desktop/Projects/RiseBuild/ios/Pods
    export PROJECT_FILE_PATH\=/Users/antoniogrillo-balen/Desktop/Projects/RiseBuild/ios/Pods/Pods.xcodeproj
    export PROJECT_GUID\=8699adb1dd336b26511df848a716bd42
    export PROJECT_NAME\=Pods
    export PROJECT_TEMP_DIR\=/Users/antoniogrillo-balen/Library/Developer/Xcode/DerivedData/risebysolis-gzfsziqwziaggpcbgdowmssiasmi/Build/Intermediates.noindex/Pods.build
    export PROJECT_TEMP_ROOT\=/Users/antoniogrillo-balen/Library/Developer/Xcode/DerivedData/risebysolis-gzfsziqwziaggpcbgdowmssiasmi/Build/Intermediates.noindex
    export PUBLIC_HEADERS_FOLDER_PATH\=React_domnativemodule.framework/Headers
    export REACT_NATIVE_PATH\=/Users/antoniogrillo-balen/Desktop/Projects/RiseBuild/ios/Pods/../../node_modules/react-native
    export RECOMMENDED_IPHONEOS_DEPLOYMENT_TARGET\=15.0
    export RECURSIVE_SEARCH_PATHS_FOLLOW_SYMLINKS\=YES
    export REMOVE_CVS_FROM_RESOURCES\=YES
    export REMOVE_GIT_FROM_RESOURCES\=YES
    export REMOVE_HEADERS_FROM_EMBEDDED_BUNDLES\=YES
    export REMOVE_HG_FROM_RESOURCES\=YES
    export REMOVE_STATIC_EXECUTABLES_FROM_EMBEDDED_BUNDLES\=YES
    export REMOVE_SVN_FROM_RESOURCES\=YES
    export RESCHEDULE_INDEPENDENT_HEADERS_PHASES\=YES
    export REZ_COLLECTOR_DIR\=/Users/antoniogrillo-balen/Library/Developer/Xcode/DerivedData/risebysolis-gzfsziqwziaggpcbgdowmssiasmi/Build/Intermediates.noindex/Pods.build/Debug-iphonesimulator/React-domnativemodule.build/ResourceManagerResources
    export REZ_OBJECTS_DIR\=/Users/antoniogrillo-balen/Library/Developer/Xcode/DerivedData/risebysolis-gzfsziqwziaggpcbgdowmssiasmi/Build/Intermediates.noindex/Pods.build/Debug-iphonesimulator/React-domnativemodule.build/ResourceManagerResources/Objects
    export REZ_SEARCH_PATHS\=/Users/antoniogrillo-balen/Library/Developer/Xcode/DerivedData/risebysolis-gzfsziqwziaggpcbgdowmssiasmi/Build/Products/Debug-iphonesimulator/React-domnativemodule\ 
    export RPATH_ORIGIN\=@loader_path
    export RUNTIME_EXCEPTION_ALLOW_DYLD_ENVIRONMENT_VARIABLES\=NO
    export RUNTIME_EXCEPTION_ALLOW_JIT\=NO
    export RUNTIME_EXCEPTION_ALLOW_UNSIGNED_EXECUTABLE_MEMORY\=NO
    export RUNTIME_EXCEPTION_DEBUGGING_TOOL\=NO
    export RUNTIME_EXCEPTION_DISABLE_EXECUTABLE_PAGE_PROTECTION\=NO
    export RUNTIME_EXCEPTION_DISABLE_LIBRARY_VALIDATION\=NO
    export SCANNING_PCM_KEEP_CACHE_DIRECTORY\=YES
    export SCAN_ALL_SOURCE_FILES_FOR_INCLUDES\=NO
    export SCRIPTS_FOLDER_PATH\=React_domnativemodule.framework/Scripts
    export SCRIPT_INPUT_FILE_COUNT\=0
    export SCRIPT_INPUT_FILE_LIST_COUNT\=0
    export SCRIPT_OUTPUT_FILE_COUNT\=0
    export SCRIPT_OUTPUT_FILE_LIST_COUNT\=0
    export SDKROOT\=/Applications/Xcode.app/Contents/Developer/Platforms/iPhoneSimulator.platform/Developer/SDKs/iPhoneSimulator26.5.sdk
    export SDK_DIR\=/Applications/Xcode.app/Contents/Developer/Platforms/iPhoneSimulator.platform/Developer/SDKs/iPhoneSimulator26.5.sdk
    export SDK_DIR_iphonesimulator\=/Applications/Xcode.app/Contents/Developer/Platforms/iPhoneSimulator.platform/Developer/SDKs/iPhoneSimulator26.5.sdk
    export SDK_DIR_iphonesimulator26_5\=/Applications/Xcode.app/Contents/Developer/Platforms/iPhoneSimulator.platform/Developer/SDKs/iPhoneSimulator26.5.sdk
    export SDK_NAME\=iphonesimulator26.5
    export SDK_NAMES\=iphonesimulator26.5
    export SDK_PRODUCT_BUILD_VERSION\=23F73
    export SDK_STAT_CACHE_DIR\=/Users/antoniogrillo-balen/Library/Developer/Xcode/DerivedData
    export SDK_STAT_CACHE_ENABLE\=YES
    export SDK_STAT_CACHE_PATH\=/Users/antoniogrillo-balen/Library/Developer/Xcode/DerivedData/SDKStatCaches.noindex/iphonesimulator26.5-23F73-6cfe768891a92b912361537c460fe42b.sdkstatcache
    export SDK_VERSION\=26.5
    export SDK_VERSION_ACTUAL\=260500
    export SDK_VERSION_MAJOR\=260000
    export SDK_VERSION_MINOR\=260500
    export SED\=/usr/bin/sed
    export SEPARATE_STRIP\=NO
    export SEPARATE_SYMBOL_EDIT\=NO
    export SET_DIR_MODE_OWNER_GROUP\=YES
    export SET_FILE_MODE_OWNER_GROUP\=NO
    export SHALLOW_BUNDLE\=YES
    export SHALLOW_BUNDLE_TRIPLE\=ios-simulator
    export SHALLOW_BUNDLE_ios_macabi\=NO
    export SHALLOW_BUNDLE_macos\=NO
    export SHARED_DERIVED_FILE_DIR\=/Users/antoniogrillo-balen/Library/Developer/Xcode/DerivedData/risebysolis-gzfsziqwziaggpcbgdowmssiasmi/Build/Products/Debug-iphonesimulator/React-domnativemodule/DerivedSources
    export SHARED_FRAMEWORKS_FOLDER_PATH\=React_domnativemodule.framework/SharedFrameworks
    export SHARED_PRECOMPS_DIR\=/Users/antoniogrillo-balen/Library/Developer/Xcode/DerivedData/risebysolis-gzfsziqwziaggpcbgdowmssiasmi/Build/Intermediates.noindex/PrecompiledHeaders
    export SHARED_SUPPORT_FOLDER_PATH\=React_domnativemodule.framework
    export SKIP_INSTALL\=YES
    export SKIP_MERGEABLE_LIBRARY_BUNDLE_HOOK\=NO
    export SOURCE_ROOT\=/Users/antoniogrillo-balen/Desktop/Projects/RiseBuild/ios/Pods
    export SRCROOT\=/Users/antoniogrillo-balen/Desktop/Projects/RiseBuild/ios/Pods
    export STRINGSDATA_DIR\=/Users/antoniogrillo-balen/Library/Developer/Xcode/DerivedData/risebysolis-gzfsziqwziaggpcbgdowmssiasmi/Build/Intermediates.noindex/Pods.build/Debug-iphonesimulator/React-domnativemodule.build/Objects-normal/undefined_arch
    export STRINGSDATA_ROOT\=/Users/antoniogrillo-balen/Library/Developer/Xcode/DerivedData/risebysolis-gzfsziqwziaggpcbgdowmssiasmi/Build/Intermediates.noindex/Pods.build/Debug-iphonesimulator/React-domnativemodule.build
    export STRINGS_FILE_INFOPLIST_RENAME\=YES
    export STRINGS_FILE_OUTPUT_ENCODING\=binary
    export STRING_CATALOG_GENERATE_SYMBOLS\=NO
    export STRIP_BITCODE_FROM_COPIED_FILES\=NO
    export STRIP_INSTALLED_PRODUCT\=NO
    export STRIP_STYLE\=debugging
    export STRIP_SWIFT_SYMBOLS\=YES
    export SUPPORTED_DEVICE_FAMILIES\=1,2
    export SUPPORTED_PLATFORMS\=iphoneos\ iphonesimulator
    export SUPPORTS_TEXT_BASED_API\=NO
    export SUPPRESS_WARNINGS\=NO
    export SWIFT_ACTIVE_COMPILATION_CONDITIONS\=\ DEBUG\ 
    export SWIFT_EMIT_CONST_VALUE_PROTOCOLS\=AnyResolverProviding\ AppEntity\ AppEnum\ AppExtension\ AppIntent\ AppIntentsPackage\ AppShortcutProviding\ AppShortcutsProvider\ AppUnionValue\ AppUnionValueCasesProviding\ DynamicOptionsProvider\ EntityQuery\ ExtensionPointDefining\ IntentValueQuery\ Resolver\ TransientEntity\ _AssistantIntentsProvider\ _GenerativeFunctionExtractable\ _IntentValueRepresentable
    export SWIFT_EMIT_LOC_STRINGS\=NO
    export SWIFT_ENABLE_EXPLICIT_MODULES\=YES
    export SWIFT_INSTALL_MODULE_FOR_DEPLOYMENT\=YES
    export SWIFT_INSTALL_OBJC_HEADER\=YES
    export SWIFT_OPTIMIZATION_LEVEL\=-Onone
    export SWIFT_PLATFORM_TARGET_PREFIX\=ios
    export SWIFT_RESPONSE_FILE_PATH_normal_arm64\=/Users/antoniogrillo-balen/Library/Developer/Xcode/DerivedData/risebysolis-gzfsziqwziaggpcbgdowmssiasmi/Build/Intermediates.noindex/Pods.build/Debug-iphonesimulator/React-domnativemodule.build/Objects-normal/arm64/React_domnativemodule.SwiftFileList
    export SWIFT_VERSION\=5.0
    export SYMROOT\=/Users/antoniogrillo-balen/Library/Developer/Xcode/DerivedData/risebysolis-gzfsziqwziaggpcbgdowmssiasmi/Build/Products
    export SYSTEM_ADMIN_APPS_DIR\=/Applications/Utilities
    export SYSTEM_APPS_DIR\=/Applications
    export SYSTEM_CORE_SERVICES_DIR\=/System/Library/CoreServices
    export SYSTEM_DEMOS_DIR\=/Applications/Extras
    export SYSTEM_DEVELOPER_APPS_DIR\=/Applications/Xcode.app/Contents/Developer/Applications
    export SYSTEM_DEVELOPER_BIN_DIR\=/Applications/Xcode.app/Contents/Developer/usr/bin
    export SYSTEM_DEVELOPER_DEMOS_DIR\=/Applications/Xcode.app/Contents/Developer/Applications/Utilities/Built\ Examples
    export SYSTEM_DEVELOPER_DIR\=/Applications/Xcode.app/Contents/Developer
    export SYSTEM_DEVELOPER_DOC_DIR\=/Applications/Xcode.app/Contents/Developer/ADC\ Reference\ Library
    export SYSTEM_DEVELOPER_GRAPHICS_TOOLS_DIR\=/Applications/Xcode.app/Contents/Developer/Applications/Graphics\ Tools
    export SYSTEM_DEVELOPER_JAVA_TOOLS_DIR\=/Applications/Xcode.app/Contents/Developer/Applications/Java\ Tools
    export SYSTEM_DEVELOPER_PERFORMANCE_TOOLS_DIR\=/Applications/Xcode.app/Contents/Developer/Applications/Performance\ Tools
    export SYSTEM_DEVELOPER_RELEASENOTES_DIR\=/Applications/Xcode.app/Contents/Developer/ADC\ Reference\ Library/releasenotes
    export SYSTEM_DEVELOPER_TOOLS\=/Applications/Xcode.app/Contents/Developer/Tools
    export SYSTEM_DEVELOPER_TOOLS_DOC_DIR\=/Applications/Xcode.app/Contents/Developer/ADC\ Reference\ Library/documentation/DeveloperTools
    export SYSTEM_DEVELOPER_TOOLS_RELEASENOTES_DIR\=/Applications/Xcode.app/Contents/Developer/ADC\ Reference\ Library/releasenotes/DeveloperTools
    export SYSTEM_DEVELOPER_USR_DIR\=/Applications/Xcode.app/Contents/Developer/usr
    export SYSTEM_DEVELOPER_UTILITIES_DIR\=/Applications/Xcode.app/Contents/Developer/Applications/Utilities
    export SYSTEM_DEXT_INSTALL_PATH\=/System/Library/DriverExtensions
    export SYSTEM_DOCUMENTATION_DIR\=/Library/Documentation
    export SYSTEM_EXTENSIONS_FOLDER_PATH\=React_domnativemodule.framework/SystemExtensions
    export SYSTEM_EXTENSIONS_FOLDER_PATH_SHALLOW_BUNDLE_NO\=React_domnativemodule.framework/Library/SystemExtensions
    export SYSTEM_EXTENSIONS_FOLDER_PATH_SHALLOW_BUNDLE_YES\=React_domnativemodule.framework/SystemExtensions
    export SYSTEM_KEXT_INSTALL_PATH\=/System/Library/Extensions
    export SYSTEM_LIBRARY_DIR\=/System/Library
    export TAPI_DEMANGLE\=YES
    export TAPI_ENABLE_PROJECT_HEADERS\=NO
    export TAPI_LANGUAGE\=objective-c
    export TAPI_LANGUAGE_STANDARD\=compiler-default
    export TAPI_USE_SRCROOT\=YES
    export TAPI_VERIFY_MODE\=Pedantic
    export TARGETED_DEVICE_FAMILY\=1,2
    export TARGETNAME\=React-domnativemodule
    export TARGET_BUILD_DIR\=/Users/antoniogrillo-balen/Library/Developer/Xcode/DerivedData/risebysolis-gzfsziqwziaggpcbgdowmssiasmi/Build/Products/Debug-iphonesimulator/React-domnativemodule
    export TARGET_DEVICE_IDENTIFIER\=0C333F8A-4681-4475-855E-6FFD70F12533
    export TARGET_DEVICE_MODEL\=iPhone16,2
    export TARGET_DEVICE_OS_VERSION\=26.4.1
    export TARGET_DEVICE_PLATFORM_NAME\=iphonesimulator
    export TARGET_NAME\=React-domnativemodule
    export TARGET_TEMP_DIR\=/Users/antoniogrillo-balen/Library/Developer/Xcode/DerivedData/risebysolis-gzfsziqwziaggpcbgdowmssiasmi/Build/Intermediates.noindex/Pods.build/Debug-iphonesimulator/React-domnativemodule.build
    export TEMP_DIR\=/Users/antoniogrillo-balen/Library/Developer/Xcode/DerivedData/risebysolis-gzfsziqwziaggpcbgdowmssiasmi/Build/Intermediates.noindex/Pods.build/Debug-iphonesimulator/React-domnativemodule.build
    export TEMP_FILES_DIR\=/Users/antoniogrillo-balen/Library/Developer/Xcode/DerivedData/risebysolis-gzfsziqwziaggpcbgdowmssiasmi/Build/Intermediates.noindex/Pods.build/Debug-iphonesimulator/React-domnativemodule.build
    export TEMP_FILE_DIR\=/Users/antoniogrillo-balen/Library/Developer/Xcode/DerivedData/risebysolis-gzfsziqwziaggpcbgdowmssiasmi/Build/Intermediates.noindex/Pods.build/Debug-iphonesimulator/React-domnativemodule.build
    export TEMP_ROOT\=/Users/antoniogrillo-balen/Library/Developer/Xcode/DerivedData/risebysolis-gzfsziqwziaggpcbgdowmssiasmi/Build/Intermediates.noindex
    export TEMP_SANDBOX_DIR\=/Users/antoniogrillo-balen/Library/Developer/Xcode/DerivedData/risebysolis-gzfsziqwziaggpcbgdowmssiasmi/Build/Intermediates.noindex/TemporaryTaskSandboxes
    export TEST_FRAMEWORK_SEARCH_PATHS\=\ /Applications/Xcode.app/Contents/Developer/Platforms/iPhoneSimulator.platform/Developer/Library/Frameworks\ /Applications/Xcode.app/Contents/Developer/Platforms/iPhoneSimulator.platform/Developer/SDKs/iPhoneSimulator26.5.sdk/Developer/Library/Frameworks
    export TEST_LIBRARY_SEARCH_PATHS\=\ /Applications/Xcode.app/Contents/Developer/Platforms/iPhoneSimulator.platform/Developer/usr/lib
    export TOOLCHAINS\=com.apple.dt.toolchain.XcodeDefault
    export TOOLCHAIN_DIR\=/Applications/Xcode.app/Contents/Developer/Toolchains/XcodeDefault.xctoolchain
    export TREAT_MISSING_BASELINES_AS_TEST_FAILURES\=NO
    export TREAT_MISSING_SCRIPT_PHASE_OUTPUTS_AS_ERRORS\=NO
    export TeamIdentifierPrefix\=FAKETEAMID.
    export UID\=501
    export UNINSTALLED_PRODUCTS_DIR\=/Users/antoniogrillo-balen/Library/Developer/Xcode/DerivedData/risebysolis-gzfsziqwziaggpcbgdowmssiasmi/Build/Intermediates.noindex/UninstalledProducts
    export UNLOCALIZED_RESOURCES_FOLDER_PATH\=React_domnativemodule.framework
    export UNLOCALIZED_RESOURCES_FOLDER_PATH_SHALLOW_BUNDLE_NO\=React_domnativemodule.framework/Resources
    export UNLOCALIZED_RESOURCES_FOLDER_PATH_SHALLOW_BUNDLE_YES\=React_domnativemodule.framework
    export UNSTRIPPED_PRODUCT\=NO
    export USER\=antoniogrillo-balen
    export USER_APPS_DIR\=/Users/antoniogrillo-balen/Applications
    export USER_LIBRARY_DIR\=/Users/antoniogrillo-balen/Library
    export USE_DYNAMIC_NO_PIC\=YES
    export USE_HEADERMAP\=YES
    export USE_HEADER_SYMLINKS\=NO
    export USE_HERMES\=true
    export USE_RECURSIVE_SCRIPT_INPUTS_IN_SCRIPT_PHASES\=YES
    export VALIDATE_DEVELOPMENT_ASSET_PATHS\=YES_ERROR
    export VALIDATE_PRODUCT\=NO
    export VALID_ARCHS\=arm64\ x86_64
    export VERBOSE_PBXCP\=NO
    export VERSIONING_SYSTEM\=apple-generic
    export VERSIONPLIST_PATH\=React_domnativemodule.framework/version.plist
    export VERSIONS_FOLDER_PATH\=React_domnativemodule.framework
    export VERSIONS_FOLDER_PATH_SHALLOW_BUNDLE_NO\=React_domnativemodule.framework/Versions
    export VERSIONS_FOLDER_PATH_SHALLOW_BUNDLE_YES\=React_domnativemodule.framework
    export VERSION_INFO_BUILDER\=antoniogrillo-balen
    export VERSION_INFO_FILE\=React_domnativemodule_vers.c
    export VERSION_INFO_STRING\=\"@\(\#\)PROGRAM:React_domnativemodule\ \ PROJECT:Pods-1\"
    export WORKSPACE_DIR\=/Users/antoniogrillo-balen/Desktop/Projects/RiseBuild/ios
    export WRAPPER_EXTENSION\=framework
    export WRAPPER_NAME\=React_domnativemodule.framework
    export WRAPPER_SUFFIX\=.framework
    export WRAP_ASSET_PACKS_IN_SEPARATE_DIRECTORIES\=NO
    export XCODE_APP_SUPPORT_DIR\=/Applications/Xcode.app/Contents/Developer/Library/Xcode
    export XCODE_PRODUCT_BUILD_VERSION\=17F42
    export XCODE_VERSION_ACTUAL\=2650
    export XCODE_VERSION_MAJOR\=2600
    export XCODE_VERSION_MINOR\=2650
    export XPCSERVICES_FOLDER_PATH\=React_domnativemodule.framework/XPCServices
    export YACC\=yacc
    export _DISCOVER_COMMAND_LINE_LINKER_INPUTS\=YES
    export _DISCOVER_COMMAND_LINE_LINKER_INPUTS_INCLUDE_WL\=YES
    export _LD_MULTIARCH\=YES
    export _WRAPPER_CONTENTS_DIR_SHALLOW_BUNDLE_NO\=/Contents
    export _WRAPPER_PARENT_PATH_SHALLOW_BUNDLE_NO\=/..
    export _WRAPPER_RESOURCES_DIR_SHALLOW_BUNDLE_NO\=/Resources
    export __DIAGNOSE_DEPRECATED_ARCHS\=YES
    export __ORIGINAL_SDK_DEFINED_LLVM_TARGET_TRIPLE_SYS\=ios
    export arch\=undefined_arch
    export variant\=normal
    /bin/sh -c /Users/antoniogrillo-balen/Library/Developer/Xcode/DerivedData/risebysolis-gzfsziqwziaggpcbgdowmssiasmi/Build/Intermediates.noindex/Pods.build/Debug-iphonesimulator/React-domnativemodule.build/Script-46EB2E0002AA30.sh

warning: Run script build phase 'Create Symlinks to Header Folders' will be run during every build because it does not specify any outputs. To address this issue, either add output dependencies to the script phase, or configure it to run in every build by unchecking "Based on dependency analysis" in the script phase. (in target 'React-featureflagsnativemodule' from project 'Pods')
CompileC /Users/antoniogrillo-balen/Library/Developer/Xcode/DerivedData/risebysolis-gzfsziqwziaggpcbgdowmssiasmi/Build/Intermediates.noindex/Pods.build/Debug-iphonesimulator/React-featureflagsnativemodule.build/Objects-normal/arm64/NativeReactNativeFeatureFlags.o /Users/antoniogrillo-balen/Desktop/Projects/RiseBuild/node_modules/react-native/ReactCommon/react/nativemodule/featureflags/NativeReactNativeFeatureFlags.cpp normal arm64 c++ com.apple.compilers.llvm.clang.1_0.compiler (in target 'React-featureflagsnativemodule' from project 'Pods')
    cd /Users/antoniogrillo-balen/Desktop/Projects/RiseBuild/ios/Pods
    
    Using response file: /Users/antoniogrillo-balen/Library/Developer/Xcode/DerivedData/risebysolis-gzfsziqwziaggpcbgdowmssiasmi/Build/Intermediates.noindex/Pods.build/Debug-iphonesimulator/React-featureflagsnativemodule.build/Objects-normal/arm64/82b82416624d2658e5098eb0a28c15c5-common-args.resp
    
    /Applications/Xcode.app/Contents/Developer/Toolchains/XcodeDefault.xctoolchain/usr/bin/clang -x c++ -ivfsstatcache /Users/antoniogrillo-balen/Library/Developer/Xcode/DerivedData/SDKStatCaches.noindex/iphonesimulator26.5-23F73-6cfe768891a92b912361537c460fe42b.sdkstatcache -target arm64-apple-ios15.1-simulator -fmessage-length\=0 -fdiagnostics-show-note-include-stack -fmacro-backtrace-limit\=0 -fno-color-diagnostics -fmodules-prune-interval\=86400 -fmodules-prune-after\=345600 -fbuild-session-file\=/Users/antoniogrillo-balen/Library/Developer/Xcode/DerivedData/ModuleCache.noindex/Session.modulevalidation -fmodules-validate-once-per-build-session -Wnon-modular-include-in-framework-module -Werror\=non-modular-include-in-framework-module -Wno-trigraphs -Wno-missing-field-initializers -Wno-missing-prototypes -Werror\=return-type -Wdocumentation -Wunreachable-code -Werror\=deprecated-objc-isa-usage -Werror\=objc-root-class -Wno-non-virtual-dtor -Wno-overloaded-virtual -Wno-exit-time-destructors -Wno-missing-braces -Wparentheses -Wswitch -Wunused-function -Wno-unused-label -Wno-unused-parameter -Wunused-variable -Wunused-value -Wempty-body -Wuninitialized -Wconditional-uninitialized -Wno-unknown-pragmas -Wno-shadow -Wno-four-char-constants -Wno-conversion -Wconstant-conversion -Wint-conversion -Wbool-conversion -Wenum-conversion -Wno-float-conversion -Wnon-literal-null-conversion -Wobjc-literal-conversion -Wshorten-64-to-32 -Wno-newline-eof -Wno-c++11-extensions -Wno-implicit-fallthrough -isysroot /Applications/Xcode.app/Contents/Developer/Platforms/iPhoneSimulator.platform/Developer/SDKs/iPhoneSimulator26.5.sdk -fstrict-aliasing -Wdeprecated-declarations -Winvalid-offsetof -Wno-sign-conversion -Winfinite-recursion -Wmove -Wcomma -Wblock-capture-autoreleasing -Wstrict-prototypes -Wrange-loop-analysis -Wno-semicolon-before-method-body -Wunguarded-availability -index-store-path /Users/antoniogrillo-balen/Library/Developer/Xcode/DerivedData/risebysolis-gzfsziqwziaggpcbgdowmssiasmi/Index.noindex/DataStore -Wno-comma -Wno-shorten-64-to-32 @/Users/antoniogrillo-balen/Library/Developer/Xcode/DerivedData/risebysolis-gzfsziqwziaggpcbgdowmssiasmi/Build/Intermediates.noindex/Pods.build/Debug-iphonesimulator/React-featureflagsnativemodule.build/Objects-normal/arm64/82b82416624d2658e5098eb0a28c15c5-common-args.resp -DFOLLY_NO_CONFIG -DFOLLY_MOBILE\=1 -DFOLLY_USE_LIBCPP\=1 -DFOLLY_CFG_NO_COROUTINES\=1 -DFOLLY_HAVE_CLOCK_GETTIME\=1 -Wno-comma -Wno-shorten-64-to-32 -include /Users/antoniogrillo-balen/Desktop/Projects/RiseBuild/ios/Pods/Target\ Support\ Files/React-featureflagsnativemodule/React-featureflagsnativemodule-prefix.pch -MMD -MT dependencies -MF /Users/antoniogrillo-balen/Library/Developer/Xcode/DerivedData/risebysolis-gzfsziqwziaggpcbgdowmssiasmi/Build/Intermediates.noindex/Pods.build/Debug-iphonesimulator/React-featureflagsnativemodule.build/Objects-normal/arm64/NativeReactNativeFeatureFlags.d --serialize-diagnostics /Users/antoniogrillo-balen/Library/Developer/Xcode/DerivedData/risebysolis-gzfsziqwziaggpcbgdowmssiasmi/Build/Intermediates.noindex/Pods.build/Debug-iphonesimulator/React-featureflagsnativemodule.build/Objects-normal/arm64/NativeReactNativeFeatureFlags.dia -c /Users/antoniogrillo-balen/Desktop/Projects/RiseBuild/node_modules/react-native/ReactCommon/react/nativemodule/featureflags/NativeReactNativeFeatureFlags.cpp -o /Users/antoniogrillo-balen/Library/Developer/Xcode/DerivedData/risebysolis-gzfsziqwziaggpcbgdowmssiasmi/Build/Intermediates.noindex/Pods.build/Debug-iphonesimulator/React-featureflagsnativemodule.build/Objects-normal/arm64/NativeReactNativeFeatureFlags.o -index-unit-output-path /Pods.build/Debug-iphonesimulator/React-featureflagsnativemodule.build/Objects-normal/arm64/NativeReactNativeFeatureFlags.o

Libtool /Users/antoniogrillo-balen/Library/Developer/Xcode/DerivedData/risebysolis-gzfsziqwziaggpcbgdowmssiasmi/Build/Products/Debug-iphonesimulator/React-featureflagsnativemodule/React_featureflagsnativemodule.framework/React_featureflagsnativemodule normal (in target 'React-featureflagsnativemodule' from project 'Pods')
    cd /Users/antoniogrillo-balen/Desktop/Projects/RiseBuild/ios/Pods
    /Applications/Xcode.app/Contents/Developer/Toolchains/XcodeDefault.xctoolchain/usr/bin/libtool -static -arch_only arm64 -D -syslibroot /Applications/Xcode.app/Contents/Developer/Platforms/iPhoneSimulator.platform/Developer/SDKs/iPhoneSimulator26.5.sdk -L/Users/antoniogrillo-balen/Library/Developer/Xcode/DerivedData/risebysolis-gzfsziqwziaggpcbgdowmssiasmi/Build/Products/Debug-iphonesimulator/React-featureflagsnativemodule -filelist /Users/antoniogrillo-balen/Library/Developer/Xcode/DerivedData/risebysolis-gzfsziqwziaggpcbgdowmssiasmi/Build/Intermediates.noindex/Pods.build/Debug-iphonesimulator/React-featureflagsnativemodule.build/Objects-normal/arm64/React_featureflagsnativemodule.LinkFileList -dependency_info /Users/antoniogrillo-balen/Library/Developer/Xcode/DerivedData/risebysolis-gzfsziqwziaggpcbgdowmssiasmi/Build/Intermediates.noindex/Pods.build/Debug-iphonesimulator/React-featureflagsnativemodule.build/Objects-normal/arm64/React_featureflagsnativemodule_libtool_dependency_info.dat -o /Users/antoniogrillo-balen/Library/Developer/Xcode/DerivedData/risebysolis-gzfsziqwziaggpcbgdowmssiasmi/Build/Products/Debug-iphonesimulator/React-featureflagsnativemodule/React_featureflagsnativemodule.framework/React_featureflagsnativemodule

PhaseScriptExecution Create\ Symlinks\ to\ Header\ Folders /Users/antoniogrillo-balen/Library/Developer/Xcode/DerivedData/risebysolis-gzfsziqwziaggpcbgdowmssiasmi/Build/Intermediates.noindex/Pods.build/Debug-iphonesimulator/React-featureflagsnativemodule.build/Script-46EB2E0002ADC0.sh (in target 'React-featureflagsnativemodule' from project 'Pods')
    cd /Users/antoniogrillo-balen/Desktop/Projects/RiseBuild/ios/Pods
    export ACTION\=build
    export AD_HOC_CODE_SIGNING_ALLOWED\=YES
    export ALLOW_BUILD_REQUEST_OVERRIDES\=NO
    export ALLOW_TARGET_PLATFORM_SPECIALIZATION\=NO
    export ALTERNATE_GROUP\=staff
    export ALTERNATE_MODE\=u+w,go-w,a+rX
    export ALTERNATE_OWNER\=antoniogrillo-balen
    export ALTERNATIVE_DISTRIBUTION_WEB\=NO
    export ALWAYS_EMBED_SWIFT_STANDARD_LIBRARIES\=NO
    export ALWAYS_SEARCH_USER_PATHS\=NO
    export ALWAYS_USE_SEPARATE_HEADERMAPS\=NO
    export APPLICATION_EXTENSION_API_ONLY\=NO
    export APPLY_RULES_IN_COPY_FILES\=NO
    export APPLY_RULES_IN_COPY_HEADERS\=NO
    export APP_SHORTCUTS_ENABLE_FLEXIBLE_MATCHING\=YES
    export ARCHS\=arm64
    export ARCHS_BASE\=arm64
    export ARCHS_STANDARD\=arm64\ x86_64
    export ARCHS_STANDARD_32_64_BIT\=arm64\ x86_64
    export ARCHS_STANDARD_64_BIT\=arm64\ x86_64
    export ARCHS_STANDARD_INCLUDING_64_BIT\=arm64\ x86_64
    export ARCHS_UNIVERSAL_IPHONE_OS\=arm64\ x86_64
    export ASSETCATALOG_FILTER_FOR_DEVICE_MODEL\=iPhone16,2
    export ASSETCATALOG_FILTER_FOR_DEVICE_OS_VERSION\=26.4.1
    export ASSETCATALOG_FILTER_FOR_THINNING_DEVICE_CONFIGURATION\=iPhone16,2
    export AUTOMATICALLY_MERGE_DEPENDENCIES\=NO
    export AUTOMATION_APPLE_EVENTS\=NO
    export AVAILABLE_PLATFORMS\=android\ appletvos\ appletvsimulator\ driverkit\ freebsd\ iphoneos\ iphonesimulator\ linux\ macosx\ none\ openbsd\ qnx\ watchos\ watchsimulator\ webassembly\ xros\ xrsimulator
    export AppIdentifierPrefix\=FAKETEAMID.
    export BUILD_ACTIVE_RESOURCES_ONLY\=YES
    export BUILD_COMPONENTS\=headers\ build
    export BUILD_DIR\=/Users/antoniogrillo-balen/Library/Developer/Xcode/DerivedData/risebysolis-gzfsziqwziaggpcbgdowmssiasmi/Build/Products
    export BUILD_LIBRARY_FOR_DISTRIBUTION\=NO
    export BUILD_ONLY_KNOWN_LOCALIZATIONS\=NO
    export BUILD_ROOT\=/Users/antoniogrillo-balen/Library/Developer/Xcode/DerivedData/risebysolis-gzfsziqwziaggpcbgdowmssiasmi/Build/Products
    export BUILD_STYLE\=
    export BUILD_VARIANTS\=normal
    export BUILT_PRODUCTS_DIR\=/Users/antoniogrillo-balen/Library/Developer/Xcode/DerivedData/risebysolis-gzfsziqwziaggpcbgdowmssiasmi/Build/Products/Debug-iphonesimulator/React-featureflagsnativemodule
    export BUNDLE_CONTENTS_FOLDER_PATH_deep\=Contents/
    export BUNDLE_EXECUTABLE_FOLDER_NAME_deep\=MacOS
    export BUNDLE_EXTENSIONS_FOLDER_PATH\=Extensions
    export BUNDLE_FORMAT\=shallow
    export BUNDLE_FRAMEWORKS_FOLDER_PATH\=Frameworks
    export BUNDLE_PLUGINS_FOLDER_PATH\=PlugIns
    export BUNDLE_PRIVATE_HEADERS_FOLDER_PATH\=PrivateHeaders
    export BUNDLE_PUBLIC_HEADERS_FOLDER_PATH\=Headers
    export CACHE_ROOT\=/var/folders/2z/jtlqylkx0c709j3xb7b0g4cm0000gn/C/com.apple.DeveloperTools/26.5-17F42/Xcode
    export CCHROOT\=/var/folders/2z/jtlqylkx0c709j3xb7b0g4cm0000gn/C/com.apple.DeveloperTools/26.5-17F42/Xcode
    export CHMOD\=/bin/chmod
    export CHOWN\=chown
    export CLANG_ANALYZER_LOCALIZABILITY_NONLOCALIZED\=YES
    export CLANG_ANALYZER_NONNULL\=YES
    export CLANG_ANALYZER_NUMBER_OBJECT_CONVERSION\=YES_AGGRESSIVE
    export CLANG_CACHE_FINE_GRAINED_OUTPUTS\=YES
    export CLANG_CXX_LANGUAGE_STANDARD\=c++20
    export CLANG_CXX_LIBRARY\=libc++
    export CLANG_ENABLE_EXPLICIT_MODULES\=YES
    export CLANG_ENABLE_MODULES\=YES
    export CLANG_ENABLE_OBJC_ARC\=YES
    export CLANG_ENABLE_OBJC_WEAK\=NO
    export CLANG_MODULES_BUILD_SESSION_FILE\=/Users/antoniogrillo-balen/Library/Developer/Xcode/DerivedData/ModuleCache.noindex/Session.modulevalidation
    export CLANG_WARN_BLOCK_CAPTURE_AUTORELEASING\=YES
    export CLANG_WARN_BOOL_CONVERSION\=YES
    export CLANG_WARN_COMMA\=YES
    export CLANG_WARN_CONSTANT_CONVERSION\=YES
    export CLANG_WARN_DEPRECATED_OBJC_IMPLEMENTATIONS\=YES
    export CLANG_WARN_DIRECT_OBJC_ISA_USAGE\=YES_ERROR
    export CLANG_WARN_DOCUMENTATION_COMMENTS\=YES
    export CLANG_WARN_EMPTY_BODY\=YES
    export CLANG_WARN_ENUM_CONVERSION\=YES
    export CLANG_WARN_INFINITE_RECURSION\=YES
    export CLANG_WARN_INT_CONVERSION\=YES
    export CLANG_WARN_NON_LITERAL_NULL_CONVERSION\=YES
    export CLANG_WARN_OBJC_IMPLICIT_RETAIN_SELF\=YES
    export CLANG_WARN_OBJC_LITERAL_CONVERSION\=YES
    export CLANG_WARN_OBJC_ROOT_CLASS\=YES_ERROR
    export CLANG_WARN_QUOTED_INCLUDE_IN_FRAMEWORK_HEADER\=NO
    export CLANG_WARN_RANGE_LOOP_ANALYSIS\=YES
    export CLANG_WARN_STRICT_PROTOTYPES\=YES
    export CLANG_WARN_SUSPICIOUS_MOVE\=YES
    export CLANG_WARN_UNGUARDED_AVAILABILITY\=YES_AGGRESSIVE
    export CLANG_WARN_UNREACHABLE_CODE\=YES
    export CLANG_WARN__DUPLICATE_METHOD_MATCH\=YES
    export CLASS_FILE_DIR\=/Users/antoniogrillo-balen/Library/Developer/Xcode/DerivedData/risebysolis-gzfsziqwziaggpcbgdowmssiasmi/Build/Intermediates.noindex/Pods.build/Debug-iphonesimulator/React-featureflagsnativemodule.build/JavaClasses
    export CLEAN_PRECOMPS\=YES
    export CLONE_HEADERS\=NO
    export CODESIGNING_FOLDER_PATH\=/Users/antoniogrillo-balen/Library/Developer/Xcode/DerivedData/risebysolis-gzfsziqwziaggpcbgdowmssiasmi/Build/Products/Debug-iphonesimulator/React-featureflagsnativemodule/React_featureflagsnativemodule.framework
    export CODE_SIGNING_ALLOWED\=YES
    export CODE_SIGNING_REQUIRED\=NO
    export CODE_SIGNING_REQUIRES_TEAM\=YES
    export CODE_SIGN_CONTEXT_CLASS\=XCiPhoneSimulatorCodeSignContext
    export CODE_SIGN_IDENTITY\=-
    export CODE_SIGN_INJECT_BASE_ENTITLEMENTS\=YES
    export COLOR_DIAGNOSTICS\=NO
    export COMBINE_HIDPI_IMAGES\=NO
    export COMPILATION_CACHE_CAS_PATH\=/Users/antoniogrillo-balen/Library/Developer/Xcode/DerivedData/CompilationCache.noindex
    export COMPILATION_CACHE_KEEP_CAS_DIRECTORY\=YES
    export COMPILER_INDEX_STORE_ENABLE\=Default
    export COMPOSITE_SDK_DIRS\=/Users/antoniogrillo-balen/Library/Developer/Xcode/DerivedData/risebysolis-gzfsziqwziaggpcbgdowmssiasmi/Build/Intermediates.noindex/CompositeSDKs
    export COMPRESS_PNG_FILES\=YES
    export CONFIGURATION\=Debug
    export CONFIGURATION_BUILD_DIR\=/Users/antoniogrillo-balen/Library/Developer/Xcode/DerivedData/risebysolis-gzfsziqwziaggpcbgdowmssiasmi/Build/Products/Debug-iphonesimulator/React-featureflagsnativemodule
    export CONFIGURATION_TEMP_DIR\=/Users/antoniogrillo-balen/Library/Developer/Xcode/DerivedData/risebysolis-gzfsziqwziaggpcbgdowmssiasmi/Build/Intermediates.noindex/Pods.build/Debug-iphonesimulator
    export CONTENTS_FOLDER_PATH\=React_featureflagsnativemodule.framework
    export CONTENTS_FOLDER_PATH_SHALLOW_BUNDLE_NO\=React_featureflagsnativemodule.framework/A
    export CONTENTS_FOLDER_PATH_SHALLOW_BUNDLE_YES\=React_featureflagsnativemodule.framework
    export COPYING_PRESERVES_HFS_DATA\=NO
    export COPY_HEADERS_RUN_UNIFDEF\=NO
    export COPY_PHASE_STRIP\=NO
    export CORRESPONDING_DEVICE_PLATFORM_DIR\=/Applications/Xcode.app/Contents/Developer/Platforms/iPhoneOS.platform
    export CORRESPONDING_DEVICE_PLATFORM_NAME\=iphoneos
    export CORRESPONDING_DEVICE_SDK_DIR\=/Applications/Xcode.app/Contents/Developer/Platforms/iPhoneOS.platform/Developer/SDKs/iPhoneOS26.5.sdk
    export CORRESPONDING_DEVICE_SDK_NAME\=iphoneos26.5
    export CP\=/bin/cp
    export CREATE_INFOPLIST_SECTION_IN_BINARY\=NO
    export CURRENT_ARCH\=undefined_arch
    export CURRENT_PROJECT_VERSION\=1
    export CURRENT_VARIANT\=normal
    export CURRENT_VERSION\=Current
    export DEAD_CODE_STRIPPING\=YES
    export DEBUGGING_SYMBOLS\=YES
    export DEBUG_INFORMATION_FORMAT\=dwarf
    export DEBUG_INFORMATION_VERSION\=compiler-default
    export DEFAULT_COMPILER\=com.apple.compilers.llvm.clang.1_0
    export DEFAULT_DEXT_INSTALL_PATH\=/System/Library/DriverExtensions
    export DEFAULT_KEXT_INSTALL_PATH\=/System/Library/Extensions
    export DEFINES_MODULE\=YES
    export DEPLOYMENT_LOCATION\=NO
    export DEPLOYMENT_POSTPROCESSING\=NO
    export DEPLOYMENT_TARGET_SETTING_NAME\=IPHONEOS_DEPLOYMENT_TARGET
    export DEPLOYMENT_TARGET_SUGGESTED_VALUES\=12.0\ 12.1\ 12.2\ 12.3\ 12.4\ 13.0\ 13.1\ 13.2\ 13.3\ 13.4\ 13.5\ 13.6\ 14.0\ 14.1\ 14.2\ 14.3\ 14.4\ 14.5\ 14.6\ 14.7\ 15.0\ 15.1\ 15.2\ 15.3\ 15.4\ 15.5\ 15.6\ 16.0\ 16.1\ 16.2\ 16.3\ 16.4\ 16.5\ 16.6\ 17.0\ 17.1\ 17.2\ 17.3\ 17.4\ 17.5\ 17.6\ 18.0\ 18.1\ 18.2\ 18.3\ 18.4\ 18.5\ 18.6\ 26.0\ 26.2\ 26.3\ 26.4\ 26.5
    export DERIVED_FILES_DIR\=/Users/antoniogrillo-balen/Library/Developer/Xcode/DerivedData/risebysolis-gzfsziqwziaggpcbgdowmssiasmi/Build/Intermediates.noindex/Pods.build/Debug-iphonesimulator/React-featureflagsnativemodule.build/DerivedSources
    export DERIVED_FILE_DIR\=/Users/antoniogrillo-balen/Library/Developer/Xcode/DerivedData/risebysolis-gzfsziqwziaggpcbgdowmssiasmi/Build/Intermediates.noindex/Pods.build/Debug-iphonesimulator/React-featureflagsnativemodule.build/DerivedSources
    export DERIVED_SOURCES_DIR\=/Users/antoniogrillo-balen/Library/Developer/Xcode/DerivedData/risebysolis-gzfsziqwziaggpcbgdowmssiasmi/Build/Intermediates.noindex/Pods.build/Debug-iphonesimulator/React-featureflagsnativemodule.build/DerivedSources
    export DEVELOPER_APPLICATIONS_DIR\=/Applications/Xcode.app/Contents/Developer/Applications
    export DEVELOPER_BIN_DIR\=/Applications/Xcode.app/Contents/Developer/usr/bin
    export DEVELOPER_DIR\=/Applications/Xcode.app/Contents/Developer
    export DEVELOPER_FRAMEWORKS_DIR\=/Applications/Xcode.app/Contents/Developer/Library/Frameworks
    export DEVELOPER_FRAMEWORKS_DIR_QUOTED\=/Applications/Xcode.app/Contents/Developer/Library/Frameworks
    export DEVELOPER_LIBRARY_DIR\=/Applications/Xcode.app/Contents/Developer/Library
    export DEVELOPER_SDK_DIR\=/Applications/Xcode.app/Contents/Developer/Platforms/MacOSX.platform/Developer/SDKs
    export DEVELOPER_TOOLS_DIR\=/Applications/Xcode.app/Contents/Developer/Tools
    export DEVELOPER_USR_DIR\=/Applications/Xcode.app/Contents/Developer/usr
    export DEVELOPMENT_LANGUAGE\=en
    export DIAGNOSE_MISSING_TARGET_DEPENDENCIES\=YES
    export DIFF\=/usr/bin/diff
    export DOCUMENTATION_FOLDER_PATH\=React_featureflagsnativemodule.framework/en.lproj/Documentation
    export DONT_GENERATE_INFOPLIST_FILE\=NO
    export DSTROOT\=/tmp/Pods.dst
    export DT_TOOLCHAIN_DIR\=/Applications/Xcode.app/Contents/Developer/Toolchains/XcodeDefault.xctoolchain
    export DUMP_DEPENDENCIES\=NO
    export DUMP_DEPENDENCIES_OUTPUT_PATH\=/Users/antoniogrillo-balen/Library/Developer/Xcode/DerivedData/risebysolis-gzfsziqwziaggpcbgdowmssiasmi/Build/Intermediates.noindex/Pods.build/Debug-iphonesimulator/React-featureflagsnativemodule.build/React-featureflagsnativemodule-BuildDependencyInfo.json
    export DWARF_DSYM_FILE_NAME\=React_featureflagsnativemodule.framework.dSYM
    export DWARF_DSYM_FILE_SHOULD_ACCOMPANY_PRODUCT\=NO
    export DWARF_DSYM_FOLDER_PATH\=/Users/antoniogrillo-balen/Library/Developer/Xcode/DerivedData/risebysolis-gzfsziqwziaggpcbgdowmssiasmi/Build/Products/Debug-iphonesimulator/React-featureflagsnativemodule
    export DYLIB_COMPATIBILITY_VERSION\=1
    export DYLIB_CURRENT_VERSION\=1
    export DYLIB_INSTALL_NAME_BASE\=@rpath
    export DYNAMIC_LIBRARY_EXTENSION\=dylib
    export EAGER_COMPILATION_ALLOW_SCRIPTS\=NO
    export EAGER_LINKING\=NO
    export EFFECTIVE_PLATFORM_NAME\=-iphonesimulator
    export EFFECTIVE_SWIFT_VERSION\=5
    export EMBEDDED_CONTENT_CONTAINS_SWIFT\=NO
    export EMBED_ASSET_PACKS_IN_PRODUCT_BUNDLE\=NO
    export ENABLE_APP_SANDBOX\=NO
    export ENABLE_CODE_COVERAGE\=YES
    export ENABLE_COHORT_ARCHS\=NO
    export ENABLE_CPLUSPLUS_BOUNDS_SAFE_BUFFERS\=NO
    export ENABLE_C_BOUNDS_SAFETY\=NO
    export ENABLE_DEFAULT_HEADER_SEARCH_PATHS\=YES
    export ENABLE_DEFAULT_SEARCH_PATHS\=YES
    export ENABLE_ENHANCED_SECURITY\=NO
    export ENABLE_HARDENED_RUNTIME\=NO
    export ENABLE_HEADER_DEPENDENCIES\=YES
    export ENABLE_INCOMING_NETWORK_CONNECTIONS\=NO
    export ENABLE_MODULE_VERIFIER\=NO
    export ENABLE_ON_DEMAND_RESOURCES\=NO
    export ENABLE_OUTGOING_NETWORK_CONNECTIONS\=NO
    export ENABLE_POINTER_AUTHENTICATION\=NO
    export ENABLE_PREVIEWS\=NO
    export ENABLE_RESOURCE_ACCESS_AUDIO_INPUT\=NO
    export ENABLE_RESOURCE_ACCESS_BLUETOOTH\=NO
    export ENABLE_RESOURCE_ACCESS_CALENDARS\=NO
    export ENABLE_RESOURCE_ACCESS_CAMERA\=NO
    export ENABLE_RESOURCE_ACCESS_CONTACTS\=NO
    export ENABLE_RESOURCE_ACCESS_LOCATION\=NO
    export ENABLE_RESOURCE_ACCESS_PHOTO_LIBRARY\=NO
    export ENABLE_RESOURCE_ACCESS_PRINTING\=NO
    export ENABLE_RESOURCE_ACCESS_USB\=NO
    export ENABLE_SDK_IMPORTS\=NO
    export ENABLE_SECURITY_COMPILER_WARNINGS\=NO
    export ENABLE_STRICT_OBJC_MSGSEND\=YES
    export ENABLE_TESTABILITY\=YES
    export ENABLE_TESTING_SEARCH_PATHS\=NO
    export ENABLE_USER_SCRIPT_SANDBOXING\=NO
    export ENABLE_XOJIT_PREVIEWS\=YES
    export ENFORCE_VALID_ARCHS\=YES
    export ENTITLEMENTS_DESTINATION\=__entitlements
    export ENTITLEMENTS_REQUIRED\=NO
    export EXCLUDED_INSTALLSRC_SUBDIRECTORY_PATTERNS\=.DS_Store\ .svn\ .git\ .hg\ CVS
    export EXCLUDED_RECURSIVE_SEARCH_PATH_SUBDIRECTORIES\=\*.nib\ \*.lproj\ \*.framework\ \*.gch\ \*.xcode\*\ \*.xcassets\ \*.icon\ \(\*\)\ .DS_Store\ CVS\ .svn\ .git\ .hg\ \*.pbproj\ \*.pbxproj
    export EXECUTABLES_FOLDER_PATH\=React_featureflagsnativemodule.framework/en.lproj
    export EXECUTABLE_FOLDER_PATH\=React_featureflagsnativemodule.framework
    export EXECUTABLE_FOLDER_PATH_SHALLOW_BUNDLE_NO\=React_featureflagsnativemodule.framework
    export EXECUTABLE_FOLDER_PATH_SHALLOW_BUNDLE_YES\=React_featureflagsnativemodule.framework
    export EXECUTABLE_NAME\=React_featureflagsnativemodule
    export EXECUTABLE_PATH\=React_featureflagsnativemodule.framework/React_featureflagsnativemodule
    export EXPANDED_CODE_SIGN_IDENTITY\=-
    export EXPANDED_CODE_SIGN_IDENTITY_NAME\=Sign\ to\ Run\ Locally
    export EXTENSIONS_FOLDER_PATH\=React_featureflagsnativemodule.framework/Extensions
    export FILE_LIST\=/Users/antoniogrillo-balen/Library/Developer/Xcode/DerivedData/risebysolis-gzfsziqwziaggpcbgdowmssiasmi/Build/Intermediates.noindex/Pods.build/Debug-iphonesimulator/React-featureflagsnativemodule.build/Objects/LinkFileList
    export FIXED_FILES_DIR\=/Users/antoniogrillo-balen/Library/Developer/Xcode/DerivedData/risebysolis-gzfsziqwziaggpcbgdowmssiasmi/Build/Intermediates.noindex/Pods.build/Debug-iphonesimulator/React-featureflagsnativemodule.build/FixedFiles
    export FRAMEWORKS_FOLDER_PATH\=React_featureflagsnativemodule.framework/Frameworks
    export FRAMEWORK_FLAG_PREFIX\=-framework
    export FRAMEWORK_SEARCH_PATHS\=/Users/antoniogrillo-balen/Library/Developer/Xcode/DerivedData/risebysolis-gzfsziqwziaggpcbgdowmssiasmi/Build/Products/Debug-iphonesimulator/React-featureflagsnativemodule\ \ \"/Users/antoniogrillo-balen/Library/Developer/Xcode/DerivedData/risebysolis-gzfsziqwziaggpcbgdowmssiasmi/Build/Products/Debug-iphonesimulator/DoubleConversion\"\ \"/Users/antoniogrillo-balen/Library/Developer/Xcode/DerivedData/risebysolis-gzfsziqwziaggpcbgdowmssiasmi/Build/Products/Debug-iphonesimulator/RCT-Folly\"\ \"/Users/antoniogrillo-balen/Library/Developer/Xcode/DerivedData/risebysolis-gzfsziqwziaggpcbgdowmssiasmi/Build/Products/Debug-iphonesimulator/RCTDeprecation\"\ \"/Users/antoniogrillo-balen/Library/Developer/Xcode/DerivedData/risebysolis-gzfsziqwziaggpcbgdowmssiasmi/Build/Products/Debug-iphonesimulator/RCTTypeSafety\"\ \"/Users/antoniogrillo-balen/Library/Developer/Xcode/DerivedData/risebysolis-gzfsziqwziaggpcbgdowmssiasmi/Build/Products/Debug-iphonesimulator/React-Core\"\ \"/Users/antoniogrillo-balen/Library/Developer/Xcode/DerivedData/risebysolis-gzfsziqwziaggpcbgdowmssiasmi/Build/Products/Debug-iphonesimulator/React-Fabric\"\ \"/Users/antoniogrillo-balen/Library/Developer/Xcode/DerivedData/risebysolis-gzfsziqwziaggpcbgdowmssiasmi/Build/Products/Debug-iphonesimulator/React-FabricComponents\"\ \"/Users/antoniogrillo-balen/Library/Developer/Xcode/DerivedData/risebysolis-gzfsziqwziaggpcbgdowmssiasmi/Build/Products/Debug-iphonesimulator/React-FabricImage\"\ \"/Users/antoniogrillo-balen/Library/Developer/Xcode/DerivedData/risebysolis-gzfsziqwziaggpcbgdowmssiasmi/Build/Products/Debug-iphonesimulator/React-ImageManager\"\ \"/Users/antoniogrillo-balen/Library/Developer/Xcode/DerivedData/risebysolis-gzfsziqwziaggpcbgdowmssiasmi/Build/Products/Debug-iphonesimulator/React-NativeModulesApple\"\ \"/Users/antoniogrillo-balen/Library/Developer/Xcode/DerivedData/risebysolis-gzfsziqwziaggpcbgdowmssiasmi/Build/Products/Debug-iphonesimulator/React-RCTFabric\"\ \"/Users/antoniogrillo-balen/Library/Developer/Xcode/DerivedData/risebysolis-gzfsziqwziaggpcbgdowmssiasmi/Build/Products/Debug-iphonesimulator/React-RCTImage\"\ \"/Users/antoniogrillo-balen/Library/Developer/Xcode/DerivedData/risebysolis-gzfsziqwziaggpcbgdowmssiasmi/Build/Products/Debug-iphonesimulator/React-RCTNetwork\"\ \"/Users/antoniogrillo-balen/Library/Developer/Xcode/DerivedData/risebysolis-gzfsziqwziaggpcbgdowmssiasmi/Build/Products/Debug-iphonesimulator/React-RCTText\"\ \"/Users/antoniogrillo-balen/Library/Developer/Xcode/DerivedData/risebysolis-gzfsziqwziaggpcbgdowmssiasmi/Build/Products/Debug-iphonesimulator/React-cxxreact\"\ \"/Users/antoniogrillo-balen/Library/Developer/Xcode/DerivedData/risebysolis-gzfsziqwziaggpcbgdowmssiasmi/Build/Products/Debug-iphonesimulator/React-debug\"\ \"/Users/antoniogrillo-balen/Library/Developer/Xcode/DerivedData/risebysolis-gzfsziqwziaggpcbgdowmssiasmi/Build/Products/Debug-iphonesimulator/React-featureflags\"\ \"/Users/antoniogrillo-balen/Library/Developer/Xcode/DerivedData/risebysolis-gzfsziqwziaggpcbgdowmssiasmi/Build/Products/Debug-iphonesimulator/React-graphics\"\ \"/Users/antoniogrillo-balen/Library/Developer/Xcode/DerivedData/risebysolis-gzfsziqwziaggpcbgdowmssiasmi/Build/Products/Debug-iphonesimulator/React-hermes\"\ \"/Users/antoniogrillo-balen/Library/Developer/Xcode/DerivedData/risebysolis-gzfsziqwziaggpcbgdowmssiasmi/Build/Products/Debug-iphonesimulator/React-jsi\"\ \"/Users/antoniogrillo-balen/Library/Developer/Xcode/DerivedData/risebysolis-gzfsziqwziaggpcbgdowmssiasmi/Build/Products/Debug-iphonesimulator/React-jsiexecutor\"\ \"/Users/antoniogrillo-balen/Library/Developer/Xcode/DerivedData/risebysolis-gzfsziqwziaggpcbgdowmssiasmi/Build/Products/Debug-iphonesimulator/React-jsinspector\"\ \"/Users/antoniogrillo-balen/Library/Developer/Xcode/DerivedData/risebysolis-gzfsziqwziaggpcbgdowmssiasmi/Build/Products/Debug-iphonesimulator/React-logger\"\ \"/Users/antoniogrillo-balen/Library/Developer/Xcode/DerivedData/risebysolis-gzfsziqwziaggpcbgdowmssiasmi/Build/Products/Debug-iphonesimulator/React-nativeconfig\"\ \"/Users/antoniogrillo-balen/Library/Developer/Xcode/DerivedData/risebysolis-gzfsziqwziaggpcbgdowmssiasmi/Build/Products/Debug-iphonesimulator/React-perflogger\"\ \"/Users/antoniogrillo-balen/Library/Developer/Xcode/DerivedData/risebysolis-gzfsziqwziaggpcbgdowmssiasmi/Build/Products/Debug-iphonesimulator/React-performancetimeline\"\ \"/Users/antoniogrillo-balen/Library/Developer/Xcode/DerivedData/risebysolis-gzfsziqwziaggpcbgdowmssiasmi/Build/Products/Debug-iphonesimulator/React-rendererconsistency\"\ \"/Users/antoniogrillo-balen/Library/Developer/Xcode/DerivedData/risebysolis-gzfsziqwziaggpcbgdowmssiasmi/Build/Products/Debug-iphonesimulator/React-rendererdebug\"\ \"/Users/antoniogrillo-balen/Library/Developer/Xcode/DerivedData/risebysolis-gzfsziqwziaggpcbgdowmssiasmi/Build/Products/Debug-iphonesimulator/React-runtimescheduler\"\ \"/Users/antoniogrillo-balen/Library/Developer/Xcode/DerivedData/risebysolis-gzfsziqwziaggpcbgdowmssiasmi/Build/Products/Debug-iphonesimulator/React-utils\"\ \"/Users/antoniogrillo-balen/Library/Developer/Xcode/DerivedData/risebysolis-gzfsziqwziaggpcbgdowmssiasmi/Build/Products/Debug-iphonesimulator/ReactCodegen\"\ \"/Users/antoniogrillo-balen/Library/Developer/Xcode/DerivedData/risebysolis-gzfsziqwziaggpcbgdowmssiasmi/Build/Products/Debug-iphonesimulator/ReactCommon\"\ \"/Users/antoniogrillo-balen/Library/Developer/Xcode/DerivedData/risebysolis-gzfsziqwziaggpcbgdowmssiasmi/Build/Products/Debug-iphonesimulator/SocketRocket\"\ \"/Users/antoniogrillo-balen/Library/Developer/Xcode/DerivedData/risebysolis-gzfsziqwziaggpcbgdowmssiasmi/Build/Products/Debug-iphonesimulator/Yoga\"\ \"/Users/antoniogrillo-balen/Library/Developer/Xcode/DerivedData/risebysolis-gzfsziqwziaggpcbgdowmssiasmi/Build/Products/Debug-iphonesimulator/fmt\"\ \"/Users/antoniogrillo-balen/Library/Developer/Xcode/DerivedData/risebysolis-gzfsziqwziaggpcbgdowmssiasmi/Build/Products/Debug-iphonesimulator/glog\"\ \"/Users/antoniogrillo-balen/Desktop/Projects/RiseBuild/ios/Pods/hermes-engine/destroot/Library/Frameworks/universal\"\ \"/Users/antoniogrillo-balen/Library/Developer/Xcode/DerivedData/risebysolis-gzfsziqwziaggpcbgdowmssiasmi/Build/Products/Debug-iphonesimulator/XCFrameworkIntermediates/hermes-engine/Pre-built\"
    export FRAMEWORK_VERSION\=A
    export FULL_PRODUCT_NAME\=React_featureflagsnativemodule.framework
    export FUSE_BUILD_PHASES\=YES
    export FUSE_BUILD_SCRIPT_PHASES\=NO
    export GCC3_VERSION\=3.3
    export GCC_C_LANGUAGE_STANDARD\=gnu11
    export GCC_DYNAMIC_NO_PIC\=NO
    export GCC_INLINES_ARE_PRIVATE_EXTERN\=YES
    export GCC_NO_COMMON_BLOCKS\=YES
    export GCC_OBJC_LEGACY_DISPATCH\=YES
    export GCC_OPTIMIZATION_LEVEL\=0
    export GCC_PFE_FILE_C_DIALECTS\=c\ objective-c\ c++\ objective-c++
    export GCC_PREFIX_HEADER\=Target\ Support\ Files/React-featureflagsnativemodule/React-featureflagsnativemodule-prefix.pch
    export GCC_PREPROCESSOR_DEFINITIONS\=POD_CONFIGURATION_DEBUG\=1\ DEBUG\=1\ \ COCOAPODS\=1
    export GCC_TREAT_WARNINGS_AS_ERRORS\=NO
    export GCC_VERSION\=com.apple.compilers.llvm.clang.1_0
    export GCC_VERSION_IDENTIFIER\=com_apple_compilers_llvm_clang_1_0
    export GCC_WARN_64_TO_32_BIT_CONVERSION\=YES
    export GCC_WARN_ABOUT_RETURN_TYPE\=YES_ERROR
    export GCC_WARN_UNDECLARED_SELECTOR\=YES
    export GCC_WARN_UNINITIALIZED_AUTOS\=YES_AGGRESSIVE
    export GCC_WARN_UNUSED_FUNCTION\=YES
    export GCC_WARN_UNUSED_VARIABLE\=YES
    export GENERATED_MODULEMAP_DIR\=/Users/antoniogrillo-balen/Library/Developer/Xcode/DerivedData/risebysolis-gzfsziqwziaggpcbgdowmssiasmi/Build/Intermediates.noindex/GeneratedModuleMaps-iphonesimulator
    export GENERATE_INFOPLIST_FILE\=NO
    export GENERATE_INTERMEDIATE_TEXT_BASED_STUBS\=YES
    export GENERATE_PKGINFO_FILE\=NO
    export GENERATE_PRELINK_OBJECT_FILE\=NO
    export GENERATE_PROFILING_CODE\=NO
    export GENERATE_TEXT_BASED_STUBS\=NO
    export GID\=20
    export GROUP\=staff
    export HEADERMAP_INCLUDES_FLAT_ENTRIES_FOR_TARGET_BEING_BUILT\=YES
    export HEADERMAP_INCLUDES_FRAMEWORK_ENTRIES_FOR_ALL_PRODUCT_TYPES\=YES
    export HEADERMAP_INCLUDES_FRAMEWORK_ENTRIES_FOR_TARGETS_NOT_BEING_BUILT\=YES
    export HEADERMAP_INCLUDES_NONPUBLIC_NONPRIVATE_HEADERS\=YES
    export HEADERMAP_INCLUDES_PROJECT_HEADERS\=YES
    export HEADERMAP_USES_FRAMEWORK_PREFIX_ENTRIES\=YES
    export HEADERMAP_USES_VFS\=YES
    export HEADER_SEARCH_PATHS\=/Users/antoniogrillo-balen/Library/Developer/Xcode/DerivedData/risebysolis-gzfsziqwziaggpcbgdowmssiasmi/Build/Products/Debug-iphonesimulator/React-featureflagsnativemodule/include\ \ /Users/antoniogrillo-balen/Library/Developer/Xcode/DerivedData/risebysolis-gzfsziqwziaggpcbgdowmssiasmi/Build/Products/Debug-iphonesimulator/ReactCommon/ReactCommon.framework/Headers\ /Users/antoniogrillo-balen/Library/Developer/Xcode/DerivedData/risebysolis-gzfsziqwziaggpcbgdowmssiasmi/Build/Products/Debug-iphonesimulator/ReactCommon/ReactCommon.framework/Headers/react/nativemodule/core\ /Users/antoniogrillo-balen/Library/Developer/Xcode/DerivedData/risebysolis-gzfsziqwziaggpcbgdowmssiasmi/Build/Products/Debug-iphonesimulator/ReactCommon-Samples/ReactCommon_Samples.framework/Headers\ /Users/antoniogrillo-balen/Library/Developer/Xcode/DerivedData/risebysolis-gzfsziqwziaggpcbgdowmssiasmi/Build/Products/Debug-iphonesimulator/ReactCommon-Samples/ReactCommon_Samples.framework/Headers/platform/ios\ /Users/antoniogrillo-balen/Library/Developer/Xcode/DerivedData/risebysolis-gzfsziqwziaggpcbgdowmssiasmi/Build/Products/Debug-iphonesimulator/React-Fabric/React_Fabric.framework/Headers/react/renderer/components/view/platform/cxx\ /Users/antoniogrillo-balen/Library/Developer/Xcode/DerivedData/risebysolis-gzfsziqwziaggpcbgdowmssiasmi/Build/Products/Debug-iphonesimulator/React-NativeModulesApple/React_NativeModulesApple.framework/Headers\ /Users/antoniogrillo-balen/Library/Developer/Xcode/DerivedData/risebysolis-gzfsziqwziaggpcbgdowmssiasmi/Build/Products/Debug-iphonesimulator/React-graphics/React_graphics.framework/Headers\ /Users/antoniogrillo-balen/Library/Developer/Xcode/DerivedData/risebysolis-gzfsziqwziaggpcbgdowmssiasmi/Build/Products/Debug-iphonesimulator/React-graphics/React_graphics.framework/Headers/react/renderer/graphics/platform/ios\ \"/Users/antoniogrillo-balen/Desktop/Projects/RiseBuild/ios/Pods/Headers/Public\"\ \"/Users/antoniogrillo-balen/Desktop/Projects/RiseBuild/ios/Pods/Headers/Public/FBLazyVector\"\ \"/Users/antoniogrillo-balen/Desktop/Projects/RiseBuild/ios/Pods/Headers/Public/RCTRequired\"\ \"/Users/antoniogrillo-balen/Desktop/Projects/RiseBuild/ios/Pods/Headers/Public/React-callinvoker\"\ \"/Users/antoniogrillo-balen/Desktop/Projects/RiseBuild/ios/Pods/Headers/Public/React-runtimeexecutor\"\ \"/Users/antoniogrillo-balen/Desktop/Projects/RiseBuild/ios/Pods/Headers/Public/React-timing\"\ \"/Users/antoniogrillo-balen/Desktop/Projects/RiseBuild/ios/Pods/Headers/Public/boost\"\ \"/Users/antoniogrillo-balen/Desktop/Projects/RiseBuild/ios/Pods/Headers/Public/fast_float\"\ \"/Users/antoniogrillo-balen/Desktop/Projects/RiseBuild/ios/Pods/Headers/Public/hermes-engine\"\ \"/Users/antoniogrillo-balen/Desktop/Projects/RiseBuild/ios/Pods/../../node_modules/react-native/ReactCommon/react/nativemodule/featureflags/../../..\"\ \"/Users/antoniogrillo-balen/Desktop/Projects/RiseBuild/ios/Pods/boost\"\ \"/Users/antoniogrillo-balen/Desktop/Projects/RiseBuild/ios/Pods/Headers/Private/Yoga\"\ \"/Users/antoniogrillo-balen/Desktop/Projects/RiseBuild/ios/Pods/DoubleConversion\"\ \"/Users/antoniogrillo-balen/Desktop/Projects/RiseBuild/ios/Pods/fast_float/include\"\ \"/Users/antoniogrillo-balen/Desktop/Projects/RiseBuild/ios/Pods/fmt/include\"\ \"/Users/antoniogrillo-balen/Library/Developer/Xcode/DerivedData/risebysolis-gzfsziqwziaggpcbgdowmssiasmi/Build/Products/Debug-iphonesimulator/React-graphics/React_graphics.framework/Headers\"\ \"/Users/antoniogrillo-balen/Library/Developer/Xcode/DerivedData/risebysolis-gzfsziqwziaggpcbgdowmssiasmi/Build/Products/Debug-iphonesimulator/React-graphics/React_graphics.framework/Headers/react/renderer/graphics/platform/ios\"\ \"/Users/antoniogrillo-balen/Library/Developer/Xcode/DerivedData/risebysolis-gzfsziqwziaggpcbgdowmssiasmi/Build/Products/Debug-iphonesimulator/React-Fabric/React_Fabric.framework/Headers\"\ \"/Users/antoniogrillo-balen/Library/Developer/Xcode/DerivedData/risebysolis-gzfsziqwziaggpcbgdowmssiasmi/Build/Products/Debug-iphonesimulator/React-Fabric/React_Fabric.framework/Headers/react/renderer/components/view/platform/cxx\"\ \"/Users/antoniogrillo-balen/Library/Developer/Xcode/DerivedData/risebysolis-gzfsziqwziaggpcbgdowmssiasmi/Build/Products/Debug-iphonesimulator/React-FabricImage/React_FabricImage.framework/Headers\"\ \"/Users/antoniogrillo-balen/Library/Developer/Xcode/DerivedData/risebysolis-gzfsziqwziaggpcbgdowmssiasmi/Build/Products/Debug-iphonesimulator/ReactCommon/ReactCommon.framework/Headers\"\ \"/Users/antoniogrillo-balen/Library/Developer/Xcode/DerivedData/risebysolis-gzfsziqwziaggpcbgdowmssiasmi/Build/Products/Debug-iphonesimulator/ReactCommon/ReactCommon.framework/Headers/react/nativemodule/core\"\ \"/Users/antoniogrillo-balen/Library/Developer/Xcode/DerivedData/risebysolis-gzfsziqwziaggpcbgdowmssiasmi/Build/Products/Debug-iphonesimulator/React-NativeModulesApple/React_NativeModulesApple.framework/Headers\"\ \"/Users/antoniogrillo-balen/Library/Developer/Xcode/DerivedData/risebysolis-gzfsziqwziaggpcbgdowmssiasmi/Build/Products/Debug-iphonesimulator/React-RCTFabric/RCTFabric.framework/Headers\"\ \"/Users/antoniogrillo-balen/Library/Developer/Xcode/DerivedData/risebysolis-gzfsziqwziaggpcbgdowmssiasmi/Build/Products/Debug-iphonesimulator/React-utils/React_utils.framework/Headers\"\ \"/Users/antoniogrillo-balen/Library/Developer/Xcode/DerivedData/risebysolis-gzfsziqwziaggpcbgdowmssiasmi/Build/Products/Debug-iphonesimulator/React-featureflags/React_featureflags.framework/Headers\"\ \"/Users/antoniogrillo-balen/Library/Developer/Xcode/DerivedData/risebysolis-gzfsziqwziaggpcbgdowmssiasmi/Build/Products/Debug-iphonesimulator/React-debug/React_debug.framework/Headers\"\ \"/Users/antoniogrillo-balen/Library/Developer/Xcode/DerivedData/risebysolis-gzfsziqwziaggpcbgdowmssiasmi/Build/Products/Debug-iphonesimulator/React-ImageManager/React_ImageManager.framework/Headers\"\ \"/Users/antoniogrillo-balen/Library/Developer/Xcode/DerivedData/risebysolis-gzfsziqwziaggpcbgdowmssiasmi/Build/Products/Debug-iphonesimulator/React-rendererdebug/React_rendererdebug.framework/Headers\"\ \"/Users/antoniogrillo-balen/Desktop/Projects/RiseBuild/ios/Pods/RCT-Folly\"\ \"/Users/antoniogrillo-balen/Desktop/Projects/RiseBuild/ios/Pods/DoubleConversion\"\ \"/Users/antoniogrillo-balen/Desktop/Projects/RiseBuild/ios/Pods/fast_float/include\"\ \"/Users/antoniogrillo-balen/Desktop/Projects/RiseBuild/ios/Pods/fmt/include\"\ \"/Users/antoniogrillo-balen/Desktop/Projects/RiseBuild/ios/Pods/boost\"\ \"/Users/antoniogrillo-balen/Library/Developer/Xcode/DerivedData/risebysolis-gzfsziqwziaggpcbgdowmssiasmi/Build/Products/Debug-iphonesimulator/ReactCodegen/ReactCodegen.framework/Headers\"\ \"/Users/antoniogrillo-balen/Library/Developer/Xcode/DerivedData/risebysolis-gzfsziqwziaggpcbgdowmssiasmi/Build/Products/Debug-iphonesimulator/ReactCommon/ReactCommon.framework/Headers\"\ \"/Users/antoniogrillo-balen/Library/Developer/Xcode/DerivedData/risebysolis-gzfsziqwziaggpcbgdowmssiasmi/Build/Products/Debug-iphonesimulator/ReactCommon/ReactCommon.framework/Headers/react/nativemodule/core\"\ \"/Users/antoniogrillo-balen/Library/Developer/Xcode/DerivedData/risebysolis-gzfsziqwziaggpcbgdowmssiasmi/Build/Products/Debug-iphonesimulator/React-RCTFabric/RCTFabric.framework/Headers\"\ \"/Users/antoniogrillo-balen/Library/Developer/Xcode/DerivedData/risebysolis-gzfsziqwziaggpcbgdowmssiasmi/Build/Products/Debug-iphonesimulator/React-Fabric/React_Fabric.framework/Headers\"\ \"/Users/antoniogrillo-balen/Library/Developer/Xcode/DerivedData/risebysolis-gzfsziqwziaggpcbgdowmssiasmi/Build/Products/Debug-iphonesimulator/React-Fabric/React_Fabric.framework/Headers/react/renderer/components/view/platform/cxx\"\ \"/Users/antoniogrillo-balen/Library/Developer/Xcode/DerivedData/risebysolis-gzfsziqwziaggpcbgdowmssiasmi/Build/Products/Debug-iphonesimulator/React-FabricImage/React_FabricImage.framework/Headers\"\ \"/Users/antoniogrillo-balen/Library/Developer/Xcode/DerivedData/risebysolis-gzfsziqwziaggpcbgdowmssiasmi/Build/Products/Debug-iphonesimulator/React-Graphics/React_graphics.framework/Headers\"\ \"/Users/antoniogrillo-balen/Library/Developer/Xcode/DerivedData/risebysolis-gzfsziqwziaggpcbgdowmssiasmi/Build/Products/Debug-iphonesimulator/React-Graphics/React_graphics.framework/Headers/react/renderer/graphics/platform/ios\"\ \"/Users/antoniogrillo-balen/Library/Developer/Xcode/DerivedData/risebysolis-gzfsziqwziaggpcbgdowmssiasmi/Build/Products/Debug-iphonesimulator/React-Fabric/React_Fabric.framework/Headers/react/renderer/imagemanager/platform/ios\"
    export HOME\=/Users/antoniogrillo-balen
    export HOST_ARCH\=arm64
    export HOST_PLATFORM\=macosx
    export ICONV\=/usr/bin/iconv
    export IMPLICIT_DEPENDENCY_DOMAIN\=default
    export INDEX_STORE_COMPRESS\=NO
    export INDEX_STORE_ONLY_PROJECT_FILES\=NO
    export INFOPLIST_ENABLE_CFBUNDLEICONS_MERGE\=YES
    export INFOPLIST_EXPAND_BUILD_SETTINGS\=YES
    export INFOPLIST_FILE\=Target\ Support\ Files/React-featureflagsnativemodule/React-featureflagsnativemodule-Info.plist
    export INFOPLIST_OUTPUT_FORMAT\=binary
    export INFOPLIST_PATH\=React_featureflagsnativemodule.framework/Info.plist
    export INFOPLIST_PREPROCESS\=NO
    export INFOSTRINGS_PATH\=React_featureflagsnativemodule.framework/en.lproj/InfoPlist.strings
    export INLINE_PRIVATE_FRAMEWORKS\=NO
    export INSTALLAPI_IGNORE_SKIP_INSTALL\=YES
    export INSTALLHDRS_COPY_PHASE\=NO
    export INSTALLHDRS_SCRIPT_PHASE\=NO
    export INSTALL_DIR\=/tmp/Pods.dst/Library/Frameworks
    export INSTALL_GROUP\=staff
    export INSTALL_MODE_FLAG\=u+w,go-w,a+rX
    export INSTALL_OWNER\=antoniogrillo-balen
    export INSTALL_PATH\=/Library/Frameworks
    export INSTALL_ROOT\=/tmp/Pods.dst
    export IPHONEOS_DEPLOYMENT_TARGET\=15.1
    export IS_UNOPTIMIZED_BUILD\=YES
    export JAVAC_DEFAULT_FLAGS\=-J-Xms64m\ -J-XX:NewSize\=4M\ -J-Dfile.encoding\=UTF8
    export JAVA_APP_STUB\=/System/Library/Frameworks/JavaVM.framework/Resources/MacOS/JavaApplicationStub
    export JAVA_ARCHIVE_CLASSES\=YES
    export JAVA_ARCHIVE_TYPE\=JAR
    export JAVA_COMPILER\=/usr/bin/javac
    export JAVA_FOLDER_PATH\=React_featureflagsnativemodule.framework/Java
    export JAVA_FRAMEWORK_RESOURCES_DIRS\=Resources
    export JAVA_JAR_FLAGS\=cv
    export JAVA_SOURCE_SUBDIR\=.
    export JAVA_USE_DEPENDENCIES\=YES
    export JAVA_ZIP_FLAGS\=-urg
    export JIKES_DEFAULT_FLAGS\=+E\ +OLDCSO
    export KEEP_PRIVATE_EXTERNS\=NO
    export LD_DEPENDENCY_INFO_FILE\=/Users/antoniogrillo-balen/Library/Developer/Xcode/DerivedData/risebysolis-gzfsziqwziaggpcbgdowmssiasmi/Build/Intermediates.noindex/Pods.build/Debug-iphonesimulator/React-featureflagsnativemodule.build/Objects-normal/undefined_arch/React_featureflagsnativemodule_dependency_info.dat
    export LD_DYLIB_INSTALL_NAME\=@rpath/React_featureflagsnativemodule.framework/React_featureflagsnativemodule
    export LD_EXPORT_SYMBOLS\=YES
    export LD_GENERATE_MAP_FILE\=NO
    export LD_MAP_FILE_PATH\=/Users/antoniogrillo-balen/Library/Developer/Xcode/DerivedData/risebysolis-gzfsziqwziaggpcbgdowmssiasmi/Build/Intermediates.noindex/Pods.build/Debug-iphonesimulator/React-featureflagsnativemodule.build/React_featureflagsnativemodule-LinkMap-normal-undefined_arch.txt
    export LD_NO_PIE\=NO
    export LD_QUOTE_LINKER_ARGUMENTS_FOR_COMPILER_DRIVER\=YES
    export LD_RUNPATH_SEARCH_PATHS\=\ @executable_path/Frameworks\ @loader_path/Frameworks
    export LD_SHARED_CACHE_ELIGIBLE\=Automatic
    export LD_WARN_DUPLICATE_LIBRARIES\=NO
    export LD_WARN_UNUSED_DYLIBS\=NO
    export LEGACY_DEVELOPER_DIR\=/Applications/Xcode.app/Contents/PlugIns/Xcode3Core.ideplugin/Contents/SharedSupport/Developer
    export LEX\=lex
    export LIBRARY_DEXT_INSTALL_PATH\=/Library/DriverExtensions
    export LIBRARY_FLAG_NOSPACE\=YES
    export LIBRARY_FLAG_PREFIX\=-l
    export LIBRARY_KEXT_INSTALL_PATH\=/Library/Extensions
    export LIBRARY_SEARCH_PATHS\=/Users/antoniogrillo-balen/Library/Developer/Xcode/DerivedData/risebysolis-gzfsziqwziaggpcbgdowmssiasmi/Build/Products/Debug-iphonesimulator/React-featureflagsnativemodule\ 
    export LINKER_DISPLAYS_MANGLED_NAMES\=NO
    export LINK_FILE_LIST_normal_arm64\=/Users/antoniogrillo-balen/Library/Developer/Xcode/DerivedData/risebysolis-gzfsziqwziaggpcbgdowmssiasmi/Build/Intermediates.noindex/Pods.build/Debug-iphonesimulator/React-featureflagsnativemodule.build/Objects-normal/arm64/React_featureflagsnativemodule.LinkFileList
    export LINK_OBJC_RUNTIME\=YES
    export LINK_WITH_STANDARD_LIBRARIES\=YES
    export LLVM_TARGET_TRIPLE_OS_VERSION\=ios15.1
    export LLVM_TARGET_TRIPLE_SUFFIX\=-simulator
    export LLVM_TARGET_TRIPLE_VENDOR\=apple
    export LM_AUX_CONST_METADATA_LIST_PATH_normal_arm64\=/Users/antoniogrillo-balen/Library/Developer/Xcode/DerivedData/risebysolis-gzfsziqwziaggpcbgdowmssiasmi/Build/Intermediates.noindex/Pods.build/Debug-iphonesimulator/React-featureflagsnativemodule.build/Objects-normal/arm64/React_featureflagsnativemodule.SwiftConstValuesFileList
    export LOCALIZATION_EXPORT_SUPPORTED\=YES
    export LOCALIZATION_PREFERS_STRING_CATALOGS\=NO
    export LOCALIZED_RESOURCES_FOLDER_PATH\=React_featureflagsnativemodule.framework/en.lproj
    export LOCALIZED_STRING_CODE_COMMENTS\=NO
    export LOCALIZED_STRING_MACRO_NAMES\=NSLocalizedString\ CFCopyLocalizedString
    export LOCALIZED_STRING_SWIFTUI_SUPPORT\=YES
    export LOCAL_ADMIN_APPS_DIR\=/Applications/Utilities
    export LOCAL_APPS_DIR\=/Applications
    export LOCAL_DEVELOPER_DIR\=/Library/Developer
    export LOCAL_LIBRARY_DIR\=/Library
    export LOCROOT\=/Users/antoniogrillo-balen/Desktop/Projects/RiseBuild/ios/Pods
    export LOCSYMROOT\=/Users/antoniogrillo-balen/Desktop/Projects/RiseBuild/ios/Pods
    export MACH_O_TYPE\=staticlib
    export MAC_OS_X_PRODUCT_BUILD_VERSION\=25E253
    export MAC_OS_X_VERSION_ACTUAL\=260401
    export MAC_OS_X_VERSION_MAJOR\=260000
    export MAC_OS_X_VERSION_MINOR\=260400
    export MAKE_MERGEABLE\=NO
    export MERGEABLE_LIBRARY\=NO
    export MERGED_BINARY_TYPE\=none
    export MERGE_LINKED_LIBRARIES\=NO
    export METAL_LIBRARY_FILE_BASE\=default
    export METAL_LIBRARY_OUTPUT_DIR\=/Users/antoniogrillo-balen/Library/Developer/Xcode/DerivedData/risebysolis-gzfsziqwziaggpcbgdowmssiasmi/Build/Products/Debug-iphonesimulator/React-featureflagsnativemodule/React_featureflagsnativemodule.framework
    export MODULEMAP_FILE\=Target\ Support\ Files/React-featureflagsnativemodule/React-featureflagsnativemodule.modulemap
    export MODULES_FOLDER_PATH\=React_featureflagsnativemodule.framework/Modules
    export MODULE_CACHE_DIR\=/Users/antoniogrillo-balen/Library/Developer/Xcode/DerivedData/ModuleCache.noindex
    export MTL_ENABLE_DEBUG_INFO\=INCLUDE_SOURCE
    export MTL_FAST_MATH\=YES
    export NATIVE_ARCH\=arm64
    export NATIVE_ARCH_32_BIT\=arm
    export NATIVE_ARCH_64_BIT\=arm64
    export NATIVE_ARCH_ACTUAL\=arm64
    export NO_COMMON\=YES
    export OBJC_ABI_VERSION\=2
    export OBJECT_FILE_DIR\=/Users/antoniogrillo-balen/Library/Developer/Xcode/DerivedData/risebysolis-gzfsziqwziaggpcbgdowmssiasmi/Build/Intermediates.noindex/Pods.build/Debug-iphonesimulator/React-featureflagsnativemodule.build/Objects
    export OBJECT_FILE_DIR_normal\=/Users/antoniogrillo-balen/Library/Developer/Xcode/DerivedData/risebysolis-gzfsziqwziaggpcbgdowmssiasmi/Build/Intermediates.noindex/Pods.build/Debug-iphonesimulator/React-featureflagsnativemodule.build/Objects-normal
    export OBJROOT\=/Users/antoniogrillo-balen/Library/Developer/Xcode/DerivedData/risebysolis-gzfsziqwziaggpcbgdowmssiasmi/Build/Intermediates.noindex
    export ONLY_ACTIVE_ARCH\=YES
    export OS\=MACOS
    export OSAC\=/usr/bin/osacompile
    export OTHER_CPLUSPLUSFLAGS\=\ -DFOLLY_NO_CONFIG\ -DFOLLY_MOBILE\=1\ -DFOLLY_USE_LIBCPP\=1\ -DFOLLY_CFG_NO_COROUTINES\=1\ -DFOLLY_HAVE_CLOCK_GETTIME\=1\ -Wno-comma\ -Wno-shorten-64-to-32
    export OTHER_LDFLAGS\=\ \ 
    export PACKAGE_TYPE\=com.apple.package-type.wrapper.framework
    export PASCAL_STRINGS\=YES
    export PATH\=/Applications/Xcode.app/Contents/SharedFrameworks/SwiftBuild.framework/Versions/A/PlugIns/SWBBuildService.bundle/Contents/PlugIns/SWBUniversalPlatformPlugin.bundle/Contents/Frameworks/SWBUniversalPlatform.framework/Resources:/Applications/Xcode.app/Contents/Developer/Toolchains/XcodeDefault.xctoolchain/usr/bin:/Applications/Xcode.app/Contents/Developer/Toolchains/XcodeDefault.xctoolchain/usr/local/bin:/Applications/Xcode.app/Contents/Developer/Toolchains/XcodeDefault.xctoolchain/usr/libexec:/Applications/Xcode.app/Contents/Developer/Platforms/iPhoneSimulator.platform/usr/bin:/Applications/Xcode.app/Contents/Developer/Platforms/iPhoneSimulator.platform/usr/local/bin:/Applications/Xcode.app/Contents/Developer/Platforms/iPhoneSimulator.platform/Developer/usr/bin:/Applications/Xcode.app/Contents/Developer/Platforms/iPhoneSimulator.platform/Developer/usr/local/bin:/Applications/Xcode.app/Contents/Developer/usr/bin:/Applications/Xcode.app/Contents/Developer/usr/local/bin:/opt/homebrew/opt/ruby/bin:/opt/homebrew/lib/ruby/gems/4.0.0/bin:/opt/homebrew/bin:/opt/homebrew/sbin:/Users/antoniogrillo-balen/.nvm/versions/node/v24.14.1/bin:/Library/Frameworks/Python.framework/Versions/3.14/bin:/usr/local/bin:/System/Cryptexes/App/usr/bin:/usr/bin:/bin:/usr/sbin:/sbin:/var/run/com.apple.security.cryptexd/codex.system/bootstrap/usr/local/bin:/var/run/com.apple.security.cryptexd/codex.system/bootstrap/usr/bin:/var/run/com.apple.security.cryptexd/codex.system/bootstrap/usr/appleinternal/bin:/opt/pkg/env/active/bin:/opt/pmk/env/global/bin:/Library/Apple/usr/bin:/Applications/VMware\ Fusion.app/Contents/Public:/Users/antoniogrillo-balen/.cargo/bin:/Users/antoniogrillo-balen/.cache/plugins/.install-staging/25283474a0e0d4a060cb0e915c1ec54e3d41ef2e/cursor/repo/bin:/Users/antoniogrillo-balen/.claude/plugins/cache/claude-plugins-official/superpowers/5.1.0/bin:/Users/antoniogrillo-balen/.claude/plugins/cache/claude-plugins-official/frontend-design/unknown/bin:/Users/antoniogrillo-balen/.claude/plugins/cache/claude-plugins-official/code-simplifier/1.0.0/bin:/Users/antoniogrillo-balen/.claude/plugins/cache/claude-plugins-official/security-guidance/unknown/bin:/Users/antoniogrillo-balen/.claude/plugins/cache/thedotmack/claude-mem/12.1.1/bin
    export PATH_PREFIXES_EXCLUDED_FROM_HEADER_DEPENDENCIES\=/usr/include\ /usr/local/include\ /System/Library/Frameworks\ /System/Library/PrivateFrameworks\ /Applications/Xcode.app/Contents/Developer/Headers\ /Applications/Xcode.app/Contents/Developer/SDKs\ /Applications/Xcode.app/Contents/Developer/Platforms
    export PBDEVELOPMENTPLIST_PATH\=React_featureflagsnativemodule.framework/pbdevelopment.plist
    export PER_ARCH_MODULE_FILE_DIR\=/Users/antoniogrillo-balen/Library/Developer/Xcode/DerivedData/risebysolis-gzfsziqwziaggpcbgdowmssiasmi/Build/Intermediates.noindex/Pods.build/Debug-iphonesimulator/React-featureflagsnativemodule.build/Objects-normal/undefined_arch
    export PER_ARCH_OBJECT_FILE_DIR\=/Users/antoniogrillo-balen/Library/Developer/Xcode/DerivedData/risebysolis-gzfsziqwziaggpcbgdowmssiasmi/Build/Intermediates.noindex/Pods.build/Debug-iphonesimulator/React-featureflagsnativemodule.build/Objects-normal/undefined_arch
    export PER_VARIANT_OBJECT_FILE_DIR\=/Users/antoniogrillo-balen/Library/Developer/Xcode/DerivedData/risebysolis-gzfsziqwziaggpcbgdowmssiasmi/Build/Intermediates.noindex/Pods.build/Debug-iphonesimulator/React-featureflagsnativemodule.build/Objects-normal
    export PKGINFO_FILE_PATH\=/Users/antoniogrillo-balen/Library/Developer/Xcode/DerivedData/risebysolis-gzfsziqwziaggpcbgdowmssiasmi/Build/Intermediates.noindex/Pods.build/Debug-iphonesimulator/React-featureflagsnativemodule.build/PkgInfo
    export PKGINFO_PATH\=React_featureflagsnativemodule.framework/PkgInfo
    export PLATFORM_DEVELOPER_APPLICATIONS_DIR\=/Applications/Xcode.app/Contents/Developer/Platforms/iPhoneSimulator.platform/Developer/Applications
    export PLATFORM_DEVELOPER_BIN_DIR\=/Applications/Xcode.app/Contents/Developer/Platforms/iPhoneSimulator.platform/Developer/usr/bin
    export PLATFORM_DEVELOPER_LIBRARY_DIR\=/Applications/Xcode.app/Contents/Developer/Platforms/iPhoneSimulator.platform/Developer/Library
    export PLATFORM_DEVELOPER_SDK_DIR\=/Applications/Xcode.app/Contents/Developer/Platforms/iPhoneSimulator.platform/Developer/SDKs
    export PLATFORM_DEVELOPER_TOOLS_DIR\=/Applications/Xcode.app/Contents/Developer/Platforms/iPhoneSimulator.platform/Developer/Tools
    export PLATFORM_DEVELOPER_USR_DIR\=/Applications/Xcode.app/Contents/Developer/Platforms/iPhoneSimulator.platform/Developer/usr
    export PLATFORM_DIR\=/Applications/Xcode.app/Contents/Developer/Platforms/iPhoneSimulator.platform
    export PLATFORM_DISPLAY_NAME\=iOS\ Simulator
    export PLATFORM_FAMILY_NAME\=iOS
    export PLATFORM_NAME\=iphonesimulator
    export PLATFORM_PREFERRED_ARCH\=x86_64
    export PLATFORM_PRODUCT_BUILD_VERSION\=23F73
    export PLATFORM_REQUIRES_SWIFT_AUTOLINK_EXTRACT\=NO
    export PLATFORM_REQUIRES_SWIFT_MODULEWRAP\=NO
    export PLATFORM_USES_DSYMS\=YES
    export PLIST_FILE_OUTPUT_FORMAT\=binary
    export PLUGINS_FOLDER_PATH\=React_featureflagsnativemodule.framework/PlugIns
    export PODS_BUILD_DIR\=/Users/antoniogrillo-balen/Library/Developer/Xcode/DerivedData/risebysolis-gzfsziqwziaggpcbgdowmssiasmi/Build/Products
    export PODS_CONFIGURATION_BUILD_DIR\=/Users/antoniogrillo-balen/Library/Developer/Xcode/DerivedData/risebysolis-gzfsziqwziaggpcbgdowmssiasmi/Build/Products/Debug-iphonesimulator
    export PODS_DEVELOPMENT_LANGUAGE\=en
    export PODS_ROOT\=/Users/antoniogrillo-balen/Desktop/Projects/RiseBuild/ios/Pods
    export PODS_TARGET_SRCROOT\=/Users/antoniogrillo-balen/Desktop/Projects/RiseBuild/ios/Pods/../../node_modules/react-native/ReactCommon/react/nativemodule/featureflags
    export PODS_XCFRAMEWORKS_BUILD_DIR\=/Users/antoniogrillo-balen/Library/Developer/Xcode/DerivedData/risebysolis-gzfsziqwziaggpcbgdowmssiasmi/Build/Products/Debug-iphonesimulator/XCFrameworkIntermediates
    export PRECOMPS_INCLUDE_HEADERS_FROM_BUILT_PRODUCTS_DIR\=YES
    export PRECOMP_DESTINATION_DIR\=/Users/antoniogrillo-balen/Library/Developer/Xcode/DerivedData/risebysolis-gzfsziqwziaggpcbgdowmssiasmi/Build/Intermediates.noindex/Pods.build/Debug-iphonesimulator/React-featureflagsnativemodule.build/PrefixHeaders
    export PRIVATE_HEADERS_FOLDER_PATH\=React_featureflagsnativemodule.framework/PrivateHeaders
    export PROCESSED_INFOPLIST_PATH\=/Users/antoniogrillo-balen/Library/Developer/Xcode/DerivedData/risebysolis-gzfsziqwziaggpcbgdowmssiasmi/Build/Intermediates.noindex/Pods.build/Debug-iphonesimulator/React-featureflagsnativemodule.build/Objects-normal/undefined_arch/Processed-Info.plist
    export PRODUCT_BUNDLE_IDENTIFIER\=org.cocoapods.React-featureflagsnativemodule
    export PRODUCT_BUNDLE_PACKAGE_TYPE\=FMWK
    export PRODUCT_MODULE_NAME\=React_featureflagsnativemodule
    export PRODUCT_NAME\=React_featureflagsnativemodule
    export PRODUCT_SETTINGS_PATH\=/Users/antoniogrillo-balen/Desktop/Projects/RiseBuild/ios/Pods/Target\ Support\ Files/React-featureflagsnativemodule/React-featureflagsnativemodule-Info.plist
    export PRODUCT_TYPE\=com.apple.product-type.framework
    export PROFILING_CODE\=NO
    export PROJECT\=Pods
    export PROJECT_DERIVED_FILE_DIR\=/Users/antoniogrillo-balen/Library/Developer/Xcode/DerivedData/risebysolis-gzfsziqwziaggpcbgdowmssiasmi/Build/Intermediates.noindex/Pods.build/DerivedSources
    export PROJECT_DIR\=/Users/antoniogrillo-balen/Desktop/Projects/RiseBuild/ios/Pods
    export PROJECT_FILE_PATH\=/Users/antoniogrillo-balen/Desktop/Projects/RiseBuild/ios/Pods/Pods.xcodeproj
    export PROJECT_GUID\=8699adb1dd336b26511df848a716bd42
    export PROJECT_NAME\=Pods
    export PROJECT_TEMP_DIR\=/Users/antoniogrillo-balen/Library/Developer/Xcode/DerivedData/risebysolis-gzfsziqwziaggpcbgdowmssiasmi/Build/Intermediates.noindex/Pods.build
    export PROJECT_TEMP_ROOT\=/Users/antoniogrillo-balen/Library/Developer/Xcode/DerivedData/risebysolis-gzfsziqwziaggpcbgdowmssiasmi/Build/Intermediates.noindex
    export PUBLIC_HEADERS_FOLDER_PATH\=React_featureflagsnativemodule.framework/Headers
    export REACT_NATIVE_PATH\=/Users/antoniogrillo-balen/Desktop/Projects/RiseBuild/ios/Pods/../../node_modules/react-native
    export RECOMMENDED_IPHONEOS_DEPLOYMENT_TARGET\=15.0
    export RECURSIVE_SEARCH_PATHS_FOLLOW_SYMLINKS\=YES
    export REMOVE_CVS_FROM_RESOURCES\=YES
    export REMOVE_GIT_FROM_RESOURCES\=YES
    export REMOVE_HEADERS_FROM_EMBEDDED_BUNDLES\=YES
    export REMOVE_HG_FROM_RESOURCES\=YES
    export REMOVE_STATIC_EXECUTABLES_FROM_EMBEDDED_BUNDLES\=YES
    export REMOVE_SVN_FROM_RESOURCES\=YES
    export RESCHEDULE_INDEPENDENT_HEADERS_PHASES\=YES
    export REZ_COLLECTOR_DIR\=/Users/antoniogrillo-balen/Library/Developer/Xcode/DerivedData/risebysolis-gzfsziqwziaggpcbgdowmssiasmi/Build/Intermediates.noindex/Pods.build/Debug-iphonesimulator/React-featureflagsnativemodule.build/ResourceManagerResources
    export REZ_OBJECTS_DIR\=/Users/antoniogrillo-balen/Library/Developer/Xcode/DerivedData/risebysolis-gzfsziqwziaggpcbgdowmssiasmi/Build/Intermediates.noindex/Pods.build/Debug-iphonesimulator/React-featureflagsnativemodule.build/ResourceManagerResources/Objects
    export REZ_SEARCH_PATHS\=/Users/antoniogrillo-balen/Library/Developer/Xcode/DerivedData/risebysolis-gzfsziqwziaggpcbgdowmssiasmi/Build/Products/Debug-iphonesimulator/React-featureflagsnativemodule\ 
    export RPATH_ORIGIN\=@loader_path
    export RUNTIME_EXCEPTION_ALLOW_DYLD_ENVIRONMENT_VARIABLES\=NO
    export RUNTIME_EXCEPTION_ALLOW_JIT\=NO
    export RUNTIME_EXCEPTION_ALLOW_UNSIGNED_EXECUTABLE_MEMORY\=NO
    export RUNTIME_EXCEPTION_DEBUGGING_TOOL\=NO
    export RUNTIME_EXCEPTION_DISABLE_EXECUTABLE_PAGE_PROTECTION\=NO
    export RUNTIME_EXCEPTION_DISABLE_LIBRARY_VALIDATION\=NO
    export SCANNING_PCM_KEEP_CACHE_DIRECTORY\=YES
    export SCAN_ALL_SOURCE_FILES_FOR_INCLUDES\=NO
    export SCRIPTS_FOLDER_PATH\=React_featureflagsnativemodule.framework/Scripts
    export SCRIPT_INPUT_FILE_COUNT\=0
    export SCRIPT_INPUT_FILE_LIST_COUNT\=0
    export SCRIPT_OUTPUT_FILE_COUNT\=0
    export SCRIPT_OUTPUT_FILE_LIST_COUNT\=0
    export SDKROOT\=/Applications/Xcode.app/Contents/Developer/Platforms/iPhoneSimulator.platform/Developer/SDKs/iPhoneSimulator26.5.sdk
    export SDK_DIR\=/Applications/Xcode.app/Contents/Developer/Platforms/iPhoneSimulator.platform/Developer/SDKs/iPhoneSimulator26.5.sdk
    export SDK_DIR_iphonesimulator\=/Applications/Xcode.app/Contents/Developer/Platforms/iPhoneSimulator.platform/Developer/SDKs/iPhoneSimulator26.5.sdk
    export SDK_DIR_iphonesimulator26_5\=/Applications/Xcode.app/Contents/Developer/Platforms/iPhoneSimulator.platform/Developer/SDKs/iPhoneSimulator26.5.sdk
    export SDK_NAME\=iphonesimulator26.5
    export SDK_NAMES\=iphonesimulator26.5
    export SDK_PRODUCT_BUILD_VERSION\=23F73
    export SDK_STAT_CACHE_DIR\=/Users/antoniogrillo-balen/Library/Developer/Xcode/DerivedData
    export SDK_STAT_CACHE_ENABLE\=YES
    export SDK_STAT_CACHE_PATH\=/Users/antoniogrillo-balen/Library/Developer/Xcode/DerivedData/SDKStatCaches.noindex/iphonesimulator26.5-23F73-6cfe768891a92b912361537c460fe42b.sdkstatcache
    export SDK_VERSION\=26.5
    export SDK_VERSION_ACTUAL\=260500
    export SDK_VERSION_MAJOR\=260000
    export SDK_VERSION_MINOR\=260500
    export SED\=/usr/bin/sed
    export SEPARATE_STRIP\=NO
    export SEPARATE_SYMBOL_EDIT\=NO
    export SET_DIR_MODE_OWNER_GROUP\=YES
    export SET_FILE_MODE_OWNER_GROUP\=NO
    export SHALLOW_BUNDLE\=YES
    export SHALLOW_BUNDLE_TRIPLE\=ios-simulator
    export SHALLOW_BUNDLE_ios_macabi\=NO
    export SHALLOW_BUNDLE_macos\=NO
    export SHARED_DERIVED_FILE_DIR\=/Users/antoniogrillo-balen/Library/Developer/Xcode/DerivedData/risebysolis-gzfsziqwziaggpcbgdowmssiasmi/Build/Products/Debug-iphonesimulator/React-featureflagsnativemodule/DerivedSources
    export SHARED_FRAMEWORKS_FOLDER_PATH\=React_featureflagsnativemodule.framework/SharedFrameworks
    export SHARED_PRECOMPS_DIR\=/Users/antoniogrillo-balen/Library/Developer/Xcode/DerivedData/risebysolis-gzfsziqwziaggpcbgdowmssiasmi/Build/Intermediates.noindex/PrecompiledHeaders
    export SHARED_SUPPORT_FOLDER_PATH\=React_featureflagsnativemodule.framework
    export SKIP_INSTALL\=YES
    export SKIP_MERGEABLE_LIBRARY_BUNDLE_HOOK\=NO
    export SOURCE_ROOT\=/Users/antoniogrillo-balen/Desktop/Projects/RiseBuild/ios/Pods
    export SRCROOT\=/Users/antoniogrillo-balen/Desktop/Projects/RiseBuild/ios/Pods
    export STRINGSDATA_DIR\=/Users/antoniogrillo-balen/Library/Developer/Xcode/DerivedData/risebysolis-gzfsziqwziaggpcbgdowmssiasmi/Build/Intermediates.noindex/Pods.build/Debug-iphonesimulator/React-featureflagsnativemodule.build/Objects-normal/undefined_arch
    export STRINGSDATA_ROOT\=/Users/antoniogrillo-balen/Library/Developer/Xcode/DerivedData/risebysolis-gzfsziqwziaggpcbgdowmssiasmi/Build/Intermediates.noindex/Pods.build/Debug-iphonesimulator/React-featureflagsnativemodule.build
    export STRINGS_FILE_INFOPLIST_RENAME\=YES
    export STRINGS_FILE_OUTPUT_ENCODING\=binary
    export STRING_CATALOG_GENERATE_SYMBOLS\=NO
    export STRIP_BITCODE_FROM_COPIED_FILES\=NO
    export STRIP_INSTALLED_PRODUCT\=NO
    export STRIP_STYLE\=debugging
    export STRIP_SWIFT_SYMBOLS\=YES
    export SUPPORTED_DEVICE_FAMILIES\=1,2
    export SUPPORTED_PLATFORMS\=iphoneos\ iphonesimulator
    export SUPPORTS_TEXT_BASED_API\=NO
    export SUPPRESS_WARNINGS\=NO
    export SWIFT_ACTIVE_COMPILATION_CONDITIONS\=\ DEBUG\ 
    export SWIFT_EMIT_CONST_VALUE_PROTOCOLS\=AnyResolverProviding\ AppEntity\ AppEnum\ AppExtension\ AppIntent\ AppIntentsPackage\ AppShortcutProviding\ AppShortcutsProvider\ AppUnionValue\ AppUnionValueCasesProviding\ DynamicOptionsProvider\ EntityQuery\ ExtensionPointDefining\ IntentValueQuery\ Resolver\ TransientEntity\ _AssistantIntentsProvider\ _GenerativeFunctionExtractable\ _IntentValueRepresentable
    export SWIFT_EMIT_LOC_STRINGS\=NO
    export SWIFT_ENABLE_EXPLICIT_MODULES\=YES
    export SWIFT_INSTALL_MODULE_FOR_DEPLOYMENT\=YES
    export SWIFT_INSTALL_OBJC_HEADER\=YES
    export SWIFT_OPTIMIZATION_LEVEL\=-Onone
    export SWIFT_PLATFORM_TARGET_PREFIX\=ios
    export SWIFT_RESPONSE_FILE_PATH_normal_arm64\=/Users/antoniogrillo-balen/Library/Developer/Xcode/DerivedData/risebysolis-gzfsziqwziaggpcbgdowmssiasmi/Build/Intermediates.noindex/Pods.build/Debug-iphonesimulator/React-featureflagsnativemodule.build/Objects-normal/arm64/React_featureflagsnativemodule.SwiftFileList
    export SWIFT_VERSION\=5.0
    export SYMROOT\=/Users/antoniogrillo-balen/Library/Developer/Xcode/DerivedData/risebysolis-gzfsziqwziaggpcbgdowmssiasmi/Build/Products
    export SYSTEM_ADMIN_APPS_DIR\=/Applications/Utilities
    export SYSTEM_APPS_DIR\=/Applications
    export SYSTEM_CORE_SERVICES_DIR\=/System/Library/CoreServices
    export SYSTEM_DEMOS_DIR\=/Applications/Extras
    export SYSTEM_DEVELOPER_APPS_DIR\=/Applications/Xcode.app/Contents/Developer/Applications
    export SYSTEM_DEVELOPER_BIN_DIR\=/Applications/Xcode.app/Contents/Developer/usr/bin
    export SYSTEM_DEVELOPER_DEMOS_DIR\=/Applications/Xcode.app/Contents/Developer/Applications/Utilities/Built\ Examples
    export SYSTEM_DEVELOPER_DIR\=/Applications/Xcode.app/Contents/Developer
    export SYSTEM_DEVELOPER_DOC_DIR\=/Applications/Xcode.app/Contents/Developer/ADC\ Reference\ Library
    export SYSTEM_DEVELOPER_GRAPHICS_TOOLS_DIR\=/Applications/Xcode.app/Contents/Developer/Applications/Graphics\ Tools
    export SYSTEM_DEVELOPER_JAVA_TOOLS_DIR\=/Applications/Xcode.app/Contents/Developer/Applications/Java\ Tools
    export SYSTEM_DEVELOPER_PERFORMANCE_TOOLS_DIR\=/Applications/Xcode.app/Contents/Developer/Applications/Performance\ Tools
    export SYSTEM_DEVELOPER_RELEASENOTES_DIR\=/Applications/Xcode.app/Contents/Developer/ADC\ Reference\ Library/releasenotes
    export SYSTEM_DEVELOPER_TOOLS\=/Applications/Xcode.app/Contents/Developer/Tools
    export SYSTEM_DEVELOPER_TOOLS_DOC_DIR\=/Applications/Xcode.app/Contents/Developer/ADC\ Reference\ Library/documentation/DeveloperTools
    export SYSTEM_DEVELOPER_TOOLS_RELEASENOTES_DIR\=/Applications/Xcode.app/Contents/Developer/ADC\ Reference\ Library/releasenotes/DeveloperTools
    export SYSTEM_DEVELOPER_USR_DIR\=/Applications/Xcode.app/Contents/Developer/usr
    export SYSTEM_DEVELOPER_UTILITIES_DIR\=/Applications/Xcode.app/Contents/Developer/Applications/Utilities
    export SYSTEM_DEXT_INSTALL_PATH\=/System/Library/DriverExtensions
    export SYSTEM_DOCUMENTATION_DIR\=/Library/Documentation
    export SYSTEM_EXTENSIONS_FOLDER_PATH\=React_featureflagsnativemodule.framework/SystemExtensions
    export SYSTEM_EXTENSIONS_FOLDER_PATH_SHALLOW_BUNDLE_NO\=React_featureflagsnativemodule.framework/Library/SystemExtensions
    export SYSTEM_EXTENSIONS_FOLDER_PATH_SHALLOW_BUNDLE_YES\=React_featureflagsnativemodule.framework/SystemExtensions
    export SYSTEM_KEXT_INSTALL_PATH\=/System/Library/Extensions
    export SYSTEM_LIBRARY_DIR\=/System/Library
    export TAPI_DEMANGLE\=YES
    export TAPI_ENABLE_PROJECT_HEADERS\=NO
    export TAPI_LANGUAGE\=objective-c
    export TAPI_LANGUAGE_STANDARD\=compiler-default
    export TAPI_USE_SRCROOT\=YES
    export TAPI_VERIFY_MODE\=Pedantic
    export TARGETED_DEVICE_FAMILY\=1,2
    export TARGETNAME\=React-featureflagsnativemodule
    export TARGET_BUILD_DIR\=/Users/antoniogrillo-balen/Library/Developer/Xcode/DerivedData/risebysolis-gzfsziqwziaggpcbgdowmssiasmi/Build/Products/Debug-iphonesimulator/React-featureflagsnativemodule
    export TARGET_DEVICE_IDENTIFIER\=0C333F8A-4681-4475-855E-6FFD70F12533
    export TARGET_DEVICE_MODEL\=iPhone16,2
    export TARGET_DEVICE_OS_VERSION\=26.4.1
    export TARGET_DEVICE_PLATFORM_NAME\=iphonesimulator
    export TARGET_NAME\=React-featureflagsnativemodule
    export TARGET_TEMP_DIR\=/Users/antoniogrillo-balen/Library/Developer/Xcode/DerivedData/risebysolis-gzfsziqwziaggpcbgdowmssiasmi/Build/Intermediates.noindex/Pods.build/Debug-iphonesimulator/React-featureflagsnativemodule.build
    export TEMP_DIR\=/Users/antoniogrillo-balen/Library/Developer/Xcode/DerivedData/risebysolis-gzfsziqwziaggpcbgdowmssiasmi/Build/Intermediates.noindex/Pods.build/Debug-iphonesimulator/React-featureflagsnativemodule.build
    export TEMP_FILES_DIR\=/Users/antoniogrillo-balen/Library/Developer/Xcode/DerivedData/risebysolis-gzfsziqwziaggpcbgdowmssiasmi/Build/Intermediates.noindex/Pods.build/Debug-iphonesimulator/React-featureflagsnativemodule.build
    export TEMP_FILE_DIR\=/Users/antoniogrillo-balen/Library/Developer/Xcode/DerivedData/risebysolis-gzfsziqwziaggpcbgdowmssiasmi/Build/Intermediates.noindex/Pods.build/Debug-iphonesimulator/React-featureflagsnativemodule.build
    export TEMP_ROOT\=/Users/antoniogrillo-balen/Library/Developer/Xcode/DerivedData/risebysolis-gzfsziqwziaggpcbgdowmssiasmi/Build/Intermediates.noindex
    export TEMP_SANDBOX_DIR\=/Users/antoniogrillo-balen/Library/Developer/Xcode/DerivedData/risebysolis-gzfsziqwziaggpcbgdowmssiasmi/Build/Intermediates.noindex/TemporaryTaskSandboxes
    export TEST_FRAMEWORK_SEARCH_PATHS\=\ /Applications/Xcode.app/Contents/Developer/Platforms/iPhoneSimulator.platform/Developer/Library/Frameworks\ /Applications/Xcode.app/Contents/Developer/Platforms/iPhoneSimulator.platform/Developer/SDKs/iPhoneSimulator26.5.sdk/Developer/Library/Frameworks
    export TEST_LIBRARY_SEARCH_PATHS\=\ /Applications/Xcode.app/Contents/Developer/Platforms/iPhoneSimulator.platform/Developer/usr/lib
    export TOOLCHAINS\=com.apple.dt.toolchain.XcodeDefault
    export TOOLCHAIN_DIR\=/Applications/Xcode.app/Contents/Developer/Toolchains/XcodeDefault.xctoolchain
    export TREAT_MISSING_BASELINES_AS_TEST_FAILURES\=NO
    export TREAT_MISSING_SCRIPT_PHASE_OUTPUTS_AS_ERRORS\=NO
    export TeamIdentifierPrefix\=FAKETEAMID.
    export UID\=501
    export UNINSTALLED_PRODUCTS_DIR\=/Users/antoniogrillo-balen/Library/Developer/Xcode/DerivedData/risebysolis-gzfsziqwziaggpcbgdowmssiasmi/Build/Intermediates.noindex/UninstalledProducts
    export UNLOCALIZED_RESOURCES_FOLDER_PATH\=React_featureflagsnativemodule.framework
    export UNLOCALIZED_RESOURCES_FOLDER_PATH_SHALLOW_BUNDLE_NO\=React_featureflagsnativemodule.framework/Resources
    export UNLOCALIZED_RESOURCES_FOLDER_PATH_SHALLOW_BUNDLE_YES\=React_featureflagsnativemodule.framework
    export UNSTRIPPED_PRODUCT\=NO
    export USER\=antoniogrillo-balen
    export USER_APPS_DIR\=/Users/antoniogrillo-balen/Applications
    export USER_LIBRARY_DIR\=/Users/antoniogrillo-balen/Library
    export USE_DYNAMIC_NO_PIC\=YES
    export USE_HEADERMAP\=YES
    export USE_HEADER_SYMLINKS\=NO
    export USE_HERMES\=true
    export USE_RECURSIVE_SCRIPT_INPUTS_IN_SCRIPT_PHASES\=YES
    export VALIDATE_DEVELOPMENT_ASSET_PATHS\=YES_ERROR
    export VALIDATE_PRODUCT\=NO
    export VALID_ARCHS\=arm64\ x86_64
    export VERBOSE_PBXCP\=NO
    export VERSIONING_SYSTEM\=apple-generic
    export VERSIONPLIST_PATH\=React_featureflagsnativemodule.framework/version.plist
    export VERSIONS_FOLDER_PATH\=React_featureflagsnativemodule.framework
    export VERSIONS_FOLDER_PATH_SHALLOW_BUNDLE_NO\=React_featureflagsnativemodule.framework/Versions
    export VERSIONS_FOLDER_PATH_SHALLOW_BUNDLE_YES\=React_featureflagsnativemodule.framework
    export VERSION_INFO_BUILDER\=antoniogrillo-balen
    export VERSION_INFO_FILE\=React_featureflagsnativemodule_vers.c
    export VERSION_INFO_STRING\=\"@\(\#\)PROGRAM:React_featureflagsnativemodule\ \ PROJECT:Pods-1\"
    export WORKSPACE_DIR\=/Users/antoniogrillo-balen/Desktop/Projects/RiseBuild/ios
    export WRAPPER_EXTENSION\=framework
    export WRAPPER_NAME\=React_featureflagsnativemodule.framework
    export WRAPPER_SUFFIX\=.framework
    export WRAP_ASSET_PACKS_IN_SEPARATE_DIRECTORIES\=NO
    export XCODE_APP_SUPPORT_DIR\=/Applications/Xcode.app/Contents/Developer/Library/Xcode
    export XCODE_PRODUCT_BUILD_VERSION\=17F42
    export XCODE_VERSION_ACTUAL\=2650
    export XCODE_VERSION_MAJOR\=2600
    export XCODE_VERSION_MINOR\=2650
    export XPCSERVICES_FOLDER_PATH\=React_featureflagsnativemodule.framework/XPCServices
    export YACC\=yacc
    export _DISCOVER_COMMAND_LINE_LINKER_INPUTS\=YES
    export _DISCOVER_COMMAND_LINE_LINKER_INPUTS_INCLUDE_WL\=YES
    export _LD_MULTIARCH\=YES
    export _WRAPPER_CONTENTS_DIR_SHALLOW_BUNDLE_NO\=/Contents
    export _WRAPPER_PARENT_PATH_SHALLOW_BUNDLE_NO\=/..
    export _WRAPPER_RESOURCES_DIR_SHALLOW_BUNDLE_NO\=/Resources
    export __DIAGNOSE_DEPRECATED_ARCHS\=YES
    export __ORIGINAL_SDK_DEFINED_LLVM_TARGET_TRIPLE_SYS\=ios
    export arch\=undefined_arch
    export variant\=normal
    /bin/sh -c /Users/antoniogrillo-balen/Library/Developer/Xcode/DerivedData/risebysolis-gzfsziqwziaggpcbgdowmssiasmi/Build/Intermediates.noindex/Pods.build/Debug-iphonesimulator/React-featureflagsnativemodule.build/Script-46EB2E0002ADC0.sh

warning: Run script build phase 'Create Symlinks to Header Folders' will be run during every build because it does not specify any outputs. To address this issue, either add output dependencies to the script phase, or configure it to run in every build by unchecking "Based on dependency analysis" in the script phase. (in target 'React-idlecallbacksnativemodule' from project 'Pods')
CompileC /Users/antoniogrillo-balen/Library/Developer/Xcode/DerivedData/risebysolis-gzfsziqwziaggpcbgdowmssiasmi/Build/Intermediates.noindex/Pods.build/Debug-iphonesimulator/React-idlecallbacksnativemodule.build/Objects-normal/arm64/NativeIdleCallbacks.o /Users/antoniogrillo-balen/Desktop/Projects/RiseBuild/node_modules/react-native/ReactCommon/react/nativemodule/idlecallbacks/NativeIdleCallbacks.cpp normal arm64 c++ com.apple.compilers.llvm.clang.1_0.compiler (in target 'React-idlecallbacksnativemodule' from project 'Pods')
    cd /Users/antoniogrillo-balen/Desktop/Projects/RiseBuild/ios/Pods
    
    Using response file: /Users/antoniogrillo-balen/Library/Developer/Xcode/DerivedData/risebysolis-gzfsziqwziaggpcbgdowmssiasmi/Build/Intermediates.noindex/Pods.build/Debug-iphonesimulator/React-idlecallbacksnativemodule.build/Objects-normal/arm64/82b82416624d2658e5098eb0a28c15c5-common-args.resp
    
    /Applications/Xcode.app/Contents/Developer/Toolchains/XcodeDefault.xctoolchain/usr/bin/clang -x c++ -ivfsstatcache /Users/antoniogrillo-balen/Library/Developer/Xcode/DerivedData/SDKStatCaches.noindex/iphonesimulator26.5-23F73-6cfe768891a92b912361537c460fe42b.sdkstatcache -target arm64-apple-ios15.1-simulator -fmessage-length\=0 -fdiagnostics-show-note-include-stack -fmacro-backtrace-limit\=0 -fno-color-diagnostics -fmodules-prune-interval\=86400 -fmodules-prune-after\=345600 -fbuild-session-file\=/Users/antoniogrillo-balen/Library/Developer/Xcode/DerivedData/ModuleCache.noindex/Session.modulevalidation -fmodules-validate-once-per-build-session -Wnon-modular-include-in-framework-module -Werror\=non-modular-include-in-framework-module -Wno-trigraphs -Wno-missing-field-initializers -Wno-missing-prototypes -Werror\=return-type -Wdocumentation -Wunreachable-code -Werror\=deprecated-objc-isa-usage -Werror\=objc-root-class -Wno-non-virtual-dtor -Wno-overloaded-virtual -Wno-exit-time-destructors -Wno-missing-braces -Wparentheses -Wswitch -Wunused-function -Wno-unused-label -Wno-unused-parameter -Wunused-variable -Wunused-value -Wempty-body -Wuninitialized -Wconditional-uninitialized -Wno-unknown-pragmas -Wno-shadow -Wno-four-char-constants -Wno-conversion -Wconstant-conversion -Wint-conversion -Wbool-conversion -Wenum-conversion -Wno-float-conversion -Wnon-literal-null-conversion -Wobjc-literal-conversion -Wshorten-64-to-32 -Wno-newline-eof -Wno-c++11-extensions -Wno-implicit-fallthrough -isysroot /Applications/Xcode.app/Contents/Developer/Platforms/iPhoneSimulator.platform/Developer/SDKs/iPhoneSimulator26.5.sdk -fstrict-aliasing -Wdeprecated-declarations -Winvalid-offsetof -Wno-sign-conversion -Winfinite-recursion -Wmove -Wcomma -Wblock-capture-autoreleasing -Wstrict-prototypes -Wrange-loop-analysis -Wno-semicolon-before-method-body -Wunguarded-availability -index-store-path /Users/antoniogrillo-balen/Library/Developer/Xcode/DerivedData/risebysolis-gzfsziqwziaggpcbgdowmssiasmi/Index.noindex/DataStore -Wno-comma -Wno-shorten-64-to-32 @/Users/antoniogrillo-balen/Library/Developer/Xcode/DerivedData/risebysolis-gzfsziqwziaggpcbgdowmssiasmi/Build/Intermediates.noindex/Pods.build/Debug-iphonesimulator/React-idlecallbacksnativemodule.build/Objects-normal/arm64/82b82416624d2658e5098eb0a28c15c5-common-args.resp -DFOLLY_NO_CONFIG -DFOLLY_MOBILE\=1 -DFOLLY_USE_LIBCPP\=1 -DFOLLY_CFG_NO_COROUTINES\=1 -DFOLLY_HAVE_CLOCK_GETTIME\=1 -Wno-comma -Wno-shorten-64-to-32 -include /Users/antoniogrillo-balen/Desktop/Projects/RiseBuild/ios/Pods/Target\ Support\ Files/React-idlecallbacksnativemodule/React-idlecallbacksnativemodule-prefix.pch -MMD -MT dependencies -MF /Users/antoniogrillo-balen/Library/Developer/Xcode/DerivedData/risebysolis-gzfsziqwziaggpcbgdowmssiasmi/Build/Intermediates.noindex/Pods.build/Debug-iphonesimulator/React-idlecallbacksnativemodule.build/Objects-normal/arm64/NativeIdleCallbacks.d --serialize-diagnostics /Users/antoniogrillo-balen/Library/Developer/Xcode/DerivedData/risebysolis-gzfsziqwziaggpcbgdowmssiasmi/Build/Intermediates.noindex/Pods.build/Debug-iphonesimulator/React-idlecallbacksnativemodule.build/Objects-normal/arm64/NativeIdleCallbacks.dia -c /Users/antoniogrillo-balen/Desktop/Projects/RiseBuild/node_modules/react-native/ReactCommon/react/nativemodule/idlecallbacks/NativeIdleCallbacks.cpp -o /Users/antoniogrillo-balen/Library/Developer/Xcode/DerivedData/risebysolis-gzfsziqwziaggpcbgdowmssiasmi/Build/Intermediates.noindex/Pods.build/Debug-iphonesimulator/React-idlecallbacksnativemodule.build/Objects-normal/arm64/NativeIdleCallbacks.o -index-unit-output-path /Pods.build/Debug-iphonesimulator/React-idlecallbacksnativemodule.build/Objects-normal/arm64/NativeIdleCallbacks.o

Libtool /Users/antoniogrillo-balen/Library/Developer/Xcode/DerivedData/risebysolis-gzfsziqwziaggpcbgdowmssiasmi/Build/Products/Debug-iphonesimulator/React-idlecallbacksnativemodule/idlecallbacksnativemodule.framework/idlecallbacksnativemodule normal (in target 'React-idlecallbacksnativemodule' from project 'Pods')
    cd /Users/antoniogrillo-balen/Desktop/Projects/RiseBuild/ios/Pods
    /Applications/Xcode.app/Contents/Developer/Toolchains/XcodeDefault.xctoolchain/usr/bin/libtool -static -arch_only arm64 -D -syslibroot /Applications/Xcode.app/Contents/Developer/Platforms/iPhoneSimulator.platform/Developer/SDKs/iPhoneSimulator26.5.sdk -L/Users/antoniogrillo-balen/Library/Developer/Xcode/DerivedData/risebysolis-gzfsziqwziaggpcbgdowmssiasmi/Build/Products/Debug-iphonesimulator/React-idlecallbacksnativemodule -filelist /Users/antoniogrillo-balen/Library/Developer/Xcode/DerivedData/risebysolis-gzfsziqwziaggpcbgdowmssiasmi/Build/Intermediates.noindex/Pods.build/Debug-iphonesimulator/React-idlecallbacksnativemodule.build/Objects-normal/arm64/idlecallbacksnativemodule.LinkFileList -dependency_info /Users/antoniogrillo-balen/Library/Developer/Xcode/DerivedData/risebysolis-gzfsziqwziaggpcbgdowmssiasmi/Build/Intermediates.noindex/Pods.build/Debug-iphonesimulator/React-idlecallbacksnativemodule.build/Objects-normal/arm64/idlecallbacksnativemodule_libtool_dependency_info.dat -o /Users/antoniogrillo-balen/Library/Developer/Xcode/DerivedData/risebysolis-gzfsziqwziaggpcbgdowmssiasmi/Build/Products/Debug-iphonesimulator/React-idlecallbacksnativemodule/idlecallbacksnativemodule.framework/idlecallbacksnativemodule

PhaseScriptExecution Create\ Symlinks\ to\ Header\ Folders /Users/antoniogrillo-balen/Library/Developer/Xcode/DerivedData/risebysolis-gzfsziqwziaggpcbgdowmssiasmi/Build/Intermediates.noindex/Pods.build/Debug-iphonesimulator/React-idlecallbacksnativemodule.build/Script-46EB2E0002B5E0.sh (in target 'React-idlecallbacksnativemodule' from project 'Pods')
    cd /Users/antoniogrillo-balen/Desktop/Projects/RiseBuild/ios/Pods
    export ACTION\=build
    export AD_HOC_CODE_SIGNING_ALLOWED\=YES
    export ALLOW_BUILD_REQUEST_OVERRIDES\=NO
    export ALLOW_TARGET_PLATFORM_SPECIALIZATION\=NO
    export ALTERNATE_GROUP\=staff
    export ALTERNATE_MODE\=u+w,go-w,a+rX
    export ALTERNATE_OWNER\=antoniogrillo-balen
    export ALTERNATIVE_DISTRIBUTION_WEB\=NO
    export ALWAYS_EMBED_SWIFT_STANDARD_LIBRARIES\=NO
    export ALWAYS_SEARCH_USER_PATHS\=NO
    export ALWAYS_USE_SEPARATE_HEADERMAPS\=NO
    export APPLICATION_EXTENSION_API_ONLY\=NO
    export APPLY_RULES_IN_COPY_FILES\=NO
    export APPLY_RULES_IN_COPY_HEADERS\=NO
    export APP_SHORTCUTS_ENABLE_FLEXIBLE_MATCHING\=YES
    export ARCHS\=arm64
    export ARCHS_BASE\=arm64
    export ARCHS_STANDARD\=arm64\ x86_64
    export ARCHS_STANDARD_32_64_BIT\=arm64\ x86_64
    export ARCHS_STANDARD_64_BIT\=arm64\ x86_64
    export ARCHS_STANDARD_INCLUDING_64_BIT\=arm64\ x86_64
    export ARCHS_UNIVERSAL_IPHONE_OS\=arm64\ x86_64
    export ASSETCATALOG_FILTER_FOR_DEVICE_MODEL\=iPhone16,2
    export ASSETCATALOG_FILTER_FOR_DEVICE_OS_VERSION\=26.4.1
    export ASSETCATALOG_FILTER_FOR_THINNING_DEVICE_CONFIGURATION\=iPhone16,2
    export AUTOMATICALLY_MERGE_DEPENDENCIES\=NO
    export AUTOMATION_APPLE_EVENTS\=NO
    export AVAILABLE_PLATFORMS\=android\ appletvos\ appletvsimulator\ driverkit\ freebsd\ iphoneos\ iphonesimulator\ linux\ macosx\ none\ openbsd\ qnx\ watchos\ watchsimulator\ webassembly\ xros\ xrsimulator
    export AppIdentifierPrefix\=FAKETEAMID.
    export BUILD_ACTIVE_RESOURCES_ONLY\=YES
    export BUILD_COMPONENTS\=headers\ build
    export BUILD_DIR\=/Users/antoniogrillo-balen/Library/Developer/Xcode/DerivedData/risebysolis-gzfsziqwziaggpcbgdowmssiasmi/Build/Products
    export BUILD_LIBRARY_FOR_DISTRIBUTION\=NO
    export BUILD_ONLY_KNOWN_LOCALIZATIONS\=NO
    export BUILD_ROOT\=/Users/antoniogrillo-balen/Library/Developer/Xcode/DerivedData/risebysolis-gzfsziqwziaggpcbgdowmssiasmi/Build/Products
    export BUILD_STYLE\=
    export BUILD_VARIANTS\=normal
    export BUILT_PRODUCTS_DIR\=/Users/antoniogrillo-balen/Library/Developer/Xcode/DerivedData/risebysolis-gzfsziqwziaggpcbgdowmssiasmi/Build/Products/Debug-iphonesimulator/React-idlecallbacksnativemodule
    export BUNDLE_CONTENTS_FOLDER_PATH_deep\=Contents/
    export BUNDLE_EXECUTABLE_FOLDER_NAME_deep\=MacOS
    export BUNDLE_EXTENSIONS_FOLDER_PATH\=Extensions
    export BUNDLE_FORMAT\=shallow
    export BUNDLE_FRAMEWORKS_FOLDER_PATH\=Frameworks
    export BUNDLE_PLUGINS_FOLDER_PATH\=PlugIns
    export BUNDLE_PRIVATE_HEADERS_FOLDER_PATH\=PrivateHeaders
    export BUNDLE_PUBLIC_HEADERS_FOLDER_PATH\=Headers
    export CACHE_ROOT\=/var/folders/2z/jtlqylkx0c709j3xb7b0g4cm0000gn/C/com.apple.DeveloperTools/26.5-17F42/Xcode
    export CCHROOT\=/var/folders/2z/jtlqylkx0c709j3xb7b0g4cm0000gn/C/com.apple.DeveloperTools/26.5-17F42/Xcode
    export CHMOD\=/bin/chmod
    export CHOWN\=chown
    export CLANG_ANALYZER_LOCALIZABILITY_NONLOCALIZED\=YES
    export CLANG_ANALYZER_NONNULL\=YES
    export CLANG_ANALYZER_NUMBER_OBJECT_CONVERSION\=YES_AGGRESSIVE
    export CLANG_CACHE_FINE_GRAINED_OUTPUTS\=YES
    export CLANG_CXX_LANGUAGE_STANDARD\=c++20
    export CLANG_CXX_LIBRARY\=libc++
    export CLANG_ENABLE_EXPLICIT_MODULES\=YES
    export CLANG_ENABLE_MODULES\=YES
    export CLANG_ENABLE_OBJC_ARC\=YES
    export CLANG_ENABLE_OBJC_WEAK\=NO
    export CLANG_MODULES_BUILD_SESSION_FILE\=/Users/antoniogrillo-balen/Library/Developer/Xcode/DerivedData/ModuleCache.noindex/Session.modulevalidation
    export CLANG_WARN_BLOCK_CAPTURE_AUTORELEASING\=YES
    export CLANG_WARN_BOOL_CONVERSION\=YES
    export CLANG_WARN_COMMA\=YES
    export CLANG_WARN_CONSTANT_CONVERSION\=YES
    export CLANG_WARN_DEPRECATED_OBJC_IMPLEMENTATIONS\=YES
    export CLANG_WARN_DIRECT_OBJC_ISA_USAGE\=YES_ERROR
    export CLANG_WARN_DOCUMENTATION_COMMENTS\=YES
    export CLANG_WARN_EMPTY_BODY\=YES
    export CLANG_WARN_ENUM_CONVERSION\=YES
    export CLANG_WARN_INFINITE_RECURSION\=YES
    export CLANG_WARN_INT_CONVERSION\=YES
    export CLANG_WARN_NON_LITERAL_NULL_CONVERSION\=YES
    export CLANG_WARN_OBJC_IMPLICIT_RETAIN_SELF\=YES
    export CLANG_WARN_OBJC_LITERAL_CONVERSION\=YES
    export CLANG_WARN_OBJC_ROOT_CLASS\=YES_ERROR
    export CLANG_WARN_QUOTED_INCLUDE_IN_FRAMEWORK_HEADER\=NO
    export CLANG_WARN_RANGE_LOOP_ANALYSIS\=YES
    export CLANG_WARN_STRICT_PROTOTYPES\=YES
    export CLANG_WARN_SUSPICIOUS_MOVE\=YES
    export CLANG_WARN_UNGUARDED_AVAILABILITY\=YES_AGGRESSIVE
    export CLANG_WARN_UNREACHABLE_CODE\=YES
    export CLANG_WARN__DUPLICATE_METHOD_MATCH\=YES
    export CLASS_FILE_DIR\=/Users/antoniogrillo-balen/Library/Developer/Xcode/DerivedData/risebysolis-gzfsziqwziaggpcbgdowmssiasmi/Build/Intermediates.noindex/Pods.build/Debug-iphonesimulator/React-idlecallbacksnativemodule.build/JavaClasses
    export CLEAN_PRECOMPS\=YES
    export CLONE_HEADERS\=NO
    export CODESIGNING_FOLDER_PATH\=/Users/antoniogrillo-balen/Library/Developer/Xcode/DerivedData/risebysolis-gzfsziqwziaggpcbgdowmssiasmi/Build/Products/Debug-iphonesimulator/React-idlecallbacksnativemodule/idlecallbacksnativemodule.framework
    export CODE_SIGNING_ALLOWED\=YES
    export CODE_SIGNING_REQUIRED\=NO
    export CODE_SIGNING_REQUIRES_TEAM\=YES
    export CODE_SIGN_CONTEXT_CLASS\=XCiPhoneSimulatorCodeSignContext
    export CODE_SIGN_IDENTITY\=-
    export CODE_SIGN_INJECT_BASE_ENTITLEMENTS\=YES
    export COLOR_DIAGNOSTICS\=NO
    export COMBINE_HIDPI_IMAGES\=NO
    export COMPILATION_CACHE_CAS_PATH\=/Users/antoniogrillo-balen/Library/Developer/Xcode/DerivedData/CompilationCache.noindex
    export COMPILATION_CACHE_KEEP_CAS_DIRECTORY\=YES
    export COMPILER_INDEX_STORE_ENABLE\=Default
    export COMPOSITE_SDK_DIRS\=/Users/antoniogrillo-balen/Library/Developer/Xcode/DerivedData/risebysolis-gzfsziqwziaggpcbgdowmssiasmi/Build/Intermediates.noindex/CompositeSDKs
    export COMPRESS_PNG_FILES\=YES
    export CONFIGURATION\=Debug
    export CONFIGURATION_BUILD_DIR\=/Users/antoniogrillo-balen/Library/Developer/Xcode/DerivedData/risebysolis-gzfsziqwziaggpcbgdowmssiasmi/Build/Products/Debug-iphonesimulator/React-idlecallbacksnativemodule
    export CONFIGURATION_TEMP_DIR\=/Users/antoniogrillo-balen/Library/Developer/Xcode/DerivedData/risebysolis-gzfsziqwziaggpcbgdowmssiasmi/Build/Intermediates.noindex/Pods.build/Debug-iphonesimulator
    export CONTENTS_FOLDER_PATH\=idlecallbacksnativemodule.framework
    export CONTENTS_FOLDER_PATH_SHALLOW_BUNDLE_NO\=idlecallbacksnativemodule.framework/A
    export CONTENTS_FOLDER_PATH_SHALLOW_BUNDLE_YES\=idlecallbacksnativemodule.framework
    export COPYING_PRESERVES_HFS_DATA\=NO
    export COPY_HEADERS_RUN_UNIFDEF\=NO
    export COPY_PHASE_STRIP\=NO
    export CORRESPONDING_DEVICE_PLATFORM_DIR\=/Applications/Xcode.app/Contents/Developer/Platforms/iPhoneOS.platform
    export CORRESPONDING_DEVICE_PLATFORM_NAME\=iphoneos
    export CORRESPONDING_DEVICE_SDK_DIR\=/Applications/Xcode.app/Contents/Developer/Platforms/iPhoneOS.platform/Developer/SDKs/iPhoneOS26.5.sdk
    export CORRESPONDING_DEVICE_SDK_NAME\=iphoneos26.5
    export CP\=/bin/cp
    export CREATE_INFOPLIST_SECTION_IN_BINARY\=NO
    export CURRENT_ARCH\=undefined_arch
    export CURRENT_PROJECT_VERSION\=1
    export CURRENT_VARIANT\=normal
    export CURRENT_VERSION\=Current
    export DEAD_CODE_STRIPPING\=YES
    export DEBUGGING_SYMBOLS\=YES
    export DEBUG_INFORMATION_FORMAT\=dwarf
    export DEBUG_INFORMATION_VERSION\=compiler-default
    export DEFAULT_COMPILER\=com.apple.compilers.llvm.clang.1_0
    export DEFAULT_DEXT_INSTALL_PATH\=/System/Library/DriverExtensions
    export DEFAULT_KEXT_INSTALL_PATH\=/System/Library/Extensions
    export DEFINES_MODULE\=YES
    export DEPLOYMENT_LOCATION\=NO
    export DEPLOYMENT_POSTPROCESSING\=NO
    export DEPLOYMENT_TARGET_SETTING_NAME\=IPHONEOS_DEPLOYMENT_TARGET
    export DEPLOYMENT_TARGET_SUGGESTED_VALUES\=12.0\ 12.1\ 12.2\ 12.3\ 12.4\ 13.0\ 13.1\ 13.2\ 13.3\ 13.4\ 13.5\ 13.6\ 14.0\ 14.1\ 14.2\ 14.3\ 14.4\ 14.5\ 14.6\ 14.7\ 15.0\ 15.1\ 15.2\ 15.3\ 15.4\ 15.5\ 15.6\ 16.0\ 16.1\ 16.2\ 16.3\ 16.4\ 16.5\ 16.6\ 17.0\ 17.1\ 17.2\ 17.3\ 17.4\ 17.5\ 17.6\ 18.0\ 18.1\ 18.2\ 18.3\ 18.4\ 18.5\ 18.6\ 26.0\ 26.2\ 26.3\ 26.4\ 26.5
    export DERIVED_FILES_DIR\=/Users/antoniogrillo-balen/Library/Developer/Xcode/DerivedData/risebysolis-gzfsziqwziaggpcbgdowmssiasmi/Build/Intermediates.noindex/Pods.build/Debug-iphonesimulator/React-idlecallbacksnativemodule.build/DerivedSources
    export DERIVED_FILE_DIR\=/Users/antoniogrillo-balen/Library/Developer/Xcode/DerivedData/risebysolis-gzfsziqwziaggpcbgdowmssiasmi/Build/Intermediates.noindex/Pods.build/Debug-iphonesimulator/React-idlecallbacksnativemodule.build/DerivedSources
    export DERIVED_SOURCES_DIR\=/Users/antoniogrillo-balen/Library/Developer/Xcode/DerivedData/risebysolis-gzfsziqwziaggpcbgdowmssiasmi/Build/Intermediates.noindex/Pods.build/Debug-iphonesimulator/React-idlecallbacksnativemodule.build/DerivedSources
    export DEVELOPER_APPLICATIONS_DIR\=/Applications/Xcode.app/Contents/Developer/Applications
    export DEVELOPER_BIN_DIR\=/Applications/Xcode.app/Contents/Developer/usr/bin
    export DEVELOPER_DIR\=/Applications/Xcode.app/Contents/Developer
    export DEVELOPER_FRAMEWORKS_DIR\=/Applications/Xcode.app/Contents/Developer/Library/Frameworks
    export DEVELOPER_FRAMEWORKS_DIR_QUOTED\=/Applications/Xcode.app/Contents/Developer/Library/Frameworks
    export DEVELOPER_LIBRARY_DIR\=/Applications/Xcode.app/Contents/Developer/Library
    export DEVELOPER_SDK_DIR\=/Applications/Xcode.app/Contents/Developer/Platforms/MacOSX.platform/Developer/SDKs
    export DEVELOPER_TOOLS_DIR\=/Applications/Xcode.app/Contents/Developer/Tools
    export DEVELOPER_USR_DIR\=/Applications/Xcode.app/Contents/Developer/usr
    export DEVELOPMENT_LANGUAGE\=en
    export DIAGNOSE_MISSING_TARGET_DEPENDENCIES\=YES
    export DIFF\=/usr/bin/diff
    export DOCUMENTATION_FOLDER_PATH\=idlecallbacksnativemodule.framework/en.lproj/Documentation
    export DONT_GENERATE_INFOPLIST_FILE\=NO
    export DSTROOT\=/tmp/Pods.dst
    export DT_TOOLCHAIN_DIR\=/Applications/Xcode.app/Contents/Developer/Toolchains/XcodeDefault.xctoolchain
    export DUMP_DEPENDENCIES\=NO
    export DUMP_DEPENDENCIES_OUTPUT_PATH\=/Users/antoniogrillo-balen/Library/Developer/Xcode/DerivedData/risebysolis-gzfsziqwziaggpcbgdowmssiasmi/Build/Intermediates.noindex/Pods.build/Debug-iphonesimulator/React-idlecallbacksnativemodule.build/React-idlecallbacksnativemodule-BuildDependencyInfo.json
    export DWARF_DSYM_FILE_NAME\=idlecallbacksnativemodule.framework.dSYM
    export DWARF_DSYM_FILE_SHOULD_ACCOMPANY_PRODUCT\=NO
    export DWARF_DSYM_FOLDER_PATH\=/Users/antoniogrillo-balen/Library/Developer/Xcode/DerivedData/risebysolis-gzfsziqwziaggpcbgdowmssiasmi/Build/Products/Debug-iphonesimulator/React-idlecallbacksnativemodule
    export DYLIB_COMPATIBILITY_VERSION\=1
    export DYLIB_CURRENT_VERSION\=1
    export DYLIB_INSTALL_NAME_BASE\=@rpath
    export DYNAMIC_LIBRARY_EXTENSION\=dylib
    export EAGER_COMPILATION_ALLOW_SCRIPTS\=NO
    export EAGER_LINKING\=NO
    export EFFECTIVE_PLATFORM_NAME\=-iphonesimulator
    export EFFECTIVE_SWIFT_VERSION\=5
    export EMBEDDED_CONTENT_CONTAINS_SWIFT\=NO
    export EMBED_ASSET_PACKS_IN_PRODUCT_BUNDLE\=NO
    export ENABLE_APP_SANDBOX\=NO
    export ENABLE_CODE_COVERAGE\=YES
    export ENABLE_COHORT_ARCHS\=NO
    export ENABLE_CPLUSPLUS_BOUNDS_SAFE_BUFFERS\=NO
    export ENABLE_C_BOUNDS_SAFETY\=NO
    export ENABLE_DEFAULT_HEADER_SEARCH_PATHS\=YES
    export ENABLE_DEFAULT_SEARCH_PATHS\=YES
    export ENABLE_ENHANCED_SECURITY\=NO
    export ENABLE_HARDENED_RUNTIME\=NO
    export ENABLE_HEADER_DEPENDENCIES\=YES
    export ENABLE_INCOMING_NETWORK_CONNECTIONS\=NO
    export ENABLE_MODULE_VERIFIER\=NO
    export ENABLE_ON_DEMAND_RESOURCES\=NO
    export ENABLE_OUTGOING_NETWORK_CONNECTIONS\=NO
    export ENABLE_POINTER_AUTHENTICATION\=NO
    export ENABLE_PREVIEWS\=NO
    export ENABLE_RESOURCE_ACCESS_AUDIO_INPUT\=NO
    export ENABLE_RESOURCE_ACCESS_BLUETOOTH\=NO
    export ENABLE_RESOURCE_ACCESS_CALENDARS\=NO
    export ENABLE_RESOURCE_ACCESS_CAMERA\=NO
    export ENABLE_RESOURCE_ACCESS_CONTACTS\=NO
    export ENABLE_RESOURCE_ACCESS_LOCATION\=NO
    export ENABLE_RESOURCE_ACCESS_PHOTO_LIBRARY\=NO
    export ENABLE_RESOURCE_ACCESS_PRINTING\=NO
    export ENABLE_RESOURCE_ACCESS_USB\=NO
    export ENABLE_SDK_IMPORTS\=NO
    export ENABLE_SECURITY_COMPILER_WARNINGS\=NO
    export ENABLE_STRICT_OBJC_MSGSEND\=YES
    export ENABLE_TESTABILITY\=YES
    export ENABLE_TESTING_SEARCH_PATHS\=NO
    export ENABLE_USER_SCRIPT_SANDBOXING\=NO
    export ENABLE_XOJIT_PREVIEWS\=YES
    export ENFORCE_VALID_ARCHS\=YES
    export ENTITLEMENTS_DESTINATION\=__entitlements
    export ENTITLEMENTS_REQUIRED\=NO
    export EXCLUDED_INSTALLSRC_SUBDIRECTORY_PATTERNS\=.DS_Store\ .svn\ .git\ .hg\ CVS
    export EXCLUDED_RECURSIVE_SEARCH_PATH_SUBDIRECTORIES\=\*.nib\ \*.lproj\ \*.framework\ \*.gch\ \*.xcode\*\ \*.xcassets\ \*.icon\ \(\*\)\ .DS_Store\ CVS\ .svn\ .git\ .hg\ \*.pbproj\ \*.pbxproj
    export EXECUTABLES_FOLDER_PATH\=idlecallbacksnativemodule.framework/en.lproj
    export EXECUTABLE_FOLDER_PATH\=idlecallbacksnativemodule.framework
    export EXECUTABLE_FOLDER_PATH_SHALLOW_BUNDLE_NO\=idlecallbacksnativemodule.framework
    export EXECUTABLE_FOLDER_PATH_SHALLOW_BUNDLE_YES\=idlecallbacksnativemodule.framework
    export EXECUTABLE_NAME\=idlecallbacksnativemodule
    export EXECUTABLE_PATH\=idlecallbacksnativemodule.framework/idlecallbacksnativemodule
    export EXPANDED_CODE_SIGN_IDENTITY\=-
    export EXPANDED_CODE_SIGN_IDENTITY_NAME\=Sign\ to\ Run\ Locally
    export EXTENSIONS_FOLDER_PATH\=idlecallbacksnativemodule.framework/Extensions
    export FILE_LIST\=/Users/antoniogrillo-balen/Library/Developer/Xcode/DerivedData/risebysolis-gzfsziqwziaggpcbgdowmssiasmi/Build/Intermediates.noindex/Pods.build/Debug-iphonesimulator/React-idlecallbacksnativemodule.build/Objects/LinkFileList
    export FIXED_FILES_DIR\=/Users/antoniogrillo-balen/Library/Developer/Xcode/DerivedData/risebysolis-gzfsziqwziaggpcbgdowmssiasmi/Build/Intermediates.noindex/Pods.build/Debug-iphonesimulator/React-idlecallbacksnativemodule.build/FixedFiles
    export FRAMEWORKS_FOLDER_PATH\=idlecallbacksnativemodule.framework/Frameworks
    export FRAMEWORK_FLAG_PREFIX\=-framework
    export FRAMEWORK_SEARCH_PATHS\=/Users/antoniogrillo-balen/Library/Developer/Xcode/DerivedData/risebysolis-gzfsziqwziaggpcbgdowmssiasmi/Build/Products/Debug-iphonesimulator/React-idlecallbacksnativemodule\ \ \"/Users/antoniogrillo-balen/Library/Developer/Xcode/DerivedData/risebysolis-gzfsziqwziaggpcbgdowmssiasmi/Build/Products/Debug-iphonesimulator/DoubleConversion\"\ \"/Users/antoniogrillo-balen/Library/Developer/Xcode/DerivedData/risebysolis-gzfsziqwziaggpcbgdowmssiasmi/Build/Products/Debug-iphonesimulator/RCT-Folly\"\ \"/Users/antoniogrillo-balen/Library/Developer/Xcode/DerivedData/risebysolis-gzfsziqwziaggpcbgdowmssiasmi/Build/Products/Debug-iphonesimulator/RCTDeprecation\"\ \"/Users/antoniogrillo-balen/Library/Developer/Xcode/DerivedData/risebysolis-gzfsziqwziaggpcbgdowmssiasmi/Build/Products/Debug-iphonesimulator/RCTTypeSafety\"\ \"/Users/antoniogrillo-balen/Library/Developer/Xcode/DerivedData/risebysolis-gzfsziqwziaggpcbgdowmssiasmi/Build/Products/Debug-iphonesimulator/React-Core\"\ \"/Users/antoniogrillo-balen/Library/Developer/Xcode/DerivedData/risebysolis-gzfsziqwziaggpcbgdowmssiasmi/Build/Products/Debug-iphonesimulator/React-Fabric\"\ \"/Users/antoniogrillo-balen/Library/Developer/Xcode/DerivedData/risebysolis-gzfsziqwziaggpcbgdowmssiasmi/Build/Products/Debug-iphonesimulator/React-FabricComponents\"\ \"/Users/antoniogrillo-balen/Library/Developer/Xcode/DerivedData/risebysolis-gzfsziqwziaggpcbgdowmssiasmi/Build/Products/Debug-iphonesimulator/React-FabricImage\"\ \"/Users/antoniogrillo-balen/Library/Developer/Xcode/DerivedData/risebysolis-gzfsziqwziaggpcbgdowmssiasmi/Build/Products/Debug-iphonesimulator/React-ImageManager\"\ \"/Users/antoniogrillo-balen/Library/Developer/Xcode/DerivedData/risebysolis-gzfsziqwziaggpcbgdowmssiasmi/Build/Products/Debug-iphonesimulator/React-NativeModulesApple\"\ \"/Users/antoniogrillo-balen/Library/Developer/Xcode/DerivedData/risebysolis-gzfsziqwziaggpcbgdowmssiasmi/Build/Products/Debug-iphonesimulator/React-RCTFabric\"\ \"/Users/antoniogrillo-balen/Library/Developer/Xcode/DerivedData/risebysolis-gzfsziqwziaggpcbgdowmssiasmi/Build/Products/Debug-iphonesimulator/React-RCTImage\"\ \"/Users/antoniogrillo-balen/Library/Developer/Xcode/DerivedData/risebysolis-gzfsziqwziaggpcbgdowmssiasmi/Build/Products/Debug-iphonesimulator/React-RCTNetwork\"\ \"/Users/antoniogrillo-balen/Library/Developer/Xcode/DerivedData/risebysolis-gzfsziqwziaggpcbgdowmssiasmi/Build/Products/Debug-iphonesimulator/React-RCTText\"\ \"/Users/antoniogrillo-balen/Library/Developer/Xcode/DerivedData/risebysolis-gzfsziqwziaggpcbgdowmssiasmi/Build/Products/Debug-iphonesimulator/React-cxxreact\"\ \"/Users/antoniogrillo-balen/Library/Developer/Xcode/DerivedData/risebysolis-gzfsziqwziaggpcbgdowmssiasmi/Build/Products/Debug-iphonesimulator/React-debug\"\ \"/Users/antoniogrillo-balen/Library/Developer/Xcode/DerivedData/risebysolis-gzfsziqwziaggpcbgdowmssiasmi/Build/Products/Debug-iphonesimulator/React-featureflags\"\ \"/Users/antoniogrillo-balen/Library/Developer/Xcode/DerivedData/risebysolis-gzfsziqwziaggpcbgdowmssiasmi/Build/Products/Debug-iphonesimulator/React-graphics\"\ \"/Users/antoniogrillo-balen/Library/Developer/Xcode/DerivedData/risebysolis-gzfsziqwziaggpcbgdowmssiasmi/Build/Products/Debug-iphonesimulator/React-hermes\"\ \"/Users/antoniogrillo-balen/Library/Developer/Xcode/DerivedData/risebysolis-gzfsziqwziaggpcbgdowmssiasmi/Build/Products/Debug-iphonesimulator/React-jsi\"\ \"/Users/antoniogrillo-balen/Library/Developer/Xcode/DerivedData/risebysolis-gzfsziqwziaggpcbgdowmssiasmi/Build/Products/Debug-iphonesimulator/React-jsiexecutor\"\ \"/Users/antoniogrillo-balen/Library/Developer/Xcode/DerivedData/risebysolis-gzfsziqwziaggpcbgdowmssiasmi/Build/Products/Debug-iphonesimulator/React-jsinspector\"\ \"/Users/antoniogrillo-balen/Library/Developer/Xcode/DerivedData/risebysolis-gzfsziqwziaggpcbgdowmssiasmi/Build/Products/Debug-iphonesimulator/React-logger\"\ \"/Users/antoniogrillo-balen/Library/Developer/Xcode/DerivedData/risebysolis-gzfsziqwziaggpcbgdowmssiasmi/Build/Products/Debug-iphonesimulator/React-nativeconfig\"\ \"/Users/antoniogrillo-balen/Library/Developer/Xcode/DerivedData/risebysolis-gzfsziqwziaggpcbgdowmssiasmi/Build/Products/Debug-iphonesimulator/React-perflogger\"\ \"/Users/antoniogrillo-balen/Library/Developer/Xcode/DerivedData/risebysolis-gzfsziqwziaggpcbgdowmssiasmi/Build/Products/Debug-iphonesimulator/React-performancetimeline\"\ \"/Users/antoniogrillo-balen/Library/Developer/Xcode/DerivedData/risebysolis-gzfsziqwziaggpcbgdowmssiasmi/Build/Products/Debug-iphonesimulator/React-rendererconsistency\"\ \"/Users/antoniogrillo-balen/Library/Developer/Xcode/DerivedData/risebysolis-gzfsziqwziaggpcbgdowmssiasmi/Build/Products/Debug-iphonesimulator/React-rendererdebug\"\ \"/Users/antoniogrillo-balen/Library/Developer/Xcode/DerivedData/risebysolis-gzfsziqwziaggpcbgdowmssiasmi/Build/Products/Debug-iphonesimulator/React-runtimescheduler\"\ \"/Users/antoniogrillo-balen/Library/Developer/Xcode/DerivedData/risebysolis-gzfsziqwziaggpcbgdowmssiasmi/Build/Products/Debug-iphonesimulator/React-utils\"\ \"/Users/antoniogrillo-balen/Library/Developer/Xcode/DerivedData/risebysolis-gzfsziqwziaggpcbgdowmssiasmi/Build/Products/Debug-iphonesimulator/ReactCodegen\"\ \"/Users/antoniogrillo-balen/Library/Developer/Xcode/DerivedData/risebysolis-gzfsziqwziaggpcbgdowmssiasmi/Build/Products/Debug-iphonesimulator/ReactCommon\"\ \"/Users/antoniogrillo-balen/Library/Developer/Xcode/DerivedData/risebysolis-gzfsziqwziaggpcbgdowmssiasmi/Build/Products/Debug-iphonesimulator/SocketRocket\"\ \"/Users/antoniogrillo-balen/Library/Developer/Xcode/DerivedData/risebysolis-gzfsziqwziaggpcbgdowmssiasmi/Build/Products/Debug-iphonesimulator/Yoga\"\ \"/Users/antoniogrillo-balen/Library/Developer/Xcode/DerivedData/risebysolis-gzfsziqwziaggpcbgdowmssiasmi/Build/Products/Debug-iphonesimulator/fmt\"\ \"/Users/antoniogrillo-balen/Library/Developer/Xcode/DerivedData/risebysolis-gzfsziqwziaggpcbgdowmssiasmi/Build/Products/Debug-iphonesimulator/glog\"\ \"/Users/antoniogrillo-balen/Desktop/Projects/RiseBuild/ios/Pods/hermes-engine/destroot/Library/Frameworks/universal\"\ \"/Users/antoniogrillo-balen/Library/Developer/Xcode/DerivedData/risebysolis-gzfsziqwziaggpcbgdowmssiasmi/Build/Products/Debug-iphonesimulator/XCFrameworkIntermediates/hermes-engine/Pre-built\"
    export FRAMEWORK_VERSION\=A
    export FULL_PRODUCT_NAME\=idlecallbacksnativemodule.framework
    export FUSE_BUILD_PHASES\=YES
    export FUSE_BUILD_SCRIPT_PHASES\=NO
    export GCC3_VERSION\=3.3
    export GCC_C_LANGUAGE_STANDARD\=gnu11
    export GCC_DYNAMIC_NO_PIC\=NO
    export GCC_INLINES_ARE_PRIVATE_EXTERN\=YES
    export GCC_NO_COMMON_BLOCKS\=YES
    export GCC_OBJC_LEGACY_DISPATCH\=YES
    export GCC_OPTIMIZATION_LEVEL\=0
    export GCC_PFE_FILE_C_DIALECTS\=c\ objective-c\ c++\ objective-c++
    export GCC_PREFIX_HEADER\=Target\ Support\ Files/React-idlecallbacksnativemodule/React-idlecallbacksnativemodule-prefix.pch
    export GCC_PREPROCESSOR_DEFINITIONS\=POD_CONFIGURATION_DEBUG\=1\ DEBUG\=1\ \ COCOAPODS\=1
    export GCC_TREAT_WARNINGS_AS_ERRORS\=NO
    export GCC_VERSION\=com.apple.compilers.llvm.clang.1_0
    export GCC_VERSION_IDENTIFIER\=com_apple_compilers_llvm_clang_1_0
    export GCC_WARN_64_TO_32_BIT_CONVERSION\=YES
    export GCC_WARN_ABOUT_RETURN_TYPE\=YES_ERROR
    export GCC_WARN_UNDECLARED_SELECTOR\=YES
    export GCC_WARN_UNINITIALIZED_AUTOS\=YES_AGGRESSIVE
    export GCC_WARN_UNUSED_FUNCTION\=YES
    export GCC_WARN_UNUSED_VARIABLE\=YES
    export GENERATED_MODULEMAP_DIR\=/Users/antoniogrillo-balen/Library/Developer/Xcode/DerivedData/risebysolis-gzfsziqwziaggpcbgdowmssiasmi/Build/Intermediates.noindex/GeneratedModuleMaps-iphonesimulator
    export GENERATE_INFOPLIST_FILE\=NO
    export GENERATE_INTERMEDIATE_TEXT_BASED_STUBS\=YES
    export GENERATE_PKGINFO_FILE\=NO
    export GENERATE_PRELINK_OBJECT_FILE\=NO
    export GENERATE_PROFILING_CODE\=NO
    export GENERATE_TEXT_BASED_STUBS\=NO
    export GID\=20
    export GROUP\=staff
    export HEADERMAP_INCLUDES_FLAT_ENTRIES_FOR_TARGET_BEING_BUILT\=YES
    export HEADERMAP_INCLUDES_FRAMEWORK_ENTRIES_FOR_ALL_PRODUCT_TYPES\=YES
    export HEADERMAP_INCLUDES_FRAMEWORK_ENTRIES_FOR_TARGETS_NOT_BEING_BUILT\=YES
    export HEADERMAP_INCLUDES_NONPUBLIC_NONPRIVATE_HEADERS\=YES
    export HEADERMAP_INCLUDES_PROJECT_HEADERS\=YES
    export HEADERMAP_USES_FRAMEWORK_PREFIX_ENTRIES\=YES
    export HEADERMAP_USES_VFS\=YES
    export HEADER_SEARCH_PATHS\=/Users/antoniogrillo-balen/Library/Developer/Xcode/DerivedData/risebysolis-gzfsziqwziaggpcbgdowmssiasmi/Build/Products/Debug-iphonesimulator/React-idlecallbacksnativemodule/include\ \ /Users/antoniogrillo-balen/Library/Developer/Xcode/DerivedData/risebysolis-gzfsziqwziaggpcbgdowmssiasmi/Build/Products/Debug-iphonesimulator/ReactCommon/ReactCommon.framework/Headers\ /Users/antoniogrillo-balen/Library/Developer/Xcode/DerivedData/risebysolis-gzfsziqwziaggpcbgdowmssiasmi/Build/Products/Debug-iphonesimulator/ReactCommon/ReactCommon.framework/Headers/react/nativemodule/core\ /Users/antoniogrillo-balen/Library/Developer/Xcode/DerivedData/risebysolis-gzfsziqwziaggpcbgdowmssiasmi/Build/Products/Debug-iphonesimulator/ReactCommon-Samples/ReactCommon_Samples.framework/Headers\ /Users/antoniogrillo-balen/Library/Developer/Xcode/DerivedData/risebysolis-gzfsziqwziaggpcbgdowmssiasmi/Build/Products/Debug-iphonesimulator/ReactCommon-Samples/ReactCommon_Samples.framework/Headers/platform/ios\ /Users/antoniogrillo-balen/Library/Developer/Xcode/DerivedData/risebysolis-gzfsziqwziaggpcbgdowmssiasmi/Build/Products/Debug-iphonesimulator/React-Fabric/React_Fabric.framework/Headers/react/renderer/components/view/platform/cxx\ /Users/antoniogrillo-balen/Library/Developer/Xcode/DerivedData/risebysolis-gzfsziqwziaggpcbgdowmssiasmi/Build/Products/Debug-iphonesimulator/React-NativeModulesApple/React_NativeModulesApple.framework/Headers\ /Users/antoniogrillo-balen/Library/Developer/Xcode/DerivedData/risebysolis-gzfsziqwziaggpcbgdowmssiasmi/Build/Products/Debug-iphonesimulator/React-graphics/React_graphics.framework/Headers\ /Users/antoniogrillo-balen/Library/Developer/Xcode/DerivedData/risebysolis-gzfsziqwziaggpcbgdowmssiasmi/Build/Products/Debug-iphonesimulator/React-graphics/React_graphics.framework/Headers/react/renderer/graphics/platform/ios\ \"/Users/antoniogrillo-balen/Desktop/Projects/RiseBuild/ios/Pods/Headers/Public\"\ \"/Users/antoniogrillo-balen/Desktop/Projects/RiseBuild/ios/Pods/Headers/Public/FBLazyVector\"\ \"/Users/antoniogrillo-balen/Desktop/Projects/RiseBuild/ios/Pods/Headers/Public/RCTRequired\"\ \"/Users/antoniogrillo-balen/Desktop/Projects/RiseBuild/ios/Pods/Headers/Public/React-callinvoker\"\ \"/Users/antoniogrillo-balen/Desktop/Projects/RiseBuild/ios/Pods/Headers/Public/React-runtimeexecutor\"\ \"/Users/antoniogrillo-balen/Desktop/Projects/RiseBuild/ios/Pods/Headers/Public/React-timing\"\ \"/Users/antoniogrillo-balen/Desktop/Projects/RiseBuild/ios/Pods/Headers/Public/boost\"\ \"/Users/antoniogrillo-balen/Desktop/Projects/RiseBuild/ios/Pods/Headers/Public/fast_float\"\ \"/Users/antoniogrillo-balen/Desktop/Projects/RiseBuild/ios/Pods/Headers/Public/hermes-engine\"\ \"/Users/antoniogrillo-balen/Desktop/Projects/RiseBuild/ios/Pods/../../node_modules/react-native/ReactCommon/react/nativemodule/idlecallbacks/../../..\"\ \"/Users/antoniogrillo-balen/Desktop/Projects/RiseBuild/ios/Pods/boost\"\ \"/Users/antoniogrillo-balen/Desktop/Projects/RiseBuild/ios/Pods/Headers/Private/Yoga\"\ \"/Users/antoniogrillo-balen/Desktop/Projects/RiseBuild/ios/Pods/DoubleConversion\"\ \"/Users/antoniogrillo-balen/Desktop/Projects/RiseBuild/ios/Pods/fast_float/include\"\ \"/Users/antoniogrillo-balen/Desktop/Projects/RiseBuild/ios/Pods/fmt/include\"\ \"/Users/antoniogrillo-balen/Library/Developer/Xcode/DerivedData/risebysolis-gzfsziqwziaggpcbgdowmssiasmi/Build/Products/Debug-iphonesimulator/React-graphics/React_graphics.framework/Headers\"\ \"/Users/antoniogrillo-balen/Library/Developer/Xcode/DerivedData/risebysolis-gzfsziqwziaggpcbgdowmssiasmi/Build/Products/Debug-iphonesimulator/React-graphics/React_graphics.framework/Headers/react/renderer/graphics/platform/ios\"\ \"/Users/antoniogrillo-balen/Library/Developer/Xcode/DerivedData/risebysolis-gzfsziqwziaggpcbgdowmssiasmi/Build/Products/Debug-iphonesimulator/React-Fabric/React_Fabric.framework/Headers\"\ \"/Users/antoniogrillo-balen/Library/Developer/Xcode/DerivedData/risebysolis-gzfsziqwziaggpcbgdowmssiasmi/Build/Products/Debug-iphonesimulator/React-Fabric/React_Fabric.framework/Headers/react/renderer/components/view/platform/cxx\"\ \"/Users/antoniogrillo-balen/Library/Developer/Xcode/DerivedData/risebysolis-gzfsziqwziaggpcbgdowmssiasmi/Build/Products/Debug-iphonesimulator/React-FabricImage/React_FabricImage.framework/Headers\"\ \"/Users/antoniogrillo-balen/Library/Developer/Xcode/DerivedData/risebysolis-gzfsziqwziaggpcbgdowmssiasmi/Build/Products/Debug-iphonesimulator/ReactCommon/ReactCommon.framework/Headers\"\ \"/Users/antoniogrillo-balen/Library/Developer/Xcode/DerivedData/risebysolis-gzfsziqwziaggpcbgdowmssiasmi/Build/Products/Debug-iphonesimulator/ReactCommon/ReactCommon.framework/Headers/react/nativemodule/core\"\ \"/Users/antoniogrillo-balen/Library/Developer/Xcode/DerivedData/risebysolis-gzfsziqwziaggpcbgdowmssiasmi/Build/Products/Debug-iphonesimulator/React-NativeModulesApple/React_NativeModulesApple.framework/Headers\"\ \"/Users/antoniogrillo-balen/Library/Developer/Xcode/DerivedData/risebysolis-gzfsziqwziaggpcbgdowmssiasmi/Build/Products/Debug-iphonesimulator/React-RCTFabric/RCTFabric.framework/Headers\"\ \"/Users/antoniogrillo-balen/Library/Developer/Xcode/DerivedData/risebysolis-gzfsziqwziaggpcbgdowmssiasmi/Build/Products/Debug-iphonesimulator/React-utils/React_utils.framework/Headers\"\ \"/Users/antoniogrillo-balen/Library/Developer/Xcode/DerivedData/risebysolis-gzfsziqwziaggpcbgdowmssiasmi/Build/Products/Debug-iphonesimulator/React-featureflags/React_featureflags.framework/Headers\"\ \"/Users/antoniogrillo-balen/Library/Developer/Xcode/DerivedData/risebysolis-gzfsziqwziaggpcbgdowmssiasmi/Build/Products/Debug-iphonesimulator/React-debug/React_debug.framework/Headers\"\ \"/Users/antoniogrillo-balen/Library/Developer/Xcode/DerivedData/risebysolis-gzfsziqwziaggpcbgdowmssiasmi/Build/Products/Debug-iphonesimulator/React-ImageManager/React_ImageManager.framework/Headers\"\ \"/Users/antoniogrillo-balen/Library/Developer/Xcode/DerivedData/risebysolis-gzfsziqwziaggpcbgdowmssiasmi/Build/Products/Debug-iphonesimulator/React-rendererdebug/React_rendererdebug.framework/Headers\"\ \"/Users/antoniogrillo-balen/Desktop/Projects/RiseBuild/ios/Pods/RCT-Folly\"\ \"/Users/antoniogrillo-balen/Desktop/Projects/RiseBuild/ios/Pods/DoubleConversion\"\ \"/Users/antoniogrillo-balen/Desktop/Projects/RiseBuild/ios/Pods/fast_float/include\"\ \"/Users/antoniogrillo-balen/Desktop/Projects/RiseBuild/ios/Pods/fmt/include\"\ \"/Users/antoniogrillo-balen/Desktop/Projects/RiseBuild/ios/Pods/boost\"\ \"/Users/antoniogrillo-balen/Library/Developer/Xcode/DerivedData/risebysolis-gzfsziqwziaggpcbgdowmssiasmi/Build/Products/Debug-iphonesimulator/ReactCodegen/ReactCodegen.framework/Headers\"\ \"/Users/antoniogrillo-balen/Library/Developer/Xcode/DerivedData/risebysolis-gzfsziqwziaggpcbgdowmssiasmi/Build/Products/Debug-iphonesimulator/ReactCommon/ReactCommon.framework/Headers\"\ \"/Users/antoniogrillo-balen/Library/Developer/Xcode/DerivedData/risebysolis-gzfsziqwziaggpcbgdowmssiasmi/Build/Products/Debug-iphonesimulator/ReactCommon/ReactCommon.framework/Headers/react/nativemodule/core\"\ \"/Users/antoniogrillo-balen/Library/Developer/Xcode/DerivedData/risebysolis-gzfsziqwziaggpcbgdowmssiasmi/Build/Products/Debug-iphonesimulator/React-RCTFabric/RCTFabric.framework/Headers\"\ \"/Users/antoniogrillo-balen/Library/Developer/Xcode/DerivedData/risebysolis-gzfsziqwziaggpcbgdowmssiasmi/Build/Products/Debug-iphonesimulator/React-Fabric/React_Fabric.framework/Headers\"\ \"/Users/antoniogrillo-balen/Library/Developer/Xcode/DerivedData/risebysolis-gzfsziqwziaggpcbgdowmssiasmi/Build/Products/Debug-iphonesimulator/React-Fabric/React_Fabric.framework/Headers/react/renderer/components/view/platform/cxx\"\ \"/Users/antoniogrillo-balen/Library/Developer/Xcode/DerivedData/risebysolis-gzfsziqwziaggpcbgdowmssiasmi/Build/Products/Debug-iphonesimulator/React-FabricImage/React_FabricImage.framework/Headers\"\ \"/Users/antoniogrillo-balen/Library/Developer/Xcode/DerivedData/risebysolis-gzfsziqwziaggpcbgdowmssiasmi/Build/Products/Debug-iphonesimulator/React-Graphics/React_graphics.framework/Headers\"\ \"/Users/antoniogrillo-balen/Library/Developer/Xcode/DerivedData/risebysolis-gzfsziqwziaggpcbgdowmssiasmi/Build/Products/Debug-iphonesimulator/React-Graphics/React_graphics.framework/Headers/react/renderer/graphics/platform/ios\"\ \"/Users/antoniogrillo-balen/Library/Developer/Xcode/DerivedData/risebysolis-gzfsziqwziaggpcbgdowmssiasmi/Build/Products/Debug-iphonesimulator/React-Fabric/React_Fabric.framework/Headers/react/renderer/imagemanager/platform/ios\"
    export HOME\=/Users/antoniogrillo-balen
    export HOST_ARCH\=arm64
    export HOST_PLATFORM\=macosx
    export ICONV\=/usr/bin/iconv
    export IMPLICIT_DEPENDENCY_DOMAIN\=default
    export INDEX_STORE_COMPRESS\=NO
    export INDEX_STORE_ONLY_PROJECT_FILES\=NO
    export INFOPLIST_ENABLE_CFBUNDLEICONS_MERGE\=YES
    export INFOPLIST_EXPAND_BUILD_SETTINGS\=YES
    export INFOPLIST_FILE\=Target\ Support\ Files/React-idlecallbacksnativemodule/React-idlecallbacksnativemodule-Info.plist
    export INFOPLIST_OUTPUT_FORMAT\=binary
    export INFOPLIST_PATH\=idlecallbacksnativemodule.framework/Info.plist
    export INFOPLIST_PREPROCESS\=NO
    export INFOSTRINGS_PATH\=idlecallbacksnativemodule.framework/en.lproj/InfoPlist.strings
    export INLINE_PRIVATE_FRAMEWORKS\=NO
    export INSTALLAPI_IGNORE_SKIP_INSTALL\=YES
    export INSTALLHDRS_COPY_PHASE\=NO
    export INSTALLHDRS_SCRIPT_PHASE\=NO
    export INSTALL_DIR\=/tmp/Pods.dst/Library/Frameworks
    export INSTALL_GROUP\=staff
    export INSTALL_MODE_FLAG\=u+w,go-w,a+rX
    export INSTALL_OWNER\=antoniogrillo-balen
    export INSTALL_PATH\=/Library/Frameworks
    export INSTALL_ROOT\=/tmp/Pods.dst
    export IPHONEOS_DEPLOYMENT_TARGET\=15.1
    export IS_UNOPTIMIZED_BUILD\=YES
    export JAVAC_DEFAULT_FLAGS\=-J-Xms64m\ -J-XX:NewSize\=4M\ -J-Dfile.encoding\=UTF8
    export JAVA_APP_STUB\=/System/Library/Frameworks/JavaVM.framework/Resources/MacOS/JavaApplicationStub
    export JAVA_ARCHIVE_CLASSES\=YES
    export JAVA_ARCHIVE_TYPE\=JAR
    export JAVA_COMPILER\=/usr/bin/javac
    export JAVA_FOLDER_PATH\=idlecallbacksnativemodule.framework/Java
    export JAVA_FRAMEWORK_RESOURCES_DIRS\=Resources
    export JAVA_JAR_FLAGS\=cv
    export JAVA_SOURCE_SUBDIR\=.
    export JAVA_USE_DEPENDENCIES\=YES
    export JAVA_ZIP_FLAGS\=-urg
    export JIKES_DEFAULT_FLAGS\=+E\ +OLDCSO
    export KEEP_PRIVATE_EXTERNS\=NO
    export LD_DEPENDENCY_INFO_FILE\=/Users/antoniogrillo-balen/Library/Developer/Xcode/DerivedData/risebysolis-gzfsziqwziaggpcbgdowmssiasmi/Build/Intermediates.noindex/Pods.build/Debug-iphonesimulator/React-idlecallbacksnativemodule.build/Objects-normal/undefined_arch/idlecallbacksnativemodule_dependency_info.dat
    export LD_DYLIB_INSTALL_NAME\=@rpath/idlecallbacksnativemodule.framework/idlecallbacksnativemodule
    export LD_EXPORT_SYMBOLS\=YES
    export LD_GENERATE_MAP_FILE\=NO
    export LD_MAP_FILE_PATH\=/Users/antoniogrillo-balen/Library/Developer/Xcode/DerivedData/risebysolis-gzfsziqwziaggpcbgdowmssiasmi/Build/Intermediates.noindex/Pods.build/Debug-iphonesimulator/React-idlecallbacksnativemodule.build/idlecallbacksnativemodule-LinkMap-normal-undefined_arch.txt
    export LD_NO_PIE\=NO
    export LD_QUOTE_LINKER_ARGUMENTS_FOR_COMPILER_DRIVER\=YES
    export LD_RUNPATH_SEARCH_PATHS\=\ @executable_path/Frameworks\ @loader_path/Frameworks
    export LD_SHARED_CACHE_ELIGIBLE\=Automatic
    export LD_WARN_DUPLICATE_LIBRARIES\=NO
    export LD_WARN_UNUSED_DYLIBS\=NO
    export LEGACY_DEVELOPER_DIR\=/Applications/Xcode.app/Contents/PlugIns/Xcode3Core.ideplugin/Contents/SharedSupport/Developer
    export LEX\=lex
    export LIBRARY_DEXT_INSTALL_PATH\=/Library/DriverExtensions
    export LIBRARY_FLAG_NOSPACE\=YES
    export LIBRARY_FLAG_PREFIX\=-l
    export LIBRARY_KEXT_INSTALL_PATH\=/Library/Extensions
    export LIBRARY_SEARCH_PATHS\=/Users/antoniogrillo-balen/Library/Developer/Xcode/DerivedData/risebysolis-gzfsziqwziaggpcbgdowmssiasmi/Build/Products/Debug-iphonesimulator/React-idlecallbacksnativemodule\ 
    export LINKER_DISPLAYS_MANGLED_NAMES\=NO
    export LINK_FILE_LIST_normal_arm64\=/Users/antoniogrillo-balen/Library/Developer/Xcode/DerivedData/risebysolis-gzfsziqwziaggpcbgdowmssiasmi/Build/Intermediates.noindex/Pods.build/Debug-iphonesimulator/React-idlecallbacksnativemodule.build/Objects-normal/arm64/idlecallbacksnativemodule.LinkFileList
    export LINK_OBJC_RUNTIME\=YES
    export LINK_WITH_STANDARD_LIBRARIES\=YES
    export LLVM_TARGET_TRIPLE_OS_VERSION\=ios15.1
    export LLVM_TARGET_TRIPLE_SUFFIX\=-simulator
    export LLVM_TARGET_TRIPLE_VENDOR\=apple
    export LM_AUX_CONST_METADATA_LIST_PATH_normal_arm64\=/Users/antoniogrillo-balen/Library/Developer/Xcode/DerivedData/risebysolis-gzfsziqwziaggpcbgdowmssiasmi/Build/Intermediates.noindex/Pods.build/Debug-iphonesimulator/React-idlecallbacksnativemodule.build/Objects-normal/arm64/idlecallbacksnativemodule.SwiftConstValuesFileList
    export LOCALIZATION_EXPORT_SUPPORTED\=YES
    export LOCALIZATION_PREFERS_STRING_CATALOGS\=NO
    export LOCALIZED_RESOURCES_FOLDER_PATH\=idlecallbacksnativemodule.framework/en.lproj
    export LOCALIZED_STRING_CODE_COMMENTS\=NO
    export LOCALIZED_STRING_MACRO_NAMES\=NSLocalizedString\ CFCopyLocalizedString
    export LOCALIZED_STRING_SWIFTUI_SUPPORT\=YES
    export LOCAL_ADMIN_APPS_DIR\=/Applications/Utilities
    export LOCAL_APPS_DIR\=/Applications
    export LOCAL_DEVELOPER_DIR\=/Library/Developer
    export LOCAL_LIBRARY_DIR\=/Library
    export LOCROOT\=/Users/antoniogrillo-balen/Desktop/Projects/RiseBuild/ios/Pods
    export LOCSYMROOT\=/Users/antoniogrillo-balen/Desktop/Projects/RiseBuild/ios/Pods
    export MACH_O_TYPE\=staticlib
    export MAC_OS_X_PRODUCT_BUILD_VERSION\=25E253
    export MAC_OS_X_VERSION_ACTUAL\=260401
    export MAC_OS_X_VERSION_MAJOR\=260000
    export MAC_OS_X_VERSION_MINOR\=260400
    export MAKE_MERGEABLE\=NO
    export MERGEABLE_LIBRARY\=NO
    export MERGED_BINARY_TYPE\=none
    export MERGE_LINKED_LIBRARIES\=NO
    export METAL_LIBRARY_FILE_BASE\=default
    export METAL_LIBRARY_OUTPUT_DIR\=/Users/antoniogrillo-balen/Library/Developer/Xcode/DerivedData/risebysolis-gzfsziqwziaggpcbgdowmssiasmi/Build/Products/Debug-iphonesimulator/React-idlecallbacksnativemodule/idlecallbacksnativemodule.framework
    export MODULEMAP_FILE\=Target\ Support\ Files/React-idlecallbacksnativemodule/React-idlecallbacksnativemodule.modulemap
    export MODULES_FOLDER_PATH\=idlecallbacksnativemodule.framework/Modules
    export MODULE_CACHE_DIR\=/Users/antoniogrillo-balen/Library/Developer/Xcode/DerivedData/ModuleCache.noindex
    export MTL_ENABLE_DEBUG_INFO\=INCLUDE_SOURCE
    export MTL_FAST_MATH\=YES
    export NATIVE_ARCH\=arm64
    export NATIVE_ARCH_32_BIT\=arm
    export NATIVE_ARCH_64_BIT\=arm64
    export NATIVE_ARCH_ACTUAL\=arm64
    export NO_COMMON\=YES
    export OBJC_ABI_VERSION\=2
    export OBJECT_FILE_DIR\=/Users/antoniogrillo-balen/Library/Developer/Xcode/DerivedData/risebysolis-gzfsziqwziaggpcbgdowmssiasmi/Build/Intermediates.noindex/Pods.build/Debug-iphonesimulator/React-idlecallbacksnativemodule.build/Objects
    export OBJECT_FILE_DIR_normal\=/Users/antoniogrillo-balen/Library/Developer/Xcode/DerivedData/risebysolis-gzfsziqwziaggpcbgdowmssiasmi/Build/Intermediates.noindex/Pods.build/Debug-iphonesimulator/React-idlecallbacksnativemodule.build/Objects-normal
    export OBJROOT\=/Users/antoniogrillo-balen/Library/Developer/Xcode/DerivedData/risebysolis-gzfsziqwziaggpcbgdowmssiasmi/Build/Intermediates.noindex
    export ONLY_ACTIVE_ARCH\=YES
    export OS\=MACOS
    export OSAC\=/usr/bin/osacompile
    export OTHER_CPLUSPLUSFLAGS\=\ -DFOLLY_NO_CONFIG\ -DFOLLY_MOBILE\=1\ -DFOLLY_USE_LIBCPP\=1\ -DFOLLY_CFG_NO_COROUTINES\=1\ -DFOLLY_HAVE_CLOCK_GETTIME\=1\ -Wno-comma\ -Wno-shorten-64-to-32
    export OTHER_LDFLAGS\=\ \ 
    export PACKAGE_TYPE\=com.apple.package-type.wrapper.framework
    export PASCAL_STRINGS\=YES
    export PATH\=/Applications/Xcode.app/Contents/SharedFrameworks/SwiftBuild.framework/Versions/A/PlugIns/SWBBuildService.bundle/Contents/PlugIns/SWBUniversalPlatformPlugin.bundle/Contents/Frameworks/SWBUniversalPlatform.framework/Resources:/Applications/Xcode.app/Contents/Developer/Toolchains/XcodeDefault.xctoolchain/usr/bin:/Applications/Xcode.app/Contents/Developer/Toolchains/XcodeDefault.xctoolchain/usr/local/bin:/Applications/Xcode.app/Contents/Developer/Toolchains/XcodeDefault.xctoolchain/usr/libexec:/Applications/Xcode.app/Contents/Developer/Platforms/iPhoneSimulator.platform/usr/bin:/Applications/Xcode.app/Contents/Developer/Platforms/iPhoneSimulator.platform/usr/local/bin:/Applications/Xcode.app/Contents/Developer/Platforms/iPhoneSimulator.platform/Developer/usr/bin:/Applications/Xcode.app/Contents/Developer/Platforms/iPhoneSimulator.platform/Developer/usr/local/bin:/Applications/Xcode.app/Contents/Developer/usr/bin:/Applications/Xcode.app/Contents/Developer/usr/local/bin:/opt/homebrew/opt/ruby/bin:/opt/homebrew/lib/ruby/gems/4.0.0/bin:/opt/homebrew/bin:/opt/homebrew/sbin:/Users/antoniogrillo-balen/.nvm/versions/node/v24.14.1/bin:/Library/Frameworks/Python.framework/Versions/3.14/bin:/usr/local/bin:/System/Cryptexes/App/usr/bin:/usr/bin:/bin:/usr/sbin:/sbin:/var/run/com.apple.security.cryptexd/codex.system/bootstrap/usr/local/bin:/var/run/com.apple.security.cryptexd/codex.system/bootstrap/usr/bin:/var/run/com.apple.security.cryptexd/codex.system/bootstrap/usr/appleinternal/bin:/opt/pkg/env/active/bin:/opt/pmk/env/global/bin:/Library/Apple/usr/bin:/Applications/VMware\ Fusion.app/Contents/Public:/Users/antoniogrillo-balen/.cargo/bin:/Users/antoniogrillo-balen/.cache/plugins/.install-staging/25283474a0e0d4a060cb0e915c1ec54e3d41ef2e/cursor/repo/bin:/Users/antoniogrillo-balen/.claude/plugins/cache/claude-plugins-official/superpowers/5.1.0/bin:/Users/antoniogrillo-balen/.claude/plugins/cache/claude-plugins-official/frontend-design/unknown/bin:/Users/antoniogrillo-balen/.claude/plugins/cache/claude-plugins-official/code-simplifier/1.0.0/bin:/Users/antoniogrillo-balen/.claude/plugins/cache/claude-plugins-official/security-guidance/unknown/bin:/Users/antoniogrillo-balen/.claude/plugins/cache/thedotmack/claude-mem/12.1.1/bin
    export PATH_PREFIXES_EXCLUDED_FROM_HEADER_DEPENDENCIES\=/usr/include\ /usr/local/include\ /System/Library/Frameworks\ /System/Library/PrivateFrameworks\ /Applications/Xcode.app/Contents/Developer/Headers\ /Applications/Xcode.app/Contents/Developer/SDKs\ /Applications/Xcode.app/Contents/Developer/Platforms
    export PBDEVELOPMENTPLIST_PATH\=idlecallbacksnativemodule.framework/pbdevelopment.plist
    export PER_ARCH_MODULE_FILE_DIR\=/Users/antoniogrillo-balen/Library/Developer/Xcode/DerivedData/risebysolis-gzfsziqwziaggpcbgdowmssiasmi/Build/Intermediates.noindex/Pods.build/Debug-iphonesimulator/React-idlecallbacksnativemodule.build/Objects-normal/undefined_arch
    export PER_ARCH_OBJECT_FILE_DIR\=/Users/antoniogrillo-balen/Library/Developer/Xcode/DerivedData/risebysolis-gzfsziqwziaggpcbgdowmssiasmi/Build/Intermediates.noindex/Pods.build/Debug-iphonesimulator/React-idlecallbacksnativemodule.build/Objects-normal/undefined_arch
    export PER_VARIANT_OBJECT_FILE_DIR\=/Users/antoniogrillo-balen/Library/Developer/Xcode/DerivedData/risebysolis-gzfsziqwziaggpcbgdowmssiasmi/Build/Intermediates.noindex/Pods.build/Debug-iphonesimulator/React-idlecallbacksnativemodule.build/Objects-normal
    export PKGINFO_FILE_PATH\=/Users/antoniogrillo-balen/Library/Developer/Xcode/DerivedData/risebysolis-gzfsziqwziaggpcbgdowmssiasmi/Build/Intermediates.noindex/Pods.build/Debug-iphonesimulator/React-idlecallbacksnativemodule.build/PkgInfo
    export PKGINFO_PATH\=idlecallbacksnativemodule.framework/PkgInfo
    export PLATFORM_DEVELOPER_APPLICATIONS_DIR\=/Applications/Xcode.app/Contents/Developer/Platforms/iPhoneSimulator.platform/Developer/Applications
    export PLATFORM_DEVELOPER_BIN_DIR\=/Applications/Xcode.app/Contents/Developer/Platforms/iPhoneSimulator.platform/Developer/usr/bin
    export PLATFORM_DEVELOPER_LIBRARY_DIR\=/Applications/Xcode.app/Contents/Developer/Platforms/iPhoneSimulator.platform/Developer/Library
    export PLATFORM_DEVELOPER_SDK_DIR\=/Applications/Xcode.app/Contents/Developer/Platforms/iPhoneSimulator.platform/Developer/SDKs
    export PLATFORM_DEVELOPER_TOOLS_DIR\=/Applications/Xcode.app/Contents/Developer/Platforms/iPhoneSimulator.platform/Developer/Tools
    export PLATFORM_DEVELOPER_USR_DIR\=/Applications/Xcode.app/Contents/Developer/Platforms/iPhoneSimulator.platform/Developer/usr
    export PLATFORM_DIR\=/Applications/Xcode.app/Contents/Developer/Platforms/iPhoneSimulator.platform
    export PLATFORM_DISPLAY_NAME\=iOS\ Simulator
    export PLATFORM_FAMILY_NAME\=iOS
    export PLATFORM_NAME\=iphonesimulator
    export PLATFORM_PREFERRED_ARCH\=x86_64
    export PLATFORM_PRODUCT_BUILD_VERSION\=23F73
    export PLATFORM_REQUIRES_SWIFT_AUTOLINK_EXTRACT\=NO
    export PLATFORM_REQUIRES_SWIFT_MODULEWRAP\=NO
    export PLATFORM_USES_DSYMS\=YES
    export PLIST_FILE_OUTPUT_FORMAT\=binary
    export PLUGINS_FOLDER_PATH\=idlecallbacksnativemodule.framework/PlugIns
    export PODS_BUILD_DIR\=/Users/antoniogrillo-balen/Library/Developer/Xcode/DerivedData/risebysolis-gzfsziqwziaggpcbgdowmssiasmi/Build/Products
    export PODS_CONFIGURATION_BUILD_DIR\=/Users/antoniogrillo-balen/Library/Developer/Xcode/DerivedData/risebysolis-gzfsziqwziaggpcbgdowmssiasmi/Build/Products/Debug-iphonesimulator
    export PODS_DEVELOPMENT_LANGUAGE\=en
    export PODS_ROOT\=/Users/antoniogrillo-balen/Desktop/Projects/RiseBuild/ios/Pods
    export PODS_TARGET_SRCROOT\=/Users/antoniogrillo-balen/Desktop/Projects/RiseBuild/ios/Pods/../../node_modules/react-native/ReactCommon/react/nativemodule/idlecallbacks
    export PODS_XCFRAMEWORKS_BUILD_DIR\=/Users/antoniogrillo-balen/Library/Developer/Xcode/DerivedData/risebysolis-gzfsziqwziaggpcbgdowmssiasmi/Build/Products/Debug-iphonesimulator/XCFrameworkIntermediates
    export PRECOMPS_INCLUDE_HEADERS_FROM_BUILT_PRODUCTS_DIR\=YES
    export PRECOMP_DESTINATION_DIR\=/Users/antoniogrillo-balen/Library/Developer/Xcode/DerivedData/risebysolis-gzfsziqwziaggpcbgdowmssiasmi/Build/Intermediates.noindex/Pods.build/Debug-iphonesimulator/React-idlecallbacksnativemodule.build/PrefixHeaders
    export PRIVATE_HEADERS_FOLDER_PATH\=idlecallbacksnativemodule.framework/PrivateHeaders
    export PROCESSED_INFOPLIST_PATH\=/Users/antoniogrillo-balen/Library/Developer/Xcode/DerivedData/risebysolis-gzfsziqwziaggpcbgdowmssiasmi/Build/Intermediates.noindex/Pods.build/Debug-iphonesimulator/React-idlecallbacksnativemodule.build/Objects-normal/undefined_arch/Processed-Info.plist
    export PRODUCT_BUNDLE_IDENTIFIER\=org.cocoapods.idlecallbacksnativemodule
    export PRODUCT_BUNDLE_PACKAGE_TYPE\=FMWK
    export PRODUCT_MODULE_NAME\=idlecallbacksnativemodule
    export PRODUCT_NAME\=idlecallbacksnativemodule
    export PRODUCT_SETTINGS_PATH\=/Users/antoniogrillo-balen/Desktop/Projects/RiseBuild/ios/Pods/Target\ Support\ Files/React-idlecallbacksnativemodule/React-idlecallbacksnativemodule-Info.plist
    export PRODUCT_TYPE\=com.apple.product-type.framework
    export PROFILING_CODE\=NO
    export PROJECT\=Pods
    export PROJECT_DERIVED_FILE_DIR\=/Users/antoniogrillo-balen/Library/Developer/Xcode/DerivedData/risebysolis-gzfsziqwziaggpcbgdowmssiasmi/Build/Intermediates.noindex/Pods.build/DerivedSources
    export PROJECT_DIR\=/Users/antoniogrillo-balen/Desktop/Projects/RiseBuild/ios/Pods
    export PROJECT_FILE_PATH\=/Users/antoniogrillo-balen/Desktop/Projects/RiseBuild/ios/Pods/Pods.xcodeproj
    export PROJECT_GUID\=8699adb1dd336b26511df848a716bd42
    export PROJECT_NAME\=Pods
    export PROJECT_TEMP_DIR\=/Users/antoniogrillo-balen/Library/Developer/Xcode/DerivedData/risebysolis-gzfsziqwziaggpcbgdowmssiasmi/Build/Intermediates.noindex/Pods.build
    export PROJECT_TEMP_ROOT\=/Users/antoniogrillo-balen/Library/Developer/Xcode/DerivedData/risebysolis-gzfsziqwziaggpcbgdowmssiasmi/Build/Intermediates.noindex
    export PUBLIC_HEADERS_FOLDER_PATH\=idlecallbacksnativemodule.framework/Headers
    export REACT_NATIVE_PATH\=/Users/antoniogrillo-balen/Desktop/Projects/RiseBuild/ios/Pods/../../node_modules/react-native
    export RECOMMENDED_IPHONEOS_DEPLOYMENT_TARGET\=15.0
    export RECURSIVE_SEARCH_PATHS_FOLLOW_SYMLINKS\=YES
    export REMOVE_CVS_FROM_RESOURCES\=YES
    export REMOVE_GIT_FROM_RESOURCES\=YES
    export REMOVE_HEADERS_FROM_EMBEDDED_BUNDLES\=YES
    export REMOVE_HG_FROM_RESOURCES\=YES
    export REMOVE_STATIC_EXECUTABLES_FROM_EMBEDDED_BUNDLES\=YES
    export REMOVE_SVN_FROM_RESOURCES\=YES
    export RESCHEDULE_INDEPENDENT_HEADERS_PHASES\=YES
    export REZ_COLLECTOR_DIR\=/Users/antoniogrillo-balen/Library/Developer/Xcode/DerivedData/risebysolis-gzfsziqwziaggpcbgdowmssiasmi/Build/Intermediates.noindex/Pods.build/Debug-iphonesimulator/React-idlecallbacksnativemodule.build/ResourceManagerResources
    export REZ_OBJECTS_DIR\=/Users/antoniogrillo-balen/Library/Developer/Xcode/DerivedData/risebysolis-gzfsziqwziaggpcbgdowmssiasmi/Build/Intermediates.noindex/Pods.build/Debug-iphonesimulator/React-idlecallbacksnativemodule.build/ResourceManagerResources/Objects
    export REZ_SEARCH_PATHS\=/Users/antoniogrillo-balen/Library/Developer/Xcode/DerivedData/risebysolis-gzfsziqwziaggpcbgdowmssiasmi/Build/Products/Debug-iphonesimulator/React-idlecallbacksnativemodule\ 
    export RPATH_ORIGIN\=@loader_path
    export RUNTIME_EXCEPTION_ALLOW_DYLD_ENVIRONMENT_VARIABLES\=NO
    export RUNTIME_EXCEPTION_ALLOW_JIT\=NO
    export RUNTIME_EXCEPTION_ALLOW_UNSIGNED_EXECUTABLE_MEMORY\=NO
    export RUNTIME_EXCEPTION_DEBUGGING_TOOL\=NO
    export RUNTIME_EXCEPTION_DISABLE_EXECUTABLE_PAGE_PROTECTION\=NO
    export RUNTIME_EXCEPTION_DISABLE_LIBRARY_VALIDATION\=NO
    export SCANNING_PCM_KEEP_CACHE_DIRECTORY\=YES
    export SCAN_ALL_SOURCE_FILES_FOR_INCLUDES\=NO
    export SCRIPTS_FOLDER_PATH\=idlecallbacksnativemodule.framework/Scripts
    export SCRIPT_INPUT_FILE_COUNT\=0
    export SCRIPT_INPUT_FILE_LIST_COUNT\=0
    export SCRIPT_OUTPUT_FILE_COUNT\=0
    export SCRIPT_OUTPUT_FILE_LIST_COUNT\=0
    export SDKROOT\=/Applications/Xcode.app/Contents/Developer/Platforms/iPhoneSimulator.platform/Developer/SDKs/iPhoneSimulator26.5.sdk
    export SDK_DIR\=/Applications/Xcode.app/Contents/Developer/Platforms/iPhoneSimulator.platform/Developer/SDKs/iPhoneSimulator26.5.sdk
    export SDK_DIR_iphonesimulator\=/Applications/Xcode.app/Contents/Developer/Platforms/iPhoneSimulator.platform/Developer/SDKs/iPhoneSimulator26.5.sdk
    export SDK_DIR_iphonesimulator26_5\=/Applications/Xcode.app/Contents/Developer/Platforms/iPhoneSimulator.platform/Developer/SDKs/iPhoneSimulator26.5.sdk
    export SDK_NAME\=iphonesimulator26.5
    export SDK_NAMES\=iphonesimulator26.5
    export SDK_PRODUCT_BUILD_VERSION\=23F73
    export SDK_STAT_CACHE_DIR\=/Users/antoniogrillo-balen/Library/Developer/Xcode/DerivedData
    export SDK_STAT_CACHE_ENABLE\=YES
    export SDK_STAT_CACHE_PATH\=/Users/antoniogrillo-balen/Library/Developer/Xcode/DerivedData/SDKStatCaches.noindex/iphonesimulator26.5-23F73-6cfe768891a92b912361537c460fe42b.sdkstatcache
    export SDK_VERSION\=26.5
    export SDK_VERSION_ACTUAL\=260500
    export SDK_VERSION_MAJOR\=260000
    export SDK_VERSION_MINOR\=260500
    export SED\=/usr/bin/sed
    export SEPARATE_STRIP\=NO
    export SEPARATE_SYMBOL_EDIT\=NO
    export SET_DIR_MODE_OWNER_GROUP\=YES
    export SET_FILE_MODE_OWNER_GROUP\=NO
    export SHALLOW_BUNDLE\=YES
    export SHALLOW_BUNDLE_TRIPLE\=ios-simulator
    export SHALLOW_BUNDLE_ios_macabi\=NO
    export SHALLOW_BUNDLE_macos\=NO
    export SHARED_DERIVED_FILE_DIR\=/Users/antoniogrillo-balen/Library/Developer/Xcode/DerivedData/risebysolis-gzfsziqwziaggpcbgdowmssiasmi/Build/Products/Debug-iphonesimulator/React-idlecallbacksnativemodule/DerivedSources
    export SHARED_FRAMEWORKS_FOLDER_PATH\=idlecallbacksnativemodule.framework/SharedFrameworks
    export SHARED_PRECOMPS_DIR\=/Users/antoniogrillo-balen/Library/Developer/Xcode/DerivedData/risebysolis-gzfsziqwziaggpcbgdowmssiasmi/Build/Intermediates.noindex/PrecompiledHeaders
    export SHARED_SUPPORT_FOLDER_PATH\=idlecallbacksnativemodule.framework
    export SKIP_INSTALL\=YES
    export SKIP_MERGEABLE_LIBRARY_BUNDLE_HOOK\=NO
    export SOURCE_ROOT\=/Users/antoniogrillo-balen/Desktop/Projects/RiseBuild/ios/Pods
    export SRCROOT\=/Users/antoniogrillo-balen/Desktop/Projects/RiseBuild/ios/Pods
    export STRINGSDATA_DIR\=/Users/antoniogrillo-balen/Library/Developer/Xcode/DerivedData/risebysolis-gzfsziqwziaggpcbgdowmssiasmi/Build/Intermediates.noindex/Pods.build/Debug-iphonesimulator/React-idlecallbacksnativemodule.build/Objects-normal/undefined_arch
    export STRINGSDATA_ROOT\=/Users/antoniogrillo-balen/Library/Developer/Xcode/DerivedData/risebysolis-gzfsziqwziaggpcbgdowmssiasmi/Build/Intermediates.noindex/Pods.build/Debug-iphonesimulator/React-idlecallbacksnativemodule.build
    export STRINGS_FILE_INFOPLIST_RENAME\=YES
    export STRINGS_FILE_OUTPUT_ENCODING\=binary
    export STRING_CATALOG_GENERATE_SYMBOLS\=NO
    export STRIP_BITCODE_FROM_COPIED_FILES\=NO
    export STRIP_INSTALLED_PRODUCT\=NO
    export STRIP_STYLE\=debugging
    export STRIP_SWIFT_SYMBOLS\=YES
    export SUPPORTED_DEVICE_FAMILIES\=1,2
    export SUPPORTED_PLATFORMS\=iphoneos\ iphonesimulator
    export SUPPORTS_TEXT_BASED_API\=NO
    export SUPPRESS_WARNINGS\=NO
    export SWIFT_ACTIVE_COMPILATION_CONDITIONS\=\ DEBUG\ 
    export SWIFT_EMIT_CONST_VALUE_PROTOCOLS\=AnyResolverProviding\ AppEntity\ AppEnum\ AppExtension\ AppIntent\ AppIntentsPackage\ AppShortcutProviding\ AppShortcutsProvider\ AppUnionValue\ AppUnionValueCasesProviding\ DynamicOptionsProvider\ EntityQuery\ ExtensionPointDefining\ IntentValueQuery\ Resolver\ TransientEntity\ _AssistantIntentsProvider\ _GenerativeFunctionExtractable\ _IntentValueRepresentable
    export SWIFT_EMIT_LOC_STRINGS\=NO
    export SWIFT_ENABLE_EXPLICIT_MODULES\=YES
    export SWIFT_INSTALL_MODULE_FOR_DEPLOYMENT\=YES
    export SWIFT_INSTALL_OBJC_HEADER\=YES
    export SWIFT_OPTIMIZATION_LEVEL\=-Onone
    export SWIFT_PLATFORM_TARGET_PREFIX\=ios
    export SWIFT_RESPONSE_FILE_PATH_normal_arm64\=/Users/antoniogrillo-balen/Library/Developer/Xcode/DerivedData/risebysolis-gzfsziqwziaggpcbgdowmssiasmi/Build/Intermediates.noindex/Pods.build/Debug-iphonesimulator/React-idlecallbacksnativemodule.build/Objects-normal/arm64/idlecallbacksnativemodule.SwiftFileList
    export SWIFT_VERSION\=5.0
    export SYMROOT\=/Users/antoniogrillo-balen/Library/Developer/Xcode/DerivedData/risebysolis-gzfsziqwziaggpcbgdowmssiasmi/Build/Products
    export SYSTEM_ADMIN_APPS_DIR\=/Applications/Utilities
    export SYSTEM_APPS_DIR\=/Applications
    export SYSTEM_CORE_SERVICES_DIR\=/System/Library/CoreServices
    export SYSTEM_DEMOS_DIR\=/Applications/Extras
    export SYSTEM_DEVELOPER_APPS_DIR\=/Applications/Xcode.app/Contents/Developer/Applications
    export SYSTEM_DEVELOPER_BIN_DIR\=/Applications/Xcode.app/Contents/Developer/usr/bin
    export SYSTEM_DEVELOPER_DEMOS_DIR\=/Applications/Xcode.app/Contents/Developer/Applications/Utilities/Built\ Examples
    export SYSTEM_DEVELOPER_DIR\=/Applications/Xcode.app/Contents/Developer
    export SYSTEM_DEVELOPER_DOC_DIR\=/Applications/Xcode.app/Contents/Developer/ADC\ Reference\ Library
    export SYSTEM_DEVELOPER_GRAPHICS_TOOLS_DIR\=/Applications/Xcode.app/Contents/Developer/Applications/Graphics\ Tools
    export SYSTEM_DEVELOPER_JAVA_TOOLS_DIR\=/Applications/Xcode.app/Contents/Developer/Applications/Java\ Tools
    export SYSTEM_DEVELOPER_PERFORMANCE_TOOLS_DIR\=/Applications/Xcode.app/Contents/Developer/Applications/Performance\ Tools
    export SYSTEM_DEVELOPER_RELEASENOTES_DIR\=/Applications/Xcode.app/Contents/Developer/ADC\ Reference\ Library/releasenotes
    export SYSTEM_DEVELOPER_TOOLS\=/Applications/Xcode.app/Contents/Developer/Tools
    export SYSTEM_DEVELOPER_TOOLS_DOC_DIR\=/Applications/Xcode.app/Contents/Developer/ADC\ Reference\ Library/documentation/DeveloperTools
    export SYSTEM_DEVELOPER_TOOLS_RELEASENOTES_DIR\=/Applications/Xcode.app/Contents/Developer/ADC\ Reference\ Library/releasenotes/DeveloperTools
    export SYSTEM_DEVELOPER_USR_DIR\=/Applications/Xcode.app/Contents/Developer/usr
    export SYSTEM_DEVELOPER_UTILITIES_DIR\=/Applications/Xcode.app/Contents/Developer/Applications/Utilities
    export SYSTEM_DEXT_INSTALL_PATH\=/System/Library/DriverExtensions
    export SYSTEM_DOCUMENTATION_DIR\=/Library/Documentation
    export SYSTEM_EXTENSIONS_FOLDER_PATH\=idlecallbacksnativemodule.framework/SystemExtensions
    export SYSTEM_EXTENSIONS_FOLDER_PATH_SHALLOW_BUNDLE_NO\=idlecallbacksnativemodule.framework/Library/SystemExtensions
    export SYSTEM_EXTENSIONS_FOLDER_PATH_SHALLOW_BUNDLE_YES\=idlecallbacksnativemodule.framework/SystemExtensions
    export SYSTEM_KEXT_INSTALL_PATH\=/System/Library/Extensions
    export SYSTEM_LIBRARY_DIR\=/System/Library
    export TAPI_DEMANGLE\=YES
    export TAPI_ENABLE_PROJECT_HEADERS\=NO
    export TAPI_LANGUAGE\=objective-c
    export TAPI_LANGUAGE_STANDARD\=compiler-default
    export TAPI_USE_SRCROOT\=YES
    export TAPI_VERIFY_MODE\=Pedantic
    export TARGETED_DEVICE_FAMILY\=1,2
    export TARGETNAME\=React-idlecallbacksnativemodule
    export TARGET_BUILD_DIR\=/Users/antoniogrillo-balen/Library/Developer/Xcode/DerivedData/risebysolis-gzfsziqwziaggpcbgdowmssiasmi/Build/Products/Debug-iphonesimulator/React-idlecallbacksnativemodule
    export TARGET_DEVICE_IDENTIFIER\=0C333F8A-4681-4475-855E-6FFD70F12533
    export TARGET_DEVICE_MODEL\=iPhone16,2
    export TARGET_DEVICE_OS_VERSION\=26.4.1
    export TARGET_DEVICE_PLATFORM_NAME\=iphonesimulator
    export TARGET_NAME\=React-idlecallbacksnativemodule
    export TARGET_TEMP_DIR\=/Users/antoniogrillo-balen/Library/Developer/Xcode/DerivedData/risebysolis-gzfsziqwziaggpcbgdowmssiasmi/Build/Intermediates.noindex/Pods.build/Debug-iphonesimulator/React-idlecallbacksnativemodule.build
    export TEMP_DIR\=/Users/antoniogrillo-balen/Library/Developer/Xcode/DerivedData/risebysolis-gzfsziqwziaggpcbgdowmssiasmi/Build/Intermediates.noindex/Pods.build/Debug-iphonesimulator/React-idlecallbacksnativemodule.build
    export TEMP_FILES_DIR\=/Users/antoniogrillo-balen/Library/Developer/Xcode/DerivedData/risebysolis-gzfsziqwziaggpcbgdowmssiasmi/Build/Intermediates.noindex/Pods.build/Debug-iphonesimulator/React-idlecallbacksnativemodule.build
    export TEMP_FILE_DIR\=/Users/antoniogrillo-balen/Library/Developer/Xcode/DerivedData/risebysolis-gzfsziqwziaggpcbgdowmssiasmi/Build/Intermediates.noindex/Pods.build/Debug-iphonesimulator/React-idlecallbacksnativemodule.build
    export TEMP_ROOT\=/Users/antoniogrillo-balen/Library/Developer/Xcode/DerivedData/risebysolis-gzfsziqwziaggpcbgdowmssiasmi/Build/Intermediates.noindex
    export TEMP_SANDBOX_DIR\=/Users/antoniogrillo-balen/Library/Developer/Xcode/DerivedData/risebysolis-gzfsziqwziaggpcbgdowmssiasmi/Build/Intermediates.noindex/TemporaryTaskSandboxes
    export TEST_FRAMEWORK_SEARCH_PATHS\=\ /Applications/Xcode.app/Contents/Developer/Platforms/iPhoneSimulator.platform/Developer/Library/Frameworks\ /Applications/Xcode.app/Contents/Developer/Platforms/iPhoneSimulator.platform/Developer/SDKs/iPhoneSimulator26.5.sdk/Developer/Library/Frameworks
    export TEST_LIBRARY_SEARCH_PATHS\=\ /Applications/Xcode.app/Contents/Developer/Platforms/iPhoneSimulator.platform/Developer/usr/lib
    export TOOLCHAINS\=com.apple.dt.toolchain.XcodeDefault
    export TOOLCHAIN_DIR\=/Applications/Xcode.app/Contents/Developer/Toolchains/XcodeDefault.xctoolchain
    export TREAT_MISSING_BASELINES_AS_TEST_FAILURES\=NO
    export TREAT_MISSING_SCRIPT_PHASE_OUTPUTS_AS_ERRORS\=NO
    export TeamIdentifierPrefix\=FAKETEAMID.
    export UID\=501
    export UNINSTALLED_PRODUCTS_DIR\=/Users/antoniogrillo-balen/Library/Developer/Xcode/DerivedData/risebysolis-gzfsziqwziaggpcbgdowmssiasmi/Build/Intermediates.noindex/UninstalledProducts
    export UNLOCALIZED_RESOURCES_FOLDER_PATH\=idlecallbacksnativemodule.framework
    export UNLOCALIZED_RESOURCES_FOLDER_PATH_SHALLOW_BUNDLE_NO\=idlecallbacksnativemodule.framework/Resources
    export UNLOCALIZED_RESOURCES_FOLDER_PATH_SHALLOW_BUNDLE_YES\=idlecallbacksnativemodule.framework
    export UNSTRIPPED_PRODUCT\=NO
    export USER\=antoniogrillo-balen
    export USER_APPS_DIR\=/Users/antoniogrillo-balen/Applications
    export USER_LIBRARY_DIR\=/Users/antoniogrillo-balen/Library
    export USE_DYNAMIC_NO_PIC\=YES
    export USE_HEADERMAP\=YES
    export USE_HEADER_SYMLINKS\=NO
    export USE_HERMES\=true
    export USE_RECURSIVE_SCRIPT_INPUTS_IN_SCRIPT_PHASES\=YES
    export VALIDATE_DEVELOPMENT_ASSET_PATHS\=YES_ERROR
    export VALIDATE_PRODUCT\=NO
    export VALID_ARCHS\=arm64\ x86_64
    export VERBOSE_PBXCP\=NO
    export VERSIONING_SYSTEM\=apple-generic
    export VERSIONPLIST_PATH\=idlecallbacksnativemodule.framework/version.plist
    export VERSIONS_FOLDER_PATH\=idlecallbacksnativemodule.framework
    export VERSIONS_FOLDER_PATH_SHALLOW_BUNDLE_NO\=idlecallbacksnativemodule.framework/Versions
    export VERSIONS_FOLDER_PATH_SHALLOW_BUNDLE_YES\=idlecallbacksnativemodule.framework
    export VERSION_INFO_BUILDER\=antoniogrillo-balen
    export VERSION_INFO_FILE\=idlecallbacksnativemodule_vers.c
    export VERSION_INFO_STRING\=\"@\(\#\)PROGRAM:idlecallbacksnativemodule\ \ PROJECT:Pods-1\"
    export WORKSPACE_DIR\=/Users/antoniogrillo-balen/Desktop/Projects/RiseBuild/ios
    export WRAPPER_EXTENSION\=framework
    export WRAPPER_NAME\=idlecallbacksnativemodule.framework
    export WRAPPER_SUFFIX\=.framework
    export WRAP_ASSET_PACKS_IN_SEPARATE_DIRECTORIES\=NO
    export XCODE_APP_SUPPORT_DIR\=/Applications/Xcode.app/Contents/Developer/Library/Xcode
    export XCODE_PRODUCT_BUILD_VERSION\=17F42
    export XCODE_VERSION_ACTUAL\=2650
    export XCODE_VERSION_MAJOR\=2600
    export XCODE_VERSION_MINOR\=2650
    export XPCSERVICES_FOLDER_PATH\=idlecallbacksnativemodule.framework/XPCServices
    export YACC\=yacc
    export _DISCOVER_COMMAND_LINE_LINKER_INPUTS\=YES
    export _DISCOVER_COMMAND_LINE_LINKER_INPUTS_INCLUDE_WL\=YES
    export _LD_MULTIARCH\=YES
    export _WRAPPER_CONTENTS_DIR_SHALLOW_BUNDLE_NO\=/Contents
    export _WRAPPER_PARENT_PATH_SHALLOW_BUNDLE_NO\=/..
    export _WRAPPER_RESOURCES_DIR_SHALLOW_BUNDLE_NO\=/Resources
    export __DIAGNOSE_DEPRECATED_ARCHS\=YES
    export __ORIGINAL_SDK_DEFINED_LLVM_TARGET_TRIPLE_SYS\=ios
    export arch\=undefined_arch
    export variant\=normal
    /bin/sh -c /Users/antoniogrillo-balen/Library/Developer/Xcode/DerivedData/risebysolis-gzfsziqwziaggpcbgdowmssiasmi/Build/Intermediates.noindex/Pods.build/Debug-iphonesimulator/React-idlecallbacksnativemodule.build/Script-46EB2E0002B5E0.sh

warning: Run script build phase 'Create Symlinks to Header Folders' will be run during every build because it does not specify any outputs. To address this issue, either add output dependencies to the script phase, or configure it to run in every build by unchecking "Based on dependency analysis" in the script phase. (in target 'React-microtasksnativemodule' from project 'Pods')
CompileC /Users/antoniogrillo-balen/Library/Developer/Xcode/DerivedData/risebysolis-gzfsziqwziaggpcbgdowmssiasmi/Build/Intermediates.noindex/Pods.build/Debug-iphonesimulator/React-microtasksnativemodule.build/Objects-normal/arm64/NativeMicrotasks.o /Users/antoniogrillo-balen/Desktop/Projects/RiseBuild/node_modules/react-native/ReactCommon/react/nativemodule/microtasks/NativeMicrotasks.cpp normal arm64 c++ com.apple.compilers.llvm.clang.1_0.compiler (in target 'React-microtasksnativemodule' from project 'Pods')
    cd /Users/antoniogrillo-balen/Desktop/Projects/RiseBuild/ios/Pods
    
    Using response file: /Users/antoniogrillo-balen/Library/Developer/Xcode/DerivedData/risebysolis-gzfsziqwziaggpcbgdowmssiasmi/Build/Intermediates.noindex/Pods.build/Debug-iphonesimulator/React-microtasksnativemodule.build/Objects-normal/arm64/82b82416624d2658e5098eb0a28c15c5-common-args.resp
    
    /Applications/Xcode.app/Contents/Developer/Toolchains/XcodeDefault.xctoolchain/usr/bin/clang -x c++ -ivfsstatcache /Users/antoniogrillo-balen/Library/Developer/Xcode/DerivedData/SDKStatCaches.noindex/iphonesimulator26.5-23F73-6cfe768891a92b912361537c460fe42b.sdkstatcache -target arm64-apple-ios15.1-simulator -fmessage-length\=0 -fdiagnostics-show-note-include-stack -fmacro-backtrace-limit\=0 -fno-color-diagnostics -fmodules-prune-interval\=86400 -fmodules-prune-after\=345600 -fbuild-session-file\=/Users/antoniogrillo-balen/Library/Developer/Xcode/DerivedData/ModuleCache.noindex/Session.modulevalidation -fmodules-validate-once-per-build-session -Wnon-modular-include-in-framework-module -Werror\=non-modular-include-in-framework-module -Wno-trigraphs -Wno-missing-field-initializers -Wno-missing-prototypes -Werror\=return-type -Wdocumentation -Wunreachable-code -Werror\=deprecated-objc-isa-usage -Werror\=objc-root-class -Wno-non-virtual-dtor -Wno-overloaded-virtual -Wno-exit-time-destructors -Wno-missing-braces -Wparentheses -Wswitch -Wunused-function -Wno-unused-label -Wno-unused-parameter -Wunused-variable -Wunused-value -Wempty-body -Wuninitialized -Wconditional-uninitialized -Wno-unknown-pragmas -Wno-shadow -Wno-four-char-constants -Wno-conversion -Wconstant-conversion -Wint-conversion -Wbool-conversion -Wenum-conversion -Wno-float-conversion -Wnon-literal-null-conversion -Wobjc-literal-conversion -Wshorten-64-to-32 -Wno-newline-eof -Wno-c++11-extensions -Wno-implicit-fallthrough -isysroot /Applications/Xcode.app/Contents/Developer/Platforms/iPhoneSimulator.platform/Developer/SDKs/iPhoneSimulator26.5.sdk -fstrict-aliasing -Wdeprecated-declarations -Winvalid-offsetof -Wno-sign-conversion -Winfinite-recursion -Wmove -Wcomma -Wblock-capture-autoreleasing -Wstrict-prototypes -Wrange-loop-analysis -Wno-semicolon-before-method-body -Wunguarded-availability -index-store-path /Users/antoniogrillo-balen/Library/Developer/Xcode/DerivedData/risebysolis-gzfsziqwziaggpcbgdowmssiasmi/Index.noindex/DataStore -Wno-comma -Wno-shorten-64-to-32 @/Users/antoniogrillo-balen/Library/Developer/Xcode/DerivedData/risebysolis-gzfsziqwziaggpcbgdowmssiasmi/Build/Intermediates.noindex/Pods.build/Debug-iphonesimulator/React-microtasksnativemodule.build/Objects-normal/arm64/82b82416624d2658e5098eb0a28c15c5-common-args.resp -DFOLLY_NO_CONFIG -DFOLLY_MOBILE\=1 -DFOLLY_USE_LIBCPP\=1 -DFOLLY_CFG_NO_COROUTINES\=1 -DFOLLY_HAVE_CLOCK_GETTIME\=1 -Wno-comma -Wno-shorten-64-to-32 -include /Users/antoniogrillo-balen/Desktop/Projects/RiseBuild/ios/Pods/Target\ Support\ Files/React-microtasksnativemodule/React-microtasksnativemodule-prefix.pch -MMD -MT dependencies -MF /Users/antoniogrillo-balen/Library/Developer/Xcode/DerivedData/risebysolis-gzfsziqwziaggpcbgdowmssiasmi/Build/Intermediates.noindex/Pods.build/Debug-iphonesimulator/React-microtasksnativemodule.build/Objects-normal/arm64/NativeMicrotasks.d --serialize-diagnostics /Users/antoniogrillo-balen/Library/Developer/Xcode/DerivedData/risebysolis-gzfsziqwziaggpcbgdowmssiasmi/Build/Intermediates.noindex/Pods.build/Debug-iphonesimulator/React-microtasksnativemodule.build/Objects-normal/arm64/NativeMicrotasks.dia -c /Users/antoniogrillo-balen/Desktop/Projects/RiseBuild/node_modules/react-native/ReactCommon/react/nativemodule/microtasks/NativeMicrotasks.cpp -o /Users/antoniogrillo-balen/Library/Developer/Xcode/DerivedData/risebysolis-gzfsziqwziaggpcbgdowmssiasmi/Build/Intermediates.noindex/Pods.build/Debug-iphonesimulator/React-microtasksnativemodule.build/Objects-normal/arm64/NativeMicrotasks.o -index-unit-output-path /Pods.build/Debug-iphonesimulator/React-microtasksnativemodule.build/Objects-normal/arm64/NativeMicrotasks.o

Libtool /Users/antoniogrillo-balen/Library/Developer/Xcode/DerivedData/risebysolis-gzfsziqwziaggpcbgdowmssiasmi/Build/Products/Debug-iphonesimulator/React-microtasksnativemodule/React_microtasksnativemodule.framework/React_microtasksnativemodule normal (in target 'React-microtasksnativemodule' from project 'Pods')
    cd /Users/antoniogrillo-balen/Desktop/Projects/RiseBuild/ios/Pods
    /Applications/Xcode.app/Contents/Developer/Toolchains/XcodeDefault.xctoolchain/usr/bin/libtool -static -arch_only arm64 -D -syslibroot /Applications/Xcode.app/Contents/Developer/Platforms/iPhoneSimulator.platform/Developer/SDKs/iPhoneSimulator26.5.sdk -L/Users/antoniogrillo-balen/Library/Developer/Xcode/DerivedData/risebysolis-gzfsziqwziaggpcbgdowmssiasmi/Build/Products/Debug-iphonesimulator/React-microtasksnativemodule -filelist /Users/antoniogrillo-balen/Library/Developer/Xcode/DerivedData/risebysolis-gzfsziqwziaggpcbgdowmssiasmi/Build/Intermediates.noindex/Pods.build/Debug-iphonesimulator/React-microtasksnativemodule.build/Objects-normal/arm64/React_microtasksnativemodule.LinkFileList -dependency_info /Users/antoniogrillo-balen/Library/Developer/Xcode/DerivedData/risebysolis-gzfsziqwziaggpcbgdowmssiasmi/Build/Intermediates.noindex/Pods.build/Debug-iphonesimulator/React-microtasksnativemodule.build/Objects-normal/arm64/React_microtasksnativemodule_libtool_dependency_info.dat -o /Users/antoniogrillo-balen/Library/Developer/Xcode/DerivedData/risebysolis-gzfsziqwziaggpcbgdowmssiasmi/Build/Products/Debug-iphonesimulator/React-microtasksnativemodule/React_microtasksnativemodule.framework/React_microtasksnativemodule

PhaseScriptExecution Create\ Symlinks\ to\ Header\ Folders /Users/antoniogrillo-balen/Library/Developer/Xcode/DerivedData/risebysolis-gzfsziqwziaggpcbgdowmssiasmi/Build/Intermediates.noindex/Pods.build/Debug-iphonesimulator/React-microtasksnativemodule.build/Script-46EB2E0002C260.sh (in target 'React-microtasksnativemodule' from project 'Pods')
    cd /Users/antoniogrillo-balen/Desktop/Projects/RiseBuild/ios/Pods
    export ACTION\=build
    export AD_HOC_CODE_SIGNING_ALLOWED\=YES
    export ALLOW_BUILD_REQUEST_OVERRIDES\=NO
    export ALLOW_TARGET_PLATFORM_SPECIALIZATION\=NO
    export ALTERNATE_GROUP\=staff
    export ALTERNATE_MODE\=u+w,go-w,a+rX
    export ALTERNATE_OWNER\=antoniogrillo-balen
    export ALTERNATIVE_DISTRIBUTION_WEB\=NO
    export ALWAYS_EMBED_SWIFT_STANDARD_LIBRARIES\=NO
    export ALWAYS_SEARCH_USER_PATHS\=NO
    export ALWAYS_USE_SEPARATE_HEADERMAPS\=NO
    export APPLICATION_EXTENSION_API_ONLY\=NO
    export APPLY_RULES_IN_COPY_FILES\=NO
    export APPLY_RULES_IN_COPY_HEADERS\=NO
    export APP_SHORTCUTS_ENABLE_FLEXIBLE_MATCHING\=YES
    export ARCHS\=arm64
    export ARCHS_BASE\=arm64
    export ARCHS_STANDARD\=arm64\ x86_64
    export ARCHS_STANDARD_32_64_BIT\=arm64\ x86_64
    export ARCHS_STANDARD_64_BIT\=arm64\ x86_64
    export ARCHS_STANDARD_INCLUDING_64_BIT\=arm64\ x86_64
    export ARCHS_UNIVERSAL_IPHONE_OS\=arm64\ x86_64
    export ASSETCATALOG_FILTER_FOR_DEVICE_MODEL\=iPhone16,2
    export ASSETCATALOG_FILTER_FOR_DEVICE_OS_VERSION\=26.4.1
    export ASSETCATALOG_FILTER_FOR_THINNING_DEVICE_CONFIGURATION\=iPhone16,2
    export AUTOMATICALLY_MERGE_DEPENDENCIES\=NO
    export AUTOMATION_APPLE_EVENTS\=NO
    export AVAILABLE_PLATFORMS\=android\ appletvos\ appletvsimulator\ driverkit\ freebsd\ iphoneos\ iphonesimulator\ linux\ macosx\ none\ openbsd\ qnx\ watchos\ watchsimulator\ webassembly\ xros\ xrsimulator
    export AppIdentifierPrefix\=FAKETEAMID.
    export BUILD_ACTIVE_RESOURCES_ONLY\=YES
    export BUILD_COMPONENTS\=headers\ build
    export BUILD_DIR\=/Users/antoniogrillo-balen/Library/Developer/Xcode/DerivedData/risebysolis-gzfsziqwziaggpcbgdowmssiasmi/Build/Products
    export BUILD_LIBRARY_FOR_DISTRIBUTION\=NO
    export BUILD_ONLY_KNOWN_LOCALIZATIONS\=NO
    export BUILD_ROOT\=/Users/antoniogrillo-balen/Library/Developer/Xcode/DerivedData/risebysolis-gzfsziqwziaggpcbgdowmssiasmi/Build/Products
    export BUILD_STYLE\=
    export BUILD_VARIANTS\=normal
    export BUILT_PRODUCTS_DIR\=/Users/antoniogrillo-balen/Library/Developer/Xcode/DerivedData/risebysolis-gzfsziqwziaggpcbgdowmssiasmi/Build/Products/Debug-iphonesimulator/React-microtasksnativemodule
    export BUNDLE_CONTENTS_FOLDER_PATH_deep\=Contents/
    export BUNDLE_EXECUTABLE_FOLDER_NAME_deep\=MacOS
    export BUNDLE_EXTENSIONS_FOLDER_PATH\=Extensions
    export BUNDLE_FORMAT\=shallow
    export BUNDLE_FRAMEWORKS_FOLDER_PATH\=Frameworks
    export BUNDLE_PLUGINS_FOLDER_PATH\=PlugIns
    export BUNDLE_PRIVATE_HEADERS_FOLDER_PATH\=PrivateHeaders
    export BUNDLE_PUBLIC_HEADERS_FOLDER_PATH\=Headers
    export CACHE_ROOT\=/var/folders/2z/jtlqylkx0c709j3xb7b0g4cm0000gn/C/com.apple.DeveloperTools/26.5-17F42/Xcode
    export CCHROOT\=/var/folders/2z/jtlqylkx0c709j3xb7b0g4cm0000gn/C/com.apple.DeveloperTools/26.5-17F42/Xcode
    export CHMOD\=/bin/chmod
    export CHOWN\=chown
    export CLANG_ANALYZER_LOCALIZABILITY_NONLOCALIZED\=YES
    export CLANG_ANALYZER_NONNULL\=YES
    export CLANG_ANALYZER_NUMBER_OBJECT_CONVERSION\=YES_AGGRESSIVE
    export CLANG_CACHE_FINE_GRAINED_OUTPUTS\=YES
    export CLANG_CXX_LANGUAGE_STANDARD\=c++20
    export CLANG_CXX_LIBRARY\=libc++
    export CLANG_ENABLE_EXPLICIT_MODULES\=YES
    export CLANG_ENABLE_MODULES\=YES
    export CLANG_ENABLE_OBJC_ARC\=YES
    export CLANG_ENABLE_OBJC_WEAK\=NO
    export CLANG_MODULES_BUILD_SESSION_FILE\=/Users/antoniogrillo-balen/Library/Developer/Xcode/DerivedData/ModuleCache.noindex/Session.modulevalidation
    export CLANG_WARN_BLOCK_CAPTURE_AUTORELEASING\=YES
    export CLANG_WARN_BOOL_CONVERSION\=YES
    export CLANG_WARN_COMMA\=YES
    export CLANG_WARN_CONSTANT_CONVERSION\=YES
    export CLANG_WARN_DEPRECATED_OBJC_IMPLEMENTATIONS\=YES
    export CLANG_WARN_DIRECT_OBJC_ISA_USAGE\=YES_ERROR
    export CLANG_WARN_DOCUMENTATION_COMMENTS\=YES
    export CLANG_WARN_EMPTY_BODY\=YES
    export CLANG_WARN_ENUM_CONVERSION\=YES
    export CLANG_WARN_INFINITE_RECURSION\=YES
    export CLANG_WARN_INT_CONVERSION\=YES
    export CLANG_WARN_NON_LITERAL_NULL_CONVERSION\=YES
    export CLANG_WARN_OBJC_IMPLICIT_RETAIN_SELF\=YES
    export CLANG_WARN_OBJC_LITERAL_CONVERSION\=YES
    export CLANG_WARN_OBJC_ROOT_CLASS\=YES_ERROR
    export CLANG_WARN_QUOTED_INCLUDE_IN_FRAMEWORK_HEADER\=NO
    export CLANG_WARN_RANGE_LOOP_ANALYSIS\=YES
    export CLANG_WARN_STRICT_PROTOTYPES\=YES
    export CLANG_WARN_SUSPICIOUS_MOVE\=YES
    export CLANG_WARN_UNGUARDED_AVAILABILITY\=YES_AGGRESSIVE
    export CLANG_WARN_UNREACHABLE_CODE\=YES
    export CLANG_WARN__DUPLICATE_METHOD_MATCH\=YES
    export CLASS_FILE_DIR\=/Users/antoniogrillo-balen/Library/Developer/Xcode/DerivedData/risebysolis-gzfsziqwziaggpcbgdowmssiasmi/Build/Intermediates.noindex/Pods.build/Debug-iphonesimulator/React-microtasksnativemodule.build/JavaClasses
    export CLEAN_PRECOMPS\=YES
    export CLONE_HEADERS\=NO
    export CODESIGNING_FOLDER_PATH\=/Users/antoniogrillo-balen/Library/Developer/Xcode/DerivedData/risebysolis-gzfsziqwziaggpcbgdowmssiasmi/Build/Products/Debug-iphonesimulator/React-microtasksnativemodule/React_microtasksnativemodule.framework
    export CODE_SIGNING_ALLOWED\=YES
    export CODE_SIGNING_REQUIRED\=NO
    export CODE_SIGNING_REQUIRES_TEAM\=YES
    export CODE_SIGN_CONTEXT_CLASS\=XCiPhoneSimulatorCodeSignContext
    export CODE_SIGN_IDENTITY\=-
    export CODE_SIGN_INJECT_BASE_ENTITLEMENTS\=YES
    export COLOR_DIAGNOSTICS\=NO
    export COMBINE_HIDPI_IMAGES\=NO
    export COMPILATION_CACHE_CAS_PATH\=/Users/antoniogrillo-balen/Library/Developer/Xcode/DerivedData/CompilationCache.noindex
    export COMPILATION_CACHE_KEEP_CAS_DIRECTORY\=YES
    export COMPILER_INDEX_STORE_ENABLE\=Default
    export COMPOSITE_SDK_DIRS\=/Users/antoniogrillo-balen/Library/Developer/Xcode/DerivedData/risebysolis-gzfsziqwziaggpcbgdowmssiasmi/Build/Intermediates.noindex/CompositeSDKs
    export COMPRESS_PNG_FILES\=YES
    export CONFIGURATION\=Debug
    export CONFIGURATION_BUILD_DIR\=/Users/antoniogrillo-balen/Library/Developer/Xcode/DerivedData/risebysolis-gzfsziqwziaggpcbgdowmssiasmi/Build/Products/Debug-iphonesimulator/React-microtasksnativemodule
    export CONFIGURATION_TEMP_DIR\=/Users/antoniogrillo-balen/Library/Developer/Xcode/DerivedData/risebysolis-gzfsziqwziaggpcbgdowmssiasmi/Build/Intermediates.noindex/Pods.build/Debug-iphonesimulator
    export CONTENTS_FOLDER_PATH\=React_microtasksnativemodule.framework
    export CONTENTS_FOLDER_PATH_SHALLOW_BUNDLE_NO\=React_microtasksnativemodule.framework/A
    export CONTENTS_FOLDER_PATH_SHALLOW_BUNDLE_YES\=React_microtasksnativemodule.framework
    export COPYING_PRESERVES_HFS_DATA\=NO
    export COPY_HEADERS_RUN_UNIFDEF\=NO
    export COPY_PHASE_STRIP\=NO
    export CORRESPONDING_DEVICE_PLATFORM_DIR\=/Applications/Xcode.app/Contents/Developer/Platforms/iPhoneOS.platform
    export CORRESPONDING_DEVICE_PLATFORM_NAME\=iphoneos
    export CORRESPONDING_DEVICE_SDK_DIR\=/Applications/Xcode.app/Contents/Developer/Platforms/iPhoneOS.platform/Developer/SDKs/iPhoneOS26.5.sdk
    export CORRESPONDING_DEVICE_SDK_NAME\=iphoneos26.5
    export CP\=/bin/cp
    export CREATE_INFOPLIST_SECTION_IN_BINARY\=NO
    export CURRENT_ARCH\=undefined_arch
    export CURRENT_PROJECT_VERSION\=1
    export CURRENT_VARIANT\=normal
    export CURRENT_VERSION\=Current
    export DEAD_CODE_STRIPPING\=YES
    export DEBUGGING_SYMBOLS\=YES
    export DEBUG_INFORMATION_FORMAT\=dwarf
    export DEBUG_INFORMATION_VERSION\=compiler-default
    export DEFAULT_COMPILER\=com.apple.compilers.llvm.clang.1_0
    export DEFAULT_DEXT_INSTALL_PATH\=/System/Library/DriverExtensions
    export DEFAULT_KEXT_INSTALL_PATH\=/System/Library/Extensions
    export DEFINES_MODULE\=YES
    export DEPLOYMENT_LOCATION\=NO
    export DEPLOYMENT_POSTPROCESSING\=NO
    export DEPLOYMENT_TARGET_SETTING_NAME\=IPHONEOS_DEPLOYMENT_TARGET
    export DEPLOYMENT_TARGET_SUGGESTED_VALUES\=12.0\ 12.1\ 12.2\ 12.3\ 12.4\ 13.0\ 13.1\ 13.2\ 13.3\ 13.4\ 13.5\ 13.6\ 14.0\ 14.1\ 14.2\ 14.3\ 14.4\ 14.5\ 14.6\ 14.7\ 15.0\ 15.1\ 15.2\ 15.3\ 15.4\ 15.5\ 15.6\ 16.0\ 16.1\ 16.2\ 16.3\ 16.4\ 16.5\ 16.6\ 17.0\ 17.1\ 17.2\ 17.3\ 17.4\ 17.5\ 17.6\ 18.0\ 18.1\ 18.2\ 18.3\ 18.4\ 18.5\ 18.6\ 26.0\ 26.2\ 26.3\ 26.4\ 26.5
    export DERIVED_FILES_DIR\=/Users/antoniogrillo-balen/Library/Developer/Xcode/DerivedData/risebysolis-gzfsziqwziaggpcbgdowmssiasmi/Build/Intermediates.noindex/Pods.build/Debug-iphonesimulator/React-microtasksnativemodule.build/DerivedSources
    export DERIVED_FILE_DIR\=/Users/antoniogrillo-balen/Library/Developer/Xcode/DerivedData/risebysolis-gzfsziqwziaggpcbgdowmssiasmi/Build/Intermediates.noindex/Pods.build/Debug-iphonesimulator/React-microtasksnativemodule.build/DerivedSources
    export DERIVED_SOURCES_DIR\=/Users/antoniogrillo-balen/Library/Developer/Xcode/DerivedData/risebysolis-gzfsziqwziaggpcbgdowmssiasmi/Build/Intermediates.noindex/Pods.build/Debug-iphonesimulator/React-microtasksnativemodule.build/DerivedSources
    export DEVELOPER_APPLICATIONS_DIR\=/Applications/Xcode.app/Contents/Developer/Applications
    export DEVELOPER_BIN_DIR\=/Applications/Xcode.app/Contents/Developer/usr/bin
    export DEVELOPER_DIR\=/Applications/Xcode.app/Contents/Developer
    export DEVELOPER_FRAMEWORKS_DIR\=/Applications/Xcode.app/Contents/Developer/Library/Frameworks
    export DEVELOPER_FRAMEWORKS_DIR_QUOTED\=/Applications/Xcode.app/Contents/Developer/Library/Frameworks
    export DEVELOPER_LIBRARY_DIR\=/Applications/Xcode.app/Contents/Developer/Library
    export DEVELOPER_SDK_DIR\=/Applications/Xcode.app/Contents/Developer/Platforms/MacOSX.platform/Developer/SDKs
    export DEVELOPER_TOOLS_DIR\=/Applications/Xcode.app/Contents/Developer/Tools
    export DEVELOPER_USR_DIR\=/Applications/Xcode.app/Contents/Developer/usr
    export DEVELOPMENT_LANGUAGE\=en
    export DIAGNOSE_MISSING_TARGET_DEPENDENCIES\=YES
    export DIFF\=/usr/bin/diff
    export DOCUMENTATION_FOLDER_PATH\=React_microtasksnativemodule.framework/en.lproj/Documentation
    export DONT_GENERATE_INFOPLIST_FILE\=NO
    export DSTROOT\=/tmp/Pods.dst
    export DT_TOOLCHAIN_DIR\=/Applications/Xcode.app/Contents/Developer/Toolchains/XcodeDefault.xctoolchain
    export DUMP_DEPENDENCIES\=NO
    export DUMP_DEPENDENCIES_OUTPUT_PATH\=/Users/antoniogrillo-balen/Library/Developer/Xcode/DerivedData/risebysolis-gzfsziqwziaggpcbgdowmssiasmi/Build/Intermediates.noindex/Pods.build/Debug-iphonesimulator/React-microtasksnativemodule.build/React-microtasksnativemodule-BuildDependencyInfo.json
    export DWARF_DSYM_FILE_NAME\=React_microtasksnativemodule.framework.dSYM
    export DWARF_DSYM_FILE_SHOULD_ACCOMPANY_PRODUCT\=NO
    export DWARF_DSYM_FOLDER_PATH\=/Users/antoniogrillo-balen/Library/Developer/Xcode/DerivedData/risebysolis-gzfsziqwziaggpcbgdowmssiasmi/Build/Products/Debug-iphonesimulator/React-microtasksnativemodule
    export DYLIB_COMPATIBILITY_VERSION\=1
    export DYLIB_CURRENT_VERSION\=1
    export DYLIB_INSTALL_NAME_BASE\=@rpath
    export DYNAMIC_LIBRARY_EXTENSION\=dylib
    export EAGER_COMPILATION_ALLOW_SCRIPTS\=NO
    export EAGER_LINKING\=NO
    export EFFECTIVE_PLATFORM_NAME\=-iphonesimulator
    export EFFECTIVE_SWIFT_VERSION\=5
    export EMBEDDED_CONTENT_CONTAINS_SWIFT\=NO
    export EMBED_ASSET_PACKS_IN_PRODUCT_BUNDLE\=NO
    export ENABLE_APP_SANDBOX\=NO
    export ENABLE_CODE_COVERAGE\=YES
    export ENABLE_COHORT_ARCHS\=NO
    export ENABLE_CPLUSPLUS_BOUNDS_SAFE_BUFFERS\=NO
    export ENABLE_C_BOUNDS_SAFETY\=NO
    export ENABLE_DEFAULT_HEADER_SEARCH_PATHS\=YES
    export ENABLE_DEFAULT_SEARCH_PATHS\=YES
    export ENABLE_ENHANCED_SECURITY\=NO
    export ENABLE_HARDENED_RUNTIME\=NO
    export ENABLE_HEADER_DEPENDENCIES\=YES
    export ENABLE_INCOMING_NETWORK_CONNECTIONS\=NO
    export ENABLE_MODULE_VERIFIER\=NO
    export ENABLE_ON_DEMAND_RESOURCES\=NO
    export ENABLE_OUTGOING_NETWORK_CONNECTIONS\=NO
    export ENABLE_POINTER_AUTHENTICATION\=NO
    export ENABLE_PREVIEWS\=NO
    export ENABLE_RESOURCE_ACCESS_AUDIO_INPUT\=NO
    export ENABLE_RESOURCE_ACCESS_BLUETOOTH\=NO
    export ENABLE_RESOURCE_ACCESS_CALENDARS\=NO
    export ENABLE_RESOURCE_ACCESS_CAMERA\=NO
    export ENABLE_RESOURCE_ACCESS_CONTACTS\=NO
    export ENABLE_RESOURCE_ACCESS_LOCATION\=NO
    export ENABLE_RESOURCE_ACCESS_PHOTO_LIBRARY\=NO
    export ENABLE_RESOURCE_ACCESS_PRINTING\=NO
    export ENABLE_RESOURCE_ACCESS_USB\=NO
    export ENABLE_SDK_IMPORTS\=NO
    export ENABLE_SECURITY_COMPILER_WARNINGS\=NO
    export ENABLE_STRICT_OBJC_MSGSEND\=YES
    export ENABLE_TESTABILITY\=YES
    export ENABLE_TESTING_SEARCH_PATHS\=NO
    export ENABLE_USER_SCRIPT_SANDBOXING\=NO
    export ENABLE_XOJIT_PREVIEWS\=YES
    export ENFORCE_VALID_ARCHS\=YES
    export ENTITLEMENTS_DESTINATION\=__entitlements
    export ENTITLEMENTS_REQUIRED\=NO
    export EXCLUDED_INSTALLSRC_SUBDIRECTORY_PATTERNS\=.DS_Store\ .svn\ .git\ .hg\ CVS
    export EXCLUDED_RECURSIVE_SEARCH_PATH_SUBDIRECTORIES\=\*.nib\ \*.lproj\ \*.framework\ \*.gch\ \*.xcode\*\ \*.xcassets\ \*.icon\ \(\*\)\ .DS_Store\ CVS\ .svn\ .git\ .hg\ \*.pbproj\ \*.pbxproj
    export EXECUTABLES_FOLDER_PATH\=React_microtasksnativemodule.framework/en.lproj
    export EXECUTABLE_FOLDER_PATH\=React_microtasksnativemodule.framework
    export EXECUTABLE_FOLDER_PATH_SHALLOW_BUNDLE_NO\=React_microtasksnativemodule.framework
    export EXECUTABLE_FOLDER_PATH_SHALLOW_BUNDLE_YES\=React_microtasksnativemodule.framework
    export EXECUTABLE_NAME\=React_microtasksnativemodule
    export EXECUTABLE_PATH\=React_microtasksnativemodule.framework/React_microtasksnativemodule
    export EXPANDED_CODE_SIGN_IDENTITY\=-
    export EXPANDED_CODE_SIGN_IDENTITY_NAME\=Sign\ to\ Run\ Locally
    export EXTENSIONS_FOLDER_PATH\=React_microtasksnativemodule.framework/Extensions
    export FILE_LIST\=/Users/antoniogrillo-balen/Library/Developer/Xcode/DerivedData/risebysolis-gzfsziqwziaggpcbgdowmssiasmi/Build/Intermediates.noindex/Pods.build/Debug-iphonesimulator/React-microtasksnativemodule.build/Objects/LinkFileList
    export FIXED_FILES_DIR\=/Users/antoniogrillo-balen/Library/Developer/Xcode/DerivedData/risebysolis-gzfsziqwziaggpcbgdowmssiasmi/Build/Intermediates.noindex/Pods.build/Debug-iphonesimulator/React-microtasksnativemodule.build/FixedFiles
    export FRAMEWORKS_FOLDER_PATH\=React_microtasksnativemodule.framework/Frameworks
    export FRAMEWORK_FLAG_PREFIX\=-framework
    export FRAMEWORK_SEARCH_PATHS\=/Users/antoniogrillo-balen/Library/Developer/Xcode/DerivedData/risebysolis-gzfsziqwziaggpcbgdowmssiasmi/Build/Products/Debug-iphonesimulator/React-microtasksnativemodule\ \ \"/Users/antoniogrillo-balen/Library/Developer/Xcode/DerivedData/risebysolis-gzfsziqwziaggpcbgdowmssiasmi/Build/Products/Debug-iphonesimulator/DoubleConversion\"\ \"/Users/antoniogrillo-balen/Library/Developer/Xcode/DerivedData/risebysolis-gzfsziqwziaggpcbgdowmssiasmi/Build/Products/Debug-iphonesimulator/RCT-Folly\"\ \"/Users/antoniogrillo-balen/Library/Developer/Xcode/DerivedData/risebysolis-gzfsziqwziaggpcbgdowmssiasmi/Build/Products/Debug-iphonesimulator/RCTDeprecation\"\ \"/Users/antoniogrillo-balen/Library/Developer/Xcode/DerivedData/risebysolis-gzfsziqwziaggpcbgdowmssiasmi/Build/Products/Debug-iphonesimulator/RCTTypeSafety\"\ \"/Users/antoniogrillo-balen/Library/Developer/Xcode/DerivedData/risebysolis-gzfsziqwziaggpcbgdowmssiasmi/Build/Products/Debug-iphonesimulator/React-Core\"\ \"/Users/antoniogrillo-balen/Library/Developer/Xcode/DerivedData/risebysolis-gzfsziqwziaggpcbgdowmssiasmi/Build/Products/Debug-iphonesimulator/React-Fabric\"\ \"/Users/antoniogrillo-balen/Library/Developer/Xcode/DerivedData/risebysolis-gzfsziqwziaggpcbgdowmssiasmi/Build/Products/Debug-iphonesimulator/React-FabricComponents\"\ \"/Users/antoniogrillo-balen/Library/Developer/Xcode/DerivedData/risebysolis-gzfsziqwziaggpcbgdowmssiasmi/Build/Products/Debug-iphonesimulator/React-FabricImage\"\ \"/Users/antoniogrillo-balen/Library/Developer/Xcode/DerivedData/risebysolis-gzfsziqwziaggpcbgdowmssiasmi/Build/Products/Debug-iphonesimulator/React-ImageManager\"\ \"/Users/antoniogrillo-balen/Library/Developer/Xcode/DerivedData/risebysolis-gzfsziqwziaggpcbgdowmssiasmi/Build/Products/Debug-iphonesimulator/React-NativeModulesApple\"\ \"/Users/antoniogrillo-balen/Library/Developer/Xcode/DerivedData/risebysolis-gzfsziqwziaggpcbgdowmssiasmi/Build/Products/Debug-iphonesimulator/React-RCTFabric\"\ \"/Users/antoniogrillo-balen/Library/Developer/Xcode/DerivedData/risebysolis-gzfsziqwziaggpcbgdowmssiasmi/Build/Products/Debug-iphonesimulator/React-RCTImage\"\ \"/Users/antoniogrillo-balen/Library/Developer/Xcode/DerivedData/risebysolis-gzfsziqwziaggpcbgdowmssiasmi/Build/Products/Debug-iphonesimulator/React-RCTNetwork\"\ \"/Users/antoniogrillo-balen/Library/Developer/Xcode/DerivedData/risebysolis-gzfsziqwziaggpcbgdowmssiasmi/Build/Products/Debug-iphonesimulator/React-RCTText\"\ \"/Users/antoniogrillo-balen/Library/Developer/Xcode/DerivedData/risebysolis-gzfsziqwziaggpcbgdowmssiasmi/Build/Products/Debug-iphonesimulator/React-cxxreact\"\ \"/Users/antoniogrillo-balen/Library/Developer/Xcode/DerivedData/risebysolis-gzfsziqwziaggpcbgdowmssiasmi/Build/Products/Debug-iphonesimulator/React-debug\"\ \"/Users/antoniogrillo-balen/Library/Developer/Xcode/DerivedData/risebysolis-gzfsziqwziaggpcbgdowmssiasmi/Build/Products/Debug-iphonesimulator/React-featureflags\"\ \"/Users/antoniogrillo-balen/Library/Developer/Xcode/DerivedData/risebysolis-gzfsziqwziaggpcbgdowmssiasmi/Build/Products/Debug-iphonesimulator/React-graphics\"\ \"/Users/antoniogrillo-balen/Library/Developer/Xcode/DerivedData/risebysolis-gzfsziqwziaggpcbgdowmssiasmi/Build/Products/Debug-iphonesimulator/React-hermes\"\ \"/Users/antoniogrillo-balen/Library/Developer/Xcode/DerivedData/risebysolis-gzfsziqwziaggpcbgdowmssiasmi/Build/Products/Debug-iphonesimulator/React-jsi\"\ \"/Users/antoniogrillo-balen/Library/Developer/Xcode/DerivedData/risebysolis-gzfsziqwziaggpcbgdowmssiasmi/Build/Products/Debug-iphonesimulator/React-jsiexecutor\"\ \"/Users/antoniogrillo-balen/Library/Developer/Xcode/DerivedData/risebysolis-gzfsziqwziaggpcbgdowmssiasmi/Build/Products/Debug-iphonesimulator/React-jsinspector\"\ \"/Users/antoniogrillo-balen/Library/Developer/Xcode/DerivedData/risebysolis-gzfsziqwziaggpcbgdowmssiasmi/Build/Products/Debug-iphonesimulator/React-logger\"\ \"/Users/antoniogrillo-balen/Library/Developer/Xcode/DerivedData/risebysolis-gzfsziqwziaggpcbgdowmssiasmi/Build/Products/Debug-iphonesimulator/React-nativeconfig\"\ \"/Users/antoniogrillo-balen/Library/Developer/Xcode/DerivedData/risebysolis-gzfsziqwziaggpcbgdowmssiasmi/Build/Products/Debug-iphonesimulator/React-perflogger\"\ \"/Users/antoniogrillo-balen/Library/Developer/Xcode/DerivedData/risebysolis-gzfsziqwziaggpcbgdowmssiasmi/Build/Products/Debug-iphonesimulator/React-performancetimeline\"\ \"/Users/antoniogrillo-balen/Library/Developer/Xcode/DerivedData/risebysolis-gzfsziqwziaggpcbgdowmssiasmi/Build/Products/Debug-iphonesimulator/React-rendererconsistency\"\ \"/Users/antoniogrillo-balen/Library/Developer/Xcode/DerivedData/risebysolis-gzfsziqwziaggpcbgdowmssiasmi/Build/Products/Debug-iphonesimulator/React-rendererdebug\"\ \"/Users/antoniogrillo-balen/Library/Developer/Xcode/DerivedData/risebysolis-gzfsziqwziaggpcbgdowmssiasmi/Build/Products/Debug-iphonesimulator/React-runtimescheduler\"\ \"/Users/antoniogrillo-balen/Library/Developer/Xcode/DerivedData/risebysolis-gzfsziqwziaggpcbgdowmssiasmi/Build/Products/Debug-iphonesimulator/React-utils\"\ \"/Users/antoniogrillo-balen/Library/Developer/Xcode/DerivedData/risebysolis-gzfsziqwziaggpcbgdowmssiasmi/Build/Products/Debug-iphonesimulator/ReactCodegen\"\ \"/Users/antoniogrillo-balen/Library/Developer/Xcode/DerivedData/risebysolis-gzfsziqwziaggpcbgdowmssiasmi/Build/Products/Debug-iphonesimulator/ReactCommon\"\ \"/Users/antoniogrillo-balen/Library/Developer/Xcode/DerivedData/risebysolis-gzfsziqwziaggpcbgdowmssiasmi/Build/Products/Debug-iphonesimulator/SocketRocket\"\ \"/Users/antoniogrillo-balen/Library/Developer/Xcode/DerivedData/risebysolis-gzfsziqwziaggpcbgdowmssiasmi/Build/Products/Debug-iphonesimulator/Yoga\"\ \"/Users/antoniogrillo-balen/Library/Developer/Xcode/DerivedData/risebysolis-gzfsziqwziaggpcbgdowmssiasmi/Build/Products/Debug-iphonesimulator/fmt\"\ \"/Users/antoniogrillo-balen/Library/Developer/Xcode/DerivedData/risebysolis-gzfsziqwziaggpcbgdowmssiasmi/Build/Products/Debug-iphonesimulator/glog\"\ \"/Users/antoniogrillo-balen/Desktop/Projects/RiseBuild/ios/Pods/hermes-engine/destroot/Library/Frameworks/universal\"\ \"/Users/antoniogrillo-balen/Library/Developer/Xcode/DerivedData/risebysolis-gzfsziqwziaggpcbgdowmssiasmi/Build/Products/Debug-iphonesimulator/XCFrameworkIntermediates/hermes-engine/Pre-built\"
    export FRAMEWORK_VERSION\=A
    export FULL_PRODUCT_NAME\=React_microtasksnativemodule.framework
    export FUSE_BUILD_PHASES\=YES
    export FUSE_BUILD_SCRIPT_PHASES\=NO
    export GCC3_VERSION\=3.3
    export GCC_C_LANGUAGE_STANDARD\=gnu11
    export GCC_DYNAMIC_NO_PIC\=NO
    export GCC_INLINES_ARE_PRIVATE_EXTERN\=YES
    export GCC_NO_COMMON_BLOCKS\=YES
    export GCC_OBJC_LEGACY_DISPATCH\=YES
    export GCC_OPTIMIZATION_LEVEL\=0
    export GCC_PFE_FILE_C_DIALECTS\=c\ objective-c\ c++\ objective-c++
    export GCC_PREFIX_HEADER\=Target\ Support\ Files/React-microtasksnativemodule/React-microtasksnativemodule-prefix.pch
    export GCC_PREPROCESSOR_DEFINITIONS\=POD_CONFIGURATION_DEBUG\=1\ DEBUG\=1\ \ COCOAPODS\=1
    export GCC_TREAT_WARNINGS_AS_ERRORS\=NO
    export GCC_VERSION\=com.apple.compilers.llvm.clang.1_0
    export GCC_VERSION_IDENTIFIER\=com_apple_compilers_llvm_clang_1_0
    export GCC_WARN_64_TO_32_BIT_CONVERSION\=YES
    export GCC_WARN_ABOUT_RETURN_TYPE\=YES_ERROR
    export GCC_WARN_UNDECLARED_SELECTOR\=YES
    export GCC_WARN_UNINITIALIZED_AUTOS\=YES_AGGRESSIVE
    export GCC_WARN_UNUSED_FUNCTION\=YES
    export GCC_WARN_UNUSED_VARIABLE\=YES
    export GENERATED_MODULEMAP_DIR\=/Users/antoniogrillo-balen/Library/Developer/Xcode/DerivedData/risebysolis-gzfsziqwziaggpcbgdowmssiasmi/Build/Intermediates.noindex/GeneratedModuleMaps-iphonesimulator
    export GENERATE_INFOPLIST_FILE\=NO
    export GENERATE_INTERMEDIATE_TEXT_BASED_STUBS\=YES
    export GENERATE_PKGINFO_FILE\=NO
    export GENERATE_PRELINK_OBJECT_FILE\=NO
    export GENERATE_PROFILING_CODE\=NO
    export GENERATE_TEXT_BASED_STUBS\=NO
    export GID\=20
    export GROUP\=staff
    export HEADERMAP_INCLUDES_FLAT_ENTRIES_FOR_TARGET_BEING_BUILT\=YES
    export HEADERMAP_INCLUDES_FRAMEWORK_ENTRIES_FOR_ALL_PRODUCT_TYPES\=YES
    export HEADERMAP_INCLUDES_FRAMEWORK_ENTRIES_FOR_TARGETS_NOT_BEING_BUILT\=YES
    export HEADERMAP_INCLUDES_NONPUBLIC_NONPRIVATE_HEADERS\=YES
    export HEADERMAP_INCLUDES_PROJECT_HEADERS\=YES
    export HEADERMAP_USES_FRAMEWORK_PREFIX_ENTRIES\=YES
    export HEADERMAP_USES_VFS\=YES
    export HEADER_SEARCH_PATHS\=/Users/antoniogrillo-balen/Library/Developer/Xcode/DerivedData/risebysolis-gzfsziqwziaggpcbgdowmssiasmi/Build/Products/Debug-iphonesimulator/React-microtasksnativemodule/include\ \ /Users/antoniogrillo-balen/Library/Developer/Xcode/DerivedData/risebysolis-gzfsziqwziaggpcbgdowmssiasmi/Build/Products/Debug-iphonesimulator/ReactCommon/ReactCommon.framework/Headers\ /Users/antoniogrillo-balen/Library/Developer/Xcode/DerivedData/risebysolis-gzfsziqwziaggpcbgdowmssiasmi/Build/Products/Debug-iphonesimulator/ReactCommon/ReactCommon.framework/Headers/react/nativemodule/core\ /Users/antoniogrillo-balen/Library/Developer/Xcode/DerivedData/risebysolis-gzfsziqwziaggpcbgdowmssiasmi/Build/Products/Debug-iphonesimulator/ReactCommon-Samples/ReactCommon_Samples.framework/Headers\ /Users/antoniogrillo-balen/Library/Developer/Xcode/DerivedData/risebysolis-gzfsziqwziaggpcbgdowmssiasmi/Build/Products/Debug-iphonesimulator/ReactCommon-Samples/ReactCommon_Samples.framework/Headers/platform/ios\ /Users/antoniogrillo-balen/Library/Developer/Xcode/DerivedData/risebysolis-gzfsziqwziaggpcbgdowmssiasmi/Build/Products/Debug-iphonesimulator/React-Fabric/React_Fabric.framework/Headers/react/renderer/components/view/platform/cxx\ /Users/antoniogrillo-balen/Library/Developer/Xcode/DerivedData/risebysolis-gzfsziqwziaggpcbgdowmssiasmi/Build/Products/Debug-iphonesimulator/React-NativeModulesApple/React_NativeModulesApple.framework/Headers\ /Users/antoniogrillo-balen/Library/Developer/Xcode/DerivedData/risebysolis-gzfsziqwziaggpcbgdowmssiasmi/Build/Products/Debug-iphonesimulator/React-graphics/React_graphics.framework/Headers\ /Users/antoniogrillo-balen/Library/Developer/Xcode/DerivedData/risebysolis-gzfsziqwziaggpcbgdowmssiasmi/Build/Products/Debug-iphonesimulator/React-graphics/React_graphics.framework/Headers/react/renderer/graphics/platform/ios\ \"/Users/antoniogrillo-balen/Desktop/Projects/RiseBuild/ios/Pods/Headers/Public\"\ \"/Users/antoniogrillo-balen/Desktop/Projects/RiseBuild/ios/Pods/Headers/Public/FBLazyVector\"\ \"/Users/antoniogrillo-balen/Desktop/Projects/RiseBuild/ios/Pods/Headers/Public/RCTRequired\"\ \"/Users/antoniogrillo-balen/Desktop/Projects/RiseBuild/ios/Pods/Headers/Public/React-callinvoker\"\ \"/Users/antoniogrillo-balen/Desktop/Projects/RiseBuild/ios/Pods/Headers/Public/React-runtimeexecutor\"\ \"/Users/antoniogrillo-balen/Desktop/Projects/RiseBuild/ios/Pods/Headers/Public/React-timing\"\ \"/Users/antoniogrillo-balen/Desktop/Projects/RiseBuild/ios/Pods/Headers/Public/boost\"\ \"/Users/antoniogrillo-balen/Desktop/Projects/RiseBuild/ios/Pods/Headers/Public/fast_float\"\ \"/Users/antoniogrillo-balen/Desktop/Projects/RiseBuild/ios/Pods/Headers/Public/hermes-engine\"\ \"/Users/antoniogrillo-balen/Desktop/Projects/RiseBuild/ios/Pods/../../node_modules/react-native/ReactCommon/react/nativemodule/microtasks/../../..\"\ \"/Users/antoniogrillo-balen/Desktop/Projects/RiseBuild/ios/Pods/boost\"\ \"/Users/antoniogrillo-balen/Desktop/Projects/RiseBuild/ios/Pods/Headers/Private/Yoga\"\ \"/Users/antoniogrillo-balen/Desktop/Projects/RiseBuild/ios/Pods/DoubleConversion\"\ \"/Users/antoniogrillo-balen/Desktop/Projects/RiseBuild/ios/Pods/fast_float/include\"\ \"/Users/antoniogrillo-balen/Desktop/Projects/RiseBuild/ios/Pods/fmt/include\"\ \"/Users/antoniogrillo-balen/Library/Developer/Xcode/DerivedData/risebysolis-gzfsziqwziaggpcbgdowmssiasmi/Build/Products/Debug-iphonesimulator/React-graphics/React_graphics.framework/Headers\"\ \"/Users/antoniogrillo-balen/Library/Developer/Xcode/DerivedData/risebysolis-gzfsziqwziaggpcbgdowmssiasmi/Build/Products/Debug-iphonesimulator/React-graphics/React_graphics.framework/Headers/react/renderer/graphics/platform/ios\"\ \"/Users/antoniogrillo-balen/Library/Developer/Xcode/DerivedData/risebysolis-gzfsziqwziaggpcbgdowmssiasmi/Build/Products/Debug-iphonesimulator/React-Fabric/React_Fabric.framework/Headers\"\ \"/Users/antoniogrillo-balen/Library/Developer/Xcode/DerivedData/risebysolis-gzfsziqwziaggpcbgdowmssiasmi/Build/Products/Debug-iphonesimulator/React-Fabric/React_Fabric.framework/Headers/react/renderer/components/view/platform/cxx\"\ \"/Users/antoniogrillo-balen/Library/Developer/Xcode/DerivedData/risebysolis-gzfsziqwziaggpcbgdowmssiasmi/Build/Products/Debug-iphonesimulator/React-FabricImage/React_FabricImage.framework/Headers\"\ \"/Users/antoniogrillo-balen/Library/Developer/Xcode/DerivedData/risebysolis-gzfsziqwziaggpcbgdowmssiasmi/Build/Products/Debug-iphonesimulator/ReactCommon/ReactCommon.framework/Headers\"\ \"/Users/antoniogrillo-balen/Library/Developer/Xcode/DerivedData/risebysolis-gzfsziqwziaggpcbgdowmssiasmi/Build/Products/Debug-iphonesimulator/ReactCommon/ReactCommon.framework/Headers/react/nativemodule/core\"\ \"/Users/antoniogrillo-balen/Library/Developer/Xcode/DerivedData/risebysolis-gzfsziqwziaggpcbgdowmssiasmi/Build/Products/Debug-iphonesimulator/React-NativeModulesApple/React_NativeModulesApple.framework/Headers\"\ \"/Users/antoniogrillo-balen/Library/Developer/Xcode/DerivedData/risebysolis-gzfsziqwziaggpcbgdowmssiasmi/Build/Products/Debug-iphonesimulator/React-RCTFabric/RCTFabric.framework/Headers\"\ \"/Users/antoniogrillo-balen/Library/Developer/Xcode/DerivedData/risebysolis-gzfsziqwziaggpcbgdowmssiasmi/Build/Products/Debug-iphonesimulator/React-utils/React_utils.framework/Headers\"\ \"/Users/antoniogrillo-balen/Library/Developer/Xcode/DerivedData/risebysolis-gzfsziqwziaggpcbgdowmssiasmi/Build/Products/Debug-iphonesimulator/React-featureflags/React_featureflags.framework/Headers\"\ \"/Users/antoniogrillo-balen/Library/Developer/Xcode/DerivedData/risebysolis-gzfsziqwziaggpcbgdowmssiasmi/Build/Products/Debug-iphonesimulator/React-debug/React_debug.framework/Headers\"\ \"/Users/antoniogrillo-balen/Library/Developer/Xcode/DerivedData/risebysolis-gzfsziqwziaggpcbgdowmssiasmi/Build/Products/Debug-iphonesimulator/React-ImageManager/React_ImageManager.framework/Headers\"\ \"/Users/antoniogrillo-balen/Library/Developer/Xcode/DerivedData/risebysolis-gzfsziqwziaggpcbgdowmssiasmi/Build/Products/Debug-iphonesimulator/React-rendererdebug/React_rendererdebug.framework/Headers\"\ \"/Users/antoniogrillo-balen/Desktop/Projects/RiseBuild/ios/Pods/RCT-Folly\"\ \"/Users/antoniogrillo-balen/Desktop/Projects/RiseBuild/ios/Pods/DoubleConversion\"\ \"/Users/antoniogrillo-balen/Desktop/Projects/RiseBuild/ios/Pods/fast_float/include\"\ \"/Users/antoniogrillo-balen/Desktop/Projects/RiseBuild/ios/Pods/fmt/include\"\ \"/Users/antoniogrillo-balen/Desktop/Projects/RiseBuild/ios/Pods/boost\"\ \"/Users/antoniogrillo-balen/Library/Developer/Xcode/DerivedData/risebysolis-gzfsziqwziaggpcbgdowmssiasmi/Build/Products/Debug-iphonesimulator/ReactCodegen/ReactCodegen.framework/Headers\"\ \"/Users/antoniogrillo-balen/Library/Developer/Xcode/DerivedData/risebysolis-gzfsziqwziaggpcbgdowmssiasmi/Build/Products/Debug-iphonesimulator/ReactCommon/ReactCommon.framework/Headers\"\ \"/Users/antoniogrillo-balen/Library/Developer/Xcode/DerivedData/risebysolis-gzfsziqwziaggpcbgdowmssiasmi/Build/Products/Debug-iphonesimulator/ReactCommon/ReactCommon.framework/Headers/react/nativemodule/core\"\ \"/Users/antoniogrillo-balen/Library/Developer/Xcode/DerivedData/risebysolis-gzfsziqwziaggpcbgdowmssiasmi/Build/Products/Debug-iphonesimulator/React-RCTFabric/RCTFabric.framework/Headers\"\ \"/Users/antoniogrillo-balen/Library/Developer/Xcode/DerivedData/risebysolis-gzfsziqwziaggpcbgdowmssiasmi/Build/Products/Debug-iphonesimulator/React-Fabric/React_Fabric.framework/Headers\"\ \"/Users/antoniogrillo-balen/Library/Developer/Xcode/DerivedData/risebysolis-gzfsziqwziaggpcbgdowmssiasmi/Build/Products/Debug-iphonesimulator/React-Fabric/React_Fabric.framework/Headers/react/renderer/components/view/platform/cxx\"\ \"/Users/antoniogrillo-balen/Library/Developer/Xcode/DerivedData/risebysolis-gzfsziqwziaggpcbgdowmssiasmi/Build/Products/Debug-iphonesimulator/React-FabricImage/React_FabricImage.framework/Headers\"\ \"/Users/antoniogrillo-balen/Library/Developer/Xcode/DerivedData/risebysolis-gzfsziqwziaggpcbgdowmssiasmi/Build/Products/Debug-iphonesimulator/React-Graphics/React_graphics.framework/Headers\"\ \"/Users/antoniogrillo-balen/Library/Developer/Xcode/DerivedData/risebysolis-gzfsziqwziaggpcbgdowmssiasmi/Build/Products/Debug-iphonesimulator/React-Graphics/React_graphics.framework/Headers/react/renderer/graphics/platform/ios\"\ \"/Users/antoniogrillo-balen/Library/Developer/Xcode/DerivedData/risebysolis-gzfsziqwziaggpcbgdowmssiasmi/Build/Products/Debug-iphonesimulator/React-Fabric/React_Fabric.framework/Headers/react/renderer/imagemanager/platform/ios\"
    export HOME\=/Users/antoniogrillo-balen
    export HOST_ARCH\=arm64
    export HOST_PLATFORM\=macosx
    export ICONV\=/usr/bin/iconv
    export IMPLICIT_DEPENDENCY_DOMAIN\=default
    export INDEX_STORE_COMPRESS\=NO
    export INDEX_STORE_ONLY_PROJECT_FILES\=NO
    export INFOPLIST_ENABLE_CFBUNDLEICONS_MERGE\=YES
    export INFOPLIST_EXPAND_BUILD_SETTINGS\=YES
    export INFOPLIST_FILE\=Target\ Support\ Files/React-microtasksnativemodule/React-microtasksnativemodule-Info.plist
    export INFOPLIST_OUTPUT_FORMAT\=binary
    export INFOPLIST_PATH\=React_microtasksnativemodule.framework/Info.plist
    export INFOPLIST_PREPROCESS\=NO
    export INFOSTRINGS_PATH\=React_microtasksnativemodule.framework/en.lproj/InfoPlist.strings
    export INLINE_PRIVATE_FRAMEWORKS\=NO
    export INSTALLAPI_IGNORE_SKIP_INSTALL\=YES
    export INSTALLHDRS_COPY_PHASE\=NO
    export INSTALLHDRS_SCRIPT_PHASE\=NO
    export INSTALL_DIR\=/tmp/Pods.dst/Library/Frameworks
    export INSTALL_GROUP\=staff
    export INSTALL_MODE_FLAG\=u+w,go-w,a+rX
    export INSTALL_OWNER\=antoniogrillo-balen
    export INSTALL_PATH\=/Library/Frameworks
    export INSTALL_ROOT\=/tmp/Pods.dst
    export IPHONEOS_DEPLOYMENT_TARGET\=15.1
    export IS_UNOPTIMIZED_BUILD\=YES
    export JAVAC_DEFAULT_FLAGS\=-J-Xms64m\ -J-XX:NewSize\=4M\ -J-Dfile.encoding\=UTF8
    export JAVA_APP_STUB\=/System/Library/Frameworks/JavaVM.framework/Resources/MacOS/JavaApplicationStub
    export JAVA_ARCHIVE_CLASSES\=YES
    export JAVA_ARCHIVE_TYPE\=JAR
    export JAVA_COMPILER\=/usr/bin/javac
    export JAVA_FOLDER_PATH\=React_microtasksnativemodule.framework/Java
    export JAVA_FRAMEWORK_RESOURCES_DIRS\=Resources
    export JAVA_JAR_FLAGS\=cv
    export JAVA_SOURCE_SUBDIR\=.
    export JAVA_USE_DEPENDENCIES\=YES
    export JAVA_ZIP_FLAGS\=-urg
    export JIKES_DEFAULT_FLAGS\=+E\ +OLDCSO
    export KEEP_PRIVATE_EXTERNS\=NO
    export LD_DEPENDENCY_INFO_FILE\=/Users/antoniogrillo-balen/Library/Developer/Xcode/DerivedData/risebysolis-gzfsziqwziaggpcbgdowmssiasmi/Build/Intermediates.noindex/Pods.build/Debug-iphonesimulator/React-microtasksnativemodule.build/Objects-normal/undefined_arch/React_microtasksnativemodule_dependency_info.dat
    export LD_DYLIB_INSTALL_NAME\=@rpath/React_microtasksnativemodule.framework/React_microtasksnativemodule
    export LD_EXPORT_SYMBOLS\=YES
    export LD_GENERATE_MAP_FILE\=NO
    export LD_MAP_FILE_PATH\=/Users/antoniogrillo-balen/Library/Developer/Xcode/DerivedData/risebysolis-gzfsziqwziaggpcbgdowmssiasmi/Build/Intermediates.noindex/Pods.build/Debug-iphonesimulator/React-microtasksnativemodule.build/React_microtasksnativemodule-LinkMap-normal-undefined_arch.txt
    export LD_NO_PIE\=NO
    export LD_QUOTE_LINKER_ARGUMENTS_FOR_COMPILER_DRIVER\=YES
    export LD_RUNPATH_SEARCH_PATHS\=\ @executable_path/Frameworks\ @loader_path/Frameworks
    export LD_SHARED_CACHE_ELIGIBLE\=Automatic
    export LD_WARN_DUPLICATE_LIBRARIES\=NO
    export LD_WARN_UNUSED_DYLIBS\=NO
    export LEGACY_DEVELOPER_DIR\=/Applications/Xcode.app/Contents/PlugIns/Xcode3Core.ideplugin/Contents/SharedSupport/Developer
    export LEX\=lex
    export LIBRARY_DEXT_INSTALL_PATH\=/Library/DriverExtensions
    export LIBRARY_FLAG_NOSPACE\=YES
    export LIBRARY_FLAG_PREFIX\=-l
    export LIBRARY_KEXT_INSTALL_PATH\=/Library/Extensions
    export LIBRARY_SEARCH_PATHS\=/Users/antoniogrillo-balen/Library/Developer/Xcode/DerivedData/risebysolis-gzfsziqwziaggpcbgdowmssiasmi/Build/Products/Debug-iphonesimulator/React-microtasksnativemodule\ 
    export LINKER_DISPLAYS_MANGLED_NAMES\=NO
    export LINK_FILE_LIST_normal_arm64\=/Users/antoniogrillo-balen/Library/Developer/Xcode/DerivedData/risebysolis-gzfsziqwziaggpcbgdowmssiasmi/Build/Intermediates.noindex/Pods.build/Debug-iphonesimulator/React-microtasksnativemodule.build/Objects-normal/arm64/React_microtasksnativemodule.LinkFileList
    export LINK_OBJC_RUNTIME\=YES
    export LINK_WITH_STANDARD_LIBRARIES\=YES
    export LLVM_TARGET_TRIPLE_OS_VERSION\=ios15.1
    export LLVM_TARGET_TRIPLE_SUFFIX\=-simulator
    export LLVM_TARGET_TRIPLE_VENDOR\=apple
    export LM_AUX_CONST_METADATA_LIST_PATH_normal_arm64\=/Users/antoniogrillo-balen/Library/Developer/Xcode/DerivedData/risebysolis-gzfsziqwziaggpcbgdowmssiasmi/Build/Intermediates.noindex/Pods.build/Debug-iphonesimulator/React-microtasksnativemodule.build/Objects-normal/arm64/React_microtasksnativemodule.SwiftConstValuesFileList
    export LOCALIZATION_EXPORT_SUPPORTED\=YES
    export LOCALIZATION_PREFERS_STRING_CATALOGS\=NO
    export LOCALIZED_RESOURCES_FOLDER_PATH\=React_microtasksnativemodule.framework/en.lproj
    export LOCALIZED_STRING_CODE_COMMENTS\=NO
    export LOCALIZED_STRING_MACRO_NAMES\=NSLocalizedString\ CFCopyLocalizedString
    export LOCALIZED_STRING_SWIFTUI_SUPPORT\=YES
    export LOCAL_ADMIN_APPS_DIR\=/Applications/Utilities
    export LOCAL_APPS_DIR\=/Applications
    export LOCAL_DEVELOPER_DIR\=/Library/Developer
    export LOCAL_LIBRARY_DIR\=/Library
    export LOCROOT\=/Users/antoniogrillo-balen/Desktop/Projects/RiseBuild/ios/Pods
    export LOCSYMROOT\=/Users/antoniogrillo-balen/Desktop/Projects/RiseBuild/ios/Pods
    export MACH_O_TYPE\=staticlib
    export MAC_OS_X_PRODUCT_BUILD_VERSION\=25E253
    export MAC_OS_X_VERSION_ACTUAL\=260401
    export MAC_OS_X_VERSION_MAJOR\=260000
    export MAC_OS_X_VERSION_MINOR\=260400
    export MAKE_MERGEABLE\=NO
    export MERGEABLE_LIBRARY\=NO
    export MERGED_BINARY_TYPE\=none
    export MERGE_LINKED_LIBRARIES\=NO
    export METAL_LIBRARY_FILE_BASE\=default
    export METAL_LIBRARY_OUTPUT_DIR\=/Users/antoniogrillo-balen/Library/Developer/Xcode/DerivedData/risebysolis-gzfsziqwziaggpcbgdowmssiasmi/Build/Products/Debug-iphonesimulator/React-microtasksnativemodule/React_microtasksnativemodule.framework
    export MODULEMAP_FILE\=Target\ Support\ Files/React-microtasksnativemodule/React-microtasksnativemodule.modulemap
    export MODULES_FOLDER_PATH\=React_microtasksnativemodule.framework/Modules
    export MODULE_CACHE_DIR\=/Users/antoniogrillo-balen/Library/Developer/Xcode/DerivedData/ModuleCache.noindex
    export MTL_ENABLE_DEBUG_INFO\=INCLUDE_SOURCE
    export MTL_FAST_MATH\=YES
    export NATIVE_ARCH\=arm64
    export NATIVE_ARCH_32_BIT\=arm
    export NATIVE_ARCH_64_BIT\=arm64
    export NATIVE_ARCH_ACTUAL\=arm64
    export NO_COMMON\=YES
    export OBJC_ABI_VERSION\=2
    export OBJECT_FILE_DIR\=/Users/antoniogrillo-balen/Library/Developer/Xcode/DerivedData/risebysolis-gzfsziqwziaggpcbgdowmssiasmi/Build/Intermediates.noindex/Pods.build/Debug-iphonesimulator/React-microtasksnativemodule.build/Objects
    export OBJECT_FILE_DIR_normal\=/Users/antoniogrillo-balen/Library/Developer/Xcode/DerivedData/risebysolis-gzfsziqwziaggpcbgdowmssiasmi/Build/Intermediates.noindex/Pods.build/Debug-iphonesimulator/React-microtasksnativemodule.build/Objects-normal
    export OBJROOT\=/Users/antoniogrillo-balen/Library/Developer/Xcode/DerivedData/risebysolis-gzfsziqwziaggpcbgdowmssiasmi/Build/Intermediates.noindex
    export ONLY_ACTIVE_ARCH\=YES
    export OS\=MACOS
    export OSAC\=/usr/bin/osacompile
    export OTHER_CPLUSPLUSFLAGS\=\ -DFOLLY_NO_CONFIG\ -DFOLLY_MOBILE\=1\ -DFOLLY_USE_LIBCPP\=1\ -DFOLLY_CFG_NO_COROUTINES\=1\ -DFOLLY_HAVE_CLOCK_GETTIME\=1\ -Wno-comma\ -Wno-shorten-64-to-32
    export OTHER_LDFLAGS\=\ \ 
    export PACKAGE_TYPE\=com.apple.package-type.wrapper.framework
    export PASCAL_STRINGS\=YES
    export PATH\=/Applications/Xcode.app/Contents/SharedFrameworks/SwiftBuild.framework/Versions/A/PlugIns/SWBBuildService.bundle/Contents/PlugIns/SWBUniversalPlatformPlugin.bundle/Contents/Frameworks/SWBUniversalPlatform.framework/Resources:/Applications/Xcode.app/Contents/Developer/Toolchains/XcodeDefault.xctoolchain/usr/bin:/Applications/Xcode.app/Contents/Developer/Toolchains/XcodeDefault.xctoolchain/usr/local/bin:/Applications/Xcode.app/Contents/Developer/Toolchains/XcodeDefault.xctoolchain/usr/libexec:/Applications/Xcode.app/Contents/Developer/Platforms/iPhoneSimulator.platform/usr/bin:/Applications/Xcode.app/Contents/Developer/Platforms/iPhoneSimulator.platform/usr/local/bin:/Applications/Xcode.app/Contents/Developer/Platforms/iPhoneSimulator.platform/Developer/usr/bin:/Applications/Xcode.app/Contents/Developer/Platforms/iPhoneSimulator.platform/Developer/usr/local/bin:/Applications/Xcode.app/Contents/Developer/usr/bin:/Applications/Xcode.app/Contents/Developer/usr/local/bin:/opt/homebrew/opt/ruby/bin:/opt/homebrew/lib/ruby/gems/4.0.0/bin:/opt/homebrew/bin:/opt/homebrew/sbin:/Users/antoniogrillo-balen/.nvm/versions/node/v24.14.1/bin:/Library/Frameworks/Python.framework/Versions/3.14/bin:/usr/local/bin:/System/Cryptexes/App/usr/bin:/usr/bin:/bin:/usr/sbin:/sbin:/var/run/com.apple.security.cryptexd/codex.system/bootstrap/usr/local/bin:/var/run/com.apple.security.cryptexd/codex.system/bootstrap/usr/bin:/var/run/com.apple.security.cryptexd/codex.system/bootstrap/usr/appleinternal/bin:/opt/pkg/env/active/bin:/opt/pmk/env/global/bin:/Library/Apple/usr/bin:/Applications/VMware\ Fusion.app/Contents/Public:/Users/antoniogrillo-balen/.cargo/bin:/Users/antoniogrillo-balen/.cache/plugins/.install-staging/25283474a0e0d4a060cb0e915c1ec54e3d41ef2e/cursor/repo/bin:/Users/antoniogrillo-balen/.claude/plugins/cache/claude-plugins-official/superpowers/5.1.0/bin:/Users/antoniogrillo-balen/.claude/plugins/cache/claude-plugins-official/frontend-design/unknown/bin:/Users/antoniogrillo-balen/.claude/plugins/cache/claude-plugins-official/code-simplifier/1.0.0/bin:/Users/antoniogrillo-balen/.claude/plugins/cache/claude-plugins-official/security-guidance/unknown/bin:/Users/antoniogrillo-balen/.claude/plugins/cache/thedotmack/claude-mem/12.1.1/bin
    export PATH_PREFIXES_EXCLUDED_FROM_HEADER_DEPENDENCIES\=/usr/include\ /usr/local/include\ /System/Library/Frameworks\ /System/Library/PrivateFrameworks\ /Applications/Xcode.app/Contents/Developer/Headers\ /Applications/Xcode.app/Contents/Developer/SDKs\ /Applications/Xcode.app/Contents/Developer/Platforms
    export PBDEVELOPMENTPLIST_PATH\=React_microtasksnativemodule.framework/pbdevelopment.plist
    export PER_ARCH_MODULE_FILE_DIR\=/Users/antoniogrillo-balen/Library/Developer/Xcode/DerivedData/risebysolis-gzfsziqwziaggpcbgdowmssiasmi/Build/Intermediates.noindex/Pods.build/Debug-iphonesimulator/React-microtasksnativemodule.build/Objects-normal/undefined_arch
    export PER_ARCH_OBJECT_FILE_DIR\=/Users/antoniogrillo-balen/Library/Developer/Xcode/DerivedData/risebysolis-gzfsziqwziaggpcbgdowmssiasmi/Build/Intermediates.noindex/Pods.build/Debug-iphonesimulator/React-microtasksnativemodule.build/Objects-normal/undefined_arch
    export PER_VARIANT_OBJECT_FILE_DIR\=/Users/antoniogrillo-balen/Library/Developer/Xcode/DerivedData/risebysolis-gzfsziqwziaggpcbgdowmssiasmi/Build/Intermediates.noindex/Pods.build/Debug-iphonesimulator/React-microtasksnativemodule.build/Objects-normal
    export PKGINFO_FILE_PATH\=/Users/antoniogrillo-balen/Library/Developer/Xcode/DerivedData/risebysolis-gzfsziqwziaggpcbgdowmssiasmi/Build/Intermediates.noindex/Pods.build/Debug-iphonesimulator/React-microtasksnativemodule.build/PkgInfo
    export PKGINFO_PATH\=React_microtasksnativemodule.framework/PkgInfo
    export PLATFORM_DEVELOPER_APPLICATIONS_DIR\=/Applications/Xcode.app/Contents/Developer/Platforms/iPhoneSimulator.platform/Developer/Applications
    export PLATFORM_DEVELOPER_BIN_DIR\=/Applications/Xcode.app/Contents/Developer/Platforms/iPhoneSimulator.platform/Developer/usr/bin
    export PLATFORM_DEVELOPER_LIBRARY_DIR\=/Applications/Xcode.app/Contents/Developer/Platforms/iPhoneSimulator.platform/Developer/Library
    export PLATFORM_DEVELOPER_SDK_DIR\=/Applications/Xcode.app/Contents/Developer/Platforms/iPhoneSimulator.platform/Developer/SDKs
    export PLATFORM_DEVELOPER_TOOLS_DIR\=/Applications/Xcode.app/Contents/Developer/Platforms/iPhoneSimulator.platform/Developer/Tools
    export PLATFORM_DEVELOPER_USR_DIR\=/Applications/Xcode.app/Contents/Developer/Platforms/iPhoneSimulator.platform/Developer/usr
    export PLATFORM_DIR\=/Applications/Xcode.app/Contents/Developer/Platforms/iPhoneSimulator.platform
    export PLATFORM_DISPLAY_NAME\=iOS\ Simulator
    export PLATFORM_FAMILY_NAME\=iOS
    export PLATFORM_NAME\=iphonesimulator
    export PLATFORM_PREFERRED_ARCH\=x86_64
    export PLATFORM_PRODUCT_BUILD_VERSION\=23F73
    export PLATFORM_REQUIRES_SWIFT_AUTOLINK_EXTRACT\=NO
    export PLATFORM_REQUIRES_SWIFT_MODULEWRAP\=NO
    export PLATFORM_USES_DSYMS\=YES
    export PLIST_FILE_OUTPUT_FORMAT\=binary
    export PLUGINS_FOLDER_PATH\=React_microtasksnativemodule.framework/PlugIns
    export PODS_BUILD_DIR\=/Users/antoniogrillo-balen/Library/Developer/Xcode/DerivedData/risebysolis-gzfsziqwziaggpcbgdowmssiasmi/Build/Products
    export PODS_CONFIGURATION_BUILD_DIR\=/Users/antoniogrillo-balen/Library/Developer/Xcode/DerivedData/risebysolis-gzfsziqwziaggpcbgdowmssiasmi/Build/Products/Debug-iphonesimulator
    export PODS_DEVELOPMENT_LANGUAGE\=en
    export PODS_ROOT\=/Users/antoniogrillo-balen/Desktop/Projects/RiseBuild/ios/Pods
    export PODS_TARGET_SRCROOT\=/Users/antoniogrillo-balen/Desktop/Projects/RiseBuild/ios/Pods/../../node_modules/react-native/ReactCommon/react/nativemodule/microtasks
    export PODS_XCFRAMEWORKS_BUILD_DIR\=/Users/antoniogrillo-balen/Library/Developer/Xcode/DerivedData/risebysolis-gzfsziqwziaggpcbgdowmssiasmi/Build/Products/Debug-iphonesimulator/XCFrameworkIntermediates
    export PRECOMPS_INCLUDE_HEADERS_FROM_BUILT_PRODUCTS_DIR\=YES
    export PRECOMP_DESTINATION_DIR\=/Users/antoniogrillo-balen/Library/Developer/Xcode/DerivedData/risebysolis-gzfsziqwziaggpcbgdowmssiasmi/Build/Intermediates.noindex/Pods.build/Debug-iphonesimulator/React-microtasksnativemodule.build/PrefixHeaders
    export PRIVATE_HEADERS_FOLDER_PATH\=React_microtasksnativemodule.framework/PrivateHeaders
    export PROCESSED_INFOPLIST_PATH\=/Users/antoniogrillo-balen/Library/Developer/Xcode/DerivedData/risebysolis-gzfsziqwziaggpcbgdowmssiasmi/Build/Intermediates.noindex/Pods.build/Debug-iphonesimulator/React-microtasksnativemodule.build/Objects-normal/undefined_arch/Processed-Info.plist
    export PRODUCT_BUNDLE_IDENTIFIER\=org.cocoapods.React-microtasksnativemodule
    export PRODUCT_BUNDLE_PACKAGE_TYPE\=FMWK
    export PRODUCT_MODULE_NAME\=React_microtasksnativemodule
    export PRODUCT_NAME\=React_microtasksnativemodule
    export PRODUCT_SETTINGS_PATH\=/Users/antoniogrillo-balen/Desktop/Projects/RiseBuild/ios/Pods/Target\ Support\ Files/React-microtasksnativemodule/React-microtasksnativemodule-Info.plist
    export PRODUCT_TYPE\=com.apple.product-type.framework
    export PROFILING_CODE\=NO
    export PROJECT\=Pods
    export PROJECT_DERIVED_FILE_DIR\=/Users/antoniogrillo-balen/Library/Developer/Xcode/DerivedData/risebysolis-gzfsziqwziaggpcbgdowmssiasmi/Build/Intermediates.noindex/Pods.build/DerivedSources
    export PROJECT_DIR\=/Users/antoniogrillo-balen/Desktop/Projects/RiseBuild/ios/Pods
    export PROJECT_FILE_PATH\=/Users/antoniogrillo-balen/Desktop/Projects/RiseBuild/ios/Pods/Pods.xcodeproj
    export PROJECT_GUID\=8699adb1dd336b26511df848a716bd42
    export PROJECT_NAME\=Pods
    export PROJECT_TEMP_DIR\=/Users/antoniogrillo-balen/Library/Developer/Xcode/DerivedData/risebysolis-gzfsziqwziaggpcbgdowmssiasmi/Build/Intermediates.noindex/Pods.build
    export PROJECT_TEMP_ROOT\=/Users/antoniogrillo-balen/Library/Developer/Xcode/DerivedData/risebysolis-gzfsziqwziaggpcbgdowmssiasmi/Build/Intermediates.noindex
    export PUBLIC_HEADERS_FOLDER_PATH\=React_microtasksnativemodule.framework/Headers
    export REACT_NATIVE_PATH\=/Users/antoniogrillo-balen/Desktop/Projects/RiseBuild/ios/Pods/../../node_modules/react-native
    export RECOMMENDED_IPHONEOS_DEPLOYMENT_TARGET\=15.0
    export RECURSIVE_SEARCH_PATHS_FOLLOW_SYMLINKS\=YES
    export REMOVE_CVS_FROM_RESOURCES\=YES
    export REMOVE_GIT_FROM_RESOURCES\=YES
    export REMOVE_HEADERS_FROM_EMBEDDED_BUNDLES\=YES
    export REMOVE_HG_FROM_RESOURCES\=YES
    export REMOVE_STATIC_EXECUTABLES_FROM_EMBEDDED_BUNDLES\=YES
    export REMOVE_SVN_FROM_RESOURCES\=YES
    export RESCHEDULE_INDEPENDENT_HEADERS_PHASES\=YES
    export REZ_COLLECTOR_DIR\=/Users/antoniogrillo-balen/Library/Developer/Xcode/DerivedData/risebysolis-gzfsziqwziaggpcbgdowmssiasmi/Build/Intermediates.noindex/Pods.build/Debug-iphonesimulator/React-microtasksnativemodule.build/ResourceManagerResources
    export REZ_OBJECTS_DIR\=/Users/antoniogrillo-balen/Library/Developer/Xcode/DerivedData/risebysolis-gzfsziqwziaggpcbgdowmssiasmi/Build/Intermediates.noindex/Pods.build/Debug-iphonesimulator/React-microtasksnativemodule.build/ResourceManagerResources/Objects
    export REZ_SEARCH_PATHS\=/Users/antoniogrillo-balen/Library/Developer/Xcode/DerivedData/risebysolis-gzfsziqwziaggpcbgdowmssiasmi/Build/Products/Debug-iphonesimulator/React-microtasksnativemodule\ 
    export RPATH_ORIGIN\=@loader_path
    export RUNTIME_EXCEPTION_ALLOW_DYLD_ENVIRONMENT_VARIABLES\=NO
    export RUNTIME_EXCEPTION_ALLOW_JIT\=NO
    export RUNTIME_EXCEPTION_ALLOW_UNSIGNED_EXECUTABLE_MEMORY\=NO
    export RUNTIME_EXCEPTION_DEBUGGING_TOOL\=NO
    export RUNTIME_EXCEPTION_DISABLE_EXECUTABLE_PAGE_PROTECTION\=NO
    export RUNTIME_EXCEPTION_DISABLE_LIBRARY_VALIDATION\=NO
    export SCANNING_PCM_KEEP_CACHE_DIRECTORY\=YES
    export SCAN_ALL_SOURCE_FILES_FOR_INCLUDES\=NO
    export SCRIPTS_FOLDER_PATH\=React_microtasksnativemodule.framework/Scripts
    export SCRIPT_INPUT_FILE_COUNT\=0
    export SCRIPT_INPUT_FILE_LIST_COUNT\=0
    export SCRIPT_OUTPUT_FILE_COUNT\=0
    export SCRIPT_OUTPUT_FILE_LIST_COUNT\=0
    export SDKROOT\=/Applications/Xcode.app/Contents/Developer/Platforms/iPhoneSimulator.platform/Developer/SDKs/iPhoneSimulator26.5.sdk
    export SDK_DIR\=/Applications/Xcode.app/Contents/Developer/Platforms/iPhoneSimulator.platform/Developer/SDKs/iPhoneSimulator26.5.sdk
    export SDK_DIR_iphonesimulator\=/Applications/Xcode.app/Contents/Developer/Platforms/iPhoneSimulator.platform/Developer/SDKs/iPhoneSimulator26.5.sdk
    export SDK_DIR_iphonesimulator26_5\=/Applications/Xcode.app/Contents/Developer/Platforms/iPhoneSimulator.platform/Developer/SDKs/iPhoneSimulator26.5.sdk
    export SDK_NAME\=iphonesimulator26.5
    export SDK_NAMES\=iphonesimulator26.5
    export SDK_PRODUCT_BUILD_VERSION\=23F73
    export SDK_STAT_CACHE_DIR\=/Users/antoniogrillo-balen/Library/Developer/Xcode/DerivedData
    export SDK_STAT_CACHE_ENABLE\=YES
    export SDK_STAT_CACHE_PATH\=/Users/antoniogrillo-balen/Library/Developer/Xcode/DerivedData/SDKStatCaches.noindex/iphonesimulator26.5-23F73-6cfe768891a92b912361537c460fe42b.sdkstatcache
    export SDK_VERSION\=26.5
    export SDK_VERSION_ACTUAL\=260500
    export SDK_VERSION_MAJOR\=260000
    export SDK_VERSION_MINOR\=260500
    export SED\=/usr/bin/sed
    export SEPARATE_STRIP\=NO
    export SEPARATE_SYMBOL_EDIT\=NO
    export SET_DIR_MODE_OWNER_GROUP\=YES
    export SET_FILE_MODE_OWNER_GROUP\=NO
    export SHALLOW_BUNDLE\=YES
    export SHALLOW_BUNDLE_TRIPLE\=ios-simulator
    export SHALLOW_BUNDLE_ios_macabi\=NO
    export SHALLOW_BUNDLE_macos\=NO
    export SHARED_DERIVED_FILE_DIR\=/Users/antoniogrillo-balen/Library/Developer/Xcode/DerivedData/risebysolis-gzfsziqwziaggpcbgdowmssiasmi/Build/Products/Debug-iphonesimulator/React-microtasksnativemodule/DerivedSources
    export SHARED_FRAMEWORKS_FOLDER_PATH\=React_microtasksnativemodule.framework/SharedFrameworks
    export SHARED_PRECOMPS_DIR\=/Users/antoniogrillo-balen/Library/Developer/Xcode/DerivedData/risebysolis-gzfsziqwziaggpcbgdowmssiasmi/Build/Intermediates.noindex/PrecompiledHeaders
    export SHARED_SUPPORT_FOLDER_PATH\=React_microtasksnativemodule.framework
    export SKIP_INSTALL\=YES
    export SKIP_MERGEABLE_LIBRARY_BUNDLE_HOOK\=NO
    export SOURCE_ROOT\=/Users/antoniogrillo-balen/Desktop/Projects/RiseBuild/ios/Pods
    export SRCROOT\=/Users/antoniogrillo-balen/Desktop/Projects/RiseBuild/ios/Pods
    export STRINGSDATA_DIR\=/Users/antoniogrillo-balen/Library/Developer/Xcode/DerivedData/risebysolis-gzfsziqwziaggpcbgdowmssiasmi/Build/Intermediates.noindex/Pods.build/Debug-iphonesimulator/React-microtasksnativemodule.build/Objects-normal/undefined_arch
    export STRINGSDATA_ROOT\=/Users/antoniogrillo-balen/Library/Developer/Xcode/DerivedData/risebysolis-gzfsziqwziaggpcbgdowmssiasmi/Build/Intermediates.noindex/Pods.build/Debug-iphonesimulator/React-microtasksnativemodule.build
    export STRINGS_FILE_INFOPLIST_RENAME\=YES
    export STRINGS_FILE_OUTPUT_ENCODING\=binary
    export STRING_CATALOG_GENERATE_SYMBOLS\=NO
    export STRIP_BITCODE_FROM_COPIED_FILES\=NO
    export STRIP_INSTALLED_PRODUCT\=NO
    export STRIP_STYLE\=debugging
    export STRIP_SWIFT_SYMBOLS\=YES
    export SUPPORTED_DEVICE_FAMILIES\=1,2
    export SUPPORTED_PLATFORMS\=iphoneos\ iphonesimulator
    export SUPPORTS_TEXT_BASED_API\=NO
    export SUPPRESS_WARNINGS\=NO
    export SWIFT_ACTIVE_COMPILATION_CONDITIONS\=\ DEBUG\ 
    export SWIFT_EMIT_CONST_VALUE_PROTOCOLS\=AnyResolverProviding\ AppEntity\ AppEnum\ AppExtension\ AppIntent\ AppIntentsPackage\ AppShortcutProviding\ AppShortcutsProvider\ AppUnionValue\ AppUnionValueCasesProviding\ DynamicOptionsProvider\ EntityQuery\ ExtensionPointDefining\ IntentValueQuery\ Resolver\ TransientEntity\ _AssistantIntentsProvider\ _GenerativeFunctionExtractable\ _IntentValueRepresentable
    export SWIFT_EMIT_LOC_STRINGS\=NO
    export SWIFT_ENABLE_EXPLICIT_MODULES\=YES
    export SWIFT_INSTALL_MODULE_FOR_DEPLOYMENT\=YES
    export SWIFT_INSTALL_OBJC_HEADER\=YES
    export SWIFT_OPTIMIZATION_LEVEL\=-Onone
    export SWIFT_PLATFORM_TARGET_PREFIX\=ios
    export SWIFT_RESPONSE_FILE_PATH_normal_arm64\=/Users/antoniogrillo-balen/Library/Developer/Xcode/DerivedData/risebysolis-gzfsziqwziaggpcbgdowmssiasmi/Build/Intermediates.noindex/Pods.build/Debug-iphonesimulator/React-microtasksnativemodule.build/Objects-normal/arm64/React_microtasksnativemodule.SwiftFileList
    export SWIFT_VERSION\=5.0
    export SYMROOT\=/Users/antoniogrillo-balen/Library/Developer/Xcode/DerivedData/risebysolis-gzfsziqwziaggpcbgdowmssiasmi/Build/Products
    export SYSTEM_ADMIN_APPS_DIR\=/Applications/Utilities
    export SYSTEM_APPS_DIR\=/Applications
    export SYSTEM_CORE_SERVICES_DIR\=/System/Library/CoreServices
    export SYSTEM_DEMOS_DIR\=/Applications/Extras
    export SYSTEM_DEVELOPER_APPS_DIR\=/Applications/Xcode.app/Contents/Developer/Applications
    export SYSTEM_DEVELOPER_BIN_DIR\=/Applications/Xcode.app/Contents/Developer/usr/bin
    export SYSTEM_DEVELOPER_DEMOS_DIR\=/Applications/Xcode.app/Contents/Developer/Applications/Utilities/Built\ Examples
    export SYSTEM_DEVELOPER_DIR\=/Applications/Xcode.app/Contents/Developer
    export SYSTEM_DEVELOPER_DOC_DIR\=/Applications/Xcode.app/Contents/Developer/ADC\ Reference\ Library
    export SYSTEM_DEVELOPER_GRAPHICS_TOOLS_DIR\=/Applications/Xcode.app/Contents/Developer/Applications/Graphics\ Tools
    export SYSTEM_DEVELOPER_JAVA_TOOLS_DIR\=/Applications/Xcode.app/Contents/Developer/Applications/Java\ Tools
    export SYSTEM_DEVELOPER_PERFORMANCE_TOOLS_DIR\=/Applications/Xcode.app/Contents/Developer/Applications/Performance\ Tools
    export SYSTEM_DEVELOPER_RELEASENOTES_DIR\=/Applications/Xcode.app/Contents/Developer/ADC\ Reference\ Library/releasenotes
    export SYSTEM_DEVELOPER_TOOLS\=/Applications/Xcode.app/Contents/Developer/Tools
    export SYSTEM_DEVELOPER_TOOLS_DOC_DIR\=/Applications/Xcode.app/Contents/Developer/ADC\ Reference\ Library/documentation/DeveloperTools
    export SYSTEM_DEVELOPER_TOOLS_RELEASENOTES_DIR\=/Applications/Xcode.app/Contents/Developer/ADC\ Reference\ Library/releasenotes/DeveloperTools
    export SYSTEM_DEVELOPER_USR_DIR\=/Applications/Xcode.app/Contents/Developer/usr
    export SYSTEM_DEVELOPER_UTILITIES_DIR\=/Applications/Xcode.app/Contents/Developer/Applications/Utilities
    export SYSTEM_DEXT_INSTALL_PATH\=/System/Library/DriverExtensions
    export SYSTEM_DOCUMENTATION_DIR\=/Library/Documentation
    export SYSTEM_EXTENSIONS_FOLDER_PATH\=React_microtasksnativemodule.framework/SystemExtensions
    export SYSTEM_EXTENSIONS_FOLDER_PATH_SHALLOW_BUNDLE_NO\=React_microtasksnativemodule.framework/Library/SystemExtensions
    export SYSTEM_EXTENSIONS_FOLDER_PATH_SHALLOW_BUNDLE_YES\=React_microtasksnativemodule.framework/SystemExtensions
    export SYSTEM_KEXT_INSTALL_PATH\=/System/Library/Extensions
    export SYSTEM_LIBRARY_DIR\=/System/Library
    export TAPI_DEMANGLE\=YES
    export TAPI_ENABLE_PROJECT_HEADERS\=NO
    export TAPI_LANGUAGE\=objective-c
    export TAPI_LANGUAGE_STANDARD\=compiler-default
    export TAPI_USE_SRCROOT\=YES
    export TAPI_VERIFY_MODE\=Pedantic
    export TARGETED_DEVICE_FAMILY\=1,2
    export TARGETNAME\=React-microtasksnativemodule
    export TARGET_BUILD_DIR\=/Users/antoniogrillo-balen/Library/Developer/Xcode/DerivedData/risebysolis-gzfsziqwziaggpcbgdowmssiasmi/Build/Products/Debug-iphonesimulator/React-microtasksnativemodule
    export TARGET_DEVICE_IDENTIFIER\=0C333F8A-4681-4475-855E-6FFD70F12533
    export TARGET_DEVICE_MODEL\=iPhone16,2
    export TARGET_DEVICE_OS_VERSION\=26.4.1
    export TARGET_DEVICE_PLATFORM_NAME\=iphonesimulator
    export TARGET_NAME\=React-microtasksnativemodule
    export TARGET_TEMP_DIR\=/Users/antoniogrillo-balen/Library/Developer/Xcode/DerivedData/risebysolis-gzfsziqwziaggpcbgdowmssiasmi/Build/Intermediates.noindex/Pods.build/Debug-iphonesimulator/React-microtasksnativemodule.build
    export TEMP_DIR\=/Users/antoniogrillo-balen/Library/Developer/Xcode/DerivedData/risebysolis-gzfsziqwziaggpcbgdowmssiasmi/Build/Intermediates.noindex/Pods.build/Debug-iphonesimulator/React-microtasksnativemodule.build
    export TEMP_FILES_DIR\=/Users/antoniogrillo-balen/Library/Developer/Xcode/DerivedData/risebysolis-gzfsziqwziaggpcbgdowmssiasmi/Build/Intermediates.noindex/Pods.build/Debug-iphonesimulator/React-microtasksnativemodule.build
    export TEMP_FILE_DIR\=/Users/antoniogrillo-balen/Library/Developer/Xcode/DerivedData/risebysolis-gzfsziqwziaggpcbgdowmssiasmi/Build/Intermediates.noindex/Pods.build/Debug-iphonesimulator/React-microtasksnativemodule.build
    export TEMP_ROOT\=/Users/antoniogrillo-balen/Library/Developer/Xcode/DerivedData/risebysolis-gzfsziqwziaggpcbgdowmssiasmi/Build/Intermediates.noindex
    export TEMP_SANDBOX_DIR\=/Users/antoniogrillo-balen/Library/Developer/Xcode/DerivedData/risebysolis-gzfsziqwziaggpcbgdowmssiasmi/Build/Intermediates.noindex/TemporaryTaskSandboxes
    export TEST_FRAMEWORK_SEARCH_PATHS\=\ /Applications/Xcode.app/Contents/Developer/Platforms/iPhoneSimulator.platform/Developer/Library/Frameworks\ /Applications/Xcode.app/Contents/Developer/Platforms/iPhoneSimulator.platform/Developer/SDKs/iPhoneSimulator26.5.sdk/Developer/Library/Frameworks
    export TEST_LIBRARY_SEARCH_PATHS\=\ /Applications/Xcode.app/Contents/Developer/Platforms/iPhoneSimulator.platform/Developer/usr/lib
    export TOOLCHAINS\=com.apple.dt.toolchain.XcodeDefault
    export TOOLCHAIN_DIR\=/Applications/Xcode.app/Contents/Developer/Toolchains/XcodeDefault.xctoolchain
    export TREAT_MISSING_BASELINES_AS_TEST_FAILURES\=NO
    export TREAT_MISSING_SCRIPT_PHASE_OUTPUTS_AS_ERRORS\=NO
    export TeamIdentifierPrefix\=FAKETEAMID.
    export UID\=501
    export UNINSTALLED_PRODUCTS_DIR\=/Users/antoniogrillo-balen/Library/Developer/Xcode/DerivedData/risebysolis-gzfsziqwziaggpcbgdowmssiasmi/Build/Intermediates.noindex/UninstalledProducts
    export UNLOCALIZED_RESOURCES_FOLDER_PATH\=React_microtasksnativemodule.framework
    export UNLOCALIZED_RESOURCES_FOLDER_PATH_SHALLOW_BUNDLE_NO\=React_microtasksnativemodule.framework/Resources
    export UNLOCALIZED_RESOURCES_FOLDER_PATH_SHALLOW_BUNDLE_YES\=React_microtasksnativemodule.framework
    export UNSTRIPPED_PRODUCT\=NO
    export USER\=antoniogrillo-balen
    export USER_APPS_DIR\=/Users/antoniogrillo-balen/Applications
    export USER_LIBRARY_DIR\=/Users/antoniogrillo-balen/Library
    export USE_DYNAMIC_NO_PIC\=YES
    export USE_HEADERMAP\=YES
    export USE_HEADER_SYMLINKS\=NO
    export USE_HERMES\=true
    export USE_RECURSIVE_SCRIPT_INPUTS_IN_SCRIPT_PHASES\=YES
    export VALIDATE_DEVELOPMENT_ASSET_PATHS\=YES_ERROR
    export VALIDATE_PRODUCT\=NO
    export VALID_ARCHS\=arm64\ x86_64
    export VERBOSE_PBXCP\=NO
    export VERSIONING_SYSTEM\=apple-generic
    export VERSIONPLIST_PATH\=React_microtasksnativemodule.framework/version.plist
    export VERSIONS_FOLDER_PATH\=React_microtasksnativemodule.framework
    export VERSIONS_FOLDER_PATH_SHALLOW_BUNDLE_NO\=React_microtasksnativemodule.framework/Versions
    export VERSIONS_FOLDER_PATH_SHALLOW_BUNDLE_YES\=React_microtasksnativemodule.framework
    export VERSION_INFO_BUILDER\=antoniogrillo-balen
    export VERSION_INFO_FILE\=React_microtasksnativemodule_vers.c
    export VERSION_INFO_STRING\=\"@\(\#\)PROGRAM:React_microtasksnativemodule\ \ PROJECT:Pods-1\"
    export WORKSPACE_DIR\=/Users/antoniogrillo-balen/Desktop/Projects/RiseBuild/ios
    export WRAPPER_EXTENSION\=framework
    export WRAPPER_NAME\=React_microtasksnativemodule.framework
    export WRAPPER_SUFFIX\=.framework
    export WRAP_ASSET_PACKS_IN_SEPARATE_DIRECTORIES\=NO
    export XCODE_APP_SUPPORT_DIR\=/Applications/Xcode.app/Contents/Developer/Library/Xcode
    export XCODE_PRODUCT_BUILD_VERSION\=17F42
    export XCODE_VERSION_ACTUAL\=2650
    export XCODE_VERSION_MAJOR\=2600
    export XCODE_VERSION_MINOR\=2650
    export XPCSERVICES_FOLDER_PATH\=React_microtasksnativemodule.framework/XPCServices
    export YACC\=yacc
    export _DISCOVER_COMMAND_LINE_LINKER_INPUTS\=YES
    export _DISCOVER_COMMAND_LINE_LINKER_INPUTS_INCLUDE_WL\=YES
    export _LD_MULTIARCH\=YES
    export _WRAPPER_CONTENTS_DIR_SHALLOW_BUNDLE_NO\=/Contents
    export _WRAPPER_PARENT_PATH_SHALLOW_BUNDLE_NO\=/..
    export _WRAPPER_RESOURCES_DIR_SHALLOW_BUNDLE_NO\=/Resources
    export __DIAGNOSE_DEPRECATED_ARCHS\=YES
    export __ORIGINAL_SDK_DEFINED_LLVM_TARGET_TRIPLE_SYS\=ios
    export arch\=undefined_arch
    export variant\=normal
    /bin/sh -c /Users/antoniogrillo-balen/Library/Developer/Xcode/DerivedData/risebysolis-gzfsziqwziaggpcbgdowmssiasmi/Build/Intermediates.noindex/Pods.build/Debug-iphonesimulator/React-microtasksnativemodule.build/Script-46EB2E0002C260.sh

ProcessInfoPlistFile /Users/antoniogrillo-balen/Library/Developer/Xcode/DerivedData/risebysolis-gzfsziqwziaggpcbgdowmssiasmi/Build/Products/Debug-iphonesimulator/React-domnativemodule/React_domnativemodule.framework/Info.plist /Users/antoniogrillo-balen/Desktop/Projects/RiseBuild/ios/Pods/Target\ Support\ Files/React-domnativemodule/React-domnativemodule-Info.plist (in target 'React-domnativemodule' from project 'Pods')
    cd /Users/antoniogrillo-balen/Desktop/Projects/RiseBuild/ios/Pods
    builtin-infoPlistUtility /Users/antoniogrillo-balen/Desktop/Projects/RiseBuild/ios/Pods/Target\ Support\ Files/React-domnativemodule/React-domnativemodule-Info.plist -producttype com.apple.product-type.framework -expandbuildsettings -format binary -platform iphonesimulator -o /Users/antoniogrillo-balen/Library/Developer/Xcode/DerivedData/risebysolis-gzfsziqwziaggpcbgdowmssiasmi/Build/Products/Debug-iphonesimulator/React-domnativemodule/React_domnativemodule.framework/Info.plist

CodeSign /Users/antoniogrillo-balen/Library/Developer/Xcode/DerivedData/risebysolis-gzfsziqwziaggpcbgdowmssiasmi/Build/Products/Debug-iphonesimulator/React-domnativemodule/React_domnativemodule.framework (in target 'React-domnativemodule' from project 'Pods')
    cd /Users/antoniogrillo-balen/Desktop/Projects/RiseBuild/ios/Pods
    
    Signing Identity:     "Sign to Run Locally"
    
    /usr/bin/codesign --force --sign - --timestamp\=none --generate-entitlement-der /Users/antoniogrillo-balen/Library/Developer/Xcode/DerivedData/risebysolis-gzfsziqwziaggpcbgdowmssiasmi/Build/Products/Debug-iphonesimulator/React-domnativemodule/React_domnativemodule.framework
note: Signing static framework with --generate-pre-encrypt-hashes (in target 'React-domnativemodule' from project 'Pods')
/Users/antoniogrillo-balen/Library/Developer/Xcode/DerivedData/risebysolis-gzfsziqwziaggpcbgdowmssiasmi/Build/Products/Debug-iphonesimulator/React-domnativemodule/React_domnativemodule.framework: replacing existing signature

ProcessInfoPlistFile /Users/antoniogrillo-balen/Library/Developer/Xcode/DerivedData/risebysolis-gzfsziqwziaggpcbgdowmssiasmi/Build/Products/Debug-iphonesimulator/React-featureflagsnativemodule/React_featureflagsnativemodule.framework/Info.plist /Users/antoniogrillo-balen/Desktop/Projects/RiseBuild/ios/Pods/Target\ Support\ Files/React-featureflagsnativemodule/React-featureflagsnativemodule-Info.plist (in target 'React-featureflagsnativemodule' from project 'Pods')
    cd /Users/antoniogrillo-balen/Desktop/Projects/RiseBuild/ios/Pods
    builtin-infoPlistUtility /Users/antoniogrillo-balen/Desktop/Projects/RiseBuild/ios/Pods/Target\ Support\ Files/React-featureflagsnativemodule/React-featureflagsnativemodule-Info.plist -producttype com.apple.product-type.framework -expandbuildsettings -format binary -platform iphonesimulator -o /Users/antoniogrillo-balen/Library/Developer/Xcode/DerivedData/risebysolis-gzfsziqwziaggpcbgdowmssiasmi/Build/Products/Debug-iphonesimulator/React-featureflagsnativemodule/React_featureflagsnativemodule.framework/Info.plist

CodeSign /Users/antoniogrillo-balen/Library/Developer/Xcode/DerivedData/risebysolis-gzfsziqwziaggpcbgdowmssiasmi/Build/Products/Debug-iphonesimulator/React-featureflagsnativemodule/React_featureflagsnativemodule.framework (in target 'React-featureflagsnativemodule' from project 'Pods')
    cd /Users/antoniogrillo-balen/Desktop/Projects/RiseBuild/ios/Pods
    
    Signing Identity:     "Sign to Run Locally"
    
    /usr/bin/codesign --force --sign - --timestamp\=none --generate-entitlement-der /Users/antoniogrillo-balen/Library/Developer/Xcode/DerivedData/risebysolis-gzfsziqwziaggpcbgdowmssiasmi/Build/Products/Debug-iphonesimulator/React-featureflagsnativemodule/React_featureflagsnativemodule.framework
note: Signing static framework with --generate-pre-encrypt-hashes (in target 'React-featureflagsnativemodule' from project 'Pods')
/Users/antoniogrillo-balen/Library/Developer/Xcode/DerivedData/risebysolis-gzfsziqwziaggpcbgdowmssiasmi/Build/Products/Debug-iphonesimulator/React-featureflagsnativemodule/React_featureflagsnativemodule.framework: replacing existing signature

ProcessInfoPlistFile /Users/antoniogrillo-balen/Library/Developer/Xcode/DerivedData/risebysolis-gzfsziqwziaggpcbgdowmssiasmi/Build/Products/Debug-iphonesimulator/React-idlecallbacksnativemodule/idlecallbacksnativemodule.framework/Info.plist /Users/antoniogrillo-balen/Desktop/Projects/RiseBuild/ios/Pods/Target\ Support\ Files/React-idlecallbacksnativemodule/React-idlecallbacksnativemodule-Info.plist (in target 'React-idlecallbacksnativemodule' from project 'Pods')
    cd /Users/antoniogrillo-balen/Desktop/Projects/RiseBuild/ios/Pods
    builtin-infoPlistUtility /Users/antoniogrillo-balen/Desktop/Projects/RiseBuild/ios/Pods/Target\ Support\ Files/React-idlecallbacksnativemodule/React-idlecallbacksnativemodule-Info.plist -producttype com.apple.product-type.framework -expandbuildsettings -format binary -platform iphonesimulator -o /Users/antoniogrillo-balen/Library/Developer/Xcode/DerivedData/risebysolis-gzfsziqwziaggpcbgdowmssiasmi/Build/Products/Debug-iphonesimulator/React-idlecallbacksnativemodule/idlecallbacksnativemodule.framework/Info.plist

CodeSign /Users/antoniogrillo-balen/Library/Developer/Xcode/DerivedData/risebysolis-gzfsziqwziaggpcbgdowmssiasmi/Build/Products/Debug-iphonesimulator/React-idlecallbacksnativemodule/idlecallbacksnativemodule.framework (in target 'React-idlecallbacksnativemodule' from project 'Pods')
    cd /Users/antoniogrillo-balen/Desktop/Projects/RiseBuild/ios/Pods
    
    Signing Identity:     "Sign to Run Locally"
    
    /usr/bin/codesign --force --sign - --timestamp\=none --generate-entitlement-der /Users/antoniogrillo-balen/Library/Developer/Xcode/DerivedData/risebysolis-gzfsziqwziaggpcbgdowmssiasmi/Build/Products/Debug-iphonesimulator/React-idlecallbacksnativemodule/idlecallbacksnativemodule.framework
note: Signing static framework with --generate-pre-encrypt-hashes (in target 'React-idlecallbacksnativemodule' from project 'Pods')
/Users/antoniogrillo-balen/Library/Developer/Xcode/DerivedData/risebysolis-gzfsziqwziaggpcbgdowmssiasmi/Build/Products/Debug-iphonesimulator/React-idlecallbacksnativemodule/idlecallbacksnativemodule.framework: replacing existing signature

ProcessInfoPlistFile /Users/antoniogrillo-balen/Library/Developer/Xcode/DerivedData/risebysolis-gzfsziqwziaggpcbgdowmssiasmi/Build/Products/Debug-iphonesimulator/React-microtasksnativemodule/React_microtasksnativemodule.framework/Info.plist /Users/antoniogrillo-balen/Desktop/Projects/RiseBuild/ios/Pods/Target\ Support\ Files/React-microtasksnativemodule/React-microtasksnativemodule-Info.plist (in target 'React-microtasksnativemodule' from project 'Pods')
    cd /Users/antoniogrillo-balen/Desktop/Projects/RiseBuild/ios/Pods
    builtin-infoPlistUtility /Users/antoniogrillo-balen/Desktop/Projects/RiseBuild/ios/Pods/Target\ Support\ Files/React-microtasksnativemodule/React-microtasksnativemodule-Info.plist -producttype com.apple.product-type.framework -expandbuildsettings -format binary -platform iphonesimulator -o /Users/antoniogrillo-balen/Library/Developer/Xcode/DerivedData/risebysolis-gzfsziqwziaggpcbgdowmssiasmi/Build/Products/Debug-iphonesimulator/React-microtasksnativemodule/React_microtasksnativemodule.framework/Info.plist

CodeSign /Users/antoniogrillo-balen/Library/Developer/Xcode/DerivedData/risebysolis-gzfsziqwziaggpcbgdowmssiasmi/Build/Products/Debug-iphonesimulator/React-microtasksnativemodule/React_microtasksnativemodule.framework (in target 'React-microtasksnativemodule' from project 'Pods')
    cd /Users/antoniogrillo-balen/Desktop/Projects/RiseBuild/ios/Pods
    
    Signing Identity:     "Sign to Run Locally"
    
    /usr/bin/codesign --force --sign - --timestamp\=none --generate-entitlement-der /Users/antoniogrillo-balen/Library/Developer/Xcode/DerivedData/risebysolis-gzfsziqwziaggpcbgdowmssiasmi/Build/Products/Debug-iphonesimulator/React-microtasksnativemodule/React_microtasksnativemodule.framework
note: Signing static framework with --generate-pre-encrypt-hashes (in target 'React-microtasksnativemodule' from project 'Pods')
/Users/antoniogrillo-balen/Library/Developer/Xcode/DerivedData/risebysolis-gzfsziqwziaggpcbgdowmssiasmi/Build/Products/Debug-iphonesimulator/React-microtasksnativemodule/React_microtasksnativemodule.framework: replacing existing signature

warning: Run script build phase 'Create Symlinks to Header Folders' will be run during every build because it does not specify any outputs. To address this issue, either add output dependencies to the script phase, or configure it to run in every build by unchecking "Based on dependency analysis" in the script phase. (in target 'React-defaultsnativemodule' from project 'Pods')
CompileC /Users/antoniogrillo-balen/Library/Developer/Xcode/DerivedData/risebysolis-gzfsziqwziaggpcbgdowmssiasmi/Build/Intermediates.noindex/Pods.build/Debug-iphonesimulator/React-defaultsnativemodule.build/Objects-normal/arm64/DefaultTurboModules.o /Users/antoniogrillo-balen/Desktop/Projects/RiseBuild/node_modules/react-native/ReactCommon/react/nativemodule/defaults/DefaultTurboModules.cpp normal arm64 c++ com.apple.compilers.llvm.clang.1_0.compiler (in target 'React-defaultsnativemodule' from project 'Pods')
    cd /Users/antoniogrillo-balen/Desktop/Projects/RiseBuild/ios/Pods
    
    Using response file: /Users/antoniogrillo-balen/Library/Developer/Xcode/DerivedData/risebysolis-gzfsziqwziaggpcbgdowmssiasmi/Build/Intermediates.noindex/Pods.build/Debug-iphonesimulator/React-defaultsnativemodule.build/Objects-normal/arm64/82b82416624d2658e5098eb0a28c15c5-common-args.resp
    
    /Applications/Xcode.app/Contents/Developer/Toolchains/XcodeDefault.xctoolchain/usr/bin/clang -x c++ -ivfsstatcache /Users/antoniogrillo-balen/Library/Developer/Xcode/DerivedData/SDKStatCaches.noindex/iphonesimulator26.5-23F73-6cfe768891a92b912361537c460fe42b.sdkstatcache -target arm64-apple-ios15.1-simulator -fmessage-length\=0 -fdiagnostics-show-note-include-stack -fmacro-backtrace-limit\=0 -fno-color-diagnostics -fmodules-prune-interval\=86400 -fmodules-prune-after\=345600 -fbuild-session-file\=/Users/antoniogrillo-balen/Library/Developer/Xcode/DerivedData/ModuleCache.noindex/Session.modulevalidation -fmodules-validate-once-per-build-session -Wnon-modular-include-in-framework-module -Werror\=non-modular-include-in-framework-module -Wno-trigraphs -Wno-missing-field-initializers -Wno-missing-prototypes -Werror\=return-type -Wdocumentation -Wunreachable-code -Werror\=deprecated-objc-isa-usage -Werror\=objc-root-class -Wno-non-virtual-dtor -Wno-overloaded-virtual -Wno-exit-time-destructors -Wno-missing-braces -Wparentheses -Wswitch -Wunused-function -Wno-unused-label -Wno-unused-parameter -Wunused-variable -Wunused-value -Wempty-body -Wuninitialized -Wconditional-uninitialized -Wno-unknown-pragmas -Wno-shadow -Wno-four-char-constants -Wno-conversion -Wconstant-conversion -Wint-conversion -Wbool-conversion -Wenum-conversion -Wno-float-conversion -Wnon-literal-null-conversion -Wobjc-literal-conversion -Wshorten-64-to-32 -Wno-newline-eof -Wno-c++11-extensions -Wno-implicit-fallthrough -isysroot /Applications/Xcode.app/Contents/Developer/Platforms/iPhoneSimulator.platform/Developer/SDKs/iPhoneSimulator26.5.sdk -fstrict-aliasing -Wdeprecated-declarations -Winvalid-offsetof -Wno-sign-conversion -Winfinite-recursion -Wmove -Wcomma -Wblock-capture-autoreleasing -Wstrict-prototypes -Wrange-loop-analysis -Wno-semicolon-before-method-body -Wunguarded-availability -index-store-path /Users/antoniogrillo-balen/Library/Developer/Xcode/DerivedData/risebysolis-gzfsziqwziaggpcbgdowmssiasmi/Index.noindex/DataStore -Wno-comma -Wno-shorten-64-to-32 @/Users/antoniogrillo-balen/Library/Developer/Xcode/DerivedData/risebysolis-gzfsziqwziaggpcbgdowmssiasmi/Build/Intermediates.noindex/Pods.build/Debug-iphonesimulator/React-defaultsnativemodule.build/Objects-normal/arm64/82b82416624d2658e5098eb0a28c15c5-common-args.resp -DFOLLY_NO_CONFIG -DFOLLY_MOBILE\=1 -DFOLLY_USE_LIBCPP\=1 -DFOLLY_CFG_NO_COROUTINES\=1 -DFOLLY_HAVE_CLOCK_GETTIME\=1 -Wno-comma -Wno-shorten-64-to-32 -include /Users/antoniogrillo-balen/Desktop/Projects/RiseBuild/ios/Pods/Target\ Support\ Files/React-defaultsnativemodule/React-defaultsnativemodule-prefix.pch -MMD -MT dependencies -MF /Users/antoniogrillo-balen/Library/Developer/Xcode/DerivedData/risebysolis-gzfsziqwziaggpcbgdowmssiasmi/Build/Intermediates.noindex/Pods.build/Debug-iphonesimulator/React-defaultsnativemodule.build/Objects-normal/arm64/DefaultTurboModules.d --serialize-diagnostics /Users/antoniogrillo-balen/Library/Developer/Xcode/DerivedData/risebysolis-gzfsziqwziaggpcbgdowmssiasmi/Build/Intermediates.noindex/Pods.build/Debug-iphonesimulator/React-defaultsnativemodule.build/Objects-normal/arm64/DefaultTurboModules.dia -c /Users/antoniogrillo-balen/Desktop/Projects/RiseBuild/node_modules/react-native/ReactCommon/react/nativemodule/defaults/DefaultTurboModules.cpp -o /Users/antoniogrillo-balen/Library/Developer/Xcode/DerivedData/risebysolis-gzfsziqwziaggpcbgdowmssiasmi/Build/Intermediates.noindex/Pods.build/Debug-iphonesimulator/React-defaultsnativemodule.build/Objects-normal/arm64/DefaultTurboModules.o -index-unit-output-path /Pods.build/Debug-iphonesimulator/React-defaultsnativemodule.build/Objects-normal/arm64/DefaultTurboModules.o

Libtool /Users/antoniogrillo-balen/Library/Developer/Xcode/DerivedData/risebysolis-gzfsziqwziaggpcbgdowmssiasmi/Build/Products/Debug-iphonesimulator/React-defaultsnativemodule/React_defaultsnativemodule.framework/React_defaultsnativemodule normal (in target 'React-defaultsnativemodule' from project 'Pods')
    cd /Users/antoniogrillo-balen/Desktop/Projects/RiseBuild/ios/Pods
    /Applications/Xcode.app/Contents/Developer/Toolchains/XcodeDefault.xctoolchain/usr/bin/libtool -static -arch_only arm64 -D -syslibroot /Applications/Xcode.app/Contents/Developer/Platforms/iPhoneSimulator.platform/Developer/SDKs/iPhoneSimulator26.5.sdk -L/Users/antoniogrillo-balen/Library/Developer/Xcode/DerivedData/risebysolis-gzfsziqwziaggpcbgdowmssiasmi/Build/Products/Debug-iphonesimulator/React-defaultsnativemodule -filelist /Users/antoniogrillo-balen/Library/Developer/Xcode/DerivedData/risebysolis-gzfsziqwziaggpcbgdowmssiasmi/Build/Intermediates.noindex/Pods.build/Debug-iphonesimulator/React-defaultsnativemodule.build/Objects-normal/arm64/React_defaultsnativemodule.LinkFileList -dependency_info /Users/antoniogrillo-balen/Library/Developer/Xcode/DerivedData/risebysolis-gzfsziqwziaggpcbgdowmssiasmi/Build/Intermediates.noindex/Pods.build/Debug-iphonesimulator/React-defaultsnativemodule.build/Objects-normal/arm64/React_defaultsnativemodule_libtool_dependency_info.dat -o /Users/antoniogrillo-balen/Library/Developer/Xcode/DerivedData/risebysolis-gzfsziqwziaggpcbgdowmssiasmi/Build/Products/Debug-iphonesimulator/React-defaultsnativemodule/React_defaultsnativemodule.framework/React_defaultsnativemodule

PhaseScriptExecution Create\ Symlinks\ to\ Header\ Folders /Users/antoniogrillo-balen/Library/Developer/Xcode/DerivedData/risebysolis-gzfsziqwziaggpcbgdowmssiasmi/Build/Intermediates.noindex/Pods.build/Debug-iphonesimulator/React-defaultsnativemodule.build/Script-46EB2E0002A8A0.sh (in target 'React-defaultsnativemodule' from project 'Pods')
    cd /Users/antoniogrillo-balen/Desktop/Projects/RiseBuild/ios/Pods
    export ACTION\=build
    export AD_HOC_CODE_SIGNING_ALLOWED\=YES
    export ALLOW_BUILD_REQUEST_OVERRIDES\=NO
    export ALLOW_TARGET_PLATFORM_SPECIALIZATION\=NO
    export ALTERNATE_GROUP\=staff
    export ALTERNATE_MODE\=u+w,go-w,a+rX
    export ALTERNATE_OWNER\=antoniogrillo-balen
    export ALTERNATIVE_DISTRIBUTION_WEB\=NO
    export ALWAYS_EMBED_SWIFT_STANDARD_LIBRARIES\=NO
    export ALWAYS_SEARCH_USER_PATHS\=NO
    export ALWAYS_USE_SEPARATE_HEADERMAPS\=NO
    export APPLICATION_EXTENSION_API_ONLY\=NO
    export APPLY_RULES_IN_COPY_FILES\=NO
    export APPLY_RULES_IN_COPY_HEADERS\=NO
    export APP_SHORTCUTS_ENABLE_FLEXIBLE_MATCHING\=YES
    export ARCHS\=arm64
    export ARCHS_BASE\=arm64
    export ARCHS_STANDARD\=arm64\ x86_64
    export ARCHS_STANDARD_32_64_BIT\=arm64\ x86_64
    export ARCHS_STANDARD_64_BIT\=arm64\ x86_64
    export ARCHS_STANDARD_INCLUDING_64_BIT\=arm64\ x86_64
    export ARCHS_UNIVERSAL_IPHONE_OS\=arm64\ x86_64
    export ASSETCATALOG_FILTER_FOR_DEVICE_MODEL\=iPhone16,2
    export ASSETCATALOG_FILTER_FOR_DEVICE_OS_VERSION\=26.4.1
    export ASSETCATALOG_FILTER_FOR_THINNING_DEVICE_CONFIGURATION\=iPhone16,2
    export AUTOMATICALLY_MERGE_DEPENDENCIES\=NO
    export AUTOMATION_APPLE_EVENTS\=NO
    export AVAILABLE_PLATFORMS\=android\ appletvos\ appletvsimulator\ driverkit\ freebsd\ iphoneos\ iphonesimulator\ linux\ macosx\ none\ openbsd\ qnx\ watchos\ watchsimulator\ webassembly\ xros\ xrsimulator
    export AppIdentifierPrefix\=FAKETEAMID.
    export BUILD_ACTIVE_RESOURCES_ONLY\=YES
    export BUILD_COMPONENTS\=headers\ build
    export BUILD_DIR\=/Users/antoniogrillo-balen/Library/Developer/Xcode/DerivedData/risebysolis-gzfsziqwziaggpcbgdowmssiasmi/Build/Products
    export BUILD_LIBRARY_FOR_DISTRIBUTION\=NO
    export BUILD_ONLY_KNOWN_LOCALIZATIONS\=NO
    export BUILD_ROOT\=/Users/antoniogrillo-balen/Library/Developer/Xcode/DerivedData/risebysolis-gzfsziqwziaggpcbgdowmssiasmi/Build/Products
    export BUILD_STYLE\=
    export BUILD_VARIANTS\=normal
    export BUILT_PRODUCTS_DIR\=/Users/antoniogrillo-balen/Library/Developer/Xcode/DerivedData/risebysolis-gzfsziqwziaggpcbgdowmssiasmi/Build/Products/Debug-iphonesimulator/React-defaultsnativemodule
    export BUNDLE_CONTENTS_FOLDER_PATH_deep\=Contents/
    export BUNDLE_EXECUTABLE_FOLDER_NAME_deep\=MacOS
    export BUNDLE_EXTENSIONS_FOLDER_PATH\=Extensions
    export BUNDLE_FORMAT\=shallow
    export BUNDLE_FRAMEWORKS_FOLDER_PATH\=Frameworks
    export BUNDLE_PLUGINS_FOLDER_PATH\=PlugIns
    export BUNDLE_PRIVATE_HEADERS_FOLDER_PATH\=PrivateHeaders
    export BUNDLE_PUBLIC_HEADERS_FOLDER_PATH\=Headers
    export CACHE_ROOT\=/var/folders/2z/jtlqylkx0c709j3xb7b0g4cm0000gn/C/com.apple.DeveloperTools/26.5-17F42/Xcode
    export CCHROOT\=/var/folders/2z/jtlqylkx0c709j3xb7b0g4cm0000gn/C/com.apple.DeveloperTools/26.5-17F42/Xcode
    export CHMOD\=/bin/chmod
    export CHOWN\=chown
    export CLANG_ANALYZER_LOCALIZABILITY_NONLOCALIZED\=YES
    export CLANG_ANALYZER_NONNULL\=YES
    export CLANG_ANALYZER_NUMBER_OBJECT_CONVERSION\=YES_AGGRESSIVE
    export CLANG_CACHE_FINE_GRAINED_OUTPUTS\=YES
    export CLANG_CXX_LANGUAGE_STANDARD\=c++20
    export CLANG_CXX_LIBRARY\=libc++
    export CLANG_ENABLE_EXPLICIT_MODULES\=YES
    export CLANG_ENABLE_MODULES\=YES
    export CLANG_ENABLE_OBJC_ARC\=YES
    export CLANG_ENABLE_OBJC_WEAK\=NO
    export CLANG_MODULES_BUILD_SESSION_FILE\=/Users/antoniogrillo-balen/Library/Developer/Xcode/DerivedData/ModuleCache.noindex/Session.modulevalidation
    export CLANG_WARN_BLOCK_CAPTURE_AUTORELEASING\=YES
    export CLANG_WARN_BOOL_CONVERSION\=YES
    export CLANG_WARN_COMMA\=YES
    export CLANG_WARN_CONSTANT_CONVERSION\=YES
    export CLANG_WARN_DEPRECATED_OBJC_IMPLEMENTATIONS\=YES
    export CLANG_WARN_DIRECT_OBJC_ISA_USAGE\=YES_ERROR
    export CLANG_WARN_DOCUMENTATION_COMMENTS\=YES
    export CLANG_WARN_EMPTY_BODY\=YES
    export CLANG_WARN_ENUM_CONVERSION\=YES
    export CLANG_WARN_INFINITE_RECURSION\=YES
    export CLANG_WARN_INT_CONVERSION\=YES
    export CLANG_WARN_NON_LITERAL_NULL_CONVERSION\=YES
    export CLANG_WARN_OBJC_IMPLICIT_RETAIN_SELF\=YES
    export CLANG_WARN_OBJC_LITERAL_CONVERSION\=YES
    export CLANG_WARN_OBJC_ROOT_CLASS\=YES_ERROR
    export CLANG_WARN_QUOTED_INCLUDE_IN_FRAMEWORK_HEADER\=NO
    export CLANG_WARN_RANGE_LOOP_ANALYSIS\=YES
    export CLANG_WARN_STRICT_PROTOTYPES\=YES
    export CLANG_WARN_SUSPICIOUS_MOVE\=YES
    export CLANG_WARN_UNGUARDED_AVAILABILITY\=YES_AGGRESSIVE
    export CLANG_WARN_UNREACHABLE_CODE\=YES
    export CLANG_WARN__DUPLICATE_METHOD_MATCH\=YES
    export CLASS_FILE_DIR\=/Users/antoniogrillo-balen/Library/Developer/Xcode/DerivedData/risebysolis-gzfsziqwziaggpcbgdowmssiasmi/Build/Intermediates.noindex/Pods.build/Debug-iphonesimulator/React-defaultsnativemodule.build/JavaClasses
    export CLEAN_PRECOMPS\=YES
    export CLONE_HEADERS\=NO
    export CODESIGNING_FOLDER_PATH\=/Users/antoniogrillo-balen/Library/Developer/Xcode/DerivedData/risebysolis-gzfsziqwziaggpcbgdowmssiasmi/Build/Products/Debug-iphonesimulator/React-defaultsnativemodule/React_defaultsnativemodule.framework
    export CODE_SIGNING_ALLOWED\=YES
    export CODE_SIGNING_REQUIRED\=NO
    export CODE_SIGNING_REQUIRES_TEAM\=YES
    export CODE_SIGN_CONTEXT_CLASS\=XCiPhoneSimulatorCodeSignContext
    export CODE_SIGN_IDENTITY\=-
    export CODE_SIGN_INJECT_BASE_ENTITLEMENTS\=YES
    export COLOR_DIAGNOSTICS\=NO
    export COMBINE_HIDPI_IMAGES\=NO
    export COMPILATION_CACHE_CAS_PATH\=/Users/antoniogrillo-balen/Library/Developer/Xcode/DerivedData/CompilationCache.noindex
    export COMPILATION_CACHE_KEEP_CAS_DIRECTORY\=YES
    export COMPILER_INDEX_STORE_ENABLE\=Default
    export COMPOSITE_SDK_DIRS\=/Users/antoniogrillo-balen/Library/Developer/Xcode/DerivedData/risebysolis-gzfsziqwziaggpcbgdowmssiasmi/Build/Intermediates.noindex/CompositeSDKs
    export COMPRESS_PNG_FILES\=YES
    export CONFIGURATION\=Debug
    export CONFIGURATION_BUILD_DIR\=/Users/antoniogrillo-balen/Library/Developer/Xcode/DerivedData/risebysolis-gzfsziqwziaggpcbgdowmssiasmi/Build/Products/Debug-iphonesimulator/React-defaultsnativemodule
    export CONFIGURATION_TEMP_DIR\=/Users/antoniogrillo-balen/Library/Developer/Xcode/DerivedData/risebysolis-gzfsziqwziaggpcbgdowmssiasmi/Build/Intermediates.noindex/Pods.build/Debug-iphonesimulator
    export CONTENTS_FOLDER_PATH\=React_defaultsnativemodule.framework
    export CONTENTS_FOLDER_PATH_SHALLOW_BUNDLE_NO\=React_defaultsnativemodule.framework/A
    export CONTENTS_FOLDER_PATH_SHALLOW_BUNDLE_YES\=React_defaultsnativemodule.framework
    export COPYING_PRESERVES_HFS_DATA\=NO
    export COPY_HEADERS_RUN_UNIFDEF\=NO
    export COPY_PHASE_STRIP\=NO
    export CORRESPONDING_DEVICE_PLATFORM_DIR\=/Applications/Xcode.app/Contents/Developer/Platforms/iPhoneOS.platform
    export CORRESPONDING_DEVICE_PLATFORM_NAME\=iphoneos
    export CORRESPONDING_DEVICE_SDK_DIR\=/Applications/Xcode.app/Contents/Developer/Platforms/iPhoneOS.platform/Developer/SDKs/iPhoneOS26.5.sdk
    export CORRESPONDING_DEVICE_SDK_NAME\=iphoneos26.5
    export CP\=/bin/cp
    export CREATE_INFOPLIST_SECTION_IN_BINARY\=NO
    export CURRENT_ARCH\=undefined_arch
    export CURRENT_PROJECT_VERSION\=1
    export CURRENT_VARIANT\=normal
    export CURRENT_VERSION\=Current
    export DEAD_CODE_STRIPPING\=YES
    export DEBUGGING_SYMBOLS\=YES
    export DEBUG_INFORMATION_FORMAT\=dwarf
    export DEBUG_INFORMATION_VERSION\=compiler-default
    export DEFAULT_COMPILER\=com.apple.compilers.llvm.clang.1_0
    export DEFAULT_DEXT_INSTALL_PATH\=/System/Library/DriverExtensions
    export DEFAULT_KEXT_INSTALL_PATH\=/System/Library/Extensions
    export DEFINES_MODULE\=YES
    export DEPLOYMENT_LOCATION\=NO
    export DEPLOYMENT_POSTPROCESSING\=NO
    export DEPLOYMENT_TARGET_SETTING_NAME\=IPHONEOS_DEPLOYMENT_TARGET
    export DEPLOYMENT_TARGET_SUGGESTED_VALUES\=12.0\ 12.1\ 12.2\ 12.3\ 12.4\ 13.0\ 13.1\ 13.2\ 13.3\ 13.4\ 13.5\ 13.6\ 14.0\ 14.1\ 14.2\ 14.3\ 14.4\ 14.5\ 14.6\ 14.7\ 15.0\ 15.1\ 15.2\ 15.3\ 15.4\ 15.5\ 15.6\ 16.0\ 16.1\ 16.2\ 16.3\ 16.4\ 16.5\ 16.6\ 17.0\ 17.1\ 17.2\ 17.3\ 17.4\ 17.5\ 17.6\ 18.0\ 18.1\ 18.2\ 18.3\ 18.4\ 18.5\ 18.6\ 26.0\ 26.2\ 26.3\ 26.4\ 26.5
    export DERIVED_FILES_DIR\=/Users/antoniogrillo-balen/Library/Developer/Xcode/DerivedData/risebysolis-gzfsziqwziaggpcbgdowmssiasmi/Build/Intermediates.noindex/Pods.build/Debug-iphonesimulator/React-defaultsnativemodule.build/DerivedSources
    export DERIVED_FILE_DIR\=/Users/antoniogrillo-balen/Library/Developer/Xcode/DerivedData/risebysolis-gzfsziqwziaggpcbgdowmssiasmi/Build/Intermediates.noindex/Pods.build/Debug-iphonesimulator/React-defaultsnativemodule.build/DerivedSources
    export DERIVED_SOURCES_DIR\=/Users/antoniogrillo-balen/Library/Developer/Xcode/DerivedData/risebysolis-gzfsziqwziaggpcbgdowmssiasmi/Build/Intermediates.noindex/Pods.build/Debug-iphonesimulator/React-defaultsnativemodule.build/DerivedSources
    export DEVELOPER_APPLICATIONS_DIR\=/Applications/Xcode.app/Contents/Developer/Applications
    export DEVELOPER_BIN_DIR\=/Applications/Xcode.app/Contents/Developer/usr/bin
    export DEVELOPER_DIR\=/Applications/Xcode.app/Contents/Developer
    export DEVELOPER_FRAMEWORKS_DIR\=/Applications/Xcode.app/Contents/Developer/Library/Frameworks
    export DEVELOPER_FRAMEWORKS_DIR_QUOTED\=/Applications/Xcode.app/Contents/Developer/Library/Frameworks
    export DEVELOPER_LIBRARY_DIR\=/Applications/Xcode.app/Contents/Developer/Library
    export DEVELOPER_SDK_DIR\=/Applications/Xcode.app/Contents/Developer/Platforms/MacOSX.platform/Developer/SDKs
    export DEVELOPER_TOOLS_DIR\=/Applications/Xcode.app/Contents/Developer/Tools
    export DEVELOPER_USR_DIR\=/Applications/Xcode.app/Contents/Developer/usr
    export DEVELOPMENT_LANGUAGE\=en
    export DIAGNOSE_MISSING_TARGET_DEPENDENCIES\=YES
    export DIFF\=/usr/bin/diff
    export DOCUMENTATION_FOLDER_PATH\=React_defaultsnativemodule.framework/en.lproj/Documentation
    export DONT_GENERATE_INFOPLIST_FILE\=NO
    export DSTROOT\=/tmp/Pods.dst
    export DT_TOOLCHAIN_DIR\=/Applications/Xcode.app/Contents/Developer/Toolchains/XcodeDefault.xctoolchain
    export DUMP_DEPENDENCIES\=NO
    export DUMP_DEPENDENCIES_OUTPUT_PATH\=/Users/antoniogrillo-balen/Library/Developer/Xcode/DerivedData/risebysolis-gzfsziqwziaggpcbgdowmssiasmi/Build/Intermediates.noindex/Pods.build/Debug-iphonesimulator/React-defaultsnativemodule.build/React-defaultsnativemodule-BuildDependencyInfo.json
    export DWARF_DSYM_FILE_NAME\=React_defaultsnativemodule.framework.dSYM
    export DWARF_DSYM_FILE_SHOULD_ACCOMPANY_PRODUCT\=NO
    export DWARF_DSYM_FOLDER_PATH\=/Users/antoniogrillo-balen/Library/Developer/Xcode/DerivedData/risebysolis-gzfsziqwziaggpcbgdowmssiasmi/Build/Products/Debug-iphonesimulator/React-defaultsnativemodule
    export DYLIB_COMPATIBILITY_VERSION\=1
    export DYLIB_CURRENT_VERSION\=1
    export DYLIB_INSTALL_NAME_BASE\=@rpath
    export DYNAMIC_LIBRARY_EXTENSION\=dylib
    export EAGER_COMPILATION_ALLOW_SCRIPTS\=NO
    export EAGER_LINKING\=NO
    export EFFECTIVE_PLATFORM_NAME\=-iphonesimulator
    export EFFECTIVE_SWIFT_VERSION\=5
    export EMBEDDED_CONTENT_CONTAINS_SWIFT\=NO
    export EMBED_ASSET_PACKS_IN_PRODUCT_BUNDLE\=NO
    export ENABLE_APP_SANDBOX\=NO
    export ENABLE_CODE_COVERAGE\=YES
    export ENABLE_COHORT_ARCHS\=NO
    export ENABLE_CPLUSPLUS_BOUNDS_SAFE_BUFFERS\=NO
    export ENABLE_C_BOUNDS_SAFETY\=NO
    export ENABLE_DEFAULT_HEADER_SEARCH_PATHS\=YES
    export ENABLE_DEFAULT_SEARCH_PATHS\=YES
    export ENABLE_ENHANCED_SECURITY\=NO
    export ENABLE_HARDENED_RUNTIME\=NO
    export ENABLE_HEADER_DEPENDENCIES\=YES
    export ENABLE_INCOMING_NETWORK_CONNECTIONS\=NO
    export ENABLE_MODULE_VERIFIER\=NO
    export ENABLE_ON_DEMAND_RESOURCES\=NO
    export ENABLE_OUTGOING_NETWORK_CONNECTIONS\=NO
    export ENABLE_POINTER_AUTHENTICATION\=NO
    export ENABLE_PREVIEWS\=NO
    export ENABLE_RESOURCE_ACCESS_AUDIO_INPUT\=NO
    export ENABLE_RESOURCE_ACCESS_BLUETOOTH\=NO
    export ENABLE_RESOURCE_ACCESS_CALENDARS\=NO
    export ENABLE_RESOURCE_ACCESS_CAMERA\=NO
    export ENABLE_RESOURCE_ACCESS_CONTACTS\=NO
    export ENABLE_RESOURCE_ACCESS_LOCATION\=NO
    export ENABLE_RESOURCE_ACCESS_PHOTO_LIBRARY\=NO
    export ENABLE_RESOURCE_ACCESS_PRINTING\=NO
    export ENABLE_RESOURCE_ACCESS_USB\=NO
    export ENABLE_SDK_IMPORTS\=NO
    export ENABLE_SECURITY_COMPILER_WARNINGS\=NO
    export ENABLE_STRICT_OBJC_MSGSEND\=YES
    export ENABLE_TESTABILITY\=YES
    export ENABLE_TESTING_SEARCH_PATHS\=NO
    export ENABLE_USER_SCRIPT_SANDBOXING\=NO
    export ENABLE_XOJIT_PREVIEWS\=YES
    export ENFORCE_VALID_ARCHS\=YES
    export ENTITLEMENTS_DESTINATION\=__entitlements
    export ENTITLEMENTS_REQUIRED\=NO
    export EXCLUDED_INSTALLSRC_SUBDIRECTORY_PATTERNS\=.DS_Store\ .svn\ .git\ .hg\ CVS
    export EXCLUDED_RECURSIVE_SEARCH_PATH_SUBDIRECTORIES\=\*.nib\ \*.lproj\ \*.framework\ \*.gch\ \*.xcode\*\ \*.xcassets\ \*.icon\ \(\*\)\ .DS_Store\ CVS\ .svn\ .git\ .hg\ \*.pbproj\ \*.pbxproj
    export EXECUTABLES_FOLDER_PATH\=React_defaultsnativemodule.framework/en.lproj
    export EXECUTABLE_FOLDER_PATH\=React_defaultsnativemodule.framework
    export EXECUTABLE_FOLDER_PATH_SHALLOW_BUNDLE_NO\=React_defaultsnativemodule.framework
    export EXECUTABLE_FOLDER_PATH_SHALLOW_BUNDLE_YES\=React_defaultsnativemodule.framework
    export EXECUTABLE_NAME\=React_defaultsnativemodule
    export EXECUTABLE_PATH\=React_defaultsnativemodule.framework/React_defaultsnativemodule
    export EXPANDED_CODE_SIGN_IDENTITY\=-
    export EXPANDED_CODE_SIGN_IDENTITY_NAME\=Sign\ to\ Run\ Locally
    export EXTENSIONS_FOLDER_PATH\=React_defaultsnativemodule.framework/Extensions
    export FILE_LIST\=/Users/antoniogrillo-balen/Library/Developer/Xcode/DerivedData/risebysolis-gzfsziqwziaggpcbgdowmssiasmi/Build/Intermediates.noindex/Pods.build/Debug-iphonesimulator/React-defaultsnativemodule.build/Objects/LinkFileList
    export FIXED_FILES_DIR\=/Users/antoniogrillo-balen/Library/Developer/Xcode/DerivedData/risebysolis-gzfsziqwziaggpcbgdowmssiasmi/Build/Intermediates.noindex/Pods.build/Debug-iphonesimulator/React-defaultsnativemodule.build/FixedFiles
    export FRAMEWORKS_FOLDER_PATH\=React_defaultsnativemodule.framework/Frameworks
    export FRAMEWORK_FLAG_PREFIX\=-framework
    export FRAMEWORK_SEARCH_PATHS\=/Users/antoniogrillo-balen/Library/Developer/Xcode/DerivedData/risebysolis-gzfsziqwziaggpcbgdowmssiasmi/Build/Products/Debug-iphonesimulator/React-defaultsnativemodule\ \ \"/Users/antoniogrillo-balen/Library/Developer/Xcode/DerivedData/risebysolis-gzfsziqwziaggpcbgdowmssiasmi/Build/Products/Debug-iphonesimulator/DoubleConversion\"\ \"/Users/antoniogrillo-balen/Library/Developer/Xcode/DerivedData/risebysolis-gzfsziqwziaggpcbgdowmssiasmi/Build/Products/Debug-iphonesimulator/RCT-Folly\"\ \"/Users/antoniogrillo-balen/Library/Developer/Xcode/DerivedData/risebysolis-gzfsziqwziaggpcbgdowmssiasmi/Build/Products/Debug-iphonesimulator/RCTDeprecation\"\ \"/Users/antoniogrillo-balen/Library/Developer/Xcode/DerivedData/risebysolis-gzfsziqwziaggpcbgdowmssiasmi/Build/Products/Debug-iphonesimulator/RCTTypeSafety\"\ \"/Users/antoniogrillo-balen/Library/Developer/Xcode/DerivedData/risebysolis-gzfsziqwziaggpcbgdowmssiasmi/Build/Products/Debug-iphonesimulator/React-Core\"\ \"/Users/antoniogrillo-balen/Library/Developer/Xcode/DerivedData/risebysolis-gzfsziqwziaggpcbgdowmssiasmi/Build/Products/Debug-iphonesimulator/React-Fabric\"\ \"/Users/antoniogrillo-balen/Library/Developer/Xcode/DerivedData/risebysolis-gzfsziqwziaggpcbgdowmssiasmi/Build/Products/Debug-iphonesimulator/React-FabricComponents\"\ \"/Users/antoniogrillo-balen/Library/Developer/Xcode/DerivedData/risebysolis-gzfsziqwziaggpcbgdowmssiasmi/Build/Products/Debug-iphonesimulator/React-FabricImage\"\ \"/Users/antoniogrillo-balen/Library/Developer/Xcode/DerivedData/risebysolis-gzfsziqwziaggpcbgdowmssiasmi/Build/Products/Debug-iphonesimulator/React-ImageManager\"\ \"/Users/antoniogrillo-balen/Library/Developer/Xcode/DerivedData/risebysolis-gzfsziqwziaggpcbgdowmssiasmi/Build/Products/Debug-iphonesimulator/React-NativeModulesApple\"\ \"/Users/antoniogrillo-balen/Library/Developer/Xcode/DerivedData/risebysolis-gzfsziqwziaggpcbgdowmssiasmi/Build/Products/Debug-iphonesimulator/React-RCTFabric\"\ \"/Users/antoniogrillo-balen/Library/Developer/Xcode/DerivedData/risebysolis-gzfsziqwziaggpcbgdowmssiasmi/Build/Products/Debug-iphonesimulator/React-RCTImage\"\ \"/Users/antoniogrillo-balen/Library/Developer/Xcode/DerivedData/risebysolis-gzfsziqwziaggpcbgdowmssiasmi/Build/Products/Debug-iphonesimulator/React-RCTNetwork\"\ \"/Users/antoniogrillo-balen/Library/Developer/Xcode/DerivedData/risebysolis-gzfsziqwziaggpcbgdowmssiasmi/Build/Products/Debug-iphonesimulator/React-RCTText\"\ \"/Users/antoniogrillo-balen/Library/Developer/Xcode/DerivedData/risebysolis-gzfsziqwziaggpcbgdowmssiasmi/Build/Products/Debug-iphonesimulator/React-cxxreact\"\ \"/Users/antoniogrillo-balen/Library/Developer/Xcode/DerivedData/risebysolis-gzfsziqwziaggpcbgdowmssiasmi/Build/Products/Debug-iphonesimulator/React-debug\"\ \"/Users/antoniogrillo-balen/Library/Developer/Xcode/DerivedData/risebysolis-gzfsziqwziaggpcbgdowmssiasmi/Build/Products/Debug-iphonesimulator/React-domnativemodule\"\ \"/Users/antoniogrillo-balen/Library/Developer/Xcode/DerivedData/risebysolis-gzfsziqwziaggpcbgdowmssiasmi/Build/Products/Debug-iphonesimulator/React-featureflags\"\ \"/Users/antoniogrillo-balen/Library/Developer/Xcode/DerivedData/risebysolis-gzfsziqwziaggpcbgdowmssiasmi/Build/Products/Debug-iphonesimulator/React-featureflagsnativemodule\"\ \"/Users/antoniogrillo-balen/Library/Developer/Xcode/DerivedData/risebysolis-gzfsziqwziaggpcbgdowmssiasmi/Build/Products/Debug-iphonesimulator/React-graphics\"\ \"/Users/antoniogrillo-balen/Library/Developer/Xcode/DerivedData/risebysolis-gzfsziqwziaggpcbgdowmssiasmi/Build/Products/Debug-iphonesimulator/React-hermes\"\ \"/Users/antoniogrillo-balen/Library/Developer/Xcode/DerivedData/risebysolis-gzfsziqwziaggpcbgdowmssiasmi/Build/Products/Debug-iphonesimulator/React-idlecallbacksnativemodule\"\ \"/Users/antoniogrillo-balen/Library/Developer/Xcode/DerivedData/risebysolis-gzfsziqwziaggpcbgdowmssiasmi/Build/Products/Debug-iphonesimulator/React-jsi\"\ \"/Users/antoniogrillo-balen/Library/Developer/Xcode/DerivedData/risebysolis-gzfsziqwziaggpcbgdowmssiasmi/Build/Products/Debug-iphonesimulator/React-jsiexecutor\"\ \"/Users/antoniogrillo-balen/Library/Developer/Xcode/DerivedData/risebysolis-gzfsziqwziaggpcbgdowmssiasmi/Build/Products/Debug-iphonesimulator/React-jsinspector\"\ \"/Users/antoniogrillo-balen/Library/Developer/Xcode/DerivedData/risebysolis-gzfsziqwziaggpcbgdowmssiasmi/Build/Products/Debug-iphonesimulator/React-logger\"\ \"/Users/antoniogrillo-balen/Library/Developer/Xcode/DerivedData/risebysolis-gzfsziqwziaggpcbgdowmssiasmi/Build/Products/Debug-iphonesimulator/React-microtasksnativemodule\"\ \"/Users/antoniogrillo-balen/Library/Developer/Xcode/DerivedData/risebysolis-gzfsziqwziaggpcbgdowmssiasmi/Build/Products/Debug-iphonesimulator/React-nativeconfig\"\ \"/Users/antoniogrillo-balen/Library/Developer/Xcode/DerivedData/risebysolis-gzfsziqwziaggpcbgdowmssiasmi/Build/Products/Debug-iphonesimulator/React-perflogger\"\ \"/Users/antoniogrillo-balen/Library/Developer/Xcode/DerivedData/risebysolis-gzfsziqwziaggpcbgdowmssiasmi/Build/Products/Debug-iphonesimulator/React-performancetimeline\"\ \"/Users/antoniogrillo-balen/Library/Developer/Xcode/DerivedData/risebysolis-gzfsziqwziaggpcbgdowmssiasmi/Build/Products/Debug-iphonesimulator/React-rendererconsistency\"\ \"/Users/antoniogrillo-balen/Library/Developer/Xcode/DerivedData/risebysolis-gzfsziqwziaggpcbgdowmssiasmi/Build/Products/Debug-iphonesimulator/React-rendererdebug\"\ \"/Users/antoniogrillo-balen/Library/Developer/Xcode/DerivedData/risebysolis-gzfsziqwziaggpcbgdowmssiasmi/Build/Products/Debug-iphonesimulator/React-runtimescheduler\"\ \"/Users/antoniogrillo-balen/Library/Developer/Xcode/DerivedData/risebysolis-gzfsziqwziaggpcbgdowmssiasmi/Build/Products/Debug-iphonesimulator/React-utils\"\ \"/Users/antoniogrillo-balen/Library/Developer/Xcode/DerivedData/risebysolis-gzfsziqwziaggpcbgdowmssiasmi/Build/Products/Debug-iphonesimulator/ReactCodegen\"\ \"/Users/antoniogrillo-balen/Library/Developer/Xcode/DerivedData/risebysolis-gzfsziqwziaggpcbgdowmssiasmi/Build/Products/Debug-iphonesimulator/ReactCommon\"\ \"/Users/antoniogrillo-balen/Library/Developer/Xcode/DerivedData/risebysolis-gzfsziqwziaggpcbgdowmssiasmi/Build/Products/Debug-iphonesimulator/SocketRocket\"\ \"/Users/antoniogrillo-balen/Library/Developer/Xcode/DerivedData/risebysolis-gzfsziqwziaggpcbgdowmssiasmi/Build/Products/Debug-iphonesimulator/Yoga\"\ \"/Users/antoniogrillo-balen/Library/Developer/Xcode/DerivedData/risebysolis-gzfsziqwziaggpcbgdowmssiasmi/Build/Products/Debug-iphonesimulator/fmt\"\ \"/Users/antoniogrillo-balen/Library/Developer/Xcode/DerivedData/risebysolis-gzfsziqwziaggpcbgdowmssiasmi/Build/Products/Debug-iphonesimulator/glog\"\ \"/Users/antoniogrillo-balen/Desktop/Projects/RiseBuild/ios/Pods/hermes-engine/destroot/Library/Frameworks/universal\"\ \"/Users/antoniogrillo-balen/Library/Developer/Xcode/DerivedData/risebysolis-gzfsziqwziaggpcbgdowmssiasmi/Build/Products/Debug-iphonesimulator/XCFrameworkIntermediates/hermes-engine/Pre-built\"
    export FRAMEWORK_VERSION\=A
    export FULL_PRODUCT_NAME\=React_defaultsnativemodule.framework
    export FUSE_BUILD_PHASES\=YES
    export FUSE_BUILD_SCRIPT_PHASES\=NO
    export GCC3_VERSION\=3.3
    export GCC_C_LANGUAGE_STANDARD\=gnu11
    export GCC_DYNAMIC_NO_PIC\=NO
    export GCC_INLINES_ARE_PRIVATE_EXTERN\=YES
    export GCC_NO_COMMON_BLOCKS\=YES
    export GCC_OBJC_LEGACY_DISPATCH\=YES
    export GCC_OPTIMIZATION_LEVEL\=0
    export GCC_PFE_FILE_C_DIALECTS\=c\ objective-c\ c++\ objective-c++
    export GCC_PREFIX_HEADER\=Target\ Support\ Files/React-defaultsnativemodule/React-defaultsnativemodule-prefix.pch
    export GCC_PREPROCESSOR_DEFINITIONS\=POD_CONFIGURATION_DEBUG\=1\ DEBUG\=1\ \ COCOAPODS\=1
    export GCC_TREAT_WARNINGS_AS_ERRORS\=NO
    export GCC_VERSION\=com.apple.compilers.llvm.clang.1_0
    export GCC_VERSION_IDENTIFIER\=com_apple_compilers_llvm_clang_1_0
    export GCC_WARN_64_TO_32_BIT_CONVERSION\=YES
    export GCC_WARN_ABOUT_RETURN_TYPE\=YES_ERROR
    export GCC_WARN_UNDECLARED_SELECTOR\=YES
    export GCC_WARN_UNINITIALIZED_AUTOS\=YES_AGGRESSIVE
    export GCC_WARN_UNUSED_FUNCTION\=YES
    export GCC_WARN_UNUSED_VARIABLE\=YES
    export GENERATED_MODULEMAP_DIR\=/Users/antoniogrillo-balen/Library/Developer/Xcode/DerivedData/risebysolis-gzfsziqwziaggpcbgdowmssiasmi/Build/Intermediates.noindex/GeneratedModuleMaps-iphonesimulator
    export GENERATE_INFOPLIST_FILE\=NO
    export GENERATE_INTERMEDIATE_TEXT_BASED_STUBS\=YES
    export GENERATE_PKGINFO_FILE\=NO
    export GENERATE_PRELINK_OBJECT_FILE\=NO
    export GENERATE_PROFILING_CODE\=NO
    export GENERATE_TEXT_BASED_STUBS\=NO
    export GID\=20
    export GROUP\=staff
    export HEADERMAP_INCLUDES_FLAT_ENTRIES_FOR_TARGET_BEING_BUILT\=YES
    export HEADERMAP_INCLUDES_FRAMEWORK_ENTRIES_FOR_ALL_PRODUCT_TYPES\=YES
    export HEADERMAP_INCLUDES_FRAMEWORK_ENTRIES_FOR_TARGETS_NOT_BEING_BUILT\=YES
    export HEADERMAP_INCLUDES_NONPUBLIC_NONPRIVATE_HEADERS\=YES
    export HEADERMAP_INCLUDES_PROJECT_HEADERS\=YES
    export HEADERMAP_USES_FRAMEWORK_PREFIX_ENTRIES\=YES
    export HEADERMAP_USES_VFS\=YES
    export HEADER_SEARCH_PATHS\=/Users/antoniogrillo-balen/Library/Developer/Xcode/DerivedData/risebysolis-gzfsziqwziaggpcbgdowmssiasmi/Build/Products/Debug-iphonesimulator/React-defaultsnativemodule/include\ \ /Users/antoniogrillo-balen/Library/Developer/Xcode/DerivedData/risebysolis-gzfsziqwziaggpcbgdowmssiasmi/Build/Products/Debug-iphonesimulator/ReactCommon/ReactCommon.framework/Headers\ /Users/antoniogrillo-balen/Library/Developer/Xcode/DerivedData/risebysolis-gzfsziqwziaggpcbgdowmssiasmi/Build/Products/Debug-iphonesimulator/ReactCommon/ReactCommon.framework/Headers/react/nativemodule/core\ /Users/antoniogrillo-balen/Library/Developer/Xcode/DerivedData/risebysolis-gzfsziqwziaggpcbgdowmssiasmi/Build/Products/Debug-iphonesimulator/ReactCommon-Samples/ReactCommon_Samples.framework/Headers\ /Users/antoniogrillo-balen/Library/Developer/Xcode/DerivedData/risebysolis-gzfsziqwziaggpcbgdowmssiasmi/Build/Products/Debug-iphonesimulator/ReactCommon-Samples/ReactCommon_Samples.framework/Headers/platform/ios\ /Users/antoniogrillo-balen/Library/Developer/Xcode/DerivedData/risebysolis-gzfsziqwziaggpcbgdowmssiasmi/Build/Products/Debug-iphonesimulator/React-Fabric/React_Fabric.framework/Headers/react/renderer/components/view/platform/cxx\ /Users/antoniogrillo-balen/Library/Developer/Xcode/DerivedData/risebysolis-gzfsziqwziaggpcbgdowmssiasmi/Build/Products/Debug-iphonesimulator/React-NativeModulesApple/React_NativeModulesApple.framework/Headers\ /Users/antoniogrillo-balen/Library/Developer/Xcode/DerivedData/risebysolis-gzfsziqwziaggpcbgdowmssiasmi/Build/Products/Debug-iphonesimulator/React-graphics/React_graphics.framework/Headers\ /Users/antoniogrillo-balen/Library/Developer/Xcode/DerivedData/risebysolis-gzfsziqwziaggpcbgdowmssiasmi/Build/Products/Debug-iphonesimulator/React-graphics/React_graphics.framework/Headers/react/renderer/graphics/platform/ios\ \"/Users/antoniogrillo-balen/Desktop/Projects/RiseBuild/ios/Pods/Headers/Public\"\ \"/Users/antoniogrillo-balen/Desktop/Projects/RiseBuild/ios/Pods/Headers/Public/FBLazyVector\"\ \"/Users/antoniogrillo-balen/Desktop/Projects/RiseBuild/ios/Pods/Headers/Public/RCTRequired\"\ \"/Users/antoniogrillo-balen/Desktop/Projects/RiseBuild/ios/Pods/Headers/Public/React-callinvoker\"\ \"/Users/antoniogrillo-balen/Desktop/Projects/RiseBuild/ios/Pods/Headers/Public/React-runtimeexecutor\"\ \"/Users/antoniogrillo-balen/Desktop/Projects/RiseBuild/ios/Pods/Headers/Public/React-timing\"\ \"/Users/antoniogrillo-balen/Desktop/Projects/RiseBuild/ios/Pods/Headers/Public/boost\"\ \"/Users/antoniogrillo-balen/Desktop/Projects/RiseBuild/ios/Pods/Headers/Public/fast_float\"\ \"/Users/antoniogrillo-balen/Desktop/Projects/RiseBuild/ios/Pods/Headers/Public/hermes-engine\"\ \"/Users/antoniogrillo-balen/Desktop/Projects/RiseBuild/ios/Pods/../../node_modules/react-native/ReactCommon/react/nativemodule/defaults/../../..\"\ \"/Users/antoniogrillo-balen/Desktop/Projects/RiseBuild/ios/Pods/boost\"\ \"/Users/antoniogrillo-balen/Desktop/Projects/RiseBuild/ios/Pods/Headers/Private/Yoga\"\ \"/Users/antoniogrillo-balen/Desktop/Projects/RiseBuild/ios/Pods/DoubleConversion\"\ \"/Users/antoniogrillo-balen/Desktop/Projects/RiseBuild/ios/Pods/fast_float/include\"\ \"/Users/antoniogrillo-balen/Desktop/Projects/RiseBuild/ios/Pods/fmt/include\"\ \"/Users/antoniogrillo-balen/Library/Developer/Xcode/DerivedData/risebysolis-gzfsziqwziaggpcbgdowmssiasmi/Build/Products/Debug-iphonesimulator/React-graphics/React_graphics.framework/Headers\"\ \"/Users/antoniogrillo-balen/Library/Developer/Xcode/DerivedData/risebysolis-gzfsziqwziaggpcbgdowmssiasmi/Build/Products/Debug-iphonesimulator/React-graphics/React_graphics.framework/Headers/react/renderer/graphics/platform/ios\"\ \"/Users/antoniogrillo-balen/Library/Developer/Xcode/DerivedData/risebysolis-gzfsziqwziaggpcbgdowmssiasmi/Build/Products/Debug-iphonesimulator/React-Fabric/React_Fabric.framework/Headers\"\ \"/Users/antoniogrillo-balen/Library/Developer/Xcode/DerivedData/risebysolis-gzfsziqwziaggpcbgdowmssiasmi/Build/Products/Debug-iphonesimulator/React-Fabric/React_Fabric.framework/Headers/react/renderer/components/view/platform/cxx\"\ \"/Users/antoniogrillo-balen/Library/Developer/Xcode/DerivedData/risebysolis-gzfsziqwziaggpcbgdowmssiasmi/Build/Products/Debug-iphonesimulator/React-FabricImage/React_FabricImage.framework/Headers\"\ \"/Users/antoniogrillo-balen/Library/Developer/Xcode/DerivedData/risebysolis-gzfsziqwziaggpcbgdowmssiasmi/Build/Products/Debug-iphonesimulator/ReactCommon/ReactCommon.framework/Headers\"\ \"/Users/antoniogrillo-balen/Library/Developer/Xcode/DerivedData/risebysolis-gzfsziqwziaggpcbgdowmssiasmi/Build/Products/Debug-iphonesimulator/ReactCommon/ReactCommon.framework/Headers/react/nativemodule/core\"\ \"/Users/antoniogrillo-balen/Library/Developer/Xcode/DerivedData/risebysolis-gzfsziqwziaggpcbgdowmssiasmi/Build/Products/Debug-iphonesimulator/React-NativeModulesApple/React_NativeModulesApple.framework/Headers\"\ \"/Users/antoniogrillo-balen/Library/Developer/Xcode/DerivedData/risebysolis-gzfsziqwziaggpcbgdowmssiasmi/Build/Products/Debug-iphonesimulator/React-RCTFabric/RCTFabric.framework/Headers\"\ \"/Users/antoniogrillo-balen/Library/Developer/Xcode/DerivedData/risebysolis-gzfsziqwziaggpcbgdowmssiasmi/Build/Products/Debug-iphonesimulator/React-utils/React_utils.framework/Headers\"\ \"/Users/antoniogrillo-balen/Library/Developer/Xcode/DerivedData/risebysolis-gzfsziqwziaggpcbgdowmssiasmi/Build/Products/Debug-iphonesimulator/React-featureflags/React_featureflags.framework/Headers\"\ \"/Users/antoniogrillo-balen/Library/Developer/Xcode/DerivedData/risebysolis-gzfsziqwziaggpcbgdowmssiasmi/Build/Products/Debug-iphonesimulator/React-debug/React_debug.framework/Headers\"\ \"/Users/antoniogrillo-balen/Library/Developer/Xcode/DerivedData/risebysolis-gzfsziqwziaggpcbgdowmssiasmi/Build/Products/Debug-iphonesimulator/React-ImageManager/React_ImageManager.framework/Headers\"\ \"/Users/antoniogrillo-balen/Library/Developer/Xcode/DerivedData/risebysolis-gzfsziqwziaggpcbgdowmssiasmi/Build/Products/Debug-iphonesimulator/React-rendererdebug/React_rendererdebug.framework/Headers\"\ \"/Users/antoniogrillo-balen/Desktop/Projects/RiseBuild/ios/Pods/RCT-Folly\"\ \"/Users/antoniogrillo-balen/Desktop/Projects/RiseBuild/ios/Pods/DoubleConversion\"\ \"/Users/antoniogrillo-balen/Desktop/Projects/RiseBuild/ios/Pods/fast_float/include\"\ \"/Users/antoniogrillo-balen/Desktop/Projects/RiseBuild/ios/Pods/fmt/include\"\ \"/Users/antoniogrillo-balen/Desktop/Projects/RiseBuild/ios/Pods/boost\"\ \"/Users/antoniogrillo-balen/Library/Developer/Xcode/DerivedData/risebysolis-gzfsziqwziaggpcbgdowmssiasmi/Build/Products/Debug-iphonesimulator/ReactCodegen/ReactCodegen.framework/Headers\"\ \"/Users/antoniogrillo-balen/Library/Developer/Xcode/DerivedData/risebysolis-gzfsziqwziaggpcbgdowmssiasmi/Build/Products/Debug-iphonesimulator/ReactCommon/ReactCommon.framework/Headers\"\ \"/Users/antoniogrillo-balen/Library/Developer/Xcode/DerivedData/risebysolis-gzfsziqwziaggpcbgdowmssiasmi/Build/Products/Debug-iphonesimulator/ReactCommon/ReactCommon.framework/Headers/react/nativemodule/core\"\ \"/Users/antoniogrillo-balen/Library/Developer/Xcode/DerivedData/risebysolis-gzfsziqwziaggpcbgdowmssiasmi/Build/Products/Debug-iphonesimulator/React-RCTFabric/RCTFabric.framework/Headers\"\ \"/Users/antoniogrillo-balen/Library/Developer/Xcode/DerivedData/risebysolis-gzfsziqwziaggpcbgdowmssiasmi/Build/Products/Debug-iphonesimulator/React-Fabric/React_Fabric.framework/Headers\"\ \"/Users/antoniogrillo-balen/Library/Developer/Xcode/DerivedData/risebysolis-gzfsziqwziaggpcbgdowmssiasmi/Build/Products/Debug-iphonesimulator/React-Fabric/React_Fabric.framework/Headers/react/renderer/components/view/platform/cxx\"\ \"/Users/antoniogrillo-balen/Library/Developer/Xcode/DerivedData/risebysolis-gzfsziqwziaggpcbgdowmssiasmi/Build/Products/Debug-iphonesimulator/React-FabricImage/React_FabricImage.framework/Headers\"\ \"/Users/antoniogrillo-balen/Library/Developer/Xcode/DerivedData/risebysolis-gzfsziqwziaggpcbgdowmssiasmi/Build/Products/Debug-iphonesimulator/React-Graphics/React_graphics.framework/Headers\"\ \"/Users/antoniogrillo-balen/Library/Developer/Xcode/DerivedData/risebysolis-gzfsziqwziaggpcbgdowmssiasmi/Build/Products/Debug-iphonesimulator/React-Graphics/React_graphics.framework/Headers/react/renderer/graphics/platform/ios\"\ \"/Users/antoniogrillo-balen/Library/Developer/Xcode/DerivedData/risebysolis-gzfsziqwziaggpcbgdowmssiasmi/Build/Products/Debug-iphonesimulator/React-Fabric/React_Fabric.framework/Headers/react/renderer/imagemanager/platform/ios\"
    export HOME\=/Users/antoniogrillo-balen
    export HOST_ARCH\=arm64
    export HOST_PLATFORM\=macosx
    export ICONV\=/usr/bin/iconv
    export IMPLICIT_DEPENDENCY_DOMAIN\=default
    export INDEX_STORE_COMPRESS\=NO
    export INDEX_STORE_ONLY_PROJECT_FILES\=NO
    export INFOPLIST_ENABLE_CFBUNDLEICONS_MERGE\=YES
    export INFOPLIST_EXPAND_BUILD_SETTINGS\=YES
    export INFOPLIST_FILE\=Target\ Support\ Files/React-defaultsnativemodule/React-defaultsnativemodule-Info.plist
    export INFOPLIST_OUTPUT_FORMAT\=binary
    export INFOPLIST_PATH\=React_defaultsnativemodule.framework/Info.plist
    export INFOPLIST_PREPROCESS\=NO
    export INFOSTRINGS_PATH\=React_defaultsnativemodule.framework/en.lproj/InfoPlist.strings
    export INLINE_PRIVATE_FRAMEWORKS\=NO
    export INSTALLAPI_IGNORE_SKIP_INSTALL\=YES
    export INSTALLHDRS_COPY_PHASE\=NO
    export INSTALLHDRS_SCRIPT_PHASE\=NO
    export INSTALL_DIR\=/tmp/Pods.dst/Library/Frameworks
    export INSTALL_GROUP\=staff
    export INSTALL_MODE_FLAG\=u+w,go-w,a+rX
    export INSTALL_OWNER\=antoniogrillo-balen
    export INSTALL_PATH\=/Library/Frameworks
    export INSTALL_ROOT\=/tmp/Pods.dst
    export IPHONEOS_DEPLOYMENT_TARGET\=15.1
    export IS_UNOPTIMIZED_BUILD\=YES
    export JAVAC_DEFAULT_FLAGS\=-J-Xms64m\ -J-XX:NewSize\=4M\ -J-Dfile.encoding\=UTF8
    export JAVA_APP_STUB\=/System/Library/Frameworks/JavaVM.framework/Resources/MacOS/JavaApplicationStub
    export JAVA_ARCHIVE_CLASSES\=YES
    export JAVA_ARCHIVE_TYPE\=JAR
    export JAVA_COMPILER\=/usr/bin/javac
    export JAVA_FOLDER_PATH\=React_defaultsnativemodule.framework/Java
    export JAVA_FRAMEWORK_RESOURCES_DIRS\=Resources
    export JAVA_JAR_FLAGS\=cv
    export JAVA_SOURCE_SUBDIR\=.
    export JAVA_USE_DEPENDENCIES\=YES
    export JAVA_ZIP_FLAGS\=-urg
    export JIKES_DEFAULT_FLAGS\=+E\ +OLDCSO
    export KEEP_PRIVATE_EXTERNS\=NO
    export LD_DEPENDENCY_INFO_FILE\=/Users/antoniogrillo-balen/Library/Developer/Xcode/DerivedData/risebysolis-gzfsziqwziaggpcbgdowmssiasmi/Build/Intermediates.noindex/Pods.build/Debug-iphonesimulator/React-defaultsnativemodule.build/Objects-normal/undefined_arch/React_defaultsnativemodule_dependency_info.dat
    export LD_DYLIB_INSTALL_NAME\=@rpath/React_defaultsnativemodule.framework/React_defaultsnativemodule
    export LD_EXPORT_SYMBOLS\=YES
    export LD_GENERATE_MAP_FILE\=NO
    export LD_MAP_FILE_PATH\=/Users/antoniogrillo-balen/Library/Developer/Xcode/DerivedData/risebysolis-gzfsziqwziaggpcbgdowmssiasmi/Build/Intermediates.noindex/Pods.build/Debug-iphonesimulator/React-defaultsnativemodule.build/React_defaultsnativemodule-LinkMap-normal-undefined_arch.txt
    export LD_NO_PIE\=NO
    export LD_QUOTE_LINKER_ARGUMENTS_FOR_COMPILER_DRIVER\=YES
    export LD_RUNPATH_SEARCH_PATHS\=\ @executable_path/Frameworks\ @loader_path/Frameworks
    export LD_SHARED_CACHE_ELIGIBLE\=Automatic
    export LD_WARN_DUPLICATE_LIBRARIES\=NO
    export LD_WARN_UNUSED_DYLIBS\=NO
    export LEGACY_DEVELOPER_DIR\=/Applications/Xcode.app/Contents/PlugIns/Xcode3Core.ideplugin/Contents/SharedSupport/Developer
    export LEX\=lex
    export LIBRARY_DEXT_INSTALL_PATH\=/Library/DriverExtensions
    export LIBRARY_FLAG_NOSPACE\=YES
    export LIBRARY_FLAG_PREFIX\=-l
    export LIBRARY_KEXT_INSTALL_PATH\=/Library/Extensions
    export LIBRARY_SEARCH_PATHS\=/Users/antoniogrillo-balen/Library/Developer/Xcode/DerivedData/risebysolis-gzfsziqwziaggpcbgdowmssiasmi/Build/Products/Debug-iphonesimulator/React-defaultsnativemodule\ 
    export LINKER_DISPLAYS_MANGLED_NAMES\=NO
    export LINK_FILE_LIST_normal_arm64\=/Users/antoniogrillo-balen/Library/Developer/Xcode/DerivedData/risebysolis-gzfsziqwziaggpcbgdowmssiasmi/Build/Intermediates.noindex/Pods.build/Debug-iphonesimulator/React-defaultsnativemodule.build/Objects-normal/arm64/React_defaultsnativemodule.LinkFileList
    export LINK_OBJC_RUNTIME\=YES
    export LINK_WITH_STANDARD_LIBRARIES\=YES
    export LLVM_TARGET_TRIPLE_OS_VERSION\=ios15.1
    export LLVM_TARGET_TRIPLE_SUFFIX\=-simulator
    export LLVM_TARGET_TRIPLE_VENDOR\=apple
    export LM_AUX_CONST_METADATA_LIST_PATH_normal_arm64\=/Users/antoniogrillo-balen/Library/Developer/Xcode/DerivedData/risebysolis-gzfsziqwziaggpcbgdowmssiasmi/Build/Intermediates.noindex/Pods.build/Debug-iphonesimulator/React-defaultsnativemodule.build/Objects-normal/arm64/React_defaultsnativemodule.SwiftConstValuesFileList
    export LOCALIZATION_EXPORT_SUPPORTED\=YES
    export LOCALIZATION_PREFERS_STRING_CATALOGS\=NO
    export LOCALIZED_RESOURCES_FOLDER_PATH\=React_defaultsnativemodule.framework/en.lproj
    export LOCALIZED_STRING_CODE_COMMENTS\=NO
    export LOCALIZED_STRING_MACRO_NAMES\=NSLocalizedString\ CFCopyLocalizedString
    export LOCALIZED_STRING_SWIFTUI_SUPPORT\=YES
    export LOCAL_ADMIN_APPS_DIR\=/Applications/Utilities
    export LOCAL_APPS_DIR\=/Applications
    export LOCAL_DEVELOPER_DIR\=/Library/Developer
    export LOCAL_LIBRARY_DIR\=/Library
    export LOCROOT\=/Users/antoniogrillo-balen/Desktop/Projects/RiseBuild/ios/Pods
    export LOCSYMROOT\=/Users/antoniogrillo-balen/Desktop/Projects/RiseBuild/ios/Pods
    export MACH_O_TYPE\=staticlib
    export MAC_OS_X_PRODUCT_BUILD_VERSION\=25E253
    export MAC_OS_X_VERSION_ACTUAL\=260401
    export MAC_OS_X_VERSION_MAJOR\=260000
    export MAC_OS_X_VERSION_MINOR\=260400
    export MAKE_MERGEABLE\=NO
    export MERGEABLE_LIBRARY\=NO
    export MERGED_BINARY_TYPE\=none
    export MERGE_LINKED_LIBRARIES\=NO
    export METAL_LIBRARY_FILE_BASE\=default
    export METAL_LIBRARY_OUTPUT_DIR\=/Users/antoniogrillo-balen/Library/Developer/Xcode/DerivedData/risebysolis-gzfsziqwziaggpcbgdowmssiasmi/Build/Products/Debug-iphonesimulator/React-defaultsnativemodule/React_defaultsnativemodule.framework
    export MODULEMAP_FILE\=Target\ Support\ Files/React-defaultsnativemodule/React-defaultsnativemodule.modulemap
    export MODULES_FOLDER_PATH\=React_defaultsnativemodule.framework/Modules
    export MODULE_CACHE_DIR\=/Users/antoniogrillo-balen/Library/Developer/Xcode/DerivedData/ModuleCache.noindex
    export MTL_ENABLE_DEBUG_INFO\=INCLUDE_SOURCE
    export MTL_FAST_MATH\=YES
    export NATIVE_ARCH\=arm64
    export NATIVE_ARCH_32_BIT\=arm
    export NATIVE_ARCH_64_BIT\=arm64
    export NATIVE_ARCH_ACTUAL\=arm64
    export NO_COMMON\=YES
    export OBJC_ABI_VERSION\=2
    export OBJECT_FILE_DIR\=/Users/antoniogrillo-balen/Library/Developer/Xcode/DerivedData/risebysolis-gzfsziqwziaggpcbgdowmssiasmi/Build/Intermediates.noindex/Pods.build/Debug-iphonesimulator/React-defaultsnativemodule.build/Objects
    export OBJECT_FILE_DIR_normal\=/Users/antoniogrillo-balen/Library/Developer/Xcode/DerivedData/risebysolis-gzfsziqwziaggpcbgdowmssiasmi/Build/Intermediates.noindex/Pods.build/Debug-iphonesimulator/React-defaultsnativemodule.build/Objects-normal
    export OBJROOT\=/Users/antoniogrillo-balen/Library/Developer/Xcode/DerivedData/risebysolis-gzfsziqwziaggpcbgdowmssiasmi/Build/Intermediates.noindex
    export ONLY_ACTIVE_ARCH\=YES
    export OS\=MACOS
    export OSAC\=/usr/bin/osacompile
    export OTHER_CPLUSPLUSFLAGS\=\ -DFOLLY_NO_CONFIG\ -DFOLLY_MOBILE\=1\ -DFOLLY_USE_LIBCPP\=1\ -DFOLLY_CFG_NO_COROUTINES\=1\ -DFOLLY_HAVE_CLOCK_GETTIME\=1\ -Wno-comma\ -Wno-shorten-64-to-32
    export OTHER_LDFLAGS\=\ \ 
    export PACKAGE_TYPE\=com.apple.package-type.wrapper.framework
    export PASCAL_STRINGS\=YES
    export PATH\=/Applications/Xcode.app/Contents/SharedFrameworks/SwiftBuild.framework/Versions/A/PlugIns/SWBBuildService.bundle/Contents/PlugIns/SWBUniversalPlatformPlugin.bundle/Contents/Frameworks/SWBUniversalPlatform.framework/Resources:/Applications/Xcode.app/Contents/Developer/Toolchains/XcodeDefault.xctoolchain/usr/bin:/Applications/Xcode.app/Contents/Developer/Toolchains/XcodeDefault.xctoolchain/usr/local/bin:/Applications/Xcode.app/Contents/Developer/Toolchains/XcodeDefault.xctoolchain/usr/libexec:/Applications/Xcode.app/Contents/Developer/Platforms/iPhoneSimulator.platform/usr/bin:/Applications/Xcode.app/Contents/Developer/Platforms/iPhoneSimulator.platform/usr/local/bin:/Applications/Xcode.app/Contents/Developer/Platforms/iPhoneSimulator.platform/Developer/usr/bin:/Applications/Xcode.app/Contents/Developer/Platforms/iPhoneSimulator.platform/Developer/usr/local/bin:/Applications/Xcode.app/Contents/Developer/usr/bin:/Applications/Xcode.app/Contents/Developer/usr/local/bin:/opt/homebrew/opt/ruby/bin:/opt/homebrew/lib/ruby/gems/4.0.0/bin:/opt/homebrew/bin:/opt/homebrew/sbin:/Users/antoniogrillo-balen/.nvm/versions/node/v24.14.1/bin:/Library/Frameworks/Python.framework/Versions/3.14/bin:/usr/local/bin:/System/Cryptexes/App/usr/bin:/usr/bin:/bin:/usr/sbin:/sbin:/var/run/com.apple.security.cryptexd/codex.system/bootstrap/usr/local/bin:/var/run/com.apple.security.cryptexd/codex.system/bootstrap/usr/bin:/var/run/com.apple.security.cryptexd/codex.system/bootstrap/usr/appleinternal/bin:/opt/pkg/env/active/bin:/opt/pmk/env/global/bin:/Library/Apple/usr/bin:/Applications/VMware\ Fusion.app/Contents/Public:/Users/antoniogrillo-balen/.cargo/bin:/Users/antoniogrillo-balen/.cache/plugins/.install-staging/25283474a0e0d4a060cb0e915c1ec54e3d41ef2e/cursor/repo/bin:/Users/antoniogrillo-balen/.claude/plugins/cache/claude-plugins-official/superpowers/5.1.0/bin:/Users/antoniogrillo-balen/.claude/plugins/cache/claude-plugins-official/frontend-design/unknown/bin:/Users/antoniogrillo-balen/.claude/plugins/cache/claude-plugins-official/code-simplifier/1.0.0/bin:/Users/antoniogrillo-balen/.claude/plugins/cache/claude-plugins-official/security-guidance/unknown/bin:/Users/antoniogrillo-balen/.claude/plugins/cache/thedotmack/claude-mem/12.1.1/bin
    export PATH_PREFIXES_EXCLUDED_FROM_HEADER_DEPENDENCIES\=/usr/include\ /usr/local/include\ /System/Library/Frameworks\ /System/Library/PrivateFrameworks\ /Applications/Xcode.app/Contents/Developer/Headers\ /Applications/Xcode.app/Contents/Developer/SDKs\ /Applications/Xcode.app/Contents/Developer/Platforms
    export PBDEVELOPMENTPLIST_PATH\=React_defaultsnativemodule.framework/pbdevelopment.plist
    export PER_ARCH_MODULE_FILE_DIR\=/Users/antoniogrillo-balen/Library/Developer/Xcode/DerivedData/risebysolis-gzfsziqwziaggpcbgdowmssiasmi/Build/Intermediates.noindex/Pods.build/Debug-iphonesimulator/React-defaultsnativemodule.build/Objects-normal/undefined_arch
    export PER_ARCH_OBJECT_FILE_DIR\=/Users/antoniogrillo-balen/Library/Developer/Xcode/DerivedData/risebysolis-gzfsziqwziaggpcbgdowmssiasmi/Build/Intermediates.noindex/Pods.build/Debug-iphonesimulator/React-defaultsnativemodule.build/Objects-normal/undefined_arch
    export PER_VARIANT_OBJECT_FILE_DIR\=/Users/antoniogrillo-balen/Library/Developer/Xcode/DerivedData/risebysolis-gzfsziqwziaggpcbgdowmssiasmi/Build/Intermediates.noindex/Pods.build/Debug-iphonesimulator/React-defaultsnativemodule.build/Objects-normal
    export PKGINFO_FILE_PATH\=/Users/antoniogrillo-balen/Library/Developer/Xcode/DerivedData/risebysolis-gzfsziqwziaggpcbgdowmssiasmi/Build/Intermediates.noindex/Pods.build/Debug-iphonesimulator/React-defaultsnativemodule.build/PkgInfo
    export PKGINFO_PATH\=React_defaultsnativemodule.framework/PkgInfo
    export PLATFORM_DEVELOPER_APPLICATIONS_DIR\=/Applications/Xcode.app/Contents/Developer/Platforms/iPhoneSimulator.platform/Developer/Applications
    export PLATFORM_DEVELOPER_BIN_DIR\=/Applications/Xcode.app/Contents/Developer/Platforms/iPhoneSimulator.platform/Developer/usr/bin
    export PLATFORM_DEVELOPER_LIBRARY_DIR\=/Applications/Xcode.app/Contents/Developer/Platforms/iPhoneSimulator.platform/Developer/Library
    export PLATFORM_DEVELOPER_SDK_DIR\=/Applications/Xcode.app/Contents/Developer/Platforms/iPhoneSimulator.platform/Developer/SDKs
    export PLATFORM_DEVELOPER_TOOLS_DIR\=/Applications/Xcode.app/Contents/Developer/Platforms/iPhoneSimulator.platform/Developer/Tools
    export PLATFORM_DEVELOPER_USR_DIR\=/Applications/Xcode.app/Contents/Developer/Platforms/iPhoneSimulator.platform/Developer/usr
    export PLATFORM_DIR\=/Applications/Xcode.app/Contents/Developer/Platforms/iPhoneSimulator.platform
    export PLATFORM_DISPLAY_NAME\=iOS\ Simulator
    export PLATFORM_FAMILY_NAME\=iOS
    export PLATFORM_NAME\=iphonesimulator
    export PLATFORM_PREFERRED_ARCH\=x86_64
    export PLATFORM_PRODUCT_BUILD_VERSION\=23F73
    export PLATFORM_REQUIRES_SWIFT_AUTOLINK_EXTRACT\=NO
    export PLATFORM_REQUIRES_SWIFT_MODULEWRAP\=NO
    export PLATFORM_USES_DSYMS\=YES
    export PLIST_FILE_OUTPUT_FORMAT\=binary
    export PLUGINS_FOLDER_PATH\=React_defaultsnativemodule.framework/PlugIns
    export PODS_BUILD_DIR\=/Users/antoniogrillo-balen/Library/Developer/Xcode/DerivedData/risebysolis-gzfsziqwziaggpcbgdowmssiasmi/Build/Products
    export PODS_CONFIGURATION_BUILD_DIR\=/Users/antoniogrillo-balen/Library/Developer/Xcode/DerivedData/risebysolis-gzfsziqwziaggpcbgdowmssiasmi/Build/Products/Debug-iphonesimulator
    export PODS_DEVELOPMENT_LANGUAGE\=en
    export PODS_ROOT\=/Users/antoniogrillo-balen/Desktop/Projects/RiseBuild/ios/Pods
    export PODS_TARGET_SRCROOT\=/Users/antoniogrillo-balen/Desktop/Projects/RiseBuild/ios/Pods/../../node_modules/react-native/ReactCommon/react/nativemodule/defaults
    export PODS_XCFRAMEWORKS_BUILD_DIR\=/Users/antoniogrillo-balen/Library/Developer/Xcode/DerivedData/risebysolis-gzfsziqwziaggpcbgdowmssiasmi/Build/Products/Debug-iphonesimulator/XCFrameworkIntermediates
    export PRECOMPS_INCLUDE_HEADERS_FROM_BUILT_PRODUCTS_DIR\=YES
    export PRECOMP_DESTINATION_DIR\=/Users/antoniogrillo-balen/Library/Developer/Xcode/DerivedData/risebysolis-gzfsziqwziaggpcbgdowmssiasmi/Build/Intermediates.noindex/Pods.build/Debug-iphonesimulator/React-defaultsnativemodule.build/PrefixHeaders
    export PRIVATE_HEADERS_FOLDER_PATH\=React_defaultsnativemodule.framework/PrivateHeaders
    export PROCESSED_INFOPLIST_PATH\=/Users/antoniogrillo-balen/Library/Developer/Xcode/DerivedData/risebysolis-gzfsziqwziaggpcbgdowmssiasmi/Build/Intermediates.noindex/Pods.build/Debug-iphonesimulator/React-defaultsnativemodule.build/Objects-normal/undefined_arch/Processed-Info.plist
    export PRODUCT_BUNDLE_IDENTIFIER\=org.cocoapods.React-defaultsnativemodule
    export PRODUCT_BUNDLE_PACKAGE_TYPE\=FMWK
    export PRODUCT_MODULE_NAME\=React_defaultsnativemodule
    export PRODUCT_NAME\=React_defaultsnativemodule
    export PRODUCT_SETTINGS_PATH\=/Users/antoniogrillo-balen/Desktop/Projects/RiseBuild/ios/Pods/Target\ Support\ Files/React-defaultsnativemodule/React-defaultsnativemodule-Info.plist
    export PRODUCT_TYPE\=com.apple.product-type.framework
    export PROFILING_CODE\=NO
    export PROJECT\=Pods
    export PROJECT_DERIVED_FILE_DIR\=/Users/antoniogrillo-balen/Library/Developer/Xcode/DerivedData/risebysolis-gzfsziqwziaggpcbgdowmssiasmi/Build/Intermediates.noindex/Pods.build/DerivedSources
    export PROJECT_DIR\=/Users/antoniogrillo-balen/Desktop/Projects/RiseBuild/ios/Pods
    export PROJECT_FILE_PATH\=/Users/antoniogrillo-balen/Desktop/Projects/RiseBuild/ios/Pods/Pods.xcodeproj
    export PROJECT_GUID\=8699adb1dd336b26511df848a716bd42
    export PROJECT_NAME\=Pods
    export PROJECT_TEMP_DIR\=/Users/antoniogrillo-balen/Library/Developer/Xcode/DerivedData/risebysolis-gzfsziqwziaggpcbgdowmssiasmi/Build/Intermediates.noindex/Pods.build
    export PROJECT_TEMP_ROOT\=/Users/antoniogrillo-balen/Library/Developer/Xcode/DerivedData/risebysolis-gzfsziqwziaggpcbgdowmssiasmi/Build/Intermediates.noindex
    export PUBLIC_HEADERS_FOLDER_PATH\=React_defaultsnativemodule.framework/Headers
    export REACT_NATIVE_PATH\=/Users/antoniogrillo-balen/Desktop/Projects/RiseBuild/ios/Pods/../../node_modules/react-native
    export RECOMMENDED_IPHONEOS_DEPLOYMENT_TARGET\=15.0
    export RECURSIVE_SEARCH_PATHS_FOLLOW_SYMLINKS\=YES
    export REMOVE_CVS_FROM_RESOURCES\=YES
    export REMOVE_GIT_FROM_RESOURCES\=YES
    export REMOVE_HEADERS_FROM_EMBEDDED_BUNDLES\=YES
    export REMOVE_HG_FROM_RESOURCES\=YES
    export REMOVE_STATIC_EXECUTABLES_FROM_EMBEDDED_BUNDLES\=YES
    export REMOVE_SVN_FROM_RESOURCES\=YES
    export RESCHEDULE_INDEPENDENT_HEADERS_PHASES\=YES
    export REZ_COLLECTOR_DIR\=/Users/antoniogrillo-balen/Library/Developer/Xcode/DerivedData/risebysolis-gzfsziqwziaggpcbgdowmssiasmi/Build/Intermediates.noindex/Pods.build/Debug-iphonesimulator/React-defaultsnativemodule.build/ResourceManagerResources
    export REZ_OBJECTS_DIR\=/Users/antoniogrillo-balen/Library/Developer/Xcode/DerivedData/risebysolis-gzfsziqwziaggpcbgdowmssiasmi/Build/Intermediates.noindex/Pods.build/Debug-iphonesimulator/React-defaultsnativemodule.build/ResourceManagerResources/Objects
    export REZ_SEARCH_PATHS\=/Users/antoniogrillo-balen/Library/Developer/Xcode/DerivedData/risebysolis-gzfsziqwziaggpcbgdowmssiasmi/Build/Products/Debug-iphonesimulator/React-defaultsnativemodule\ 
    export RPATH_ORIGIN\=@loader_path
    export RUNTIME_EXCEPTION_ALLOW_DYLD_ENVIRONMENT_VARIABLES\=NO
    export RUNTIME_EXCEPTION_ALLOW_JIT\=NO
    export RUNTIME_EXCEPTION_ALLOW_UNSIGNED_EXECUTABLE_MEMORY\=NO
    export RUNTIME_EXCEPTION_DEBUGGING_TOOL\=NO
    export RUNTIME_EXCEPTION_DISABLE_EXECUTABLE_PAGE_PROTECTION\=NO
    export RUNTIME_EXCEPTION_DISABLE_LIBRARY_VALIDATION\=NO
    export SCANNING_PCM_KEEP_CACHE_DIRECTORY\=YES
    export SCAN_ALL_SOURCE_FILES_FOR_INCLUDES\=NO
    export SCRIPTS_FOLDER_PATH\=React_defaultsnativemodule.framework/Scripts
    export SCRIPT_INPUT_FILE_COUNT\=0
    export SCRIPT_INPUT_FILE_LIST_COUNT\=0
    export SCRIPT_OUTPUT_FILE_COUNT\=0
    export SCRIPT_OUTPUT_FILE_LIST_COUNT\=0
    export SDKROOT\=/Applications/Xcode.app/Contents/Developer/Platforms/iPhoneSimulator.platform/Developer/SDKs/iPhoneSimulator26.5.sdk
    export SDK_DIR\=/Applications/Xcode.app/Contents/Developer/Platforms/iPhoneSimulator.platform/Developer/SDKs/iPhoneSimulator26.5.sdk
    export SDK_DIR_iphonesimulator\=/Applications/Xcode.app/Contents/Developer/Platforms/iPhoneSimulator.platform/Developer/SDKs/iPhoneSimulator26.5.sdk
    export SDK_DIR_iphonesimulator26_5\=/Applications/Xcode.app/Contents/Developer/Platforms/iPhoneSimulator.platform/Developer/SDKs/iPhoneSimulator26.5.sdk
    export SDK_NAME\=iphonesimulator26.5
    export SDK_NAMES\=iphonesimulator26.5
    export SDK_PRODUCT_BUILD_VERSION\=23F73
    export SDK_STAT_CACHE_DIR\=/Users/antoniogrillo-balen/Library/Developer/Xcode/DerivedData
    export SDK_STAT_CACHE_ENABLE\=YES
    export SDK_STAT_CACHE_PATH\=/Users/antoniogrillo-balen/Library/Developer/Xcode/DerivedData/SDKStatCaches.noindex/iphonesimulator26.5-23F73-6cfe768891a92b912361537c460fe42b.sdkstatcache
    export SDK_VERSION\=26.5
    export SDK_VERSION_ACTUAL\=260500
    export SDK_VERSION_MAJOR\=260000
    export SDK_VERSION_MINOR\=260500
    export SED\=/usr/bin/sed
    export SEPARATE_STRIP\=NO
    export SEPARATE_SYMBOL_EDIT\=NO
    export SET_DIR_MODE_OWNER_GROUP\=YES
    export SET_FILE_MODE_OWNER_GROUP\=NO
    export SHALLOW_BUNDLE\=YES
    export SHALLOW_BUNDLE_TRIPLE\=ios-simulator
    export SHALLOW_BUNDLE_ios_macabi\=NO
    export SHALLOW_BUNDLE_macos\=NO
    export SHARED_DERIVED_FILE_DIR\=/Users/antoniogrillo-balen/Library/Developer/Xcode/DerivedData/risebysolis-gzfsziqwziaggpcbgdowmssiasmi/Build/Products/Debug-iphonesimulator/React-defaultsnativemodule/DerivedSources
    export SHARED_FRAMEWORKS_FOLDER_PATH\=React_defaultsnativemodule.framework/SharedFrameworks
    export SHARED_PRECOMPS_DIR\=/Users/antoniogrillo-balen/Library/Developer/Xcode/DerivedData/risebysolis-gzfsziqwziaggpcbgdowmssiasmi/Build/Intermediates.noindex/PrecompiledHeaders
    export SHARED_SUPPORT_FOLDER_PATH\=React_defaultsnativemodule.framework
    export SKIP_INSTALL\=YES
    export SKIP_MERGEABLE_LIBRARY_BUNDLE_HOOK\=NO
    export SOURCE_ROOT\=/Users/antoniogrillo-balen/Desktop/Projects/RiseBuild/ios/Pods
    export SRCROOT\=/Users/antoniogrillo-balen/Desktop/Projects/RiseBuild/ios/Pods
    export STRINGSDATA_DIR\=/Users/antoniogrillo-balen/Library/Developer/Xcode/DerivedData/risebysolis-gzfsziqwziaggpcbgdowmssiasmi/Build/Intermediates.noindex/Pods.build/Debug-iphonesimulator/React-defaultsnativemodule.build/Objects-normal/undefined_arch
    export STRINGSDATA_ROOT\=/Users/antoniogrillo-balen/Library/Developer/Xcode/DerivedData/risebysolis-gzfsziqwziaggpcbgdowmssiasmi/Build/Intermediates.noindex/Pods.build/Debug-iphonesimulator/React-defaultsnativemodule.build
    export STRINGS_FILE_INFOPLIST_RENAME\=YES
    export STRINGS_FILE_OUTPUT_ENCODING\=binary
    export STRING_CATALOG_GENERATE_SYMBOLS\=NO
    export STRIP_BITCODE_FROM_COPIED_FILES\=NO
    export STRIP_INSTALLED_PRODUCT\=NO
    export STRIP_STYLE\=debugging
    export STRIP_SWIFT_SYMBOLS\=YES
    export SUPPORTED_DEVICE_FAMILIES\=1,2
    export SUPPORTED_PLATFORMS\=iphoneos\ iphonesimulator
    export SUPPORTS_TEXT_BASED_API\=NO
    export SUPPRESS_WARNINGS\=NO
    export SWIFT_ACTIVE_COMPILATION_CONDITIONS\=\ DEBUG\ 
    export SWIFT_EMIT_CONST_VALUE_PROTOCOLS\=AnyResolverProviding\ AppEntity\ AppEnum\ AppExtension\ AppIntent\ AppIntentsPackage\ AppShortcutProviding\ AppShortcutsProvider\ AppUnionValue\ AppUnionValueCasesProviding\ DynamicOptionsProvider\ EntityQuery\ ExtensionPointDefining\ IntentValueQuery\ Resolver\ TransientEntity\ _AssistantIntentsProvider\ _GenerativeFunctionExtractable\ _IntentValueRepresentable
    export SWIFT_EMIT_LOC_STRINGS\=NO
    export SWIFT_ENABLE_EXPLICIT_MODULES\=YES
    export SWIFT_INSTALL_MODULE_FOR_DEPLOYMENT\=YES
    export SWIFT_INSTALL_OBJC_HEADER\=YES
    export SWIFT_OPTIMIZATION_LEVEL\=-Onone
    export SWIFT_PLATFORM_TARGET_PREFIX\=ios
    export SWIFT_RESPONSE_FILE_PATH_normal_arm64\=/Users/antoniogrillo-balen/Library/Developer/Xcode/DerivedData/risebysolis-gzfsziqwziaggpcbgdowmssiasmi/Build/Intermediates.noindex/Pods.build/Debug-iphonesimulator/React-defaultsnativemodule.build/Objects-normal/arm64/React_defaultsnativemodule.SwiftFileList
    export SWIFT_VERSION\=5.0
    export SYMROOT\=/Users/antoniogrillo-balen/Library/Developer/Xcode/DerivedData/risebysolis-gzfsziqwziaggpcbgdowmssiasmi/Build/Products
    export SYSTEM_ADMIN_APPS_DIR\=/Applications/Utilities
    export SYSTEM_APPS_DIR\=/Applications
    export SYSTEM_CORE_SERVICES_DIR\=/System/Library/CoreServices
    export SYSTEM_DEMOS_DIR\=/Applications/Extras
    export SYSTEM_DEVELOPER_APPS_DIR\=/Applications/Xcode.app/Contents/Developer/Applications
    export SYSTEM_DEVELOPER_BIN_DIR\=/Applications/Xcode.app/Contents/Developer/usr/bin
    export SYSTEM_DEVELOPER_DEMOS_DIR\=/Applications/Xcode.app/Contents/Developer/Applications/Utilities/Built\ Examples
    export SYSTEM_DEVELOPER_DIR\=/Applications/Xcode.app/Contents/Developer
    export SYSTEM_DEVELOPER_DOC_DIR\=/Applications/Xcode.app/Contents/Developer/ADC\ Reference\ Library
    export SYSTEM_DEVELOPER_GRAPHICS_TOOLS_DIR\=/Applications/Xcode.app/Contents/Developer/Applications/Graphics\ Tools
    export SYSTEM_DEVELOPER_JAVA_TOOLS_DIR\=/Applications/Xcode.app/Contents/Developer/Applications/Java\ Tools
    export SYSTEM_DEVELOPER_PERFORMANCE_TOOLS_DIR\=/Applications/Xcode.app/Contents/Developer/Applications/Performance\ Tools
    export SYSTEM_DEVELOPER_RELEASENOTES_DIR\=/Applications/Xcode.app/Contents/Developer/ADC\ Reference\ Library/releasenotes
    export SYSTEM_DEVELOPER_TOOLS\=/Applications/Xcode.app/Contents/Developer/Tools
    export SYSTEM_DEVELOPER_TOOLS_DOC_DIR\=/Applications/Xcode.app/Contents/Developer/ADC\ Reference\ Library/documentation/DeveloperTools
    export SYSTEM_DEVELOPER_TOOLS_RELEASENOTES_DIR\=/Applications/Xcode.app/Contents/Developer/ADC\ Reference\ Library/releasenotes/DeveloperTools
    export SYSTEM_DEVELOPER_USR_DIR\=/Applications/Xcode.app/Contents/Developer/usr
    export SYSTEM_DEVELOPER_UTILITIES_DIR\=/Applications/Xcode.app/Contents/Developer/Applications/Utilities
    export SYSTEM_DEXT_INSTALL_PATH\=/System/Library/DriverExtensions
    export SYSTEM_DOCUMENTATION_DIR\=/Library/Documentation
    export SYSTEM_EXTENSIONS_FOLDER_PATH\=React_defaultsnativemodule.framework/SystemExtensions
    export SYSTEM_EXTENSIONS_FOLDER_PATH_SHALLOW_BUNDLE_NO\=React_defaultsnativemodule.framework/Library/SystemExtensions
    export SYSTEM_EXTENSIONS_FOLDER_PATH_SHALLOW_BUNDLE_YES\=React_defaultsnativemodule.framework/SystemExtensions
    export SYSTEM_KEXT_INSTALL_PATH\=/System/Library/Extensions
    export SYSTEM_LIBRARY_DIR\=/System/Library
    export TAPI_DEMANGLE\=YES
    export TAPI_ENABLE_PROJECT_HEADERS\=NO
    export TAPI_LANGUAGE\=objective-c
    export TAPI_LANGUAGE_STANDARD\=compiler-default
    export TAPI_USE_SRCROOT\=YES
    export TAPI_VERIFY_MODE\=Pedantic
    export TARGETED_DEVICE_FAMILY\=1,2
    export TARGETNAME\=React-defaultsnativemodule
    export TARGET_BUILD_DIR\=/Users/antoniogrillo-balen/Library/Developer/Xcode/DerivedData/risebysolis-gzfsziqwziaggpcbgdowmssiasmi/Build/Products/Debug-iphonesimulator/React-defaultsnativemodule
    export TARGET_DEVICE_IDENTIFIER\=0C333F8A-4681-4475-855E-6FFD70F12533
    export TARGET_DEVICE_MODEL\=iPhone16,2
    export TARGET_DEVICE_OS_VERSION\=26.4.1
    export TARGET_DEVICE_PLATFORM_NAME\=iphonesimulator
    export TARGET_NAME\=React-defaultsnativemodule
    export TARGET_TEMP_DIR\=/Users/antoniogrillo-balen/Library/Developer/Xcode/DerivedData/risebysolis-gzfsziqwziaggpcbgdowmssiasmi/Build/Intermediates.noindex/Pods.build/Debug-iphonesimulator/React-defaultsnativemodule.build
    export TEMP_DIR\=/Users/antoniogrillo-balen/Library/Developer/Xcode/DerivedData/risebysolis-gzfsziqwziaggpcbgdowmssiasmi/Build/Intermediates.noindex/Pods.build/Debug-iphonesimulator/React-defaultsnativemodule.build
    export TEMP_FILES_DIR\=/Users/antoniogrillo-balen/Library/Developer/Xcode/DerivedData/risebysolis-gzfsziqwziaggpcbgdowmssiasmi/Build/Intermediates.noindex/Pods.build/Debug-iphonesimulator/React-defaultsnativemodule.build
    export TEMP_FILE_DIR\=/Users/antoniogrillo-balen/Library/Developer/Xcode/DerivedData/risebysolis-gzfsziqwziaggpcbgdowmssiasmi/Build/Intermediates.noindex/Pods.build/Debug-iphonesimulator/React-defaultsnativemodule.build
    export TEMP_ROOT\=/Users/antoniogrillo-balen/Library/Developer/Xcode/DerivedData/risebysolis-gzfsziqwziaggpcbgdowmssiasmi/Build/Intermediates.noindex
    export TEMP_SANDBOX_DIR\=/Users/antoniogrillo-balen/Library/Developer/Xcode/DerivedData/risebysolis-gzfsziqwziaggpcbgdowmssiasmi/Build/Intermediates.noindex/TemporaryTaskSandboxes
    export TEST_FRAMEWORK_SEARCH_PATHS\=\ /Applications/Xcode.app/Contents/Developer/Platforms/iPhoneSimulator.platform/Developer/Library/Frameworks\ /Applications/Xcode.app/Contents/Developer/Platforms/iPhoneSimulator.platform/Developer/SDKs/iPhoneSimulator26.5.sdk/Developer/Library/Frameworks
    export TEST_LIBRARY_SEARCH_PATHS\=\ /Applications/Xcode.app/Contents/Developer/Platforms/iPhoneSimulator.platform/Developer/usr/lib
    export TOOLCHAINS\=com.apple.dt.toolchain.XcodeDefault
    export TOOLCHAIN_DIR\=/Applications/Xcode.app/Contents/Developer/Toolchains/XcodeDefault.xctoolchain
    export TREAT_MISSING_BASELINES_AS_TEST_FAILURES\=NO
    export TREAT_MISSING_SCRIPT_PHASE_OUTPUTS_AS_ERRORS\=NO
    export TeamIdentifierPrefix\=FAKETEAMID.
    export UID\=501
    export UNINSTALLED_PRODUCTS_DIR\=/Users/antoniogrillo-balen/Library/Developer/Xcode/DerivedData/risebysolis-gzfsziqwziaggpcbgdowmssiasmi/Build/Intermediates.noindex/UninstalledProducts
    export UNLOCALIZED_RESOURCES_FOLDER_PATH\=React_defaultsnativemodule.framework
    export UNLOCALIZED_RESOURCES_FOLDER_PATH_SHALLOW_BUNDLE_NO\=React_defaultsnativemodule.framework/Resources
    export UNLOCALIZED_RESOURCES_FOLDER_PATH_SHALLOW_BUNDLE_YES\=React_defaultsnativemodule.framework
    export UNSTRIPPED_PRODUCT\=NO
    export USER\=antoniogrillo-balen
    export USER_APPS_DIR\=/Users/antoniogrillo-balen/Applications
    export USER_LIBRARY_DIR\=/Users/antoniogrillo-balen/Library
    export USE_DYNAMIC_NO_PIC\=YES
    export USE_HEADERMAP\=YES
    export USE_HEADER_SYMLINKS\=NO
    export USE_HERMES\=true
    export USE_RECURSIVE_SCRIPT_INPUTS_IN_SCRIPT_PHASES\=YES
    export VALIDATE_DEVELOPMENT_ASSET_PATHS\=YES_ERROR
    export VALIDATE_PRODUCT\=NO
    export VALID_ARCHS\=arm64\ x86_64
    export VERBOSE_PBXCP\=NO
    export VERSIONING_SYSTEM\=apple-generic
    export VERSIONPLIST_PATH\=React_defaultsnativemodule.framework/version.plist
    export VERSIONS_FOLDER_PATH\=React_defaultsnativemodule.framework
    export VERSIONS_FOLDER_PATH_SHALLOW_BUNDLE_NO\=React_defaultsnativemodule.framework/Versions
    export VERSIONS_FOLDER_PATH_SHALLOW_BUNDLE_YES\=React_defaultsnativemodule.framework
    export VERSION_INFO_BUILDER\=antoniogrillo-balen
    export VERSION_INFO_FILE\=React_defaultsnativemodule_vers.c
    export VERSION_INFO_STRING\=\"@\(\#\)PROGRAM:React_defaultsnativemodule\ \ PROJECT:Pods-1\"
    export WORKSPACE_DIR\=/Users/antoniogrillo-balen/Desktop/Projects/RiseBuild/ios
    export WRAPPER_EXTENSION\=framework
    export WRAPPER_NAME\=React_defaultsnativemodule.framework
    export WRAPPER_SUFFIX\=.framework
    export WRAP_ASSET_PACKS_IN_SEPARATE_DIRECTORIES\=NO
    export XCODE_APP_SUPPORT_DIR\=/Applications/Xcode.app/Contents/Developer/Library/Xcode
    export XCODE_PRODUCT_BUILD_VERSION\=17F42
    export XCODE_VERSION_ACTUAL\=2650
    export XCODE_VERSION_MAJOR\=2600
    export XCODE_VERSION_MINOR\=2650
    export XPCSERVICES_FOLDER_PATH\=React_defaultsnativemodule.framework/XPCServices
    export YACC\=yacc
    export _DISCOVER_COMMAND_LINE_LINKER_INPUTS\=YES
    export _DISCOVER_COMMAND_LINE_LINKER_INPUTS_INCLUDE_WL\=YES
    export _LD_MULTIARCH\=YES
    export _WRAPPER_CONTENTS_DIR_SHALLOW_BUNDLE_NO\=/Contents
    export _WRAPPER_PARENT_PATH_SHALLOW_BUNDLE_NO\=/..
    export _WRAPPER_RESOURCES_DIR_SHALLOW_BUNDLE_NO\=/Resources
    export __DIAGNOSE_DEPRECATED_ARCHS\=YES
    export __ORIGINAL_SDK_DEFINED_LLVM_TARGET_TRIPLE_SYS\=ios
    export arch\=undefined_arch
    export variant\=normal
    /bin/sh -c /Users/antoniogrillo-balen/Library/Developer/Xcode/DerivedData/risebysolis-gzfsziqwziaggpcbgdowmssiasmi/Build/Intermediates.noindex/Pods.build/Debug-iphonesimulator/React-defaultsnativemodule.build/Script-46EB2E0002A8A0.sh

ProcessInfoPlistFile /Users/antoniogrillo-balen/Library/Developer/Xcode/DerivedData/risebysolis-gzfsziqwziaggpcbgdowmssiasmi/Build/Products/Debug-iphonesimulator/React-RuntimeApple/React_RuntimeApple.framework/Info.plist /Users/antoniogrillo-balen/Desktop/Projects/RiseBuild/ios/Pods/Target\ Support\ Files/React-RuntimeApple/React-RuntimeApple-Info.plist (in target 'React-RuntimeApple' from project 'Pods')
    cd /Users/antoniogrillo-balen/Desktop/Projects/RiseBuild/ios/Pods
    builtin-infoPlistUtility /Users/antoniogrillo-balen/Desktop/Projects/RiseBuild/ios/Pods/Target\ Support\ Files/React-RuntimeApple/React-RuntimeApple-Info.plist -producttype com.apple.product-type.framework -expandbuildsettings -format binary -platform iphonesimulator -o /Users/antoniogrillo-balen/Library/Developer/Xcode/DerivedData/risebysolis-gzfsziqwziaggpcbgdowmssiasmi/Build/Products/Debug-iphonesimulator/React-RuntimeApple/React_RuntimeApple.framework/Info.plist

ProcessInfoPlistFile /Users/antoniogrillo-balen/Library/Developer/Xcode/DerivedData/risebysolis-gzfsziqwziaggpcbgdowmssiasmi/Build/Products/Debug-iphonesimulator/React-defaultsnativemodule/React_defaultsnativemodule.framework/Info.plist /Users/antoniogrillo-balen/Desktop/Projects/RiseBuild/ios/Pods/Target\ Support\ Files/React-defaultsnativemodule/React-defaultsnativemodule-Info.plist (in target 'React-defaultsnativemodule' from project 'Pods')
    cd /Users/antoniogrillo-balen/Desktop/Projects/RiseBuild/ios/Pods
    builtin-infoPlistUtility /Users/antoniogrillo-balen/Desktop/Projects/RiseBuild/ios/Pods/Target\ Support\ Files/React-defaultsnativemodule/React-defaultsnativemodule-Info.plist -producttype com.apple.product-type.framework -expandbuildsettings -format binary -platform iphonesimulator -o /Users/antoniogrillo-balen/Library/Developer/Xcode/DerivedData/risebysolis-gzfsziqwziaggpcbgdowmssiasmi/Build/Products/Debug-iphonesimulator/React-defaultsnativemodule/React_defaultsnativemodule.framework/Info.plist

CodeSign /Users/antoniogrillo-balen/Library/Developer/Xcode/DerivedData/risebysolis-gzfsziqwziaggpcbgdowmssiasmi/Build/Products/Debug-iphonesimulator/React-defaultsnativemodule/React_defaultsnativemodule.framework (in target 'React-defaultsnativemodule' from project 'Pods')
    cd /Users/antoniogrillo-balen/Desktop/Projects/RiseBuild/ios/Pods
    
    Signing Identity:     "Sign to Run Locally"
    
    /usr/bin/codesign --force --sign - --timestamp\=none --generate-entitlement-der /Users/antoniogrillo-balen/Library/Developer/Xcode/DerivedData/risebysolis-gzfsziqwziaggpcbgdowmssiasmi/Build/Products/Debug-iphonesimulator/React-defaultsnativemodule/React_defaultsnativemodule.framework
note: Signing static framework with --generate-pre-encrypt-hashes (in target 'React-defaultsnativemodule' from project 'Pods')
/Users/antoniogrillo-balen/Library/Developer/Xcode/DerivedData/risebysolis-gzfsziqwziaggpcbgdowmssiasmi/Build/Products/Debug-iphonesimulator/React-defaultsnativemodule/React_defaultsnativemodule.framework: replacing existing signature

ProcessInfoPlistFile /Users/antoniogrillo-balen/Library/Developer/Xcode/DerivedData/risebysolis-gzfsziqwziaggpcbgdowmssiasmi/Build/Products/Debug-iphonesimulator/React-RCTAppDelegate/React_RCTAppDelegate.framework/Info.plist /Users/antoniogrillo-balen/Desktop/Projects/RiseBuild/ios/Pods/Target\ Support\ Files/React-RCTAppDelegate/React-RCTAppDelegate-Info.plist (in target 'React-RCTAppDelegate' from project 'Pods')
    cd /Users/antoniogrillo-balen/Desktop/Projects/RiseBuild/ios/Pods
    builtin-infoPlistUtility /Users/antoniogrillo-balen/Desktop/Projects/RiseBuild/ios/Pods/Target\ Support\ Files/React-RCTAppDelegate/React-RCTAppDelegate-Info.plist -producttype com.apple.product-type.framework -expandbuildsettings -format binary -platform iphonesimulator -o /Users/antoniogrillo-balen/Library/Developer/Xcode/DerivedData/risebysolis-gzfsziqwziaggpcbgdowmssiasmi/Build/Products/Debug-iphonesimulator/React-RCTAppDelegate/React_RCTAppDelegate.framework/Info.plist

CompileC /Users/antoniogrillo-balen/Library/Developer/Xcode/DerivedData/risebysolis-gzfsziqwziaggpcbgdowmssiasmi/Build/Intermediates.noindex/Pods.build/Debug-iphonesimulator/React-RCTAppDelegate.build/Objects-normal/arm64/RCTAppSetupUtils.o /Users/antoniogrillo-balen/Desktop/Projects/RiseBuild/node_modules/react-native/Libraries/AppDelegate/RCTAppSetupUtils.mm normal arm64 objective-c++ com.apple.compilers.llvm.clang.1_0.compiler (in target 'React-RCTAppDelegate' from project 'Pods')
    cd /Users/antoniogrillo-balen/Desktop/Projects/RiseBuild/ios/Pods
    
    Using response file: /Users/antoniogrillo-balen/Library/Developer/Xcode/DerivedData/risebysolis-gzfsziqwziaggpcbgdowmssiasmi/Build/Intermediates.noindex/Pods.build/Debug-iphonesimulator/React-RCTAppDelegate.build/Objects-normal/arm64/af3fcb34312c57c0f52879cdce924b91-common-args.resp
    
    /Applications/Xcode.app/Contents/Developer/Toolchains/XcodeDefault.xctoolchain/usr/bin/clang -x objective-c++ -ivfsstatcache /Users/antoniogrillo-balen/Library/Developer/Xcode/DerivedData/SDKStatCaches.noindex/iphonesimulator26.5-23F73-6cfe768891a92b912361537c460fe42b.sdkstatcache -target arm64-apple-ios15.1-simulator -fmessage-length\=0 -fdiagnostics-show-note-include-stack -fmacro-backtrace-limit\=0 -fno-color-diagnostics -fmodules-prune-interval\=86400 -fmodules-prune-after\=345600 -fbuild-session-file\=/Users/antoniogrillo-balen/Library/Developer/Xcode/DerivedData/ModuleCache.noindex/Session.modulevalidation -fmodules-validate-once-per-build-session -Wnon-modular-include-in-framework-module -Werror\=non-modular-include-in-framework-module -Wno-trigraphs -Wno-missing-field-initializers -Wno-missing-prototypes -Werror\=return-type -Wdocumentation -Wunreachable-code -Wno-implicit-atomic-properties -Werror\=deprecated-objc-isa-usage -Wno-objc-interface-ivars -Werror\=objc-root-class -Wno-arc-repeated-use-of-weak -Wimplicit-retain-self -Wno-non-virtual-dtor -Wno-overloaded-virtual -Wno-exit-time-destructors -Wduplicate-method-match -Wno-missing-braces -Wparentheses -Wswitch -Wunused-function -Wno-unused-label -Wno-unused-parameter -Wunused-variable -Wunused-value -Wempty-body -Wuninitialized -Wconditional-uninitialized -Wno-unknown-pragmas -Wno-shadow -Wno-four-char-constants -Wno-conversion -Wconstant-conversion -Wint-conversion -Wbool-conversion -Wenum-conversion -Wno-float-conversion -Wnon-literal-null-conversion -Wobjc-literal-conversion -Wshorten-64-to-32 -Wno-newline-eof -Wno-selector -Wno-strict-selector-match -Wundeclared-selector -Wdeprecated-implementations -Wno-c++11-extensions -Wno-implicit-fallthrough -isysroot /Applications/Xcode.app/Contents/Developer/Platforms/iPhoneSimulator.platform/Developer/SDKs/iPhoneSimulator26.5.sdk -fstrict-aliasing -Wprotocol -Wdeprecated-declarations -Winvalid-offsetof -Wno-sign-conversion -Winfinite-recursion -Wmove -Wcomma -Wblock-capture-autoreleasing -Wstrict-prototypes -Wrange-loop-analysis -Wno-semicolon-before-method-body -Wunguarded-availability -index-store-path /Users/antoniogrillo-balen/Library/Developer/Xcode/DerivedData/risebysolis-gzfsziqwziaggpcbgdowmssiasmi/Index.noindex/DataStore -Wno-comma -Wno-shorten-64-to-32 @/Users/antoniogrillo-balen/Library/Developer/Xcode/DerivedData/risebysolis-gzfsziqwziaggpcbgdowmssiasmi/Build/Intermediates.noindex/Pods.build/Debug-iphonesimulator/React-RCTAppDelegate.build/Objects-normal/arm64/af3fcb34312c57c0f52879cdce924b91-common-args.resp -DFOLLY_NO_CONFIG -DFOLLY_MOBILE\=1 -DFOLLY_USE_LIBCPP\=1 -DFOLLY_CFG_NO_COROUTINES\=1 -DFOLLY_HAVE_CLOCK_GETTIME\=1 -Wno-comma -Wno-shorten-64-to-32 -DUSE_HERMES\=1 -include /Users/antoniogrillo-balen/Desktop/Projects/RiseBuild/ios/Pods/Target\ Support\ Files/React-RCTAppDelegate/React-RCTAppDelegate-prefix.pch -MMD -MT dependencies -MF /Users/antoniogrillo-balen/Library/Developer/Xcode/DerivedData/risebysolis-gzfsziqwziaggpcbgdowmssiasmi/Build/Intermediates.noindex/Pods.build/Debug-iphonesimulator/React-RCTAppDelegate.build/Objects-normal/arm64/RCTAppSetupUtils.d --serialize-diagnostics /Users/antoniogrillo-balen/Library/Developer/Xcode/DerivedData/risebysolis-gzfsziqwziaggpcbgdowmssiasmi/Build/Intermediates.noindex/Pods.build/Debug-iphonesimulator/React-RCTAppDelegate.build/Objects-normal/arm64/RCTAppSetupUtils.dia -c /Users/antoniogrillo-balen/Desktop/Projects/RiseBuild/node_modules/react-native/Libraries/AppDelegate/RCTAppSetupUtils.mm -o /Users/antoniogrillo-balen/Library/Developer/Xcode/DerivedData/risebysolis-gzfsziqwziaggpcbgdowmssiasmi/Build/Intermediates.noindex/Pods.build/Debug-iphonesimulator/React-RCTAppDelegate.build/Objects-normal/arm64/RCTAppSetupUtils.o -index-unit-output-path /Pods.build/Debug-iphonesimulator/React-RCTAppDelegate.build/Objects-normal/arm64/RCTAppSetupUtils.o
In file included from /Users/antoniogrillo-balen/Desktop/Projects/RiseBuild/node_modules/react-native/Libraries/AppDelegate/RCTAppSetupUtils.mm:24:
In file included from /Users/antoniogrillo-balen/Library/Developer/Xcode/DerivedData/risebysolis-gzfsziqwziaggpcbgdowmssiasmi/Build/Products/Debug-iphonesimulator/React-RCTFabric/RCTFabric.framework/Headers/React/RCTFabricSurface.h:9:
In file included from /Users/antoniogrillo-balen/Desktop/Projects/RiseBuild/node_modules/react-native/ReactCommon/react/renderer/scheduler/SurfaceHandler.h:14:
In file included from /Users/antoniogrillo-balen/Desktop/Projects/RiseBuild/node_modules/react-native/ReactCommon/react/renderer/core/LayoutContext.h:12:
In file included from /Users/antoniogrillo-balen/Desktop/Projects/RiseBuild/node_modules/react-native/ReactCommon/react/renderer/core/LayoutableShadowNode.h:20:
/Users/antoniogrillo-balen/Library/Developer/Xcode/DerivedData/risebysolis-gzfsziqwziaggpcbgdowmssiasmi/Build/Products/Debug-iphonesimulator/React-graphics/React_graphics.framework/Headers/react/renderer/graphics/Transform.h:159:20: warning: empty paragraph passed to '@param' command [-Wdocumentation]
  159 |    * @param progress
      |      ~~~~~~~~~~~~~~^
  160 |    * @param lhs
      |    ~
/Users/antoniogrillo-balen/Library/Developer/Xcode/DerivedData/risebysolis-gzfsziqwziaggpcbgdowmssiasmi/Build/Products/Debug-iphonesimulator/React-graphics/React_graphics.framework/Headers/react/renderer/graphics/Transform.h:160:15: warning: empty paragraph passed to '@param' command [-Wdocumentation]
  160 |    * @param lhs
      |      ~~~~~~~~~^
  161 |    * @param rhs
      |    ~
/Users/antoniogrillo-balen/Library/Developer/Xcode/DerivedData/risebysolis-gzfsziqwziaggpcbgdowmssiasmi/Build/Products/Debug-iphonesimulator/React-graphics/React_graphics.framework/Headers/react/renderer/graphics/Transform.h:161:15: warning: empty paragraph passed to '@param' command [-Wdocumentation]
  161 |    * @param rhs
      |      ~~~~~~~~~^
  162 |    * @return
      |    ~
/Users/antoniogrillo-balen/Library/Developer/Xcode/DerivedData/risebysolis-gzfsziqwziaggpcbgdowmssiasmi/Build/Products/Debug-iphonesimulator/React-graphics/React_graphics.framework/Headers/react/renderer/graphics/Transform.h:162:13: warning: empty paragraph passed to '@return' command [-Wdocumentation]
  162 |    * @return
      |      ~~~~~~~^
/Users/antoniogrillo-balen/Library/Developer/Xcode/DerivedData/risebysolis-gzfsziqwziaggpcbgdowmssiasmi/Build/Products/Debug-iphonesimulator/React-graphics/React_graphics.framework/Headers/react/renderer/graphics/Transform.h:159:13: warning: parameter 'progress' not found in the function declaration [-Wdocumentation]
  159 |    * @param progress
      |             ^~~~~~~~
In file included from /Users/antoniogrillo-balen/Desktop/Projects/RiseBuild/node_modules/react-native/Libraries/AppDelegate/RCTAppSetupUtils.mm:25:
In file included from /Users/antoniogrillo-balen/Desktop/Projects/RiseBuild/node_modules/react-native/React/Base/Surface/SurfaceHostingView/RCTSurfaceHostingProxyRootView.h:13:
/Users/antoniogrillo-balen/Desktop/Projects/RiseBuild/node_modules/react-native/React/Base/Surface/SurfaceHostingView/RCTSurfaceHostingView.h:63:11: warning: parameter 'disabled:' not found in the function declaration [-Wdocumentation]
   63 |  * @param disabled: if `YES`, the auto-hide is disabled. Otherwise the loading view will be hidden automatically
      |           ^~~~~~~~~
/Users/antoniogrillo-balen/Desktop/Projects/RiseBuild/node_modules/react-native/React/Base/Surface/SurfaceHostingView/RCTSurfaceHostingView.h:63:11: note: did you mean 'disabled'?
   63 |  * @param disabled: if `YES`, the auto-hide is disabled. Otherwise the loading view will be hidden automatically
      |           ^~~~~~~~~
      |           disabled
6 warnings generated.

Libtool /Users/antoniogrillo-balen/Library/Developer/Xcode/DerivedData/risebysolis-gzfsziqwziaggpcbgdowmssiasmi/Build/Products/Debug-iphonesimulator/React-RCTAppDelegate/React_RCTAppDelegate.framework/React_RCTAppDelegate normal (in target 'React-RCTAppDelegate' from project 'Pods')
    cd /Users/antoniogrillo-balen/Desktop/Projects/RiseBuild/ios/Pods
    /Applications/Xcode.app/Contents/Developer/Toolchains/XcodeDefault.xctoolchain/usr/bin/libtool -static -arch_only arm64 -D -syslibroot /Applications/Xcode.app/Contents/Developer/Platforms/iPhoneSimulator.platform/Developer/SDKs/iPhoneSimulator26.5.sdk -L/Users/antoniogrillo-balen/Library/Developer/Xcode/DerivedData/risebysolis-gzfsziqwziaggpcbgdowmssiasmi/Build/Products/Debug-iphonesimulator/React-RCTAppDelegate -filelist /Users/antoniogrillo-balen/Library/Developer/Xcode/DerivedData/risebysolis-gzfsziqwziaggpcbgdowmssiasmi/Build/Intermediates.noindex/Pods.build/Debug-iphonesimulator/React-RCTAppDelegate.build/Objects-normal/arm64/React_RCTAppDelegate.LinkFileList -dependency_info /Users/antoniogrillo-balen/Library/Developer/Xcode/DerivedData/risebysolis-gzfsziqwziaggpcbgdowmssiasmi/Build/Intermediates.noindex/Pods.build/Debug-iphonesimulator/React-RCTAppDelegate.build/Objects-normal/arm64/React_RCTAppDelegate_libtool_dependency_info.dat -o /Users/antoniogrillo-balen/Library/Developer/Xcode/DerivedData/risebysolis-gzfsziqwziaggpcbgdowmssiasmi/Build/Products/Debug-iphonesimulator/React-RCTAppDelegate/React_RCTAppDelegate.framework/React_RCTAppDelegate

CodeSign /Users/antoniogrillo-balen/Library/Developer/Xcode/DerivedData/risebysolis-gzfsziqwziaggpcbgdowmssiasmi/Build/Products/Debug-iphonesimulator/React-RCTAppDelegate/React_RCTAppDelegate.framework (in target 'React-RCTAppDelegate' from project 'Pods')
    cd /Users/antoniogrillo-balen/Desktop/Projects/RiseBuild/ios/Pods
    
    Signing Identity:     "Sign to Run Locally"
    
    /usr/bin/codesign --force --sign - --timestamp\=none --generate-entitlement-der /Users/antoniogrillo-balen/Library/Developer/Xcode/DerivedData/risebysolis-gzfsziqwziaggpcbgdowmssiasmi/Build/Products/Debug-iphonesimulator/React-RCTAppDelegate/React_RCTAppDelegate.framework
note: Signing static framework with --generate-pre-encrypt-hashes (in target 'React-RCTAppDelegate' from project 'Pods')
/Users/antoniogrillo-balen/Library/Developer/Xcode/DerivedData/risebysolis-gzfsziqwziaggpcbgdowmssiasmi/Build/Products/Debug-iphonesimulator/React-RCTAppDelegate/React_RCTAppDelegate.framework: replacing existing signature

ProcessInfoPlistFile /Users/antoniogrillo-balen/Library/Developer/Xcode/DerivedData/risebysolis-gzfsziqwziaggpcbgdowmssiasmi/Build/Products/Debug-iphonesimulator/ExpoModulesCore/ExpoModulesCore.framework/Info.plist /Users/antoniogrillo-balen/Desktop/Projects/RiseBuild/ios/Pods/Target\ Support\ Files/ExpoModulesCore/ExpoModulesCore-Info.plist (in target 'ExpoModulesCore' from project 'Pods')
    cd /Users/antoniogrillo-balen/Desktop/Projects/RiseBuild/ios/Pods
    builtin-infoPlistUtility /Users/antoniogrillo-balen/Desktop/Projects/RiseBuild/ios/Pods/Target\ Support\ Files/ExpoModulesCore/ExpoModulesCore-Info.plist -producttype com.apple.product-type.framework -expandbuildsettings -format binary -platform iphonesimulator -o /Users/antoniogrillo-balen/Library/Developer/Xcode/DerivedData/risebysolis-gzfsziqwziaggpcbgdowmssiasmi/Build/Products/Debug-iphonesimulator/ExpoModulesCore/ExpoModulesCore.framework/Info.plist

ProcessInfoPlistFile /Users/antoniogrillo-balen/Library/Developer/Xcode/DerivedData/risebysolis-gzfsziqwziaggpcbgdowmssiasmi/Build/Products/Debug-iphonesimulator/EXApplication/ExpoApplication_privacy.bundle/Info.plist /Users/antoniogrillo-balen/Desktop/Projects/RiseBuild/ios/Pods/Target\ Support\ Files/EXApplication/ResourceBundle-ExpoApplication_privacy-EXApplication-Info.plist (in target 'EXApplication-ExpoApplication_privacy' from project 'Pods')
    cd /Users/antoniogrillo-balen/Desktop/Projects/RiseBuild/ios/Pods
    builtin-infoPlistUtility /Users/antoniogrillo-balen/Desktop/Projects/RiseBuild/ios/Pods/Target\ Support\ Files/EXApplication/ResourceBundle-ExpoApplication_privacy-EXApplication-Info.plist -producttype com.apple.product-type.bundle -expandbuildsettings -format binary -platform iphonesimulator -o /Users/antoniogrillo-balen/Library/Developer/Xcode/DerivedData/risebysolis-gzfsziqwziaggpcbgdowmssiasmi/Build/Products/Debug-iphonesimulator/EXApplication/ExpoApplication_privacy.bundle/Info.plist

ProcessInfoPlistFile /Users/antoniogrillo-balen/Library/Developer/Xcode/DerivedData/risebysolis-gzfsziqwziaggpcbgdowmssiasmi/Build/Products/Debug-iphonesimulator/EXApplication/EXApplication.framework/Info.plist /Users/antoniogrillo-balen/Desktop/Projects/RiseBuild/ios/Pods/Target\ Support\ Files/EXApplication/EXApplication-Info.plist (in target 'EXApplication' from project 'Pods')
    cd /Users/antoniogrillo-balen/Desktop/Projects/RiseBuild/ios/Pods
    builtin-infoPlistUtility /Users/antoniogrillo-balen/Desktop/Projects/RiseBuild/ios/Pods/Target\ Support\ Files/EXApplication/EXApplication-Info.plist -producttype com.apple.product-type.framework -expandbuildsettings -format binary -platform iphonesimulator -o /Users/antoniogrillo-balen/Library/Developer/Xcode/DerivedData/risebysolis-gzfsziqwziaggpcbgdowmssiasmi/Build/Products/Debug-iphonesimulator/EXApplication/EXApplication.framework/Info.plist

ProcessInfoPlistFile /Users/antoniogrillo-balen/Library/Developer/Xcode/DerivedData/risebysolis-gzfsziqwziaggpcbgdowmssiasmi/Build/Products/Debug-iphonesimulator/react-native-mmkv/react_native_mmkv.framework/Info.plist /Users/antoniogrillo-balen/Desktop/Projects/RiseBuild/ios/Pods/Target\ Support\ Files/react-native-mmkv/react-native-mmkv-Info.plist (in target 'react-native-mmkv' from project 'Pods')
    cd /Users/antoniogrillo-balen/Desktop/Projects/RiseBuild/ios/Pods
    builtin-infoPlistUtility /Users/antoniogrillo-balen/Desktop/Projects/RiseBuild/ios/Pods/Target\ Support\ Files/react-native-mmkv/react-native-mmkv-Info.plist -producttype com.apple.product-type.framework -expandbuildsettings -format binary -platform iphonesimulator -o /Users/antoniogrillo-balen/Library/Developer/Xcode/DerivedData/risebysolis-gzfsziqwziaggpcbgdowmssiasmi/Build/Products/Debug-iphonesimulator/react-native-mmkv/react_native_mmkv.framework/Info.plist

CompileC /Users/antoniogrillo-balen/Library/Developer/Xcode/DerivedData/risebysolis-gzfsziqwziaggpcbgdowmssiasmi/Build/Intermediates.noindex/Pods.build/Debug-iphonesimulator/react-native-mmkv.build/Objects-normal/arm64/MmkvPlatformContextModule.o /Users/antoniogrillo-balen/Desktop/Projects/RiseBuild/node_modules/react-native-mmkv/ios/MmkvPlatformContextModule.mm normal arm64 objective-c++ com.apple.compilers.llvm.clang.1_0.compiler (in target 'react-native-mmkv' from project 'Pods')
    cd /Users/antoniogrillo-balen/Desktop/Projects/RiseBuild/ios/Pods
    
    Using response file: /Users/antoniogrillo-balen/Library/Developer/Xcode/DerivedData/risebysolis-gzfsziqwziaggpcbgdowmssiasmi/Build/Intermediates.noindex/Pods.build/Debug-iphonesimulator/react-native-mmkv.build/Objects-normal/arm64/af3fcb34312c57c0f52879cdce924b91-common-args.resp
    
    /Applications/Xcode.app/Contents/Developer/Toolchains/XcodeDefault.xctoolchain/usr/bin/clang -x objective-c++ -ivfsstatcache /Users/antoniogrillo-balen/Library/Developer/Xcode/DerivedData/SDKStatCaches.noindex/iphonesimulator26.5-23F73-6cfe768891a92b912361537c460fe42b.sdkstatcache -target arm64-apple-ios15.1-simulator -fmessage-length\=0 -fdiagnostics-show-note-include-stack -fmacro-backtrace-limit\=0 -fno-color-diagnostics -fmodules-prune-interval\=86400 -fmodules-prune-after\=345600 -fbuild-session-file\=/Users/antoniogrillo-balen/Library/Developer/Xcode/DerivedData/ModuleCache.noindex/Session.modulevalidation -fmodules-validate-once-per-build-session -Wnon-modular-include-in-framework-module -Werror\=non-modular-include-in-framework-module -Wno-trigraphs -Wno-missing-field-initializers -Wno-missing-prototypes -Werror\=return-type -Wdocumentation -Wunreachable-code -Wno-implicit-atomic-properties -Werror\=deprecated-objc-isa-usage -Wno-objc-interface-ivars -Werror\=objc-root-class -Wno-arc-repeated-use-of-weak -Wno-non-virtual-dtor -Wno-overloaded-virtual -Wno-exit-time-destructors -Wduplicate-method-match -Wno-missing-braces -Wparentheses -Wswitch -Wunused-function -Wno-unused-label -Wno-unused-parameter -Wunused-variable -Wunused-value -Wempty-body -Wuninitialized -Wconditional-uninitialized -Wno-unknown-pragmas -Wno-shadow -Wno-four-char-constants -Wno-conversion -Wconstant-conversion -Wint-conversion -Wbool-conversion -Wenum-conversion -Wno-float-conversion -Wnon-literal-null-conversion -Wobjc-literal-conversion -Wshorten-64-to-32 -Wno-newline-eof -Wno-selector -Wno-strict-selector-match -Wundeclared-selector -Wdeprecated-implementations -Wno-c++11-extensions -Wno-implicit-fallthrough -isysroot /Applications/Xcode.app/Contents/Developer/Platforms/iPhoneSimulator.platform/Developer/SDKs/iPhoneSimulator26.5.sdk -fstrict-aliasing -Wprotocol -Wdeprecated-declarations -Winvalid-offsetof -Wno-sign-conversion -Winfinite-recursion -Wmove -Wcomma -Wblock-capture-autoreleasing -Wstrict-prototypes -Wrange-loop-analysis -Wno-semicolon-before-method-body -Wunguarded-availability -index-store-path /Users/antoniogrillo-balen/Library/Developer/Xcode/DerivedData/risebysolis-gzfsziqwziaggpcbgdowmssiasmi/Index.noindex/DataStore -Wno-comma -Wno-shorten-64-to-32 @/Users/antoniogrillo-balen/Library/Developer/Xcode/DerivedData/risebysolis-gzfsziqwziaggpcbgdowmssiasmi/Build/Intermediates.noindex/Pods.build/Debug-iphonesimulator/react-native-mmkv.build/Objects-normal/arm64/af3fcb34312c57c0f52879cdce924b91-common-args.resp -x objective-c++ -DFOLLY_NO_CONFIG -DFOLLY_MOBILE\=1 -DFOLLY_USE_LIBCPP\=1 -DFOLLY_CFG_NO_COROUTINES\=1 -DFOLLY_HAVE_CLOCK_GETTIME\=1 -Wno-comma -Wno-shorten-64-to-32 -include /Users/antoniogrillo-balen/Desktop/Projects/RiseBuild/ios/Pods/Target\ Support\ Files/react-native-mmkv/react-native-mmkv-prefix.pch -MMD -MT dependencies -MF /Users/antoniogrillo-balen/Library/Developer/Xcode/DerivedData/risebysolis-gzfsziqwziaggpcbgdowmssiasmi/Build/Intermediates.noindex/Pods.build/Debug-iphonesimulator/react-native-mmkv.build/Objects-normal/arm64/MmkvPlatformContextModule.d --serialize-diagnostics /Users/antoniogrillo-balen/Library/Developer/Xcode/DerivedData/risebysolis-gzfsziqwziaggpcbgdowmssiasmi/Build/Intermediates.noindex/Pods.build/Debug-iphonesimulator/react-native-mmkv.build/Objects-normal/arm64/MmkvPlatformContextModule.dia -c /Users/antoniogrillo-balen/Desktop/Projects/RiseBuild/node_modules/react-native-mmkv/ios/MmkvPlatformContextModule.mm -o /Users/antoniogrillo-balen/Library/Developer/Xcode/DerivedData/risebysolis-gzfsziqwziaggpcbgdowmssiasmi/Build/Intermediates.noindex/Pods.build/Debug-iphonesimulator/react-native-mmkv.build/Objects-normal/arm64/MmkvPlatformContextModule.o -index-unit-output-path /Pods.build/Debug-iphonesimulator/react-native-mmkv.build/Objects-normal/arm64/MmkvPlatformContextModule.o
In file included from /Users/antoniogrillo-balen/Desktop/Projects/RiseBuild/node_modules/react-native-mmkv/ios/MmkvPlatformContextModule.mm:8:
In file included from /Users/antoniogrillo-balen/Desktop/Projects/RiseBuild/node_modules/react-native-mmkv/ios/MmkvPlatformContext.h:11:
/Users/antoniogrillo-balen/Library/Developer/Xcode/DerivedData/risebysolis-gzfsziqwziaggpcbgdowmssiasmi/Build/Products/Debug-iphonesimulator/ReactCodegen/ReactCodegen.framework/Headers/RNMmkvSpec/RNMmkvSpec.h:36:13: warning: pointer is missing a nullability type specifier (_Nonnull, _Nullable, or _Null_unspecified) [-Wnullability-completeness]
   36 | - (NSString *)getBaseDirectory;
      |             ^
/Users/antoniogrillo-balen/Library/Developer/Xcode/DerivedData/risebysolis-gzfsziqwziaggpcbgdowmssiasmi/Build/Products/Debug-iphonesimulator/ReactCodegen/ReactCodegen.framework/Headers/RNMmkvSpec/RNMmkvSpec.h:36:13: note: insert '_Nullable' if the pointer may be null
   36 | - (NSString *)getBaseDirectory;
      |             ^
      |              _Nullable
/Users/antoniogrillo-balen/Library/Developer/Xcode/DerivedData/risebysolis-gzfsziqwziaggpcbgdowmssiasmi/Build/Products/Debug-iphonesimulator/ReactCodegen/ReactCodegen.framework/Headers/RNMmkvSpec/RNMmkvSpec.h:36:13: note: insert '_Nonnull' if the pointer should never be null
   36 | - (NSString *)getBaseDirectory;
      |             ^
      |              _Nonnull
/Users/antoniogrillo-balen/Library/Developer/Xcode/DerivedData/risebysolis-gzfsziqwziaggpcbgdowmssiasmi/Build/Products/Debug-iphonesimulator/ReactCodegen/ReactCodegen.framework/Headers/RNMmkvSpec/RNMmkvSpec.h:45:62: warning: pointer is missing a nullability type specifier (_Nonnull, _Nullable, or _Null_unspecified) [-Wnullability-completeness]
   45 | - (void)setEventEmitterCallback:(EventEmitterCallbackWrapper *)eventEmitterCallbackWrapper;
      |                                                              ^
/Users/antoniogrillo-balen/Library/Developer/Xcode/DerivedData/risebysolis-gzfsziqwziaggpcbgdowmssiasmi/Build/Products/Debug-iphonesimulator/ReactCodegen/ReactCodegen.framework/Headers/RNMmkvSpec/RNMmkvSpec.h:45:62: note: insert '_Nullable' if the pointer may be null
   45 | - (void)setEventEmitterCallback:(EventEmitterCallbackWrapper *)eventEmitterCallbackWrapper;
      |                                                              ^
      |                                                               _Nullable
/Users/antoniogrillo-balen/Library/Developer/Xcode/DerivedData/risebysolis-gzfsziqwziaggpcbgdowmssiasmi/Build/Products/Debug-iphonesimulator/ReactCodegen/ReactCodegen.framework/Headers/RNMmkvSpec/RNMmkvSpec.h:45:62: note: insert '_Nonnull' if the pointer should never be null
   45 | - (void)setEventEmitterCallback:(EventEmitterCallbackWrapper *)eventEmitterCallbackWrapper;
      |                                                              ^
      |                                                               _Nonnull
2 warnings generated.

CompileC /Users/antoniogrillo-balen/Library/Developer/Xcode/DerivedData/risebysolis-gzfsziqwziaggpcbgdowmssiasmi/Build/Intermediates.noindex/Pods.build/Debug-iphonesimulator/React-RCTSettings.build/Objects-normal/arm64/RCTSettingsManager.o /Users/antoniogrillo-balen/Desktop/Projects/RiseBuild/node_modules/react-native/Libraries/Settings/RCTSettingsManager.mm normal arm64 objective-c++ com.apple.compilers.llvm.clang.1_0.compiler (in target 'React-RCTSettings' from project 'Pods')
    cd /Users/antoniogrillo-balen/Desktop/Projects/RiseBuild/ios/Pods
    
    Using response file: /Users/antoniogrillo-balen/Library/Developer/Xcode/DerivedData/risebysolis-gzfsziqwziaggpcbgdowmssiasmi/Build/Intermediates.noindex/Pods.build/Debug-iphonesimulator/React-RCTSettings.build/Objects-normal/arm64/af3fcb34312c57c0f52879cdce924b91-common-args.resp
    
    /Applications/Xcode.app/Contents/Developer/Toolchains/XcodeDefault.xctoolchain/usr/bin/clang -x objective-c++ -ivfsstatcache /Users/antoniogrillo-balen/Library/Developer/Xcode/DerivedData/SDKStatCaches.noindex/iphonesimulator26.5-23F73-6cfe768891a92b912361537c460fe42b.sdkstatcache -target arm64-apple-ios15.1-simulator -fmessage-length\=0 -fdiagnostics-show-note-include-stack -fmacro-backtrace-limit\=0 -fno-color-diagnostics -fmodules-prune-interval\=86400 -fmodules-prune-after\=345600 -fbuild-session-file\=/Users/antoniogrillo-balen/Library/Developer/Xcode/DerivedData/ModuleCache.noindex/Session.modulevalidation -fmodules-validate-once-per-build-session -Wnon-modular-include-in-framework-module -Werror\=non-modular-include-in-framework-module -Wno-trigraphs -Wno-missing-field-initializers -Wno-missing-prototypes -Werror\=return-type -Wdocumentation -Wunreachable-code -Wno-implicit-atomic-properties -Werror\=deprecated-objc-isa-usage -Wno-objc-interface-ivars -Werror\=objc-root-class -Wno-arc-repeated-use-of-weak -Wimplicit-retain-self -Wno-non-virtual-dtor -Wno-overloaded-virtual -Wno-exit-time-destructors -Wduplicate-method-match -Wno-missing-braces -Wparentheses -Wswitch -Wunused-function -Wno-unused-label -Wno-unused-parameter -Wunused-variable -Wunused-value -Wempty-body -Wuninitialized -Wconditional-uninitialized -Wno-unknown-pragmas -Wno-shadow -Wno-four-char-constants -Wno-conversion -Wconstant-conversion -Wint-conversion -Wbool-conversion -Wenum-conversion -Wno-float-conversion -Wnon-literal-null-conversion -Wobjc-literal-conversion -Wshorten-64-to-32 -Wno-newline-eof -Wno-selector -Wno-strict-selector-match -Wundeclared-selector -Wdeprecated-implementations -Wno-c++11-extensions -Wno-implicit-fallthrough -isysroot /Applications/Xcode.app/Contents/Developer/Platforms/iPhoneSimulator.platform/Developer/SDKs/iPhoneSimulator26.5.sdk -fstrict-aliasing -Wprotocol -Wdeprecated-declarations -Winvalid-offsetof -Wno-sign-conversion -Winfinite-recursion -Wmove -Wcomma -Wblock-capture-autoreleasing -Wstrict-prototypes -Wrange-loop-analysis -Wno-semicolon-before-method-body -Wunguarded-availability -index-store-path /Users/antoniogrillo-balen/Library/Developer/Xcode/DerivedData/risebysolis-gzfsziqwziaggpcbgdowmssiasmi/Index.noindex/DataStore @/Users/antoniogrillo-balen/Library/Developer/Xcode/DerivedData/risebysolis-gzfsziqwziaggpcbgdowmssiasmi/Build/Intermediates.noindex/Pods.build/Debug-iphonesimulator/React-RCTSettings.build/Objects-normal/arm64/af3fcb34312c57c0f52879cdce924b91-common-args.resp -DFOLLY_NO_CONFIG -DFOLLY_MOBILE\=1 -DFOLLY_USE_LIBCPP\=1 -DFOLLY_CFG_NO_COROUTINES\=1 -DFOLLY_HAVE_CLOCK_GETTIME\=1 -Wno-comma -Wno-shorten-64-to-32 -Wno-nullability-completeness -include /Users/antoniogrillo-balen/Desktop/Projects/RiseBuild/ios/Pods/Target\ Support\ Files/React-RCTSettings/React-RCTSettings-prefix.pch -MMD -MT dependencies -MF /Users/antoniogrillo-balen/Library/Developer/Xcode/DerivedData/risebysolis-gzfsziqwziaggpcbgdowmssiasmi/Build/Intermediates.noindex/Pods.build/Debug-iphonesimulator/React-RCTSettings.build/Objects-normal/arm64/RCTSettingsManager.d --serialize-diagnostics /Users/antoniogrillo-balen/Library/Developer/Xcode/DerivedData/risebysolis-gzfsziqwziaggpcbgdowmssiasmi/Build/Intermediates.noindex/Pods.build/Debug-iphonesimulator/React-RCTSettings.build/Objects-normal/arm64/RCTSettingsManager.dia -c /Users/antoniogrillo-balen/Desktop/Projects/RiseBuild/node_modules/react-native/Libraries/Settings/RCTSettingsManager.mm -o /Users/antoniogrillo-balen/Library/Developer/Xcode/DerivedData/risebysolis-gzfsziqwziaggpcbgdowmssiasmi/Build/Intermediates.noindex/Pods.build/Debug-iphonesimulator/React-RCTSettings.build/Objects-normal/arm64/RCTSettingsManager.o -index-unit-output-path /Pods.build/Debug-iphonesimulator/React-RCTSettings.build/Objects-normal/arm64/RCTSettingsManager.o

CompileC /Users/antoniogrillo-balen/Library/Developer/Xcode/DerivedData/risebysolis-gzfsziqwziaggpcbgdowmssiasmi/Build/Intermediates.noindex/Pods.build/Debug-iphonesimulator/React-RCTLinking.build/Objects-normal/arm64/RCTLinkingManager.o /Users/antoniogrillo-balen/Desktop/Projects/RiseBuild/node_modules/react-native/Libraries/LinkingIOS/RCTLinkingManager.mm normal arm64 objective-c++ com.apple.compilers.llvm.clang.1_0.compiler (in target 'React-RCTLinking' from project 'Pods')
    cd /Users/antoniogrillo-balen/Desktop/Projects/RiseBuild/ios/Pods
    
    Using response file: /Users/antoniogrillo-balen/Library/Developer/Xcode/DerivedData/risebysolis-gzfsziqwziaggpcbgdowmssiasmi/Build/Intermediates.noindex/Pods.build/Debug-iphonesimulator/React-RCTLinking.build/Objects-normal/arm64/af3fcb34312c57c0f52879cdce924b91-common-args.resp
    
    /Applications/Xcode.app/Contents/Developer/Toolchains/XcodeDefault.xctoolchain/usr/bin/clang -x objective-c++ -ivfsstatcache /Users/antoniogrillo-balen/Library/Developer/Xcode/DerivedData/SDKStatCaches.noindex/iphonesimulator26.5-23F73-6cfe768891a92b912361537c460fe42b.sdkstatcache -target arm64-apple-ios15.1-simulator -fmessage-length\=0 -fdiagnostics-show-note-include-stack -fmacro-backtrace-limit\=0 -fno-color-diagnostics -fmodules-prune-interval\=86400 -fmodules-prune-after\=345600 -fbuild-session-file\=/Users/antoniogrillo-balen/Library/Developer/Xcode/DerivedData/ModuleCache.noindex/Session.modulevalidation -fmodules-validate-once-per-build-session -Wnon-modular-include-in-framework-module -Werror\=non-modular-include-in-framework-module -Wno-trigraphs -Wno-missing-field-initializers -Wno-missing-prototypes -Werror\=return-type -Wdocumentation -Wunreachable-code -Wno-implicit-atomic-properties -Werror\=deprecated-objc-isa-usage -Wno-objc-interface-ivars -Werror\=objc-root-class -Wno-arc-repeated-use-of-weak -Wimplicit-retain-self -Wno-non-virtual-dtor -Wno-overloaded-virtual -Wno-exit-time-destructors -Wduplicate-method-match -Wno-missing-braces -Wparentheses -Wswitch -Wunused-function -Wno-unused-label -Wno-unused-parameter -Wunused-variable -Wunused-value -Wempty-body -Wuninitialized -Wconditional-uninitialized -Wno-unknown-pragmas -Wno-shadow -Wno-four-char-constants -Wno-conversion -Wconstant-conversion -Wint-conversion -Wbool-conversion -Wenum-conversion -Wno-float-conversion -Wnon-literal-null-conversion -Wobjc-literal-conversion -Wshorten-64-to-32 -Wno-newline-eof -Wno-selector -Wno-strict-selector-match -Wundeclared-selector -Wdeprecated-implementations -Wno-c++11-extensions -Wno-implicit-fallthrough -isysroot /Applications/Xcode.app/Contents/Developer/Platforms/iPhoneSimulator.platform/Developer/SDKs/iPhoneSimulator26.5.sdk -fstrict-aliasing -Wprotocol -Wdeprecated-declarations -Winvalid-offsetof -Wno-sign-conversion -Winfinite-recursion -Wmove -Wcomma -Wblock-capture-autoreleasing -Wstrict-prototypes -Wrange-loop-analysis -Wno-semicolon-before-method-body -Wunguarded-availability -index-store-path /Users/antoniogrillo-balen/Library/Developer/Xcode/DerivedData/risebysolis-gzfsziqwziaggpcbgdowmssiasmi/Index.noindex/DataStore @/Users/antoniogrillo-balen/Library/Developer/Xcode/DerivedData/risebysolis-gzfsziqwziaggpcbgdowmssiasmi/Build/Intermediates.noindex/Pods.build/Debug-iphonesimulator/React-RCTLinking.build/Objects-normal/arm64/af3fcb34312c57c0f52879cdce924b91-common-args.resp -DFOLLY_NO_CONFIG -DFOLLY_MOBILE\=1 -DFOLLY_USE_LIBCPP\=1 -DFOLLY_CFG_NO_COROUTINES\=1 -DFOLLY_HAVE_CLOCK_GETTIME\=1 -Wno-comma -Wno-shorten-64-to-32 -Wno-nullability-completeness -include /Users/antoniogrillo-balen/Desktop/Projects/RiseBuild/ios/Pods/Target\ Support\ Files/React-RCTLinking/React-RCTLinking-prefix.pch -MMD -MT dependencies -MF /Users/antoniogrillo-balen/Library/Developer/Xcode/DerivedData/risebysolis-gzfsziqwziaggpcbgdowmssiasmi/Build/Intermediates.noindex/Pods.build/Debug-iphonesimulator/React-RCTLinking.build/Objects-normal/arm64/RCTLinkingManager.d --serialize-diagnostics /Users/antoniogrillo-balen/Library/Developer/Xcode/DerivedData/risebysolis-gzfsziqwziaggpcbgdowmssiasmi/Build/Intermediates.noindex/Pods.build/Debug-iphonesimulator/React-RCTLinking.build/Objects-normal/arm64/RCTLinkingManager.dia -c /Users/antoniogrillo-balen/Desktop/Projects/RiseBuild/node_modules/react-native/Libraries/LinkingIOS/RCTLinkingManager.mm -o /Users/antoniogrillo-balen/Library/Developer/Xcode/DerivedData/risebysolis-gzfsziqwziaggpcbgdowmssiasmi/Build/Intermediates.noindex/Pods.build/Debug-iphonesimulator/React-RCTLinking.build/Objects-normal/arm64/RCTLinkingManager.o -index-unit-output-path /Pods.build/Debug-iphonesimulator/React-RCTLinking.build/Objects-normal/arm64/RCTLinkingManager.o

ProcessInfoPlistFile /Users/antoniogrillo-balen/Library/Developer/Xcode/DerivedData/risebysolis-gzfsziqwziaggpcbgdowmssiasmi/Build/Products/Debug-iphonesimulator/RecaptchaInterop/RecaptchaInterop.framework/Info.plist /Users/antoniogrillo-balen/Desktop/Projects/RiseBuild/ios/Pods/Target\ Support\ Files/RecaptchaInterop/RecaptchaInterop-Info.plist (in target 'RecaptchaInterop' from project 'Pods')
    cd /Users/antoniogrillo-balen/Desktop/Projects/RiseBuild/ios/Pods
    builtin-infoPlistUtility /Users/antoniogrillo-balen/Desktop/Projects/RiseBuild/ios/Pods/Target\ Support\ Files/RecaptchaInterop/RecaptchaInterop-Info.plist -producttype com.apple.product-type.framework -expandbuildsettings -format binary -platform iphonesimulator -o /Users/antoniogrillo-balen/Library/Developer/Xcode/DerivedData/risebysolis-gzfsziqwziaggpcbgdowmssiasmi/Build/Products/Debug-iphonesimulator/RecaptchaInterop/RecaptchaInterop.framework/Info.plist

CompileC /Users/antoniogrillo-balen/Library/Developer/Xcode/DerivedData/risebysolis-gzfsziqwziaggpcbgdowmssiasmi/Build/Intermediates.noindex/Pods.build/Debug-iphonesimulator/React-RCTVibration.build/Objects-normal/arm64/RCTVibration.o /Users/antoniogrillo-balen/Desktop/Projects/RiseBuild/node_modules/react-native/Libraries/Vibration/RCTVibration.mm normal arm64 objective-c++ com.apple.compilers.llvm.clang.1_0.compiler (in target 'React-RCTVibration' from project 'Pods')
    cd /Users/antoniogrillo-balen/Desktop/Projects/RiseBuild/ios/Pods
    
    Using response file: /Users/antoniogrillo-balen/Library/Developer/Xcode/DerivedData/risebysolis-gzfsziqwziaggpcbgdowmssiasmi/Build/Intermediates.noindex/Pods.build/Debug-iphonesimulator/React-RCTVibration.build/Objects-normal/arm64/af3fcb34312c57c0f52879cdce924b91-common-args.resp
    
    /Applications/Xcode.app/Contents/Developer/Toolchains/XcodeDefault.xctoolchain/usr/bin/clang -x objective-c++ -ivfsstatcache /Users/antoniogrillo-balen/Library/Developer/Xcode/DerivedData/SDKStatCaches.noindex/iphonesimulator26.5-23F73-6cfe768891a92b912361537c460fe42b.sdkstatcache -target arm64-apple-ios15.1-simulator -fmessage-length\=0 -fdiagnostics-show-note-include-stack -fmacro-backtrace-limit\=0 -fno-color-diagnostics -fmodules-prune-interval\=86400 -fmodules-prune-after\=345600 -fbuild-session-file\=/Users/antoniogrillo-balen/Library/Developer/Xcode/DerivedData/ModuleCache.noindex/Session.modulevalidation -fmodules-validate-once-per-build-session -Wnon-modular-include-in-framework-module -Werror\=non-modular-include-in-framework-module -Wno-trigraphs -Wno-missing-field-initializers -Wno-missing-prototypes -Werror\=return-type -Wdocumentation -Wunreachable-code -Wno-implicit-atomic-properties -Werror\=deprecated-objc-isa-usage -Wno-objc-interface-ivars -Werror\=objc-root-class -Wno-arc-repeated-use-of-weak -Wimplicit-retain-self -Wno-non-virtual-dtor -Wno-overloaded-virtual -Wno-exit-time-destructors -Wduplicate-method-match -Wno-missing-braces -Wparentheses -Wswitch -Wunused-function -Wno-unused-label -Wno-unused-parameter -Wunused-variable -Wunused-value -Wempty-body -Wuninitialized -Wconditional-uninitialized -Wno-unknown-pragmas -Wno-shadow -Wno-four-char-constants -Wno-conversion -Wconstant-conversion -Wint-conversion -Wbool-conversion -Wenum-conversion -Wno-float-conversion -Wnon-literal-null-conversion -Wobjc-literal-conversion -Wshorten-64-to-32 -Wno-newline-eof -Wno-selector -Wno-strict-selector-match -Wundeclared-selector -Wdeprecated-implementations -Wno-c++11-extensions -Wno-implicit-fallthrough -isysroot /Applications/Xcode.app/Contents/Developer/Platforms/iPhoneSimulator.platform/Developer/SDKs/iPhoneSimulator26.5.sdk -fstrict-aliasing -Wprotocol -Wdeprecated-declarations -Winvalid-offsetof -Wno-sign-conversion -Winfinite-recursion -Wmove -Wcomma -Wblock-capture-autoreleasing -Wstrict-prototypes -Wrange-loop-analysis -Wno-semicolon-before-method-body -Wunguarded-availability -index-store-path /Users/antoniogrillo-balen/Library/Developer/Xcode/DerivedData/risebysolis-gzfsziqwziaggpcbgdowmssiasmi/Index.noindex/DataStore @/Users/antoniogrillo-balen/Library/Developer/Xcode/DerivedData/risebysolis-gzfsziqwziaggpcbgdowmssiasmi/Build/Intermediates.noindex/Pods.build/Debug-iphonesimulator/React-RCTVibration.build/Objects-normal/arm64/af3fcb34312c57c0f52879cdce924b91-common-args.resp -DFOLLY_NO_CONFIG -DFOLLY_MOBILE\=1 -DFOLLY_USE_LIBCPP\=1 -DFOLLY_CFG_NO_COROUTINES\=1 -DFOLLY_HAVE_CLOCK_GETTIME\=1 -Wno-comma -Wno-shorten-64-to-32 -Wno-nullability-completeness -include /Users/antoniogrillo-balen/Desktop/Projects/RiseBuild/ios/Pods/Target\ Support\ Files/React-RCTVibration/React-RCTVibration-prefix.pch -MMD -MT dependencies -MF /Users/antoniogrillo-balen/Library/Developer/Xcode/DerivedData/risebysolis-gzfsziqwziaggpcbgdowmssiasmi/Build/Intermediates.noindex/Pods.build/Debug-iphonesimulator/React-RCTVibration.build/Objects-normal/arm64/RCTVibration.d --serialize-diagnostics /Users/antoniogrillo-balen/Library/Developer/Xcode/DerivedData/risebysolis-gzfsziqwziaggpcbgdowmssiasmi/Build/Intermediates.noindex/Pods.build/Debug-iphonesimulator/React-RCTVibration.build/Objects-normal/arm64/RCTVibration.dia -c /Users/antoniogrillo-balen/Desktop/Projects/RiseBuild/node_modules/react-native/Libraries/Vibration/RCTVibration.mm -o /Users/antoniogrillo-balen/Library/Developer/Xcode/DerivedData/risebysolis-gzfsziqwziaggpcbgdowmssiasmi/Build/Intermediates.noindex/Pods.build/Debug-iphonesimulator/React-RCTVibration.build/Objects-normal/arm64/RCTVibration.o -index-unit-output-path /Pods.build/Debug-iphonesimulator/React-RCTVibration.build/Objects-normal/arm64/RCTVibration.o

ProcessInfoPlistFile /Users/antoniogrillo-balen/Library/Developer/Xcode/DerivedData/risebysolis-gzfsziqwziaggpcbgdowmssiasmi/Build/Products/Debug-iphonesimulator/react-native-safe-area-context/react_native_safe_area_context.framework/Info.plist /Users/antoniogrillo-balen/Desktop/Projects/RiseBuild/ios/Pods/Target\ Support\ Files/react-native-safe-area-context/react-native-safe-area-context-Info.plist (in target 'react-native-safe-area-context' from project 'Pods')
    cd /Users/antoniogrillo-balen/Desktop/Projects/RiseBuild/ios/Pods
    builtin-infoPlistUtility /Users/antoniogrillo-balen/Desktop/Projects/RiseBuild/ios/Pods/Target\ Support\ Files/react-native-safe-area-context/react-native-safe-area-context-Info.plist -producttype com.apple.product-type.framework -expandbuildsettings -format binary -platform iphonesimulator -o /Users/antoniogrillo-balen/Library/Developer/Xcode/DerivedData/risebysolis-gzfsziqwziaggpcbgdowmssiasmi/Build/Products/Debug-iphonesimulator/react-native-safe-area-context/react_native_safe_area_context.framework/Info.plist

CompileC /Users/antoniogrillo-balen/Library/Developer/Xcode/DerivedData/risebysolis-gzfsziqwziaggpcbgdowmssiasmi/Build/Intermediates.noindex/Pods.build/Debug-iphonesimulator/React-RCTAnimation.build/Objects-normal/arm64/RCTNativeAnimatedModule.o /Users/antoniogrillo-balen/Desktop/Projects/RiseBuild/node_modules/react-native/Libraries/NativeAnimation/RCTNativeAnimatedModule.mm normal arm64 objective-c++ com.apple.compilers.llvm.clang.1_0.compiler (in target 'React-RCTAnimation' from project 'Pods')
    cd /Users/antoniogrillo-balen/Desktop/Projects/RiseBuild/ios/Pods
    
    Using response file: /Users/antoniogrillo-balen/Library/Developer/Xcode/DerivedData/risebysolis-gzfsziqwziaggpcbgdowmssiasmi/Build/Intermediates.noindex/Pods.build/Debug-iphonesimulator/React-RCTAnimation.build/Objects-normal/arm64/af3fcb34312c57c0f52879cdce924b91-common-args.resp
    
    /Applications/Xcode.app/Contents/Developer/Toolchains/XcodeDefault.xctoolchain/usr/bin/clang -x objective-c++ -ivfsstatcache /Users/antoniogrillo-balen/Library/Developer/Xcode/DerivedData/SDKStatCaches.noindex/iphonesimulator26.5-23F73-6cfe768891a92b912361537c460fe42b.sdkstatcache -target arm64-apple-ios15.1-simulator -fmessage-length\=0 -fdiagnostics-show-note-include-stack -fmacro-backtrace-limit\=0 -fno-color-diagnostics -fmodules-prune-interval\=86400 -fmodules-prune-after\=345600 -fbuild-session-file\=/Users/antoniogrillo-balen/Library/Developer/Xcode/DerivedData/ModuleCache.noindex/Session.modulevalidation -fmodules-validate-once-per-build-session -Wnon-modular-include-in-framework-module -Werror\=non-modular-include-in-framework-module -Wno-trigraphs -Wno-missing-field-initializers -Wno-missing-prototypes -Werror\=return-type -Wdocumentation -Wunreachable-code -Wno-implicit-atomic-properties -Werror\=deprecated-objc-isa-usage -Wno-objc-interface-ivars -Werror\=objc-root-class -Wno-arc-repeated-use-of-weak -Wimplicit-retain-self -Wno-non-virtual-dtor -Wno-overloaded-virtual -Wno-exit-time-destructors -Wduplicate-method-match -Wno-missing-braces -Wparentheses -Wswitch -Wunused-function -Wno-unused-label -Wno-unused-parameter -Wunused-variable -Wunused-value -Wempty-body -Wuninitialized -Wconditional-uninitialized -Wno-unknown-pragmas -Wno-shadow -Wno-four-char-constants -Wno-conversion -Wconstant-conversion -Wint-conversion -Wbool-conversion -Wenum-conversion -Wno-float-conversion -Wnon-literal-null-conversion -Wobjc-literal-conversion -Wshorten-64-to-32 -Wno-newline-eof -Wno-selector -Wno-strict-selector-match -Wundeclared-selector -Wdeprecated-implementations -Wno-c++11-extensions -Wno-implicit-fallthrough -isysroot /Applications/Xcode.app/Contents/Developer/Platforms/iPhoneSimulator.platform/Developer/SDKs/iPhoneSimulator26.5.sdk -fstrict-aliasing -Wprotocol -Wdeprecated-declarations -Winvalid-offsetof -Wno-sign-conversion -Winfinite-recursion -Wmove -Wcomma -Wblock-capture-autoreleasing -Wstrict-prototypes -Wrange-loop-analysis -Wno-semicolon-before-method-body -Wunguarded-availability -index-store-path /Users/antoniogrillo-balen/Library/Developer/Xcode/DerivedData/risebysolis-gzfsziqwziaggpcbgdowmssiasmi/Index.noindex/DataStore @/Users/antoniogrillo-balen/Library/Developer/Xcode/DerivedData/risebysolis-gzfsziqwziaggpcbgdowmssiasmi/Build/Intermediates.noindex/Pods.build/Debug-iphonesimulator/React-RCTAnimation.build/Objects-normal/arm64/af3fcb34312c57c0f52879cdce924b91-common-args.resp -DFOLLY_NO_CONFIG -DFOLLY_MOBILE\=1 -DFOLLY_USE_LIBCPP\=1 -DFOLLY_CFG_NO_COROUTINES\=1 -DFOLLY_HAVE_CLOCK_GETTIME\=1 -Wno-comma -Wno-shorten-64-to-32 -Wno-nullability-completeness -include /Users/antoniogrillo-balen/Desktop/Projects/RiseBuild/ios/Pods/Target\ Support\ Files/React-RCTAnimation/React-RCTAnimation-prefix.pch -MMD -MT dependencies -MF /Users/antoniogrillo-balen/Library/Developer/Xcode/DerivedData/risebysolis-gzfsziqwziaggpcbgdowmssiasmi/Build/Intermediates.noindex/Pods.build/Debug-iphonesimulator/React-RCTAnimation.build/Objects-normal/arm64/RCTNativeAnimatedModule.d --serialize-diagnostics /Users/antoniogrillo-balen/Library/Developer/Xcode/DerivedData/risebysolis-gzfsziqwziaggpcbgdowmssiasmi/Build/Intermediates.noindex/Pods.build/Debug-iphonesimulator/React-RCTAnimation.build/Objects-normal/arm64/RCTNativeAnimatedModule.dia -c /Users/antoniogrillo-balen/Desktop/Projects/RiseBuild/node_modules/react-native/Libraries/NativeAnimation/RCTNativeAnimatedModule.mm -o /Users/antoniogrillo-balen/Library/Developer/Xcode/DerivedData/risebysolis-gzfsziqwziaggpcbgdowmssiasmi/Build/Intermediates.noindex/Pods.build/Debug-iphonesimulator/React-RCTAnimation.build/Objects-normal/arm64/RCTNativeAnimatedModule.o -index-unit-output-path /Pods.build/Debug-iphonesimulator/React-RCTAnimation.build/Objects-normal/arm64/RCTNativeAnimatedModule.o

ProcessInfoPlistFile /Users/antoniogrillo-balen/Library/Developer/Xcode/DerivedData/risebysolis-gzfsziqwziaggpcbgdowmssiasmi/Build/Products/Debug-iphonesimulator/React-RCTVibration/RCTVibration.framework/Info.plist /Users/antoniogrillo-balen/Desktop/Projects/RiseBuild/ios/Pods/Target\ Support\ Files/React-RCTVibration/React-RCTVibration-Info.plist (in target 'React-RCTVibration' from project 'Pods')
    cd /Users/antoniogrillo-balen/Desktop/Projects/RiseBuild/ios/Pods
    builtin-infoPlistUtility /Users/antoniogrillo-balen/Desktop/Projects/RiseBuild/ios/Pods/Target\ Support\ Files/React-RCTVibration/React-RCTVibration-Info.plist -producttype com.apple.product-type.framework -expandbuildsettings -format binary -platform iphonesimulator -o /Users/antoniogrillo-balen/Library/Developer/Xcode/DerivedData/risebysolis-gzfsziqwziaggpcbgdowmssiasmi/Build/Products/Debug-iphonesimulator/React-RCTVibration/RCTVibration.framework/Info.plist

ProcessInfoPlistFile /Users/antoniogrillo-balen/Library/Developer/Xcode/DerivedData/risebysolis-gzfsziqwziaggpcbgdowmssiasmi/Build/Products/Debug-iphonesimulator/React-RCTSettings/RCTSettings.framework/Info.plist /Users/antoniogrillo-balen/Desktop/Projects/RiseBuild/ios/Pods/Target\ Support\ Files/React-RCTSettings/React-RCTSettings-Info.plist (in target 'React-RCTSettings' from project 'Pods')
    cd /Users/antoniogrillo-balen/Desktop/Projects/RiseBuild/ios/Pods
    builtin-infoPlistUtility /Users/antoniogrillo-balen/Desktop/Projects/RiseBuild/ios/Pods/Target\ Support\ Files/React-RCTSettings/React-RCTSettings-Info.plist -producttype com.apple.product-type.framework -expandbuildsettings -format binary -platform iphonesimulator -o /Users/antoniogrillo-balen/Library/Developer/Xcode/DerivedData/risebysolis-gzfsziqwziaggpcbgdowmssiasmi/Build/Products/Debug-iphonesimulator/React-RCTSettings/RCTSettings.framework/Info.plist

ProcessInfoPlistFile /Users/antoniogrillo-balen/Library/Developer/Xcode/DerivedData/risebysolis-gzfsziqwziaggpcbgdowmssiasmi/Build/Products/Debug-iphonesimulator/React-RCTLinking/RCTLinking.framework/Info.plist /Users/antoniogrillo-balen/Desktop/Projects/RiseBuild/ios/Pods/Target\ Support\ Files/React-RCTLinking/React-RCTLinking-Info.plist (in target 'React-RCTLinking' from project 'Pods')
    cd /Users/antoniogrillo-balen/Desktop/Projects/RiseBuild/ios/Pods
    builtin-infoPlistUtility /Users/antoniogrillo-balen/Desktop/Projects/RiseBuild/ios/Pods/Target\ Support\ Files/React-RCTLinking/React-RCTLinking-Info.plist -producttype com.apple.product-type.framework -expandbuildsettings -format binary -platform iphonesimulator -o /Users/antoniogrillo-balen/Library/Developer/Xcode/DerivedData/risebysolis-gzfsziqwziaggpcbgdowmssiasmi/Build/Products/Debug-iphonesimulator/React-RCTLinking/RCTLinking.framework/Info.plist

ProcessInfoPlistFile /Users/antoniogrillo-balen/Library/Developer/Xcode/DerivedData/risebysolis-gzfsziqwziaggpcbgdowmssiasmi/Build/Products/Debug-iphonesimulator/React-RCTAnimation/RCTAnimation.framework/Info.plist /Users/antoniogrillo-balen/Desktop/Projects/RiseBuild/ios/Pods/Target\ Support\ Files/React-RCTAnimation/React-RCTAnimation-Info.plist (in target 'React-RCTAnimation' from project 'Pods')
    cd /Users/antoniogrillo-balen/Desktop/Projects/RiseBuild/ios/Pods
    builtin-infoPlistUtility /Users/antoniogrillo-balen/Desktop/Projects/RiseBuild/ios/Pods/Target\ Support\ Files/React-RCTAnimation/React-RCTAnimation-Info.plist -producttype com.apple.product-type.framework -expandbuildsettings -format binary -platform iphonesimulator -o /Users/antoniogrillo-balen/Library/Developer/Xcode/DerivedData/risebysolis-gzfsziqwziaggpcbgdowmssiasmi/Build/Products/Debug-iphonesimulator/React-RCTAnimation/RCTAnimation.framework/Info.plist

ProcessInfoPlistFile /Users/antoniogrillo-balen/Library/Developer/Xcode/DerivedData/risebysolis-gzfsziqwziaggpcbgdowmssiasmi/Build/Products/Debug-iphonesimulator/RNScreens/RNScreens.framework/Info.plist /Users/antoniogrillo-balen/Desktop/Projects/RiseBuild/ios/Pods/Target\ Support\ Files/RNScreens/RNScreens-Info.plist (in target 'RNScreens' from project 'Pods')
    cd /Users/antoniogrillo-balen/Desktop/Projects/RiseBuild/ios/Pods
    builtin-infoPlistUtility /Users/antoniogrillo-balen/Desktop/Projects/RiseBuild/ios/Pods/Target\ Support\ Files/RNScreens/RNScreens-Info.plist -producttype com.apple.product-type.framework -expandbuildsettings -format binary -platform iphonesimulator -o /Users/antoniogrillo-balen/Library/Developer/Xcode/DerivedData/risebysolis-gzfsziqwziaggpcbgdowmssiasmi/Build/Products/Debug-iphonesimulator/RNScreens/RNScreens.framework/Info.plist

ProcessInfoPlistFile /Users/antoniogrillo-balen/Library/Developer/Xcode/DerivedData/risebysolis-gzfsziqwziaggpcbgdowmssiasmi/Build/Products/Debug-iphonesimulator/RNReanimated/RNReanimated.framework/Info.plist /Users/antoniogrillo-balen/Desktop/Projects/RiseBuild/ios/Pods/Target\ Support\ Files/RNReanimated/RNReanimated-Info.plist (in target 'RNReanimated' from project 'Pods')
    cd /Users/antoniogrillo-balen/Desktop/Projects/RiseBuild/ios/Pods
    builtin-infoPlistUtility /Users/antoniogrillo-balen/Desktop/Projects/RiseBuild/ios/Pods/Target\ Support\ Files/RNReanimated/RNReanimated-Info.plist -producttype com.apple.product-type.framework -expandbuildsettings -format binary -platform iphonesimulator -o /Users/antoniogrillo-balen/Library/Developer/Xcode/DerivedData/risebysolis-gzfsziqwziaggpcbgdowmssiasmi/Build/Products/Debug-iphonesimulator/RNReanimated/RNReanimated.framework/Info.plist

ProcessInfoPlistFile /Users/antoniogrillo-balen/Library/Developer/Xcode/DerivedData/risebysolis-gzfsziqwziaggpcbgdowmssiasmi/Build/Products/Debug-iphonesimulator/RNGestureHandler/RNGestureHandler.framework/Info.plist /Users/antoniogrillo-balen/Desktop/Projects/RiseBuild/ios/Pods/Target\ Support\ Files/RNGestureHandler/RNGestureHandler-Info.plist (in target 'RNGestureHandler' from project 'Pods')
    cd /Users/antoniogrillo-balen/Desktop/Projects/RiseBuild/ios/Pods
    builtin-infoPlistUtility /Users/antoniogrillo-balen/Desktop/Projects/RiseBuild/ios/Pods/Target\ Support\ Files/RNGestureHandler/RNGestureHandler-Info.plist -producttype com.apple.product-type.framework -expandbuildsettings -format binary -platform iphonesimulator -o /Users/antoniogrillo-balen/Library/Developer/Xcode/DerivedData/risebysolis-gzfsziqwziaggpcbgdowmssiasmi/Build/Products/Debug-iphonesimulator/RNGestureHandler/RNGestureHandler.framework/Info.plist

ProcessInfoPlistFile /Users/antoniogrillo-balen/Library/Developer/Xcode/DerivedData/risebysolis-gzfsziqwziaggpcbgdowmssiasmi/Build/Products/Debug-iphonesimulator/PromisesObjC/FBLPromises_Privacy.bundle/Info.plist /Users/antoniogrillo-balen/Desktop/Projects/RiseBuild/ios/Pods/Target\ Support\ Files/PromisesObjC/ResourceBundle-FBLPromises_Privacy-PromisesObjC-Info.plist (in target 'PromisesObjC-FBLPromises_Privacy' from project 'Pods')
    cd /Users/antoniogrillo-balen/Desktop/Projects/RiseBuild/ios/Pods
    builtin-infoPlistUtility /Users/antoniogrillo-balen/Desktop/Projects/RiseBuild/ios/Pods/Target\ Support\ Files/PromisesObjC/ResourceBundle-FBLPromises_Privacy-PromisesObjC-Info.plist -producttype com.apple.product-type.bundle -expandbuildsettings -format binary -platform iphonesimulator -o /Users/antoniogrillo-balen/Library/Developer/Xcode/DerivedData/risebysolis-gzfsziqwziaggpcbgdowmssiasmi/Build/Products/Debug-iphonesimulator/PromisesObjC/FBLPromises_Privacy.bundle/Info.plist

ProcessInfoPlistFile /Users/antoniogrillo-balen/Library/Developer/Xcode/DerivedData/risebysolis-gzfsziqwziaggpcbgdowmssiasmi/Build/Products/Debug-iphonesimulator/GoogleUtilities/GoogleUtilities_Privacy.bundle/Info.plist /Users/antoniogrillo-balen/Desktop/Projects/RiseBuild/ios/Pods/Target\ Support\ Files/GoogleUtilities/ResourceBundle-GoogleUtilities_Privacy-GoogleUtilities-Info.plist (in target 'GoogleUtilities-GoogleUtilities_Privacy' from project 'Pods')
    cd /Users/antoniogrillo-balen/Desktop/Projects/RiseBuild/ios/Pods
    builtin-infoPlistUtility /Users/antoniogrillo-balen/Desktop/Projects/RiseBuild/ios/Pods/Target\ Support\ Files/GoogleUtilities/ResourceBundle-GoogleUtilities_Privacy-GoogleUtilities-Info.plist -producttype com.apple.product-type.bundle -expandbuildsettings -format binary -platform iphonesimulator -o /Users/antoniogrillo-balen/Library/Developer/Xcode/DerivedData/risebysolis-gzfsziqwziaggpcbgdowmssiasmi/Build/Products/Debug-iphonesimulator/GoogleUtilities/GoogleUtilities_Privacy.bundle/Info.plist

ProcessInfoPlistFile /Users/antoniogrillo-balen/Library/Developer/Xcode/DerivedData/risebysolis-gzfsziqwziaggpcbgdowmssiasmi/Build/Products/Debug-iphonesimulator/GTMSessionFetcher/GTMSessionFetcher_Core_Privacy.bundle/Info.plist /Users/antoniogrillo-balen/Desktop/Projects/RiseBuild/ios/Pods/Target\ Support\ Files/GTMSessionFetcher/ResourceBundle-GTMSessionFetcher_Core_Privacy-GTMSessionFetcher-Info.plist (in target 'GTMSessionFetcher-GTMSessionFetcher_Core_Privacy' from project 'Pods')
    cd /Users/antoniogrillo-balen/Desktop/Projects/RiseBuild/ios/Pods
    builtin-infoPlistUtility /Users/antoniogrillo-balen/Desktop/Projects/RiseBuild/ios/Pods/Target\ Support\ Files/GTMSessionFetcher/ResourceBundle-GTMSessionFetcher_Core_Privacy-GTMSessionFetcher-Info.plist -producttype com.apple.product-type.bundle -expandbuildsettings -format binary -platform iphonesimulator -o /Users/antoniogrillo-balen/Library/Developer/Xcode/DerivedData/risebysolis-gzfsziqwziaggpcbgdowmssiasmi/Build/Products/Debug-iphonesimulator/GTMSessionFetcher/GTMSessionFetcher_Core_Privacy.bundle/Info.plist

ProcessInfoPlistFile /Users/antoniogrillo-balen/Library/Developer/Xcode/DerivedData/risebysolis-gzfsziqwziaggpcbgdowmssiasmi/Build/Products/Debug-iphonesimulator/FirebaseCoreInternal/FirebaseCoreInternal_Privacy.bundle/Info.plist /Users/antoniogrillo-balen/Desktop/Projects/RiseBuild/ios/Pods/Target\ Support\ Files/FirebaseCoreInternal/ResourceBundle-FirebaseCoreInternal_Privacy-FirebaseCoreInternal-Info.plist (in target 'FirebaseCoreInternal-FirebaseCoreInternal_Privacy' from project 'Pods')
    cd /Users/antoniogrillo-balen/Desktop/Projects/RiseBuild/ios/Pods
    builtin-infoPlistUtility /Users/antoniogrillo-balen/Desktop/Projects/RiseBuild/ios/Pods/Target\ Support\ Files/FirebaseCoreInternal/ResourceBundle-FirebaseCoreInternal_Privacy-FirebaseCoreInternal-Info.plist -producttype com.apple.product-type.bundle -expandbuildsettings -format binary -platform iphonesimulator -o /Users/antoniogrillo-balen/Library/Developer/Xcode/DerivedData/risebysolis-gzfsziqwziaggpcbgdowmssiasmi/Build/Products/Debug-iphonesimulator/FirebaseCoreInternal/FirebaseCoreInternal_Privacy.bundle/Info.plist

ProcessInfoPlistFile /Users/antoniogrillo-balen/Library/Developer/Xcode/DerivedData/risebysolis-gzfsziqwziaggpcbgdowmssiasmi/Build/Products/Debug-iphonesimulator/ExpoCrypto/ExpoCrypto.framework/Info.plist /Users/antoniogrillo-balen/Desktop/Projects/RiseBuild/ios/Pods/Target\ Support\ Files/ExpoCrypto/ExpoCrypto-Info.plist (in target 'ExpoCrypto' from project 'Pods')
    cd /Users/antoniogrillo-balen/Desktop/Projects/RiseBuild/ios/Pods
    builtin-infoPlistUtility /Users/antoniogrillo-balen/Desktop/Projects/RiseBuild/ios/Pods/Target\ Support\ Files/ExpoCrypto/ExpoCrypto-Info.plist -producttype com.apple.product-type.framework -expandbuildsettings -format binary -platform iphonesimulator -o /Users/antoniogrillo-balen/Library/Developer/Xcode/DerivedData/risebysolis-gzfsziqwziaggpcbgdowmssiasmi/Build/Products/Debug-iphonesimulator/ExpoCrypto/ExpoCrypto.framework/Info.plist

ProcessInfoPlistFile /Users/antoniogrillo-balen/Library/Developer/Xcode/DerivedData/risebysolis-gzfsziqwziaggpcbgdowmssiasmi/Build/Products/Debug-iphonesimulator/RevenueCat/RevenueCat.bundle/Info.plist /Users/antoniogrillo-balen/Desktop/Projects/RiseBuild/ios/Pods/Target\ Support\ Files/RevenueCat/ResourceBundle-RevenueCat-RevenueCat-Info.plist (in target 'RevenueCat-RevenueCat' from project 'Pods')
    cd /Users/antoniogrillo-balen/Desktop/Projects/RiseBuild/ios/Pods
    builtin-infoPlistUtility /Users/antoniogrillo-balen/Desktop/Projects/RiseBuild/ios/Pods/Target\ Support\ Files/RevenueCat/ResourceBundle-RevenueCat-RevenueCat-Info.plist -producttype com.apple.product-type.bundle -expandbuildsettings -format binary -platform iphonesimulator -o /Users/antoniogrillo-balen/Library/Developer/Xcode/DerivedData/risebysolis-gzfsziqwziaggpcbgdowmssiasmi/Build/Products/Debug-iphonesimulator/RevenueCat/RevenueCat.bundle/Info.plist

ProcessInfoPlistFile /Users/antoniogrillo-balen/Library/Developer/Xcode/DerivedData/risebysolis-gzfsziqwziaggpcbgdowmssiasmi/Build/Products/Debug-iphonesimulator/FirebaseAppCheckInterop/FirebaseAppCheckInterop.framework/Info.plist /Users/antoniogrillo-balen/Desktop/Projects/RiseBuild/ios/Pods/Target\ Support\ Files/FirebaseAppCheckInterop/FirebaseAppCheckInterop-Info.plist (in target 'FirebaseAppCheckInterop' from project 'Pods')
    cd /Users/antoniogrillo-balen/Desktop/Projects/RiseBuild/ios/Pods
    builtin-infoPlistUtility /Users/antoniogrillo-balen/Desktop/Projects/RiseBuild/ios/Pods/Target\ Support\ Files/FirebaseAppCheckInterop/FirebaseAppCheckInterop-Info.plist -producttype com.apple.product-type.framework -expandbuildsettings -format binary -platform iphonesimulator -o /Users/antoniogrillo-balen/Library/Developer/Xcode/DerivedData/risebysolis-gzfsziqwziaggpcbgdowmssiasmi/Build/Products/Debug-iphonesimulator/FirebaseAppCheckInterop/FirebaseAppCheckInterop.framework/Info.plist

PhaseScriptExecution Create\ Symlinks\ to\ Header\ Folders /Users/antoniogrillo-balen/Library/Developer/Xcode/DerivedData/risebysolis-gzfsziqwziaggpcbgdowmssiasmi/Build/Intermediates.noindex/Pods.build/Debug-iphonesimulator/RNReanimated.build/Script-46EB2E00022900.sh (in target 'RNReanimated' from project 'Pods')
    cd /Users/antoniogrillo-balen/Desktop/Projects/RiseBuild/ios/Pods
    export ACTION\=build
    export AD_HOC_CODE_SIGNING_ALLOWED\=YES
    export ALLOW_BUILD_REQUEST_OVERRIDES\=NO
    export ALLOW_TARGET_PLATFORM_SPECIALIZATION\=NO
    export ALTERNATE_GROUP\=staff
    export ALTERNATE_MODE\=u+w,go-w,a+rX
    export ALTERNATE_OWNER\=antoniogrillo-balen
    export ALTERNATIVE_DISTRIBUTION_WEB\=NO
    export ALWAYS_EMBED_SWIFT_STANDARD_LIBRARIES\=NO
    export ALWAYS_SEARCH_USER_PATHS\=NO
    export ALWAYS_USE_SEPARATE_HEADERMAPS\=NO
    export APPLICATION_EXTENSION_API_ONLY\=NO
    export APPLY_RULES_IN_COPY_FILES\=NO
    export APPLY_RULES_IN_COPY_HEADERS\=NO
    export APP_SHORTCUTS_ENABLE_FLEXIBLE_MATCHING\=YES
    export ARCHS\=arm64
    export ARCHS_BASE\=arm64
    export ARCHS_STANDARD\=arm64\ x86_64
    export ARCHS_STANDARD_32_64_BIT\=arm64\ x86_64
    export ARCHS_STANDARD_64_BIT\=arm64\ x86_64
    export ARCHS_STANDARD_INCLUDING_64_BIT\=arm64\ x86_64
    export ARCHS_UNIVERSAL_IPHONE_OS\=arm64\ x86_64
    export ASSETCATALOG_FILTER_FOR_DEVICE_MODEL\=iPhone16,2
    export ASSETCATALOG_FILTER_FOR_DEVICE_OS_VERSION\=26.4.1
    export ASSETCATALOG_FILTER_FOR_THINNING_DEVICE_CONFIGURATION\=iPhone16,2
    export AUTOMATICALLY_MERGE_DEPENDENCIES\=NO
    export AUTOMATION_APPLE_EVENTS\=NO
    export AVAILABLE_PLATFORMS\=android\ appletvos\ appletvsimulator\ driverkit\ freebsd\ iphoneos\ iphonesimulator\ linux\ macosx\ none\ openbsd\ qnx\ watchos\ watchsimulator\ webassembly\ xros\ xrsimulator
    export AppIdentifierPrefix\=FAKETEAMID.
    export BUILD_ACTIVE_RESOURCES_ONLY\=YES
    export BUILD_COMPONENTS\=headers\ build
    export BUILD_DIR\=/Users/antoniogrillo-balen/Library/Developer/Xcode/DerivedData/risebysolis-gzfsziqwziaggpcbgdowmssiasmi/Build/Products
    export BUILD_LIBRARY_FOR_DISTRIBUTION\=NO
    export BUILD_ONLY_KNOWN_LOCALIZATIONS\=NO
    export BUILD_ROOT\=/Users/antoniogrillo-balen/Library/Developer/Xcode/DerivedData/risebysolis-gzfsziqwziaggpcbgdowmssiasmi/Build/Products
    export BUILD_STYLE\=
    export BUILD_VARIANTS\=normal
    export BUILT_PRODUCTS_DIR\=/Users/antoniogrillo-balen/Library/Developer/Xcode/DerivedData/risebysolis-gzfsziqwziaggpcbgdowmssiasmi/Build/Products/Debug-iphonesimulator/RNReanimated
    export BUNDLE_CONTENTS_FOLDER_PATH_deep\=Contents/
    export BUNDLE_EXECUTABLE_FOLDER_NAME_deep\=MacOS
    export BUNDLE_EXTENSIONS_FOLDER_PATH\=Extensions
    export BUNDLE_FORMAT\=shallow
    export BUNDLE_FRAMEWORKS_FOLDER_PATH\=Frameworks
    export BUNDLE_PLUGINS_FOLDER_PATH\=PlugIns
    export BUNDLE_PRIVATE_HEADERS_FOLDER_PATH\=PrivateHeaders
    export BUNDLE_PUBLIC_HEADERS_FOLDER_PATH\=Headers
    export CACHE_ROOT\=/var/folders/2z/jtlqylkx0c709j3xb7b0g4cm0000gn/C/com.apple.DeveloperTools/26.5-17F42/Xcode
    export CCHROOT\=/var/folders/2z/jtlqylkx0c709j3xb7b0g4cm0000gn/C/com.apple.DeveloperTools/26.5-17F42/Xcode
    export CHMOD\=/bin/chmod
    export CHOWN\=chown
    export CLANG_ANALYZER_LOCALIZABILITY_NONLOCALIZED\=YES
    export CLANG_ANALYZER_NONNULL\=YES
    export CLANG_ANALYZER_NUMBER_OBJECT_CONVERSION\=YES_AGGRESSIVE
    export CLANG_CACHE_FINE_GRAINED_OUTPUTS\=YES
    export CLANG_CXX_LANGUAGE_STANDARD\=c++20
    export CLANG_CXX_LIBRARY\=libc++
    export CLANG_ENABLE_EXPLICIT_MODULES\=YES
    export CLANG_ENABLE_MODULES\=YES
    export CLANG_ENABLE_OBJC_ARC\=YES
    export CLANG_ENABLE_OBJC_WEAK\=NO
    export CLANG_MODULES_BUILD_SESSION_FILE\=/Users/antoniogrillo-balen/Library/Developer/Xcode/DerivedData/ModuleCache.noindex/Session.modulevalidation
    export CLANG_WARN_BLOCK_CAPTURE_AUTORELEASING\=YES
    export CLANG_WARN_BOOL_CONVERSION\=YES
    export CLANG_WARN_COMMA\=YES
    export CLANG_WARN_CONSTANT_CONVERSION\=YES
    export CLANG_WARN_DEPRECATED_OBJC_IMPLEMENTATIONS\=YES
    export CLANG_WARN_DIRECT_OBJC_ISA_USAGE\=YES_ERROR
    export CLANG_WARN_DOCUMENTATION_COMMENTS\=YES
    export CLANG_WARN_EMPTY_BODY\=YES
    export CLANG_WARN_ENUM_CONVERSION\=YES
    export CLANG_WARN_INFINITE_RECURSION\=YES
    export CLANG_WARN_INT_CONVERSION\=YES
    export CLANG_WARN_NON_LITERAL_NULL_CONVERSION\=YES
    export CLANG_WARN_OBJC_IMPLICIT_RETAIN_SELF\=YES
    export CLANG_WARN_OBJC_LITERAL_CONVERSION\=YES
    export CLANG_WARN_OBJC_ROOT_CLASS\=YES_ERROR
    export CLANG_WARN_QUOTED_INCLUDE_IN_FRAMEWORK_HEADER\=NO
    export CLANG_WARN_RANGE_LOOP_ANALYSIS\=YES
    export CLANG_WARN_STRICT_PROTOTYPES\=YES
    export CLANG_WARN_SUSPICIOUS_MOVE\=YES
    export CLANG_WARN_UNGUARDED_AVAILABILITY\=YES_AGGRESSIVE
    export CLANG_WARN_UNREACHABLE_CODE\=YES
    export CLANG_WARN__DUPLICATE_METHOD_MATCH\=YES
    export CLASS_FILE_DIR\=/Users/antoniogrillo-balen/Library/Developer/Xcode/DerivedData/risebysolis-gzfsziqwziaggpcbgdowmssiasmi/Build/Intermediates.noindex/Pods.build/Debug-iphonesimulator/RNReanimated.build/JavaClasses
    export CLEAN_PRECOMPS\=YES
    export CLONE_HEADERS\=NO
    export CODESIGNING_FOLDER_PATH\=/Users/antoniogrillo-balen/Library/Developer/Xcode/DerivedData/risebysolis-gzfsziqwziaggpcbgdowmssiasmi/Build/Products/Debug-iphonesimulator/RNReanimated/RNReanimated.framework
    export CODE_SIGNING_ALLOWED\=YES
    export CODE_SIGNING_REQUIRED\=NO
    export CODE_SIGNING_REQUIRES_TEAM\=YES
    export CODE_SIGN_CONTEXT_CLASS\=XCiPhoneSimulatorCodeSignContext
    export CODE_SIGN_IDENTITY\=-
    export CODE_SIGN_INJECT_BASE_ENTITLEMENTS\=YES
    export COLOR_DIAGNOSTICS\=NO
    export COMBINE_HIDPI_IMAGES\=NO
    export COMPILATION_CACHE_CAS_PATH\=/Users/antoniogrillo-balen/Library/Developer/Xcode/DerivedData/CompilationCache.noindex
    export COMPILATION_CACHE_KEEP_CAS_DIRECTORY\=YES
    export COMPILER_INDEX_STORE_ENABLE\=Default
    export COMPOSITE_SDK_DIRS\=/Users/antoniogrillo-balen/Library/Developer/Xcode/DerivedData/risebysolis-gzfsziqwziaggpcbgdowmssiasmi/Build/Intermediates.noindex/CompositeSDKs
    export COMPRESS_PNG_FILES\=YES
    export CONFIGURATION\=Debug
    export CONFIGURATION_BUILD_DIR\=/Users/antoniogrillo-balen/Library/Developer/Xcode/DerivedData/risebysolis-gzfsziqwziaggpcbgdowmssiasmi/Build/Products/Debug-iphonesimulator/RNReanimated
    export CONFIGURATION_TEMP_DIR\=/Users/antoniogrillo-balen/Library/Developer/Xcode/DerivedData/risebysolis-gzfsziqwziaggpcbgdowmssiasmi/Build/Intermediates.noindex/Pods.build/Debug-iphonesimulator
    export CONTENTS_FOLDER_PATH\=RNReanimated.framework
    export CONTENTS_FOLDER_PATH_SHALLOW_BUNDLE_NO\=RNReanimated.framework/A
    export CONTENTS_FOLDER_PATH_SHALLOW_BUNDLE_YES\=RNReanimated.framework
    export COPYING_PRESERVES_HFS_DATA\=NO
    export COPY_HEADERS_RUN_UNIFDEF\=NO
    export COPY_PHASE_STRIP\=NO
    export CORRESPONDING_DEVICE_PLATFORM_DIR\=/Applications/Xcode.app/Contents/Developer/Platforms/iPhoneOS.platform
    export CORRESPONDING_DEVICE_PLATFORM_NAME\=iphoneos
    export CORRESPONDING_DEVICE_SDK_DIR\=/Applications/Xcode.app/Contents/Developer/Platforms/iPhoneOS.platform/Developer/SDKs/iPhoneOS26.5.sdk
    export CORRESPONDING_DEVICE_SDK_NAME\=iphoneos26.5
    export CP\=/bin/cp
    export CREATE_INFOPLIST_SECTION_IN_BINARY\=NO
    export CURRENT_ARCH\=undefined_arch
    export CURRENT_PROJECT_VERSION\=1
    export CURRENT_VARIANT\=normal
    export CURRENT_VERSION\=Current
    export DEAD_CODE_STRIPPING\=YES
    export DEBUGGING_SYMBOLS\=YES
    export DEBUG_INFORMATION_FORMAT\=dwarf
    export DEBUG_INFORMATION_VERSION\=compiler-default
    export DEFAULT_COMPILER\=com.apple.compilers.llvm.clang.1_0
    export DEFAULT_DEXT_INSTALL_PATH\=/System/Library/DriverExtensions
    export DEFAULT_KEXT_INSTALL_PATH\=/System/Library/Extensions
    export DEFINES_MODULE\=YES
    export DEPLOYMENT_LOCATION\=NO
    export DEPLOYMENT_POSTPROCESSING\=NO
    export DEPLOYMENT_TARGET_SETTING_NAME\=IPHONEOS_DEPLOYMENT_TARGET
    export DEPLOYMENT_TARGET_SUGGESTED_VALUES\=12.0\ 12.1\ 12.2\ 12.3\ 12.4\ 13.0\ 13.1\ 13.2\ 13.3\ 13.4\ 13.5\ 13.6\ 14.0\ 14.1\ 14.2\ 14.3\ 14.4\ 14.5\ 14.6\ 14.7\ 15.0\ 15.1\ 15.2\ 15.3\ 15.4\ 15.5\ 15.6\ 16.0\ 16.1\ 16.2\ 16.3\ 16.4\ 16.5\ 16.6\ 17.0\ 17.1\ 17.2\ 17.3\ 17.4\ 17.5\ 17.6\ 18.0\ 18.1\ 18.2\ 18.3\ 18.4\ 18.5\ 18.6\ 26.0\ 26.2\ 26.3\ 26.4\ 26.5
    export DERIVED_FILES_DIR\=/Users/antoniogrillo-balen/Library/Developer/Xcode/DerivedData/risebysolis-gzfsziqwziaggpcbgdowmssiasmi/Build/Intermediates.noindex/Pods.build/Debug-iphonesimulator/RNReanimated.build/DerivedSources
    export DERIVED_FILE_DIR\=/Users/antoniogrillo-balen/Library/Developer/Xcode/DerivedData/risebysolis-gzfsziqwziaggpcbgdowmssiasmi/Build/Intermediates.noindex/Pods.build/Debug-iphonesimulator/RNReanimated.build/DerivedSources
    export DERIVED_SOURCES_DIR\=/Users/antoniogrillo-balen/Library/Developer/Xcode/DerivedData/risebysolis-gzfsziqwziaggpcbgdowmssiasmi/Build/Intermediates.noindex/Pods.build/Debug-iphonesimulator/RNReanimated.build/DerivedSources
    export DEVELOPER_APPLICATIONS_DIR\=/Applications/Xcode.app/Contents/Developer/Applications
    export DEVELOPER_BIN_DIR\=/Applications/Xcode.app/Contents/Developer/usr/bin
    export DEVELOPER_DIR\=/Applications/Xcode.app/Contents/Developer
    export DEVELOPER_FRAMEWORKS_DIR\=/Applications/Xcode.app/Contents/Developer/Library/Frameworks
    export DEVELOPER_FRAMEWORKS_DIR_QUOTED\=/Applications/Xcode.app/Contents/Developer/Library/Frameworks
    export DEVELOPER_LIBRARY_DIR\=/Applications/Xcode.app/Contents/Developer/Library
    export DEVELOPER_SDK_DIR\=/Applications/Xcode.app/Contents/Developer/Platforms/MacOSX.platform/Developer/SDKs
    export DEVELOPER_TOOLS_DIR\=/Applications/Xcode.app/Contents/Developer/Tools
    export DEVELOPER_USR_DIR\=/Applications/Xcode.app/Contents/Developer/usr
    export DEVELOPMENT_LANGUAGE\=en
    export DIAGNOSE_MISSING_TARGET_DEPENDENCIES\=YES
    export DIFF\=/usr/bin/diff
    export DOCUMENTATION_FOLDER_PATH\=RNReanimated.framework/en.lproj/Documentation
    export DONT_GENERATE_INFOPLIST_FILE\=NO
    export DSTROOT\=/tmp/Pods.dst
    export DT_TOOLCHAIN_DIR\=/Applications/Xcode.app/Contents/Developer/Toolchains/XcodeDefault.xctoolchain
    export DUMP_DEPENDENCIES\=NO
    export DUMP_DEPENDENCIES_OUTPUT_PATH\=/Users/antoniogrillo-balen/Library/Developer/Xcode/DerivedData/risebysolis-gzfsziqwziaggpcbgdowmssiasmi/Build/Intermediates.noindex/Pods.build/Debug-iphonesimulator/RNReanimated.build/RNReanimated-BuildDependencyInfo.json
    export DWARF_DSYM_FILE_NAME\=RNReanimated.framework.dSYM
    export DWARF_DSYM_FILE_SHOULD_ACCOMPANY_PRODUCT\=NO
    export DWARF_DSYM_FOLDER_PATH\=/Users/antoniogrillo-balen/Library/Developer/Xcode/DerivedData/risebysolis-gzfsziqwziaggpcbgdowmssiasmi/Build/Products/Debug-iphonesimulator/RNReanimated
    export DYLIB_COMPATIBILITY_VERSION\=1
    export DYLIB_CURRENT_VERSION\=1
    export DYLIB_INSTALL_NAME_BASE\=@rpath
    export DYNAMIC_LIBRARY_EXTENSION\=dylib
    export EAGER_COMPILATION_ALLOW_SCRIPTS\=NO
    export EAGER_LINKING\=NO
    export EFFECTIVE_PLATFORM_NAME\=-iphonesimulator
    export EFFECTIVE_SWIFT_VERSION\=5
    export EMBEDDED_CONTENT_CONTAINS_SWIFT\=NO
    export EMBED_ASSET_PACKS_IN_PRODUCT_BUNDLE\=NO
    export ENABLE_APP_SANDBOX\=NO
    export ENABLE_CODE_COVERAGE\=YES
    export ENABLE_COHORT_ARCHS\=NO
    export ENABLE_CPLUSPLUS_BOUNDS_SAFE_BUFFERS\=NO
    export ENABLE_C_BOUNDS_SAFETY\=NO
    export ENABLE_DEFAULT_HEADER_SEARCH_PATHS\=YES
    export ENABLE_DEFAULT_SEARCH_PATHS\=YES
    export ENABLE_ENHANCED_SECURITY\=NO
    export ENABLE_HARDENED_RUNTIME\=NO
    export ENABLE_HEADER_DEPENDENCIES\=YES
    export ENABLE_INCOMING_NETWORK_CONNECTIONS\=NO
    export ENABLE_MODULE_VERIFIER\=NO
    export ENABLE_ON_DEMAND_RESOURCES\=NO
    export ENABLE_OUTGOING_NETWORK_CONNECTIONS\=NO
    export ENABLE_POINTER_AUTHENTICATION\=NO
    export ENABLE_PREVIEWS\=NO
    export ENABLE_RESOURCE_ACCESS_AUDIO_INPUT\=NO
    export ENABLE_RESOURCE_ACCESS_BLUETOOTH\=NO
    export ENABLE_RESOURCE_ACCESS_CALENDARS\=NO
    export ENABLE_RESOURCE_ACCESS_CAMERA\=NO
    export ENABLE_RESOURCE_ACCESS_CONTACTS\=NO
    export ENABLE_RESOURCE_ACCESS_LOCATION\=NO
    export ENABLE_RESOURCE_ACCESS_PHOTO_LIBRARY\=NO
    export ENABLE_RESOURCE_ACCESS_PRINTING\=NO
    export ENABLE_RESOURCE_ACCESS_USB\=NO
    export ENABLE_SDK_IMPORTS\=NO
    export ENABLE_SECURITY_COMPILER_WARNINGS\=NO
    export ENABLE_STRICT_OBJC_MSGSEND\=YES
    export ENABLE_TESTABILITY\=YES
    export ENABLE_TESTING_SEARCH_PATHS\=NO
    export ENABLE_USER_SCRIPT_SANDBOXING\=NO
    export ENABLE_XOJIT_PREVIEWS\=YES
    export ENFORCE_VALID_ARCHS\=YES
    export ENTITLEMENTS_DESTINATION\=__entitlements
    export ENTITLEMENTS_REQUIRED\=NO
    export EXCLUDED_INSTALLSRC_SUBDIRECTORY_PATTERNS\=.DS_Store\ .svn\ .git\ .hg\ CVS
    export EXCLUDED_RECURSIVE_SEARCH_PATH_SUBDIRECTORIES\=\*.nib\ \*.lproj\ \*.framework\ \*.gch\ \*.xcode\*\ \*.xcassets\ \*.icon\ \(\*\)\ .DS_Store\ CVS\ .svn\ .git\ .hg\ \*.pbproj\ \*.pbxproj
    export EXECUTABLES_FOLDER_PATH\=RNReanimated.framework/en.lproj
    export EXECUTABLE_FOLDER_PATH\=RNReanimated.framework
    export EXECUTABLE_FOLDER_PATH_SHALLOW_BUNDLE_NO\=RNReanimated.framework
    export EXECUTABLE_FOLDER_PATH_SHALLOW_BUNDLE_YES\=RNReanimated.framework
    export EXECUTABLE_NAME\=RNReanimated
    export EXECUTABLE_PATH\=RNReanimated.framework/RNReanimated
    export EXPANDED_CODE_SIGN_IDENTITY\=-
    export EXPANDED_CODE_SIGN_IDENTITY_NAME\=Sign\ to\ Run\ Locally
    export EXTENSIONS_FOLDER_PATH\=RNReanimated.framework/Extensions
    export FILE_LIST\=/Users/antoniogrillo-balen/Library/Developer/Xcode/DerivedData/risebysolis-gzfsziqwziaggpcbgdowmssiasmi/Build/Intermediates.noindex/Pods.build/Debug-iphonesimulator/RNReanimated.build/Objects/LinkFileList
    export FIXED_FILES_DIR\=/Users/antoniogrillo-balen/Library/Developer/Xcode/DerivedData/risebysolis-gzfsziqwziaggpcbgdowmssiasmi/Build/Intermediates.noindex/Pods.build/Debug-iphonesimulator/RNReanimated.build/FixedFiles
    export FRAMEWORKS_FOLDER_PATH\=RNReanimated.framework/Frameworks
    export FRAMEWORK_FLAG_PREFIX\=-framework
    export FRAMEWORK_SEARCH_PATHS\=/Users/antoniogrillo-balen/Library/Developer/Xcode/DerivedData/risebysolis-gzfsziqwziaggpcbgdowmssiasmi/Build/Products/Debug-iphonesimulator/RNReanimated\ \ \"/Users/antoniogrillo-balen/Library/Developer/Xcode/DerivedData/risebysolis-gzfsziqwziaggpcbgdowmssiasmi/Build/Products/Debug-iphonesimulator/DoubleConversion\"\ \"/Users/antoniogrillo-balen/Library/Developer/Xcode/DerivedData/risebysolis-gzfsziqwziaggpcbgdowmssiasmi/Build/Products/Debug-iphonesimulator/RCT-Folly\"\ \"/Users/antoniogrillo-balen/Library/Developer/Xcode/DerivedData/risebysolis-gzfsziqwziaggpcbgdowmssiasmi/Build/Products/Debug-iphonesimulator/RCTDeprecation\"\ \"/Users/antoniogrillo-balen/Library/Developer/Xcode/DerivedData/risebysolis-gzfsziqwziaggpcbgdowmssiasmi/Build/Products/Debug-iphonesimulator/RCTTypeSafety\"\ \"/Users/antoniogrillo-balen/Library/Developer/Xcode/DerivedData/risebysolis-gzfsziqwziaggpcbgdowmssiasmi/Build/Products/Debug-iphonesimulator/React-Core\"\ \"/Users/antoniogrillo-balen/Library/Developer/Xcode/DerivedData/risebysolis-gzfsziqwziaggpcbgdowmssiasmi/Build/Products/Debug-iphonesimulator/React-Fabric\"\ \"/Users/antoniogrillo-balen/Library/Developer/Xcode/DerivedData/risebysolis-gzfsziqwziaggpcbgdowmssiasmi/Build/Products/Debug-iphonesimulator/React-FabricComponents\"\ \"/Users/antoniogrillo-balen/Library/Developer/Xcode/DerivedData/risebysolis-gzfsziqwziaggpcbgdowmssiasmi/Build/Products/Debug-iphonesimulator/React-FabricImage\"\ \"/Users/antoniogrillo-balen/Library/Developer/Xcode/DerivedData/risebysolis-gzfsziqwziaggpcbgdowmssiasmi/Build/Products/Debug-iphonesimulator/React-ImageManager\"\ \"/Users/antoniogrillo-balen/Library/Developer/Xcode/DerivedData/risebysolis-gzfsziqwziaggpcbgdowmssiasmi/Build/Products/Debug-iphonesimulator/React-NativeModulesApple\"\ \"/Users/antoniogrillo-balen/Library/Developer/Xcode/DerivedData/risebysolis-gzfsziqwziaggpcbgdowmssiasmi/Build/Products/Debug-iphonesimulator/React-RCTFabric\"\ \"/Users/antoniogrillo-balen/Library/Developer/Xcode/DerivedData/risebysolis-gzfsziqwziaggpcbgdowmssiasmi/Build/Products/Debug-iphonesimulator/React-RCTImage\"\ \"/Users/antoniogrillo-balen/Library/Developer/Xcode/DerivedData/risebysolis-gzfsziqwziaggpcbgdowmssiasmi/Build/Products/Debug-iphonesimulator/React-RCTNetwork\"\ \"/Users/antoniogrillo-balen/Library/Developer/Xcode/DerivedData/risebysolis-gzfsziqwziaggpcbgdowmssiasmi/Build/Products/Debug-iphonesimulator/React-RCTText\"\ \"/Users/antoniogrillo-balen/Library/Developer/Xcode/DerivedData/risebysolis-gzfsziqwziaggpcbgdowmssiasmi/Build/Products/Debug-iphonesimulator/React-cxxreact\"\ \"/Users/antoniogrillo-balen/Library/Developer/Xcode/DerivedData/risebysolis-gzfsziqwziaggpcbgdowmssiasmi/Build/Products/Debug-iphonesimulator/React-debug\"\ \"/Users/antoniogrillo-balen/Library/Developer/Xcode/DerivedData/risebysolis-gzfsziqwziaggpcbgdowmssiasmi/Build/Products/Debug-iphonesimulator/React-featureflags\"\ \"/Users/antoniogrillo-balen/Library/Developer/Xcode/DerivedData/risebysolis-gzfsziqwziaggpcbgdowmssiasmi/Build/Products/Debug-iphonesimulator/React-graphics\"\ \"/Users/antoniogrillo-balen/Library/Developer/Xcode/DerivedData/risebysolis-gzfsziqwziaggpcbgdowmssiasmi/Build/Products/Debug-iphonesimulator/React-hermes\"\ \"/Users/antoniogrillo-balen/Library/Developer/Xcode/DerivedData/risebysolis-gzfsziqwziaggpcbgdowmssiasmi/Build/Products/Debug-iphonesimulator/React-jsi\"\ \"/Users/antoniogrillo-balen/Library/Developer/Xcode/DerivedData/risebysolis-gzfsziqwziaggpcbgdowmssiasmi/Build/Products/Debug-iphonesimulator/React-jsiexecutor\"\ \"/Users/antoniogrillo-balen/Library/Developer/Xcode/DerivedData/risebysolis-gzfsziqwziaggpcbgdowmssiasmi/Build/Products/Debug-iphonesimulator/React-jsinspector\"\ \"/Users/antoniogrillo-balen/Library/Developer/Xcode/DerivedData/risebysolis-gzfsziqwziaggpcbgdowmssiasmi/Build/Products/Debug-iphonesimulator/React-logger\"\ \"/Users/antoniogrillo-balen/Library/Developer/Xcode/DerivedData/risebysolis-gzfsziqwziaggpcbgdowmssiasmi/Build/Products/Debug-iphonesimulator/React-nativeconfig\"\ \"/Users/antoniogrillo-balen/Library/Developer/Xcode/DerivedData/risebysolis-gzfsziqwziaggpcbgdowmssiasmi/Build/Products/Debug-iphonesimulator/React-perflogger\"\ \"/Users/antoniogrillo-balen/Library/Developer/Xcode/DerivedData/risebysolis-gzfsziqwziaggpcbgdowmssiasmi/Build/Products/Debug-iphonesimulator/React-performancetimeline\"\ \"/Users/antoniogrillo-balen/Library/Developer/Xcode/DerivedData/risebysolis-gzfsziqwziaggpcbgdowmssiasmi/Build/Products/Debug-iphonesimulator/React-rendererconsistency\"\ \"/Users/antoniogrillo-balen/Library/Developer/Xcode/DerivedData/risebysolis-gzfsziqwziaggpcbgdowmssiasmi/Build/Products/Debug-iphonesimulator/React-rendererdebug\"\ \"/Users/antoniogrillo-balen/Library/Developer/Xcode/DerivedData/risebysolis-gzfsziqwziaggpcbgdowmssiasmi/Build/Products/Debug-iphonesimulator/React-runtimescheduler\"\ \"/Users/antoniogrillo-balen/Library/Developer/Xcode/DerivedData/risebysolis-gzfsziqwziaggpcbgdowmssiasmi/Build/Products/Debug-iphonesimulator/React-utils\"\ \"/Users/antoniogrillo-balen/Library/Developer/Xcode/DerivedData/risebysolis-gzfsziqwziaggpcbgdowmssiasmi/Build/Products/Debug-iphonesimulator/ReactCodegen\"\ \"/Users/antoniogrillo-balen/Library/Developer/Xcode/DerivedData/risebysolis-gzfsziqwziaggpcbgdowmssiasmi/Build/Products/Debug-iphonesimulator/ReactCommon\"\ \"/Users/antoniogrillo-balen/Library/Developer/Xcode/DerivedData/risebysolis-gzfsziqwziaggpcbgdowmssiasmi/Build/Products/Debug-iphonesimulator/SocketRocket\"\ \"/Users/antoniogrillo-balen/Library/Developer/Xcode/DerivedData/risebysolis-gzfsziqwziaggpcbgdowmssiasmi/Build/Products/Debug-iphonesimulator/Yoga\"\ \"/Users/antoniogrillo-balen/Library/Developer/Xcode/DerivedData/risebysolis-gzfsziqwziaggpcbgdowmssiasmi/Build/Products/Debug-iphonesimulator/fmt\"\ \"/Users/antoniogrillo-balen/Library/Developer/Xcode/DerivedData/risebysolis-gzfsziqwziaggpcbgdowmssiasmi/Build/Products/Debug-iphonesimulator/glog\"\ \"/Users/antoniogrillo-balen/Desktop/Projects/RiseBuild/ios/Pods/hermes-engine/destroot/Library/Frameworks/universal\"\ \"/Users/antoniogrillo-balen/Library/Developer/Xcode/DerivedData/risebysolis-gzfsziqwziaggpcbgdowmssiasmi/Build/Products/Debug-iphonesimulator/XCFrameworkIntermediates/hermes-engine/Pre-built\"
    export FRAMEWORK_VERSION\=A
    export FULL_PRODUCT_NAME\=RNReanimated.framework
    export FUSE_BUILD_PHASES\=YES
    export FUSE_BUILD_SCRIPT_PHASES\=NO
    export GCC3_VERSION\=3.3
    export GCC_C_LANGUAGE_STANDARD\=gnu11
    export GCC_DYNAMIC_NO_PIC\=NO
    export GCC_INLINES_ARE_PRIVATE_EXTERN\=YES
    export GCC_NO_COMMON_BLOCKS\=YES
    export GCC_OBJC_LEGACY_DISPATCH\=YES
    export GCC_OPTIMIZATION_LEVEL\=0
    export GCC_PFE_FILE_C_DIALECTS\=c\ objective-c\ c++\ objective-c++
    export GCC_PREFIX_HEADER\=Target\ Support\ Files/RNReanimated/RNReanimated-prefix.pch
    export GCC_PREPROCESSOR_DEFINITIONS\=POD_CONFIGURATION_DEBUG\=1\ DEBUG\=1\ \ COCOAPODS\=1\ HERMES_ENABLE_DEBUGGER\=1
    export GCC_TREAT_WARNINGS_AS_ERRORS\=NO
    export GCC_VERSION\=com.apple.compilers.llvm.clang.1_0
    export GCC_VERSION_IDENTIFIER\=com_apple_compilers_llvm_clang_1_0
    export GCC_WARN_64_TO_32_BIT_CONVERSION\=YES
    export GCC_WARN_ABOUT_RETURN_TYPE\=YES_ERROR
    export GCC_WARN_UNDECLARED_SELECTOR\=YES
    export GCC_WARN_UNINITIALIZED_AUTOS\=YES_AGGRESSIVE
    export GCC_WARN_UNUSED_FUNCTION\=YES
    export GCC_WARN_UNUSED_VARIABLE\=YES
    export GENERATED_MODULEMAP_DIR\=/Users/antoniogrillo-balen/Library/Developer/Xcode/DerivedData/risebysolis-gzfsziqwziaggpcbgdowmssiasmi/Build/Intermediates.noindex/GeneratedModuleMaps-iphonesimulator
    export GENERATE_INFOPLIST_FILE\=NO
    export GENERATE_INTERMEDIATE_TEXT_BASED_STUBS\=YES
    export GENERATE_PKGINFO_FILE\=NO
    export GENERATE_PRELINK_OBJECT_FILE\=NO
    export GENERATE_PROFILING_CODE\=NO
    export GENERATE_TEXT_BASED_STUBS\=NO
    export GID\=20
    export GROUP\=staff
    export HEADERMAP_INCLUDES_FLAT_ENTRIES_FOR_TARGET_BEING_BUILT\=YES
    export HEADERMAP_INCLUDES_FRAMEWORK_ENTRIES_FOR_ALL_PRODUCT_TYPES\=YES
    export HEADERMAP_INCLUDES_FRAMEWORK_ENTRIES_FOR_TARGETS_NOT_BEING_BUILT\=YES
    export HEADERMAP_INCLUDES_NONPUBLIC_NONPRIVATE_HEADERS\=YES
    export HEADERMAP_INCLUDES_PROJECT_HEADERS\=YES
    export HEADERMAP_USES_FRAMEWORK_PREFIX_ENTRIES\=YES
    export HEADERMAP_USES_VFS\=YES
    export HEADER_SEARCH_PATHS\=/Users/antoniogrillo-balen/Library/Developer/Xcode/DerivedData/risebysolis-gzfsziqwziaggpcbgdowmssiasmi/Build/Products/Debug-iphonesimulator/RNReanimated/include\ \ /Users/antoniogrillo-balen/Library/Developer/Xcode/DerivedData/risebysolis-gzfsziqwziaggpcbgdowmssiasmi/Build/Products/Debug-iphonesimulator/ReactCommon/ReactCommon.framework/Headers\ /Users/antoniogrillo-balen/Library/Developer/Xcode/DerivedData/risebysolis-gzfsziqwziaggpcbgdowmssiasmi/Build/Products/Debug-iphonesimulator/ReactCommon/ReactCommon.framework/Headers/react/nativemodule/core\ /Users/antoniogrillo-balen/Library/Developer/Xcode/DerivedData/risebysolis-gzfsziqwziaggpcbgdowmssiasmi/Build/Products/Debug-iphonesimulator/ReactCommon-Samples/ReactCommon_Samples.framework/Headers\ /Users/antoniogrillo-balen/Library/Developer/Xcode/DerivedData/risebysolis-gzfsziqwziaggpcbgdowmssiasmi/Build/Products/Debug-iphonesimulator/ReactCommon-Samples/ReactCommon_Samples.framework/Headers/platform/ios\ /Users/antoniogrillo-balen/Library/Developer/Xcode/DerivedData/risebysolis-gzfsziqwziaggpcbgdowmssiasmi/Build/Products/Debug-iphonesimulator/React-Fabric/React_Fabric.framework/Headers/react/renderer/components/view/platform/cxx\ /Users/antoniogrillo-balen/Library/Developer/Xcode/DerivedData/risebysolis-gzfsziqwziaggpcbgdowmssiasmi/Build/Products/Debug-iphonesimulator/React-NativeModulesApple/React_NativeModulesApple.framework/Headers\ /Users/antoniogrillo-balen/Library/Developer/Xcode/DerivedData/risebysolis-gzfsziqwziaggpcbgdowmssiasmi/Build/Products/Debug-iphonesimulator/React-graphics/React_graphics.framework/Headers\ /Users/antoniogrillo-balen/Library/Developer/Xcode/DerivedData/risebysolis-gzfsziqwziaggpcbgdowmssiasmi/Build/Products/Debug-iphonesimulator/React-graphics/React_graphics.framework/Headers/react/renderer/graphics/platform/ios\ \"/Users/antoniogrillo-balen/Desktop/Projects/RiseBuild/ios/Pods/Headers/Public\"\ \"/Users/antoniogrillo-balen/Desktop/Projects/RiseBuild/ios/Pods/Headers/Public/FBLazyVector\"\ \"/Users/antoniogrillo-balen/Desktop/Projects/RiseBuild/ios/Pods/Headers/Public/RCTRequired\"\ \"/Users/antoniogrillo-balen/Desktop/Projects/RiseBuild/ios/Pods/Headers/Public/React-callinvoker\"\ \"/Users/antoniogrillo-balen/Desktop/Projects/RiseBuild/ios/Pods/Headers/Public/React-runtimeexecutor\"\ \"/Users/antoniogrillo-balen/Desktop/Projects/RiseBuild/ios/Pods/Headers/Public/React-timing\"\ \"/Users/antoniogrillo-balen/Desktop/Projects/RiseBuild/ios/Pods/Headers/Public/boost\"\ \"/Users/antoniogrillo-balen/Desktop/Projects/RiseBuild/ios/Pods/Headers/Public/fast_float\"\ \"/Users/antoniogrillo-balen/Desktop/Projects/RiseBuild/ios/Pods/Headers/Public/hermes-engine\"\ \"/Users/antoniogrillo-balen/Desktop/Projects/RiseBuild/ios/Pods/boost\"\ \"/Users/antoniogrillo-balen/Desktop/Projects/RiseBuild/ios/Pods/boost-for-react-native\"\ \"/Users/antoniogrillo-balen/Desktop/Projects/RiseBuild/ios/Pods/glog\"\ \"/Users/antoniogrillo-balen/Desktop/Projects/RiseBuild/ios/Pods/RCT-Folly\"\ \"/Users/antoniogrillo-balen/Desktop/Projects/RiseBuild/ios/Pods/Headers/Public/React-hermes\"\ \"/Users/antoniogrillo-balen/Desktop/Projects/RiseBuild/ios/Pods/Headers/Public/hermes-engine\"\ \"/Users/antoniogrillo-balen/Desktop/Projects/RiseBuild/ios/Pods/../../node_modules/react-native/ReactCommon\"\ \"/Users/antoniogrillo-balen/Desktop/Projects/RiseBuild/ios/Pods/../../node_modules/react-native-reanimated/apple\"\ \"/Users/antoniogrillo-balen/Desktop/Projects/RiseBuild/ios/Pods/../../node_modules/react-native-reanimated/Common/cpp\"\ \"/Users/antoniogrillo-balen/Desktop/Projects/RiseBuild/ios/Pods/../../node_modules/react-native-reanimated/ReactCommon\"\ \"/Users/antoniogrillo-balen/Desktop/Projects/RiseBuild/ios/Pods/../../node_modules/react-native-reanimated\"\ \"/Users/antoniogrillo-balen/Desktop/Projects/RiseBuild/ios/Pods/RCT-Folly\"\ \"/Users/antoniogrillo-balen/Desktop/Projects/RiseBuild/ios/Pods/boost\"\ \"/Users/antoniogrillo-balen/Desktop/Projects/RiseBuild/ios/Pods/boost-for-react-native\"\ \"/Users/antoniogrillo-balen/Desktop/Projects/RiseBuild/ios/Pods/DoubleConversion\"\ \"/Users/antoniogrillo-balen/Desktop/Projects/RiseBuild/ios/Pods/Headers/Private/React-Core\"\ \"/Users/antoniogrillo-balen/Desktop/Projects/RiseBuild/ios/Pods/Headers/Private/Yoga\"\ \"/Users/antoniogrillo-balen/Desktop/Projects/RiseBuild/ios/Pods/boost\"\ \"/Users/antoniogrillo-balen/Desktop/Projects/RiseBuild/ios/Pods/Headers/Private/Yoga\"\ \"/Users/antoniogrillo-balen/Desktop/Projects/RiseBuild/ios/Pods/DoubleConversion\"\ \"/Users/antoniogrillo-balen/Desktop/Projects/RiseBuild/ios/Pods/fast_float/include\"\ \"/Users/antoniogrillo-balen/Desktop/Projects/RiseBuild/ios/Pods/fmt/include\"\ \"/Users/antoniogrillo-balen/Library/Developer/Xcode/DerivedData/risebysolis-gzfsziqwziaggpcbgdowmssiasmi/Build/Products/Debug-iphonesimulator/React-graphics/React_graphics.framework/Headers\"\ \"/Users/antoniogrillo-balen/Library/Developer/Xcode/DerivedData/risebysolis-gzfsziqwziaggpcbgdowmssiasmi/Build/Products/Debug-iphonesimulator/React-graphics/React_graphics.framework/Headers/react/renderer/graphics/platform/ios\"\ \"/Users/antoniogrillo-balen/Library/Developer/Xcode/DerivedData/risebysolis-gzfsziqwziaggpcbgdowmssiasmi/Build/Products/Debug-iphonesimulator/React-Fabric/React_Fabric.framework/Headers\"\ \"/Users/antoniogrillo-balen/Library/Developer/Xcode/DerivedData/risebysolis-gzfsziqwziaggpcbgdowmssiasmi/Build/Products/Debug-iphonesimulator/React-Fabric/React_Fabric.framework/Headers/react/renderer/components/view/platform/cxx\"\ \"/Users/antoniogrillo-balen/Library/Developer/Xcode/DerivedData/risebysolis-gzfsziqwziaggpcbgdowmssiasmi/Build/Products/Debug-iphonesimulator/React-FabricImage/React_FabricImage.framework/Headers\"\ \"/Users/antoniogrillo-balen/Library/Developer/Xcode/DerivedData/risebysolis-gzfsziqwziaggpcbgdowmssiasmi/Build/Products/Debug-iphonesimulator/ReactCommon/ReactCommon.framework/Headers\"\ \"/Users/antoniogrillo-balen/Library/Developer/Xcode/DerivedData/risebysolis-gzfsziqwziaggpcbgdowmssiasmi/Build/Products/Debug-iphonesimulator/ReactCommon/ReactCommon.framework/Headers/react/nativemodule/core\"\ \"/Users/antoniogrillo-balen/Library/Developer/Xcode/DerivedData/risebysolis-gzfsziqwziaggpcbgdowmssiasmi/Build/Products/Debug-iphonesimulator/React-NativeModulesApple/React_NativeModulesApple.framework/Headers\"\ \"/Users/antoniogrillo-balen/Library/Developer/Xcode/DerivedData/risebysolis-gzfsziqwziaggpcbgdowmssiasmi/Build/Products/Debug-iphonesimulator/React-RCTFabric/RCTFabric.framework/Headers\"\ \"/Users/antoniogrillo-balen/Library/Developer/Xcode/DerivedData/risebysolis-gzfsziqwziaggpcbgdowmssiasmi/Build/Products/Debug-iphonesimulator/React-utils/React_utils.framework/Headers\"\ \"/Users/antoniogrillo-balen/Library/Developer/Xcode/DerivedData/risebysolis-gzfsziqwziaggpcbgdowmssiasmi/Build/Products/Debug-iphonesimulator/React-featureflags/React_featureflags.framework/Headers\"\ \"/Users/antoniogrillo-balen/Library/Developer/Xcode/DerivedData/risebysolis-gzfsziqwziaggpcbgdowmssiasmi/Build/Products/Debug-iphonesimulator/React-debug/React_debug.framework/Headers\"\ \"/Users/antoniogrillo-balen/Library/Developer/Xcode/DerivedData/risebysolis-gzfsziqwziaggpcbgdowmssiasmi/Build/Products/Debug-iphonesimulator/React-ImageManager/React_ImageManager.framework/Headers\"\ \"/Users/antoniogrillo-balen/Library/Developer/Xcode/DerivedData/risebysolis-gzfsziqwziaggpcbgdowmssiasmi/Build/Products/Debug-iphonesimulator/React-rendererdebug/React_rendererdebug.framework/Headers\"\ \"/Users/antoniogrillo-balen/Desktop/Projects/RiseBuild/ios/Pods/RCT-Folly\"\ \"/Users/antoniogrillo-balen/Desktop/Projects/RiseBuild/ios/Pods/DoubleConversion\"\ \"/Users/antoniogrillo-balen/Desktop/Projects/RiseBuild/ios/Pods/fast_float/include\"\ \"/Users/antoniogrillo-balen/Desktop/Projects/RiseBuild/ios/Pods/fmt/include\"\ \"/Users/antoniogrillo-balen/Desktop/Projects/RiseBuild/ios/Pods/boost\"\ \"/Users/antoniogrillo-balen/Library/Developer/Xcode/DerivedData/risebysolis-gzfsziqwziaggpcbgdowmssiasmi/Build/Products/Debug-iphonesimulator/ReactCodegen/ReactCodegen.framework/Headers\"\ \"/Users/antoniogrillo-balen/Library/Developer/Xcode/DerivedData/risebysolis-gzfsziqwziaggpcbgdowmssiasmi/Build/Products/Debug-iphonesimulator/ReactCommon/ReactCommon.framework/Headers\"\ \"/Users/antoniogrillo-balen/Library/Developer/Xcode/DerivedData/risebysolis-gzfsziqwziaggpcbgdowmssiasmi/Build/Products/Debug-iphonesimulator/ReactCommon/ReactCommon.framework/Headers/react/nativemodule/core\"\ \"/Users/antoniogrillo-balen/Library/Developer/Xcode/DerivedData/risebysolis-gzfsziqwziaggpcbgdowmssiasmi/Build/Products/Debug-iphonesimulator/React-RCTFabric/RCTFabric.framework/Headers\"\ \"/Users/antoniogrillo-balen/Library/Developer/Xcode/DerivedData/risebysolis-gzfsziqwziaggpcbgdowmssiasmi/Build/Products/Debug-iphonesimulator/React-Fabric/React_Fabric.framework/Headers\"\ \"/Users/antoniogrillo-balen/Library/Developer/Xcode/DerivedData/risebysolis-gzfsziqwziaggpcbgdowmssiasmi/Build/Products/Debug-iphonesimulator/React-Fabric/React_Fabric.framework/Headers/react/renderer/components/view/platform/cxx\"\ \"/Users/antoniogrillo-balen/Library/Developer/Xcode/DerivedData/risebysolis-gzfsziqwziaggpcbgdowmssiasmi/Build/Products/Debug-iphonesimulator/React-FabricImage/React_FabricImage.framework/Headers\"\ \"/Users/antoniogrillo-balen/Library/Developer/Xcode/DerivedData/risebysolis-gzfsziqwziaggpcbgdowmssiasmi/Build/Products/Debug-iphonesimulator/React-Graphics/React_graphics.framework/Headers\"\ \"/Users/antoniogrillo-balen/Library/Developer/Xcode/DerivedData/risebysolis-gzfsziqwziaggpcbgdowmssiasmi/Build/Products/Debug-iphonesimulator/React-Graphics/React_graphics.framework/Headers/react/renderer/graphics/platform/ios\"\ \"/Users/antoniogrillo-balen/Library/Developer/Xcode/DerivedData/risebysolis-gzfsziqwziaggpcbgdowmssiasmi/Build/Products/Debug-iphonesimulator/React-Fabric/React_Fabric.framework/Headers/react/renderer/imagemanager/platform/ios\"
    export HOME\=/Users/antoniogrillo-balen
    export HOST_ARCH\=arm64
    export HOST_PLATFORM\=macosx
    export ICONV\=/usr/bin/iconv
    export IMPLICIT_DEPENDENCY_DOMAIN\=default
    export INDEX_STORE_COMPRESS\=NO
    export INDEX_STORE_ONLY_PROJECT_FILES\=NO
    export INFOPLIST_ENABLE_CFBUNDLEICONS_MERGE\=YES
    export INFOPLIST_EXPAND_BUILD_SETTINGS\=YES
    export INFOPLIST_FILE\=Target\ Support\ Files/RNReanimated/RNReanimated-Info.plist
    export INFOPLIST_OUTPUT_FORMAT\=binary
    export INFOPLIST_PATH\=RNReanimated.framework/Info.plist
    export INFOPLIST_PREPROCESS\=NO
    export INFOSTRINGS_PATH\=RNReanimated.framework/en.lproj/InfoPlist.strings
    export INLINE_PRIVATE_FRAMEWORKS\=NO
    export INSTALLAPI_IGNORE_SKIP_INSTALL\=YES
    export INSTALLHDRS_COPY_PHASE\=NO
    export INSTALLHDRS_SCRIPT_PHASE\=NO
    export INSTALL_DIR\=/tmp/Pods.dst/Library/Frameworks
    export INSTALL_GROUP\=staff
    export INSTALL_MODE_FLAG\=u+w,go-w,a+rX
    export INSTALL_OWNER\=antoniogrillo-balen
    export INSTALL_PATH\=/Library/Frameworks
    export INSTALL_ROOT\=/tmp/Pods.dst
    export IPHONEOS_DEPLOYMENT_TARGET\=15.1
    export IS_UNOPTIMIZED_BUILD\=YES
    export JAVAC_DEFAULT_FLAGS\=-J-Xms64m\ -J-XX:NewSize\=4M\ -J-Dfile.encoding\=UTF8
    export JAVA_APP_STUB\=/System/Library/Frameworks/JavaVM.framework/Resources/MacOS/JavaApplicationStub
    export JAVA_ARCHIVE_CLASSES\=YES
    export JAVA_ARCHIVE_TYPE\=JAR
    export JAVA_COMPILER\=/usr/bin/javac
    export JAVA_FOLDER_PATH\=RNReanimated.framework/Java
    export JAVA_FRAMEWORK_RESOURCES_DIRS\=Resources
    export JAVA_JAR_FLAGS\=cv
    export JAVA_SOURCE_SUBDIR\=.
    export JAVA_USE_DEPENDENCIES\=YES
    export JAVA_ZIP_FLAGS\=-urg
    export JIKES_DEFAULT_FLAGS\=+E\ +OLDCSO
    export KEEP_PRIVATE_EXTERNS\=NO
    export LD_DEPENDENCY_INFO_FILE\=/Users/antoniogrillo-balen/Library/Developer/Xcode/DerivedData/risebysolis-gzfsziqwziaggpcbgdowmssiasmi/Build/Intermediates.noindex/Pods.build/Debug-iphonesimulator/RNReanimated.build/Objects-normal/undefined_arch/RNReanimated_dependency_info.dat
    export LD_DYLIB_INSTALL_NAME\=@rpath/RNReanimated.framework/RNReanimated
    export LD_EXPORT_SYMBOLS\=YES
    export LD_GENERATE_MAP_FILE\=NO
    export LD_MAP_FILE_PATH\=/Users/antoniogrillo-balen/Library/Developer/Xcode/DerivedData/risebysolis-gzfsziqwziaggpcbgdowmssiasmi/Build/Intermediates.noindex/Pods.build/Debug-iphonesimulator/RNReanimated.build/RNReanimated-LinkMap-normal-undefined_arch.txt
    export LD_NO_PIE\=NO
    export LD_QUOTE_LINKER_ARGUMENTS_FOR_COMPILER_DRIVER\=YES
    export LD_RUNPATH_SEARCH_PATHS\=\ @executable_path/Frameworks\ @loader_path/Frameworks
    export LD_SHARED_CACHE_ELIGIBLE\=Automatic
    export LD_WARN_DUPLICATE_LIBRARIES\=NO
    export LD_WARN_UNUSED_DYLIBS\=NO
    export LEGACY_DEVELOPER_DIR\=/Applications/Xcode.app/Contents/PlugIns/Xcode3Core.ideplugin/Contents/SharedSupport/Developer
    export LEX\=lex
    export LIBRARY_DEXT_INSTALL_PATH\=/Library/DriverExtensions
    export LIBRARY_FLAG_NOSPACE\=YES
    export LIBRARY_FLAG_PREFIX\=-l
    export LIBRARY_KEXT_INSTALL_PATH\=/Library/Extensions
    export LIBRARY_SEARCH_PATHS\=/Users/antoniogrillo-balen/Library/Developer/Xcode/DerivedData/risebysolis-gzfsziqwziaggpcbgdowmssiasmi/Build/Products/Debug-iphonesimulator/RNReanimated\ 
    export LINKER_DISPLAYS_MANGLED_NAMES\=NO
    export LINK_FILE_LIST_normal_arm64\=/Users/antoniogrillo-balen/Library/Developer/Xcode/DerivedData/risebysolis-gzfsziqwziaggpcbgdowmssiasmi/Build/Intermediates.noindex/Pods.build/Debug-iphonesimulator/RNReanimated.build/Objects-normal/arm64/RNReanimated.LinkFileList
    export LINK_OBJC_RUNTIME\=YES
    export LINK_WITH_STANDARD_LIBRARIES\=YES
    export LLVM_TARGET_TRIPLE_OS_VERSION\=ios15.1
    export LLVM_TARGET_TRIPLE_SUFFIX\=-simulator
    export LLVM_TARGET_TRIPLE_VENDOR\=apple
    export LM_AUX_CONST_METADATA_LIST_PATH_normal_arm64\=/Users/antoniogrillo-balen/Library/Developer/Xcode/DerivedData/risebysolis-gzfsziqwziaggpcbgdowmssiasmi/Build/Intermediates.noindex/Pods.build/Debug-iphonesimulator/RNReanimated.build/Objects-normal/arm64/RNReanimated.SwiftConstValuesFileList
    export LOCALIZATION_EXPORT_SUPPORTED\=YES
    export LOCALIZATION_PREFERS_STRING_CATALOGS\=NO
    export LOCALIZED_RESOURCES_FOLDER_PATH\=RNReanimated.framework/en.lproj
    export LOCALIZED_STRING_CODE_COMMENTS\=NO
    export LOCALIZED_STRING_MACRO_NAMES\=NSLocalizedString\ CFCopyLocalizedString
    export LOCALIZED_STRING_SWIFTUI_SUPPORT\=YES
    export LOCAL_ADMIN_APPS_DIR\=/Applications/Utilities
    export LOCAL_APPS_DIR\=/Applications
    export LOCAL_DEVELOPER_DIR\=/Library/Developer
    export LOCAL_LIBRARY_DIR\=/Library
    export LOCROOT\=/Users/antoniogrillo-balen/Desktop/Projects/RiseBuild/ios/Pods
    export LOCSYMROOT\=/Users/antoniogrillo-balen/Desktop/Projects/RiseBuild/ios/Pods
    export MACH_O_TYPE\=staticlib
    export MAC_OS_X_PRODUCT_BUILD_VERSION\=25E253
    export MAC_OS_X_VERSION_ACTUAL\=260401
    export MAC_OS_X_VERSION_MAJOR\=260000
    export MAC_OS_X_VERSION_MINOR\=260400
    export MAKE_MERGEABLE\=NO
    export MERGEABLE_LIBRARY\=NO
    export MERGED_BINARY_TYPE\=none
    export MERGE_LINKED_LIBRARIES\=NO
    export METAL_LIBRARY_FILE_BASE\=default
    export METAL_LIBRARY_OUTPUT_DIR\=/Users/antoniogrillo-balen/Library/Developer/Xcode/DerivedData/risebysolis-gzfsziqwziaggpcbgdowmssiasmi/Build/Products/Debug-iphonesimulator/RNReanimated/RNReanimated.framework
    export MODULEMAP_FILE\=Target\ Support\ Files/RNReanimated/RNReanimated.modulemap
    export MODULES_FOLDER_PATH\=RNReanimated.framework/Modules
    export MODULE_CACHE_DIR\=/Users/antoniogrillo-balen/Library/Developer/Xcode/DerivedData/ModuleCache.noindex
    export MTL_ENABLE_DEBUG_INFO\=INCLUDE_SOURCE
    export MTL_FAST_MATH\=YES
    export NATIVE_ARCH\=arm64
    export NATIVE_ARCH_32_BIT\=arm
    export NATIVE_ARCH_64_BIT\=arm64
    export NATIVE_ARCH_ACTUAL\=arm64
    export NO_COMMON\=YES
    export OBJC_ABI_VERSION\=2
    export OBJECT_FILE_DIR\=/Users/antoniogrillo-balen/Library/Developer/Xcode/DerivedData/risebysolis-gzfsziqwziaggpcbgdowmssiasmi/Build/Intermediates.noindex/Pods.build/Debug-iphonesimulator/RNReanimated.build/Objects
    export OBJECT_FILE_DIR_normal\=/Users/antoniogrillo-balen/Library/Developer/Xcode/DerivedData/risebysolis-gzfsziqwziaggpcbgdowmssiasmi/Build/Intermediates.noindex/Pods.build/Debug-iphonesimulator/RNReanimated.build/Objects-normal
    export OBJROOT\=/Users/antoniogrillo-balen/Library/Developer/Xcode/DerivedData/risebysolis-gzfsziqwziaggpcbgdowmssiasmi/Build/Intermediates.noindex
    export ONLY_ACTIVE_ARCH\=YES
    export OS\=MACOS
    export OSAC\=/usr/bin/osacompile
    export OTHER_CFLAGS\=\ -DFOLLY_NO_CONFIG\ -DFOLLY_MOBILE\=1\ -DFOLLY_USE_LIBCPP\=1\ -Wno-comma\ -Wno-shorten-64-to-32\ -DREACT_NATIVE_MINOR_VERSION\=76\ \ \ -DREANIMATED_VERSION\=3.16.7
    export OTHER_CPLUSPLUSFLAGS\=\ -DFOLLY_NO_CONFIG\ -DFOLLY_MOBILE\=1\ -DFOLLY_USE_LIBCPP\=1\ -Wno-comma\ -Wno-shorten-64-to-32\ -DREACT_NATIVE_MINOR_VERSION\=76\ \ \ -DREANIMATED_VERSION\=3.16.7\ -DFOLLY_NO_CONFIG\ -DFOLLY_MOBILE\=1\ -DFOLLY_USE_LIBCPP\=1\ -DFOLLY_CFG_NO_COROUTINES\=1\ -DFOLLY_HAVE_CLOCK_GETTIME\=1\ -Wno-comma\ -Wno-shorten-64-to-32
    export OTHER_LDFLAGS\=\ \ 
    export PACKAGE_TYPE\=com.apple.package-type.wrapper.framework
    export PASCAL_STRINGS\=YES
    export PATH\=/Applications/Xcode.app/Contents/SharedFrameworks/SwiftBuild.framework/Versions/A/PlugIns/SWBBuildService.bundle/Contents/PlugIns/SWBUniversalPlatformPlugin.bundle/Contents/Frameworks/SWBUniversalPlatform.framework/Resources:/Applications/Xcode.app/Contents/Developer/Toolchains/XcodeDefault.xctoolchain/usr/bin:/Applications/Xcode.app/Contents/Developer/Toolchains/XcodeDefault.xctoolchain/usr/local/bin:/Applications/Xcode.app/Contents/Developer/Toolchains/XcodeDefault.xctoolchain/usr/libexec:/Applications/Xcode.app/Contents/Developer/Platforms/iPhoneSimulator.platform/usr/bin:/Applications/Xcode.app/Contents/Developer/Platforms/iPhoneSimulator.platform/usr/local/bin:/Applications/Xcode.app/Contents/Developer/Platforms/iPhoneSimulator.platform/Developer/usr/bin:/Applications/Xcode.app/Contents/Developer/Platforms/iPhoneSimulator.platform/Developer/usr/local/bin:/Applications/Xcode.app/Contents/Developer/usr/bin:/Applications/Xcode.app/Contents/Developer/usr/local/bin:/opt/homebrew/opt/ruby/bin:/opt/homebrew/lib/ruby/gems/4.0.0/bin:/opt/homebrew/bin:/opt/homebrew/sbin:/Users/antoniogrillo-balen/.nvm/versions/node/v24.14.1/bin:/Library/Frameworks/Python.framework/Versions/3.14/bin:/usr/local/bin:/System/Cryptexes/App/usr/bin:/usr/bin:/bin:/usr/sbin:/sbin:/var/run/com.apple.security.cryptexd/codex.system/bootstrap/usr/local/bin:/var/run/com.apple.security.cryptexd/codex.system/bootstrap/usr/bin:/var/run/com.apple.security.cryptexd/codex.system/bootstrap/usr/appleinternal/bin:/opt/pkg/env/active/bin:/opt/pmk/env/global/bin:/Library/Apple/usr/bin:/Applications/VMware\ Fusion.app/Contents/Public:/Users/antoniogrillo-balen/.cargo/bin:/Users/antoniogrillo-balen/.cache/plugins/.install-staging/25283474a0e0d4a060cb0e915c1ec54e3d41ef2e/cursor/repo/bin:/Users/antoniogrillo-balen/.claude/plugins/cache/claude-plugins-official/superpowers/5.1.0/bin:/Users/antoniogrillo-balen/.claude/plugins/cache/claude-plugins-official/frontend-design/unknown/bin:/Users/antoniogrillo-balen/.claude/plugins/cache/claude-plugins-official/code-simplifier/1.0.0/bin:/Users/antoniogrillo-balen/.claude/plugins/cache/claude-plugins-official/security-guidance/unknown/bin:/Users/antoniogrillo-balen/.claude/plugins/cache/thedotmack/claude-mem/12.1.1/bin
    export PATH_PREFIXES_EXCLUDED_FROM_HEADER_DEPENDENCIES\=/usr/include\ /usr/local/include\ /System/Library/Frameworks\ /System/Library/PrivateFrameworks\ /Applications/Xcode.app/Contents/Developer/Headers\ /Applications/Xcode.app/Contents/Developer/SDKs\ /Applications/Xcode.app/Contents/Developer/Platforms
    export PBDEVELOPMENTPLIST_PATH\=RNReanimated.framework/pbdevelopment.plist
    export PER_ARCH_MODULE_FILE_DIR\=/Users/antoniogrillo-balen/Library/Developer/Xcode/DerivedData/risebysolis-gzfsziqwziaggpcbgdowmssiasmi/Build/Intermediates.noindex/Pods.build/Debug-iphonesimulator/RNReanimated.build/Objects-normal/undefined_arch
    export PER_ARCH_OBJECT_FILE_DIR\=/Users/antoniogrillo-balen/Library/Developer/Xcode/DerivedData/risebysolis-gzfsziqwziaggpcbgdowmssiasmi/Build/Intermediates.noindex/Pods.build/Debug-iphonesimulator/RNReanimated.build/Objects-normal/undefined_arch
    export PER_VARIANT_OBJECT_FILE_DIR\=/Users/antoniogrillo-balen/Library/Developer/Xcode/DerivedData/risebysolis-gzfsziqwziaggpcbgdowmssiasmi/Build/Intermediates.noindex/Pods.build/Debug-iphonesimulator/RNReanimated.build/Objects-normal
    export PKGINFO_FILE_PATH\=/Users/antoniogrillo-balen/Library/Developer/Xcode/DerivedData/risebysolis-gzfsziqwziaggpcbgdowmssiasmi/Build/Intermediates.noindex/Pods.build/Debug-iphonesimulator/RNReanimated.build/PkgInfo
    export PKGINFO_PATH\=RNReanimated.framework/PkgInfo
    export PLATFORM_DEVELOPER_APPLICATIONS_DIR\=/Applications/Xcode.app/Contents/Developer/Platforms/iPhoneSimulator.platform/Developer/Applications
    export PLATFORM_DEVELOPER_BIN_DIR\=/Applications/Xcode.app/Contents/Developer/Platforms/iPhoneSimulator.platform/Developer/usr/bin
    export PLATFORM_DEVELOPER_LIBRARY_DIR\=/Applications/Xcode.app/Contents/Developer/Platforms/iPhoneSimulator.platform/Developer/Library
    export PLATFORM_DEVELOPER_SDK_DIR\=/Applications/Xcode.app/Contents/Developer/Platforms/iPhoneSimulator.platform/Developer/SDKs
    export PLATFORM_DEVELOPER_TOOLS_DIR\=/Applications/Xcode.app/Contents/Developer/Platforms/iPhoneSimulator.platform/Developer/Tools
    export PLATFORM_DEVELOPER_USR_DIR\=/Applications/Xcode.app/Contents/Developer/Platforms/iPhoneSimulator.platform/Developer/usr
    export PLATFORM_DIR\=/Applications/Xcode.app/Contents/Developer/Platforms/iPhoneSimulator.platform
    export PLATFORM_DISPLAY_NAME\=iOS\ Simulator
    export PLATFORM_FAMILY_NAME\=iOS
    export PLATFORM_NAME\=iphonesimulator
    export PLATFORM_PREFERRED_ARCH\=x86_64
    export PLATFORM_PRODUCT_BUILD_VERSION\=23F73
    export PLATFORM_REQUIRES_SWIFT_AUTOLINK_EXTRACT\=NO
    export PLATFORM_REQUIRES_SWIFT_MODULEWRAP\=NO
    export PLATFORM_USES_DSYMS\=YES
    export PLIST_FILE_OUTPUT_FORMAT\=binary
    export PLUGINS_FOLDER_PATH\=RNReanimated.framework/PlugIns
    export PODS_BUILD_DIR\=/Users/antoniogrillo-balen/Library/Developer/Xcode/DerivedData/risebysolis-gzfsziqwziaggpcbgdowmssiasmi/Build/Products
    export PODS_CONFIGURATION_BUILD_DIR\=/Users/antoniogrillo-balen/Library/Developer/Xcode/DerivedData/risebysolis-gzfsziqwziaggpcbgdowmssiasmi/Build/Products/Debug-iphonesimulator
    export PODS_DEVELOPMENT_LANGUAGE\=en
    export PODS_ROOT\=/Users/antoniogrillo-balen/Desktop/Projects/RiseBuild/ios/Pods
    export PODS_TARGET_SRCROOT\=/Users/antoniogrillo-balen/Desktop/Projects/RiseBuild/ios/Pods/../../node_modules/react-native-reanimated
    export PODS_XCFRAMEWORKS_BUILD_DIR\=/Users/antoniogrillo-balen/Library/Developer/Xcode/DerivedData/risebysolis-gzfsziqwziaggpcbgdowmssiasmi/Build/Products/Debug-iphonesimulator/XCFrameworkIntermediates
    export PRECOMPS_INCLUDE_HEADERS_FROM_BUILT_PRODUCTS_DIR\=YES
    export PRECOMP_DESTINATION_DIR\=/Users/antoniogrillo-balen/Library/Developer/Xcode/DerivedData/risebysolis-gzfsziqwziaggpcbgdowmssiasmi/Build/Intermediates.noindex/Pods.build/Debug-iphonesimulator/RNReanimated.build/PrefixHeaders
    export PRIVATE_HEADERS_FOLDER_PATH\=RNReanimated.framework/PrivateHeaders
    export PROCESSED_INFOPLIST_PATH\=/Users/antoniogrillo-balen/Library/Developer/Xcode/DerivedData/risebysolis-gzfsziqwziaggpcbgdowmssiasmi/Build/Intermediates.noindex/Pods.build/Debug-iphonesimulator/RNReanimated.build/Objects-normal/undefined_arch/Processed-Info.plist
    export PRODUCT_BUNDLE_IDENTIFIER\=org.cocoapods.RNReanimated
    export PRODUCT_BUNDLE_PACKAGE_TYPE\=FMWK
    export PRODUCT_MODULE_NAME\=RNReanimated
    export PRODUCT_NAME\=RNReanimated
    export PRODUCT_SETTINGS_PATH\=/Users/antoniogrillo-balen/Desktop/Projects/RiseBuild/ios/Pods/Target\ Support\ Files/RNReanimated/RNReanimated-Info.plist
    export PRODUCT_TYPE\=com.apple.product-type.framework
    export PROFILING_CODE\=NO
    export PROJECT\=Pods
    export PROJECT_DERIVED_FILE_DIR\=/Users/antoniogrillo-balen/Library/Developer/Xcode/DerivedData/risebysolis-gzfsziqwziaggpcbgdowmssiasmi/Build/Intermediates.noindex/Pods.build/DerivedSources
    export PROJECT_DIR\=/Users/antoniogrillo-balen/Desktop/Projects/RiseBuild/ios/Pods
    export PROJECT_FILE_PATH\=/Users/antoniogrillo-balen/Desktop/Projects/RiseBuild/ios/Pods/Pods.xcodeproj
    export PROJECT_GUID\=8699adb1dd336b26511df848a716bd42
    export PROJECT_NAME\=Pods
    export PROJECT_TEMP_DIR\=/Users/antoniogrillo-balen/Library/Developer/Xcode/DerivedData/risebysolis-gzfsziqwziaggpcbgdowmssiasmi/Build/Intermediates.noindex/Pods.build
    export PROJECT_TEMP_ROOT\=/Users/antoniogrillo-balen/Library/Developer/Xcode/DerivedData/risebysolis-gzfsziqwziaggpcbgdowmssiasmi/Build/Intermediates.noindex
    export PUBLIC_HEADERS_FOLDER_PATH\=RNReanimated.framework/Headers
    export REACT_NATIVE_PATH\=/Users/antoniogrillo-balen/Desktop/Projects/RiseBuild/ios/Pods/../../node_modules/react-native
    export RECOMMENDED_IPHONEOS_DEPLOYMENT_TARGET\=15.0
    export RECURSIVE_SEARCH_PATHS_FOLLOW_SYMLINKS\=YES
    export REMOVE_CVS_FROM_RESOURCES\=YES
    export REMOVE_GIT_FROM_RESOURCES\=YES
    export REMOVE_HEADERS_FROM_EMBEDDED_BUNDLES\=YES
    export REMOVE_HG_FROM_RESOURCES\=YES
    export REMOVE_STATIC_EXECUTABLES_FROM_EMBEDDED_BUNDLES\=YES
    export REMOVE_SVN_FROM_RESOURCES\=YES
    export RESCHEDULE_INDEPENDENT_HEADERS_PHASES\=YES
    export REZ_COLLECTOR_DIR\=/Users/antoniogrillo-balen/Library/Developer/Xcode/DerivedData/risebysolis-gzfsziqwziaggpcbgdowmssiasmi/Build/Intermediates.noindex/Pods.build/Debug-iphonesimulator/RNReanimated.build/ResourceManagerResources
    export REZ_OBJECTS_DIR\=/Users/antoniogrillo-balen/Library/Developer/Xcode/DerivedData/risebysolis-gzfsziqwziaggpcbgdowmssiasmi/Build/Intermediates.noindex/Pods.build/Debug-iphonesimulator/RNReanimated.build/ResourceManagerResources/Objects
    export REZ_SEARCH_PATHS\=/Users/antoniogrillo-balen/Library/Developer/Xcode/DerivedData/risebysolis-gzfsziqwziaggpcbgdowmssiasmi/Build/Products/Debug-iphonesimulator/RNReanimated\ 
    export RPATH_ORIGIN\=@loader_path
    export RUNTIME_EXCEPTION_ALLOW_DYLD_ENVIRONMENT_VARIABLES\=NO
    export RUNTIME_EXCEPTION_ALLOW_JIT\=NO
    export RUNTIME_EXCEPTION_ALLOW_UNSIGNED_EXECUTABLE_MEMORY\=NO
    export RUNTIME_EXCEPTION_DEBUGGING_TOOL\=NO
    export RUNTIME_EXCEPTION_DISABLE_EXECUTABLE_PAGE_PROTECTION\=NO
    export RUNTIME_EXCEPTION_DISABLE_LIBRARY_VALIDATION\=NO
    export SCANNING_PCM_KEEP_CACHE_DIRECTORY\=YES
    export SCAN_ALL_SOURCE_FILES_FOR_INCLUDES\=NO
    export SCRIPTS_FOLDER_PATH\=RNReanimated.framework/Scripts
    export SCRIPT_INPUT_FILE_COUNT\=0
    export SCRIPT_INPUT_FILE_LIST_COUNT\=0
    export SCRIPT_OUTPUT_FILE_COUNT\=0
    export SCRIPT_OUTPUT_FILE_LIST_COUNT\=0
    export SDKROOT\=/Applications/Xcode.app/Contents/Developer/Platforms/iPhoneSimulator.platform/Developer/SDKs/iPhoneSimulator26.5.sdk
    export SDK_DIR\=/Applications/Xcode.app/Contents/Developer/Platforms/iPhoneSimulator.platform/Developer/SDKs/iPhoneSimulator26.5.sdk
    export SDK_DIR_iphonesimulator\=/Applications/Xcode.app/Contents/Developer/Platforms/iPhoneSimulator.platform/Developer/SDKs/iPhoneSimulator26.5.sdk
    export SDK_DIR_iphonesimulator26_5\=/Applications/Xcode.app/Contents/Developer/Platforms/iPhoneSimulator.platform/Developer/SDKs/iPhoneSimulator26.5.sdk
    export SDK_NAME\=iphonesimulator26.5
    export SDK_NAMES\=iphonesimulator26.5
    export SDK_PRODUCT_BUILD_VERSION\=23F73
    export SDK_STAT_CACHE_DIR\=/Users/antoniogrillo-balen/Library/Developer/Xcode/DerivedData
    export SDK_STAT_CACHE_ENABLE\=YES
    export SDK_STAT_CACHE_PATH\=/Users/antoniogrillo-balen/Library/Developer/Xcode/DerivedData/SDKStatCaches.noindex/iphonesimulator26.5-23F73-6cfe768891a92b912361537c460fe42b.sdkstatcache
    export SDK_VERSION\=26.5
    export SDK_VERSION_ACTUAL\=260500
    export SDK_VERSION_MAJOR\=260000
    export SDK_VERSION_MINOR\=260500
    export SED\=/usr/bin/sed
    export SEPARATE_STRIP\=NO
    export SEPARATE_SYMBOL_EDIT\=NO
    export SET_DIR_MODE_OWNER_GROUP\=YES
    export SET_FILE_MODE_OWNER_GROUP\=NO
    export SHALLOW_BUNDLE\=YES
    export SHALLOW_BUNDLE_TRIPLE\=ios-simulator
    export SHALLOW_BUNDLE_ios_macabi\=NO
    export SHALLOW_BUNDLE_macos\=NO
    export SHARED_DERIVED_FILE_DIR\=/Users/antoniogrillo-balen/Library/Developer/Xcode/DerivedData/risebysolis-gzfsziqwziaggpcbgdowmssiasmi/Build/Products/Debug-iphonesimulator/RNReanimated/DerivedSources
    export SHARED_FRAMEWORKS_FOLDER_PATH\=RNReanimated.framework/SharedFrameworks
    export SHARED_PRECOMPS_DIR\=/Users/antoniogrillo-balen/Library/Developer/Xcode/DerivedData/risebysolis-gzfsziqwziaggpcbgdowmssiasmi/Build/Intermediates.noindex/PrecompiledHeaders
    export SHARED_SUPPORT_FOLDER_PATH\=RNReanimated.framework
    export SKIP_INSTALL\=YES
    export SKIP_MERGEABLE_LIBRARY_BUNDLE_HOOK\=NO
    export SOURCE_ROOT\=/Users/antoniogrillo-balen/Desktop/Projects/RiseBuild/ios/Pods
    export SRCROOT\=/Users/antoniogrillo-balen/Desktop/Projects/RiseBuild/ios/Pods
    export STRINGSDATA_DIR\=/Users/antoniogrillo-balen/Library/Developer/Xcode/DerivedData/risebysolis-gzfsziqwziaggpcbgdowmssiasmi/Build/Intermediates.noindex/Pods.build/Debug-iphonesimulator/RNReanimated.build/Objects-normal/undefined_arch
    export STRINGSDATA_ROOT\=/Users/antoniogrillo-balen/Library/Developer/Xcode/DerivedData/risebysolis-gzfsziqwziaggpcbgdowmssiasmi/Build/Intermediates.noindex/Pods.build/Debug-iphonesimulator/RNReanimated.build
    export STRINGS_FILE_INFOPLIST_RENAME\=YES
    export STRINGS_FILE_OUTPUT_ENCODING\=binary
    export STRING_CATALOG_GENERATE_SYMBOLS\=NO
    export STRIP_BITCODE_FROM_COPIED_FILES\=NO
    export STRIP_INSTALLED_PRODUCT\=NO
    export STRIP_STYLE\=debugging
    export STRIP_SWIFT_SYMBOLS\=YES
    export SUPPORTED_DEVICE_FAMILIES\=1,2
    export SUPPORTED_PLATFORMS\=iphoneos\ iphonesimulator
    export SUPPORTS_TEXT_BASED_API\=NO
    export SUPPRESS_WARNINGS\=NO
    export SWIFT_ACTIVE_COMPILATION_CONDITIONS\=\ DEBUG\ 
    export SWIFT_EMIT_CONST_VALUE_PROTOCOLS\=AnyResolverProviding\ AppEntity\ AppEnum\ AppExtension\ AppIntent\ AppIntentsPackage\ AppShortcutProviding\ AppShortcutsProvider\ AppUnionValue\ AppUnionValueCasesProviding\ DynamicOptionsProvider\ EntityQuery\ ExtensionPointDefining\ IntentValueQuery\ Resolver\ TransientEntity\ _AssistantIntentsProvider\ _GenerativeFunctionExtractable\ _IntentValueRepresentable
    export SWIFT_EMIT_LOC_STRINGS\=NO
    export SWIFT_ENABLE_EXPLICIT_MODULES\=YES
    export SWIFT_INSTALL_MODULE_FOR_DEPLOYMENT\=YES
    export SWIFT_INSTALL_OBJC_HEADER\=YES
    export SWIFT_OPTIMIZATION_LEVEL\=-Onone
    export SWIFT_PLATFORM_TARGET_PREFIX\=ios
    export SWIFT_RESPONSE_FILE_PATH_normal_arm64\=/Users/antoniogrillo-balen/Library/Developer/Xcode/DerivedData/risebysolis-gzfsziqwziaggpcbgdowmssiasmi/Build/Intermediates.noindex/Pods.build/Debug-iphonesimulator/RNReanimated.build/Objects-normal/arm64/RNReanimated.SwiftFileList
    export SWIFT_VERSION\=5.0
    export SYMROOT\=/Users/antoniogrillo-balen/Library/Developer/Xcode/DerivedData/risebysolis-gzfsziqwziaggpcbgdowmssiasmi/Build/Products
    export SYSTEM_ADMIN_APPS_DIR\=/Applications/Utilities
    export SYSTEM_APPS_DIR\=/Applications
    export SYSTEM_CORE_SERVICES_DIR\=/System/Library/CoreServices
    export SYSTEM_DEMOS_DIR\=/Applications/Extras
    export SYSTEM_DEVELOPER_APPS_DIR\=/Applications/Xcode.app/Contents/Developer/Applications
    export SYSTEM_DEVELOPER_BIN_DIR\=/Applications/Xcode.app/Contents/Developer/usr/bin
    export SYSTEM_DEVELOPER_DEMOS_DIR\=/Applications/Xcode.app/Contents/Developer/Applications/Utilities/Built\ Examples
    export SYSTEM_DEVELOPER_DIR\=/Applications/Xcode.app/Contents/Developer
    export SYSTEM_DEVELOPER_DOC_DIR\=/Applications/Xcode.app/Contents/Developer/ADC\ Reference\ Library
    export SYSTEM_DEVELOPER_GRAPHICS_TOOLS_DIR\=/Applications/Xcode.app/Contents/Developer/Applications/Graphics\ Tools
    export SYSTEM_DEVELOPER_JAVA_TOOLS_DIR\=/Applications/Xcode.app/Contents/Developer/Applications/Java\ Tools
    export SYSTEM_DEVELOPER_PERFORMANCE_TOOLS_DIR\=/Applications/Xcode.app/Contents/Developer/Applications/Performance\ Tools
    export SYSTEM_DEVELOPER_RELEASENOTES_DIR\=/Applications/Xcode.app/Contents/Developer/ADC\ Reference\ Library/releasenotes
    export SYSTEM_DEVELOPER_TOOLS\=/Applications/Xcode.app/Contents/Developer/Tools
    export SYSTEM_DEVELOPER_TOOLS_DOC_DIR\=/Applications/Xcode.app/Contents/Developer/ADC\ Reference\ Library/documentation/DeveloperTools
    export SYSTEM_DEVELOPER_TOOLS_RELEASENOTES_DIR\=/Applications/Xcode.app/Contents/Developer/ADC\ Reference\ Library/releasenotes/DeveloperTools
    export SYSTEM_DEVELOPER_USR_DIR\=/Applications/Xcode.app/Contents/Developer/usr
    export SYSTEM_DEVELOPER_UTILITIES_DIR\=/Applications/Xcode.app/Contents/Developer/Applications/Utilities
    export SYSTEM_DEXT_INSTALL_PATH\=/System/Library/DriverExtensions
    export SYSTEM_DOCUMENTATION_DIR\=/Library/Documentation
    export SYSTEM_EXTENSIONS_FOLDER_PATH\=RNReanimated.framework/SystemExtensions
    export SYSTEM_EXTENSIONS_FOLDER_PATH_SHALLOW_BUNDLE_NO\=RNReanimated.framework/Library/SystemExtensions
    export SYSTEM_EXTENSIONS_FOLDER_PATH_SHALLOW_BUNDLE_YES\=RNReanimated.framework/SystemExtensions
    export SYSTEM_KEXT_INSTALL_PATH\=/System/Library/Extensions
    export SYSTEM_LIBRARY_DIR\=/System/Library
    export TAPI_DEMANGLE\=YES
    export TAPI_ENABLE_PROJECT_HEADERS\=NO
    export TAPI_LANGUAGE\=objective-c
    export TAPI_LANGUAGE_STANDARD\=compiler-default
    export TAPI_USE_SRCROOT\=YES
    export TAPI_VERIFY_MODE\=Pedantic
    export TARGETED_DEVICE_FAMILY\=1,2
    export TARGETNAME\=RNReanimated
    export TARGET_BUILD_DIR\=/Users/antoniogrillo-balen/Library/Developer/Xcode/DerivedData/risebysolis-gzfsziqwziaggpcbgdowmssiasmi/Build/Products/Debug-iphonesimulator/RNReanimated
    export TARGET_DEVICE_IDENTIFIER\=0C333F8A-4681-4475-855E-6FFD70F12533
    export TARGET_DEVICE_MODEL\=iPhone16,2
    export TARGET_DEVICE_OS_VERSION\=26.4.1
    export TARGET_DEVICE_PLATFORM_NAME\=iphonesimulator
    export TARGET_NAME\=RNReanimated
    export TARGET_TEMP_DIR\=/Users/antoniogrillo-balen/Library/Developer/Xcode/DerivedData/risebysolis-gzfsziqwziaggpcbgdowmssiasmi/Build/Intermediates.noindex/Pods.build/Debug-iphonesimulator/RNReanimated.build
    export TEMP_DIR\=/Users/antoniogrillo-balen/Library/Developer/Xcode/DerivedData/risebysolis-gzfsziqwziaggpcbgdowmssiasmi/Build/Intermediates.noindex/Pods.build/Debug-iphonesimulator/RNReanimated.build
    export TEMP_FILES_DIR\=/Users/antoniogrillo-balen/Library/Developer/Xcode/DerivedData/risebysolis-gzfsziqwziaggpcbgdowmssiasmi/Build/Intermediates.noindex/Pods.build/Debug-iphonesimulator/RNReanimated.build
    export TEMP_FILE_DIR\=/Users/antoniogrillo-balen/Library/Developer/Xcode/DerivedData/risebysolis-gzfsziqwziaggpcbgdowmssiasmi/Build/Intermediates.noindex/Pods.build/Debug-iphonesimulator/RNReanimated.build
    export TEMP_ROOT\=/Users/antoniogrillo-balen/Library/Developer/Xcode/DerivedData/risebysolis-gzfsziqwziaggpcbgdowmssiasmi/Build/Intermediates.noindex
    export TEMP_SANDBOX_DIR\=/Users/antoniogrillo-balen/Library/Developer/Xcode/DerivedData/risebysolis-gzfsziqwziaggpcbgdowmssiasmi/Build/Intermediates.noindex/TemporaryTaskSandboxes
    export TEST_FRAMEWORK_SEARCH_PATHS\=\ /Applications/Xcode.app/Contents/Developer/Platforms/iPhoneSimulator.platform/Developer/Library/Frameworks\ /Applications/Xcode.app/Contents/Developer/Platforms/iPhoneSimulator.platform/Developer/SDKs/iPhoneSimulator26.5.sdk/Developer/Library/Frameworks
    export TEST_LIBRARY_SEARCH_PATHS\=\ /Applications/Xcode.app/Contents/Developer/Platforms/iPhoneSimulator.platform/Developer/usr/lib
    export TOOLCHAINS\=com.apple.dt.toolchain.XcodeDefault
    export TOOLCHAIN_DIR\=/Applications/Xcode.app/Contents/Developer/Toolchains/XcodeDefault.xctoolchain
    export TREAT_MISSING_BASELINES_AS_TEST_FAILURES\=NO
    export TREAT_MISSING_SCRIPT_PHASE_OUTPUTS_AS_ERRORS\=NO
    export TeamIdentifierPrefix\=FAKETEAMID.
    export UID\=501
    export UNINSTALLED_PRODUCTS_DIR\=/Users/antoniogrillo-balen/Library/Developer/Xcode/DerivedData/risebysolis-gzfsziqwziaggpcbgdowmssiasmi/Build/Intermediates.noindex/UninstalledProducts
    export UNLOCALIZED_RESOURCES_FOLDER_PATH\=RNReanimated.framework
    export UNLOCALIZED_RESOURCES_FOLDER_PATH_SHALLOW_BUNDLE_NO\=RNReanimated.framework/Resources
    export UNLOCALIZED_RESOURCES_FOLDER_PATH_SHALLOW_BUNDLE_YES\=RNReanimated.framework
    export UNSTRIPPED_PRODUCT\=NO
    export USER\=antoniogrillo-balen
    export USER_APPS_DIR\=/Users/antoniogrillo-balen/Applications
    export USER_LIBRARY_DIR\=/Users/antoniogrillo-balen/Library
    export USE_DYNAMIC_NO_PIC\=YES
    export USE_HEADERMAP\=YES
    export USE_HEADER_SYMLINKS\=NO
    export USE_HERMES\=true
    export USE_RECURSIVE_SCRIPT_INPUTS_IN_SCRIPT_PHASES\=YES
    export VALIDATE_DEVELOPMENT_ASSET_PATHS\=YES_ERROR
    export VALIDATE_PRODUCT\=NO
    export VALID_ARCHS\=arm64\ x86_64
    export VERBOSE_PBXCP\=NO
    export VERSIONING_SYSTEM\=apple-generic
    export VERSIONPLIST_PATH\=RNReanimated.framework/version.plist
    export VERSIONS_FOLDER_PATH\=RNReanimated.framework
    export VERSIONS_FOLDER_PATH_SHALLOW_BUNDLE_NO\=RNReanimated.framework/Versions
    export VERSIONS_FOLDER_PATH_SHALLOW_BUNDLE_YES\=RNReanimated.framework
    export VERSION_INFO_BUILDER\=antoniogrillo-balen
    export VERSION_INFO_FILE\=RNReanimated_vers.c
    export VERSION_INFO_STRING\=\"@\(\#\)PROGRAM:RNReanimated\ \ PROJECT:Pods-1\"
    export WORKSPACE_DIR\=/Users/antoniogrillo-balen/Desktop/Projects/RiseBuild/ios
    export WRAPPER_EXTENSION\=framework
    export WRAPPER_NAME\=RNReanimated.framework
    export WRAPPER_SUFFIX\=.framework
    export WRAP_ASSET_PACKS_IN_SEPARATE_DIRECTORIES\=NO
    export XCODE_APP_SUPPORT_DIR\=/Applications/Xcode.app/Contents/Developer/Library/Xcode
    export XCODE_PRODUCT_BUILD_VERSION\=17F42
    export XCODE_VERSION_ACTUAL\=2650
    export XCODE_VERSION_MAJOR\=2600
    export XCODE_VERSION_MINOR\=2650
    export XPCSERVICES_FOLDER_PATH\=RNReanimated.framework/XPCServices
    export YACC\=yacc
    export _DISCOVER_COMMAND_LINE_LINKER_INPUTS\=YES
    export _DISCOVER_COMMAND_LINE_LINKER_INPUTS_INCLUDE_WL\=YES
    export _LD_MULTIARCH\=YES
    export _WRAPPER_CONTENTS_DIR_SHALLOW_BUNDLE_NO\=/Contents
    export _WRAPPER_PARENT_PATH_SHALLOW_BUNDLE_NO\=/..
    export _WRAPPER_RESOURCES_DIR_SHALLOW_BUNDLE_NO\=/Resources
    export __DIAGNOSE_DEPRECATED_ARCHS\=YES
    export __ORIGINAL_SDK_DEFINED_LLVM_TARGET_TRIPLE_SYS\=ios
    export arch\=undefined_arch
    export variant\=normal
    /bin/sh -c /Users/antoniogrillo-balen/Library/Developer/Xcode/DerivedData/risebysolis-gzfsziqwziaggpcbgdowmssiasmi/Build/Intermediates.noindex/Pods.build/Debug-iphonesimulator/RNReanimated.build/Script-46EB2E00022900.sh

ProcessInfoPlistFile /Users/antoniogrillo-balen/Library/Developer/Xcode/DerivedData/risebysolis-gzfsziqwziaggpcbgdowmssiasmi/Build/Products/Debug-iphonesimulator/RevenueCat/RevenueCat.framework/Info.plist /Users/antoniogrillo-balen/Desktop/Projects/RiseBuild/ios/Pods/Target\ Support\ Files/RevenueCat/RevenueCat-Info.plist (in target 'RevenueCat' from project 'Pods')
    cd /Users/antoniogrillo-balen/Desktop/Projects/RiseBuild/ios/Pods
    builtin-infoPlistUtility /Users/antoniogrillo-balen/Desktop/Projects/RiseBuild/ios/Pods/Target\ Support\ Files/RevenueCat/RevenueCat-Info.plist -producttype com.apple.product-type.framework -expandbuildsettings -format binary -platform iphonesimulator -o /Users/antoniogrillo-balen/Library/Developer/Xcode/DerivedData/risebysolis-gzfsziqwziaggpcbgdowmssiasmi/Build/Products/Debug-iphonesimulator/RevenueCat/RevenueCat.framework/Info.plist

ProcessInfoPlistFile /Users/antoniogrillo-balen/Library/Developer/Xcode/DerivedData/risebysolis-gzfsziqwziaggpcbgdowmssiasmi/Build/Products/Debug-iphonesimulator/PromisesObjC/FBLPromises.framework/Info.plist /Users/antoniogrillo-balen/Desktop/Projects/RiseBuild/ios/Pods/Target\ Support\ Files/PromisesObjC/PromisesObjC-Info.plist (in target 'PromisesObjC' from project 'Pods')
    cd /Users/antoniogrillo-balen/Desktop/Projects/RiseBuild/ios/Pods
    builtin-infoPlistUtility /Users/antoniogrillo-balen/Desktop/Projects/RiseBuild/ios/Pods/Target\ Support\ Files/PromisesObjC/PromisesObjC-Info.plist -producttype com.apple.product-type.framework -expandbuildsettings -format binary -platform iphonesimulator -o /Users/antoniogrillo-balen/Library/Developer/Xcode/DerivedData/risebysolis-gzfsziqwziaggpcbgdowmssiasmi/Build/Products/Debug-iphonesimulator/PromisesObjC/FBLPromises.framework/Info.plist

ProcessInfoPlistFile /Users/antoniogrillo-balen/Library/Developer/Xcode/DerivedData/risebysolis-gzfsziqwziaggpcbgdowmssiasmi/Build/Products/Debug-iphonesimulator/GoogleUtilities/GoogleUtilities.framework/Info.plist /Users/antoniogrillo-balen/Desktop/Projects/RiseBuild/ios/Pods/Target\ Support\ Files/GoogleUtilities/GoogleUtilities-Info.plist (in target 'GoogleUtilities' from project 'Pods')
    cd /Users/antoniogrillo-balen/Desktop/Projects/RiseBuild/ios/Pods
    builtin-infoPlistUtility /Users/antoniogrillo-balen/Desktop/Projects/RiseBuild/ios/Pods/Target\ Support\ Files/GoogleUtilities/GoogleUtilities-Info.plist -producttype com.apple.product-type.framework -expandbuildsettings -format binary -platform iphonesimulator -o /Users/antoniogrillo-balen/Library/Developer/Xcode/DerivedData/risebysolis-gzfsziqwziaggpcbgdowmssiasmi/Build/Products/Debug-iphonesimulator/GoogleUtilities/GoogleUtilities.framework/Info.plist

ProcessInfoPlistFile /Users/antoniogrillo-balen/Library/Developer/Xcode/DerivedData/risebysolis-gzfsziqwziaggpcbgdowmssiasmi/Build/Products/Debug-iphonesimulator/GTMSessionFetcher/GTMSessionFetcher.framework/Info.plist /Users/antoniogrillo-balen/Desktop/Projects/RiseBuild/ios/Pods/Target\ Support\ Files/GTMSessionFetcher/GTMSessionFetcher-Info.plist (in target 'GTMSessionFetcher' from project 'Pods')
    cd /Users/antoniogrillo-balen/Desktop/Projects/RiseBuild/ios/Pods
    builtin-infoPlistUtility /Users/antoniogrillo-balen/Desktop/Projects/RiseBuild/ios/Pods/Target\ Support\ Files/GTMSessionFetcher/GTMSessionFetcher-Info.plist -producttype com.apple.product-type.framework -expandbuildsettings -format binary -platform iphonesimulator -o /Users/antoniogrillo-balen/Library/Developer/Xcode/DerivedData/risebysolis-gzfsziqwziaggpcbgdowmssiasmi/Build/Products/Debug-iphonesimulator/GTMSessionFetcher/GTMSessionFetcher.framework/Info.plist

ProcessInfoPlistFile /Users/antoniogrillo-balen/Library/Developer/Xcode/DerivedData/risebysolis-gzfsziqwziaggpcbgdowmssiasmi/Build/Products/Debug-iphonesimulator/FirebaseAuthInterop/FirebaseAuthInterop.framework/Info.plist /Users/antoniogrillo-balen/Desktop/Projects/RiseBuild/ios/Pods/Target\ Support\ Files/FirebaseAuthInterop/FirebaseAuthInterop-Info.plist (in target 'FirebaseAuthInterop' from project 'Pods')
    cd /Users/antoniogrillo-balen/Desktop/Projects/RiseBuild/ios/Pods
    builtin-infoPlistUtility /Users/antoniogrillo-balen/Desktop/Projects/RiseBuild/ios/Pods/Target\ Support\ Files/FirebaseAuthInterop/FirebaseAuthInterop-Info.plist -producttype com.apple.product-type.framework -expandbuildsettings -format binary -platform iphonesimulator -o /Users/antoniogrillo-balen/Library/Developer/Xcode/DerivedData/risebysolis-gzfsziqwziaggpcbgdowmssiasmi/Build/Products/Debug-iphonesimulator/FirebaseAuthInterop/FirebaseAuthInterop.framework/Info.plist

ProcessInfoPlistFile /Users/antoniogrillo-balen/Library/Developer/Xcode/DerivedData/risebysolis-gzfsziqwziaggpcbgdowmssiasmi/Build/Products/Debug-iphonesimulator/ExpoSplashScreen/ExpoSplashScreen.framework/Info.plist /Users/antoniogrillo-balen/Desktop/Projects/RiseBuild/ios/Pods/Target\ Support\ Files/ExpoSplashScreen/ExpoSplashScreen-Info.plist (in target 'ExpoSplashScreen' from project 'Pods')
    cd /Users/antoniogrillo-balen/Desktop/Projects/RiseBuild/ios/Pods
    builtin-infoPlistUtility /Users/antoniogrillo-balen/Desktop/Projects/RiseBuild/ios/Pods/Target\ Support\ Files/ExpoSplashScreen/ExpoSplashScreen-Info.plist -producttype com.apple.product-type.framework -expandbuildsettings -format binary -platform iphonesimulator -o /Users/antoniogrillo-balen/Library/Developer/Xcode/DerivedData/risebysolis-gzfsziqwziaggpcbgdowmssiasmi/Build/Products/Debug-iphonesimulator/ExpoSplashScreen/ExpoSplashScreen.framework/Info.plist

ProcessInfoPlistFile /Users/antoniogrillo-balen/Library/Developer/Xcode/DerivedData/risebysolis-gzfsziqwziaggpcbgdowmssiasmi/Build/Products/Debug-iphonesimulator/PurchasesHybridCommon/PurchasesHybridCommon.bundle/Info.plist /Users/antoniogrillo-balen/Desktop/Projects/RiseBuild/ios/Pods/Target\ Support\ Files/PurchasesHybridCommon/ResourceBundle-PurchasesHybridCommon-PurchasesHybridCommon-Info.plist (in target 'PurchasesHybridCommon-PurchasesHybridCommon' from project 'Pods')
    cd /Users/antoniogrillo-balen/Desktop/Projects/RiseBuild/ios/Pods
    builtin-infoPlistUtility /Users/antoniogrillo-balen/Desktop/Projects/RiseBuild/ios/Pods/Target\ Support\ Files/PurchasesHybridCommon/ResourceBundle-PurchasesHybridCommon-PurchasesHybridCommon-Info.plist -producttype com.apple.product-type.bundle -expandbuildsettings -format binary -platform iphonesimulator -o /Users/antoniogrillo-balen/Library/Developer/Xcode/DerivedData/risebysolis-gzfsziqwziaggpcbgdowmssiasmi/Build/Products/Debug-iphonesimulator/PurchasesHybridCommon/PurchasesHybridCommon.bundle/Info.plist

ProcessInfoPlistFile /Users/antoniogrillo-balen/Library/Developer/Xcode/DerivedData/risebysolis-gzfsziqwziaggpcbgdowmssiasmi/Build/Products/Debug-iphonesimulator/FirebaseCoreInternal/FirebaseCoreInternal.framework/Info.plist /Users/antoniogrillo-balen/Desktop/Projects/RiseBuild/ios/Pods/Target\ Support\ Files/FirebaseCoreInternal/FirebaseCoreInternal-Info.plist (in target 'FirebaseCoreInternal' from project 'Pods')
    cd /Users/antoniogrillo-balen/Desktop/Projects/RiseBuild/ios/Pods
    builtin-infoPlistUtility /Users/antoniogrillo-balen/Desktop/Projects/RiseBuild/ios/Pods/Target\ Support\ Files/FirebaseCoreInternal/FirebaseCoreInternal-Info.plist -producttype com.apple.product-type.framework -expandbuildsettings -format binary -platform iphonesimulator -o /Users/antoniogrillo-balen/Library/Developer/Xcode/DerivedData/risebysolis-gzfsziqwziaggpcbgdowmssiasmi/Build/Products/Debug-iphonesimulator/FirebaseCoreInternal/FirebaseCoreInternal.framework/Info.plist

ProcessInfoPlistFile /Users/antoniogrillo-balen/Library/Developer/Xcode/DerivedData/risebysolis-gzfsziqwziaggpcbgdowmssiasmi/Build/Products/Debug-iphonesimulator/ExpoSecureStore/ExpoSecureStore.framework/Info.plist /Users/antoniogrillo-balen/Desktop/Projects/RiseBuild/ios/Pods/Target\ Support\ Files/ExpoSecureStore/ExpoSecureStore-Info.plist (in target 'ExpoSecureStore' from project 'Pods')
    cd /Users/antoniogrillo-balen/Desktop/Projects/RiseBuild/ios/Pods
    builtin-infoPlistUtility /Users/antoniogrillo-balen/Desktop/Projects/RiseBuild/ios/Pods/Target\ Support\ Files/ExpoSecureStore/ExpoSecureStore-Info.plist -producttype com.apple.product-type.framework -expandbuildsettings -format binary -platform iphonesimulator -o /Users/antoniogrillo-balen/Library/Developer/Xcode/DerivedData/risebysolis-gzfsziqwziaggpcbgdowmssiasmi/Build/Products/Debug-iphonesimulator/ExpoSecureStore/ExpoSecureStore.framework/Info.plist

ProcessInfoPlistFile /Users/antoniogrillo-balen/Library/Developer/Xcode/DerivedData/risebysolis-gzfsziqwziaggpcbgdowmssiasmi/Build/Products/Debug-iphonesimulator/ExpoLinking/ExpoLinking.framework/Info.plist /Users/antoniogrillo-balen/Desktop/Projects/RiseBuild/ios/Pods/Target\ Support\ Files/ExpoLinking/ExpoLinking-Info.plist (in target 'ExpoLinking' from project 'Pods')
    cd /Users/antoniogrillo-balen/Desktop/Projects/RiseBuild/ios/Pods
    builtin-infoPlistUtility /Users/antoniogrillo-balen/Desktop/Projects/RiseBuild/ios/Pods/Target\ Support\ Files/ExpoLinking/ExpoLinking-Info.plist -producttype com.apple.product-type.framework -expandbuildsettings -format binary -platform iphonesimulator -o /Users/antoniogrillo-balen/Library/Developer/Xcode/DerivedData/risebysolis-gzfsziqwziaggpcbgdowmssiasmi/Build/Products/Debug-iphonesimulator/ExpoLinking/ExpoLinking.framework/Info.plist

ProcessInfoPlistFile /Users/antoniogrillo-balen/Library/Developer/Xcode/DerivedData/risebysolis-gzfsziqwziaggpcbgdowmssiasmi/Build/Products/Debug-iphonesimulator/PurchasesHybridCommon/PurchasesHybridCommon.framework/Info.plist /Users/antoniogrillo-balen/Desktop/Projects/RiseBuild/ios/Pods/Target\ Support\ Files/PurchasesHybridCommon/PurchasesHybridCommon-Info.plist (in target 'PurchasesHybridCommon' from project 'Pods')
    cd /Users/antoniogrillo-balen/Desktop/Projects/RiseBuild/ios/Pods
    builtin-infoPlistUtility /Users/antoniogrillo-balen/Desktop/Projects/RiseBuild/ios/Pods/Target\ Support\ Files/PurchasesHybridCommon/PurchasesHybridCommon-Info.plist -producttype com.apple.product-type.framework -expandbuildsettings -format binary -platform iphonesimulator -o /Users/antoniogrillo-balen/Library/Developer/Xcode/DerivedData/risebysolis-gzfsziqwziaggpcbgdowmssiasmi/Build/Products/Debug-iphonesimulator/PurchasesHybridCommon/PurchasesHybridCommon.framework/Info.plist

ProcessInfoPlistFile /Users/antoniogrillo-balen/Library/Developer/Xcode/DerivedData/risebysolis-gzfsziqwziaggpcbgdowmssiasmi/Build/Products/Debug-iphonesimulator/FirebaseCore/FirebaseCore_Privacy.bundle/Info.plist /Users/antoniogrillo-balen/Desktop/Projects/RiseBuild/ios/Pods/Target\ Support\ Files/FirebaseCore/ResourceBundle-FirebaseCore_Privacy-FirebaseCore-Info.plist (in target 'FirebaseCore-FirebaseCore_Privacy' from project 'Pods')
    cd /Users/antoniogrillo-balen/Desktop/Projects/RiseBuild/ios/Pods
    builtin-infoPlistUtility /Users/antoniogrillo-balen/Desktop/Projects/RiseBuild/ios/Pods/Target\ Support\ Files/FirebaseCore/ResourceBundle-FirebaseCore_Privacy-FirebaseCore-Info.plist -producttype com.apple.product-type.bundle -expandbuildsettings -format binary -platform iphonesimulator -o /Users/antoniogrillo-balen/Library/Developer/Xcode/DerivedData/risebysolis-gzfsziqwziaggpcbgdowmssiasmi/Build/Products/Debug-iphonesimulator/FirebaseCore/FirebaseCore_Privacy.bundle/Info.plist

ProcessInfoPlistFile /Users/antoniogrillo-balen/Library/Developer/Xcode/DerivedData/risebysolis-gzfsziqwziaggpcbgdowmssiasmi/Build/Products/Debug-iphonesimulator/ExpoKeepAwake/ExpoKeepAwake.framework/Info.plist /Users/antoniogrillo-balen/Desktop/Projects/RiseBuild/ios/Pods/Target\ Support\ Files/ExpoKeepAwake/ExpoKeepAwake-Info.plist (in target 'ExpoKeepAwake' from project 'Pods')
    cd /Users/antoniogrillo-balen/Desktop/Projects/RiseBuild/ios/Pods
    builtin-infoPlistUtility /Users/antoniogrillo-balen/Desktop/Projects/RiseBuild/ios/Pods/Target\ Support\ Files/ExpoKeepAwake/ExpoKeepAwake-Info.plist -producttype com.apple.product-type.framework -expandbuildsettings -format binary -platform iphonesimulator -o /Users/antoniogrillo-balen/Library/Developer/Xcode/DerivedData/risebysolis-gzfsziqwziaggpcbgdowmssiasmi/Build/Products/Debug-iphonesimulator/ExpoKeepAwake/ExpoKeepAwake.framework/Info.plist

ProcessInfoPlistFile /Users/antoniogrillo-balen/Library/Developer/Xcode/DerivedData/risebysolis-gzfsziqwziaggpcbgdowmssiasmi/Build/Products/Debug-iphonesimulator/ExpoHead/ExpoHead.framework/Info.plist /Users/antoniogrillo-balen/Desktop/Projects/RiseBuild/ios/Pods/Target\ Support\ Files/ExpoHead/ExpoHead-Info.plist (in target 'ExpoHead' from project 'Pods')
    cd /Users/antoniogrillo-balen/Desktop/Projects/RiseBuild/ios/Pods
    builtin-infoPlistUtility /Users/antoniogrillo-balen/Desktop/Projects/RiseBuild/ios/Pods/Target\ Support\ Files/ExpoHead/ExpoHead-Info.plist -producttype com.apple.product-type.framework -expandbuildsettings -format binary -platform iphonesimulator -o /Users/antoniogrillo-balen/Library/Developer/Xcode/DerivedData/risebysolis-gzfsziqwziaggpcbgdowmssiasmi/Build/Products/Debug-iphonesimulator/ExpoHead/ExpoHead.framework/Info.plist

ProcessInfoPlistFile /Users/antoniogrillo-balen/Library/Developer/Xcode/DerivedData/risebysolis-gzfsziqwziaggpcbgdowmssiasmi/Build/Products/Debug-iphonesimulator/RNPurchases/RNPurchases.framework/Info.plist /Users/antoniogrillo-balen/Desktop/Projects/RiseBuild/ios/Pods/Target\ Support\ Files/RNPurchases/RNPurchases-Info.plist (in target 'RNPurchases' from project 'Pods')
    cd /Users/antoniogrillo-balen/Desktop/Projects/RiseBuild/ios/Pods
    builtin-infoPlistUtility /Users/antoniogrillo-balen/Desktop/Projects/RiseBuild/ios/Pods/Target\ Support\ Files/RNPurchases/RNPurchases-Info.plist -producttype com.apple.product-type.framework -expandbuildsettings -format binary -platform iphonesimulator -o /Users/antoniogrillo-balen/Library/Developer/Xcode/DerivedData/risebysolis-gzfsziqwziaggpcbgdowmssiasmi/Build/Products/Debug-iphonesimulator/RNPurchases/RNPurchases.framework/Info.plist

ProcessInfoPlistFile /Users/antoniogrillo-balen/Library/Developer/Xcode/DerivedData/risebysolis-gzfsziqwziaggpcbgdowmssiasmi/Build/Products/Debug-iphonesimulator/ExpoHaptics/ExpoHaptics.framework/Info.plist /Users/antoniogrillo-balen/Desktop/Projects/RiseBuild/ios/Pods/Target\ Support\ Files/ExpoHaptics/ExpoHaptics-Info.plist (in target 'ExpoHaptics' from project 'Pods')
    cd /Users/antoniogrillo-balen/Desktop/Projects/RiseBuild/ios/Pods
    builtin-infoPlistUtility /Users/antoniogrillo-balen/Desktop/Projects/RiseBuild/ios/Pods/Target\ Support\ Files/ExpoHaptics/ExpoHaptics-Info.plist -producttype com.apple.product-type.framework -expandbuildsettings -format binary -platform iphonesimulator -o /Users/antoniogrillo-balen/Library/Developer/Xcode/DerivedData/risebysolis-gzfsziqwziaggpcbgdowmssiasmi/Build/Products/Debug-iphonesimulator/ExpoHaptics/ExpoHaptics.framework/Info.plist

ProcessInfoPlistFile /Users/antoniogrillo-balen/Library/Developer/Xcode/DerivedData/risebysolis-gzfsziqwziaggpcbgdowmssiasmi/Build/Products/Debug-iphonesimulator/FirebaseCore/FirebaseCore.framework/Info.plist /Users/antoniogrillo-balen/Desktop/Projects/RiseBuild/ios/Pods/Target\ Support\ Files/FirebaseCore/FirebaseCore-Info.plist (in target 'FirebaseCore' from project 'Pods')
    cd /Users/antoniogrillo-balen/Desktop/Projects/RiseBuild/ios/Pods
    builtin-infoPlistUtility /Users/antoniogrillo-balen/Desktop/Projects/RiseBuild/ios/Pods/Target\ Support\ Files/FirebaseCore/FirebaseCore-Info.plist -producttype com.apple.product-type.framework -expandbuildsettings -format binary -platform iphonesimulator -o /Users/antoniogrillo-balen/Library/Developer/Xcode/DerivedData/risebysolis-gzfsziqwziaggpcbgdowmssiasmi/Build/Products/Debug-iphonesimulator/FirebaseCore/FirebaseCore.framework/Info.plist

ProcessInfoPlistFile /Users/antoniogrillo-balen/Library/Developer/Xcode/DerivedData/risebysolis-gzfsziqwziaggpcbgdowmssiasmi/Build/Products/Debug-iphonesimulator/ExpoFont/ExpoFont.framework/Info.plist /Users/antoniogrillo-balen/Desktop/Projects/RiseBuild/ios/Pods/Target\ Support\ Files/ExpoFont/ExpoFont-Info.plist (in target 'ExpoFont' from project 'Pods')
    cd /Users/antoniogrillo-balen/Desktop/Projects/RiseBuild/ios/Pods
    builtin-infoPlistUtility /Users/antoniogrillo-balen/Desktop/Projects/RiseBuild/ios/Pods/Target\ Support\ Files/ExpoFont/ExpoFont-Info.plist -producttype com.apple.product-type.framework -expandbuildsettings -format binary -platform iphonesimulator -o /Users/antoniogrillo-balen/Library/Developer/Xcode/DerivedData/risebysolis-gzfsziqwziaggpcbgdowmssiasmi/Build/Products/Debug-iphonesimulator/ExpoFont/ExpoFont.framework/Info.plist

ProcessInfoPlistFile /Users/antoniogrillo-balen/Library/Developer/Xcode/DerivedData/risebysolis-gzfsziqwziaggpcbgdowmssiasmi/Build/Products/Debug-iphonesimulator/ExpoFileSystem/ExpoFileSystem_privacy.bundle/Info.plist /Users/antoniogrillo-balen/Desktop/Projects/RiseBuild/ios/Pods/Target\ Support\ Files/ExpoFileSystem/ResourceBundle-ExpoFileSystem_privacy-ExpoFileSystem-Info.plist (in target 'ExpoFileSystem-ExpoFileSystem_privacy' from project 'Pods')
    cd /Users/antoniogrillo-balen/Desktop/Projects/RiseBuild/ios/Pods
    builtin-infoPlistUtility /Users/antoniogrillo-balen/Desktop/Projects/RiseBuild/ios/Pods/Target\ Support\ Files/ExpoFileSystem/ResourceBundle-ExpoFileSystem_privacy-ExpoFileSystem-Info.plist -producttype com.apple.product-type.bundle -expandbuildsettings -format binary -platform iphonesimulator -o /Users/antoniogrillo-balen/Library/Developer/Xcode/DerivedData/risebysolis-gzfsziqwziaggpcbgdowmssiasmi/Build/Products/Debug-iphonesimulator/ExpoFileSystem/ExpoFileSystem_privacy.bundle/Info.plist

ProcessInfoPlistFile /Users/antoniogrillo-balen/Library/Developer/Xcode/DerivedData/risebysolis-gzfsziqwziaggpcbgdowmssiasmi/Build/Products/Debug-iphonesimulator/ExpoAppleAuthentication/ExpoAppleAuthentication.framework/Info.plist /Users/antoniogrillo-balen/Desktop/Projects/RiseBuild/ios/Pods/Target\ Support\ Files/ExpoAppleAuthentication/ExpoAppleAuthentication-Info.plist (in target 'ExpoAppleAuthentication' from project 'Pods')
    cd /Users/antoniogrillo-balen/Desktop/Projects/RiseBuild/ios/Pods
    builtin-infoPlistUtility /Users/antoniogrillo-balen/Desktop/Projects/RiseBuild/ios/Pods/Target\ Support\ Files/ExpoAppleAuthentication/ExpoAppleAuthentication-Info.plist -producttype com.apple.product-type.framework -expandbuildsettings -format binary -platform iphonesimulator -o /Users/antoniogrillo-balen/Library/Developer/Xcode/DerivedData/risebysolis-gzfsziqwziaggpcbgdowmssiasmi/Build/Products/Debug-iphonesimulator/ExpoAppleAuthentication/ExpoAppleAuthentication.framework/Info.plist

ProcessInfoPlistFile /Users/antoniogrillo-balen/Library/Developer/Xcode/DerivedData/risebysolis-gzfsziqwziaggpcbgdowmssiasmi/Build/Products/Debug-iphonesimulator/ExpoAsset/ExpoAsset.framework/Info.plist /Users/antoniogrillo-balen/Desktop/Projects/RiseBuild/ios/Pods/Target\ Support\ Files/ExpoAsset/ExpoAsset-Info.plist (in target 'ExpoAsset' from project 'Pods')
    cd /Users/antoniogrillo-balen/Desktop/Projects/RiseBuild/ios/Pods
    builtin-infoPlistUtility /Users/antoniogrillo-balen/Desktop/Projects/RiseBuild/ios/Pods/Target\ Support\ Files/ExpoAsset/ExpoAsset-Info.plist -producttype com.apple.product-type.framework -expandbuildsettings -format binary -platform iphonesimulator -o /Users/antoniogrillo-balen/Library/Developer/Xcode/DerivedData/risebysolis-gzfsziqwziaggpcbgdowmssiasmi/Build/Products/Debug-iphonesimulator/ExpoAsset/ExpoAsset.framework/Info.plist

ProcessInfoPlistFile /Users/antoniogrillo-balen/Library/Developer/Xcode/DerivedData/risebysolis-gzfsziqwziaggpcbgdowmssiasmi/Build/Products/Debug-iphonesimulator/FirebaseCoreExtension/FirebaseCoreExtension_Privacy.bundle/Info.plist /Users/antoniogrillo-balen/Desktop/Projects/RiseBuild/ios/Pods/Target\ Support\ Files/FirebaseCoreExtension/ResourceBundle-FirebaseCoreExtension_Privacy-FirebaseCoreExtension-Info.plist (in target 'FirebaseCoreExtension-FirebaseCoreExtension_Privacy' from project 'Pods')
    cd /Users/antoniogrillo-balen/Desktop/Projects/RiseBuild/ios/Pods
    builtin-infoPlistUtility /Users/antoniogrillo-balen/Desktop/Projects/RiseBuild/ios/Pods/Target\ Support\ Files/FirebaseCoreExtension/ResourceBundle-FirebaseCoreExtension_Privacy-FirebaseCoreExtension-Info.plist -producttype com.apple.product-type.bundle -expandbuildsettings -format binary -platform iphonesimulator -o /Users/antoniogrillo-balen/Library/Developer/Xcode/DerivedData/risebysolis-gzfsziqwziaggpcbgdowmssiasmi/Build/Products/Debug-iphonesimulator/FirebaseCoreExtension/FirebaseCoreExtension_Privacy.bundle/Info.plist

ProcessInfoPlistFile /Users/antoniogrillo-balen/Library/Developer/Xcode/DerivedData/risebysolis-gzfsziqwziaggpcbgdowmssiasmi/Build/Products/Debug-iphonesimulator/Expo/Expo.framework/Info.plist /Users/antoniogrillo-balen/Desktop/Projects/RiseBuild/ios/Pods/Target\ Support\ Files/Expo/Expo-Info.plist (in target 'Expo' from project 'Pods')
    cd /Users/antoniogrillo-balen/Desktop/Projects/RiseBuild/ios/Pods
    builtin-infoPlistUtility /Users/antoniogrillo-balen/Desktop/Projects/RiseBuild/ios/Pods/Target\ Support\ Files/Expo/Expo-Info.plist -producttype com.apple.product-type.framework -expandbuildsettings -format binary -platform iphonesimulator -o /Users/antoniogrillo-balen/Library/Developer/Xcode/DerivedData/risebysolis-gzfsziqwziaggpcbgdowmssiasmi/Build/Products/Debug-iphonesimulator/Expo/Expo.framework/Info.plist

ProcessInfoPlistFile /Users/antoniogrillo-balen/Library/Developer/Xcode/DerivedData/risebysolis-gzfsziqwziaggpcbgdowmssiasmi/Build/Products/Debug-iphonesimulator/ExpoFileSystem/ExpoFileSystem.framework/Info.plist /Users/antoniogrillo-balen/Desktop/Projects/RiseBuild/ios/Pods/Target\ Support\ Files/ExpoFileSystem/ExpoFileSystem-Info.plist (in target 'ExpoFileSystem' from project 'Pods')
    cd /Users/antoniogrillo-balen/Desktop/Projects/RiseBuild/ios/Pods
    builtin-infoPlistUtility /Users/antoniogrillo-balen/Desktop/Projects/RiseBuild/ios/Pods/Target\ Support\ Files/ExpoFileSystem/ExpoFileSystem-Info.plist -producttype com.apple.product-type.framework -expandbuildsettings -format binary -platform iphonesimulator -o /Users/antoniogrillo-balen/Library/Developer/Xcode/DerivedData/risebysolis-gzfsziqwziaggpcbgdowmssiasmi/Build/Products/Debug-iphonesimulator/ExpoFileSystem/ExpoFileSystem.framework/Info.plist

ProcessInfoPlistFile /Users/antoniogrillo-balen/Library/Developer/Xcode/DerivedData/risebysolis-gzfsziqwziaggpcbgdowmssiasmi/Build/Products/Debug-iphonesimulator/EXNotifications/ExpoNotifications_privacy.bundle/Info.plist /Users/antoniogrillo-balen/Desktop/Projects/RiseBuild/ios/Pods/Target\ Support\ Files/EXNotifications/ResourceBundle-ExpoNotifications_privacy-EXNotifications-Info.plist (in target 'EXNotifications-ExpoNotifications_privacy' from project 'Pods')
    cd /Users/antoniogrillo-balen/Desktop/Projects/RiseBuild/ios/Pods
    builtin-infoPlistUtility /Users/antoniogrillo-balen/Desktop/Projects/RiseBuild/ios/Pods/Target\ Support\ Files/EXNotifications/ResourceBundle-ExpoNotifications_privacy-EXNotifications-Info.plist -producttype com.apple.product-type.bundle -expandbuildsettings -format binary -platform iphonesimulator -o /Users/antoniogrillo-balen/Library/Developer/Xcode/DerivedData/risebysolis-gzfsziqwziaggpcbgdowmssiasmi/Build/Products/Debug-iphonesimulator/EXNotifications/ExpoNotifications_privacy.bundle/Info.plist

ProcessInfoPlistFile /Users/antoniogrillo-balen/Library/Developer/Xcode/DerivedData/risebysolis-gzfsziqwziaggpcbgdowmssiasmi/Build/Products/Debug-iphonesimulator/FirebaseCoreExtension/FirebaseCoreExtension.framework/Info.plist /Users/antoniogrillo-balen/Desktop/Projects/RiseBuild/ios/Pods/Target\ Support\ Files/FirebaseCoreExtension/FirebaseCoreExtension-Info.plist (in target 'FirebaseCoreExtension' from project 'Pods')
    cd /Users/antoniogrillo-balen/Desktop/Projects/RiseBuild/ios/Pods
    builtin-infoPlistUtility /Users/antoniogrillo-balen/Desktop/Projects/RiseBuild/ios/Pods/Target\ Support\ Files/FirebaseCoreExtension/FirebaseCoreExtension-Info.plist -producttype com.apple.product-type.framework -expandbuildsettings -format binary -platform iphonesimulator -o /Users/antoniogrillo-balen/Library/Developer/Xcode/DerivedData/risebysolis-gzfsziqwziaggpcbgdowmssiasmi/Build/Products/Debug-iphonesimulator/FirebaseCoreExtension/FirebaseCoreExtension.framework/Info.plist

ProcessInfoPlistFile /Users/antoniogrillo-balen/Library/Developer/Xcode/DerivedData/risebysolis-gzfsziqwziaggpcbgdowmssiasmi/Build/Products/Debug-iphonesimulator/EXConstants/EXConstants.bundle/Info.plist /Users/antoniogrillo-balen/Desktop/Projects/RiseBuild/ios/Pods/Target\ Support\ Files/EXConstants/ResourceBundle-EXConstants-EXConstants-Info.plist (in target 'EXConstants-EXConstants' from project 'Pods')
    cd /Users/antoniogrillo-balen/Desktop/Projects/RiseBuild/ios/Pods
    builtin-infoPlistUtility /Users/antoniogrillo-balen/Desktop/Projects/RiseBuild/ios/Pods/Target\ Support\ Files/EXConstants/ResourceBundle-EXConstants-EXConstants-Info.plist -producttype com.apple.product-type.bundle -expandbuildsettings -format binary -platform iphonesimulator -o /Users/antoniogrillo-balen/Library/Developer/Xcode/DerivedData/risebysolis-gzfsziqwziaggpcbgdowmssiasmi/Build/Products/Debug-iphonesimulator/EXConstants/EXConstants.bundle/Info.plist

ProcessInfoPlistFile /Users/antoniogrillo-balen/Library/Developer/Xcode/DerivedData/risebysolis-gzfsziqwziaggpcbgdowmssiasmi/Build/Products/Debug-iphonesimulator/AppCheckCore/AppCheckCore.framework/Info.plist /Users/antoniogrillo-balen/Desktop/Projects/RiseBuild/ios/Pods/Target\ Support\ Files/AppCheckCore/AppCheckCore-Info.plist (in target 'AppCheckCore' from project 'Pods')
    cd /Users/antoniogrillo-balen/Desktop/Projects/RiseBuild/ios/Pods
    builtin-infoPlistUtility /Users/antoniogrillo-balen/Desktop/Projects/RiseBuild/ios/Pods/Target\ Support\ Files/AppCheckCore/AppCheckCore-Info.plist -producttype com.apple.product-type.framework -expandbuildsettings -format binary -platform iphonesimulator -o /Users/antoniogrillo-balen/Library/Developer/Xcode/DerivedData/risebysolis-gzfsziqwziaggpcbgdowmssiasmi/Build/Products/Debug-iphonesimulator/AppCheckCore/AppCheckCore.framework/Info.plist

ProcessInfoPlistFile /Users/antoniogrillo-balen/Library/Developer/Xcode/DerivedData/risebysolis-gzfsziqwziaggpcbgdowmssiasmi/Build/Products/Debug-iphonesimulator/AppAuth/AppAuthCore_Privacy.bundle/Info.plist /Users/antoniogrillo-balen/Desktop/Projects/RiseBuild/ios/Pods/Target\ Support\ Files/AppAuth/ResourceBundle-AppAuthCore_Privacy-AppAuth-Info.plist (in target 'AppAuth-AppAuthCore_Privacy' from project 'Pods')
    cd /Users/antoniogrillo-balen/Desktop/Projects/RiseBuild/ios/Pods
    builtin-infoPlistUtility /Users/antoniogrillo-balen/Desktop/Projects/RiseBuild/ios/Pods/Target\ Support\ Files/AppAuth/ResourceBundle-AppAuthCore_Privacy-AppAuth-Info.plist -producttype com.apple.product-type.bundle -expandbuildsettings -format binary -platform iphonesimulator -o /Users/antoniogrillo-balen/Library/Developer/Xcode/DerivedData/risebysolis-gzfsziqwziaggpcbgdowmssiasmi/Build/Products/Debug-iphonesimulator/AppAuth/AppAuthCore_Privacy.bundle/Info.plist

ProcessInfoPlistFile /Users/antoniogrillo-balen/Library/Developer/Xcode/DerivedData/risebysolis-gzfsziqwziaggpcbgdowmssiasmi/Build/Products/Debug-iphonesimulator/EXNotifications/EXNotifications.framework/Info.plist /Users/antoniogrillo-balen/Desktop/Projects/RiseBuild/ios/Pods/Target\ Support\ Files/EXNotifications/EXNotifications-Info.plist (in target 'EXNotifications' from project 'Pods')
    cd /Users/antoniogrillo-balen/Desktop/Projects/RiseBuild/ios/Pods
    builtin-infoPlistUtility /Users/antoniogrillo-balen/Desktop/Projects/RiseBuild/ios/Pods/Target\ Support\ Files/EXNotifications/EXNotifications-Info.plist -producttype com.apple.product-type.framework -expandbuildsettings -format binary -platform iphonesimulator -o /Users/antoniogrillo-balen/Library/Developer/Xcode/DerivedData/risebysolis-gzfsziqwziaggpcbgdowmssiasmi/Build/Products/Debug-iphonesimulator/EXNotifications/EXNotifications.framework/Info.plist

ProcessInfoPlistFile /Users/antoniogrillo-balen/Library/Developer/Xcode/DerivedData/risebysolis-gzfsziqwziaggpcbgdowmssiasmi/Build/Products/Debug-iphonesimulator/FirebaseAuth/FirebaseAuth_Privacy.bundle/Info.plist /Users/antoniogrillo-balen/Desktop/Projects/RiseBuild/ios/Pods/Target\ Support\ Files/FirebaseAuth/ResourceBundle-FirebaseAuth_Privacy-FirebaseAuth-Info.plist (in target 'FirebaseAuth-FirebaseAuth_Privacy' from project 'Pods')
    cd /Users/antoniogrillo-balen/Desktop/Projects/RiseBuild/ios/Pods
    builtin-infoPlistUtility /Users/antoniogrillo-balen/Desktop/Projects/RiseBuild/ios/Pods/Target\ Support\ Files/FirebaseAuth/ResourceBundle-FirebaseAuth_Privacy-FirebaseAuth-Info.plist -producttype com.apple.product-type.bundle -expandbuildsettings -format binary -platform iphonesimulator -o /Users/antoniogrillo-balen/Library/Developer/Xcode/DerivedData/risebysolis-gzfsziqwziaggpcbgdowmssiasmi/Build/Products/Debug-iphonesimulator/FirebaseAuth/FirebaseAuth_Privacy.bundle/Info.plist

ProcessInfoPlistFile /Users/antoniogrillo-balen/Library/Developer/Xcode/DerivedData/risebysolis-gzfsziqwziaggpcbgdowmssiasmi/Build/Products/Debug-iphonesimulator/EXConstants/ExpoConstants_privacy.bundle/Info.plist /Users/antoniogrillo-balen/Desktop/Projects/RiseBuild/ios/Pods/Target\ Support\ Files/EXConstants/ResourceBundle-ExpoConstants_privacy-EXConstants-Info.plist (in target 'EXConstants-ExpoConstants_privacy' from project 'Pods')
    cd /Users/antoniogrillo-balen/Desktop/Projects/RiseBuild/ios/Pods
    builtin-infoPlistUtility /Users/antoniogrillo-balen/Desktop/Projects/RiseBuild/ios/Pods/Target\ Support\ Files/EXConstants/ResourceBundle-ExpoConstants_privacy-EXConstants-Info.plist -producttype com.apple.product-type.bundle -expandbuildsettings -format binary -platform iphonesimulator -o /Users/antoniogrillo-balen/Library/Developer/Xcode/DerivedData/risebysolis-gzfsziqwziaggpcbgdowmssiasmi/Build/Products/Debug-iphonesimulator/EXConstants/ExpoConstants_privacy.bundle/Info.plist

ProcessInfoPlistFile /Users/antoniogrillo-balen/Library/Developer/Xcode/DerivedData/risebysolis-gzfsziqwziaggpcbgdowmssiasmi/Build/Products/Debug-iphonesimulator/AppAuth/AppAuth.framework/Info.plist /Users/antoniogrillo-balen/Desktop/Projects/RiseBuild/ios/Pods/Target\ Support\ Files/AppAuth/AppAuth-Info.plist (in target 'AppAuth' from project 'Pods')
    cd /Users/antoniogrillo-balen/Desktop/Projects/RiseBuild/ios/Pods
    builtin-infoPlistUtility /Users/antoniogrillo-balen/Desktop/Projects/RiseBuild/ios/Pods/Target\ Support\ Files/AppAuth/AppAuth-Info.plist -producttype com.apple.product-type.framework -expandbuildsettings -format binary -platform iphonesimulator -o /Users/antoniogrillo-balen/Library/Developer/Xcode/DerivedData/risebysolis-gzfsziqwziaggpcbgdowmssiasmi/Build/Products/Debug-iphonesimulator/AppAuth/AppAuth.framework/Info.plist

ProcessInfoPlistFile /Users/antoniogrillo-balen/Library/Developer/Xcode/DerivedData/risebysolis-gzfsziqwziaggpcbgdowmssiasmi/Build/Products/Debug-iphonesimulator/FirebaseAuth/FirebaseAuth.framework/Info.plist /Users/antoniogrillo-balen/Desktop/Projects/RiseBuild/ios/Pods/Target\ Support\ Files/FirebaseAuth/FirebaseAuth-Info.plist (in target 'FirebaseAuth' from project 'Pods')
    cd /Users/antoniogrillo-balen/Desktop/Projects/RiseBuild/ios/Pods
    builtin-infoPlistUtility /Users/antoniogrillo-balen/Desktop/Projects/RiseBuild/ios/Pods/Target\ Support\ Files/FirebaseAuth/FirebaseAuth-Info.plist -producttype com.apple.product-type.framework -expandbuildsettings -format binary -platform iphonesimulator -o /Users/antoniogrillo-balen/Library/Developer/Xcode/DerivedData/risebysolis-gzfsziqwziaggpcbgdowmssiasmi/Build/Products/Debug-iphonesimulator/FirebaseAuth/FirebaseAuth.framework/Info.plist

PhaseScriptExecution [CP-User]\ Generate\ app.config\ for\ prebuilt\ Constants.manifest /Users/antoniogrillo-balen/Library/Developer/Xcode/DerivedData/risebysolis-gzfsziqwziaggpcbgdowmssiasmi/Build/Intermediates.noindex/Pods.build/Debug-iphonesimulator/EXConstants.build/Script-46EB2E00031E70.sh (in target 'EXConstants' from project 'Pods')
    cd /Users/antoniogrillo-balen/Desktop/Projects/RiseBuild/ios/Pods
    export ACTION\=build
    export AD_HOC_CODE_SIGNING_ALLOWED\=YES
    export ALLOW_BUILD_REQUEST_OVERRIDES\=NO
    export ALLOW_TARGET_PLATFORM_SPECIALIZATION\=NO
    export ALTERNATE_GROUP\=staff
    export ALTERNATE_MODE\=u+w,go-w,a+rX
    export ALTERNATE_OWNER\=antoniogrillo-balen
    export ALTERNATIVE_DISTRIBUTION_WEB\=NO
    export ALWAYS_EMBED_SWIFT_STANDARD_LIBRARIES\=NO
    export ALWAYS_SEARCH_USER_PATHS\=NO
    export ALWAYS_USE_SEPARATE_HEADERMAPS\=NO
    export APPLICATION_EXTENSION_API_ONLY\=NO
    export APPLY_RULES_IN_COPY_FILES\=NO
    export APPLY_RULES_IN_COPY_HEADERS\=NO
    export APP_SHORTCUTS_ENABLE_FLEXIBLE_MATCHING\=YES
    export ARCHS\=arm64
    export ARCHS_BASE\=arm64
    export ARCHS_STANDARD\=arm64\ x86_64
    export ARCHS_STANDARD_32_64_BIT\=arm64\ x86_64
    export ARCHS_STANDARD_64_BIT\=arm64\ x86_64
    export ARCHS_STANDARD_INCLUDING_64_BIT\=arm64\ x86_64
    export ARCHS_UNIVERSAL_IPHONE_OS\=arm64\ x86_64
    export ASSETCATALOG_FILTER_FOR_DEVICE_MODEL\=iPhone16,2
    export ASSETCATALOG_FILTER_FOR_DEVICE_OS_VERSION\=26.4.1
    export ASSETCATALOG_FILTER_FOR_THINNING_DEVICE_CONFIGURATION\=iPhone16,2
    export AUTOMATICALLY_MERGE_DEPENDENCIES\=NO
    export AUTOMATION_APPLE_EVENTS\=NO
    export AVAILABLE_PLATFORMS\=android\ appletvos\ appletvsimulator\ driverkit\ freebsd\ iphoneos\ iphonesimulator\ linux\ macosx\ none\ openbsd\ qnx\ watchos\ watchsimulator\ webassembly\ xros\ xrsimulator
    export AppIdentifierPrefix\=FAKETEAMID.
    export BUILD_ACTIVE_RESOURCES_ONLY\=YES
    export BUILD_COMPONENTS\=headers\ build
    export BUILD_DIR\=/Users/antoniogrillo-balen/Library/Developer/Xcode/DerivedData/risebysolis-gzfsziqwziaggpcbgdowmssiasmi/Build/Products
    export BUILD_LIBRARY_FOR_DISTRIBUTION\=NO
    export BUILD_ONLY_KNOWN_LOCALIZATIONS\=NO
    export BUILD_ROOT\=/Users/antoniogrillo-balen/Library/Developer/Xcode/DerivedData/risebysolis-gzfsziqwziaggpcbgdowmssiasmi/Build/Products
    export BUILD_STYLE\=
    export BUILD_VARIANTS\=normal
    export BUILT_PRODUCTS_DIR\=/Users/antoniogrillo-balen/Library/Developer/Xcode/DerivedData/risebysolis-gzfsziqwziaggpcbgdowmssiasmi/Build/Products/Debug-iphonesimulator/EXConstants
    export BUNDLE_CONTENTS_FOLDER_PATH_deep\=Contents/
    export BUNDLE_EXECUTABLE_FOLDER_NAME_deep\=MacOS
    export BUNDLE_EXTENSIONS_FOLDER_PATH\=Extensions
    export BUNDLE_FORMAT\=shallow
    export BUNDLE_FRAMEWORKS_FOLDER_PATH\=Frameworks
    export BUNDLE_PLUGINS_FOLDER_PATH\=PlugIns
    export BUNDLE_PRIVATE_HEADERS_FOLDER_PATH\=PrivateHeaders
    export BUNDLE_PUBLIC_HEADERS_FOLDER_PATH\=Headers
    export CACHE_ROOT\=/var/folders/2z/jtlqylkx0c709j3xb7b0g4cm0000gn/C/com.apple.DeveloperTools/26.5-17F42/Xcode
    export CCHROOT\=/var/folders/2z/jtlqylkx0c709j3xb7b0g4cm0000gn/C/com.apple.DeveloperTools/26.5-17F42/Xcode
    export CHMOD\=/bin/chmod
    export CHOWN\=chown
    export CLANG_ANALYZER_LOCALIZABILITY_NONLOCALIZED\=YES
    export CLANG_ANALYZER_NONNULL\=YES
    export CLANG_ANALYZER_NUMBER_OBJECT_CONVERSION\=YES_AGGRESSIVE
    export CLANG_CACHE_FINE_GRAINED_OUTPUTS\=YES
    export CLANG_CXX_LANGUAGE_STANDARD\=c++20
    export CLANG_CXX_LIBRARY\=libc++
    export CLANG_ENABLE_EXPLICIT_MODULES\=YES
    export CLANG_ENABLE_MODULES\=YES
    export CLANG_ENABLE_OBJC_ARC\=YES
    export CLANG_ENABLE_OBJC_WEAK\=NO
    export CLANG_MODULES_BUILD_SESSION_FILE\=/Users/antoniogrillo-balen/Library/Developer/Xcode/DerivedData/ModuleCache.noindex/Session.modulevalidation
    export CLANG_WARN_BLOCK_CAPTURE_AUTORELEASING\=YES
    export CLANG_WARN_BOOL_CONVERSION\=YES
    export CLANG_WARN_COMMA\=YES
    export CLANG_WARN_CONSTANT_CONVERSION\=YES
    export CLANG_WARN_DEPRECATED_OBJC_IMPLEMENTATIONS\=YES
    export CLANG_WARN_DIRECT_OBJC_ISA_USAGE\=YES_ERROR
    export CLANG_WARN_DOCUMENTATION_COMMENTS\=YES
    export CLANG_WARN_EMPTY_BODY\=YES
    export CLANG_WARN_ENUM_CONVERSION\=YES
    export CLANG_WARN_INFINITE_RECURSION\=YES
    export CLANG_WARN_INT_CONVERSION\=YES
    export CLANG_WARN_NON_LITERAL_NULL_CONVERSION\=YES
    export CLANG_WARN_OBJC_IMPLICIT_RETAIN_SELF\=YES
    export CLANG_WARN_OBJC_LITERAL_CONVERSION\=YES
    export CLANG_WARN_OBJC_ROOT_CLASS\=YES_ERROR
    export CLANG_WARN_QUOTED_INCLUDE_IN_FRAMEWORK_HEADER\=NO
    export CLANG_WARN_RANGE_LOOP_ANALYSIS\=YES
    export CLANG_WARN_STRICT_PROTOTYPES\=YES
    export CLANG_WARN_SUSPICIOUS_MOVE\=YES
    export CLANG_WARN_UNGUARDED_AVAILABILITY\=YES_AGGRESSIVE
    export CLANG_WARN_UNREACHABLE_CODE\=YES
    export CLANG_WARN__DUPLICATE_METHOD_MATCH\=YES
    export CLASS_FILE_DIR\=/Users/antoniogrillo-balen/Library/Developer/Xcode/DerivedData/risebysolis-gzfsziqwziaggpcbgdowmssiasmi/Build/Intermediates.noindex/Pods.build/Debug-iphonesimulator/EXConstants.build/JavaClasses
    export CLEAN_PRECOMPS\=YES
    export CLONE_HEADERS\=NO
    export CODESIGNING_FOLDER_PATH\=/Users/antoniogrillo-balen/Library/Developer/Xcode/DerivedData/risebysolis-gzfsziqwziaggpcbgdowmssiasmi/Build/Products/Debug-iphonesimulator/EXConstants/EXConstants.framework
    export CODE_SIGNING_ALLOWED\=YES
    export CODE_SIGNING_REQUIRED\=NO
    export CODE_SIGNING_REQUIRES_TEAM\=YES
    export CODE_SIGN_CONTEXT_CLASS\=XCiPhoneSimulatorCodeSignContext
    export CODE_SIGN_IDENTITY\=-
    export CODE_SIGN_INJECT_BASE_ENTITLEMENTS\=YES
    export COLOR_DIAGNOSTICS\=NO
    export COMBINE_HIDPI_IMAGES\=NO
    export COMPILATION_CACHE_CAS_PATH\=/Users/antoniogrillo-balen/Library/Developer/Xcode/DerivedData/CompilationCache.noindex
    export COMPILATION_CACHE_KEEP_CAS_DIRECTORY\=YES
    export COMPILER_INDEX_STORE_ENABLE\=Default
    export COMPOSITE_SDK_DIRS\=/Users/antoniogrillo-balen/Library/Developer/Xcode/DerivedData/risebysolis-gzfsziqwziaggpcbgdowmssiasmi/Build/Intermediates.noindex/CompositeSDKs
    export COMPRESS_PNG_FILES\=YES
    export CONFIGURATION\=Debug
    export CONFIGURATION_BUILD_DIR\=/Users/antoniogrillo-balen/Library/Developer/Xcode/DerivedData/risebysolis-gzfsziqwziaggpcbgdowmssiasmi/Build/Products/Debug-iphonesimulator/EXConstants
    export CONFIGURATION_TEMP_DIR\=/Users/antoniogrillo-balen/Library/Developer/Xcode/DerivedData/risebysolis-gzfsziqwziaggpcbgdowmssiasmi/Build/Intermediates.noindex/Pods.build/Debug-iphonesimulator
    export CONTENTS_FOLDER_PATH\=EXConstants.framework
    export CONTENTS_FOLDER_PATH_SHALLOW_BUNDLE_NO\=EXConstants.framework/A
    export CONTENTS_FOLDER_PATH_SHALLOW_BUNDLE_YES\=EXConstants.framework
    export COPYING_PRESERVES_HFS_DATA\=NO
    export COPY_HEADERS_RUN_UNIFDEF\=NO
    export COPY_PHASE_STRIP\=NO
    export CORRESPONDING_DEVICE_PLATFORM_DIR\=/Applications/Xcode.app/Contents/Developer/Platforms/iPhoneOS.platform
    export CORRESPONDING_DEVICE_PLATFORM_NAME\=iphoneos
    export CORRESPONDING_DEVICE_SDK_DIR\=/Applications/Xcode.app/Contents/Developer/Platforms/iPhoneOS.platform/Developer/SDKs/iPhoneOS26.5.sdk
    export CORRESPONDING_DEVICE_SDK_NAME\=iphoneos26.5
    export CP\=/bin/cp
    export CREATE_INFOPLIST_SECTION_IN_BINARY\=NO
    export CURRENT_ARCH\=undefined_arch
    export CURRENT_PROJECT_VERSION\=1
    export CURRENT_VARIANT\=normal
    export CURRENT_VERSION\=Current
    export DEAD_CODE_STRIPPING\=YES
    export DEBUGGING_SYMBOLS\=YES
    export DEBUG_INFORMATION_FORMAT\=dwarf
    export DEBUG_INFORMATION_VERSION\=compiler-default
    export DEFAULT_COMPILER\=com.apple.compilers.llvm.clang.1_0
    export DEFAULT_DEXT_INSTALL_PATH\=/System/Library/DriverExtensions
    export DEFAULT_KEXT_INSTALL_PATH\=/System/Library/Extensions
    export DEFINES_MODULE\=YES
    export DEPLOYMENT_LOCATION\=NO
    export DEPLOYMENT_POSTPROCESSING\=NO
    export DEPLOYMENT_TARGET_SETTING_NAME\=IPHONEOS_DEPLOYMENT_TARGET
    export DEPLOYMENT_TARGET_SUGGESTED_VALUES\=12.0\ 12.1\ 12.2\ 12.3\ 12.4\ 13.0\ 13.1\ 13.2\ 13.3\ 13.4\ 13.5\ 13.6\ 14.0\ 14.1\ 14.2\ 14.3\ 14.4\ 14.5\ 14.6\ 14.7\ 15.0\ 15.1\ 15.2\ 15.3\ 15.4\ 15.5\ 15.6\ 16.0\ 16.1\ 16.2\ 16.3\ 16.4\ 16.5\ 16.6\ 17.0\ 17.1\ 17.2\ 17.3\ 17.4\ 17.5\ 17.6\ 18.0\ 18.1\ 18.2\ 18.3\ 18.4\ 18.5\ 18.6\ 26.0\ 26.2\ 26.3\ 26.4\ 26.5
    export DERIVED_FILES_DIR\=/Users/antoniogrillo-balen/Library/Developer/Xcode/DerivedData/risebysolis-gzfsziqwziaggpcbgdowmssiasmi/Build/Intermediates.noindex/Pods.build/Debug-iphonesimulator/EXConstants.build/DerivedSources
    export DERIVED_FILE_DIR\=/Users/antoniogrillo-balen/Library/Developer/Xcode/DerivedData/risebysolis-gzfsziqwziaggpcbgdowmssiasmi/Build/Intermediates.noindex/Pods.build/Debug-iphonesimulator/EXConstants.build/DerivedSources
    export DERIVED_SOURCES_DIR\=/Users/antoniogrillo-balen/Library/Developer/Xcode/DerivedData/risebysolis-gzfsziqwziaggpcbgdowmssiasmi/Build/Intermediates.noindex/Pods.build/Debug-iphonesimulator/EXConstants.build/DerivedSources
    export DEVELOPER_APPLICATIONS_DIR\=/Applications/Xcode.app/Contents/Developer/Applications
    export DEVELOPER_BIN_DIR\=/Applications/Xcode.app/Contents/Developer/usr/bin
    export DEVELOPER_DIR\=/Applications/Xcode.app/Contents/Developer
    export DEVELOPER_FRAMEWORKS_DIR\=/Applications/Xcode.app/Contents/Developer/Library/Frameworks
    export DEVELOPER_FRAMEWORKS_DIR_QUOTED\=/Applications/Xcode.app/Contents/Developer/Library/Frameworks
    export DEVELOPER_LIBRARY_DIR\=/Applications/Xcode.app/Contents/Developer/Library
    export DEVELOPER_SDK_DIR\=/Applications/Xcode.app/Contents/Developer/Platforms/MacOSX.platform/Developer/SDKs
    export DEVELOPER_TOOLS_DIR\=/Applications/Xcode.app/Contents/Developer/Tools
    export DEVELOPER_USR_DIR\=/Applications/Xcode.app/Contents/Developer/usr
    export DEVELOPMENT_LANGUAGE\=en
    export DIAGNOSE_MISSING_TARGET_DEPENDENCIES\=YES
    export DIFF\=/usr/bin/diff
    export DOCUMENTATION_FOLDER_PATH\=EXConstants.framework/en.lproj/Documentation
    export DONT_GENERATE_INFOPLIST_FILE\=NO
    export DSTROOT\=/tmp/Pods.dst
    export DT_TOOLCHAIN_DIR\=/Applications/Xcode.app/Contents/Developer/Toolchains/XcodeDefault.xctoolchain
    export DUMP_DEPENDENCIES\=NO
    export DUMP_DEPENDENCIES_OUTPUT_PATH\=/Users/antoniogrillo-balen/Library/Developer/Xcode/DerivedData/risebysolis-gzfsziqwziaggpcbgdowmssiasmi/Build/Intermediates.noindex/Pods.build/Debug-iphonesimulator/EXConstants.build/EXConstants-BuildDependencyInfo.json
    export DWARF_DSYM_FILE_NAME\=EXConstants.framework.dSYM
    export DWARF_DSYM_FILE_SHOULD_ACCOMPANY_PRODUCT\=NO
    export DWARF_DSYM_FOLDER_PATH\=/Users/antoniogrillo-balen/Library/Developer/Xcode/DerivedData/risebysolis-gzfsziqwziaggpcbgdowmssiasmi/Build/Products/Debug-iphonesimulator/EXConstants
    export DYLIB_COMPATIBILITY_VERSION\=1
    export DYLIB_CURRENT_VERSION\=1
    export DYLIB_INSTALL_NAME_BASE\=@rpath
    export DYNAMIC_LIBRARY_EXTENSION\=dylib
    export EAGER_COMPILATION_ALLOW_SCRIPTS\=NO
    export EAGER_LINKING\=NO
    export EFFECTIVE_PLATFORM_NAME\=-iphonesimulator
    export EFFECTIVE_SWIFT_VERSION\=5
    export EMBEDDED_CONTENT_CONTAINS_SWIFT\=NO
    export EMBED_ASSET_PACKS_IN_PRODUCT_BUNDLE\=NO
    export ENABLE_APP_SANDBOX\=NO
    export ENABLE_CODE_COVERAGE\=YES
    export ENABLE_COHORT_ARCHS\=NO
    export ENABLE_CPLUSPLUS_BOUNDS_SAFE_BUFFERS\=NO
    export ENABLE_C_BOUNDS_SAFETY\=NO
    export ENABLE_DEFAULT_HEADER_SEARCH_PATHS\=YES
    export ENABLE_DEFAULT_SEARCH_PATHS\=YES
    export ENABLE_ENHANCED_SECURITY\=NO
    export ENABLE_HARDENED_RUNTIME\=NO
    export ENABLE_HEADER_DEPENDENCIES\=YES
    export ENABLE_INCOMING_NETWORK_CONNECTIONS\=NO
    export ENABLE_MODULE_VERIFIER\=NO
    export ENABLE_ON_DEMAND_RESOURCES\=NO
    export ENABLE_OUTGOING_NETWORK_CONNECTIONS\=NO
    export ENABLE_POINTER_AUTHENTICATION\=NO
    export ENABLE_PREVIEWS\=NO
    export ENABLE_RESOURCE_ACCESS_AUDIO_INPUT\=NO
    export ENABLE_RESOURCE_ACCESS_BLUETOOTH\=NO
    export ENABLE_RESOURCE_ACCESS_CALENDARS\=NO
    export ENABLE_RESOURCE_ACCESS_CAMERA\=NO
    export ENABLE_RESOURCE_ACCESS_CONTACTS\=NO
    export ENABLE_RESOURCE_ACCESS_LOCATION\=NO
    export ENABLE_RESOURCE_ACCESS_PHOTO_LIBRARY\=NO
    export ENABLE_RESOURCE_ACCESS_PRINTING\=NO
    export ENABLE_RESOURCE_ACCESS_USB\=NO
    export ENABLE_SDK_IMPORTS\=NO
    export ENABLE_SECURITY_COMPILER_WARNINGS\=NO
    export ENABLE_STRICT_OBJC_MSGSEND\=YES
    export ENABLE_TESTABILITY\=YES
    export ENABLE_TESTING_SEARCH_PATHS\=NO
    export ENABLE_USER_SCRIPT_SANDBOXING\=NO
    export ENABLE_XOJIT_PREVIEWS\=YES
    export ENFORCE_VALID_ARCHS\=YES
    export ENTITLEMENTS_DESTINATION\=__entitlements
    export ENTITLEMENTS_REQUIRED\=NO
    export EXCLUDED_INSTALLSRC_SUBDIRECTORY_PATTERNS\=.DS_Store\ .svn\ .git\ .hg\ CVS
    export EXCLUDED_RECURSIVE_SEARCH_PATH_SUBDIRECTORIES\=\*.nib\ \*.lproj\ \*.framework\ \*.gch\ \*.xcode\*\ \*.xcassets\ \*.icon\ \(\*\)\ .DS_Store\ CVS\ .svn\ .git\ .hg\ \*.pbproj\ \*.pbxproj
    export EXECUTABLES_FOLDER_PATH\=EXConstants.framework/en.lproj
    export EXECUTABLE_FOLDER_PATH\=EXConstants.framework
    export EXECUTABLE_FOLDER_PATH_SHALLOW_BUNDLE_NO\=EXConstants.framework
    export EXECUTABLE_FOLDER_PATH_SHALLOW_BUNDLE_YES\=EXConstants.framework
    export EXECUTABLE_NAME\=EXConstants
    export EXECUTABLE_PATH\=EXConstants.framework/EXConstants
    export EXPANDED_CODE_SIGN_IDENTITY\=-
    export EXPANDED_CODE_SIGN_IDENTITY_NAME\=Sign\ to\ Run\ Locally
    export EXTENSIONS_FOLDER_PATH\=EXConstants.framework/Extensions
    export FILE_LIST\=/Users/antoniogrillo-balen/Library/Developer/Xcode/DerivedData/risebysolis-gzfsziqwziaggpcbgdowmssiasmi/Build/Intermediates.noindex/Pods.build/Debug-iphonesimulator/EXConstants.build/Objects/LinkFileList
    export FIXED_FILES_DIR\=/Users/antoniogrillo-balen/Library/Developer/Xcode/DerivedData/risebysolis-gzfsziqwziaggpcbgdowmssiasmi/Build/Intermediates.noindex/Pods.build/Debug-iphonesimulator/EXConstants.build/FixedFiles
    export FRAMEWORKS_FOLDER_PATH\=EXConstants.framework/Frameworks
    export FRAMEWORK_FLAG_PREFIX\=-framework
    export FRAMEWORK_SEARCH_PATHS\=/Users/antoniogrillo-balen/Library/Developer/Xcode/DerivedData/risebysolis-gzfsziqwziaggpcbgdowmssiasmi/Build/Products/Debug-iphonesimulator/EXConstants\ \ \"/Users/antoniogrillo-balen/Library/Developer/Xcode/DerivedData/risebysolis-gzfsziqwziaggpcbgdowmssiasmi/Build/Products/Debug-iphonesimulator/DoubleConversion\"\ \"/Users/antoniogrillo-balen/Library/Developer/Xcode/DerivedData/risebysolis-gzfsziqwziaggpcbgdowmssiasmi/Build/Products/Debug-iphonesimulator/ExpoModulesCore\"\ \"/Users/antoniogrillo-balen/Library/Developer/Xcode/DerivedData/risebysolis-gzfsziqwziaggpcbgdowmssiasmi/Build/Products/Debug-iphonesimulator/RCT-Folly\"\ \"/Users/antoniogrillo-balen/Library/Developer/Xcode/DerivedData/risebysolis-gzfsziqwziaggpcbgdowmssiasmi/Build/Products/Debug-iphonesimulator/RCTDeprecation\"\ \"/Users/antoniogrillo-balen/Library/Developer/Xcode/DerivedData/risebysolis-gzfsziqwziaggpcbgdowmssiasmi/Build/Products/Debug-iphonesimulator/RCTTypeSafety\"\ \"/Users/antoniogrillo-balen/Library/Developer/Xcode/DerivedData/risebysolis-gzfsziqwziaggpcbgdowmssiasmi/Build/Products/Debug-iphonesimulator/React-Core\"\ \"/Users/antoniogrillo-balen/Library/Developer/Xcode/DerivedData/risebysolis-gzfsziqwziaggpcbgdowmssiasmi/Build/Products/Debug-iphonesimulator/React-CoreModules\"\ \"/Users/antoniogrillo-balen/Library/Developer/Xcode/DerivedData/risebysolis-gzfsziqwziaggpcbgdowmssiasmi/Build/Products/Debug-iphonesimulator/React-Fabric\"\ \"/Users/antoniogrillo-balen/Library/Developer/Xcode/DerivedData/risebysolis-gzfsziqwziaggpcbgdowmssiasmi/Build/Products/Debug-iphonesimulator/React-FabricComponents\"\ \"/Users/antoniogrillo-balen/Library/Developer/Xcode/DerivedData/risebysolis-gzfsziqwziaggpcbgdowmssiasmi/Build/Products/Debug-iphonesimulator/React-FabricImage\"\ \"/Users/antoniogrillo-balen/Library/Developer/Xcode/DerivedData/risebysolis-gzfsziqwziaggpcbgdowmssiasmi/Build/Products/Debug-iphonesimulator/React-ImageManager\"\ \"/Users/antoniogrillo-balen/Library/Developer/Xcode/DerivedData/risebysolis-gzfsziqwziaggpcbgdowmssiasmi/Build/Products/Debug-iphonesimulator/React-Mapbuffer\"\ \"/Users/antoniogrillo-balen/Library/Developer/Xcode/DerivedData/risebysolis-gzfsziqwziaggpcbgdowmssiasmi/Build/Products/Debug-iphonesimulator/React-NativeModulesApple\"\ \"/Users/antoniogrillo-balen/Library/Developer/Xcode/DerivedData/risebysolis-gzfsziqwziaggpcbgdowmssiasmi/Build/Products/Debug-iphonesimulator/React-RCTAppDelegate\"\ \"/Users/antoniogrillo-balen/Library/Developer/Xcode/DerivedData/risebysolis-gzfsziqwziaggpcbgdowmssiasmi/Build/Products/Debug-iphonesimulator/React-RCTBlob\"\ \"/Users/antoniogrillo-balen/Library/Developer/Xcode/DerivedData/risebysolis-gzfsziqwziaggpcbgdowmssiasmi/Build/Products/Debug-iphonesimulator/React-RCTFabric\"\ \"/Users/antoniogrillo-balen/Library/Developer/Xcode/DerivedData/risebysolis-gzfsziqwziaggpcbgdowmssiasmi/Build/Products/Debug-iphonesimulator/React-RCTImage\"\ \"/Users/antoniogrillo-balen/Library/Developer/Xcode/DerivedData/risebysolis-gzfsziqwziaggpcbgdowmssiasmi/Build/Products/Debug-iphonesimulator/React-RCTNetwork\"\ \"/Users/antoniogrillo-balen/Library/Developer/Xcode/DerivedData/risebysolis-gzfsziqwziaggpcbgdowmssiasmi/Build/Products/Debug-iphonesimulator/React-RCTText\"\ \"/Users/antoniogrillo-balen/Library/Developer/Xcode/DerivedData/risebysolis-gzfsziqwziaggpcbgdowmssiasmi/Build/Products/Debug-iphonesimulator/React-RuntimeApple\"\ \"/Users/antoniogrillo-balen/Library/Developer/Xcode/DerivedData/risebysolis-gzfsziqwziaggpcbgdowmssiasmi/Build/Products/Debug-iphonesimulator/React-RuntimeCore\"\ \"/Users/antoniogrillo-balen/Library/Developer/Xcode/DerivedData/risebysolis-gzfsziqwziaggpcbgdowmssiasmi/Build/Products/Debug-iphonesimulator/React-RuntimeHermes\"\ \"/Users/antoniogrillo-balen/Library/Developer/Xcode/DerivedData/risebysolis-gzfsziqwziaggpcbgdowmssiasmi/Build/Products/Debug-iphonesimulator/React-cxxreact\"\ \"/Users/antoniogrillo-balen/Library/Developer/Xcode/DerivedData/risebysolis-gzfsziqwziaggpcbgdowmssiasmi/Build/Products/Debug-iphonesimulator/React-debug\"\ \"/Users/antoniogrillo-balen/Library/Developer/Xcode/DerivedData/risebysolis-gzfsziqwziaggpcbgdowmssiasmi/Build/Products/Debug-iphonesimulator/React-defaultsnativemodule\"\ \"/Users/antoniogrillo-balen/Library/Developer/Xcode/DerivedData/risebysolis-gzfsziqwziaggpcbgdowmssiasmi/Build/Products/Debug-iphonesimulator/React-domnativemodule\"\ \"/Users/antoniogrillo-balen/Library/Developer/Xcode/DerivedData/risebysolis-gzfsziqwziaggpcbgdowmssiasmi/Build/Products/Debug-iphonesimulator/React-featureflags\"\ \"/Users/antoniogrillo-balen/Library/Developer/Xcode/DerivedData/risebysolis-gzfsziqwziaggpcbgdowmssiasmi/Build/Products/Debug-iphonesimulator/React-featureflagsnativemodule\"\ \"/Users/antoniogrillo-balen/Library/Developer/Xcode/DerivedData/risebysolis-gzfsziqwziaggpcbgdowmssiasmi/Build/Products/Debug-iphonesimulator/React-graphics\"\ \"/Users/antoniogrillo-balen/Library/Developer/Xcode/DerivedData/risebysolis-gzfsziqwziaggpcbgdowmssiasmi/Build/Products/Debug-iphonesimulator/React-hermes\"\ \"/Users/antoniogrillo-balen/Library/Developer/Xcode/DerivedData/risebysolis-gzfsziqwziaggpcbgdowmssiasmi/Build/Products/Debug-iphonesimulator/React-idlecallbacksnativemodule\"\ \"/Users/antoniogrillo-balen/Library/Developer/Xcode/DerivedData/risebysolis-gzfsziqwziaggpcbgdowmssiasmi/Build/Products/Debug-iphonesimulator/React-jserrorhandler\"\ \"/Users/antoniogrillo-balen/Library/Developer/Xcode/DerivedData/risebysolis-gzfsziqwziaggpcbgdowmssiasmi/Build/Products/Debug-iphonesimulator/React-jsi\"\ \"/Users/antoniogrillo-balen/Library/Developer/Xcode/DerivedData/risebysolis-gzfsziqwziaggpcbgdowmssiasmi/Build/Products/Debug-iphonesimulator/React-jsiexecutor\"\ \"/Users/antoniogrillo-balen/Library/Developer/Xcode/DerivedData/risebysolis-gzfsziqwziaggpcbgdowmssiasmi/Build/Products/Debug-iphonesimulator/React-jsinspector\"\ \"/Users/antoniogrillo-balen/Library/Developer/Xcode/DerivedData/risebysolis-gzfsziqwziaggpcbgdowmssiasmi/Build/Products/Debug-iphonesimulator/React-logger\"\ \"/Users/antoniogrillo-balen/Library/Developer/Xcode/DerivedData/risebysolis-gzfsziqwziaggpcbgdowmssiasmi/Build/Products/Debug-iphonesimulator/React-microtasksnativemodule\"\ \"/Users/antoniogrillo-balen/Library/Developer/Xcode/DerivedData/risebysolis-gzfsziqwziaggpcbgdowmssiasmi/Build/Products/Debug-iphonesimulator/React-nativeconfig\"\ \"/Users/antoniogrillo-balen/Library/Developer/Xcode/DerivedData/risebysolis-gzfsziqwziaggpcbgdowmssiasmi/Build/Products/Debug-iphonesimulator/React-perflogger\"\ \"/Users/antoniogrillo-balen/Library/Developer/Xcode/DerivedData/risebysolis-gzfsziqwziaggpcbgdowmssiasmi/Build/Products/Debug-iphonesimulator/React-performancetimeline\"\ \"/Users/antoniogrillo-balen/Library/Developer/Xcode/DerivedData/risebysolis-gzfsziqwziaggpcbgdowmssiasmi/Build/Products/Debug-iphonesimulator/React-rendererconsistency\"\ \"/Users/antoniogrillo-balen/Library/Developer/Xcode/DerivedData/risebysolis-gzfsziqwziaggpcbgdowmssiasmi/Build/Products/Debug-iphonesimulator/React-rendererdebug\"\ \"/Users/antoniogrillo-balen/Library/Developer/Xcode/DerivedData/risebysolis-gzfsziqwziaggpcbgdowmssiasmi/Build/Products/Debug-iphonesimulator/React-runtimescheduler\"\ \"/Users/antoniogrillo-balen/Library/Developer/Xcode/DerivedData/risebysolis-gzfsziqwziaggpcbgdowmssiasmi/Build/Products/Debug-iphonesimulator/React-utils\"\ \"/Users/antoniogrillo-balen/Library/Developer/Xcode/DerivedData/risebysolis-gzfsziqwziaggpcbgdowmssiasmi/Build/Products/Debug-iphonesimulator/ReactCodegen\"\ \"/Users/antoniogrillo-balen/Library/Developer/Xcode/DerivedData/risebysolis-gzfsziqwziaggpcbgdowmssiasmi/Build/Products/Debug-iphonesimulator/ReactCommon\"\ \"/Users/antoniogrillo-balen/Library/Developer/Xcode/DerivedData/risebysolis-gzfsziqwziaggpcbgdowmssiasmi/Build/Products/Debug-iphonesimulator/SocketRocket\"\ \"/Users/antoniogrillo-balen/Library/Developer/Xcode/DerivedData/risebysolis-gzfsziqwziaggpcbgdowmssiasmi/Build/Products/Debug-iphonesimulator/Yoga\"\ \"/Users/antoniogrillo-balen/Library/Developer/Xcode/DerivedData/risebysolis-gzfsziqwziaggpcbgdowmssiasmi/Build/Products/Debug-iphonesimulator/fmt\"\ \"/Users/antoniogrillo-balen/Library/Developer/Xcode/DerivedData/risebysolis-gzfsziqwziaggpcbgdowmssiasmi/Build/Products/Debug-iphonesimulator/glog\"\ \"/Users/antoniogrillo-balen/Desktop/Projects/RiseBuild/ios/Pods/hermes-engine/destroot/Library/Frameworks/universal\"\ \"/Users/antoniogrillo-balen/Library/Developer/Xcode/DerivedData/risebysolis-gzfsziqwziaggpcbgdowmssiasmi/Build/Products/Debug-iphonesimulator/XCFrameworkIntermediates/hermes-engine/Pre-built\"
    export FRAMEWORK_VERSION\=A
    export FULL_PRODUCT_NAME\=EXConstants.framework
    export FUSE_BUILD_PHASES\=YES
    export FUSE_BUILD_SCRIPT_PHASES\=NO
    export GCC3_VERSION\=3.3
    export GCC_C_LANGUAGE_STANDARD\=gnu11
    export GCC_DYNAMIC_NO_PIC\=NO
    export GCC_INLINES_ARE_PRIVATE_EXTERN\=YES
    export GCC_NO_COMMON_BLOCKS\=YES
    export GCC_OBJC_LEGACY_DISPATCH\=YES
    export GCC_OPTIMIZATION_LEVEL\=0
    export GCC_PFE_FILE_C_DIALECTS\=c\ objective-c\ c++\ objective-c++
    export GCC_PREFIX_HEADER\=Target\ Support\ Files/EXConstants/EXConstants-prefix.pch
    export GCC_PREPROCESSOR_DEFINITIONS\=POD_CONFIGURATION_DEBUG\=1\ DEBUG\=1\ \ COCOAPODS\=1
    export GCC_TREAT_WARNINGS_AS_ERRORS\=NO
    export GCC_VERSION\=com.apple.compilers.llvm.clang.1_0
    export GCC_VERSION_IDENTIFIER\=com_apple_compilers_llvm_clang_1_0
    export GCC_WARN_64_TO_32_BIT_CONVERSION\=YES
    export GCC_WARN_ABOUT_RETURN_TYPE\=YES_ERROR
    export GCC_WARN_UNDECLARED_SELECTOR\=YES
    export GCC_WARN_UNINITIALIZED_AUTOS\=YES_AGGRESSIVE
    export GCC_WARN_UNUSED_FUNCTION\=YES
    export GCC_WARN_UNUSED_VARIABLE\=YES
    export GENERATED_MODULEMAP_DIR\=/Users/antoniogrillo-balen/Library/Developer/Xcode/DerivedData/risebysolis-gzfsziqwziaggpcbgdowmssiasmi/Build/Intermediates.noindex/GeneratedModuleMaps-iphonesimulator
    export GENERATE_INFOPLIST_FILE\=NO
    export GENERATE_INTERMEDIATE_TEXT_BASED_STUBS\=YES
    export GENERATE_PKGINFO_FILE\=NO
    export GENERATE_PRELINK_OBJECT_FILE\=NO
    export GENERATE_PROFILING_CODE\=NO
    export GENERATE_TEXT_BASED_STUBS\=NO
    export GID\=20
    export GROUP\=staff
    export HEADERMAP_INCLUDES_FLAT_ENTRIES_FOR_TARGET_BEING_BUILT\=YES
    export HEADERMAP_INCLUDES_FRAMEWORK_ENTRIES_FOR_ALL_PRODUCT_TYPES\=YES
    export HEADERMAP_INCLUDES_FRAMEWORK_ENTRIES_FOR_TARGETS_NOT_BEING_BUILT\=YES
    export HEADERMAP_INCLUDES_NONPUBLIC_NONPRIVATE_HEADERS\=YES
    export HEADERMAP_INCLUDES_PROJECT_HEADERS\=YES
    export HEADERMAP_USES_FRAMEWORK_PREFIX_ENTRIES\=YES
    export HEADERMAP_USES_VFS\=YES
    export HEADER_SEARCH_PATHS\=/Users/antoniogrillo-balen/Library/Developer/Xcode/DerivedData/risebysolis-gzfsziqwziaggpcbgdowmssiasmi/Build/Products/Debug-iphonesimulator/EXConstants/include\ \ /Users/antoniogrillo-balen/Library/Developer/Xcode/DerivedData/risebysolis-gzfsziqwziaggpcbgdowmssiasmi/Build/Products/Debug-iphonesimulator/ReactCommon/ReactCommon.framework/Headers\ /Users/antoniogrillo-balen/Library/Developer/Xcode/DerivedData/risebysolis-gzfsziqwziaggpcbgdowmssiasmi/Build/Products/Debug-iphonesimulator/ReactCommon/ReactCommon.framework/Headers/react/nativemodule/core\ /Users/antoniogrillo-balen/Library/Developer/Xcode/DerivedData/risebysolis-gzfsziqwziaggpcbgdowmssiasmi/Build/Products/Debug-iphonesimulator/ReactCommon-Samples/ReactCommon_Samples.framework/Headers\ /Users/antoniogrillo-balen/Library/Developer/Xcode/DerivedData/risebysolis-gzfsziqwziaggpcbgdowmssiasmi/Build/Products/Debug-iphonesimulator/ReactCommon-Samples/ReactCommon_Samples.framework/Headers/platform/ios\ /Users/antoniogrillo-balen/Library/Developer/Xcode/DerivedData/risebysolis-gzfsziqwziaggpcbgdowmssiasmi/Build/Products/Debug-iphonesimulator/React-Fabric/React_Fabric.framework/Headers/react/renderer/components/view/platform/cxx\ /Users/antoniogrillo-balen/Library/Developer/Xcode/DerivedData/risebysolis-gzfsziqwziaggpcbgdowmssiasmi/Build/Products/Debug-iphonesimulator/React-NativeModulesApple/React_NativeModulesApple.framework/Headers\ /Users/antoniogrillo-balen/Library/Developer/Xcode/DerivedData/risebysolis-gzfsziqwziaggpcbgdowmssiasmi/Build/Products/Debug-iphonesimulator/React-graphics/React_graphics.framework/Headers\ /Users/antoniogrillo-balen/Library/Developer/Xcode/DerivedData/risebysolis-gzfsziqwziaggpcbgdowmssiasmi/Build/Products/Debug-iphonesimulator/React-graphics/React_graphics.framework/Headers/react/renderer/graphics/platform/ios\ \"/Users/antoniogrillo-balen/Desktop/Projects/RiseBuild/ios/Pods/Headers/Public\"\ \"/Users/antoniogrillo-balen/Desktop/Projects/RiseBuild/ios/Pods/Headers/Public/FBLazyVector\"\ \"/Users/antoniogrillo-balen/Desktop/Projects/RiseBuild/ios/Pods/Headers/Public/RCTRequired\"\ \"/Users/antoniogrillo-balen/Desktop/Projects/RiseBuild/ios/Pods/Headers/Public/React-callinvoker\"\ \"/Users/antoniogrillo-balen/Desktop/Projects/RiseBuild/ios/Pods/Headers/Public/React-runtimeexecutor\"\ \"/Users/antoniogrillo-balen/Desktop/Projects/RiseBuild/ios/Pods/Headers/Public/React-timing\"\ \"/Users/antoniogrillo-balen/Desktop/Projects/RiseBuild/ios/Pods/Headers/Public/boost\"\ \"/Users/antoniogrillo-balen/Desktop/Projects/RiseBuild/ios/Pods/Headers/Public/fast_float\"\ \"/Users/antoniogrillo-balen/Desktop/Projects/RiseBuild/ios/Pods/Headers/Public/hermes-engine\"
    export HOME\=/Users/antoniogrillo-balen
    export HOST_ARCH\=arm64
    export HOST_PLATFORM\=macosx
    export ICONV\=/usr/bin/iconv
    export IMPLICIT_DEPENDENCY_DOMAIN\=default
    export INDEX_STORE_COMPRESS\=NO
    export INDEX_STORE_ONLY_PROJECT_FILES\=NO
    export INFOPLIST_ENABLE_CFBUNDLEICONS_MERGE\=YES
    export INFOPLIST_EXPAND_BUILD_SETTINGS\=YES
    export INFOPLIST_FILE\=Target\ Support\ Files/EXConstants/EXConstants-Info.plist
    export INFOPLIST_OUTPUT_FORMAT\=binary
    export INFOPLIST_PATH\=EXConstants.framework/Info.plist
    export INFOPLIST_PREPROCESS\=NO
    export INFOSTRINGS_PATH\=EXConstants.framework/en.lproj/InfoPlist.strings
    export INLINE_PRIVATE_FRAMEWORKS\=NO
    export INSTALLAPI_IGNORE_SKIP_INSTALL\=YES
    export INSTALLHDRS_COPY_PHASE\=NO
    export INSTALLHDRS_SCRIPT_PHASE\=NO
    export INSTALL_DIR\=/tmp/Pods.dst/Library/Frameworks
    export INSTALL_GROUP\=staff
    export INSTALL_MODE_FLAG\=u+w,go-w,a+rX
    export INSTALL_OWNER\=antoniogrillo-balen
    export INSTALL_PATH\=/Library/Frameworks
    export INSTALL_ROOT\=/tmp/Pods.dst
    export IPHONEOS_DEPLOYMENT_TARGET\=15.1
    export IS_UNOPTIMIZED_BUILD\=YES
    export JAVAC_DEFAULT_FLAGS\=-J-Xms64m\ -J-XX:NewSize\=4M\ -J-Dfile.encoding\=UTF8
    export JAVA_APP_STUB\=/System/Library/Frameworks/JavaVM.framework/Resources/MacOS/JavaApplicationStub
    export JAVA_ARCHIVE_CLASSES\=YES
    export JAVA_ARCHIVE_TYPE\=JAR
    export JAVA_COMPILER\=/usr/bin/javac
    export JAVA_FOLDER_PATH\=EXConstants.framework/Java
    export JAVA_FRAMEWORK_RESOURCES_DIRS\=Resources
    export JAVA_JAR_FLAGS\=cv
    export JAVA_SOURCE_SUBDIR\=.
    export JAVA_USE_DEPENDENCIES\=YES
    export JAVA_ZIP_FLAGS\=-urg
    export JIKES_DEFAULT_FLAGS\=+E\ +OLDCSO
    export KEEP_PRIVATE_EXTERNS\=NO
    export LD_DEPENDENCY_INFO_FILE\=/Users/antoniogrillo-balen/Library/Developer/Xcode/DerivedData/risebysolis-gzfsziqwziaggpcbgdowmssiasmi/Build/Intermediates.noindex/Pods.build/Debug-iphonesimulator/EXConstants.build/Objects-normal/undefined_arch/EXConstants_dependency_info.dat
    export LD_DYLIB_INSTALL_NAME\=@rpath/EXConstants.framework/EXConstants
    export LD_EXPORT_SYMBOLS\=YES
    export LD_GENERATE_MAP_FILE\=NO
    export LD_MAP_FILE_PATH\=/Users/antoniogrillo-balen/Library/Developer/Xcode/DerivedData/risebysolis-gzfsziqwziaggpcbgdowmssiasmi/Build/Intermediates.noindex/Pods.build/Debug-iphonesimulator/EXConstants.build/EXConstants-LinkMap-normal-undefined_arch.txt
    export LD_NO_PIE\=NO
    export LD_QUOTE_LINKER_ARGUMENTS_FOR_COMPILER_DRIVER\=YES
    export LD_RUNPATH_SEARCH_PATHS\=\ @executable_path/Frameworks\ @loader_path/Frameworks
    export LD_SHARED_CACHE_ELIGIBLE\=Automatic
    export LD_WARN_DUPLICATE_LIBRARIES\=NO
    export LD_WARN_UNUSED_DYLIBS\=NO
    export LEGACY_DEVELOPER_DIR\=/Applications/Xcode.app/Contents/PlugIns/Xcode3Core.ideplugin/Contents/SharedSupport/Developer
    export LEX\=lex
    export LIBRARY_DEXT_INSTALL_PATH\=/Library/DriverExtensions
    export LIBRARY_FLAG_NOSPACE\=YES
    export LIBRARY_FLAG_PREFIX\=-l
    export LIBRARY_KEXT_INSTALL_PATH\=/Library/Extensions
    export LIBRARY_SEARCH_PATHS\=/Users/antoniogrillo-balen/Library/Developer/Xcode/DerivedData/risebysolis-gzfsziqwziaggpcbgdowmssiasmi/Build/Products/Debug-iphonesimulator/EXConstants\ 
    export LINKER_DISPLAYS_MANGLED_NAMES\=NO
    export LINK_FILE_LIST_normal_arm64\=/Users/antoniogrillo-balen/Library/Developer/Xcode/DerivedData/risebysolis-gzfsziqwziaggpcbgdowmssiasmi/Build/Intermediates.noindex/Pods.build/Debug-iphonesimulator/EXConstants.build/Objects-normal/arm64/EXConstants.LinkFileList
    export LINK_OBJC_RUNTIME\=YES
    export LINK_WITH_STANDARD_LIBRARIES\=YES
    export LLVM_TARGET_TRIPLE_OS_VERSION\=ios15.1
    export LLVM_TARGET_TRIPLE_SUFFIX\=-simulator
    export LLVM_TARGET_TRIPLE_VENDOR\=apple
    export LM_AUX_CONST_METADATA_LIST_PATH_normal_arm64\=/Users/antoniogrillo-balen/Library/Developer/Xcode/DerivedData/risebysolis-gzfsziqwziaggpcbgdowmssiasmi/Build/Intermediates.noindex/Pods.build/Debug-iphonesimulator/EXConstants.build/Objects-normal/arm64/EXConstants.SwiftConstValuesFileList
    export LOCALIZATION_EXPORT_SUPPORTED\=YES
    export LOCALIZATION_PREFERS_STRING_CATALOGS\=NO
    export LOCALIZED_RESOURCES_FOLDER_PATH\=EXConstants.framework/en.lproj
    export LOCALIZED_STRING_CODE_COMMENTS\=NO
    export LOCALIZED_STRING_MACRO_NAMES\=NSLocalizedString\ CFCopyLocalizedString
    export LOCALIZED_STRING_SWIFTUI_SUPPORT\=YES
    export LOCAL_ADMIN_APPS_DIR\=/Applications/Utilities
    export LOCAL_APPS_DIR\=/Applications
    export LOCAL_DEVELOPER_DIR\=/Library/Developer
    export LOCAL_LIBRARY_DIR\=/Library
    export LOCROOT\=/Users/antoniogrillo-balen/Desktop/Projects/RiseBuild/ios/Pods
    export LOCSYMROOT\=/Users/antoniogrillo-balen/Desktop/Projects/RiseBuild/ios/Pods
    export MACH_O_TYPE\=staticlib
    export MAC_OS_X_PRODUCT_BUILD_VERSION\=25E253
    export MAC_OS_X_VERSION_ACTUAL\=260401
    export MAC_OS_X_VERSION_MAJOR\=260000
    export MAC_OS_X_VERSION_MINOR\=260400
    export MAKE_MERGEABLE\=NO
    export MERGEABLE_LIBRARY\=NO
    export MERGED_BINARY_TYPE\=none
    export MERGE_LINKED_LIBRARIES\=NO
    export METAL_LIBRARY_FILE_BASE\=default
    export METAL_LIBRARY_OUTPUT_DIR\=/Users/antoniogrillo-balen/Library/Developer/Xcode/DerivedData/risebysolis-gzfsziqwziaggpcbgdowmssiasmi/Build/Products/Debug-iphonesimulator/EXConstants/EXConstants.framework
    export MODULEMAP_FILE\=Target\ Support\ Files/EXConstants/EXConstants.modulemap
    export MODULES_FOLDER_PATH\=EXConstants.framework/Modules
    export MODULE_CACHE_DIR\=/Users/antoniogrillo-balen/Library/Developer/Xcode/DerivedData/ModuleCache.noindex
    export MTL_ENABLE_DEBUG_INFO\=INCLUDE_SOURCE
    export MTL_FAST_MATH\=YES
    export NATIVE_ARCH\=arm64
    export NATIVE_ARCH_32_BIT\=arm
    export NATIVE_ARCH_64_BIT\=arm64
    export NATIVE_ARCH_ACTUAL\=arm64
    export NO_COMMON\=YES
    export OBJC_ABI_VERSION\=2
    export OBJECT_FILE_DIR\=/Users/antoniogrillo-balen/Library/Developer/Xcode/DerivedData/risebysolis-gzfsziqwziaggpcbgdowmssiasmi/Build/Intermediates.noindex/Pods.build/Debug-iphonesimulator/EXConstants.build/Objects
    export OBJECT_FILE_DIR_normal\=/Users/antoniogrillo-balen/Library/Developer/Xcode/DerivedData/risebysolis-gzfsziqwziaggpcbgdowmssiasmi/Build/Intermediates.noindex/Pods.build/Debug-iphonesimulator/EXConstants.build/Objects-normal
    export OBJROOT\=/Users/antoniogrillo-balen/Library/Developer/Xcode/DerivedData/risebysolis-gzfsziqwziaggpcbgdowmssiasmi/Build/Intermediates.noindex
    export ONLY_ACTIVE_ARCH\=YES
    export OS\=MACOS
    export OSAC\=/usr/bin/osacompile
    export OTHER_LDFLAGS\=\ \ 
    export OTHER_SWIFT_FLAGS\=\ -D\ COCOAPODS
    export PACKAGE_TYPE\=com.apple.package-type.wrapper.framework
    export PASCAL_STRINGS\=YES
    export PATH\=/Applications/Xcode.app/Contents/SharedFrameworks/SwiftBuild.framework/Versions/A/PlugIns/SWBBuildService.bundle/Contents/PlugIns/SWBUniversalPlatformPlugin.bundle/Contents/Frameworks/SWBUniversalPlatform.framework/Resources:/Applications/Xcode.app/Contents/Developer/Toolchains/XcodeDefault.xctoolchain/usr/bin:/Applications/Xcode.app/Contents/Developer/Toolchains/XcodeDefault.xctoolchain/usr/local/bin:/Applications/Xcode.app/Contents/Developer/Toolchains/XcodeDefault.xctoolchain/usr/libexec:/Applications/Xcode.app/Contents/Developer/Platforms/iPhoneSimulator.platform/usr/bin:/Applications/Xcode.app/Contents/Developer/Platforms/iPhoneSimulator.platform/usr/local/bin:/Applications/Xcode.app/Contents/Developer/Platforms/iPhoneSimulator.platform/Developer/usr/bin:/Applications/Xcode.app/Contents/Developer/Platforms/iPhoneSimulator.platform/Developer/usr/local/bin:/Applications/Xcode.app/Contents/Developer/usr/bin:/Applications/Xcode.app/Contents/Developer/usr/local/bin:/opt/homebrew/opt/ruby/bin:/opt/homebrew/lib/ruby/gems/4.0.0/bin:/opt/homebrew/bin:/opt/homebrew/sbin:/Users/antoniogrillo-balen/.nvm/versions/node/v24.14.1/bin:/Library/Frameworks/Python.framework/Versions/3.14/bin:/usr/local/bin:/System/Cryptexes/App/usr/bin:/usr/bin:/bin:/usr/sbin:/sbin:/var/run/com.apple.security.cryptexd/codex.system/bootstrap/usr/local/bin:/var/run/com.apple.security.cryptexd/codex.system/bootstrap/usr/bin:/var/run/com.apple.security.cryptexd/codex.system/bootstrap/usr/appleinternal/bin:/opt/pkg/env/active/bin:/opt/pmk/env/global/bin:/Library/Apple/usr/bin:/Applications/VMware\ Fusion.app/Contents/Public:/Users/antoniogrillo-balen/.cargo/bin:/Users/antoniogrillo-balen/.cache/plugins/.install-staging/25283474a0e0d4a060cb0e915c1ec54e3d41ef2e/cursor/repo/bin:/Users/antoniogrillo-balen/.claude/plugins/cache/claude-plugins-official/superpowers/5.1.0/bin:/Users/antoniogrillo-balen/.claude/plugins/cache/claude-plugins-official/frontend-design/unknown/bin:/Users/antoniogrillo-balen/.claude/plugins/cache/claude-plugins-official/code-simplifier/1.0.0/bin:/Users/antoniogrillo-balen/.claude/plugins/cache/claude-plugins-official/security-guidance/unknown/bin:/Users/antoniogrillo-balen/.claude/plugins/cache/thedotmack/claude-mem/12.1.1/bin
    export PATH_PREFIXES_EXCLUDED_FROM_HEADER_DEPENDENCIES\=/usr/include\ /usr/local/include\ /System/Library/Frameworks\ /System/Library/PrivateFrameworks\ /Applications/Xcode.app/Contents/Developer/Headers\ /Applications/Xcode.app/Contents/Developer/SDKs\ /Applications/Xcode.app/Contents/Developer/Platforms
    export PBDEVELOPMENTPLIST_PATH\=EXConstants.framework/pbdevelopment.plist
    export PER_ARCH_MODULE_FILE_DIR\=/Users/antoniogrillo-balen/Library/Developer/Xcode/DerivedData/risebysolis-gzfsziqwziaggpcbgdowmssiasmi/Build/Intermediates.noindex/Pods.build/Debug-iphonesimulator/EXConstants.build/Objects-normal/undefined_arch
    export PER_ARCH_OBJECT_FILE_DIR\=/Users/antoniogrillo-balen/Library/Developer/Xcode/DerivedData/risebysolis-gzfsziqwziaggpcbgdowmssiasmi/Build/Intermediates.noindex/Pods.build/Debug-iphonesimulator/EXConstants.build/Objects-normal/undefined_arch
    export PER_VARIANT_OBJECT_FILE_DIR\=/Users/antoniogrillo-balen/Library/Developer/Xcode/DerivedData/risebysolis-gzfsziqwziaggpcbgdowmssiasmi/Build/Intermediates.noindex/Pods.build/Debug-iphonesimulator/EXConstants.build/Objects-normal
    export PKGINFO_FILE_PATH\=/Users/antoniogrillo-balen/Library/Developer/Xcode/DerivedData/risebysolis-gzfsziqwziaggpcbgdowmssiasmi/Build/Intermediates.noindex/Pods.build/Debug-iphonesimulator/EXConstants.build/PkgInfo
    export PKGINFO_PATH\=EXConstants.framework/PkgInfo
    export PLATFORM_DEVELOPER_APPLICATIONS_DIR\=/Applications/Xcode.app/Contents/Developer/Platforms/iPhoneSimulator.platform/Developer/Applications
    export PLATFORM_DEVELOPER_BIN_DIR\=/Applications/Xcode.app/Contents/Developer/Platforms/iPhoneSimulator.platform/Developer/usr/bin
    export PLATFORM_DEVELOPER_LIBRARY_DIR\=/Applications/Xcode.app/Contents/Developer/Platforms/iPhoneSimulator.platform/Developer/Library
    export PLATFORM_DEVELOPER_SDK_DIR\=/Applications/Xcode.app/Contents/Developer/Platforms/iPhoneSimulator.platform/Developer/SDKs
    export PLATFORM_DEVELOPER_TOOLS_DIR\=/Applications/Xcode.app/Contents/Developer/Platforms/iPhoneSimulator.platform/Developer/Tools
    export PLATFORM_DEVELOPER_USR_DIR\=/Applications/Xcode.app/Contents/Developer/Platforms/iPhoneSimulator.platform/Developer/usr
    export PLATFORM_DIR\=/Applications/Xcode.app/Contents/Developer/Platforms/iPhoneSimulator.platform
    export PLATFORM_DISPLAY_NAME\=iOS\ Simulator
    export PLATFORM_FAMILY_NAME\=iOS
    export PLATFORM_NAME\=iphonesimulator
    export PLATFORM_PREFERRED_ARCH\=x86_64
    export PLATFORM_PRODUCT_BUILD_VERSION\=23F73
    export PLATFORM_REQUIRES_SWIFT_AUTOLINK_EXTRACT\=NO
    export PLATFORM_REQUIRES_SWIFT_MODULEWRAP\=NO
    export PLATFORM_USES_DSYMS\=YES
    export PLIST_FILE_OUTPUT_FORMAT\=binary
    export PLUGINS_FOLDER_PATH\=EXConstants.framework/PlugIns
    export PODS_BUILD_DIR\=/Users/antoniogrillo-balen/Library/Developer/Xcode/DerivedData/risebysolis-gzfsziqwziaggpcbgdowmssiasmi/Build/Products
    export PODS_CONFIGURATION_BUILD_DIR\=/Users/antoniogrillo-balen/Library/Developer/Xcode/DerivedData/risebysolis-gzfsziqwziaggpcbgdowmssiasmi/Build/Products/Debug-iphonesimulator
    export PODS_DEVELOPMENT_LANGUAGE\=en
    export PODS_ROOT\=/Users/antoniogrillo-balen/Desktop/Projects/RiseBuild/ios/Pods
    export PODS_TARGET_SRCROOT\=/Users/antoniogrillo-balen/Desktop/Projects/RiseBuild/ios/Pods/../../node_modules/expo-constants/ios
    export PODS_XCFRAMEWORKS_BUILD_DIR\=/Users/antoniogrillo-balen/Library/Developer/Xcode/DerivedData/risebysolis-gzfsziqwziaggpcbgdowmssiasmi/Build/Products/Debug-iphonesimulator/XCFrameworkIntermediates
    export PRECOMPS_INCLUDE_HEADERS_FROM_BUILT_PRODUCTS_DIR\=YES
    export PRECOMP_DESTINATION_DIR\=/Users/antoniogrillo-balen/Library/Developer/Xcode/DerivedData/risebysolis-gzfsziqwziaggpcbgdowmssiasmi/Build/Intermediates.noindex/Pods.build/Debug-iphonesimulator/EXConstants.build/PrefixHeaders
    export PRIVATE_HEADERS_FOLDER_PATH\=EXConstants.framework/PrivateHeaders
    export PROCESSED_INFOPLIST_PATH\=/Users/antoniogrillo-balen/Library/Developer/Xcode/DerivedData/risebysolis-gzfsziqwziaggpcbgdowmssiasmi/Build/Intermediates.noindex/Pods.build/Debug-iphonesimulator/EXConstants.build/Objects-normal/undefined_arch/Processed-Info.plist
    export PRODUCT_BUNDLE_IDENTIFIER\=org.cocoapods.EXConstants
    export PRODUCT_BUNDLE_PACKAGE_TYPE\=FMWK
    export PRODUCT_MODULE_NAME\=EXConstants
    export PRODUCT_NAME\=EXConstants
    export PRODUCT_SETTINGS_PATH\=/Users/antoniogrillo-balen/Desktop/Projects/RiseBuild/ios/Pods/Target\ Support\ Files/EXConstants/EXConstants-Info.plist
    export PRODUCT_TYPE\=com.apple.product-type.framework
    export PROFILING_CODE\=NO
    export PROJECT\=Pods
    export PROJECT_DERIVED_FILE_DIR\=/Users/antoniogrillo-balen/Library/Developer/Xcode/DerivedData/risebysolis-gzfsziqwziaggpcbgdowmssiasmi/Build/Intermediates.noindex/Pods.build/DerivedSources
    export PROJECT_DIR\=/Users/antoniogrillo-balen/Desktop/Projects/RiseBuild/ios/Pods
    export PROJECT_FILE_PATH\=/Users/antoniogrillo-balen/Desktop/Projects/RiseBuild/ios/Pods/Pods.xcodeproj
    export PROJECT_GUID\=8699adb1dd336b26511df848a716bd42
    export PROJECT_NAME\=Pods
    export PROJECT_TEMP_DIR\=/Users/antoniogrillo-balen/Library/Developer/Xcode/DerivedData/risebysolis-gzfsziqwziaggpcbgdowmssiasmi/Build/Intermediates.noindex/Pods.build
    export PROJECT_TEMP_ROOT\=/Users/antoniogrillo-balen/Library/Developer/Xcode/DerivedData/risebysolis-gzfsziqwziaggpcbgdowmssiasmi/Build/Intermediates.noindex
    export PUBLIC_HEADERS_FOLDER_PATH\=EXConstants.framework/Headers
    export REACT_NATIVE_PATH\=/Users/antoniogrillo-balen/Desktop/Projects/RiseBuild/ios/Pods/../../node_modules/react-native
    export RECOMMENDED_IPHONEOS_DEPLOYMENT_TARGET\=15.0
    export RECURSIVE_SEARCH_PATHS_FOLLOW_SYMLINKS\=YES
    export REMOVE_CVS_FROM_RESOURCES\=YES
    export REMOVE_GIT_FROM_RESOURCES\=YES
    export REMOVE_HEADERS_FROM_EMBEDDED_BUNDLES\=YES
    export REMOVE_HG_FROM_RESOURCES\=YES
    export REMOVE_STATIC_EXECUTABLES_FROM_EMBEDDED_BUNDLES\=YES
    export REMOVE_SVN_FROM_RESOURCES\=YES
    export RESCHEDULE_INDEPENDENT_HEADERS_PHASES\=YES
    export REZ_COLLECTOR_DIR\=/Users/antoniogrillo-balen/Library/Developer/Xcode/DerivedData/risebysolis-gzfsziqwziaggpcbgdowmssiasmi/Build/Intermediates.noindex/Pods.build/Debug-iphonesimulator/EXConstants.build/ResourceManagerResources
    export REZ_OBJECTS_DIR\=/Users/antoniogrillo-balen/Library/Developer/Xcode/DerivedData/risebysolis-gzfsziqwziaggpcbgdowmssiasmi/Build/Intermediates.noindex/Pods.build/Debug-iphonesimulator/EXConstants.build/ResourceManagerResources/Objects
    export REZ_SEARCH_PATHS\=/Users/antoniogrillo-balen/Library/Developer/Xcode/DerivedData/risebysolis-gzfsziqwziaggpcbgdowmssiasmi/Build/Products/Debug-iphonesimulator/EXConstants\ 
    export RPATH_ORIGIN\=@loader_path
    export RUNTIME_EXCEPTION_ALLOW_DYLD_ENVIRONMENT_VARIABLES\=NO
    export RUNTIME_EXCEPTION_ALLOW_JIT\=NO
    export RUNTIME_EXCEPTION_ALLOW_UNSIGNED_EXECUTABLE_MEMORY\=NO
    export RUNTIME_EXCEPTION_DEBUGGING_TOOL\=NO
    export RUNTIME_EXCEPTION_DISABLE_EXECUTABLE_PAGE_PROTECTION\=NO
    export RUNTIME_EXCEPTION_DISABLE_LIBRARY_VALIDATION\=NO
    export SCANNING_PCM_KEEP_CACHE_DIRECTORY\=YES
    export SCAN_ALL_SOURCE_FILES_FOR_INCLUDES\=NO
    export SCRIPTS_FOLDER_PATH\=EXConstants.framework/Scripts
    export SCRIPT_INPUT_FILE_COUNT\=0
    export SCRIPT_INPUT_FILE_LIST_COUNT\=0
    export SCRIPT_OUTPUT_FILE_COUNT\=0
    export SCRIPT_OUTPUT_FILE_LIST_COUNT\=0
    export SDKROOT\=/Applications/Xcode.app/Contents/Developer/Platforms/iPhoneSimulator.platform/Developer/SDKs/iPhoneSimulator26.5.sdk
    export SDK_DIR\=/Applications/Xcode.app/Contents/Developer/Platforms/iPhoneSimulator.platform/Developer/SDKs/iPhoneSimulator26.5.sdk
    export SDK_DIR_iphonesimulator\=/Applications/Xcode.app/Contents/Developer/Platforms/iPhoneSimulator.platform/Developer/SDKs/iPhoneSimulator26.5.sdk
    export SDK_DIR_iphonesimulator26_5\=/Applications/Xcode.app/Contents/Developer/Platforms/iPhoneSimulator.platform/Developer/SDKs/iPhoneSimulator26.5.sdk
    export SDK_NAME\=iphonesimulator26.5
    export SDK_NAMES\=iphonesimulator26.5
    export SDK_PRODUCT_BUILD_VERSION\=23F73
    export SDK_STAT_CACHE_DIR\=/Users/antoniogrillo-balen/Library/Developer/Xcode/DerivedData
    export SDK_STAT_CACHE_ENABLE\=YES
    export SDK_STAT_CACHE_PATH\=/Users/antoniogrillo-balen/Library/Developer/Xcode/DerivedData/SDKStatCaches.noindex/iphonesimulator26.5-23F73-6cfe768891a92b912361537c460fe42b.sdkstatcache
    export SDK_VERSION\=26.5
    export SDK_VERSION_ACTUAL\=260500
    export SDK_VERSION_MAJOR\=260000
    export SDK_VERSION_MINOR\=260500
    export SED\=/usr/bin/sed
    export SEPARATE_STRIP\=NO
    export SEPARATE_SYMBOL_EDIT\=NO
    export SET_DIR_MODE_OWNER_GROUP\=YES
    export SET_FILE_MODE_OWNER_GROUP\=NO
    export SHALLOW_BUNDLE\=YES
    export SHALLOW_BUNDLE_TRIPLE\=ios-simulator
    export SHALLOW_BUNDLE_ios_macabi\=NO
    export SHALLOW_BUNDLE_macos\=NO
    export SHARED_DERIVED_FILE_DIR\=/Users/antoniogrillo-balen/Library/Developer/Xcode/DerivedData/risebysolis-gzfsziqwziaggpcbgdowmssiasmi/Build/Products/Debug-iphonesimulator/EXConstants/DerivedSources
    export SHARED_FRAMEWORKS_FOLDER_PATH\=EXConstants.framework/SharedFrameworks
    export SHARED_PRECOMPS_DIR\=/Users/antoniogrillo-balen/Library/Developer/Xcode/DerivedData/risebysolis-gzfsziqwziaggpcbgdowmssiasmi/Build/Intermediates.noindex/PrecompiledHeaders
    export SHARED_SUPPORT_FOLDER_PATH\=EXConstants.framework
    export SKIP_INSTALL\=YES
    export SKIP_MERGEABLE_LIBRARY_BUNDLE_HOOK\=NO
    export SOURCE_ROOT\=/Users/antoniogrillo-balen/Desktop/Projects/RiseBuild/ios/Pods
    export SRCROOT\=/Users/antoniogrillo-balen/Desktop/Projects/RiseBuild/ios/Pods
    export STRINGSDATA_DIR\=/Users/antoniogrillo-balen/Library/Developer/Xcode/DerivedData/risebysolis-gzfsziqwziaggpcbgdowmssiasmi/Build/Intermediates.noindex/Pods.build/Debug-iphonesimulator/EXConstants.build/Objects-normal/undefined_arch
    export STRINGSDATA_ROOT\=/Users/antoniogrillo-balen/Library/Developer/Xcode/DerivedData/risebysolis-gzfsziqwziaggpcbgdowmssiasmi/Build/Intermediates.noindex/Pods.build/Debug-iphonesimulator/EXConstants.build
    export STRINGS_FILE_INFOPLIST_RENAME\=YES
    export STRINGS_FILE_OUTPUT_ENCODING\=binary
    export STRING_CATALOG_GENERATE_SYMBOLS\=NO
    export STRIP_BITCODE_FROM_COPIED_FILES\=NO
    export STRIP_INSTALLED_PRODUCT\=NO
    export STRIP_STYLE\=debugging
    export STRIP_SWIFT_SYMBOLS\=YES
    export SUPPORTED_DEVICE_FAMILIES\=1,2
    export SUPPORTED_PLATFORMS\=iphoneos\ iphonesimulator
    export SUPPORTS_TEXT_BASED_API\=NO
    export SUPPRESS_WARNINGS\=NO
    export SWIFT_ACTIVE_COMPILATION_CONDITIONS\=\ DEBUG\ 
    export SWIFT_COMPILATION_MODE\=wholemodule
    export SWIFT_EMIT_CONST_VALUE_PROTOCOLS\=AnyResolverProviding\ AppEntity\ AppEnum\ AppExtension\ AppIntent\ AppIntentsPackage\ AppShortcutProviding\ AppShortcutsProvider\ AppUnionValue\ AppUnionValueCasesProviding\ DynamicOptionsProvider\ EntityQuery\ ExtensionPointDefining\ IntentValueQuery\ Resolver\ TransientEntity\ _AssistantIntentsProvider\ _GenerativeFunctionExtractable\ _IntentValueRepresentable
    export SWIFT_EMIT_LOC_STRINGS\=NO
    export SWIFT_ENABLE_EXPLICIT_MODULES\=YES
    export SWIFT_INSTALL_MODULE_FOR_DEPLOYMENT\=YES
    export SWIFT_INSTALL_OBJC_HEADER\=YES
    export SWIFT_OPTIMIZATION_LEVEL\=-Onone
    export SWIFT_PLATFORM_TARGET_PREFIX\=ios
    export SWIFT_RESPONSE_FILE_PATH_normal_arm64\=/Users/antoniogrillo-balen/Library/Developer/Xcode/DerivedData/risebysolis-gzfsziqwziaggpcbgdowmssiasmi/Build/Intermediates.noindex/Pods.build/Debug-iphonesimulator/EXConstants.build/Objects-normal/arm64/EXConstants.SwiftFileList
    export SWIFT_VERSION\=5.4
    export SYMROOT\=/Users/antoniogrillo-balen/Library/Developer/Xcode/DerivedData/risebysolis-gzfsziqwziaggpcbgdowmssiasmi/Build/Products
    export SYSTEM_ADMIN_APPS_DIR\=/Applications/Utilities
    export SYSTEM_APPS_DIR\=/Applications
    export SYSTEM_CORE_SERVICES_DIR\=/System/Library/CoreServices
    export SYSTEM_DEMOS_DIR\=/Applications/Extras
    export SYSTEM_DEVELOPER_APPS_DIR\=/Applications/Xcode.app/Contents/Developer/Applications
    export SYSTEM_DEVELOPER_BIN_DIR\=/Applications/Xcode.app/Contents/Developer/usr/bin
    export SYSTEM_DEVELOPER_DEMOS_DIR\=/Applications/Xcode.app/Contents/Developer/Applications/Utilities/Built\ Examples
    export SYSTEM_DEVELOPER_DIR\=/Applications/Xcode.app/Contents/Developer
    export SYSTEM_DEVELOPER_DOC_DIR\=/Applications/Xcode.app/Contents/Developer/ADC\ Reference\ Library
    export SYSTEM_DEVELOPER_GRAPHICS_TOOLS_DIR\=/Applications/Xcode.app/Contents/Developer/Applications/Graphics\ Tools
    export SYSTEM_DEVELOPER_JAVA_TOOLS_DIR\=/Applications/Xcode.app/Contents/Developer/Applications/Java\ Tools
    export SYSTEM_DEVELOPER_PERFORMANCE_TOOLS_DIR\=/Applications/Xcode.app/Contents/Developer/Applications/Performance\ Tools
    export SYSTEM_DEVELOPER_RELEASENOTES_DIR\=/Applications/Xcode.app/Contents/Developer/ADC\ Reference\ Library/releasenotes
    export SYSTEM_DEVELOPER_TOOLS\=/Applications/Xcode.app/Contents/Developer/Tools
    export SYSTEM_DEVELOPER_TOOLS_DOC_DIR\=/Applications/Xcode.app/Contents/Developer/ADC\ Reference\ Library/documentation/DeveloperTools
    export SYSTEM_DEVELOPER_TOOLS_RELEASENOTES_DIR\=/Applications/Xcode.app/Contents/Developer/ADC\ Reference\ Library/releasenotes/DeveloperTools
    export SYSTEM_DEVELOPER_USR_DIR\=/Applications/Xcode.app/Contents/Developer/usr
    export SYSTEM_DEVELOPER_UTILITIES_DIR\=/Applications/Xcode.app/Contents/Developer/Applications/Utilities
    export SYSTEM_DEXT_INSTALL_PATH\=/System/Library/DriverExtensions
    export SYSTEM_DOCUMENTATION_DIR\=/Library/Documentation
    export SYSTEM_EXTENSIONS_FOLDER_PATH\=EXConstants.framework/SystemExtensions
    export SYSTEM_EXTENSIONS_FOLDER_PATH_SHALLOW_BUNDLE_NO\=EXConstants.framework/Library/SystemExtensions
    export SYSTEM_EXTENSIONS_FOLDER_PATH_SHALLOW_BUNDLE_YES\=EXConstants.framework/SystemExtensions
    export SYSTEM_KEXT_INSTALL_PATH\=/System/Library/Extensions
    export SYSTEM_LIBRARY_DIR\=/System/Library
    export TAPI_DEMANGLE\=YES
    export TAPI_ENABLE_PROJECT_HEADERS\=NO
    export TAPI_LANGUAGE\=objective-c
    export TAPI_LANGUAGE_STANDARD\=compiler-default
    export TAPI_USE_SRCROOT\=YES
    export TAPI_VERIFY_MODE\=Pedantic
    export TARGETED_DEVICE_FAMILY\=1,2
    export TARGETNAME\=EXConstants
    export TARGET_BUILD_DIR\=/Users/antoniogrillo-balen/Library/Developer/Xcode/DerivedData/risebysolis-gzfsziqwziaggpcbgdowmssiasmi/Build/Products/Debug-iphonesimulator/EXConstants
    export TARGET_DEVICE_IDENTIFIER\=0C333F8A-4681-4475-855E-6FFD70F12533
    export TARGET_DEVICE_MODEL\=iPhone16,2
    export TARGET_DEVICE_OS_VERSION\=26.4.1
    export TARGET_DEVICE_PLATFORM_NAME\=iphonesimulator
    export TARGET_NAME\=EXConstants
    export TARGET_TEMP_DIR\=/Users/antoniogrillo-balen/Library/Developer/Xcode/DerivedData/risebysolis-gzfsziqwziaggpcbgdowmssiasmi/Build/Intermediates.noindex/Pods.build/Debug-iphonesimulator/EXConstants.build
    export TEMP_DIR\=/Users/antoniogrillo-balen/Library/Developer/Xcode/DerivedData/risebysolis-gzfsziqwziaggpcbgdowmssiasmi/Build/Intermediates.noindex/Pods.build/Debug-iphonesimulator/EXConstants.build
    export TEMP_FILES_DIR\=/Users/antoniogrillo-balen/Library/Developer/Xcode/DerivedData/risebysolis-gzfsziqwziaggpcbgdowmssiasmi/Build/Intermediates.noindex/Pods.build/Debug-iphonesimulator/EXConstants.build
    export TEMP_FILE_DIR\=/Users/antoniogrillo-balen/Library/Developer/Xcode/DerivedData/risebysolis-gzfsziqwziaggpcbgdowmssiasmi/Build/Intermediates.noindex/Pods.build/Debug-iphonesimulator/EXConstants.build
    export TEMP_ROOT\=/Users/antoniogrillo-balen/Library/Developer/Xcode/DerivedData/risebysolis-gzfsziqwziaggpcbgdowmssiasmi/Build/Intermediates.noindex
    export TEMP_SANDBOX_DIR\=/Users/antoniogrillo-balen/Library/Developer/Xcode/DerivedData/risebysolis-gzfsziqwziaggpcbgdowmssiasmi/Build/Intermediates.noindex/TemporaryTaskSandboxes
    export TEST_FRAMEWORK_SEARCH_PATHS\=\ /Applications/Xcode.app/Contents/Developer/Platforms/iPhoneSimulator.platform/Developer/Library/Frameworks\ /Applications/Xcode.app/Contents/Developer/Platforms/iPhoneSimulator.platform/Developer/SDKs/iPhoneSimulator26.5.sdk/Developer/Library/Frameworks
    export TEST_LIBRARY_SEARCH_PATHS\=\ /Applications/Xcode.app/Contents/Developer/Platforms/iPhoneSimulator.platform/Developer/usr/lib
    export TOOLCHAINS\=com.apple.dt.toolchain.XcodeDefault
    export TOOLCHAIN_DIR\=/Applications/Xcode.app/Contents/Developer/Toolchains/XcodeDefault.xctoolchain
    export TREAT_MISSING_BASELINES_AS_TEST_FAILURES\=NO
    export TREAT_MISSING_SCRIPT_PHASE_OUTPUTS_AS_ERRORS\=NO
    export TeamIdentifierPrefix\=FAKETEAMID.
    export UID\=501
    export UNINSTALLED_PRODUCTS_DIR\=/Users/antoniogrillo-balen/Library/Developer/Xcode/DerivedData/risebysolis-gzfsziqwziaggpcbgdowmssiasmi/Build/Intermediates.noindex/UninstalledProducts
    export UNLOCALIZED_RESOURCES_FOLDER_PATH\=EXConstants.framework
    export UNLOCALIZED_RESOURCES_FOLDER_PATH_SHALLOW_BUNDLE_NO\=EXConstants.framework/Resources
    export UNLOCALIZED_RESOURCES_FOLDER_PATH_SHALLOW_BUNDLE_YES\=EXConstants.framework
    export UNSTRIPPED_PRODUCT\=NO
    export USER\=antoniogrillo-balen
    export USER_APPS_DIR\=/Users/antoniogrillo-balen/Applications
    export USER_LIBRARY_DIR\=/Users/antoniogrillo-balen/Library
    export USE_DYNAMIC_NO_PIC\=YES
    export USE_HEADERMAP\=YES
    export USE_HEADER_SYMLINKS\=NO
    export USE_HERMES\=true
    export USE_RECURSIVE_SCRIPT_INPUTS_IN_SCRIPT_PHASES\=YES
    export VALIDATE_DEVELOPMENT_ASSET_PATHS\=YES_ERROR
    export VALIDATE_PRODUCT\=NO
    export VALID_ARCHS\=arm64\ x86_64
    export VERBOSE_PBXCP\=NO
    export VERSIONING_SYSTEM\=apple-generic
    export VERSIONPLIST_PATH\=EXConstants.framework/version.plist
    export VERSIONS_FOLDER_PATH\=EXConstants.framework
    export VERSIONS_FOLDER_PATH_SHALLOW_BUNDLE_NO\=EXConstants.framework/Versions
    export VERSIONS_FOLDER_PATH_SHALLOW_BUNDLE_YES\=EXConstants.framework
    export VERSION_INFO_BUILDER\=antoniogrillo-balen
    export VERSION_INFO_FILE\=EXConstants_vers.c
    export VERSION_INFO_STRING\=\"@\(\#\)PROGRAM:EXConstants\ \ PROJECT:Pods-1\"
    export WORKSPACE_DIR\=/Users/antoniogrillo-balen/Desktop/Projects/RiseBuild/ios
    export WRAPPER_EXTENSION\=framework
    export WRAPPER_NAME\=EXConstants.framework
    export WRAPPER_SUFFIX\=.framework
    export WRAP_ASSET_PACKS_IN_SEPARATE_DIRECTORIES\=NO
    export XCODE_APP_SUPPORT_DIR\=/Applications/Xcode.app/Contents/Developer/Library/Xcode
    export XCODE_PRODUCT_BUILD_VERSION\=17F42
    export XCODE_VERSION_ACTUAL\=2650
    export XCODE_VERSION_MAJOR\=2600
    export XCODE_VERSION_MINOR\=2650
    export XPCSERVICES_FOLDER_PATH\=EXConstants.framework/XPCServices
    export YACC\=yacc
    export _DISCOVER_COMMAND_LINE_LINKER_INPUTS\=YES
    export _DISCOVER_COMMAND_LINE_LINKER_INPUTS_INCLUDE_WL\=YES
    export _LD_MULTIARCH\=YES
    export _WRAPPER_CONTENTS_DIR_SHALLOW_BUNDLE_NO\=/Contents
    export _WRAPPER_PARENT_PATH_SHALLOW_BUNDLE_NO\=/..
    export _WRAPPER_RESOURCES_DIR_SHALLOW_BUNDLE_NO\=/Resources
    export __DIAGNOSE_DEPRECATED_ARCHS\=YES
    export __ORIGINAL_SDK_DEFINED_LLVM_TARGET_TRIPLE_SYS\=ios
    export arch\=undefined_arch
    export variant\=normal
    /bin/sh -c /Users/antoniogrillo-balen/Library/Developer/Xcode/DerivedData/risebysolis-gzfsziqwziaggpcbgdowmssiasmi/Build/Intermediates.noindex/Pods.build/Debug-iphonesimulator/EXConstants.build/Script-46EB2E00031E70.sh
Node found at: /Users/antoniogrillo-balen/.nvm/versions/node/v24.14.1/bin/node
The NODE_ENV environment variable is required but was not specified. Ensure the project is bundled with Expo CLI or NODE_ENV is set.
Proceeding without mode-specific .env

ProcessInfoPlistFile /Users/antoniogrillo-balen/Library/Developer/Xcode/DerivedData/risebysolis-gzfsziqwziaggpcbgdowmssiasmi/Build/Products/Debug-iphonesimulator/EXConstants/EXConstants.framework/Info.plist /Users/antoniogrillo-balen/Desktop/Projects/RiseBuild/ios/Pods/Target\ Support\ Files/EXConstants/EXConstants-Info.plist (in target 'EXConstants' from project 'Pods')
    cd /Users/antoniogrillo-balen/Desktop/Projects/RiseBuild/ios/Pods
    builtin-infoPlistUtility /Users/antoniogrillo-balen/Desktop/Projects/RiseBuild/ios/Pods/Target\ Support\ Files/EXConstants/EXConstants-Info.plist -producttype com.apple.product-type.framework -expandbuildsettings -format binary -platform iphonesimulator -o /Users/antoniogrillo-balen/Library/Developer/Xcode/DerivedData/risebysolis-gzfsziqwziaggpcbgdowmssiasmi/Build/Products/Debug-iphonesimulator/EXConstants/EXConstants.framework/Info.plist

ProcessInfoPlistFile /Users/antoniogrillo-balen/Library/Developer/Xcode/DerivedData/risebysolis-gzfsziqwziaggpcbgdowmssiasmi/Build/Products/Debug-iphonesimulator/GTMAppAuth/GTMAppAuth_Privacy.bundle/Info.plist /Users/antoniogrillo-balen/Desktop/Projects/RiseBuild/ios/Pods/Target\ Support\ Files/GTMAppAuth/ResourceBundle-GTMAppAuth_Privacy-GTMAppAuth-Info.plist (in target 'GTMAppAuth-GTMAppAuth_Privacy' from project 'Pods')
    cd /Users/antoniogrillo-balen/Desktop/Projects/RiseBuild/ios/Pods
    builtin-infoPlistUtility /Users/antoniogrillo-balen/Desktop/Projects/RiseBuild/ios/Pods/Target\ Support\ Files/GTMAppAuth/ResourceBundle-GTMAppAuth_Privacy-GTMAppAuth-Info.plist -producttype com.apple.product-type.bundle -expandbuildsettings -format binary -platform iphonesimulator -o /Users/antoniogrillo-balen/Library/Developer/Xcode/DerivedData/risebysolis-gzfsziqwziaggpcbgdowmssiasmi/Build/Products/Debug-iphonesimulator/GTMAppAuth/GTMAppAuth_Privacy.bundle/Info.plist

ProcessInfoPlistFile /Users/antoniogrillo-balen/Library/Developer/Xcode/DerivedData/risebysolis-gzfsziqwziaggpcbgdowmssiasmi/Build/Products/Debug-iphonesimulator/RNFBApp/RNFBApp.framework/Info.plist /Users/antoniogrillo-balen/Desktop/Projects/RiseBuild/ios/Pods/Target\ Support\ Files/RNFBApp/RNFBApp-Info.plist (in target 'RNFBApp' from project 'Pods')
    cd /Users/antoniogrillo-balen/Desktop/Projects/RiseBuild/ios/Pods
    builtin-infoPlistUtility /Users/antoniogrillo-balen/Desktop/Projects/RiseBuild/ios/Pods/Target\ Support\ Files/RNFBApp/RNFBApp-Info.plist -producttype com.apple.product-type.framework -expandbuildsettings -format binary -platform iphonesimulator -o /Users/antoniogrillo-balen/Library/Developer/Xcode/DerivedData/risebysolis-gzfsziqwziaggpcbgdowmssiasmi/Build/Products/Debug-iphonesimulator/RNFBApp/RNFBApp.framework/Info.plist

ProcessInfoPlistFile /Users/antoniogrillo-balen/Library/Developer/Xcode/DerivedData/risebysolis-gzfsziqwziaggpcbgdowmssiasmi/Build/Products/Debug-iphonesimulator/GTMAppAuth/GTMAppAuth.framework/Info.plist /Users/antoniogrillo-balen/Desktop/Projects/RiseBuild/ios/Pods/Target\ Support\ Files/GTMAppAuth/GTMAppAuth-Info.plist (in target 'GTMAppAuth' from project 'Pods')
    cd /Users/antoniogrillo-balen/Desktop/Projects/RiseBuild/ios/Pods
    builtin-infoPlistUtility /Users/antoniogrillo-balen/Desktop/Projects/RiseBuild/ios/Pods/Target\ Support\ Files/GTMAppAuth/GTMAppAuth-Info.plist -producttype com.apple.product-type.framework -expandbuildsettings -format binary -platform iphonesimulator -o /Users/antoniogrillo-balen/Library/Developer/Xcode/DerivedData/risebysolis-gzfsziqwziaggpcbgdowmssiasmi/Build/Products/Debug-iphonesimulator/GTMAppAuth/GTMAppAuth.framework/Info.plist

ProcessInfoPlistFile /Users/antoniogrillo-balen/Library/Developer/Xcode/DerivedData/risebysolis-gzfsziqwziaggpcbgdowmssiasmi/Build/Products/Debug-iphonesimulator/RNFBAuth/RNFBAuth.framework/Info.plist /Users/antoniogrillo-balen/Desktop/Projects/RiseBuild/ios/Pods/Target\ Support\ Files/RNFBAuth/RNFBAuth-Info.plist (in target 'RNFBAuth' from project 'Pods')
    cd /Users/antoniogrillo-balen/Desktop/Projects/RiseBuild/ios/Pods
    builtin-infoPlistUtility /Users/antoniogrillo-balen/Desktop/Projects/RiseBuild/ios/Pods/Target\ Support\ Files/RNFBAuth/RNFBAuth-Info.plist -producttype com.apple.product-type.framework -expandbuildsettings -format binary -platform iphonesimulator -o /Users/antoniogrillo-balen/Library/Developer/Xcode/DerivedData/risebysolis-gzfsziqwziaggpcbgdowmssiasmi/Build/Products/Debug-iphonesimulator/RNFBAuth/RNFBAuth.framework/Info.plist

ProcessInfoPlistFile /Users/antoniogrillo-balen/Library/Developer/Xcode/DerivedData/risebysolis-gzfsziqwziaggpcbgdowmssiasmi/Build/Products/Debug-iphonesimulator/GoogleSignIn/GoogleSignIn.bundle/Info.plist /Users/antoniogrillo-balen/Desktop/Projects/RiseBuild/ios/Pods/Target\ Support\ Files/GoogleSignIn/ResourceBundle-GoogleSignIn-GoogleSignIn-Info.plist (in target 'GoogleSignIn-GoogleSignIn' from project 'Pods')
    cd /Users/antoniogrillo-balen/Desktop/Projects/RiseBuild/ios/Pods
    builtin-infoPlistUtility /Users/antoniogrillo-balen/Desktop/Projects/RiseBuild/ios/Pods/Target\ Support\ Files/GoogleSignIn/ResourceBundle-GoogleSignIn-GoogleSignIn-Info.plist -producttype com.apple.product-type.bundle -expandbuildsettings -format binary -platform iphonesimulator -o /Users/antoniogrillo-balen/Library/Developer/Xcode/DerivedData/risebysolis-gzfsziqwziaggpcbgdowmssiasmi/Build/Products/Debug-iphonesimulator/GoogleSignIn/GoogleSignIn.bundle/Info.plist

ProcessInfoPlistFile /Users/antoniogrillo-balen/Library/Developer/Xcode/DerivedData/risebysolis-gzfsziqwziaggpcbgdowmssiasmi/Build/Products/Debug-iphonesimulator/GoogleSignIn/GoogleSignIn.framework/Info.plist /Users/antoniogrillo-balen/Desktop/Projects/RiseBuild/ios/Pods/Target\ Support\ Files/GoogleSignIn/GoogleSignIn-Info.plist (in target 'GoogleSignIn' from project 'Pods')
    cd /Users/antoniogrillo-balen/Desktop/Projects/RiseBuild/ios/Pods
    builtin-infoPlistUtility /Users/antoniogrillo-balen/Desktop/Projects/RiseBuild/ios/Pods/Target\ Support\ Files/GoogleSignIn/GoogleSignIn-Info.plist -producttype com.apple.product-type.framework -expandbuildsettings -format binary -platform iphonesimulator -o /Users/antoniogrillo-balen/Library/Developer/Xcode/DerivedData/risebysolis-gzfsziqwziaggpcbgdowmssiasmi/Build/Products/Debug-iphonesimulator/GoogleSignIn/GoogleSignIn.framework/Info.plist

ProcessInfoPlistFile /Users/antoniogrillo-balen/Library/Developer/Xcode/DerivedData/risebysolis-gzfsziqwziaggpcbgdowmssiasmi/Build/Products/Debug-iphonesimulator/ExpoAdapterGoogleSignIn/ExpoAdapterGoogleSignIn.framework/Info.plist /Users/antoniogrillo-balen/Desktop/Projects/RiseBuild/ios/Pods/Target\ Support\ Files/ExpoAdapterGoogleSignIn/ExpoAdapterGoogleSignIn-Info.plist (in target 'ExpoAdapterGoogleSignIn' from project 'Pods')
    cd /Users/antoniogrillo-balen/Desktop/Projects/RiseBuild/ios/Pods
    builtin-infoPlistUtility /Users/antoniogrillo-balen/Desktop/Projects/RiseBuild/ios/Pods/Target\ Support\ Files/ExpoAdapterGoogleSignIn/ExpoAdapterGoogleSignIn-Info.plist -producttype com.apple.product-type.framework -expandbuildsettings -format binary -platform iphonesimulator -o /Users/antoniogrillo-balen/Library/Developer/Xcode/DerivedData/risebysolis-gzfsziqwziaggpcbgdowmssiasmi/Build/Products/Debug-iphonesimulator/ExpoAdapterGoogleSignIn/ExpoAdapterGoogleSignIn.framework/Info.plist

ProcessInfoPlistFile /Users/antoniogrillo-balen/Library/Developer/Xcode/DerivedData/risebysolis-gzfsziqwziaggpcbgdowmssiasmi/Build/Products/Debug-iphonesimulator/RNGoogleSignin/RNGoogleSignin.framework/Info.plist /Users/antoniogrillo-balen/Desktop/Projects/RiseBuild/ios/Pods/Target\ Support\ Files/RNGoogleSignin/RNGoogleSignin-Info.plist (in target 'RNGoogleSignin' from project 'Pods')
    cd /Users/antoniogrillo-balen/Desktop/Projects/RiseBuild/ios/Pods
    builtin-infoPlistUtility /Users/antoniogrillo-balen/Desktop/Projects/RiseBuild/ios/Pods/Target\ Support\ Files/RNGoogleSignin/RNGoogleSignin-Info.plist -producttype com.apple.product-type.framework -expandbuildsettings -format binary -platform iphonesimulator -o /Users/antoniogrillo-balen/Library/Developer/Xcode/DerivedData/risebysolis-gzfsziqwziaggpcbgdowmssiasmi/Build/Products/Debug-iphonesimulator/RNGoogleSignin/RNGoogleSignin.framework/Info.plist

CompileC /Users/antoniogrillo-balen/Library/Developer/Xcode/DerivedData/risebysolis-gzfsziqwziaggpcbgdowmssiasmi/Build/Intermediates.noindex/Pods.build/Debug-iphonesimulator/react-native-mmkv.build/Objects-normal/arm64/NativeMmkvModule.o /Users/antoniogrillo-balen/Desktop/Projects/RiseBuild/node_modules/react-native-mmkv/cpp/NativeMmkvModule.cpp normal arm64 objective-c++ com.apple.compilers.llvm.clang.1_0.compiler (in target 'react-native-mmkv' from project 'Pods')
    cd /Users/antoniogrillo-balen/Desktop/Projects/RiseBuild/ios/Pods
    
    Using response file: /Users/antoniogrillo-balen/Library/Developer/Xcode/DerivedData/risebysolis-gzfsziqwziaggpcbgdowmssiasmi/Build/Intermediates.noindex/Pods.build/Debug-iphonesimulator/react-native-mmkv.build/Objects-normal/arm64/af3fcb34312c57c0f52879cdce924b91-common-args.resp
    
    /Applications/Xcode.app/Contents/Developer/Toolchains/XcodeDefault.xctoolchain/usr/bin/clang -x objective-c++ -ivfsstatcache /Users/antoniogrillo-balen/Library/Developer/Xcode/DerivedData/SDKStatCaches.noindex/iphonesimulator26.5-23F73-6cfe768891a92b912361537c460fe42b.sdkstatcache -target arm64-apple-ios15.1-simulator -fmessage-length\=0 -fdiagnostics-show-note-include-stack -fmacro-backtrace-limit\=0 -fno-color-diagnostics -fmodules-prune-interval\=86400 -fmodules-prune-after\=345600 -fbuild-session-file\=/Users/antoniogrillo-balen/Library/Developer/Xcode/DerivedData/ModuleCache.noindex/Session.modulevalidation -fmodules-validate-once-per-build-session -Wnon-modular-include-in-framework-module -Werror\=non-modular-include-in-framework-module -Wno-trigraphs -Wno-missing-field-initializers -Wno-missing-prototypes -Werror\=return-type -Wdocumentation -Wunreachable-code -Wno-implicit-atomic-properties -Werror\=deprecated-objc-isa-usage -Wno-objc-interface-ivars -Werror\=objc-root-class -Wno-arc-repeated-use-of-weak -Wno-non-virtual-dtor -Wno-overloaded-virtual -Wno-exit-time-destructors -Wduplicate-method-match -Wno-missing-braces -Wparentheses -Wswitch -Wunused-function -Wno-unused-label -Wno-unused-parameter -Wunused-variable -Wunused-value -Wempty-body -Wuninitialized -Wconditional-uninitialized -Wno-unknown-pragmas -Wno-shadow -Wno-four-char-constants -Wno-conversion -Wconstant-conversion -Wint-conversion -Wbool-conversion -Wenum-conversion -Wno-float-conversion -Wnon-literal-null-conversion -Wobjc-literal-conversion -Wshorten-64-to-32 -Wno-newline-eof -Wno-selector -Wno-strict-selector-match -Wundeclared-selector -Wdeprecated-implementations -Wno-c++11-extensions -Wno-implicit-fallthrough -isysroot /Applications/Xcode.app/Contents/Developer/Platforms/iPhoneSimulator.platform/Developer/SDKs/iPhoneSimulator26.5.sdk -fstrict-aliasing -Wprotocol -Wdeprecated-declarations -Winvalid-offsetof -Wno-sign-conversion -Winfinite-recursion -Wmove -Wcomma -Wblock-capture-autoreleasing -Wstrict-prototypes -Wrange-loop-analysis -Wno-semicolon-before-method-body -Wunguarded-availability -index-store-path /Users/antoniogrillo-balen/Library/Developer/Xcode/DerivedData/risebysolis-gzfsziqwziaggpcbgdowmssiasmi/Index.noindex/DataStore -Wno-comma -Wno-shorten-64-to-32 @/Users/antoniogrillo-balen/Library/Developer/Xcode/DerivedData/risebysolis-gzfsziqwziaggpcbgdowmssiasmi/Build/Intermediates.noindex/Pods.build/Debug-iphonesimulator/react-native-mmkv.build/Objects-normal/arm64/af3fcb34312c57c0f52879cdce924b91-common-args.resp -x objective-c++ -DFOLLY_NO_CONFIG -DFOLLY_MOBILE\=1 -DFOLLY_USE_LIBCPP\=1 -DFOLLY_CFG_NO_COROUTINES\=1 -DFOLLY_HAVE_CLOCK_GETTIME\=1 -Wno-comma -Wno-shorten-64-to-32 -include /Users/antoniogrillo-balen/Desktop/Projects/RiseBuild/ios/Pods/Target\ Support\ Files/react-native-mmkv/react-native-mmkv-prefix.pch -MMD -MT dependencies -MF /Users/antoniogrillo-balen/Library/Developer/Xcode/DerivedData/risebysolis-gzfsziqwziaggpcbgdowmssiasmi/Build/Intermediates.noindex/Pods.build/Debug-iphonesimulator/react-native-mmkv.build/Objects-normal/arm64/NativeMmkvModule.d --serialize-diagnostics /Users/antoniogrillo-balen/Library/Developer/Xcode/DerivedData/risebysolis-gzfsziqwziaggpcbgdowmssiasmi/Build/Intermediates.noindex/Pods.build/Debug-iphonesimulator/react-native-mmkv.build/Objects-normal/arm64/NativeMmkvModule.dia -c /Users/antoniogrillo-balen/Desktop/Projects/RiseBuild/node_modules/react-native-mmkv/cpp/NativeMmkvModule.cpp -o /Users/antoniogrillo-balen/Library/Developer/Xcode/DerivedData/risebysolis-gzfsziqwziaggpcbgdowmssiasmi/Build/Intermediates.noindex/Pods.build/Debug-iphonesimulator/react-native-mmkv.build/Objects-normal/arm64/NativeMmkvModule.o -index-unit-output-path /Pods.build/Debug-iphonesimulator/react-native-mmkv.build/Objects-normal/arm64/NativeMmkvModule.o

CompileC /Users/antoniogrillo-balen/Library/Developer/Xcode/DerivedData/risebysolis-gzfsziqwziaggpcbgdowmssiasmi/Build/Intermediates.noindex/Pods.build/Debug-iphonesimulator/react-native-mmkv.build/Objects-normal/arm64/MmkvOnLoad.o /Users/antoniogrillo-balen/Desktop/Projects/RiseBuild/node_modules/react-native-mmkv/ios/MmkvOnLoad.mm normal arm64 objective-c++ com.apple.compilers.llvm.clang.1_0.compiler (in target 'react-native-mmkv' from project 'Pods')
    cd /Users/antoniogrillo-balen/Desktop/Projects/RiseBuild/ios/Pods
    
    Using response file: /Users/antoniogrillo-balen/Library/Developer/Xcode/DerivedData/risebysolis-gzfsziqwziaggpcbgdowmssiasmi/Build/Intermediates.noindex/Pods.build/Debug-iphonesimulator/react-native-mmkv.build/Objects-normal/arm64/af3fcb34312c57c0f52879cdce924b91-common-args.resp
    
    /Applications/Xcode.app/Contents/Developer/Toolchains/XcodeDefault.xctoolchain/usr/bin/clang -x objective-c++ -ivfsstatcache /Users/antoniogrillo-balen/Library/Developer/Xcode/DerivedData/SDKStatCaches.noindex/iphonesimulator26.5-23F73-6cfe768891a92b912361537c460fe42b.sdkstatcache -target arm64-apple-ios15.1-simulator -fmessage-length\=0 -fdiagnostics-show-note-include-stack -fmacro-backtrace-limit\=0 -fno-color-diagnostics -fmodules-prune-interval\=86400 -fmodules-prune-after\=345600 -fbuild-session-file\=/Users/antoniogrillo-balen/Library/Developer/Xcode/DerivedData/ModuleCache.noindex/Session.modulevalidation -fmodules-validate-once-per-build-session -Wnon-modular-include-in-framework-module -Werror\=non-modular-include-in-framework-module -Wno-trigraphs -Wno-missing-field-initializers -Wno-missing-prototypes -Werror\=return-type -Wdocumentation -Wunreachable-code -Wno-implicit-atomic-properties -Werror\=deprecated-objc-isa-usage -Wno-objc-interface-ivars -Werror\=objc-root-class -Wno-arc-repeated-use-of-weak -Wno-non-virtual-dtor -Wno-overloaded-virtual -Wno-exit-time-destructors -Wduplicate-method-match -Wno-missing-braces -Wparentheses -Wswitch -Wunused-function -Wno-unused-label -Wno-unused-parameter -Wunused-variable -Wunused-value -Wempty-body -Wuninitialized -Wconditional-uninitialized -Wno-unknown-pragmas -Wno-shadow -Wno-four-char-constants -Wno-conversion -Wconstant-conversion -Wint-conversion -Wbool-conversion -Wenum-conversion -Wno-float-conversion -Wnon-literal-null-conversion -Wobjc-literal-conversion -Wshorten-64-to-32 -Wno-newline-eof -Wno-selector -Wno-strict-selector-match -Wundeclared-selector -Wdeprecated-implementations -Wno-c++11-extensions -Wno-implicit-fallthrough -isysroot /Applications/Xcode.app/Contents/Developer/Platforms/iPhoneSimulator.platform/Developer/SDKs/iPhoneSimulator26.5.sdk -fstrict-aliasing -Wprotocol -Wdeprecated-declarations -Winvalid-offsetof -Wno-sign-conversion -Winfinite-recursion -Wmove -Wcomma -Wblock-capture-autoreleasing -Wstrict-prototypes -Wrange-loop-analysis -Wno-semicolon-before-method-body -Wunguarded-availability -index-store-path /Users/antoniogrillo-balen/Library/Developer/Xcode/DerivedData/risebysolis-gzfsziqwziaggpcbgdowmssiasmi/Index.noindex/DataStore -Wno-comma -Wno-shorten-64-to-32 @/Users/antoniogrillo-balen/Library/Developer/Xcode/DerivedData/risebysolis-gzfsziqwziaggpcbgdowmssiasmi/Build/Intermediates.noindex/Pods.build/Debug-iphonesimulator/react-native-mmkv.build/Objects-normal/arm64/af3fcb34312c57c0f52879cdce924b91-common-args.resp -x objective-c++ -DFOLLY_NO_CONFIG -DFOLLY_MOBILE\=1 -DFOLLY_USE_LIBCPP\=1 -DFOLLY_CFG_NO_COROUTINES\=1 -DFOLLY_HAVE_CLOCK_GETTIME\=1 -Wno-comma -Wno-shorten-64-to-32 -include /Users/antoniogrillo-balen/Desktop/Projects/RiseBuild/ios/Pods/Target\ Support\ Files/react-native-mmkv/react-native-mmkv-prefix.pch -MMD -MT dependencies -MF /Users/antoniogrillo-balen/Library/Developer/Xcode/DerivedData/risebysolis-gzfsziqwziaggpcbgdowmssiasmi/Build/Intermediates.noindex/Pods.build/Debug-iphonesimulator/react-native-mmkv.build/Objects-normal/arm64/MmkvOnLoad.d --serialize-diagnostics /Users/antoniogrillo-balen/Library/Developer/Xcode/DerivedData/risebysolis-gzfsziqwziaggpcbgdowmssiasmi/Build/Intermediates.noindex/Pods.build/Debug-iphonesimulator/react-native-mmkv.build/Objects-normal/arm64/MmkvOnLoad.dia -c /Users/antoniogrillo-balen/Desktop/Projects/RiseBuild/node_modules/react-native-mmkv/ios/MmkvOnLoad.mm -o /Users/antoniogrillo-balen/Library/Developer/Xcode/DerivedData/risebysolis-gzfsziqwziaggpcbgdowmssiasmi/Build/Intermediates.noindex/Pods.build/Debug-iphonesimulator/react-native-mmkv.build/Objects-normal/arm64/MmkvOnLoad.o -index-unit-output-path /Pods.build/Debug-iphonesimulator/react-native-mmkv.build/Objects-normal/arm64/MmkvOnLoad.o

CompileC /Users/antoniogrillo-balen/Library/Developer/Xcode/DerivedData/risebysolis-gzfsziqwziaggpcbgdowmssiasmi/Build/Intermediates.noindex/Pods.build/Debug-iphonesimulator/react-native-mmkv.build/Objects-normal/arm64/MmkvHostObject.o /Users/antoniogrillo-balen/Desktop/Projects/RiseBuild/node_modules/react-native-mmkv/cpp/MmkvHostObject.cpp normal arm64 objective-c++ com.apple.compilers.llvm.clang.1_0.compiler (in target 'react-native-mmkv' from project 'Pods')
    cd /Users/antoniogrillo-balen/Desktop/Projects/RiseBuild/ios/Pods
    
    Using response file: /Users/antoniogrillo-balen/Library/Developer/Xcode/DerivedData/risebysolis-gzfsziqwziaggpcbgdowmssiasmi/Build/Intermediates.noindex/Pods.build/Debug-iphonesimulator/react-native-mmkv.build/Objects-normal/arm64/af3fcb34312c57c0f52879cdce924b91-common-args.resp
    
    /Applications/Xcode.app/Contents/Developer/Toolchains/XcodeDefault.xctoolchain/usr/bin/clang -x objective-c++ -ivfsstatcache /Users/antoniogrillo-balen/Library/Developer/Xcode/DerivedData/SDKStatCaches.noindex/iphonesimulator26.5-23F73-6cfe768891a92b912361537c460fe42b.sdkstatcache -target arm64-apple-ios15.1-simulator -fmessage-length\=0 -fdiagnostics-show-note-include-stack -fmacro-backtrace-limit\=0 -fno-color-diagnostics -fmodules-prune-interval\=86400 -fmodules-prune-after\=345600 -fbuild-session-file\=/Users/antoniogrillo-balen/Library/Developer/Xcode/DerivedData/ModuleCache.noindex/Session.modulevalidation -fmodules-validate-once-per-build-session -Wnon-modular-include-in-framework-module -Werror\=non-modular-include-in-framework-module -Wno-trigraphs -Wno-missing-field-initializers -Wno-missing-prototypes -Werror\=return-type -Wdocumentation -Wunreachable-code -Wno-implicit-atomic-properties -Werror\=deprecated-objc-isa-usage -Wno-objc-interface-ivars -Werror\=objc-root-class -Wno-arc-repeated-use-of-weak -Wno-non-virtual-dtor -Wno-overloaded-virtual -Wno-exit-time-destructors -Wduplicate-method-match -Wno-missing-braces -Wparentheses -Wswitch -Wunused-function -Wno-unused-label -Wno-unused-parameter -Wunused-variable -Wunused-value -Wempty-body -Wuninitialized -Wconditional-uninitialized -Wno-unknown-pragmas -Wno-shadow -Wno-four-char-constants -Wno-conversion -Wconstant-conversion -Wint-conversion -Wbool-conversion -Wenum-conversion -Wno-float-conversion -Wnon-literal-null-conversion -Wobjc-literal-conversion -Wshorten-64-to-32 -Wno-newline-eof -Wno-selector -Wno-strict-selector-match -Wundeclared-selector -Wdeprecated-implementations -Wno-c++11-extensions -Wno-implicit-fallthrough -isysroot /Applications/Xcode.app/Contents/Developer/Platforms/iPhoneSimulator.platform/Developer/SDKs/iPhoneSimulator26.5.sdk -fstrict-aliasing -Wprotocol -Wdeprecated-declarations -Winvalid-offsetof -Wno-sign-conversion -Winfinite-recursion -Wmove -Wcomma -Wblock-capture-autoreleasing -Wstrict-prototypes -Wrange-loop-analysis -Wno-semicolon-before-method-body -Wunguarded-availability -index-store-path /Users/antoniogrillo-balen/Library/Developer/Xcode/DerivedData/risebysolis-gzfsziqwziaggpcbgdowmssiasmi/Index.noindex/DataStore -Wno-comma -Wno-shorten-64-to-32 @/Users/antoniogrillo-balen/Library/Developer/Xcode/DerivedData/risebysolis-gzfsziqwziaggpcbgdowmssiasmi/Build/Intermediates.noindex/Pods.build/Debug-iphonesimulator/react-native-mmkv.build/Objects-normal/arm64/af3fcb34312c57c0f52879cdce924b91-common-args.resp -x objective-c++ -DFOLLY_NO_CONFIG -DFOLLY_MOBILE\=1 -DFOLLY_USE_LIBCPP\=1 -DFOLLY_CFG_NO_COROUTINES\=1 -DFOLLY_HAVE_CLOCK_GETTIME\=1 -Wno-comma -Wno-shorten-64-to-32 -include /Users/antoniogrillo-balen/Desktop/Projects/RiseBuild/ios/Pods/Target\ Support\ Files/react-native-mmkv/react-native-mmkv-prefix.pch -MMD -MT dependencies -MF /Users/antoniogrillo-balen/Library/Developer/Xcode/DerivedData/risebysolis-gzfsziqwziaggpcbgdowmssiasmi/Build/Intermediates.noindex/Pods.build/Debug-iphonesimulator/react-native-mmkv.build/Objects-normal/arm64/MmkvHostObject.d --serialize-diagnostics /Users/antoniogrillo-balen/Library/Developer/Xcode/DerivedData/risebysolis-gzfsziqwziaggpcbgdowmssiasmi/Build/Intermediates.noindex/Pods.build/Debug-iphonesimulator/react-native-mmkv.build/Objects-normal/arm64/MmkvHostObject.dia -c /Users/antoniogrillo-balen/Desktop/Projects/RiseBuild/node_modules/react-native-mmkv/cpp/MmkvHostObject.cpp -o /Users/antoniogrillo-balen/Library/Developer/Xcode/DerivedData/risebysolis-gzfsziqwziaggpcbgdowmssiasmi/Build/Intermediates.noindex/Pods.build/Debug-iphonesimulator/react-native-mmkv.build/Objects-normal/arm64/MmkvHostObject.o -index-unit-output-path /Pods.build/Debug-iphonesimulator/react-native-mmkv.build/Objects-normal/arm64/MmkvHostObject.o

Libtool /Users/antoniogrillo-balen/Library/Developer/Xcode/DerivedData/risebysolis-gzfsziqwziaggpcbgdowmssiasmi/Build/Products/Debug-iphonesimulator/React-RCTLinking/RCTLinking.framework/RCTLinking normal (in target 'React-RCTLinking' from project 'Pods')
    cd /Users/antoniogrillo-balen/Desktop/Projects/RiseBuild/ios/Pods
    /Applications/Xcode.app/Contents/Developer/Toolchains/XcodeDefault.xctoolchain/usr/bin/libtool -static -arch_only arm64 -D -syslibroot /Applications/Xcode.app/Contents/Developer/Platforms/iPhoneSimulator.platform/Developer/SDKs/iPhoneSimulator26.5.sdk -L/Users/antoniogrillo-balen/Library/Developer/Xcode/DerivedData/risebysolis-gzfsziqwziaggpcbgdowmssiasmi/Build/Products/Debug-iphonesimulator/React-RCTLinking -filelist /Users/antoniogrillo-balen/Library/Developer/Xcode/DerivedData/risebysolis-gzfsziqwziaggpcbgdowmssiasmi/Build/Intermediates.noindex/Pods.build/Debug-iphonesimulator/React-RCTLinking.build/Objects-normal/arm64/RCTLinking.LinkFileList -dependency_info /Users/antoniogrillo-balen/Library/Developer/Xcode/DerivedData/risebysolis-gzfsziqwziaggpcbgdowmssiasmi/Build/Intermediates.noindex/Pods.build/Debug-iphonesimulator/React-RCTLinking.build/Objects-normal/arm64/RCTLinking_libtool_dependency_info.dat -o /Users/antoniogrillo-balen/Library/Developer/Xcode/DerivedData/risebysolis-gzfsziqwziaggpcbgdowmssiasmi/Build/Products/Debug-iphonesimulator/React-RCTLinking/RCTLinking.framework/RCTLinking

CodeSign /Users/antoniogrillo-balen/Library/Developer/Xcode/DerivedData/risebysolis-gzfsziqwziaggpcbgdowmssiasmi/Build/Products/Debug-iphonesimulator/React-RCTLinking/RCTLinking.framework (in target 'React-RCTLinking' from project 'Pods')
    cd /Users/antoniogrillo-balen/Desktop/Projects/RiseBuild/ios/Pods
    
    Signing Identity:     "Sign to Run Locally"
    
    /usr/bin/codesign --force --sign - --timestamp\=none --generate-entitlement-der /Users/antoniogrillo-balen/Library/Developer/Xcode/DerivedData/risebysolis-gzfsziqwziaggpcbgdowmssiasmi/Build/Products/Debug-iphonesimulator/React-RCTLinking/RCTLinking.framework
note: Signing static framework with --generate-pre-encrypt-hashes (in target 'React-RCTLinking' from project 'Pods')
/Users/antoniogrillo-balen/Library/Developer/Xcode/DerivedData/risebysolis-gzfsziqwziaggpcbgdowmssiasmi/Build/Products/Debug-iphonesimulator/React-RCTLinking/RCTLinking.framework: replacing existing signature

Libtool /Users/antoniogrillo-balen/Library/Developer/Xcode/DerivedData/risebysolis-gzfsziqwziaggpcbgdowmssiasmi/Build/Products/Debug-iphonesimulator/React-RCTVibration/RCTVibration.framework/RCTVibration normal (in target 'React-RCTVibration' from project 'Pods')
    cd /Users/antoniogrillo-balen/Desktop/Projects/RiseBuild/ios/Pods
    /Applications/Xcode.app/Contents/Developer/Toolchains/XcodeDefault.xctoolchain/usr/bin/libtool -static -arch_only arm64 -D -syslibroot /Applications/Xcode.app/Contents/Developer/Platforms/iPhoneSimulator.platform/Developer/SDKs/iPhoneSimulator26.5.sdk -L/Users/antoniogrillo-balen/Library/Developer/Xcode/DerivedData/risebysolis-gzfsziqwziaggpcbgdowmssiasmi/Build/Products/Debug-iphonesimulator/React-RCTVibration -filelist /Users/antoniogrillo-balen/Library/Developer/Xcode/DerivedData/risebysolis-gzfsziqwziaggpcbgdowmssiasmi/Build/Intermediates.noindex/Pods.build/Debug-iphonesimulator/React-RCTVibration.build/Objects-normal/arm64/RCTVibration.LinkFileList -dependency_info /Users/antoniogrillo-balen/Library/Developer/Xcode/DerivedData/risebysolis-gzfsziqwziaggpcbgdowmssiasmi/Build/Intermediates.noindex/Pods.build/Debug-iphonesimulator/React-RCTVibration.build/Objects-normal/arm64/RCTVibration_libtool_dependency_info.dat -o /Users/antoniogrillo-balen/Library/Developer/Xcode/DerivedData/risebysolis-gzfsziqwziaggpcbgdowmssiasmi/Build/Products/Debug-iphonesimulator/React-RCTVibration/RCTVibration.framework/RCTVibration

CodeSign /Users/antoniogrillo-balen/Library/Developer/Xcode/DerivedData/risebysolis-gzfsziqwziaggpcbgdowmssiasmi/Build/Products/Debug-iphonesimulator/React-RCTVibration/RCTVibration.framework (in target 'React-RCTVibration' from project 'Pods')
    cd /Users/antoniogrillo-balen/Desktop/Projects/RiseBuild/ios/Pods
    
    Signing Identity:     "Sign to Run Locally"
    
    /usr/bin/codesign --force --sign - --timestamp\=none --generate-entitlement-der /Users/antoniogrillo-balen/Library/Developer/Xcode/DerivedData/risebysolis-gzfsziqwziaggpcbgdowmssiasmi/Build/Products/Debug-iphonesimulator/React-RCTVibration/RCTVibration.framework
note: Signing static framework with --generate-pre-encrypt-hashes (in target 'React-RCTVibration' from project 'Pods')
/Users/antoniogrillo-balen/Library/Developer/Xcode/DerivedData/risebysolis-gzfsziqwziaggpcbgdowmssiasmi/Build/Products/Debug-iphonesimulator/React-RCTVibration/RCTVibration.framework: replacing existing signature

Libtool /Users/antoniogrillo-balen/Library/Developer/Xcode/DerivedData/risebysolis-gzfsziqwziaggpcbgdowmssiasmi/Build/Products/Debug-iphonesimulator/React-RCTSettings/RCTSettings.framework/RCTSettings normal (in target 'React-RCTSettings' from project 'Pods')
    cd /Users/antoniogrillo-balen/Desktop/Projects/RiseBuild/ios/Pods
    /Applications/Xcode.app/Contents/Developer/Toolchains/XcodeDefault.xctoolchain/usr/bin/libtool -static -arch_only arm64 -D -syslibroot /Applications/Xcode.app/Contents/Developer/Platforms/iPhoneSimulator.platform/Developer/SDKs/iPhoneSimulator26.5.sdk -L/Users/antoniogrillo-balen/Library/Developer/Xcode/DerivedData/risebysolis-gzfsziqwziaggpcbgdowmssiasmi/Build/Products/Debug-iphonesimulator/React-RCTSettings -filelist /Users/antoniogrillo-balen/Library/Developer/Xcode/DerivedData/risebysolis-gzfsziqwziaggpcbgdowmssiasmi/Build/Intermediates.noindex/Pods.build/Debug-iphonesimulator/React-RCTSettings.build/Objects-normal/arm64/RCTSettings.LinkFileList -dependency_info /Users/antoniogrillo-balen/Library/Developer/Xcode/DerivedData/risebysolis-gzfsziqwziaggpcbgdowmssiasmi/Build/Intermediates.noindex/Pods.build/Debug-iphonesimulator/React-RCTSettings.build/Objects-normal/arm64/RCTSettings_libtool_dependency_info.dat -o /Users/antoniogrillo-balen/Library/Developer/Xcode/DerivedData/risebysolis-gzfsziqwziaggpcbgdowmssiasmi/Build/Products/Debug-iphonesimulator/React-RCTSettings/RCTSettings.framework/RCTSettings

CodeSign /Users/antoniogrillo-balen/Library/Developer/Xcode/DerivedData/risebysolis-gzfsziqwziaggpcbgdowmssiasmi/Build/Products/Debug-iphonesimulator/React-RCTSettings/RCTSettings.framework (in target 'React-RCTSettings' from project 'Pods')
    cd /Users/antoniogrillo-balen/Desktop/Projects/RiseBuild/ios/Pods
    
    Signing Identity:     "Sign to Run Locally"
    
    /usr/bin/codesign --force --sign - --timestamp\=none --generate-entitlement-der /Users/antoniogrillo-balen/Library/Developer/Xcode/DerivedData/risebysolis-gzfsziqwziaggpcbgdowmssiasmi/Build/Products/Debug-iphonesimulator/React-RCTSettings/RCTSettings.framework
note: Signing static framework with --generate-pre-encrypt-hashes (in target 'React-RCTSettings' from project 'Pods')
/Users/antoniogrillo-balen/Library/Developer/Xcode/DerivedData/risebysolis-gzfsziqwziaggpcbgdowmssiasmi/Build/Products/Debug-iphonesimulator/React-RCTSettings/RCTSettings.framework: replacing existing signature

CompileC /Users/antoniogrillo-balen/Library/Developer/Xcode/DerivedData/risebysolis-gzfsziqwziaggpcbgdowmssiasmi/Build/Intermediates.noindex/Pods.build/Debug-iphonesimulator/React-RCTAnimation.build/Objects-normal/arm64/RCTNativeAnimatedTurboModule.o /Users/antoniogrillo-balen/Desktop/Projects/RiseBuild/node_modules/react-native/Libraries/NativeAnimation/RCTNativeAnimatedTurboModule.mm normal arm64 objective-c++ com.apple.compilers.llvm.clang.1_0.compiler (in target 'React-RCTAnimation' from project 'Pods')
    cd /Users/antoniogrillo-balen/Desktop/Projects/RiseBuild/ios/Pods
    
    Using response file: /Users/antoniogrillo-balen/Library/Developer/Xcode/DerivedData/risebysolis-gzfsziqwziaggpcbgdowmssiasmi/Build/Intermediates.noindex/Pods.build/Debug-iphonesimulator/React-RCTAnimation.build/Objects-normal/arm64/af3fcb34312c57c0f52879cdce924b91-common-args.resp
    
    /Applications/Xcode.app/Contents/Developer/Toolchains/XcodeDefault.xctoolchain/usr/bin/clang -x objective-c++ -ivfsstatcache /Users/antoniogrillo-balen/Library/Developer/Xcode/DerivedData/SDKStatCaches.noindex/iphonesimulator26.5-23F73-6cfe768891a92b912361537c460fe42b.sdkstatcache -target arm64-apple-ios15.1-simulator -fmessage-length\=0 -fdiagnostics-show-note-include-stack -fmacro-backtrace-limit\=0 -fno-color-diagnostics -fmodules-prune-interval\=86400 -fmodules-prune-after\=345600 -fbuild-session-file\=/Users/antoniogrillo-balen/Library/Developer/Xcode/DerivedData/ModuleCache.noindex/Session.modulevalidation -fmodules-validate-once-per-build-session -Wnon-modular-include-in-framework-module -Werror\=non-modular-include-in-framework-module -Wno-trigraphs -Wno-missing-field-initializers -Wno-missing-prototypes -Werror\=return-type -Wdocumentation -Wunreachable-code -Wno-implicit-atomic-properties -Werror\=deprecated-objc-isa-usage -Wno-objc-interface-ivars -Werror\=objc-root-class -Wno-arc-repeated-use-of-weak -Wimplicit-retain-self -Wno-non-virtual-dtor -Wno-overloaded-virtual -Wno-exit-time-destructors -Wduplicate-method-match -Wno-missing-braces -Wparentheses -Wswitch -Wunused-function -Wno-unused-label -Wno-unused-parameter -Wunused-variable -Wunused-value -Wempty-body -Wuninitialized -Wconditional-uninitialized -Wno-unknown-pragmas -Wno-shadow -Wno-four-char-constants -Wno-conversion -Wconstant-conversion -Wint-conversion -Wbool-conversion -Wenum-conversion -Wno-float-conversion -Wnon-literal-null-conversion -Wobjc-literal-conversion -Wshorten-64-to-32 -Wno-newline-eof -Wno-selector -Wno-strict-selector-match -Wundeclared-selector -Wdeprecated-implementations -Wno-c++11-extensions -Wno-implicit-fallthrough -isysroot /Applications/Xcode.app/Contents/Developer/Platforms/iPhoneSimulator.platform/Developer/SDKs/iPhoneSimulator26.5.sdk -fstrict-aliasing -Wprotocol -Wdeprecated-declarations -Winvalid-offsetof -Wno-sign-conversion -Winfinite-recursion -Wmove -Wcomma -Wblock-capture-autoreleasing -Wstrict-prototypes -Wrange-loop-analysis -Wno-semicolon-before-method-body -Wunguarded-availability -index-store-path /Users/antoniogrillo-balen/Library/Developer/Xcode/DerivedData/risebysolis-gzfsziqwziaggpcbgdowmssiasmi/Index.noindex/DataStore @/Users/antoniogrillo-balen/Library/Developer/Xcode/DerivedData/risebysolis-gzfsziqwziaggpcbgdowmssiasmi/Build/Intermediates.noindex/Pods.build/Debug-iphonesimulator/React-RCTAnimation.build/Objects-normal/arm64/af3fcb34312c57c0f52879cdce924b91-common-args.resp -DFOLLY_NO_CONFIG -DFOLLY_MOBILE\=1 -DFOLLY_USE_LIBCPP\=1 -DFOLLY_CFG_NO_COROUTINES\=1 -DFOLLY_HAVE_CLOCK_GETTIME\=1 -Wno-comma -Wno-shorten-64-to-32 -Wno-nullability-completeness -include /Users/antoniogrillo-balen/Desktop/Projects/RiseBuild/ios/Pods/Target\ Support\ Files/React-RCTAnimation/React-RCTAnimation-prefix.pch -MMD -MT dependencies -MF /Users/antoniogrillo-balen/Library/Developer/Xcode/DerivedData/risebysolis-gzfsziqwziaggpcbgdowmssiasmi/Build/Intermediates.noindex/Pods.build/Debug-iphonesimulator/React-RCTAnimation.build/Objects-normal/arm64/RCTNativeAnimatedTurboModule.d --serialize-diagnostics /Users/antoniogrillo-balen/Library/Developer/Xcode/DerivedData/risebysolis-gzfsziqwziaggpcbgdowmssiasmi/Build/Intermediates.noindex/Pods.build/Debug-iphonesimulator/React-RCTAnimation.build/Objects-normal/arm64/RCTNativeAnimatedTurboModule.dia -c /Users/antoniogrillo-balen/Desktop/Projects/RiseBuild/node_modules/react-native/Libraries/NativeAnimation/RCTNativeAnimatedTurboModule.mm -o /Users/antoniogrillo-balen/Library/Developer/Xcode/DerivedData/risebysolis-gzfsziqwziaggpcbgdowmssiasmi/Build/Intermediates.noindex/Pods.build/Debug-iphonesimulator/React-RCTAnimation.build/Objects-normal/arm64/RCTNativeAnimatedTurboModule.o -index-unit-output-path /Pods.build/Debug-iphonesimulator/React-RCTAnimation.build/Objects-normal/arm64/RCTNativeAnimatedTurboModule.o

Libtool /Users/antoniogrillo-balen/Library/Developer/Xcode/DerivedData/risebysolis-gzfsziqwziaggpcbgdowmssiasmi/Build/Products/Debug-iphonesimulator/react-native-mmkv/react_native_mmkv.framework/react_native_mmkv normal (in target 'react-native-mmkv' from project 'Pods')
    cd /Users/antoniogrillo-balen/Desktop/Projects/RiseBuild/ios/Pods
    /Applications/Xcode.app/Contents/Developer/Toolchains/XcodeDefault.xctoolchain/usr/bin/libtool -static -arch_only arm64 -D -syslibroot /Applications/Xcode.app/Contents/Developer/Platforms/iPhoneSimulator.platform/Developer/SDKs/iPhoneSimulator26.5.sdk -L/Users/antoniogrillo-balen/Library/Developer/Xcode/DerivedData/risebysolis-gzfsziqwziaggpcbgdowmssiasmi/Build/Products/Debug-iphonesimulator/react-native-mmkv -filelist /Users/antoniogrillo-balen/Library/Developer/Xcode/DerivedData/risebysolis-gzfsziqwziaggpcbgdowmssiasmi/Build/Intermediates.noindex/Pods.build/Debug-iphonesimulator/react-native-mmkv.build/Objects-normal/arm64/react_native_mmkv.LinkFileList -dependency_info /Users/antoniogrillo-balen/Library/Developer/Xcode/DerivedData/risebysolis-gzfsziqwziaggpcbgdowmssiasmi/Build/Intermediates.noindex/Pods.build/Debug-iphonesimulator/react-native-mmkv.build/Objects-normal/arm64/react_native_mmkv_libtool_dependency_info.dat -o /Users/antoniogrillo-balen/Library/Developer/Xcode/DerivedData/risebysolis-gzfsziqwziaggpcbgdowmssiasmi/Build/Products/Debug-iphonesimulator/react-native-mmkv/react_native_mmkv.framework/react_native_mmkv
libtool: warning: 'CodedInputData_OSX.o' has no symbols
libtool: warning: 'CodedInputDataCrypt_OSX.o' has no symbols
libtool: warning: 'crc32.o' has no symbols
libtool: warning: 'crc32_armv8.o' has no symbols
libtool: warning: 'InterProcessLock_Android.o' has no symbols
libtool: warning: 'InterProcessLock_Win32.o' has no symbols
libtool: warning: 'MemoryFile_Android.o' has no symbols
libtool: warning: 'MemoryFile_Linux.o' has no symbols
libtool: warning: 'MemoryFile_OSX.o' has no symbols
libtool: warning: 'MemoryFile_Win32.o' has no symbols
libtool: warning: 'MiniPBCoder_OSX.o' has no symbols
libtool: warning: 'MMKV_Android.o' has no symbols
libtool: warning: 'MMKV_OSX.o' has no symbols
libtool: warning: 'MMKVLog_Android.o' has no symbols
libtool: warning: 'openssl_aes-armv4.o' has no symbols
libtool: warning: 'openssl_aes_core.o' has no symbols
libtool: warning: 'ThreadLock_Win32.o' has no symbols

CodeSign /Users/antoniogrillo-balen/Library/Developer/Xcode/DerivedData/risebysolis-gzfsziqwziaggpcbgdowmssiasmi/Build/Products/Debug-iphonesimulator/react-native-mmkv/react_native_mmkv.framework (in target 'react-native-mmkv' from project 'Pods')
    cd /Users/antoniogrillo-balen/Desktop/Projects/RiseBuild/ios/Pods
    
    Signing Identity:     "Sign to Run Locally"
    
    /usr/bin/codesign --force --sign - --timestamp\=none --generate-entitlement-der /Users/antoniogrillo-balen/Library/Developer/Xcode/DerivedData/risebysolis-gzfsziqwziaggpcbgdowmssiasmi/Build/Products/Debug-iphonesimulator/react-native-mmkv/react_native_mmkv.framework
note: Signing static framework with --generate-pre-encrypt-hashes (in target 'react-native-mmkv' from project 'Pods')
/Users/antoniogrillo-balen/Library/Developer/Xcode/DerivedData/risebysolis-gzfsziqwziaggpcbgdowmssiasmi/Build/Products/Debug-iphonesimulator/react-native-mmkv/react_native_mmkv.framework: replacing existing signature

Libtool /Users/antoniogrillo-balen/Library/Developer/Xcode/DerivedData/risebysolis-gzfsziqwziaggpcbgdowmssiasmi/Build/Products/Debug-iphonesimulator/React-RCTAnimation/RCTAnimation.framework/RCTAnimation normal (in target 'React-RCTAnimation' from project 'Pods')
    cd /Users/antoniogrillo-balen/Desktop/Projects/RiseBuild/ios/Pods
    /Applications/Xcode.app/Contents/Developer/Toolchains/XcodeDefault.xctoolchain/usr/bin/libtool -static -arch_only arm64 -D -syslibroot /Applications/Xcode.app/Contents/Developer/Platforms/iPhoneSimulator.platform/Developer/SDKs/iPhoneSimulator26.5.sdk -L/Users/antoniogrillo-balen/Library/Developer/Xcode/DerivedData/risebysolis-gzfsziqwziaggpcbgdowmssiasmi/Build/Products/Debug-iphonesimulator/React-RCTAnimation -filelist /Users/antoniogrillo-balen/Library/Developer/Xcode/DerivedData/risebysolis-gzfsziqwziaggpcbgdowmssiasmi/Build/Intermediates.noindex/Pods.build/Debug-iphonesimulator/React-RCTAnimation.build/Objects-normal/arm64/RCTAnimation.LinkFileList -dependency_info /Users/antoniogrillo-balen/Library/Developer/Xcode/DerivedData/risebysolis-gzfsziqwziaggpcbgdowmssiasmi/Build/Intermediates.noindex/Pods.build/Debug-iphonesimulator/React-RCTAnimation.build/Objects-normal/arm64/RCTAnimation_libtool_dependency_info.dat -o /Users/antoniogrillo-balen/Library/Developer/Xcode/DerivedData/risebysolis-gzfsziqwziaggpcbgdowmssiasmi/Build/Products/Debug-iphonesimulator/React-RCTAnimation/RCTAnimation.framework/RCTAnimation

CodeSign /Users/antoniogrillo-balen/Library/Developer/Xcode/DerivedData/risebysolis-gzfsziqwziaggpcbgdowmssiasmi/Build/Products/Debug-iphonesimulator/React-RCTAnimation/RCTAnimation.framework (in target 'React-RCTAnimation' from project 'Pods')
    cd /Users/antoniogrillo-balen/Desktop/Projects/RiseBuild/ios/Pods
    
    Signing Identity:     "Sign to Run Locally"
    
    /usr/bin/codesign --force --sign - --timestamp\=none --generate-entitlement-der /Users/antoniogrillo-balen/Library/Developer/Xcode/DerivedData/risebysolis-gzfsziqwziaggpcbgdowmssiasmi/Build/Products/Debug-iphonesimulator/React-RCTAnimation/RCTAnimation.framework
note: Signing static framework with --generate-pre-encrypt-hashes (in target 'React-RCTAnimation' from project 'Pods')
/Users/antoniogrillo-balen/Library/Developer/Xcode/DerivedData/risebysolis-gzfsziqwziaggpcbgdowmssiasmi/Build/Products/Debug-iphonesimulator/React-RCTAnimation/RCTAnimation.framework: replacing existing signature

ProcessInfoPlistFile /Users/antoniogrillo-balen/Library/Developer/Xcode/DerivedData/risebysolis-gzfsziqwziaggpcbgdowmssiasmi/Build/Products/Debug-iphonesimulator/Pods_risebysolis.framework/Info.plist /Users/antoniogrillo-balen/Desktop/Projects/RiseBuild/ios/Pods/Target\ Support\ Files/Pods-risebysolis/Pods-risebysolis-Info.plist (in target 'Pods-risebysolis' from project 'Pods')
    cd /Users/antoniogrillo-balen/Desktop/Projects/RiseBuild/ios/Pods
    builtin-infoPlistUtility /Users/antoniogrillo-balen/Desktop/Projects/RiseBuild/ios/Pods/Target\ Support\ Files/Pods-risebysolis/Pods-risebysolis-Info.plist -producttype com.apple.product-type.framework -expandbuildsettings -format binary -platform iphonesimulator -o /Users/antoniogrillo-balen/Library/Developer/Xcode/DerivedData/risebysolis-gzfsziqwziaggpcbgdowmssiasmi/Build/Products/Debug-iphonesimulator/Pods_risebysolis.framework/Info.plist

note: Run script build phase 'Bundle React Native code and images' will be run during every build because the option to run the script phase "Based on dependency analysis" is unchecked. (in target 'risebysolis' from project 'risebysolis')
note: Run script build phase '[Expo] Configure project' will be run during every build because the option to run the script phase "Based on dependency analysis" is unchecked. (in target 'risebysolis' from project 'risebysolis')
warning: Run script build phase '[CP-User] [RNFB] Core Configuration' will be run during every build because it does not specify any outputs. To address this issue, either add output dependencies to the script phase, or configure it to run in every build by unchecking "Based on dependency analysis" in the script phase. (in target 'risebysolis' from project 'risebysolis')
PhaseScriptExecution [CP]\ Check\ Pods\ Manifest.lock /Users/antoniogrillo-balen/Library/Developer/Xcode/DerivedData/risebysolis-gzfsziqwziaggpcbgdowmssiasmi/Build/Intermediates.noindex/risebysolis.build/Debug-iphonesimulator/risebysolis.build/Script-08A4A3CD28434E44B6B9DE2E.sh (in target 'risebysolis' from project 'risebysolis')
    cd /Users/antoniogrillo-balen/Desktop/Projects/RiseBuild/ios
    /bin/sh -c /Users/antoniogrillo-balen/Library/Developer/Xcode/DerivedData/risebysolis-gzfsziqwziaggpcbgdowmssiasmi/Build/Intermediates.noindex/risebysolis.build/Debug-iphonesimulator/risebysolis.build/Script-08A4A3CD28434E44B6B9DE2E.sh

PhaseScriptExecution [Expo]\ Configure\ project /Users/antoniogrillo-balen/Library/Developer/Xcode/DerivedData/risebysolis-gzfsziqwziaggpcbgdowmssiasmi/Build/Intermediates.noindex/risebysolis.build/Debug-iphonesimulator/risebysolis.build/Script-022E17B894C41E20E44CC8F7.sh (in target 'risebysolis' from project 'risebysolis')
    cd /Users/antoniogrillo-balen/Desktop/Projects/RiseBuild/ios
    export ACTION\=build
    export AD_HOC_CODE_SIGNING_ALLOWED\=YES
    export AGGREGATE_TRACKED_DOMAINS\=YES
    export ALLOW_BUILD_REQUEST_OVERRIDES\=NO
    export ALLOW_TARGET_PLATFORM_SPECIALIZATION\=NO
    export ALTERNATE_GROUP\=staff
    export ALTERNATE_MODE\=u+w,go-w,a+rX
    export ALTERNATE_OWNER\=antoniogrillo-balen
    export ALTERNATIVE_DISTRIBUTION_WEB\=NO
    export ALWAYS_EMBED_SWIFT_STANDARD_LIBRARIES\=YES
    export ALWAYS_SEARCH_USER_PATHS\=NO
    export ALWAYS_USE_SEPARATE_HEADERMAPS\=NO
    export APPLICATION_EXTENSION_API_ONLY\=NO
    export APPLY_RULES_IN_COPY_FILES\=NO
    export APPLY_RULES_IN_COPY_HEADERS\=NO
    export APP_SHORTCUTS_ENABLE_FLEXIBLE_MATCHING\=YES
    export ARCHS\=arm64
    export ARCHS_BASE\=arm64
    export ARCHS_STANDARD\=arm64\ x86_64
    export ARCHS_STANDARD_32_64_BIT\=arm64\ x86_64
    export ARCHS_STANDARD_64_BIT\=arm64\ x86_64
    export ARCHS_STANDARD_INCLUDING_64_BIT\=arm64\ x86_64
    export ARCHS_UNIVERSAL_IPHONE_OS\=arm64\ x86_64
    export ASSETCATALOG_COMPILER_APPICON_NAME\=AppIcon
    export ASSETCATALOG_FILTER_FOR_DEVICE_MODEL\=iPhone16,2
    export ASSETCATALOG_FILTER_FOR_DEVICE_OS_VERSION\=26.4.1
    export ASSETCATALOG_FILTER_FOR_THINNING_DEVICE_CONFIGURATION\=iPhone16,2
    export AUTOMATICALLY_MERGE_DEPENDENCIES\=NO
    export AUTOMATION_APPLE_EVENTS\=NO
    export AVAILABLE_PLATFORMS\=android\ appletvos\ appletvsimulator\ driverkit\ freebsd\ iphoneos\ iphonesimulator\ linux\ macosx\ none\ openbsd\ qnx\ watchos\ watchsimulator\ webassembly\ xros\ xrsimulator
    export AppIdentifierPrefix\=FAKETEAMID.
    export BUILD_ACTIVE_RESOURCES_ONLY\=YES
    export BUILD_COMPONENTS\=headers\ build
    export BUILD_DIR\=/Users/antoniogrillo-balen/Library/Developer/Xcode/DerivedData/risebysolis-gzfsziqwziaggpcbgdowmssiasmi/Build/Products
    export BUILD_LIBRARY_FOR_DISTRIBUTION\=NO
    export BUILD_ONLY_KNOWN_LOCALIZATIONS\=NO
    export BUILD_ROOT\=/Users/antoniogrillo-balen/Library/Developer/Xcode/DerivedData/risebysolis-gzfsziqwziaggpcbgdowmssiasmi/Build/Products
    export BUILD_STYLE\=
    export BUILD_VARIANTS\=normal
    export BUILT_PRODUCTS_DIR\=/Users/antoniogrillo-balen/Library/Developer/Xcode/DerivedData/risebysolis-gzfsziqwziaggpcbgdowmssiasmi/Build/Products/Debug-iphonesimulator
    export BUNDLE_CONTENTS_FOLDER_PATH_deep\=Contents/
    export BUNDLE_EXECUTABLE_FOLDER_NAME_deep\=MacOS
    export BUNDLE_EXTENSIONS_FOLDER_PATH\=Extensions
    export BUNDLE_FORMAT\=shallow
    export BUNDLE_FRAMEWORKS_FOLDER_PATH\=Frameworks
    export BUNDLE_PLUGINS_FOLDER_PATH\=PlugIns
    export BUNDLE_PRIVATE_HEADERS_FOLDER_PATH\=PrivateHeaders
    export BUNDLE_PUBLIC_HEADERS_FOLDER_PATH\=Headers
    export CACHE_ROOT\=/var/folders/2z/jtlqylkx0c709j3xb7b0g4cm0000gn/C/com.apple.DeveloperTools/26.5-17F42/Xcode
    export CCHROOT\=/var/folders/2z/jtlqylkx0c709j3xb7b0g4cm0000gn/C/com.apple.DeveloperTools/26.5-17F42/Xcode
    export CHMOD\=/bin/chmod
    export CHOWN\=chown
    export CLANG_ANALYZER_LOCALIZABILITY_NONLOCALIZED\=YES
    export CLANG_CACHE_FINE_GRAINED_OUTPUTS\=YES
    export CLANG_CXX_LANGUAGE_STANDARD\=c++20
    export CLANG_CXX_LIBRARY\=libc++
    export CLANG_ENABLE_EXPLICIT_MODULES\=YES
    export CLANG_ENABLE_MODULES\=YES
    export CLANG_ENABLE_OBJC_ARC\=YES
    export CLANG_MODULES_BUILD_SESSION_FILE\=/Users/antoniogrillo-balen/Library/Developer/Xcode/DerivedData/ModuleCache.noindex/Session.modulevalidation
    export CLANG_WARN_BLOCK_CAPTURE_AUTORELEASING\=YES
    export CLANG_WARN_BOOL_CONVERSION\=YES
    export CLANG_WARN_COMMA\=YES
    export CLANG_WARN_CONSTANT_CONVERSION\=YES
    export CLANG_WARN_DEPRECATED_OBJC_IMPLEMENTATIONS\=YES
    export CLANG_WARN_DIRECT_OBJC_ISA_USAGE\=YES_ERROR
    export CLANG_WARN_EMPTY_BODY\=YES
    export CLANG_WARN_ENUM_CONVERSION\=YES
    export CLANG_WARN_INFINITE_RECURSION\=YES
    export CLANG_WARN_INT_CONVERSION\=YES
    export CLANG_WARN_NON_LITERAL_NULL_CONVERSION\=YES
    export CLANG_WARN_OBJC_IMPLICIT_RETAIN_SELF\=YES
    export CLANG_WARN_OBJC_LITERAL_CONVERSION\=YES
    export CLANG_WARN_OBJC_ROOT_CLASS\=YES_ERROR
    export CLANG_WARN_QUOTED_INCLUDE_IN_FRAMEWORK_HEADER\=NO
    export CLANG_WARN_RANGE_LOOP_ANALYSIS\=YES
    export CLANG_WARN_STRICT_PROTOTYPES\=YES
    export CLANG_WARN_SUSPICIOUS_MOVE\=YES
    export CLANG_WARN_UNREACHABLE_CODE\=YES
    export CLANG_WARN__DUPLICATE_METHOD_MATCH\=YES
    export CLASS_FILE_DIR\=/Users/antoniogrillo-balen/Library/Developer/Xcode/DerivedData/risebysolis-gzfsziqwziaggpcbgdowmssiasmi/Build/Intermediates.noindex/risebysolis.build/Debug-iphonesimulator/risebysolis.build/JavaClasses
    export CLEAN_PRECOMPS\=YES
    export CLONE_HEADERS\=NO
    export CODESIGNING_FOLDER_PATH\=/Users/antoniogrillo-balen/Library/Developer/Xcode/DerivedData/risebysolis-gzfsziqwziaggpcbgdowmssiasmi/Build/Products/Debug-iphonesimulator/risebysolis.app
    export CODE_SIGNING_ALLOWED\=YES
    export CODE_SIGNING_REQUIRED\=YES
    export CODE_SIGN_CONTEXT_CLASS\=XCiPhoneSimulatorCodeSignContext
    export CODE_SIGN_ENTITLEMENTS\=risebysolis/risebysolis.entitlements
    export CODE_SIGN_IDENTITY\=-
    export CODE_SIGN_INJECT_BASE_ENTITLEMENTS\=YES
    export COLOR_DIAGNOSTICS\=NO
    export COMBINE_HIDPI_IMAGES\=NO
    export COMPILATION_CACHE_CAS_PATH\=/Users/antoniogrillo-balen/Library/Developer/Xcode/DerivedData/CompilationCache.noindex
    export COMPILATION_CACHE_KEEP_CAS_DIRECTORY\=YES
    export COMPILER_INDEX_STORE_ENABLE\=Default
    export COMPOSITE_SDK_DIRS\=/Users/antoniogrillo-balen/Library/Developer/Xcode/DerivedData/risebysolis-gzfsziqwziaggpcbgdowmssiasmi/Build/Intermediates.noindex/CompositeSDKs
    export COMPRESS_PNG_FILES\=YES
    export CONFIGURATION\=Debug
    export CONFIGURATION_BUILD_DIR\=/Users/antoniogrillo-balen/Library/Developer/Xcode/DerivedData/risebysolis-gzfsziqwziaggpcbgdowmssiasmi/Build/Products/Debug-iphonesimulator
    export CONFIGURATION_TEMP_DIR\=/Users/antoniogrillo-balen/Library/Developer/Xcode/DerivedData/risebysolis-gzfsziqwziaggpcbgdowmssiasmi/Build/Intermediates.noindex/risebysolis.build/Debug-iphonesimulator
    export CONTENTS_FOLDER_PATH\=risebysolis.app
    export CONTENTS_FOLDER_PATH_SHALLOW_BUNDLE_NO\=risebysolis.app/Contents
    export CONTENTS_FOLDER_PATH_SHALLOW_BUNDLE_YES\=risebysolis.app
    export COPYING_PRESERVES_HFS_DATA\=NO
    export COPY_HEADERS_RUN_UNIFDEF\=NO
    export COPY_PHASE_STRIP\=NO
    export CORRESPONDING_DEVICE_PLATFORM_DIR\=/Applications/Xcode.app/Contents/Developer/Platforms/iPhoneOS.platform
    export CORRESPONDING_DEVICE_PLATFORM_NAME\=iphoneos
    export CORRESPONDING_DEVICE_SDK_DIR\=/Applications/Xcode.app/Contents/Developer/Platforms/iPhoneOS.platform/Developer/SDKs/iPhoneOS26.5.sdk
    export CORRESPONDING_DEVICE_SDK_NAME\=iphoneos26.5
    export CP\=/bin/cp
    export CREATE_INFOPLIST_SECTION_IN_BINARY\=NO
    export CURRENT_ARCH\=undefined_arch
    export CURRENT_PROJECT_VERSION\=1
    export CURRENT_VARIANT\=normal
    export DEAD_CODE_STRIPPING\=YES
    export DEBUGGING_SYMBOLS\=YES
    export DEBUG_INFORMATION_FORMAT\=dwarf-with-dsym
    export DEBUG_INFORMATION_VERSION\=compiler-default
    export DEFAULT_COMPILER\=com.apple.compilers.llvm.clang.1_0
    export DEFAULT_DEXT_INSTALL_PATH\=/System/Library/DriverExtensions
    export DEFAULT_KEXT_INSTALL_PATH\=/System/Library/Extensions
    export DEFINES_MODULE\=NO
    export DEPLOYMENT_LOCATION\=NO
    export DEPLOYMENT_POSTPROCESSING\=NO
    export DEPLOYMENT_TARGET_SETTING_NAME\=IPHONEOS_DEPLOYMENT_TARGET
    export DEPLOYMENT_TARGET_SUGGESTED_VALUES\=12.0\ 12.1\ 12.2\ 12.3\ 12.4\ 13.0\ 13.1\ 13.2\ 13.3\ 13.4\ 13.5\ 13.6\ 14.0\ 14.1\ 14.2\ 14.3\ 14.4\ 14.5\ 14.6\ 14.7\ 15.0\ 15.1\ 15.2\ 15.3\ 15.4\ 15.5\ 15.6\ 16.0\ 16.1\ 16.2\ 16.3\ 16.4\ 16.5\ 16.6\ 17.0\ 17.1\ 17.2\ 17.3\ 17.4\ 17.5\ 17.6\ 18.0\ 18.1\ 18.2\ 18.3\ 18.4\ 18.5\ 18.6\ 26.0\ 26.2\ 26.3\ 26.4\ 26.5
    export DERIVED_FILES_DIR\=/Users/antoniogrillo-balen/Library/Developer/Xcode/DerivedData/risebysolis-gzfsziqwziaggpcbgdowmssiasmi/Build/Intermediates.noindex/risebysolis.build/Debug-iphonesimulator/risebysolis.build/DerivedSources
    export DERIVED_FILE_DIR\=/Users/antoniogrillo-balen/Library/Developer/Xcode/DerivedData/risebysolis-gzfsziqwziaggpcbgdowmssiasmi/Build/Intermediates.noindex/risebysolis.build/Debug-iphonesimulator/risebysolis.build/DerivedSources
    export DERIVED_SOURCES_DIR\=/Users/antoniogrillo-balen/Library/Developer/Xcode/DerivedData/risebysolis-gzfsziqwziaggpcbgdowmssiasmi/Build/Intermediates.noindex/risebysolis.build/Debug-iphonesimulator/risebysolis.build/DerivedSources
    export DEVELOPER_APPLICATIONS_DIR\=/Applications/Xcode.app/Contents/Developer/Applications
    export DEVELOPER_BIN_DIR\=/Applications/Xcode.app/Contents/Developer/usr/bin
    export DEVELOPER_DIR\=/Applications/Xcode.app/Contents/Developer
    export DEVELOPER_FRAMEWORKS_DIR\=/Applications/Xcode.app/Contents/Developer/Library/Frameworks
    export DEVELOPER_FRAMEWORKS_DIR_QUOTED\=/Applications/Xcode.app/Contents/Developer/Library/Frameworks
    export DEVELOPER_LIBRARY_DIR\=/Applications/Xcode.app/Contents/Developer/Library
    export DEVELOPER_SDK_DIR\=/Applications/Xcode.app/Contents/Developer/Platforms/MacOSX.platform/Developer/SDKs
    export DEVELOPER_TOOLS_DIR\=/Applications/Xcode.app/Contents/Developer/Tools
    export DEVELOPER_USR_DIR\=/Applications/Xcode.app/Contents/Developer/usr
    export DEVELOPMENT_LANGUAGE\=en
    export DIAGNOSE_MISSING_TARGET_DEPENDENCIES\=YES
    export DIFF\=/usr/bin/diff
    export DOCUMENTATION_FOLDER_PATH\=risebysolis.app/en.lproj/Documentation
    export DONT_GENERATE_INFOPLIST_FILE\=NO
    export DSTROOT\=/tmp/risebysolis.dst
    export DT_TOOLCHAIN_DIR\=/Applications/Xcode.app/Contents/Developer/Toolchains/XcodeDefault.xctoolchain
    export DUMP_DEPENDENCIES\=NO
    export DUMP_DEPENDENCIES_OUTPUT_PATH\=/Users/antoniogrillo-balen/Library/Developer/Xcode/DerivedData/risebysolis-gzfsziqwziaggpcbgdowmssiasmi/Build/Intermediates.noindex/risebysolis.build/Debug-iphonesimulator/risebysolis.build/risebysolis-BuildDependencyInfo.json
    export DWARF_DSYM_FILE_NAME\=risebysolis.app.dSYM
    export DWARF_DSYM_FILE_SHOULD_ACCOMPANY_PRODUCT\=NO
    export DWARF_DSYM_FOLDER_PATH\=/Users/antoniogrillo-balen/Library/Developer/Xcode/DerivedData/risebysolis-gzfsziqwziaggpcbgdowmssiasmi/Build/Products/Debug-iphonesimulator
    export DYNAMIC_LIBRARY_EXTENSION\=dylib
    export EAGER_COMPILATION_ALLOW_SCRIPTS\=NO
    export EAGER_LINKING\=NO
    export EFFECTIVE_PLATFORM_NAME\=-iphonesimulator
    export EFFECTIVE_SWIFT_VERSION\=5
    export EMBEDDED_CONTENT_CONTAINS_SWIFT\=NO
    export EMBED_ASSET_PACKS_IN_PRODUCT_BUNDLE\=NO
    export ENABLE_APP_SANDBOX\=NO
    export ENABLE_BITCODE\=NO
    export ENABLE_CODE_COVERAGE\=YES
    export ENABLE_COHORT_ARCHS\=NO
    export ENABLE_CPLUSPLUS_BOUNDS_SAFE_BUFFERS\=NO
    export ENABLE_C_BOUNDS_SAFETY\=NO
    export ENABLE_DEBUG_DYLIB\=YES
    export ENABLE_DEFAULT_HEADER_SEARCH_PATHS\=YES
    export ENABLE_DEFAULT_SEARCH_PATHS\=YES
    export ENABLE_ENHANCED_SECURITY\=NO
    export ENABLE_HARDENED_RUNTIME\=NO
    export ENABLE_HEADER_DEPENDENCIES\=YES
    export ENABLE_INCOMING_NETWORK_CONNECTIONS\=NO
    export ENABLE_ON_DEMAND_RESOURCES\=YES
    export ENABLE_OUTGOING_NETWORK_CONNECTIONS\=NO
    export ENABLE_POINTER_AUTHENTICATION\=NO
    export ENABLE_PREVIEWS\=NO
    export ENABLE_RESOURCE_ACCESS_AUDIO_INPUT\=NO
    export ENABLE_RESOURCE_ACCESS_BLUETOOTH\=NO
    export ENABLE_RESOURCE_ACCESS_CALENDARS\=NO
    export ENABLE_RESOURCE_ACCESS_CAMERA\=NO
    export ENABLE_RESOURCE_ACCESS_CONTACTS\=NO
    export ENABLE_RESOURCE_ACCESS_LOCATION\=NO
    export ENABLE_RESOURCE_ACCESS_PHOTO_LIBRARY\=NO
    export ENABLE_RESOURCE_ACCESS_PRINTING\=NO
    export ENABLE_RESOURCE_ACCESS_USB\=NO
    export ENABLE_SDK_IMPORTS\=NO
    export ENABLE_SECURITY_COMPILER_WARNINGS\=NO
    export ENABLE_STRICT_OBJC_MSGSEND\=YES
    export ENABLE_TESTABILITY\=YES
    export ENABLE_TESTING_SEARCH_PATHS\=NO
    export ENABLE_USER_SCRIPT_SANDBOXING\=NO
    export ENABLE_XOJIT_PREVIEWS\=YES
    export ENFORCE_VALID_ARCHS\=YES
    export ENTITLEMENTS_ALLOWED\=NO
    export ENTITLEMENTS_DESTINATION\=__entitlements
    export ENTITLEMENTS_REQUIRED\=NO
    export EXCLUDED_INSTALLSRC_SUBDIRECTORY_PATTERNS\=.DS_Store\ .svn\ .git\ .hg\ CVS
    export EXCLUDED_RECURSIVE_SEARCH_PATH_SUBDIRECTORIES\=\*.nib\ \*.lproj\ \*.framework\ \*.gch\ \*.xcode\*\ \*.xcassets\ \*.icon\ \(\*\)\ .DS_Store\ CVS\ .svn\ .git\ .hg\ \*.pbproj\ \*.pbxproj
    export EXECUTABLES_FOLDER_PATH\=risebysolis.app/Executables
    export EXECUTABLE_BLANK_INJECTION_DYLIB_PATH\=risebysolis.app/__preview.dylib
    export EXECUTABLE_DEBUG_DYLIB_INSTALL_NAME\=@rpath/risebysolis.debug.dylib
    export EXECUTABLE_DEBUG_DYLIB_PATH\=risebysolis.app/risebysolis.debug.dylib
    export EXECUTABLE_FOLDER_PATH\=risebysolis.app
    export EXECUTABLE_FOLDER_PATH_SHALLOW_BUNDLE_NO\=risebysolis.app/MacOS
    export EXECUTABLE_FOLDER_PATH_SHALLOW_BUNDLE_YES\=risebysolis.app
    export EXECUTABLE_NAME\=risebysolis
    export EXECUTABLE_PATH\=risebysolis.app/risebysolis
    export EXPANDED_CODE_SIGN_IDENTITY\=-
    export EXPANDED_CODE_SIGN_IDENTITY_NAME\=Sign\ to\ Run\ Locally
    export EXTENSIONS_FOLDER_PATH\=risebysolis.app/Extensions
    export FILE_LIST\=/Users/antoniogrillo-balen/Library/Developer/Xcode/DerivedData/risebysolis-gzfsziqwziaggpcbgdowmssiasmi/Build/Intermediates.noindex/risebysolis.build/Debug-iphonesimulator/risebysolis.build/Objects/LinkFileList
    export FIXED_FILES_DIR\=/Users/antoniogrillo-balen/Library/Developer/Xcode/DerivedData/risebysolis-gzfsziqwziaggpcbgdowmssiasmi/Build/Intermediates.noindex/risebysolis.build/Debug-iphonesimulator/risebysolis.build/FixedFiles
    export FRAMEWORKS_FOLDER_PATH\=risebysolis.app/Frameworks
    export FRAMEWORK_FLAG_PREFIX\=-framework
    export FRAMEWORK_SEARCH_PATHS\=/Users/antoniogrillo-balen/Library/Developer/Xcode/DerivedData/risebysolis-gzfsziqwziaggpcbgdowmssiasmi/Build/Products/Debug-iphonesimulator\ \ \"/Users/antoniogrillo-balen/Library/Developer/Xcode/DerivedData/risebysolis-gzfsziqwziaggpcbgdowmssiasmi/Build/Products/Debug-iphonesimulator/AppAuth\"\ \"/Users/antoniogrillo-balen/Library/Developer/Xcode/DerivedData/risebysolis-gzfsziqwziaggpcbgdowmssiasmi/Build/Products/Debug-iphonesimulator/AppCheckCore\"\ \"/Users/antoniogrillo-balen/Library/Developer/Xcode/DerivedData/risebysolis-gzfsziqwziaggpcbgdowmssiasmi/Build/Products/Debug-iphonesimulator/DoubleConversion\"\ \"/Users/antoniogrillo-balen/Library/Developer/Xcode/DerivedData/risebysolis-gzfsziqwziaggpcbgdowmssiasmi/Build/Products/Debug-iphonesimulator/EXApplication\"\ \"/Users/antoniogrillo-balen/Library/Developer/Xcode/DerivedData/risebysolis-gzfsziqwziaggpcbgdowmssiasmi/Build/Products/Debug-iphonesimulator/EXConstants\"\ \"/Users/antoniogrillo-balen/Library/Developer/Xcode/DerivedData/risebysolis-gzfsziqwziaggpcbgdowmssiasmi/Build/Products/Debug-iphonesimulator/EXNotifications\"\ \"/Users/antoniogrillo-balen/Library/Developer/Xcode/DerivedData/risebysolis-gzfsziqwziaggpcbgdowmssiasmi/Build/Products/Debug-iphonesimulator/Expo\"\ \"/Users/antoniogrillo-balen/Library/Developer/Xcode/DerivedData/risebysolis-gzfsziqwziaggpcbgdowmssiasmi/Build/Products/Debug-iphonesimulator/ExpoAdapterGoogleSignIn\"\ \"/Users/antoniogrillo-balen/Library/Developer/Xcode/DerivedData/risebysolis-gzfsziqwziaggpcbgdowmssiasmi/Build/Products/Debug-iphonesimulator/ExpoAppleAuthentication\"\ \"/Users/antoniogrillo-balen/Library/Developer/Xcode/DerivedData/risebysolis-gzfsziqwziaggpcbgdowmssiasmi/Build/Products/Debug-iphonesimulator/ExpoAsset\"\ \"/Users/antoniogrillo-balen/Library/Developer/Xcode/DerivedData/risebysolis-gzfsziqwziaggpcbgdowmssiasmi/Build/Products/Debug-iphonesimulator/ExpoCrypto\"\ \"/Users/antoniogrillo-balen/Library/Developer/Xcode/DerivedData/risebysolis-gzfsziqwziaggpcbgdowmssiasmi/Build/Products/Debug-iphonesimulator/ExpoFileSystem\"\ \"/Users/antoniogrillo-balen/Library/Developer/Xcode/DerivedData/risebysolis-gzfsziqwziaggpcbgdowmssiasmi/Build/Products/Debug-iphonesimulator/ExpoFont\"\ \"/Users/antoniogrillo-balen/Library/Developer/Xcode/DerivedData/risebysolis-gzfsziqwziaggpcbgdowmssiasmi/Build/Products/Debug-iphonesimulator/ExpoHaptics\"\ \"/Users/antoniogrillo-balen/Library/Developer/Xcode/DerivedData/risebysolis-gzfsziqwziaggpcbgdowmssiasmi/Build/Products/Debug-iphonesimulator/ExpoHead\"\ \"/Users/antoniogrillo-balen/Library/Developer/Xcode/DerivedData/risebysolis-gzfsziqwziaggpcbgdowmssiasmi/Build/Products/Debug-iphonesimulator/ExpoKeepAwake\"\ \"/Users/antoniogrillo-balen/Library/Developer/Xcode/DerivedData/risebysolis-gzfsziqwziaggpcbgdowmssiasmi/Build/Products/Debug-iphonesimulator/ExpoLinking\"\ \"/Users/antoniogrillo-balen/Library/Developer/Xcode/DerivedData/risebysolis-gzfsziqwziaggpcbgdowmssiasmi/Build/Products/Debug-iphonesimulator/ExpoModulesCore\"\ \"/Users/antoniogrillo-balen/Library/Developer/Xcode/DerivedData/risebysolis-gzfsziqwziaggpcbgdowmssiasmi/Build/Products/Debug-iphonesimulator/ExpoSecureStore\"\ \"/Users/antoniogrillo-balen/Library/Developer/Xcode/DerivedData/risebysolis-gzfsziqwziaggpcbgdowmssiasmi/Build/Products/Debug-iphonesimulator/ExpoSplashScreen\"\ \"/Users/antoniogrillo-balen/Library/Developer/Xcode/DerivedData/risebysolis-gzfsziqwziaggpcbgdowmssiasmi/Build/Products/Debug-iphonesimulator/FirebaseAppCheckInterop\"\ \"/Users/antoniogrillo-balen/Library/Developer/Xcode/DerivedData/risebysolis-gzfsziqwziaggpcbgdowmssiasmi/Build/Products/Debug-iphonesimulator/FirebaseAuth\"\ \"/Users/antoniogrillo-balen/Library/Developer/Xcode/DerivedData/risebysolis-gzfsziqwziaggpcbgdowmssiasmi/Build/Products/Debug-iphonesimulator/FirebaseAuthInterop\"\ \"/Users/antoniogrillo-balen/Library/Developer/Xcode/DerivedData/risebysolis-gzfsziqwziaggpcbgdowmssiasmi/Build/Products/Debug-iphonesimulator/FirebaseCore\"\ \"/Users/antoniogrillo-balen/Library/Developer/Xcode/DerivedData/risebysolis-gzfsziqwziaggpcbgdowmssiasmi/Build/Products/Debug-iphonesimulator/FirebaseCoreExtension\"\ \"/Users/antoniogrillo-balen/Library/Developer/Xcode/DerivedData/risebysolis-gzfsziqwziaggpcbgdowmssiasmi/Build/Products/Debug-iphonesimulator/FirebaseCoreInternal\"\ \"/Users/antoniogrillo-balen/Library/Developer/Xcode/DerivedData/risebysolis-gzfsziqwziaggpcbgdowmssiasmi/Build/Products/Debug-iphonesimulator/GTMAppAuth\"\ \"/Users/antoniogrillo-balen/Library/Developer/Xcode/DerivedData/risebysolis-gzfsziqwziaggpcbgdowmssiasmi/Build/Products/Debug-iphonesimulator/GTMSessionFetcher\"\ \"/Users/antoniogrillo-balen/Library/Developer/Xcode/DerivedData/risebysolis-gzfsziqwziaggpcbgdowmssiasmi/Build/Products/Debug-iphonesimulator/GoogleSignIn\"\ \"/Users/antoniogrillo-balen/Library/Developer/Xcode/DerivedData/risebysolis-gzfsziqwziaggpcbgdowmssiasmi/Build/Products/Debug-iphonesimulator/GoogleUtilities\"\ \"/Users/antoniogrillo-balen/Library/Developer/Xcode/DerivedData/risebysolis-gzfsziqwziaggpcbgdowmssiasmi/Build/Products/Debug-iphonesimulator/PromisesObjC\"\ \"/Users/antoniogrillo-balen/Library/Developer/Xcode/DerivedData/risebysolis-gzfsziqwziaggpcbgdowmssiasmi/Build/Products/Debug-iphonesimulator/PurchasesHybridCommon\"\ \"/Users/antoniogrillo-balen/Library/Developer/Xcode/DerivedData/risebysolis-gzfsziqwziaggpcbgdowmssiasmi/Build/Products/Debug-iphonesimulator/RCT-Folly\"\ \"/Users/antoniogrillo-balen/Library/Developer/Xcode/DerivedData/risebysolis-gzfsziqwziaggpcbgdowmssiasmi/Build/Products/Debug-iphonesimulator/RCTDeprecation\"\ \"/Users/antoniogrillo-balen/Library/Developer/Xcode/DerivedData/risebysolis-gzfsziqwziaggpcbgdowmssiasmi/Build/Products/Debug-iphonesimulator/RCTTypeSafety\"\ \"/Users/antoniogrillo-balen/Library/Developer/Xcode/DerivedData/risebysolis-gzfsziqwziaggpcbgdowmssiasmi/Build/Products/Debug-iphonesimulator/RNFBApp\"\ \"/Users/antoniogrillo-balen/Library/Developer/Xcode/DerivedData/risebysolis-gzfsziqwziaggpcbgdowmssiasmi/Build/Products/Debug-iphonesimulator/RNFBAuth\"\ \"/Users/antoniogrillo-balen/Library/Developer/Xcode/DerivedData/risebysolis-gzfsziqwziaggpcbgdowmssiasmi/Build/Products/Debug-iphonesimulator/RNGestureHandler\"\ \"/Users/antoniogrillo-balen/Library/Developer/Xcode/DerivedData/risebysolis-gzfsziqwziaggpcbgdowmssiasmi/Build/Products/Debug-iphonesimulator/RNGoogleSignin\"\ \"/Users/antoniogrillo-balen/Library/Developer/Xcode/DerivedData/risebysolis-gzfsziqwziaggpcbgdowmssiasmi/Build/Products/Debug-iphonesimulator/RNPurchases\"\ \"/Users/antoniogrillo-balen/Library/Developer/Xcode/DerivedData/risebysolis-gzfsziqwziaggpcbgdowmssiasmi/Build/Products/Debug-iphonesimulator/RNReanimated\"\ \"/Users/antoniogrillo-balen/Library/Developer/Xcode/DerivedData/risebysolis-gzfsziqwziaggpcbgdowmssiasmi/Build/Products/Debug-iphonesimulator/RNScreens\"\ \"/Users/antoniogrillo-balen/Library/Developer/Xcode/DerivedData/risebysolis-gzfsziqwziaggpcbgdowmssiasmi/Build/Products/Debug-iphonesimulator/React-Core\"\ \"/Users/antoniogrillo-balen/Library/Developer/Xcode/DerivedData/risebysolis-gzfsziqwziaggpcbgdowmssiasmi/Build/Products/Debug-iphonesimulator/React-CoreModules\"\ \"/Users/antoniogrillo-balen/Library/Developer/Xcode/DerivedData/risebysolis-gzfsziqwziaggpcbgdowmssiasmi/Build/Products/Debug-iphonesimulator/React-Fabric\"\ \"/Users/antoniogrillo-balen/Library/Developer/Xcode/DerivedData/risebysolis-gzfsziqwziaggpcbgdowmssiasmi/Build/Products/Debug-iphonesimulator/React-FabricComponents\"\ \"/Users/antoniogrillo-balen/Library/Developer/Xcode/DerivedData/risebysolis-gzfsziqwziaggpcbgdowmssiasmi/Build/Products/Debug-iphonesimulator/React-FabricImage\"\ \"/Users/antoniogrillo-balen/Library/Developer/Xcode/DerivedData/risebysolis-gzfsziqwziaggpcbgdowmssiasmi/Build/Products/Debug-iphonesimulator/React-ImageManager\"\ \"/Users/antoniogrillo-balen/Library/Developer/Xcode/DerivedData/risebysolis-gzfsziqwziaggpcbgdowmssiasmi/Build/Products/Debug-iphonesimulator/React-Mapbuffer\"\ \"/Users/antoniogrillo-balen/Library/Developer/Xcode/DerivedData/risebysolis-gzfsziqwziaggpcbgdowmssiasmi/Build/Products/Debug-iphonesimulator/React-NativeModulesApple\"\ \"/Users/antoniogrillo-balen/Library/Developer/Xcode/DerivedData/risebysolis-gzfsziqwziaggpcbgdowmssiasmi/Build/Products/Debug-iphonesimulator/React-RCTAnimation\"\ \"/Users/antoniogrillo-balen/Library/Developer/Xcode/DerivedData/risebysolis-gzfsziqwziaggpcbgdowmssiasmi/Build/Products/Debug-iphonesimulator/React-RCTAppDelegate\"\ \"/Users/antoniogrillo-balen/Library/Developer/Xcode/DerivedData/risebysolis-gzfsziqwziaggpcbgdowmssiasmi/Build/Products/Debug-iphonesimulator/React-RCTBlob\"\ \"/Users/antoniogrillo-balen/Library/Developer/Xcode/DerivedData/risebysolis-gzfsziqwziaggpcbgdowmssiasmi/Build/Products/Debug-iphonesimulator/React-RCTFabric\"\ \"/Users/antoniogrillo-balen/Library/Developer/Xcode/DerivedData/risebysolis-gzfsziqwziaggpcbgdowmssiasmi/Build/Products/Debug-iphonesimulator/React-RCTImage\"\ \"/Users/antoniogrillo-balen/Library/Developer/Xcode/DerivedData/risebysolis-gzfsziqwziaggpcbgdowmssiasmi/Build/Products/Debug-iphonesimulator/React-RCTLinking\"\ \"/Users/antoniogrillo-balen/Library/Developer/Xcode/DerivedData/risebysolis-gzfsziqwziaggpcbgdowmssiasmi/Build/Products/Debug-iphonesimulator/React-RCTNetwork\"\ \"/Users/antoniogrillo-balen/Library/Developer/Xcode/DerivedData/risebysolis-gzfsziqwziaggpcbgdowmssiasmi/Build/Products/Debug-iphonesimulator/React-RCTSettings\"\ \"/Users/antoniogrillo-balen/Library/Developer/Xcode/DerivedData/risebysolis-gzfsziqwziaggpcbgdowmssiasmi/Build/Products/Debug-iphonesimulator/React-RCTText\"\ \"/Users/antoniogrillo-balen/Library/Developer/Xcode/DerivedData/risebysolis-gzfsziqwziaggpcbgdowmssiasmi/Build/Products/Debug-iphonesimulator/React-RCTVibration\"\ \"/Users/antoniogrillo-balen/Library/Developer/Xcode/DerivedData/risebysolis-gzfsziqwziaggpcbgdowmssiasmi/Build/Products/Debug-iphonesimulator/React-RuntimeApple\"\ \"/Users/antoniogrillo-balen/Library/Developer/Xcode/DerivedData/risebysolis-gzfsziqwziaggpcbgdowmssiasmi/Build/Products/Debug-iphonesimulator/React-RuntimeCore\"\ \"/Users/antoniogrillo-balen/Library/Developer/Xcode/DerivedData/risebysolis-gzfsziqwziaggpcbgdowmssiasmi/Build/Products/Debug-iphonesimulator/React-RuntimeHermes\"\ \"/Users/antoniogrillo-balen/Library/Developer/Xcode/DerivedData/risebysolis-gzfsziqwziaggpcbgdowmssiasmi/Build/Products/Debug-iphonesimulator/React-cxxreact\"\ \"/Users/antoniogrillo-balen/Library/Developer/Xcode/DerivedData/risebysolis-gzfsziqwziaggpcbgdowmssiasmi/Build/Products/Debug-iphonesimulator/React-debug\"\ \"/Users/antoniogrillo-balen/Library/Developer/Xcode/DerivedData/risebysolis-gzfsziqwziaggpcbgdowmssiasmi/Build/Products/Debug-iphonesimulator/React-defaultsnativemodule\"\ \"/Users/antoniogrillo-balen/Library/Developer/Xcode/DerivedData/risebysolis-gzfsziqwziaggpcbgdowmssiasmi/Build/Products/Debug-iphonesimulator/React-domnativemodule\"\ \"/Users/antoniogrillo-balen/Library/Developer/Xcode/DerivedData/risebysolis-gzfsziqwziaggpcbgdowmssiasmi/Build/Products/Debug-iphonesimulator/React-featureflags\"\ \"/Users/antoniogrillo-balen/Library/Developer/Xcode/DerivedData/risebysolis-gzfsziqwziaggpcbgdowmssiasmi/Build/Products/Debug-iphonesimulator/React-featureflagsnativemodule\"\ \"/Users/antoniogrillo-balen/Library/Developer/Xcode/DerivedData/risebysolis-gzfsziqwziaggpcbgdowmssiasmi/Build/Products/Debug-iphonesimulator/React-graphics\"\ \"/Users/antoniogrillo-balen/Library/Developer/Xcode/DerivedData/risebysolis-gzfsziqwziaggpcbgdowmssiasmi/Build/Products/Debug-iphonesimulator/React-hermes\"\ \"/Users/antoniogrillo-balen/Library/Developer/Xcode/DerivedData/risebysolis-gzfsziqwziaggpcbgdowmssiasmi/Build/Products/Debug-iphonesimulator/React-idlecallbacksnativemodule\"\ \"/Users/antoniogrillo-balen/Library/Developer/Xcode/DerivedData/risebysolis-gzfsziqwziaggpcbgdowmssiasmi/Build/Products/Debug-iphonesimulator/React-jserrorhandler\"\ \"/Users/antoniogrillo-balen/Library/Developer/Xcode/DerivedData/risebysolis-gzfsziqwziaggpcbgdowmssiasmi/Build/Products/Debug-iphonesimulator/React-jsi\"\ \"/Users/antoniogrillo-balen/Library/Developer/Xcode/DerivedData/risebysolis-gzfsziqwziaggpcbgdowmssiasmi/Build/Products/Debug-iphonesimulator/React-jsiexecutor\"\ \"/Users/antoniogrillo-balen/Library/Developer/Xcode/DerivedData/risebysolis-gzfsziqwziaggpcbgdowmssiasmi/Build/Products/Debug-iphonesimulator/React-jsinspector\"\ \"/Users/antoniogrillo-balen/Library/Developer/Xcode/DerivedData/risebysolis-gzfsziqwziaggpcbgdowmssiasmi/Build/Products/Debug-iphonesimulator/React-logger\"\ \"/Users/antoniogrillo-balen/Library/Developer/Xcode/DerivedData/risebysolis-gzfsziqwziaggpcbgdowmssiasmi/Build/Products/Debug-iphonesimulator/React-microtasksnativemodule\"\ \"/Users/antoniogrillo-balen/Library/Developer/Xcode/DerivedData/risebysolis-gzfsziqwziaggpcbgdowmssiasmi/Build/Products/Debug-iphonesimulator/React-nativeconfig\"\ \"/Users/antoniogrillo-balen/Library/Developer/Xcode/DerivedData/risebysolis-gzfsziqwziaggpcbgdowmssiasmi/Build/Products/Debug-iphonesimulator/React-perflogger\"\ \"/Users/antoniogrillo-balen/Library/Developer/Xcode/DerivedData/risebysolis-gzfsziqwziaggpcbgdowmssiasmi/Build/Products/Debug-iphonesimulator/React-performancetimeline\"\ \"/Users/antoniogrillo-balen/Library/Developer/Xcode/DerivedData/risebysolis-gzfsziqwziaggpcbgdowmssiasmi/Build/Products/Debug-iphonesimulator/React-rendererconsistency\"\ \"/Users/antoniogrillo-balen/Library/Developer/Xcode/DerivedData/risebysolis-gzfsziqwziaggpcbgdowmssiasmi/Build/Products/Debug-iphonesimulator/React-rendererdebug\"\ \"/Users/antoniogrillo-balen/Library/Developer/Xcode/DerivedData/risebysolis-gzfsziqwziaggpcbgdowmssiasmi/Build/Products/Debug-iphonesimulator/React-runtimescheduler\"\ \"/Users/antoniogrillo-balen/Library/Developer/Xcode/DerivedData/risebysolis-gzfsziqwziaggpcbgdowmssiasmi/Build/Products/Debug-iphonesimulator/React-utils\"\ \"/Users/antoniogrillo-balen/Library/Developer/Xcode/DerivedData/risebysolis-gzfsziqwziaggpcbgdowmssiasmi/Build/Products/Debug-iphonesimulator/ReactCodegen\"\ \"/Users/antoniogrillo-balen/Library/Developer/Xcode/DerivedData/risebysolis-gzfsziqwziaggpcbgdowmssiasmi/Build/Products/Debug-iphonesimulator/ReactCommon\"\ \"/Users/antoniogrillo-balen/Library/Developer/Xcode/DerivedData/risebysolis-gzfsziqwziaggpcbgdowmssiasmi/Build/Products/Debug-iphonesimulator/RecaptchaInterop\"\ \"/Users/antoniogrillo-balen/Library/Developer/Xcode/DerivedData/risebysolis-gzfsziqwziaggpcbgdowmssiasmi/Build/Products/Debug-iphonesimulator/RevenueCat\"\ \"/Users/antoniogrillo-balen/Library/Developer/Xcode/DerivedData/risebysolis-gzfsziqwziaggpcbgdowmssiasmi/Build/Products/Debug-iphonesimulator/SocketRocket\"\ \"/Users/antoniogrillo-balen/Library/Developer/Xcode/DerivedData/risebysolis-gzfsziqwziaggpcbgdowmssiasmi/Build/Products/Debug-iphonesimulator/Yoga\"\ \"/Users/antoniogrillo-balen/Library/Developer/Xcode/DerivedData/risebysolis-gzfsziqwziaggpcbgdowmssiasmi/Build/Products/Debug-iphonesimulator/fmt\"\ \"/Users/antoniogrillo-balen/Library/Developer/Xcode/DerivedData/risebysolis-gzfsziqwziaggpcbgdowmssiasmi/Build/Products/Debug-iphonesimulator/glog\"\ \"/Users/antoniogrillo-balen/Library/Developer/Xcode/DerivedData/risebysolis-gzfsziqwziaggpcbgdowmssiasmi/Build/Products/Debug-iphonesimulator/react-native-mmkv\"\ \"/Users/antoniogrillo-balen/Library/Developer/Xcode/DerivedData/risebysolis-gzfsziqwziaggpcbgdowmssiasmi/Build/Products/Debug-iphonesimulator/react-native-safe-area-context\"\ \"/Users/antoniogrillo-balen/Desktop/Projects/RiseBuild/ios/Pods/hermes-engine/destroot/Library/Frameworks/universal\"\ \"/Users/antoniogrillo-balen/Library/Developer/Xcode/DerivedData/risebysolis-gzfsziqwziaggpcbgdowmssiasmi/Build/Products/Debug-iphonesimulator/XCFrameworkIntermediates/hermes-engine/Pre-built\"
    export FRAMEWORK_VERSION\=A
    export FULL_PRODUCT_NAME\=risebysolis.app
    export FUSE_BUILD_PHASES\=YES
    export FUSE_BUILD_SCRIPT_PHASES\=NO
    export GCC3_VERSION\=3.3
    export GCC_C_LANGUAGE_STANDARD\=gnu99
    export GCC_DYNAMIC_NO_PIC\=NO
    export GCC_INLINES_ARE_PRIVATE_EXTERN\=YES
    export GCC_NO_COMMON_BLOCKS\=YES
    export GCC_OBJC_LEGACY_DISPATCH\=YES
    export GCC_OPTIMIZATION_LEVEL\=0
    export GCC_PFE_FILE_C_DIALECTS\=c\ objective-c\ c++\ objective-c++
    export GCC_PREPROCESSOR_DEFINITIONS\=DEBUG\=1\ \ COCOAPODS\=1\ FB_SONARKIT_ENABLED\=1
    export GCC_SYMBOLS_PRIVATE_EXTERN\=NO
    export GCC_TREAT_WARNINGS_AS_ERRORS\=NO
    export GCC_VERSION\=com.apple.compilers.llvm.clang.1_0
    export GCC_VERSION_IDENTIFIER\=com_apple_compilers_llvm_clang_1_0
    export GCC_WARN_64_TO_32_BIT_CONVERSION\=YES
    export GCC_WARN_ABOUT_RETURN_TYPE\=YES_ERROR
    export GCC_WARN_UNDECLARED_SELECTOR\=YES
    export GCC_WARN_UNINITIALIZED_AUTOS\=YES_AGGRESSIVE
    export GCC_WARN_UNUSED_FUNCTION\=YES
    export GCC_WARN_UNUSED_VARIABLE\=YES
    export GENERATED_MODULEMAP_DIR\=/Users/antoniogrillo-balen/Library/Developer/Xcode/DerivedData/risebysolis-gzfsziqwziaggpcbgdowmssiasmi/Build/Intermediates.noindex/GeneratedModuleMaps-iphonesimulator
    export GENERATE_INFOPLIST_FILE\=NO
    export GENERATE_INTERMEDIATE_TEXT_BASED_STUBS\=YES
    export GENERATE_PKGINFO_FILE\=YES
    export GENERATE_PRELINK_OBJECT_FILE\=NO
    export GENERATE_PROFILING_CODE\=NO
    export GENERATE_TEXT_BASED_STUBS\=NO
    export GID\=20
    export GROUP\=staff
    export HEADERMAP_INCLUDES_FLAT_ENTRIES_FOR_TARGET_BEING_BUILT\=YES
    export HEADERMAP_INCLUDES_FRAMEWORK_ENTRIES_FOR_ALL_PRODUCT_TYPES\=YES
    export HEADERMAP_INCLUDES_FRAMEWORK_ENTRIES_FOR_TARGETS_NOT_BEING_BUILT\=YES
    export HEADERMAP_INCLUDES_NONPUBLIC_NONPRIVATE_HEADERS\=YES
    export HEADERMAP_INCLUDES_PROJECT_HEADERS\=YES
    export HEADERMAP_USES_FRAMEWORK_PREFIX_ENTRIES\=YES
    export HEADERMAP_USES_VFS\=NO
    export HEADER_SEARCH_PATHS\=/Users/antoniogrillo-balen/Library/Developer/Xcode/DerivedData/risebysolis-gzfsziqwziaggpcbgdowmssiasmi/Build/Products/Debug-iphonesimulator/include\ \ /Users/antoniogrillo-balen/Library/Developer/Xcode/DerivedData/risebysolis-gzfsziqwziaggpcbgdowmssiasmi/Build/Products/Debug-iphonesimulator/ReactCommon/ReactCommon.framework/Headers\ /Users/antoniogrillo-balen/Library/Developer/Xcode/DerivedData/risebysolis-gzfsziqwziaggpcbgdowmssiasmi/Build/Products/Debug-iphonesimulator/ReactCommon/ReactCommon.framework/Headers/react/nativemodule/core\ /Users/antoniogrillo-balen/Library/Developer/Xcode/DerivedData/risebysolis-gzfsziqwziaggpcbgdowmssiasmi/Build/Products/Debug-iphonesimulator/ReactCommon-Samples/ReactCommon_Samples.framework/Headers\ /Users/antoniogrillo-balen/Library/Developer/Xcode/DerivedData/risebysolis-gzfsziqwziaggpcbgdowmssiasmi/Build/Products/Debug-iphonesimulator/ReactCommon-Samples/ReactCommon_Samples.framework/Headers/platform/ios\ /Users/antoniogrillo-balen/Library/Developer/Xcode/DerivedData/risebysolis-gzfsziqwziaggpcbgdowmssiasmi/Build/Products/Debug-iphonesimulator/React-Fabric/React_Fabric.framework/Headers/react/renderer/components/view/platform/cxx\ /Users/antoniogrillo-balen/Library/Developer/Xcode/DerivedData/risebysolis-gzfsziqwziaggpcbgdowmssiasmi/Build/Products/Debug-iphonesimulator/React-NativeModulesApple/React_NativeModulesApple.framework/Headers\ /Users/antoniogrillo-balen/Library/Developer/Xcode/DerivedData/risebysolis-gzfsziqwziaggpcbgdowmssiasmi/Build/Products/Debug-iphonesimulator/React-graphics/React_graphics.framework/Headers\ /Users/antoniogrillo-balen/Library/Developer/Xcode/DerivedData/risebysolis-gzfsziqwziaggpcbgdowmssiasmi/Build/Products/Debug-iphonesimulator/React-graphics/React_graphics.framework/Headers/react/renderer/graphics/platform/ios\ \"/Users/antoniogrillo-balen/Library/Developer/Xcode/DerivedData/risebysolis-gzfsziqwziaggpcbgdowmssiasmi/Build/Products/Debug-iphonesimulator/AppAuth/AppAuth.framework/Headers\"\ \"/Users/antoniogrillo-balen/Library/Developer/Xcode/DerivedData/risebysolis-gzfsziqwziaggpcbgdowmssiasmi/Build/Products/Debug-iphonesimulator/AppCheckCore/AppCheckCore.framework/Headers\"\ \"/Users/antoniogrillo-balen/Library/Developer/Xcode/DerivedData/risebysolis-gzfsziqwziaggpcbgdowmssiasmi/Build/Products/Debug-iphonesimulator/DoubleConversion/DoubleConversion.framework/Headers\"\ \"/Users/antoniogrillo-balen/Library/Developer/Xcode/DerivedData/risebysolis-gzfsziqwziaggpcbgdowmssiasmi/Build/Products/Debug-iphonesimulator/EXApplication/EXApplication.framework/Headers\"\ \"/Users/antoniogrillo-balen/Library/Developer/Xcode/DerivedData/risebysolis-gzfsziqwziaggpcbgdowmssiasmi/Build/Products/Debug-iphonesimulator/EXConstants/EXConstants.framework/Headers\"\ \"/Users/antoniogrillo-balen/Library/Developer/Xcode/DerivedData/risebysolis-gzfsziqwziaggpcbgdowmssiasmi/Build/Products/Debug-iphonesimulator/EXNotifications/EXNotifications.framework/Headers\"\ \"/Users/antoniogrillo-balen/Library/Developer/Xcode/DerivedData/risebysolis-gzfsziqwziaggpcbgdowmssiasmi/Build/Products/Debug-iphonesimulator/Expo/Expo.framework/Headers\"\ \"/Users/antoniogrillo-balen/Library/Developer/Xcode/DerivedData/risebysolis-gzfsziqwziaggpcbgdowmssiasmi/Build/Products/Debug-iphonesimulator/ExpoAdapterGoogleSignIn/ExpoAdapterGoogleSignIn.framework/Headers\"\ \"/Users/antoniogrillo-balen/Library/Developer/Xcode/DerivedData/risebysolis-gzfsziqwziaggpcbgdowmssiasmi/Build/Products/Debug-iphonesimulator/ExpoAppleAuthentication/ExpoAppleAuthentication.framework/Headers\"\ \"/Users/antoniogrillo-balen/Library/Developer/Xcode/DerivedData/risebysolis-gzfsziqwziaggpcbgdowmssiasmi/Build/Products/Debug-iphonesimulator/ExpoAsset/ExpoAsset.framework/Headers\"\ \"/Users/antoniogrillo-balen/Library/Developer/Xcode/DerivedData/risebysolis-gzfsziqwziaggpcbgdowmssiasmi/Build/Products/Debug-iphonesimulator/ExpoCrypto/ExpoCrypto.framework/Headers\"\ \"/Users/antoniogrillo-balen/Library/Developer/Xcode/DerivedData/risebysolis-gzfsziqwziaggpcbgdowmssiasmi/Build/Products/Debug-iphonesimulator/ExpoFileSystem/ExpoFileSystem.framework/Headers\"\ \"/Users/antoniogrillo-balen/Library/Developer/Xcode/DerivedData/risebysolis-gzfsziqwziaggpcbgdowmssiasmi/Build/Products/Debug-iphonesimulator/ExpoFont/ExpoFont.framework/Headers\"\ \"/Users/antoniogrillo-balen/Library/Developer/Xcode/DerivedData/risebysolis-gzfsziqwziaggpcbgdowmssiasmi/Build/Products/Debug-iphonesimulator/ExpoHaptics/ExpoHaptics.framework/Headers\"\ \"/Users/antoniogrillo-balen/Library/Developer/Xcode/DerivedData/risebysolis-gzfsziqwziaggpcbgdowmssiasmi/Build/Products/Debug-iphonesimulator/ExpoHead/ExpoHead.framework/Headers\"\ \"/Users/antoniogrillo-balen/Library/Developer/Xcode/DerivedData/risebysolis-gzfsziqwziaggpcbgdowmssiasmi/Build/Products/Debug-iphonesimulator/ExpoKeepAwake/ExpoKeepAwake.framework/Headers\"\ \"/Users/antoniogrillo-balen/Library/Developer/Xcode/DerivedData/risebysolis-gzfsziqwziaggpcbgdowmssiasmi/Build/Products/Debug-iphonesimulator/ExpoLinking/ExpoLinking.framework/Headers\"\ \"/Users/antoniogrillo-balen/Library/Developer/Xcode/DerivedData/risebysolis-gzfsziqwziaggpcbgdowmssiasmi/Build/Products/Debug-iphonesimulator/ExpoModulesCore/ExpoModulesCore.framework/Headers\"\ \"/Users/antoniogrillo-balen/Library/Developer/Xcode/DerivedData/risebysolis-gzfsziqwziaggpcbgdowmssiasmi/Build/Products/Debug-iphonesimulator/ExpoSecureStore/ExpoSecureStore.framework/Headers\"\ \"/Users/antoniogrillo-balen/Library/Developer/Xcode/DerivedData/risebysolis-gzfsziqwziaggpcbgdowmssiasmi/Build/Products/Debug-iphonesimulator/ExpoSplashScreen/ExpoSplashScreen.framework/Headers\"\ \"/Users/antoniogrillo-balen/Library/Developer/Xcode/DerivedData/risebysolis-gzfsziqwziaggpcbgdowmssiasmi/Build/Products/Debug-iphonesimulator/FirebaseAppCheckInterop/FirebaseAppCheckInterop.framework/Headers\"\ \"/Users/antoniogrillo-balen/Library/Developer/Xcode/DerivedData/risebysolis-gzfsziqwziaggpcbgdowmssiasmi/Build/Products/Debug-iphonesimulator/FirebaseAuth/FirebaseAuth.framework/Headers\"\ \"/Users/antoniogrillo-balen/Library/Developer/Xcode/DerivedData/risebysolis-gzfsziqwziaggpcbgdowmssiasmi/Build/Products/Debug-iphonesimulator/FirebaseAuthInterop/FirebaseAuthInterop.framework/Headers\"\ \"/Users/antoniogrillo-balen/Library/Developer/Xcode/DerivedData/risebysolis-gzfsziqwziaggpcbgdowmssiasmi/Build/Products/Debug-iphonesimulator/FirebaseCore/FirebaseCore.framework/Headers\"\ \"/Users/antoniogrillo-balen/Library/Developer/Xcode/DerivedData/risebysolis-gzfsziqwziaggpcbgdowmssiasmi/Build/Products/Debug-iphonesimulator/FirebaseCoreExtension/FirebaseCoreExtension.framework/Headers\"\ \"/Users/antoniogrillo-balen/Library/Developer/Xcode/DerivedData/risebysolis-gzfsziqwziaggpcbgdowmssiasmi/Build/Products/Debug-iphonesimulator/FirebaseCoreInternal/FirebaseCoreInternal.framework/Headers\"\ \"/Users/antoniogrillo-balen/Library/Developer/Xcode/DerivedData/risebysolis-gzfsziqwziaggpcbgdowmssiasmi/Build/Products/Debug-iphonesimulator/GTMAppAuth/GTMAppAuth.framework/Headers\"\ \"/Users/antoniogrillo-balen/Library/Developer/Xcode/DerivedData/risebysolis-gzfsziqwziaggpcbgdowmssiasmi/Build/Products/Debug-iphonesimulator/GTMSessionFetcher/GTMSessionFetcher.framework/Headers\"\ \"/Users/antoniogrillo-balen/Library/Developer/Xcode/DerivedData/risebysolis-gzfsziqwziaggpcbgdowmssiasmi/Build/Products/Debug-iphonesimulator/GoogleSignIn/GoogleSignIn.framework/Headers\"\ \"/Users/antoniogrillo-balen/Library/Developer/Xcode/DerivedData/risebysolis-gzfsziqwziaggpcbgdowmssiasmi/Build/Products/Debug-iphonesimulator/GoogleUtilities/GoogleUtilities.framework/Headers\"\ \"/Users/antoniogrillo-balen/Library/Developer/Xcode/DerivedData/risebysolis-gzfsziqwziaggpcbgdowmssiasmi/Build/Products/Debug-iphonesimulator/PromisesObjC/FBLPromises.framework/Headers\"\ \"/Users/antoniogrillo-balen/Library/Developer/Xcode/DerivedData/risebysolis-gzfsziqwziaggpcbgdowmssiasmi/Build/Products/Debug-iphonesimulator/PurchasesHybridCommon/PurchasesHybridCommon.framework/Headers\"\ \"/Users/antoniogrillo-balen/Library/Developer/Xcode/DerivedData/risebysolis-gzfsziqwziaggpcbgdowmssiasmi/Build/Products/Debug-iphonesimulator/RCT-Folly/folly.framework/Headers\"\ \"/Users/antoniogrillo-balen/Library/Developer/Xcode/DerivedData/risebysolis-gzfsziqwziaggpcbgdowmssiasmi/Build/Products/Debug-iphonesimulator/RCTDeprecation/RCTDeprecation.framework/Headers\"\ \"/Users/antoniogrillo-balen/Library/Developer/Xcode/DerivedData/risebysolis-gzfsziqwziaggpcbgdowmssiasmi/Build/Products/Debug-iphonesimulator/RCTTypeSafety/RCTTypeSafety.framework/Headers\"\ \"/Users/antoniogrillo-balen/Library/Developer/Xcode/DerivedData/risebysolis-gzfsziqwziaggpcbgdowmssiasmi/Build/Products/Debug-iphonesimulator/RNFBApp/RNFBApp.framework/Headers\"\ \"/Users/antoniogrillo-balen/Library/Developer/Xcode/DerivedData/risebysolis-gzfsziqwziaggpcbgdowmssiasmi/Build/Products/Debug-iphonesimulator/RNFBAuth/RNFBAuth.framework/Headers\"\ \"/Users/antoniogrillo-balen/Library/Developer/Xcode/DerivedData/risebysolis-gzfsziqwziaggpcbgdowmssiasmi/Build/Products/Debug-iphonesimulator/RNGestureHandler/RNGestureHandler.framework/Headers\"\ \"/Users/antoniogrillo-balen/Library/Developer/Xcode/DerivedData/risebysolis-gzfsziqwziaggpcbgdowmssiasmi/Build/Products/Debug-iphonesimulator/RNGoogleSignin/RNGoogleSignin.framework/Headers\"\ \"/Users/antoniogrillo-balen/Library/Developer/Xcode/DerivedData/risebysolis-gzfsziqwziaggpcbgdowmssiasmi/Build/Products/Debug-iphonesimulator/RNPurchases/RNPurchases.framework/Headers\"\ \"/Users/antoniogrillo-balen/Library/Developer/Xcode/DerivedData/risebysolis-gzfsziqwziaggpcbgdowmssiasmi/Build/Products/Debug-iphonesimulator/RNReanimated/RNReanimated.framework/Headers\"\ \"/Users/antoniogrillo-balen/Library/Developer/Xcode/DerivedData/risebysolis-gzfsziqwziaggpcbgdowmssiasmi/Build/Products/Debug-iphonesimulator/RNScreens/RNScreens.framework/Headers\"\ \"/Users/antoniogrillo-balen/Library/Developer/Xcode/DerivedData/risebysolis-gzfsziqwziaggpcbgdowmssiasmi/Build/Products/Debug-iphonesimulator/React-Core/React.framework/Headers\"\ \"/Users/antoniogrillo-balen/Library/Developer/Xcode/DerivedData/risebysolis-gzfsziqwziaggpcbgdowmssiasmi/Build/Products/Debug-iphonesimulator/React-CoreModules/CoreModules.framework/Headers\"\ \"/Users/antoniogrillo-balen/Library/Developer/Xcode/DerivedData/risebysolis-gzfsziqwziaggpcbgdowmssiasmi/Build/Products/Debug-iphonesimulator/React-Fabric/React_Fabric.framework/Headers\"\ \"/Users/antoniogrillo-balen/Library/Developer/Xcode/DerivedData/risebysolis-gzfsziqwziaggpcbgdowmssiasmi/Build/Products/Debug-iphonesimulator/React-FabricComponents/React_FabricComponents.framework/Headers\"\ \"/Users/antoniogrillo-balen/Library/Developer/Xcode/DerivedData/risebysolis-gzfsziqwziaggpcbgdowmssiasmi/Build/Products/Debug-iphonesimulator/React-FabricImage/React_FabricImage.framework/Headers\"\ \"/Users/antoniogrillo-balen/Library/Developer/Xcode/DerivedData/risebysolis-gzfsziqwziaggpcbgdowmssiasmi/Build/Products/Debug-iphonesimulator/React-ImageManager/React_ImageManager.framework/Headers\"\ \"/Users/antoniogrillo-balen/Library/Developer/Xcode/DerivedData/risebysolis-gzfsziqwziaggpcbgdowmssiasmi/Build/Products/Debug-iphonesimulator/React-Mapbuffer/React_Mapbuffer.framework/Headers\"\ \"/Users/antoniogrillo-balen/Library/Developer/Xcode/DerivedData/risebysolis-gzfsziqwziaggpcbgdowmssiasmi/Build/Products/Debug-iphonesimulator/React-NativeModulesApple/React_NativeModulesApple.framework/Headers\"\ \"/Users/antoniogrillo-balen/Library/Developer/Xcode/DerivedData/risebysolis-gzfsziqwziaggpcbgdowmssiasmi/Build/Products/Debug-iphonesimulator/React-RCTAnimation/RCTAnimation.framework/Headers\"\ \"/Users/antoniogrillo-balen/Library/Developer/Xcode/DerivedData/risebysolis-gzfsziqwziaggpcbgdowmssiasmi/Build/Products/Debug-iphonesimulator/React-RCTAppDelegate/React_RCTAppDelegate.framework/Headers\"\ \"/Users/antoniogrillo-balen/Library/Developer/Xcode/DerivedData/risebysolis-gzfsziqwziaggpcbgdowmssiasmi/Build/Products/Debug-iphonesimulator/React-RCTBlob/RCTBlob.framework/Headers\"\ \"/Users/antoniogrillo-balen/Library/Developer/Xcode/DerivedData/risebysolis-gzfsziqwziaggpcbgdowmssiasmi/Build/Products/Debug-iphonesimulator/React-RCTFabric/RCTFabric.framework/Headers\"\ \"/Users/antoniogrillo-balen/Library/Developer/Xcode/DerivedData/risebysolis-gzfsziqwziaggpcbgdowmssiasmi/Build/Products/Debug-iphonesimulator/React-RCTImage/RCTImage.framework/Headers\"\ \"/Users/antoniogrillo-balen/Library/Developer/Xcode/DerivedData/risebysolis-gzfsziqwziaggpcbgdowmssiasmi/Build/Products/Debug-iphonesimulator/React-RCTLinking/RCTLinking.framework/Headers\"\ \"/Users/antoniogrillo-balen/Library/Developer/Xcode/DerivedData/risebysolis-gzfsziqwziaggpcbgdowmssiasmi/Build/Products/Debug-iphonesimulator/React-RCTNetwork/RCTNetwork.framework/Headers\"\ \"/Users/antoniogrillo-balen/Library/Developer/Xcode/DerivedData/risebysolis-gzfsziqwziaggpcbgdowmssiasmi/Build/Products/Debug-iphonesimulator/React-RCTSettings/RCTSettings.framework/Headers\"\ \"/Users/antoniogrillo-balen/Library/Developer/Xcode/DerivedData/risebysolis-gzfsziqwziaggpcbgdowmssiasmi/Build/Products/Debug-iphonesimulator/React-RCTText/RCTText.framework/Headers\"\ \"/Users/antoniogrillo-balen/Library/Developer/Xcode/DerivedData/risebysolis-gzfsziqwziaggpcbgdowmssiasmi/Build/Products/Debug-iphonesimulator/React-RCTVibration/RCTVibration.framework/Headers\"\ \"/Users/antoniogrillo-balen/Library/Developer/Xcode/DerivedData/risebysolis-gzfsziqwziaggpcbgdowmssiasmi/Build/Products/Debug-iphonesimulator/React-RuntimeApple/React_RuntimeApple.framework/Headers\"\ \"/Users/antoniogrillo-balen/Library/Developer/Xcode/DerivedData/risebysolis-gzfsziqwziaggpcbgdowmssiasmi/Build/Products/Debug-iphonesimulator/React-RuntimeCore/React_RuntimeCore.framework/Headers\"\ \"/Users/antoniogrillo-balen/Library/Developer/Xcode/DerivedData/risebysolis-gzfsziqwziaggpcbgdowmssiasmi/Build/Products/Debug-iphonesimulator/React-RuntimeHermes/React_RuntimeHermes.framework/Headers\"\ \"/Users/antoniogrillo-balen/Library/Developer/Xcode/DerivedData/risebysolis-gzfsziqwziaggpcbgdowmssiasmi/Build/Products/Debug-iphonesimulator/React-cxxreact/cxxreact.framework/Headers\"\ \"/Users/antoniogrillo-balen/Library/Developer/Xcode/DerivedData/risebysolis-gzfsziqwziaggpcbgdowmssiasmi/Build/Products/Debug-iphonesimulator/React-debug/React_debug.framework/Headers\"\ \"/Users/antoniogrillo-balen/Library/Developer/Xcode/DerivedData/risebysolis-gzfsziqwziaggpcbgdowmssiasmi/Build/Products/Debug-iphonesimulator/React-defaultsnativemodule/React_defaultsnativemodule.framework/Headers\"\ \"/Users/antoniogrillo-balen/Library/Developer/Xcode/DerivedData/risebysolis-gzfsziqwziaggpcbgdowmssiasmi/Build/Products/Debug-iphonesimulator/React-domnativemodule/React_domnativemodule.framework/Headers\"\ \"/Users/antoniogrillo-balen/Library/Developer/Xcode/DerivedData/risebysolis-gzfsziqwziaggpcbgdowmssiasmi/Build/Products/Debug-iphonesimulator/React-featureflags/React_featureflags.framework/Headers\"\ \"/Users/antoniogrillo-balen/Library/Developer/Xcode/DerivedData/risebysolis-gzfsziqwziaggpcbgdowmssiasmi/Build/Products/Debug-iphonesimulator/React-featureflagsnativemodule/React_featureflagsnativemodule.framework/Headers\"\ \"/Users/antoniogrillo-balen/Library/Developer/Xcode/DerivedData/risebysolis-gzfsziqwziaggpcbgdowmssiasmi/Build/Products/Debug-iphonesimulator/React-graphics/React_graphics.framework/Headers\"\ \"/Users/antoniogrillo-balen/Library/Developer/Xcode/DerivedData/risebysolis-gzfsziqwziaggpcbgdowmssiasmi/Build/Products/Debug-iphonesimulator/React-hermes/reacthermes.framework/Headers\"\ \"/Users/antoniogrillo-balen/Library/Developer/Xcode/DerivedData/risebysolis-gzfsziqwziaggpcbgdowmssiasmi/Build/Products/Debug-iphonesimulator/React-idlecallbacksnativemodule/idlecallbacksnativemodule.framework/Headers\"\ \"/Users/antoniogrillo-balen/Library/Developer/Xcode/DerivedData/risebysolis-gzfsziqwziaggpcbgdowmssiasmi/Build/Products/Debug-iphonesimulator/React-jserrorhandler/React_jserrorhandler.framework/Headers\"\ \"/Users/antoniogrillo-balen/Library/Developer/Xcode/DerivedData/risebysolis-gzfsziqwziaggpcbgdowmssiasmi/Build/Products/Debug-iphonesimulator/React-jsi/jsi.framework/Headers\"\ \"/Users/antoniogrillo-balen/Library/Developer/Xcode/DerivedData/risebysolis-gzfsziqwziaggpcbgdowmssiasmi/Build/Products/Debug-iphonesimulator/React-jsiexecutor/jsireact.framework/Headers\"\ \"/Users/antoniogrillo-balen/Library/Developer/Xcode/DerivedData/risebysolis-gzfsziqwziaggpcbgdowmssiasmi/Build/Products/Debug-iphonesimulator/React-jsinspector/jsinspector_modern.framework/Headers\"\ \"/Users/antoniogrillo-balen/Library/Developer/Xcode/DerivedData/risebysolis-gzfsziqwziaggpcbgdowmssiasmi/Build/Products/Debug-iphonesimulator/React-logger/logger.framework/Headers\"\ \"/Users/antoniogrillo-balen/Library/Developer/Xcode/DerivedData/risebysolis-gzfsziqwziaggpcbgdowmssiasmi/Build/Products/Debug-iphonesimulator/React-microtasksnativemodule/React_microtasksnativemodule.framework/Headers\"\ \"/Users/antoniogrillo-balen/Library/Developer/Xcode/DerivedData/risebysolis-gzfsziqwziaggpcbgdowmssiasmi/Build/Products/Debug-iphonesimulator/React-nativeconfig/React_nativeconfig.framework/Headers\"\ \"/Users/antoniogrillo-balen/Library/Developer/Xcode/DerivedData/risebysolis-gzfsziqwziaggpcbgdowmssiasmi/Build/Products/Debug-iphonesimulator/React-perflogger/reactperflogger.framework/Headers\"\ \"/Users/antoniogrillo-balen/Library/Developer/Xcode/DerivedData/risebysolis-gzfsziqwziaggpcbgdowmssiasmi/Build/Products/Debug-iphonesimulator/React-performancetimeline/React_performancetimeline.framework/Headers\"\ \"/Users/antoniogrillo-balen/Library/Developer/Xcode/DerivedData/risebysolis-gzfsziqwziaggpcbgdowmssiasmi/Build/Products/Debug-iphonesimulator/React-rendererconsistency/React_rendererconsistency.framework/Headers\"\ \"/Users/antoniogrillo-balen/Library/Developer/Xcode/DerivedData/risebysolis-gzfsziqwziaggpcbgdowmssiasmi/Build/Products/Debug-iphonesimulator/React-rendererdebug/React_rendererdebug.framework/Headers\"\ \"/Users/antoniogrillo-balen/Library/Developer/Xcode/DerivedData/risebysolis-gzfsziqwziaggpcbgdowmssiasmi/Build/Products/Debug-iphonesimulator/React-runtimescheduler/React_runtimescheduler.framework/Headers\"\ \"/Users/antoniogrillo-balen/Library/Developer/Xcode/DerivedData/risebysolis-gzfsziqwziaggpcbgdowmssiasmi/Build/Products/Debug-iphonesimulator/React-utils/React_utils.framework/Headers\"\ \"/Users/antoniogrillo-balen/Library/Developer/Xcode/DerivedData/risebysolis-gzfsziqwziaggpcbgdowmssiasmi/Build/Products/Debug-iphonesimulator/ReactCodegen/ReactCodegen.framework/Headers\"\ \"/Users/antoniogrillo-balen/Library/Developer/Xcode/DerivedData/risebysolis-gzfsziqwziaggpcbgdowmssiasmi/Build/Products/Debug-iphonesimulator/ReactCommon/ReactCommon.framework/Headers\"\ \"/Users/antoniogrillo-balen/Library/Developer/Xcode/DerivedData/risebysolis-gzfsziqwziaggpcbgdowmssiasmi/Build/Products/Debug-iphonesimulator/RecaptchaInterop/RecaptchaInterop.framework/Headers\"\ \"/Users/antoniogrillo-balen/Library/Developer/Xcode/DerivedData/risebysolis-gzfsziqwziaggpcbgdowmssiasmi/Build/Products/Debug-iphonesimulator/RevenueCat/RevenueCat.framework/Headers\"\ \"/Users/antoniogrillo-balen/Library/Developer/Xcode/DerivedData/risebysolis-gzfsziqwziaggpcbgdowmssiasmi/Build/Products/Debug-iphonesimulator/SocketRocket/SocketRocket.framework/Headers\"\ \"/Users/antoniogrillo-balen/Library/Developer/Xcode/DerivedData/risebysolis-gzfsziqwziaggpcbgdowmssiasmi/Build/Products/Debug-iphonesimulator/Yoga/yoga.framework/Headers\"\ \"/Users/antoniogrillo-balen/Library/Developer/Xcode/DerivedData/risebysolis-gzfsziqwziaggpcbgdowmssiasmi/Build/Products/Debug-iphonesimulator/fmt/fmt.framework/Headers\"\ \"/Users/antoniogrillo-balen/Library/Developer/Xcode/DerivedData/risebysolis-gzfsziqwziaggpcbgdowmssiasmi/Build/Products/Debug-iphonesimulator/glog/glog.framework/Headers\"\ \"/Users/antoniogrillo-balen/Library/Developer/Xcode/DerivedData/risebysolis-gzfsziqwziaggpcbgdowmssiasmi/Build/Products/Debug-iphonesimulator/react-native-mmkv/react_native_mmkv.framework/Headers\"\ \"/Users/antoniogrillo-balen/Library/Developer/Xcode/DerivedData/risebysolis-gzfsziqwziaggpcbgdowmssiasmi/Build/Products/Debug-iphonesimulator/react-native-safe-area-context/react_native_safe_area_context.framework/Headers\"\ \"/Users/antoniogrillo-balen/Desktop/Projects/RiseBuild/ios/Pods/Headers/Public\"\ \"/Users/antoniogrillo-balen/Desktop/Projects/RiseBuild/ios/Pods/Headers/Public/FBLazyVector\"\ \"/Users/antoniogrillo-balen/Desktop/Projects/RiseBuild/ios/Pods/Headers/Public/Firebase\"\ \"/Users/antoniogrillo-balen/Desktop/Projects/RiseBuild/ios/Pods/Headers/Public/RCTRequired\"\ \"/Users/antoniogrillo-balen/Desktop/Projects/RiseBuild/ios/Pods/Headers/Public/React-callinvoker\"\ \"/Users/antoniogrillo-balen/Desktop/Projects/RiseBuild/ios/Pods/Headers/Public/React-runtimeexecutor\"\ \"/Users/antoniogrillo-balen/Desktop/Projects/RiseBuild/ios/Pods/Headers/Public/React-timing\"\ \"/Users/antoniogrillo-balen/Desktop/Projects/RiseBuild/ios/Pods/Headers/Public/boost\"\ \"/Users/antoniogrillo-balen/Desktop/Projects/RiseBuild/ios/Pods/Headers/Public/fast_float\"\ \"/Users/antoniogrillo-balen/Desktop/Projects/RiseBuild/ios/Pods/Headers/Public/hermes-engine\"\ \"/Users/antoniogrillo-balen/Desktop/Projects/RiseBuild/ios/Pods/DoubleConversion\"\ \"/Users/antoniogrillo-balen/Library/Developer/Xcode/DerivedData/risebysolis-gzfsziqwziaggpcbgdowmssiasmi/Build/Products/Debug-iphonesimulator/Expo/Swift\ Compatibility\ Header\"\ \"/Users/antoniogrillo-balen/Library/Developer/Xcode/DerivedData/risebysolis-gzfsziqwziaggpcbgdowmssiasmi/Build/Products/Debug-iphonesimulator/ExpoModulesCore/Swift\ Compatibility\ Header\"\ \"/Users/antoniogrillo-balen/Desktop/Projects/RiseBuild/ios/Pods/Headers/Private/Yoga\"\ \ /Users/antoniogrillo-balen/Library/Developer/Xcode/DerivedData/risebysolis-gzfsziqwziaggpcbgdowmssiasmi/Build/Products/Debug-iphonesimulator/ReactCommon/ReactCommon.framework/Headers\ /Users/antoniogrillo-balen/Library/Developer/Xcode/DerivedData/risebysolis-gzfsziqwziaggpcbgdowmssiasmi/Build/Products/Debug-iphonesimulator/ReactCommon/ReactCommon.framework/Headers/react/nativemodule/core\ /Users/antoniogrillo-balen/Library/Developer/Xcode/DerivedData/risebysolis-gzfsziqwziaggpcbgdowmssiasmi/Build/Products/Debug-iphonesimulator/ReactCommon-Samples/ReactCommon_Samples.framework/Headers\ /Users/antoniogrillo-balen/Library/Developer/Xcode/DerivedData/risebysolis-gzfsziqwziaggpcbgdowmssiasmi/Build/Products/Debug-iphonesimulator/ReactCommon-Samples/ReactCommon_Samples.framework/Headers/platform/ios\ /Users/antoniogrillo-balen/Library/Developer/Xcode/DerivedData/risebysolis-gzfsziqwziaggpcbgdowmssiasmi/Build/Products/Debug-iphonesimulator/React-Fabric/React_Fabric.framework/Headers/react/renderer/components/view/platform/cxx\ /Users/antoniogrillo-balen/Library/Developer/Xcode/DerivedData/risebysolis-gzfsziqwziaggpcbgdowmssiasmi/Build/Products/Debug-iphonesimulator/React-NativeModulesApple/React_NativeModulesApple.framework/Headers\ /Users/antoniogrillo-balen/Library/Developer/Xcode/DerivedData/risebysolis-gzfsziqwziaggpcbgdowmssiasmi/Build/Products/Debug-iphonesimulator/React-graphics/React_graphics.framework/Headers\ /Users/antoniogrillo-balen/Library/Developer/Xcode/DerivedData/risebysolis-gzfsziqwziaggpcbgdowmssiasmi/Build/Products/Debug-iphonesimulator/React-graphics/React_graphics.framework/Headers/react/renderer/graphics/platform/ios\ /Users/antoniogrillo-balen/Desktop/Projects/RiseBuild/ios/Pods/Firebase/CoreOnly/Sources\ \"/Users/antoniogrillo-balen/Desktop/Projects/RiseBuild/ios/Pods/boost\"\ \"/Users/antoniogrillo-balen/Desktop/Projects/RiseBuild/ios/Pods/boost\"\ \"/Users/antoniogrillo-balen/Desktop/Projects/RiseBuild/ios/Pods/boost-for-react-native\"\ \"/Users/antoniogrillo-balen/Desktop/Projects/RiseBuild/ios/Pods/glog\"\ \"/Users/antoniogrillo-balen/Desktop/Projects/RiseBuild/ios/Pods/RCT-Folly\"\ \"/Users/antoniogrillo-balen/Desktop/Projects/RiseBuild/ios/Pods/Headers/Public/React-hermes\"\ \"/Users/antoniogrillo-balen/Desktop/Projects/RiseBuild/ios/Pods/Headers/Public/hermes-engine\"\ \"/Users/antoniogrillo-balen/Desktop/Projects/RiseBuild/ios/Pods/../../node_modules/react-native/ReactCommon\"\ \"/Users/antoniogrillo-balen/Desktop/Projects/RiseBuild/ios/Pods/../../node_modules/react-native-reanimated/apple\"\ \"/Users/antoniogrillo-balen/Desktop/Projects/RiseBuild/ios/Pods/../../node_modules/react-native-reanimated/Common/cpp\"\ \"/Users/antoniogrillo-balen/Desktop/Projects/RiseBuild/ios/Pods/Headers/Private/React-Core\"\ \"/Users/antoniogrillo-balen/Desktop/Projects/RiseBuild/ios/Pods/Headers/Private/React-Core\"\ \"/Users/antoniogrillo-balen/Desktop/Projects/RiseBuild/ios/Pods/Headers/Private/Yoga\"
    export HOME\=/Users/antoniogrillo-balen
    export HOST_ARCH\=arm64
    export HOST_PLATFORM\=macosx
    export ICONV\=/usr/bin/iconv
    export IMPLICIT_DEPENDENCY_DOMAIN\=default
    export INDEX_STORE_COMPRESS\=NO
    export INDEX_STORE_ONLY_PROJECT_FILES\=NO
    export INFOPLIST_ENABLE_CFBUNDLEICONS_MERGE\=YES
    export INFOPLIST_EXPAND_BUILD_SETTINGS\=YES
    export INFOPLIST_FILE\=risebysolis/Info.plist
    export INFOPLIST_OUTPUT_FORMAT\=binary
    export INFOPLIST_PATH\=risebysolis.app/Info.plist
    export INFOPLIST_PREPROCESS\=NO
    export INFOSTRINGS_PATH\=risebysolis.app/en.lproj/InfoPlist.strings
    export INLINE_PRIVATE_FRAMEWORKS\=NO
    export INSTALLAPI_IGNORE_SKIP_INSTALL\=YES
    export INSTALLHDRS_COPY_PHASE\=NO
    export INSTALLHDRS_SCRIPT_PHASE\=NO
    export INSTALL_DIR\=/tmp/risebysolis.dst/Applications
    export INSTALL_GROUP\=staff
    export INSTALL_MODE_FLAG\=u+w,go-w,a+rX
    export INSTALL_OWNER\=antoniogrillo-balen
    export INSTALL_PATH\=/Applications
    export INSTALL_ROOT\=/tmp/risebysolis.dst
    export IPHONEOS_DEPLOYMENT_TARGET\=15.1
    export IS_UNOPTIMIZED_BUILD\=YES
    export JAVAC_DEFAULT_FLAGS\=-J-Xms64m\ -J-XX:NewSize\=4M\ -J-Dfile.encoding\=UTF8
    export JAVA_APP_STUB\=/System/Library/Frameworks/JavaVM.framework/Resources/MacOS/JavaApplicationStub
    export JAVA_ARCHIVE_CLASSES\=YES
    export JAVA_ARCHIVE_TYPE\=JAR
    export JAVA_COMPILER\=/usr/bin/javac
    export JAVA_FOLDER_PATH\=risebysolis.app/Java
    export JAVA_FRAMEWORK_RESOURCES_DIRS\=Resources
    export JAVA_JAR_FLAGS\=cv
    export JAVA_SOURCE_SUBDIR\=.
    export JAVA_USE_DEPENDENCIES\=YES
    export JAVA_ZIP_FLAGS\=-urg
    export JIKES_DEFAULT_FLAGS\=+E\ +OLDCSO
    export KEEP_PRIVATE_EXTERNS\=NO
    export LD_DEPENDENCY_INFO_FILE\=/Users/antoniogrillo-balen/Library/Developer/Xcode/DerivedData/risebysolis-gzfsziqwziaggpcbgdowmssiasmi/Build/Intermediates.noindex/risebysolis.build/Debug-iphonesimulator/risebysolis.build/Objects-normal/undefined_arch/risebysolis_dependency_info.dat
    export LD_ENTITLEMENTS_SECTION\=/Users/antoniogrillo-balen/Library/Developer/Xcode/DerivedData/risebysolis-gzfsziqwziaggpcbgdowmssiasmi/Build/Intermediates.noindex/risebysolis.build/Debug-iphonesimulator/risebysolis.build/risebysolis.app-Simulated.xcent
    export LD_ENTITLEMENTS_SECTION_DER\=/Users/antoniogrillo-balen/Library/Developer/Xcode/DerivedData/risebysolis-gzfsziqwziaggpcbgdowmssiasmi/Build/Intermediates.noindex/risebysolis.build/Debug-iphonesimulator/risebysolis.build/risebysolis.app-Simulated.xcent.der
    export LD_EXPORT_SYMBOLS\=YES
    export LD_GENERATE_MAP_FILE\=NO
    export LD_MAP_FILE_PATH\=/Users/antoniogrillo-balen/Library/Developer/Xcode/DerivedData/risebysolis-gzfsziqwziaggpcbgdowmssiasmi/Build/Intermediates.noindex/risebysolis.build/Debug-iphonesimulator/risebysolis.build/risebysolis-LinkMap-normal-undefined_arch.txt
    export LD_NO_PIE\=NO
    export LD_QUOTE_LINKER_ARGUMENTS_FOR_COMPILER_DRIVER\=YES
    export LD_RUNPATH_SEARCH_PATHS\=/usr/lib/swift\ \ /usr/lib/swift\ \'@executable_path/Frameworks\'\ \'@loader_path/Frameworks\'\ @executable_path/Frameworks
    export LD_RUNPATH_SEARCH_PATHS_YES\=@loader_path/../Frameworks
    export LD_SHARED_CACHE_ELIGIBLE\=Automatic
    export LD_WARN_DUPLICATE_LIBRARIES\=NO
    export LD_WARN_UNUSED_DYLIBS\=NO
    export LEGACY_DEVELOPER_DIR\=/Applications/Xcode.app/Contents/PlugIns/Xcode3Core.ideplugin/Contents/SharedSupport/Developer
    export LEX\=lex
    export LIBRARY_DEXT_INSTALL_PATH\=/Library/DriverExtensions
    export LIBRARY_FLAG_NOSPACE\=YES
    export LIBRARY_FLAG_PREFIX\=-l
    export LIBRARY_KEXT_INSTALL_PATH\=/Library/Extensions
    export LIBRARY_SEARCH_PATHS\=/Users/antoniogrillo-balen/Library/Developer/Xcode/DerivedData/risebysolis-gzfsziqwziaggpcbgdowmssiasmi/Build/Products/Debug-iphonesimulator\ /Applications/Xcode.app/Contents/Developer/Platforms/iPhoneSimulator.platform/Developer/SDKs/iPhoneSimulator26.5.sdk/usr/lib/swift\ /Applications/Xcode.app/Contents/Developer/Toolchains/XcodeDefault.xctoolchain/usr/lib/swift/iphonesimulator\ /Applications/Xcode.app/Contents/Developer/Platforms/iPhoneSimulator.platform/Developer/SDKs/iPhoneSimulator26.5.sdk/usr/lib/swift
    export LINKER_DISPLAYS_MANGLED_NAMES\=NO
    export LINK_FILE_LIST_normal_arm64\=/Users/antoniogrillo-balen/Library/Developer/Xcode/DerivedData/risebysolis-gzfsziqwziaggpcbgdowmssiasmi/Build/Intermediates.noindex/risebysolis.build/Debug-iphonesimulator/risebysolis.build/Objects-normal/arm64/risebysolis.LinkFileList
    export LINK_OBJC_RUNTIME\=YES
    export LINK_WITH_STANDARD_LIBRARIES\=YES
    export LLVM_TARGET_TRIPLE_OS_VERSION\=ios15.1
    export LLVM_TARGET_TRIPLE_SUFFIX\=-simulator
    export LLVM_TARGET_TRIPLE_VENDOR\=apple
    export LM_AUX_CONST_METADATA_LIST_PATH_normal_arm64\=/Users/antoniogrillo-balen/Library/Developer/Xcode/DerivedData/risebysolis-gzfsziqwziaggpcbgdowmssiasmi/Build/Intermediates.noindex/risebysolis.build/Debug-iphonesimulator/risebysolis.build/Objects-normal/arm64/risebysolis.SwiftConstValuesFileList
    export LOCALIZATION_EXPORT_SUPPORTED\=YES
    export LOCALIZATION_PREFERS_STRING_CATALOGS\=NO
    export LOCALIZED_RESOURCES_FOLDER_PATH\=risebysolis.app/en.lproj
    export LOCALIZED_STRING_CODE_COMMENTS\=NO
    export LOCALIZED_STRING_MACRO_NAMES\=NSLocalizedString\ CFCopyLocalizedString
    export LOCALIZED_STRING_SWIFTUI_SUPPORT\=YES
    export LOCAL_ADMIN_APPS_DIR\=/Applications/Utilities
    export LOCAL_APPS_DIR\=/Applications
    export LOCAL_DEVELOPER_DIR\=/Library/Developer
    export LOCAL_LIBRARY_DIR\=/Library
    export LOCROOT\=/Users/antoniogrillo-balen/Desktop/Projects/RiseBuild/ios
    export LOCSYMROOT\=/Users/antoniogrillo-balen/Desktop/Projects/RiseBuild/ios
    export MACH_O_TYPE\=mh_execute
    export MAC_OS_X_PRODUCT_BUILD_VERSION\=25E253
    export MAC_OS_X_VERSION_ACTUAL\=260401
    export MAC_OS_X_VERSION_MAJOR\=260000
    export MAC_OS_X_VERSION_MINOR\=260400
    export MAKE_MERGEABLE\=NO
    export MARKETING_VERSION\=1.0
    export MERGEABLE_LIBRARY\=NO
    export MERGED_BINARY_TYPE\=none
    export MERGE_LINKED_LIBRARIES\=NO
    export METAL_LIBRARY_FILE_BASE\=default
    export METAL_LIBRARY_OUTPUT_DIR\=/Users/antoniogrillo-balen/Library/Developer/Xcode/DerivedData/risebysolis-gzfsziqwziaggpcbgdowmssiasmi/Build/Products/Debug-iphonesimulator/risebysolis.app
    export MODULES_FOLDER_PATH\=risebysolis.app/Modules
    export MODULE_CACHE_DIR\=/Users/antoniogrillo-balen/Library/Developer/Xcode/DerivedData/ModuleCache.noindex
    export MTL_ENABLE_DEBUG_INFO\=YES
    export NATIVE_ARCH\=arm64
    export NATIVE_ARCH_32_BIT\=arm
    export NATIVE_ARCH_64_BIT\=arm64
    export NATIVE_ARCH_ACTUAL\=arm64
    export NO_COMMON\=YES
    export OBJC_ABI_VERSION\=2
    export OBJECT_FILE_DIR\=/Users/antoniogrillo-balen/Library/Developer/Xcode/DerivedData/risebysolis-gzfsziqwziaggpcbgdowmssiasmi/Build/Intermediates.noindex/risebysolis.build/Debug-iphonesimulator/risebysolis.build/Objects
    export OBJECT_FILE_DIR_normal\=/Users/antoniogrillo-balen/Library/Developer/Xcode/DerivedData/risebysolis-gzfsziqwziaggpcbgdowmssiasmi/Build/Intermediates.noindex/risebysolis.build/Debug-iphonesimulator/risebysolis.build/Objects-normal
    export OBJROOT\=/Users/antoniogrillo-balen/Library/Developer/Xcode/DerivedData/risebysolis-gzfsziqwziaggpcbgdowmssiasmi/Build/Intermediates.noindex
    export ONLY_ACTIVE_ARCH\=YES
    export OS\=MACOS
    export OSAC\=/usr/bin/osacompile
    export OTHER_CFLAGS\=\ -DFOLLY_NO_CONFIG\ -DFOLLY_MOBILE\=1\ -DFOLLY_USE_LIBCPP\=1\ -Wno-comma\ -Wno-shorten-64-to-32\ -DREACT_NATIVE_MINOR_VERSION\=76\ \ \ -DREANIMATED_VERSION\=3.16.7
    export OTHER_CPLUSPLUSFLAGS\=\ -DFOLLY_NO_CONFIG\ -DFOLLY_MOBILE\=1\ -DFOLLY_USE_LIBCPP\=1\ -Wno-comma\ -Wno-shorten-64-to-32\ -DREACT_NATIVE_MINOR_VERSION\=76\ \ \ -DREANIMATED_VERSION\=3.16.7\ -DFOLLY_NO_CONFIG\ -DFOLLY_MOBILE\=1\ -DFOLLY_USE_LIBCPP\=1\ -DFOLLY_CFG_NO_COROUTINES\=1\ -DFOLLY_HAVE_CLOCK_GETTIME\=1\ -Wno-comma\ -Wno-shorten-64-to-32
    export OTHER_LDFLAGS\=\ \ \ -ObjC\ -l\"c++\"\ -l\"c++abi\"\ -l\"icucore\"\ -l\"z\"\ -framework\ \"Accelerate\"\ -framework\ \"AppAuth\"\ -framework\ \"AppCheckCore\"\ -framework\ \"AudioToolbox\"\ -framework\ \"CFNetwork\"\ -framework\ \"CoreGraphics\"\ -framework\ \"CoreModules\"\ -framework\ \"CoreText\"\ -framework\ \"DoubleConversion\"\ -framework\ \"EXApplication\"\ -framework\ \"EXConstants\"\ -framework\ \"EXNotifications\"\ -framework\ \"Expo\"\ -framework\ \"ExpoAdapterGoogleSignIn\"\ -framework\ \"ExpoAppleAuthentication\"\ -framework\ \"ExpoAsset\"\ -framework\ \"ExpoCrypto\"\ -framework\ \"ExpoFileSystem\"\ -framework\ \"ExpoFont\"\ -framework\ \"ExpoHaptics\"\ -framework\ \"ExpoHead\"\ -framework\ \"ExpoKeepAwake\"\ -framework\ \"ExpoLinking\"\ -framework\ \"ExpoModulesCore\"\ -framework\ \"ExpoSecureStore\"\ -framework\ \"ExpoSplashScreen\"\ -framework\ \"FBLPromises\"\ -framework\ \"FirebaseAppCheckInterop\"\ -framework\ \"FirebaseAuth\"\ -framework\ \"FirebaseAuthInterop\"\ -framework\ \"FirebaseCore\"\ -framework\ \"FirebaseCoreExtension\"\ -framework\ \"FirebaseCoreInternal\"\ -framework\ \"Foundation\"\ -framework\ \"GTMAppAuth\"\ -framework\ \"GTMSessionFetcher\"\ -framework\ \"GoogleSignIn\"\ -framework\ \"GoogleUtilities\"\ -framework\ \"ImageIO\"\ -framework\ \"JavaScriptCore\"\ -framework\ \"LocalAuthentication\"\ -framework\ \"MobileCoreServices\"\ -framework\ \"PurchasesHybridCommon\"\ -framework\ \"QuartzCore\"\ -framework\ \"RCTAnimation\"\ -framework\ \"RCTBlob\"\ -framework\ \"RCTDeprecation\"\ -framework\ \"RCTFabric\"\ -framework\ \"RCTImage\"\ -framework\ \"RCTLinking\"\ -framework\ \"RCTNetwork\"\ -framework\ \"RCTSettings\"\ -framework\ \"RCTText\"\ -framework\ \"RCTTypeSafety\"\ -framework\ \"RCTVibration\"\ -framework\ \"RNFBApp\"\ -framework\ \"RNFBAuth\"\ -framework\ \"RNGestureHandler\"\ -framework\ \"RNGoogleSignin\"\ -framework\ \"RNPurchases\"\ -framework\ \"RNReanimated\"\ -framework\ \"RNScreens\"\ -framework\ \"React\"\ -framework\ \"ReactCodegen\"\ -framework\ \"ReactCommon\"\ -framework\ \"React_Fabric\"\ -framework\ \"React_FabricComponents\"\ -framework\ \"React_FabricImage\"\ -framework\ \"React_ImageManager\"\ -framework\ \"React_Mapbuffer\"\ -framework\ \"React_NativeModulesApple\"\ -framework\ \"React_RCTAppDelegate\"\ -framework\ \"React_RuntimeApple\"\ -framework\ \"React_RuntimeCore\"\ -framework\ \"React_RuntimeHermes\"\ -framework\ \"React_debug\"\ -framework\ \"React_defaultsnativemodule\"\ -framework\ \"React_domnativemodule\"\ -framework\ \"React_featureflags\"\ -framework\ \"React_featureflagsnativemodule\"\ -framework\ \"React_graphics\"\ -framework\ \"React_jserrorhandler\"\ -framework\ \"React_microtasksnativemodule\"\ -framework\ \"React_nativeconfig\"\ -framework\ \"React_performancetimeline\"\ -framework\ \"React_rendererconsistency\"\ -framework\ \"React_rendererdebug\"\ -framework\ \"React_runtimescheduler\"\ -framework\ \"React_utils\"\ -framework\ \"RecaptchaInterop\"\ -framework\ \"RevenueCat\"\ -framework\ \"SafariServices\"\ -framework\ \"Security\"\ -framework\ \"SocketRocket\"\ -framework\ \"StoreKit\"\ -framework\ \"SystemConfiguration\"\ -framework\ \"UIKit\"\ -framework\ \"cxxreact\"\ -framework\ \"fmt\"\ -framework\ \"folly\"\ -framework\ \"glog\"\ -framework\ \"hermes\"\ -framework\ \"idlecallbacksnativemodule\"\ -framework\ \"jsi\"\ -framework\ \"jsinspector_modern\"\ -framework\ \"jsireact\"\ -framework\ \"logger\"\ -framework\ \"react_native_mmkv\"\ -framework\ \"react_native_safe_area_context\"\ -framework\ \"reacthermes\"\ -framework\ \"reactperflogger\"\ -framework\ \"yoga\"\ -weak_framework\ \"AuthenticationServices\"\ -weak_framework\ \"DeviceCheck\"\ -ObjC\ -lc++
    export OTHER_MODULE_VERIFIER_FLAGS\=\ \"-F/Users/antoniogrillo-balen/Library/Developer/Xcode/DerivedData/risebysolis-gzfsziqwziaggpcbgdowmssiasmi/Build/Products/Debug-iphonesimulator/AppAuth\"\ \"-F/Users/antoniogrillo-balen/Library/Developer/Xcode/DerivedData/risebysolis-gzfsziqwziaggpcbgdowmssiasmi/Build/Products/Debug-iphonesimulator/AppCheckCore\"\ \"-F/Users/antoniogrillo-balen/Library/Developer/Xcode/DerivedData/risebysolis-gzfsziqwziaggpcbgdowmssiasmi/Build/Products/Debug-iphonesimulator/DoubleConversion\"\ \"-F/Users/antoniogrillo-balen/Library/Developer/Xcode/DerivedData/risebysolis-gzfsziqwziaggpcbgdowmssiasmi/Build/Products/Debug-iphonesimulator/EXApplication\"\ \"-F/Users/antoniogrillo-balen/Library/Developer/Xcode/DerivedData/risebysolis-gzfsziqwziaggpcbgdowmssiasmi/Build/Products/Debug-iphonesimulator/EXConstants\"\ \"-F/Users/antoniogrillo-balen/Library/Developer/Xcode/DerivedData/risebysolis-gzfsziqwziaggpcbgdowmssiasmi/Build/Products/Debug-iphonesimulator/EXNotifications\"\ \"-F/Users/antoniogrillo-balen/Library/Developer/Xcode/DerivedData/risebysolis-gzfsziqwziaggpcbgdowmssiasmi/Build/Products/Debug-iphonesimulator/Expo\"\ \"-F/Users/antoniogrillo-balen/Library/Developer/Xcode/DerivedData/risebysolis-gzfsziqwziaggpcbgdowmssiasmi/Build/Products/Debug-iphonesimulator/ExpoAdapterGoogleSignIn\"\ \"-F/Users/antoniogrillo-balen/Library/Developer/Xcode/DerivedData/risebysolis-gzfsziqwziaggpcbgdowmssiasmi/Build/Products/Debug-iphonesimulator/ExpoAppleAuthentication\"\ \"-F/Users/antoniogrillo-balen/Library/Developer/Xcode/DerivedData/risebysolis-gzfsziqwziaggpcbgdowmssiasmi/Build/Products/Debug-iphonesimulator/ExpoAsset\"\ \"-F/Users/antoniogrillo-balen/Library/Developer/Xcode/DerivedData/risebysolis-gzfsziqwziaggpcbgdowmssiasmi/Build/Products/Debug-iphonesimulator/ExpoCrypto\"\ \"-F/Users/antoniogrillo-balen/Library/Developer/Xcode/DerivedData/risebysolis-gzfsziqwziaggpcbgdowmssiasmi/Build/Products/Debug-iphonesimulator/ExpoFileSystem\"\ \"-F/Users/antoniogrillo-balen/Library/Developer/Xcode/DerivedData/risebysolis-gzfsziqwziaggpcbgdowmssiasmi/Build/Products/Debug-iphonesimulator/ExpoFont\"\ \"-F/Users/antoniogrillo-balen/Library/Developer/Xcode/DerivedData/risebysolis-gzfsziqwziaggpcbgdowmssiasmi/Build/Products/Debug-iphonesimulator/ExpoHaptics\"\ \"-F/Users/antoniogrillo-balen/Library/Developer/Xcode/DerivedData/risebysolis-gzfsziqwziaggpcbgdowmssiasmi/Build/Products/Debug-iphonesimulator/ExpoHead\"\ \"-F/Users/antoniogrillo-balen/Library/Developer/Xcode/DerivedData/risebysolis-gzfsziqwziaggpcbgdowmssiasmi/Build/Products/Debug-iphonesimulator/ExpoKeepAwake\"\ \"-F/Users/antoniogrillo-balen/Library/Developer/Xcode/DerivedData/risebysolis-gzfsziqwziaggpcbgdowmssiasmi/Build/Products/Debug-iphonesimulator/ExpoLinking\"\ \"-F/Users/antoniogrillo-balen/Library/Developer/Xcode/DerivedData/risebysolis-gzfsziqwziaggpcbgdowmssiasmi/Build/Products/Debug-iphonesimulator/ExpoModulesCore\"\ \"-F/Users/antoniogrillo-balen/Library/Developer/Xcode/DerivedData/risebysolis-gzfsziqwziaggpcbgdowmssiasmi/Build/Products/Debug-iphonesimulator/ExpoSecureStore\"\ \"-F/Users/antoniogrillo-balen/Library/Developer/Xcode/DerivedData/risebysolis-gzfsziqwziaggpcbgdowmssiasmi/Build/Products/Debug-iphonesimulator/ExpoSplashScreen\"\ \"-F/Users/antoniogrillo-balen/Library/Developer/Xcode/DerivedData/risebysolis-gzfsziqwziaggpcbgdowmssiasmi/Build/Products/Debug-iphonesimulator/FBLazyVector\"\ \"-F/Users/antoniogrillo-balen/Library/Developer/Xcode/DerivedData/risebysolis-gzfsziqwziaggpcbgdowmssiasmi/Build/Products/Debug-iphonesimulator/Firebase\"\ \"-F/Users/antoniogrillo-balen/Library/Developer/Xcode/DerivedData/risebysolis-gzfsziqwziaggpcbgdowmssiasmi/Build/Products/Debug-iphonesimulator/FirebaseAppCheckInterop\"\ \"-F/Users/antoniogrillo-balen/Library/Developer/Xcode/DerivedData/risebysolis-gzfsziqwziaggpcbgdowmssiasmi/Build/Products/Debug-iphonesimulator/FirebaseAuth\"\ \"-F/Users/antoniogrillo-balen/Library/Developer/Xcode/DerivedData/risebysolis-gzfsziqwziaggpcbgdowmssiasmi/Build/Products/Debug-iphonesimulator/FirebaseAuthInterop\"\ \"-F/Users/antoniogrillo-balen/Library/Developer/Xcode/DerivedData/risebysolis-gzfsziqwziaggpcbgdowmssiasmi/Build/Products/Debug-iphonesimulator/FirebaseCore\"\ \"-F/Users/antoniogrillo-balen/Library/Developer/Xcode/DerivedData/risebysolis-gzfsziqwziaggpcbgdowmssiasmi/Build/Products/Debug-iphonesimulator/FirebaseCoreExtension\"\ \"-F/Users/antoniogrillo-balen/Library/Developer/Xcode/DerivedData/risebysolis-gzfsziqwziaggpcbgdowmssiasmi/Build/Products/Debug-iphonesimulator/FirebaseCoreInternal\"\ \"-F/Users/antoniogrillo-balen/Library/Developer/Xcode/DerivedData/risebysolis-gzfsziqwziaggpcbgdowmssiasmi/Build/Products/Debug-iphonesimulator/GTMAppAuth\"\ \"-F/Users/antoniogrillo-balen/Library/Developer/Xcode/DerivedData/risebysolis-gzfsziqwziaggpcbgdowmssiasmi/Build/Products/Debug-iphonesimulator/GTMSessionFetcher\"\ \"-F/Users/antoniogrillo-balen/Library/Developer/Xcode/DerivedData/risebysolis-gzfsziqwziaggpcbgdowmssiasmi/Build/Products/Debug-iphonesimulator/GoogleSignIn\"\ \"-F/Users/antoniogrillo-balen/Library/Developer/Xcode/DerivedData/risebysolis-gzfsziqwziaggpcbgdowmssiasmi/Build/Products/Debug-iphonesimulator/GoogleUtilities\"\ \"-F/Users/antoniogrillo-balen/Library/Developer/Xcode/DerivedData/risebysolis-gzfsziqwziaggpcbgdowmssiasmi/Build/Products/Debug-iphonesimulator/PromisesObjC\"\ \"-F/Users/antoniogrillo-balen/Library/Developer/Xcode/DerivedData/risebysolis-gzfsziqwziaggpcbgdowmssiasmi/Build/Products/Debug-iphonesimulator/PurchasesHybridCommon\"\ \"-F/Users/antoniogrillo-balen/Library/Developer/Xcode/DerivedData/risebysolis-gzfsziqwziaggpcbgdowmssiasmi/Build/Products/Debug-iphonesimulator/RCT-Folly\"\ \"-F/Users/antoniogrillo-balen/Library/Developer/Xcode/DerivedData/risebysolis-gzfsziqwziaggpcbgdowmssiasmi/Build/Products/Debug-iphonesimulator/RCTDeprecation\"\ \"-F/Users/antoniogrillo-balen/Library/Developer/Xcode/DerivedData/risebysolis-gzfsziqwziaggpcbgdowmssiasmi/Build/Products/Debug-iphonesimulator/RCTRequired\"\ \"-F/Users/antoniogrillo-balen/Library/Developer/Xcode/DerivedData/risebysolis-gzfsziqwziaggpcbgdowmssiasmi/Build/Products/Debug-iphonesimulator/RCTTypeSafety\"\ \"-F/Users/antoniogrillo-balen/Library/Developer/Xcode/DerivedData/risebysolis-gzfsziqwziaggpcbgdowmssiasmi/Build/Products/Debug-iphonesimulator/RNFBApp\"\ \"-F/Users/antoniogrillo-balen/Library/Developer/Xcode/DerivedData/risebysolis-gzfsziqwziaggpcbgdowmssiasmi/Build/Products/Debug-iphonesimulator/RNFBAuth\"\ \"-F/Users/antoniogrillo-balen/Library/Developer/Xcode/DerivedData/risebysolis-gzfsziqwziaggpcbgdowmssiasmi/Build/Products/Debug-iphonesimulator/RNGestureHandler\"\ \"-F/Users/antoniogrillo-balen/Library/Developer/Xcode/DerivedData/risebysolis-gzfsziqwziaggpcbgdowmssiasmi/Build/Products/Debug-iphonesimulator/RNGoogleSignin\"\ \"-F/Users/antoniogrillo-balen/Library/Developer/Xcode/DerivedData/risebysolis-gzfsziqwziaggpcbgdowmssiasmi/Build/Products/Debug-iphonesimulator/RNPurchases\"\ \"-F/Users/antoniogrillo-balen/Library/Developer/Xcode/DerivedData/risebysolis-gzfsziqwziaggpcbgdowmssiasmi/Build/Products/Debug-iphonesimulator/RNReanimated\"\ \"-F/Users/antoniogrillo-balen/Library/Developer/Xcode/DerivedData/risebysolis-gzfsziqwziaggpcbgdowmssiasmi/Build/Products/Debug-iphonesimulator/RNScreens\"\ \"-F/Users/antoniogrillo-balen/Library/Developer/Xcode/DerivedData/risebysolis-gzfsziqwziaggpcbgdowmssiasmi/Build/Products/Debug-iphonesimulator/React\"\ \"-F/Users/antoniogrillo-balen/Library/Developer/Xcode/DerivedData/risebysolis-gzfsziqwziaggpcbgdowmssiasmi/Build/Products/Debug-iphonesimulator/React-Core\"\ \"-F/Users/antoniogrillo-balen/Library/Developer/Xcode/DerivedData/risebysolis-gzfsziqwziaggpcbgdowmssiasmi/Build/Products/Debug-iphonesimulator/React-CoreModules\"\ \"-F/Users/antoniogrillo-balen/Library/Developer/Xcode/DerivedData/risebysolis-gzfsziqwziaggpcbgdowmssiasmi/Build/Products/Debug-iphonesimulator/React-Fabric\"\ \"-F/Users/antoniogrillo-balen/Library/Developer/Xcode/DerivedData/risebysolis-gzfsziqwziaggpcbgdowmssiasmi/Build/Products/Debug-iphonesimulator/React-FabricComponents\"\ \"-F/Users/antoniogrillo-balen/Library/Developer/Xcode/DerivedData/risebysolis-gzfsziqwziaggpcbgdowmssiasmi/Build/Products/Debug-iphonesimulator/React-FabricImage\"\ \"-F/Users/antoniogrillo-balen/Library/Developer/Xcode/DerivedData/risebysolis-gzfsziqwziaggpcbgdowmssiasmi/Build/Products/Debug-iphonesimulator/React-ImageManager\"\ \"-F/Users/antoniogrillo-balen/Library/Developer/Xcode/DerivedData/risebysolis-gzfsziqwziaggpcbgdowmssiasmi/Build/Products/Debug-iphonesimulator/React-Mapbuffer\"\ \"-F/Users/antoniogrillo-balen/Library/Developer/Xcode/DerivedData/risebysolis-gzfsziqwziaggpcbgdowmssiasmi/Build/Products/Debug-iphonesimulator/React-NativeModulesApple\"\ \"-F/Users/antoniogrillo-balen/Library/Developer/Xcode/DerivedData/risebysolis-gzfsziqwziaggpcbgdowmssiasmi/Build/Products/Debug-iphonesimulator/React-RCTActionSheet\"\ \"-F/Users/antoniogrillo-balen/Library/Developer/Xcode/DerivedData/risebysolis-gzfsziqwziaggpcbgdowmssiasmi/Build/Products/Debug-iphonesimulator/React-RCTAnimation\"\ \"-F/Users/antoniogrillo-balen/Library/Developer/Xcode/DerivedData/risebysolis-gzfsziqwziaggpcbgdowmssiasmi/Build/Products/Debug-iphonesimulator/React-RCTAppDelegate\"\ \"-F/Users/antoniogrillo-balen/Library/Developer/Xcode/DerivedData/risebysolis-gzfsziqwziaggpcbgdowmssiasmi/Build/Products/Debug-iphonesimulator/React-RCTBlob\"\ \"-F/Users/antoniogrillo-balen/Library/Developer/Xcode/DerivedData/risebysolis-gzfsziqwziaggpcbgdowmssiasmi/Build/Products/Debug-iphonesimulator/React-RCTFabric\"\ \"-F/Users/antoniogrillo-balen/Library/Developer/Xcode/DerivedData/risebysolis-gzfsziqwziaggpcbgdowmssiasmi/Build/Products/Debug-iphonesimulator/React-RCTImage\"\ \"-F/Users/antoniogrillo-balen/Library/Developer/Xcode/DerivedData/risebysolis-gzfsziqwziaggpcbgdowmssiasmi/Build/Products/Debug-iphonesimulator/React-RCTLinking\"\ \"-F/Users/antoniogrillo-balen/Library/Developer/Xcode/DerivedData/risebysolis-gzfsziqwziaggpcbgdowmssiasmi/Build/Products/Debug-iphonesimulator/React-RCTNetwork\"\ \"-F/Users/antoniogrillo-balen/Library/Developer/Xcode/DerivedData/risebysolis-gzfsziqwziaggpcbgdowmssiasmi/Build/Products/Debug-iphonesimulator/React-RCTSettings\"\ \"-F/Users/antoniogrillo-balen/Library/Developer/Xcode/DerivedData/risebysolis-gzfsziqwziaggpcbgdowmssiasmi/Build/Products/Debug-iphonesimulator/React-RCTText\"\ \"-F/Users/antoniogrillo-balen/Library/Developer/Xcode/DerivedData/risebysolis-gzfsziqwziaggpcbgdowmssiasmi/Build/Products/Debug-iphonesimulator/React-RCTVibration\"\ \"-F/Users/antoniogrillo-balen/Library/Developer/Xcode/DerivedData/risebysolis-gzfsziqwziaggpcbgdowmssiasmi/Build/Products/Debug-iphonesimulator/React-RuntimeApple\"\ \"-F/Users/antoniogrillo-balen/Library/Developer/Xcode/DerivedData/risebysolis-gzfsziqwziaggpcbgdowmssiasmi/Build/Products/Debug-iphonesimulator/React-RuntimeCore\"\ \"-F/Users/antoniogrillo-balen/Library/Developer/Xcode/DerivedData/risebysolis-gzfsziqwziaggpcbgdowmssiasmi/Build/Products/Debug-iphonesimulator/React-RuntimeHermes\"\ \"-F/Users/antoniogrillo-balen/Library/Developer/Xcode/DerivedData/risebysolis-gzfsziqwziaggpcbgdowmssiasmi/Build/Products/Debug-iphonesimulator/React-callinvoker\"\ \"-F/Users/antoniogrillo-balen/Library/Developer/Xcode/DerivedData/risebysolis-gzfsziqwziaggpcbgdowmssiasmi/Build/Products/Debug-iphonesimulator/React-cxxreact\"\ \"-F/Users/antoniogrillo-balen/Library/Developer/Xcode/DerivedData/risebysolis-gzfsziqwziaggpcbgdowmssiasmi/Build/Products/Debug-iphonesimulator/React-debug\"\ \"-F/Users/antoniogrillo-balen/Library/Developer/Xcode/DerivedData/risebysolis-gzfsziqwziaggpcbgdowmssiasmi/Build/Products/Debug-iphonesimulator/React-defaultsnativemodule\"\ \"-F/Users/antoniogrillo-balen/Library/Developer/Xcode/DerivedData/risebysolis-gzfsziqwziaggpcbgdowmssiasmi/Build/Products/Debug-iphonesimulator/React-domnativemodule\"\ \"-F/Users/antoniogrillo-balen/Library/Developer/Xcode/DerivedData/risebysolis-gzfsziqwziaggpcbgdowmssiasmi/Build/Products/Debug-iphonesimulator/React-featureflags\"\ \"-F/Users/antoniogrillo-balen/Library/Developer/Xcode/DerivedData/risebysolis-gzfsziqwziaggpcbgdowmssiasmi/Build/Products/Debug-iphonesimulator/React-featureflagsnativemodule\"\ \"-F/Users/antoniogrillo-balen/Library/Developer/Xcode/DerivedData/risebysolis-gzfsziqwziaggpcbgdowmssiasmi/Build/Products/Debug-iphonesimulator/React-graphics\"\ \"-F/Users/antoniogrillo-balen/Library/Developer/Xcode/DerivedData/risebysolis-gzfsziqwziaggpcbgdowmssiasmi/Build/Products/Debug-iphonesimulator/React-hermes\"\ \"-F/Users/antoniogrillo-balen/Library/Developer/Xcode/DerivedData/risebysolis-gzfsziqwziaggpcbgdowmssiasmi/Build/Products/Debug-iphonesimulator/React-idlecallbacksnativemodule\"\ \"-F/Users/antoniogrillo-balen/Library/Developer/Xcode/DerivedData/risebysolis-gzfsziqwziaggpcbgdowmssiasmi/Build/Products/Debug-iphonesimulator/React-jserrorhandler\"\ \"-F/Users/antoniogrillo-balen/Library/Developer/Xcode/DerivedData/risebysolis-gzfsziqwziaggpcbgdowmssiasmi/Build/Products/Debug-iphonesimulator/React-jsi\"\ \"-F/Users/antoniogrillo-balen/Library/Developer/Xcode/DerivedData/risebysolis-gzfsziqwziaggpcbgdowmssiasmi/Build/Products/Debug-iphonesimulator/React-jsiexecutor\"\ \"-F/Users/antoniogrillo-balen/Library/Developer/Xcode/DerivedData/risebysolis-gzfsziqwziaggpcbgdowmssiasmi/Build/Products/Debug-iphonesimulator/React-jsinspector\"\ \"-F/Users/antoniogrillo-balen/Library/Developer/Xcode/DerivedData/risebysolis-gzfsziqwziaggpcbgdowmssiasmi/Build/Products/Debug-iphonesimulator/React-jsitracing\"\ \"-F/Users/antoniogrillo-balen/Library/Developer/Xcode/DerivedData/risebysolis-gzfsziqwziaggpcbgdowmssiasmi/Build/Products/Debug-iphonesimulator/React-logger\"\ \"-F/Users/antoniogrillo-balen/Library/Developer/Xcode/DerivedData/risebysolis-gzfsziqwziaggpcbgdowmssiasmi/Build/Products/Debug-iphonesimulator/React-microtasksnativemodule\"\ \"-F/Users/antoniogrillo-balen/Library/Developer/Xcode/DerivedData/risebysolis-gzfsziqwziaggpcbgdowmssiasmi/Build/Products/Debug-iphonesimulator/React-nativeconfig\"\ \"-F/Users/antoniogrillo-balen/Library/Developer/Xcode/DerivedData/risebysolis-gzfsziqwziaggpcbgdowmssiasmi/Build/Products/Debug-iphonesimulator/React-perflogger\"\ \"-F/Users/antoniogrillo-balen/Library/Developer/Xcode/DerivedData/risebysolis-gzfsziqwziaggpcbgdowmssiasmi/Build/Products/Debug-iphonesimulator/React-performancetimeline\"\ \"-F/Users/antoniogrillo-balen/Library/Developer/Xcode/DerivedData/risebysolis-gzfsziqwziaggpcbgdowmssiasmi/Build/Products/Debug-iphonesimulator/React-rendererconsistency\"\ \"-F/Users/antoniogrillo-balen/Library/Developer/Xcode/DerivedData/risebysolis-gzfsziqwziaggpcbgdowmssiasmi/Build/Products/Debug-iphonesimulator/React-rendererdebug\"\ \"-F/Users/antoniogrillo-balen/Library/Developer/Xcode/DerivedData/risebysolis-gzfsziqwziaggpcbgdowmssiasmi/Build/Products/Debug-iphonesimulator/React-rncore\"\ \"-F/Users/antoniogrillo-balen/Library/Developer/Xcode/DerivedData/risebysolis-gzfsziqwziaggpcbgdowmssiasmi/Build/Products/Debug-iphonesimulator/React-runtimeexecutor\"\ \"-F/Users/antoniogrillo-balen/Library/Developer/Xcode/DerivedData/risebysolis-gzfsziqwziaggpcbgdowmssiasmi/Build/Products/Debug-iphonesimulator/React-runtimescheduler\"\ \"-F/Users/antoniogrillo-balen/Library/Developer/Xcode/DerivedData/risebysolis-gzfsziqwziaggpcbgdowmssiasmi/Build/Products/Debug-iphonesimulator/React-timing\"\ \"-F/Users/antoniogrillo-balen/Library/Developer/Xcode/DerivedData/risebysolis-gzfsziqwziaggpcbgdowmssiasmi/Build/Products/Debug-iphonesimulator/React-utils\"\ \"-F/Users/antoniogrillo-balen/Library/Developer/Xcode/DerivedData/risebysolis-gzfsziqwziaggpcbgdowmssiasmi/Build/Products/Debug-iphonesimulator/ReactCodegen\"\ \"-F/Users/antoniogrillo-balen/Library/Developer/Xcode/DerivedData/risebysolis-gzfsziqwziaggpcbgdowmssiasmi/Build/Products/Debug-iphonesimulator/ReactCommon\"\ \"-F/Users/antoniogrillo-balen/Library/Developer/Xcode/DerivedData/risebysolis-gzfsziqwziaggpcbgdowmssiasmi/Build/Products/Debug-iphonesimulator/RecaptchaInterop\"\ \"-F/Users/antoniogrillo-balen/Library/Developer/Xcode/DerivedData/risebysolis-gzfsziqwziaggpcbgdowmssiasmi/Build/Products/Debug-iphonesimulator/RevenueCat\"\ \"-F/Users/antoniogrillo-balen/Library/Developer/Xcode/DerivedData/risebysolis-gzfsziqwziaggpcbgdowmssiasmi/Build/Products/Debug-iphonesimulator/SocketRocket\"\ \"-F/Users/antoniogrillo-balen/Library/Developer/Xcode/DerivedData/risebysolis-gzfsziqwziaggpcbgdowmssiasmi/Build/Products/Debug-iphonesimulator/Yoga\"\ \"-F/Users/antoniogrillo-balen/Library/Developer/Xcode/DerivedData/risebysolis-gzfsziqwziaggpcbgdowmssiasmi/Build/Products/Debug-iphonesimulator/boost\"\ \"-F/Users/antoniogrillo-balen/Library/Developer/Xcode/DerivedData/risebysolis-gzfsziqwziaggpcbgdowmssiasmi/Build/Products/Debug-iphonesimulator/fast_float\"\ \"-F/Users/antoniogrillo-balen/Library/Developer/Xcode/DerivedData/risebysolis-gzfsziqwziaggpcbgdowmssiasmi/Build/Products/Debug-iphonesimulator/fmt\"\ \"-F/Users/antoniogrillo-balen/Library/Developer/Xcode/DerivedData/risebysolis-gzfsziqwziaggpcbgdowmssiasmi/Build/Products/Debug-iphonesimulator/glog\"\ \"-F/Users/antoniogrillo-balen/Library/Developer/Xcode/DerivedData/risebysolis-gzfsziqwziaggpcbgdowmssiasmi/Build/Products/Debug-iphonesimulator/hermes-engine\"\ \"-F/Users/antoniogrillo-balen/Library/Developer/Xcode/DerivedData/risebysolis-gzfsziqwziaggpcbgdowmssiasmi/Build/Products/Debug-iphonesimulator/react-native-mmkv\"\ \"-F/Users/antoniogrillo-balen/Library/Developer/Xcode/DerivedData/risebysolis-gzfsziqwziaggpcbgdowmssiasmi/Build/Products/Debug-iphonesimulator/react-native-safe-area-context\"
    export OTHER_SWIFT_FLAGS\=\ -D\ COCOAPODS\ -D\ EXPO_CONFIGURATION_DEBUG
    export PACKAGE_TYPE\=com.apple.package-type.wrapper.application
    export PASCAL_STRINGS\=YES
    export PATH\=/Applications/Xcode.app/Contents/SharedFrameworks/SwiftBuild.framework/Versions/A/PlugIns/SWBBuildService.bundle/Contents/PlugIns/SWBUniversalPlatformPlugin.bundle/Contents/Frameworks/SWBUniversalPlatform.framework/Resources:/Applications/Xcode.app/Contents/Developer/Toolchains/XcodeDefault.xctoolchain/usr/bin:/Applications/Xcode.app/Contents/Developer/Toolchains/XcodeDefault.xctoolchain/usr/local/bin:/Applications/Xcode.app/Contents/Developer/Toolchains/XcodeDefault.xctoolchain/usr/libexec:/Applications/Xcode.app/Contents/Developer/Platforms/iPhoneSimulator.platform/usr/bin:/Applications/Xcode.app/Contents/Developer/Platforms/iPhoneSimulator.platform/usr/local/bin:/Applications/Xcode.app/Contents/Developer/Platforms/iPhoneSimulator.platform/Developer/usr/bin:/Applications/Xcode.app/Contents/Developer/Platforms/iPhoneSimulator.platform/Developer/usr/local/bin:/Applications/Xcode.app/Contents/Developer/usr/bin:/Applications/Xcode.app/Contents/Developer/usr/local/bin:/opt/homebrew/opt/ruby/bin:/opt/homebrew/lib/ruby/gems/4.0.0/bin:/opt/homebrew/bin:/opt/homebrew/sbin:/Users/antoniogrillo-balen/.nvm/versions/node/v24.14.1/bin:/Library/Frameworks/Python.framework/Versions/3.14/bin:/usr/local/bin:/System/Cryptexes/App/usr/bin:/usr/bin:/bin:/usr/sbin:/sbin:/var/run/com.apple.security.cryptexd/codex.system/bootstrap/usr/local/bin:/var/run/com.apple.security.cryptexd/codex.system/bootstrap/usr/bin:/var/run/com.apple.security.cryptexd/codex.system/bootstrap/usr/appleinternal/bin:/opt/pkg/env/active/bin:/opt/pmk/env/global/bin:/Library/Apple/usr/bin:/Applications/VMware\ Fusion.app/Contents/Public:/Users/antoniogrillo-balen/.cargo/bin:/Users/antoniogrillo-balen/.cache/plugins/.install-staging/25283474a0e0d4a060cb0e915c1ec54e3d41ef2e/cursor/repo/bin:/Users/antoniogrillo-balen/.claude/plugins/cache/claude-plugins-official/superpowers/5.1.0/bin:/Users/antoniogrillo-balen/.claude/plugins/cache/claude-plugins-official/frontend-design/unknown/bin:/Users/antoniogrillo-balen/.claude/plugins/cache/claude-plugins-official/code-simplifier/1.0.0/bin:/Users/antoniogrillo-balen/.claude/plugins/cache/claude-plugins-official/security-guidance/unknown/bin:/Users/antoniogrillo-balen/.claude/plugins/cache/thedotmack/claude-mem/12.1.1/bin
    export PATH_PREFIXES_EXCLUDED_FROM_HEADER_DEPENDENCIES\=/usr/include\ /usr/local/include\ /System/Library/Frameworks\ /System/Library/PrivateFrameworks\ /Applications/Xcode.app/Contents/Developer/Headers\ /Applications/Xcode.app/Contents/Developer/SDKs\ /Applications/Xcode.app/Contents/Developer/Platforms
    export PBDEVELOPMENTPLIST_PATH\=risebysolis.app/pbdevelopment.plist
    export PER_ARCH_MODULE_FILE_DIR\=/Users/antoniogrillo-balen/Library/Developer/Xcode/DerivedData/risebysolis-gzfsziqwziaggpcbgdowmssiasmi/Build/Intermediates.noindex/risebysolis.build/Debug-iphonesimulator/risebysolis.build/Objects-normal/undefined_arch
    export PER_ARCH_OBJECT_FILE_DIR\=/Users/antoniogrillo-balen/Library/Developer/Xcode/DerivedData/risebysolis-gzfsziqwziaggpcbgdowmssiasmi/Build/Intermediates.noindex/risebysolis.build/Debug-iphonesimulator/risebysolis.build/Objects-normal/undefined_arch
    export PER_VARIANT_OBJECT_FILE_DIR\=/Users/antoniogrillo-balen/Library/Developer/Xcode/DerivedData/risebysolis-gzfsziqwziaggpcbgdowmssiasmi/Build/Intermediates.noindex/risebysolis.build/Debug-iphonesimulator/risebysolis.build/Objects-normal
    export PKGINFO_FILE_PATH\=/Users/antoniogrillo-balen/Library/Developer/Xcode/DerivedData/risebysolis-gzfsziqwziaggpcbgdowmssiasmi/Build/Intermediates.noindex/risebysolis.build/Debug-iphonesimulator/risebysolis.build/PkgInfo
    export PKGINFO_PATH\=risebysolis.app/PkgInfo
    export PLATFORM_DEVELOPER_APPLICATIONS_DIR\=/Applications/Xcode.app/Contents/Developer/Platforms/iPhoneSimulator.platform/Developer/Applications
    export PLATFORM_DEVELOPER_BIN_DIR\=/Applications/Xcode.app/Contents/Developer/Platforms/iPhoneSimulator.platform/Developer/usr/bin
    export PLATFORM_DEVELOPER_LIBRARY_DIR\=/Applications/Xcode.app/Contents/Developer/Platforms/iPhoneSimulator.platform/Developer/Library
    export PLATFORM_DEVELOPER_SDK_DIR\=/Applications/Xcode.app/Contents/Developer/Platforms/iPhoneSimulator.platform/Developer/SDKs
    export PLATFORM_DEVELOPER_TOOLS_DIR\=/Applications/Xcode.app/Contents/Developer/Platforms/iPhoneSimulator.platform/Developer/Tools
    export PLATFORM_DEVELOPER_USR_DIR\=/Applications/Xcode.app/Contents/Developer/Platforms/iPhoneSimulator.platform/Developer/usr
    export PLATFORM_DIR\=/Applications/Xcode.app/Contents/Developer/Platforms/iPhoneSimulator.platform
    export PLATFORM_DISPLAY_NAME\=iOS\ Simulator
    export PLATFORM_FAMILY_NAME\=iOS
    export PLATFORM_NAME\=iphonesimulator
    export PLATFORM_PREFERRED_ARCH\=x86_64
    export PLATFORM_PRODUCT_BUILD_VERSION\=23F73
    export PLATFORM_REQUIRES_SWIFT_AUTOLINK_EXTRACT\=NO
    export PLATFORM_REQUIRES_SWIFT_MODULEWRAP\=NO
    export PLATFORM_USES_DSYMS\=YES
    export PLIST_FILE_OUTPUT_FORMAT\=binary
    export PLUGINS_FOLDER_PATH\=risebysolis.app/PlugIns
    export PODS_BUILD_DIR\=/Users/antoniogrillo-balen/Library/Developer/Xcode/DerivedData/risebysolis-gzfsziqwziaggpcbgdowmssiasmi/Build/Products
    export PODS_CONFIGURATION_BUILD_DIR\=/Users/antoniogrillo-balen/Library/Developer/Xcode/DerivedData/risebysolis-gzfsziqwziaggpcbgdowmssiasmi/Build/Products/Debug-iphonesimulator
    export PODS_PODFILE_DIR_PATH\=/Users/antoniogrillo-balen/Desktop/Projects/RiseBuild/ios/.
    export PODS_ROOT\=/Users/antoniogrillo-balen/Desktop/Projects/RiseBuild/ios/Pods
    export PODS_XCFRAMEWORKS_BUILD_DIR\=/Users/antoniogrillo-balen/Library/Developer/Xcode/DerivedData/risebysolis-gzfsziqwziaggpcbgdowmssiasmi/Build/Products/Debug-iphonesimulator/XCFrameworkIntermediates
    export PRECOMPS_INCLUDE_HEADERS_FROM_BUILT_PRODUCTS_DIR\=YES
    export PRECOMP_DESTINATION_DIR\=/Users/antoniogrillo-balen/Library/Developer/Xcode/DerivedData/risebysolis-gzfsziqwziaggpcbgdowmssiasmi/Build/Intermediates.noindex/risebysolis.build/Debug-iphonesimulator/risebysolis.build/PrefixHeaders
    export PRIVATE_HEADERS_FOLDER_PATH\=risebysolis.app/PrivateHeaders
    export PROCESSED_INFOPLIST_PATH\=/Users/antoniogrillo-balen/Library/Developer/Xcode/DerivedData/risebysolis-gzfsziqwziaggpcbgdowmssiasmi/Build/Intermediates.noindex/risebysolis.build/Debug-iphonesimulator/risebysolis.build/Objects-normal/undefined_arch/Processed-Info.plist
    export PRODUCT_BUNDLE_IDENTIFIER\=com.anonymous.rise-by-solis
    export PRODUCT_BUNDLE_PACKAGE_TYPE\=APPL
    export PRODUCT_MODULE_NAME\=risebysolis
    export PRODUCT_NAME\=risebysolis
    export PRODUCT_SETTINGS_PATH\=/Users/antoniogrillo-balen/Desktop/Projects/RiseBuild/ios/risebysolis/Info.plist
    export PRODUCT_TYPE\=com.apple.product-type.application
    export PROFILING_CODE\=NO
    export PROJECT\=risebysolis
    export PROJECT_DERIVED_FILE_DIR\=/Users/antoniogrillo-balen/Library/Developer/Xcode/DerivedData/risebysolis-gzfsziqwziaggpcbgdowmssiasmi/Build/Intermediates.noindex/risebysolis.build/DerivedSources
    export PROJECT_DIR\=/Users/antoniogrillo-balen/Desktop/Projects/RiseBuild/ios
    export PROJECT_FILE_PATH\=/Users/antoniogrillo-balen/Desktop/Projects/RiseBuild/ios/risebysolis.xcodeproj
    export PROJECT_GUID\=f3d299422e93638f9a6d1e5771fa6c55
    export PROJECT_NAME\=risebysolis
    export PROJECT_TEMP_DIR\=/Users/antoniogrillo-balen/Library/Developer/Xcode/DerivedData/risebysolis-gzfsziqwziaggpcbgdowmssiasmi/Build/Intermediates.noindex/risebysolis.build
    export PROJECT_TEMP_ROOT\=/Users/antoniogrillo-balen/Library/Developer/Xcode/DerivedData/risebysolis-gzfsziqwziaggpcbgdowmssiasmi/Build/Intermediates.noindex
    export PROVISIONING_PROFILE_REQUIRED\=NO
    export PROVISIONING_PROFILE_REQUIRED_YES_YES\=YES
    export PROVISIONING_PROFILE_SUPPORTED\=YES
    export PUBLIC_HEADERS_FOLDER_PATH\=risebysolis.app/Headers
    export REACT_NATIVE_PATH\=/Users/antoniogrillo-balen/Desktop/Projects/RiseBuild/ios/Pods/../../node_modules/react-native
    export RECOMMENDED_IPHONEOS_DEPLOYMENT_TARGET\=15.0
    export RECURSIVE_SEARCH_PATHS_FOLLOW_SYMLINKS\=YES
    export REMOVE_CVS_FROM_RESOURCES\=YES
    export REMOVE_GIT_FROM_RESOURCES\=YES
    export REMOVE_HEADERS_FROM_EMBEDDED_BUNDLES\=YES
    export REMOVE_HG_FROM_RESOURCES\=YES
    export REMOVE_STATIC_EXECUTABLES_FROM_EMBEDDED_BUNDLES\=YES
    export REMOVE_SVN_FROM_RESOURCES\=YES
    export RESCHEDULE_INDEPENDENT_HEADERS_PHASES\=YES
    export REZ_COLLECTOR_DIR\=/Users/antoniogrillo-balen/Library/Developer/Xcode/DerivedData/risebysolis-gzfsziqwziaggpcbgdowmssiasmi/Build/Intermediates.noindex/risebysolis.build/Debug-iphonesimulator/risebysolis.build/ResourceManagerResources
    export REZ_OBJECTS_DIR\=/Users/antoniogrillo-balen/Library/Developer/Xcode/DerivedData/risebysolis-gzfsziqwziaggpcbgdowmssiasmi/Build/Intermediates.noindex/risebysolis.build/Debug-iphonesimulator/risebysolis.build/ResourceManagerResources/Objects
    export REZ_SEARCH_PATHS\=/Users/antoniogrillo-balen/Library/Developer/Xcode/DerivedData/risebysolis-gzfsziqwziaggpcbgdowmssiasmi/Build/Products/Debug-iphonesimulator\ 
    export RPATH_ORIGIN\=@loader_path
    export RUNTIME_EXCEPTION_ALLOW_DYLD_ENVIRONMENT_VARIABLES\=NO
    export RUNTIME_EXCEPTION_ALLOW_JIT\=NO
    export RUNTIME_EXCEPTION_ALLOW_UNSIGNED_EXECUTABLE_MEMORY\=NO
    export RUNTIME_EXCEPTION_DEBUGGING_TOOL\=NO
    export RUNTIME_EXCEPTION_DISABLE_EXECUTABLE_PAGE_PROTECTION\=NO
    export RUNTIME_EXCEPTION_DISABLE_LIBRARY_VALIDATION\=NO
    export SCANNING_PCM_KEEP_CACHE_DIRECTORY\=YES
    export SCAN_ALL_SOURCE_FILES_FOR_INCLUDES\=NO
    export SCRIPTS_FOLDER_PATH\=risebysolis.app/Scripts
    export SCRIPT_INPUT_FILE_COUNT\=0
    export SCRIPT_INPUT_FILE_LIST_COUNT\=0
    export SCRIPT_OUTPUT_FILE_COUNT\=0
    export SCRIPT_OUTPUT_FILE_LIST_COUNT\=0
    export SDKROOT\=/Applications/Xcode.app/Contents/Developer/Platforms/iPhoneSimulator.platform/Developer/SDKs/iPhoneSimulator26.5.sdk
    export SDK_DIR\=/Applications/Xcode.app/Contents/Developer/Platforms/iPhoneSimulator.platform/Developer/SDKs/iPhoneSimulator26.5.sdk
    export SDK_DIR_iphonesimulator\=/Applications/Xcode.app/Contents/Developer/Platforms/iPhoneSimulator.platform/Developer/SDKs/iPhoneSimulator26.5.sdk
    export SDK_DIR_iphonesimulator26_5\=/Applications/Xcode.app/Contents/Developer/Platforms/iPhoneSimulator.platform/Developer/SDKs/iPhoneSimulator26.5.sdk
    export SDK_NAME\=iphonesimulator26.5
    export SDK_NAMES\=iphonesimulator26.5
    export SDK_PRODUCT_BUILD_VERSION\=23F73
    export SDK_STAT_CACHE_DIR\=/Users/antoniogrillo-balen/Library/Developer/Xcode/DerivedData
    export SDK_STAT_CACHE_ENABLE\=YES
    export SDK_STAT_CACHE_PATH\=/Users/antoniogrillo-balen/Library/Developer/Xcode/DerivedData/SDKStatCaches.noindex/iphonesimulator26.5-23F73-6cfe768891a92b912361537c460fe42b.sdkstatcache
    export SDK_VERSION\=26.5
    export SDK_VERSION_ACTUAL\=260500
    export SDK_VERSION_MAJOR\=260000
    export SDK_VERSION_MINOR\=260500
    export SED\=/usr/bin/sed
    export SEPARATE_STRIP\=NO
    export SEPARATE_SYMBOL_EDIT\=NO
    export SET_DIR_MODE_OWNER_GROUP\=YES
    export SET_FILE_MODE_OWNER_GROUP\=NO
    export SHALLOW_BUNDLE\=YES
    export SHALLOW_BUNDLE_TRIPLE\=ios-simulator
    export SHALLOW_BUNDLE_ios_macabi\=NO
    export SHALLOW_BUNDLE_macos\=NO
    export SHARED_DERIVED_FILE_DIR\=/Users/antoniogrillo-balen/Library/Developer/Xcode/DerivedData/risebysolis-gzfsziqwziaggpcbgdowmssiasmi/Build/Products/Debug-iphonesimulator/DerivedSources
    export SHARED_FRAMEWORKS_FOLDER_PATH\=risebysolis.app/SharedFrameworks
    export SHARED_PRECOMPS_DIR\=/Users/antoniogrillo-balen/Library/Developer/Xcode/DerivedData/risebysolis-gzfsziqwziaggpcbgdowmssiasmi/Build/Intermediates.noindex/PrecompiledHeaders
    export SHARED_SUPPORT_FOLDER_PATH\=risebysolis.app/SharedSupport
    export SKIP_INSTALL\=NO
    export SKIP_MERGEABLE_LIBRARY_BUNDLE_HOOK\=NO
    export SOURCE_ROOT\=/Users/antoniogrillo-balen/Desktop/Projects/RiseBuild/ios
    export SRCROOT\=/Users/antoniogrillo-balen/Desktop/Projects/RiseBuild/ios
    export STRINGSDATA_DIR\=/Users/antoniogrillo-balen/Library/Developer/Xcode/DerivedData/risebysolis-gzfsziqwziaggpcbgdowmssiasmi/Build/Intermediates.noindex/risebysolis.build/Debug-iphonesimulator/risebysolis.build/Objects-normal/undefined_arch
    export STRINGSDATA_ROOT\=/Users/antoniogrillo-balen/Library/Developer/Xcode/DerivedData/risebysolis-gzfsziqwziaggpcbgdowmssiasmi/Build/Intermediates.noindex/risebysolis.build/Debug-iphonesimulator/risebysolis.build
    export STRINGS_FILE_INFOPLIST_RENAME\=YES
    export STRINGS_FILE_OUTPUT_ENCODING\=binary
    export STRING_CATALOG_GENERATE_SYMBOLS\=NO
    export STRIP_BITCODE_FROM_COPIED_FILES\=NO
    export STRIP_INSTALLED_PRODUCT\=NO
    export STRIP_STYLE\=all
    export STRIP_SWIFT_SYMBOLS\=YES
    export SUPPORTED_DEVICE_FAMILIES\=1,2
    export SUPPORTED_PLATFORMS\=iphoneos\ iphonesimulator
    export SUPPORTS_MACCATALYST\=NO
    export SUPPORTS_ON_DEMAND_RESOURCES\=YES
    export SUPPORTS_TEXT_BASED_API\=NO
    export SUPPRESS_WARNINGS\=NO
    export SWIFT_ACTIVE_COMPILATION_CONDITIONS\=\ DEBUG
    export SWIFT_EMIT_CONST_VALUE_PROTOCOLS\=AnyResolverProviding\ AppEntity\ AppEnum\ AppExtension\ AppIntent\ AppIntentsPackage\ AppShortcutProviding\ AppShortcutsProvider\ AppUnionValue\ AppUnionValueCasesProviding\ DynamicOptionsProvider\ EntityQuery\ ExtensionPointDefining\ IntentValueQuery\ Resolver\ TransientEntity\ _AssistantIntentsProvider\ _GenerativeFunctionExtractable\ _IntentValueRepresentable
    export SWIFT_EMIT_LOC_STRINGS\=NO
    export SWIFT_ENABLE_EXPLICIT_MODULES\=YES
    export SWIFT_OBJC_BRIDGING_HEADER\=risebysolis/risebysolis-Bridging-Header.h
    export SWIFT_OPTIMIZATION_LEVEL\=-Onone
    export SWIFT_PLATFORM_TARGET_PREFIX\=ios
    export SWIFT_RESPONSE_FILE_PATH_normal_arm64\=/Users/antoniogrillo-balen/Library/Developer/Xcode/DerivedData/risebysolis-gzfsziqwziaggpcbgdowmssiasmi/Build/Intermediates.noindex/risebysolis.build/Debug-iphonesimulator/risebysolis.build/Objects-normal/arm64/risebysolis.SwiftFileList
    export SWIFT_VERSION\=5.0
    export SYMROOT\=/Users/antoniogrillo-balen/Library/Developer/Xcode/DerivedData/risebysolis-gzfsziqwziaggpcbgdowmssiasmi/Build/Products
    export SYSTEM_ADMIN_APPS_DIR\=/Applications/Utilities
    export SYSTEM_APPS_DIR\=/Applications
    export SYSTEM_CORE_SERVICES_DIR\=/System/Library/CoreServices
    export SYSTEM_DEMOS_DIR\=/Applications/Extras
    export SYSTEM_DEVELOPER_APPS_DIR\=/Applications/Xcode.app/Contents/Developer/Applications
    export SYSTEM_DEVELOPER_BIN_DIR\=/Applications/Xcode.app/Contents/Developer/usr/bin
    export SYSTEM_DEVELOPER_DEMOS_DIR\=/Applications/Xcode.app/Contents/Developer/Applications/Utilities/Built\ Examples
    export SYSTEM_DEVELOPER_DIR\=/Applications/Xcode.app/Contents/Developer
    export SYSTEM_DEVELOPER_DOC_DIR\=/Applications/Xcode.app/Contents/Developer/ADC\ Reference\ Library
    export SYSTEM_DEVELOPER_GRAPHICS_TOOLS_DIR\=/Applications/Xcode.app/Contents/Developer/Applications/Graphics\ Tools
    export SYSTEM_DEVELOPER_JAVA_TOOLS_DIR\=/Applications/Xcode.app/Contents/Developer/Applications/Java\ Tools
    export SYSTEM_DEVELOPER_PERFORMANCE_TOOLS_DIR\=/Applications/Xcode.app/Contents/Developer/Applications/Performance\ Tools
    export SYSTEM_DEVELOPER_RELEASENOTES_DIR\=/Applications/Xcode.app/Contents/Developer/ADC\ Reference\ Library/releasenotes
    export SYSTEM_DEVELOPER_TOOLS\=/Applications/Xcode.app/Contents/Developer/Tools
    export SYSTEM_DEVELOPER_TOOLS_DOC_DIR\=/Applications/Xcode.app/Contents/Developer/ADC\ Reference\ Library/documentation/DeveloperTools
    export SYSTEM_DEVELOPER_TOOLS_RELEASENOTES_DIR\=/Applications/Xcode.app/Contents/Developer/ADC\ Reference\ Library/releasenotes/DeveloperTools
    export SYSTEM_DEVELOPER_USR_DIR\=/Applications/Xcode.app/Contents/Developer/usr
    export SYSTEM_DEVELOPER_UTILITIES_DIR\=/Applications/Xcode.app/Contents/Developer/Applications/Utilities
    export SYSTEM_DEXT_INSTALL_PATH\=/System/Library/DriverExtensions
    export SYSTEM_DOCUMENTATION_DIR\=/Library/Documentation
    export SYSTEM_EXTENSIONS_FOLDER_PATH\=risebysolis.app/SystemExtensions
    export SYSTEM_EXTENSIONS_FOLDER_PATH_SHALLOW_BUNDLE_NO\=risebysolis.app/Library/SystemExtensions
    export SYSTEM_EXTENSIONS_FOLDER_PATH_SHALLOW_BUNDLE_YES\=risebysolis.app/SystemExtensions
    export SYSTEM_KEXT_INSTALL_PATH\=/System/Library/Extensions
    export SYSTEM_LIBRARY_DIR\=/System/Library
    export TAPI_DEMANGLE\=YES
    export TAPI_ENABLE_PROJECT_HEADERS\=NO
    export TAPI_LANGUAGE\=objective-c
    export TAPI_LANGUAGE_STANDARD\=compiler-default
    export TAPI_USE_SRCROOT\=YES
    export TAPI_VERIFY_MODE\=Pedantic
    export TARGETED_DEVICE_FAMILY\=1
    export TARGETNAME\=risebysolis
    export TARGET_BUILD_DIR\=/Users/antoniogrillo-balen/Library/Developer/Xcode/DerivedData/risebysolis-gzfsziqwziaggpcbgdowmssiasmi/Build/Products/Debug-iphonesimulator
    export TARGET_DEVICE_IDENTIFIER\=0C333F8A-4681-4475-855E-6FFD70F12533
    export TARGET_DEVICE_MODEL\=iPhone16,2
    export TARGET_DEVICE_OS_VERSION\=26.4.1
    export TARGET_DEVICE_PLATFORM_NAME\=iphonesimulator
    export TARGET_NAME\=risebysolis
    export TARGET_TEMP_DIR\=/Users/antoniogrillo-balen/Library/Developer/Xcode/DerivedData/risebysolis-gzfsziqwziaggpcbgdowmssiasmi/Build/Intermediates.noindex/risebysolis.build/Debug-iphonesimulator/risebysolis.build
    export TEMP_DIR\=/Users/antoniogrillo-balen/Library/Developer/Xcode/DerivedData/risebysolis-gzfsziqwziaggpcbgdowmssiasmi/Build/Intermediates.noindex/risebysolis.build/Debug-iphonesimulator/risebysolis.build
    export TEMP_FILES_DIR\=/Users/antoniogrillo-balen/Library/Developer/Xcode/DerivedData/risebysolis-gzfsziqwziaggpcbgdowmssiasmi/Build/Intermediates.noindex/risebysolis.build/Debug-iphonesimulator/risebysolis.build
    export TEMP_FILE_DIR\=/Users/antoniogrillo-balen/Library/Developer/Xcode/DerivedData/risebysolis-gzfsziqwziaggpcbgdowmssiasmi/Build/Intermediates.noindex/risebysolis.build/Debug-iphonesimulator/risebysolis.build
    export TEMP_ROOT\=/Users/antoniogrillo-balen/Library/Developer/Xcode/DerivedData/risebysolis-gzfsziqwziaggpcbgdowmssiasmi/Build/Intermediates.noindex
    export TEMP_SANDBOX_DIR\=/Users/antoniogrillo-balen/Library/Developer/Xcode/DerivedData/risebysolis-gzfsziqwziaggpcbgdowmssiasmi/Build/Intermediates.noindex/TemporaryTaskSandboxes
    export TEST_FRAMEWORK_SEARCH_PATHS\=\ /Applications/Xcode.app/Contents/Developer/Platforms/iPhoneSimulator.platform/Developer/Library/Frameworks\ /Applications/Xcode.app/Contents/Developer/Platforms/iPhoneSimulator.platform/Developer/SDKs/iPhoneSimulator26.5.sdk/Developer/Library/Frameworks
    export TEST_LIBRARY_SEARCH_PATHS\=\ /Applications/Xcode.app/Contents/Developer/Platforms/iPhoneSimulator.platform/Developer/usr/lib
    export TOOLCHAINS\=com.apple.dt.toolchain.XcodeDefault
    export TOOLCHAIN_DIR\=/Applications/Xcode.app/Contents/Developer/Toolchains/XcodeDefault.xctoolchain
    export TREAT_MISSING_BASELINES_AS_TEST_FAILURES\=NO
    export TREAT_MISSING_SCRIPT_PHASE_OUTPUTS_AS_ERRORS\=NO
    export TeamIdentifierPrefix\=FAKETEAMID.
    export UID\=501
    export UNINSTALLED_PRODUCTS_DIR\=/Users/antoniogrillo-balen/Library/Developer/Xcode/DerivedData/risebysolis-gzfsziqwziaggpcbgdowmssiasmi/Build/Intermediates.noindex/UninstalledProducts
    export UNLOCALIZED_RESOURCES_FOLDER_PATH\=risebysolis.app
    export UNLOCALIZED_RESOURCES_FOLDER_PATH_SHALLOW_BUNDLE_NO\=risebysolis.app/Resources
    export UNLOCALIZED_RESOURCES_FOLDER_PATH_SHALLOW_BUNDLE_YES\=risebysolis.app
    export UNSTRIPPED_PRODUCT\=NO
    export USER\=antoniogrillo-balen
    export USER_APPS_DIR\=/Users/antoniogrillo-balen/Applications
    export USER_LIBRARY_DIR\=/Users/antoniogrillo-balen/Library
    export USE_DYNAMIC_NO_PIC\=YES
    export USE_HEADERMAP\=YES
    export USE_HEADER_SYMLINKS\=NO
    export USE_HERMES\=true
    export USE_RECURSIVE_SCRIPT_INPUTS_IN_SCRIPT_PHASES\=YES
    export VALIDATE_DEVELOPMENT_ASSET_PATHS\=YES_ERROR
    export VALIDATE_PRODUCT\=NO
    export VALID_ARCHS\=arm64\ x86_64
    export VERBOSE_PBXCP\=NO
    export VERSIONING_SYSTEM\=apple-generic
    export VERSIONPLIST_PATH\=risebysolis.app/version.plist
    export VERSION_INFO_BUILDER\=antoniogrillo-balen
    export VERSION_INFO_FILE\=risebysolis_vers.c
    export VERSION_INFO_STRING\=\"@\(\#\)PROGRAM:risebysolis\ \ PROJECT:risebysolis-1\"
    export WORKSPACE_DIR\=/Users/antoniogrillo-balen/Desktop/Projects/RiseBuild/ios
    export WRAPPER_EXTENSION\=app
    export WRAPPER_NAME\=risebysolis.app
    export WRAPPER_SUFFIX\=.app
    export WRAP_ASSET_PACKS_IN_SEPARATE_DIRECTORIES\=NO
    export XCODE_APP_SUPPORT_DIR\=/Applications/Xcode.app/Contents/Developer/Library/Xcode
    export XCODE_PRODUCT_BUILD_VERSION\=17F42
    export XCODE_VERSION_ACTUAL\=2650
    export XCODE_VERSION_MAJOR\=2600
    export XCODE_VERSION_MINOR\=2650
    export XPCSERVICES_FOLDER_PATH\=risebysolis.app/XPCServices
    export YACC\=yacc
    export _DISCOVER_COMMAND_LINE_LINKER_INPUTS\=YES
    export _DISCOVER_COMMAND_LINE_LINKER_INPUTS_INCLUDE_WL\=YES
    export _LD_MULTIARCH\=YES
    export _WRAPPER_CONTENTS_DIR_SHALLOW_BUNDLE_NO\=/Contents
    export _WRAPPER_PARENT_PATH_SHALLOW_BUNDLE_NO\=/..
    export _WRAPPER_RESOURCES_DIR_SHALLOW_BUNDLE_NO\=/Resources
    export __DIAGNOSE_DEPRECATED_ARCHS\=YES
    export __IS_NOT_MACOS\=YES
    export __IS_NOT_MACOS_macosx\=NO
    export __IS_NOT_SIMULATOR\=NO
    export __IS_NOT_SIMULATOR_simulator\=NO
    export __ORIGINAL_SDK_DEFINED_LLVM_TARGET_TRIPLE_SYS\=ios
    export arch\=undefined_arch
    export variant\=normal
    /bin/sh -c /Users/antoniogrillo-balen/Library/Developer/Xcode/DerivedData/risebysolis-gzfsziqwziaggpcbgdowmssiasmi/Build/Intermediates.noindex/risebysolis.build/Debug-iphonesimulator/risebysolis.build/Script-022E17B894C41E20E44CC8F7.sh
Node found at: /Users/antoniogrillo-balen/.nvm/versions/node/v24.14.1/bin/node

SwiftDriver risebysolis normal arm64 com.apple.xcode.tools.swift.compiler (in target 'risebysolis' from project 'risebysolis')
    cd /Users/antoniogrillo-balen/Desktop/Projects/RiseBuild/ios
    builtin-SwiftDriver -- /Applications/Xcode.app/Contents/Developer/Toolchains/XcodeDefault.xctoolchain/usr/bin/swiftc -module-name risebysolis -Onone @/Users/antoniogrillo-balen/Library/Developer/Xcode/DerivedData/risebysolis-gzfsziqwziaggpcbgdowmssiasmi/Build/Intermediates.noindex/risebysolis.build/Debug-iphonesimulator/risebysolis.build/Objects-normal/arm64/risebysolis.SwiftFileList -DDEBUG -D COCOAPODS -D EXPO_CONFIGURATION_DEBUG -enable-bare-slash-regex -enable-experimental-feature DebugDescriptionMacro -sdk /Applications/Xcode.app/Contents/Developer/Platforms/iPhoneSimulator.platform/Developer/SDKs/iPhoneSimulator26.5.sdk -target arm64-apple-ios15.1-simulator -g -module-cache-path /Users/antoniogrillo-balen/Library/Developer/Xcode/DerivedData/ModuleCache.noindex -Xfrontend -serialize-debugging-options -enable-testing -index-store-path /Users/antoniogrillo-balen/Library/Developer/Xcode/DerivedData/risebysolis-gzfsziqwziaggpcbgdowmssiasmi/Index.noindex/DataStore -Xcc -D_LIBCPP_HARDENING_MODE\=_LIBCPP_HARDENING_MODE_DEBUG -swift-version 5 -I /Users/antoniogrillo-balen/Library/Developer/Xcode/DerivedData/risebysolis-gzfsziqwziaggpcbgdowmssiasmi/Build/Products/Debug-iphonesimulator -F /Users/antoniogrillo-balen/Library/Developer/Xcode/DerivedData/risebysolis-gzfsziqwziaggpcbgdowmssiasmi/Build/Products/Debug-iphonesimulator -F /Users/antoniogrillo-balen/Library/Developer/Xcode/DerivedData/risebysolis-gzfsziqwziaggpcbgdowmssiasmi/Build/Products/Debug-iphonesimulator/AppAuth -F /Users/antoniogrillo-balen/Library/Developer/Xcode/DerivedData/risebysolis-gzfsziqwziaggpcbgdowmssiasmi/Build/Products/Debug-iphonesimulator/AppCheckCore -F /Users/antoniogrillo-balen/Library/Developer/Xcode/DerivedData/risebysolis-gzfsziqwziaggpcbgdowmssiasmi/Build/Products/Debug-iphonesimulator/DoubleConversion -F /Users/antoniogrillo-balen/Library/Developer/Xcode/DerivedData/risebysolis-gzfsziqwziaggpcbgdowmssiasmi/Build/Products/Debug-iphonesimulator/EXApplication -F /Users/antoniogrillo-balen/Library/Developer/Xcode/DerivedData/risebysolis-gzfsziqwziaggpcbgdowmssiasmi/Build/Products/Debug-iphonesimulator/EXConstants -F /Users/antoniogrillo-balen/Library/Developer/Xcode/DerivedData/risebysolis-gzfsziqwziaggpcbgdowmssiasmi/Build/Products/Debug-iphonesimulator/EXNotifications -F /Users/antoniogrillo-balen/Library/Developer/Xcode/DerivedData/risebysolis-gzfsziqwziaggpcbgdowmssiasmi/Build/Products/Debug-iphonesimulator/Expo -F /Users/antoniogrillo-balen/Library/Developer/Xcode/DerivedData/risebysolis-gzfsziqwziaggpcbgdowmssiasmi/Build/Products/Debug-iphonesimulator/ExpoAdapterGoogleSignIn -F /Users/antoniogrillo-balen/Library/Developer/Xcode/DerivedData/risebysolis-gzfsziqwziaggpcbgdowmssiasmi/Build/Products/Debug-iphonesimulator/ExpoAppleAuthentication -F /Users/antoniogrillo-balen/Library/Developer/Xcode/DerivedData/risebysolis-gzfsziqwziaggpcbgdowmssiasmi/Build/Products/Debug-iphonesimulator/ExpoAsset -F /Users/antoniogrillo-balen/Library/Developer/Xcode/DerivedData/risebysolis-gzfsziqwziaggpcbgdowmssiasmi/Build/Products/Debug-iphonesimulator/ExpoCrypto -F /Users/antoniogrillo-balen/Library/Developer/Xcode/DerivedData/risebysolis-gzfsziqwziaggpcbgdowmssiasmi/Build/Products/Debug-iphonesimulator/ExpoFileSystem -F /Users/antoniogrillo-balen/Library/Developer/Xcode/DerivedData/risebysolis-gzfsziqwziaggpcbgdowmssiasmi/Build/Products/Debug-iphonesimulator/ExpoFont -F /Users/antoniogrillo-balen/Library/Developer/Xcode/DerivedData/risebysolis-gzfsziqwziaggpcbgdowmssiasmi/Build/Products/Debug-iphonesimulator/ExpoHaptics -F /Users/antoniogrillo-balen/Library/Developer/Xcode/DerivedData/risebysolis-gzfsziqwziaggpcbgdowmssiasmi/Build/Products/Debug-iphonesimulator/ExpoHead -F /Users/antoniogrillo-balen/Library/Developer/Xcode/DerivedData/risebysolis-gzfsziqwziaggpcbgdowmssiasmi/Build/Products/Debug-iphonesimulator/ExpoKeepAwake -F /Users/antoniogrillo-balen/Library/Developer/Xcode/DerivedData/risebysolis-gzfsziqwziaggpcbgdowmssiasmi/Build/Products/Debug-iphonesimulator/ExpoLinking -F /Users/antoniogrillo-balen/Library/Developer/Xcode/DerivedData/risebysolis-gzfsziqwziaggpcbgdowmssiasmi/Build/Products/Debug-iphonesimulator/ExpoModulesCore -F /Users/antoniogrillo-balen/Library/Developer/Xcode/DerivedData/risebysolis-gzfsziqwziaggpcbgdowmssiasmi/Build/Products/Debug-iphonesimulator/ExpoSecureStore -F /Users/antoniogrillo-balen/Library/Developer/Xcode/DerivedData/risebysolis-gzfsziqwziaggpcbgdowmssiasmi/Build/Products/Debug-iphonesimulator/ExpoSplashScreen -F /Users/antoniogrillo-balen/Library/Developer/Xcode/DerivedData/risebysolis-gzfsziqwziaggpcbgdowmssiasmi/Build/Products/Debug-iphonesimulator/FirebaseAppCheckInterop -F /Users/antoniogrillo-balen/Library/Developer/Xcode/DerivedData/risebysolis-gzfsziqwziaggpcbgdowmssiasmi/Build/Products/Debug-iphonesimulator/FirebaseAuth -F /Users/antoniogrillo-balen/Library/Developer/Xcode/DerivedData/risebysolis-gzfsziqwziaggpcbgdowmssiasmi/Build/Products/Debug-iphonesimulator/FirebaseAuthInterop -F /Users/antoniogrillo-balen/Library/Developer/Xcode/DerivedData/risebysolis-gzfsziqwziaggpcbgdowmssiasmi/Build/Products/Debug-iphonesimulator/FirebaseCore -F /Users/antoniogrillo-balen/Library/Developer/Xcode/DerivedData/risebysolis-gzfsziqwziaggpcbgdowmssiasmi/Build/Products/Debug-iphonesimulator/FirebaseCoreExtension -F /Users/antoniogrillo-balen/Library/Developer/Xcode/DerivedData/risebysolis-gzfsziqwziaggpcbgdowmssiasmi/Build/Products/Debug-iphonesimulator/FirebaseCoreInternal -F /Users/antoniogrillo-balen/Library/Developer/Xcode/DerivedData/risebysolis-gzfsziqwziaggpcbgdowmssiasmi/Build/Products/Debug-iphonesimulator/GTMAppAuth -F /Users/antoniogrillo-balen/Library/Developer/Xcode/DerivedData/risebysolis-gzfsziqwziaggpcbgdowmssiasmi/Build/Products/Debug-iphonesimulator/GTMSessionFetcher -F /Users/antoniogrillo-balen/Library/Developer/Xcode/DerivedData/risebysolis-gzfsziqwziaggpcbgdowmssiasmi/Build/Products/Debug-iphonesimulator/GoogleSignIn -F /Users/antoniogrillo-balen/Library/Developer/Xcode/DerivedData/risebysolis-gzfsziqwziaggpcbgdowmssiasmi/Build/Products/Debug-iphonesimulator/GoogleUtilities -F /Users/antoniogrillo-balen/Library/Developer/Xcode/DerivedData/risebysolis-gzfsziqwziaggpcbgdowmssiasmi/Build/Products/Debug-iphonesimulator/PromisesObjC -F /Users/antoniogrillo-balen/Library/Developer/Xcode/DerivedData/risebysolis-gzfsziqwziaggpcbgdowmssiasmi/Build/Products/Debug-iphonesimulator/PurchasesHybridCommon -F /Users/antoniogrillo-balen/Library/Developer/Xcode/DerivedData/risebysolis-gzfsziqwziaggpcbgdowmssiasmi/Build/Products/Debug-iphonesimulator/RCT-Folly -F /Users/antoniogrillo-balen/Library/Developer/Xcode/DerivedData/risebysolis-gzfsziqwziaggpcbgdowmssiasmi/Build/Products/Debug-iphonesimulator/RCTDeprecation -F /Users/antoniogrillo-balen/Library/Developer/Xcode/DerivedData/risebysolis-gzfsziqwziaggpcbgdowmssiasmi/Build/Products/Debug-iphonesimulator/RCTTypeSafety -F /Users/antoniogrillo-balen/Library/Developer/Xcode/DerivedData/risebysolis-gzfsziqwziaggpcbgdowmssiasmi/Build/Products/Debug-iphonesimulator/RNFBApp -F /Users/antoniogrillo-balen/Library/Developer/Xcode/DerivedData/risebysolis-gzfsziqwziaggpcbgdowmssiasmi/Build/Products/Debug-iphonesimulator/RNFBAuth -F /Users/antoniogrillo-balen/Library/Developer/Xcode/DerivedData/risebysolis-gzfsziqwziaggpcbgdowmssiasmi/Build/Products/Debug-iphonesimulator/RNGestureHandler -F /Users/antoniogrillo-balen/Library/Developer/Xcode/DerivedData/risebysolis-gzfsziqwziaggpcbgdowmssiasmi/Build/Products/Debug-iphonesimulator/RNGoogleSignin -F /Users/antoniogrillo-balen/Library/Developer/Xcode/DerivedData/risebysolis-gzfsziqwziaggpcbgdowmssiasmi/Build/Products/Debug-iphonesimulator/RNPurchases -F /Users/antoniogrillo-balen/Library/Developer/Xcode/DerivedData/risebysolis-gzfsziqwziaggpcbgdowmssiasmi/Build/Products/Debug-iphonesimulator/RNReanimated -F /Users/antoniogrillo-balen/Library/Developer/Xcode/DerivedData/risebysolis-gzfsziqwziaggpcbgdowmssiasmi/Build/Products/Debug-iphonesimulator/RNScreens -F /Users/antoniogrillo-balen/Library/Developer/Xcode/DerivedData/risebysolis-gzfsziqwziaggpcbgdowmssiasmi/Build/Products/Debug-iphonesimulator/React-Core -F /Users/antoniogrillo-balen/Library/Developer/Xcode/DerivedData/risebysolis-gzfsziqwziaggpcbgdowmssiasmi/Build/Products/Debug-iphonesimulator/React-CoreModules -F /Users/antoniogrillo-balen/Library/Developer/Xcode/DerivedData/risebysolis-gzfsziqwziaggpcbgdowmssiasmi/Build/Products/Debug-iphonesimulator/React-Fabric -F /Users/antoniogrillo-balen/Library/Developer/Xcode/DerivedData/risebysolis-gzfsziqwziaggpcbgdowmssiasmi/Build/Products/Debug-iphonesimulator/React-FabricComponents -F /Users/antoniogrillo-balen/Library/Developer/Xcode/DerivedData/risebysolis-gzfsziqwziaggpcbgdowmssiasmi/Build/Products/Debug-iphonesimulator/React-FabricImage -F /Users/antoniogrillo-balen/Library/Developer/Xcode/DerivedData/risebysolis-gzfsziqwziaggpcbgdowmssiasmi/Build/Products/Debug-iphonesimulator/React-ImageManager -F /Users/antoniogrillo-balen/Library/Developer/Xcode/DerivedData/risebysolis-gzfsziqwziaggpcbgdowmssiasmi/Build/Products/Debug-iphonesimulator/React-Mapbuffer -F /Users/antoniogrillo-balen/Library/Developer/Xcode/DerivedData/risebysolis-gzfsziqwziaggpcbgdowmssiasmi/Build/Products/Debug-iphonesimulator/React-NativeModulesApple -F /Users/antoniogrillo-balen/Library/Developer/Xcode/DerivedData/risebysolis-gzfsziqwziaggpcbgdowmssiasmi/Build/Products/Debug-iphonesimulator/React-RCTAnimation -F /Users/antoniogrillo-balen/Library/Developer/Xcode/DerivedData/risebysolis-gzfsziqwziaggpcbgdowmssiasmi/Build/Products/Debug-iphonesimulator/React-RCTAppDelegate -F /Users/antoniogrillo-balen/Library/Developer/Xcode/DerivedData/risebysolis-gzfsziqwziaggpcbgdowmssiasmi/Build/Products/Debug-iphonesimulator/React-RCTBlob -F /Users/antoniogrillo-balen/Library/Developer/Xcode/DerivedData/risebysolis-gzfsziqwziaggpcbgdowmssiasmi/Build/Products/Debug-iphonesimulator/React-RCTFabric -F /Users/antoniogrillo-balen/Library/Developer/Xcode/DerivedData/risebysolis-gzfsziqwziaggpcbgdowmssiasmi/Build/Products/Debug-iphonesimulator/React-RCTImage -F /Users/antoniogrillo-balen/Library/Developer/Xcode/DerivedData/risebysolis-gzfsziqwziaggpcbgdowmssiasmi/Build/Products/Debug-iphonesimulator/React-RCTLinking -F /Users/antoniogrillo-balen/Library/Developer/Xcode/DerivedData/risebysolis-gzfsziqwziaggpcbgdowmssiasmi/Build/Products/Debug-iphonesimulator/React-RCTNetwork -F /Users/antoniogrillo-balen/Library/Developer/Xcode/DerivedData/risebysolis-gzfsziqwziaggpcbgdowmssiasmi/Build/Products/Debug-iphonesimulator/React-RCTSettings -F /Users/antoniogrillo-balen/Library/Developer/Xcode/DerivedData/risebysolis-gzfsziqwziaggpcbgdowmssiasmi/Build/Products/Debug-iphonesimulator/React-RCTText -F /Users/antoniogrillo-balen/Library/Developer/Xcode/DerivedData/risebysolis-gzfsziqwziaggpcbgdowmssiasmi/Build/Products/Debug-iphonesimulator/React-RCTVibration -F /Users/antoniogrillo-balen/Library/Developer/Xcode/DerivedData/risebysolis-gzfsziqwziaggpcbgdowmssiasmi/Build/Products/Debug-iphonesimulator/React-RuntimeApple -F /Users/antoniogrillo-balen/Library/Developer/Xcode/DerivedData/risebysolis-gzfsziqwziaggpcbgdowmssiasmi/Build/Products/Debug-iphonesimulator/React-RuntimeCore -F /Users/antoniogrillo-balen/Library/Developer/Xcode/DerivedData/risebysolis-gzfsziqwziaggpcbgdowmssiasmi/Build/Products/Debug-iphonesimulator/React-RuntimeHermes -F /Users/antoniogrillo-balen/Library/Developer/Xcode/DerivedData/risebysolis-gzfsziqwziaggpcbgdowmssiasmi/Build/Products/Debug-iphonesimulator/React-cxxreact -F /Users/antoniogrillo-balen/Library/Developer/Xcode/DerivedData/risebysolis-gzfsziqwziaggpcbgdowmssiasmi/Build/Products/Debug-iphonesimulator/React-debug -F /Users/antoniogrillo-balen/Library/Developer/Xcode/DerivedData/risebysolis-gzfsziqwziaggpcbgdowmssiasmi/Build/Products/Debug-iphonesimulator/React-defaultsnativemodule -F /Users/antoniogrillo-balen/Library/Developer/Xcode/DerivedData/risebysolis-gzfsziqwziaggpcbgdowmssiasmi/Build/Products/Debug-iphonesimulator/React-domnativemodule -F /Users/antoniogrillo-balen/Library/Developer/Xcode/DerivedData/risebysolis-gzfsziqwziaggpcbgdowmssiasmi/Build/Products/Debug-iphonesimulator/React-featureflags -F /Users/antoniogrillo-balen/Library/Developer/Xcode/DerivedData/risebysolis-gzfsziqwziaggpcbgdowmssiasmi/Build/Products/Debug-iphonesimulator/React-featureflagsnativemodule -F /Users/antoniogrillo-balen/Library/Developer/Xcode/DerivedData/risebysolis-gzfsziqwziaggpcbgdowmssiasmi/Build/Products/Debug-iphonesimulator/React-graphics -F /Users/antoniogrillo-balen/Library/Developer/Xcode/DerivedData/risebysolis-gzfsziqwziaggpcbgdowmssiasmi/Build/Products/Debug-iphonesimulator/React-hermes -F /Users/antoniogrillo-balen/Library/Developer/Xcode/DerivedData/risebysolis-gzfsziqwziaggpcbgdowmssiasmi/Build/Products/Debug-iphonesimulator/React-idlecallbacksnativemodule -F /Users/antoniogrillo-balen/Library/Developer/Xcode/DerivedData/risebysolis-gzfsziqwziaggpcbgdowmssiasmi/Build/Products/Debug-iphonesimulator/React-jserrorhandler -F /Users/antoniogrillo-balen/Library/Developer/Xcode/DerivedData/risebysolis-gzfsziqwziaggpcbgdowmssiasmi/Build/Products/Debug-iphonesimulator/React-jsi -F /Users/antoniogrillo-balen/Library/Developer/Xcode/DerivedData/risebysolis-gzfsziqwziaggpcbgdowmssiasmi/Build/Products/Debug-iphonesimulator/React-jsiexecutor -F /Users/antoniogrillo-balen/Library/Developer/Xcode/DerivedData/risebysolis-gzfsziqwziaggpcbgdowmssiasmi/Build/Products/Debug-iphonesimulator/React-jsinspector -F /Users/antoniogrillo-balen/Library/Developer/Xcode/DerivedData/risebysolis-gzfsziqwziaggpcbgdowmssiasmi/Build/Products/Debug-iphonesimulator/React-logger -F /Users/antoniogrillo-balen/Library/Developer/Xcode/DerivedData/risebysolis-gzfsziqwziaggpcbgdowmssiasmi/Build/Products/Debug-iphonesimulator/React-microtasksnativemodule -F /Users/antoniogrillo-balen/Library/Developer/Xcode/DerivedData/risebysolis-gzfsziqwziaggpcbgdowmssiasmi/Build/Products/Debug-iphonesimulator/React-nativeconfig -F /Users/antoniogrillo-balen/Library/Developer/Xcode/DerivedData/risebysolis-gzfsziqwziaggpcbgdowmssiasmi/Build/Products/Debug-iphonesimulator/React-perflogger -F /Users/antoniogrillo-balen/Library/Developer/Xcode/DerivedData/risebysolis-gzfsziqwziaggpcbgdowmssiasmi/Build/Products/Debug-iphonesimulator/React-performancetimeline -F /Users/antoniogrillo-balen/Library/Developer/Xcode/DerivedData/risebysolis-gzfsziqwziaggpcbgdowmssiasmi/Build/Products/Debug-iphonesimulator/React-rendererconsistency -F /Users/antoniogrillo-balen/Library/Developer/Xcode/DerivedData/risebysolis-gzfsziqwziaggpcbgdowmssiasmi/Build/Products/Debug-iphonesimulator/React-rendererdebug -F /Users/antoniogrillo-balen/Library/Developer/Xcode/DerivedData/risebysolis-gzfsziqwziaggpcbgdowmssiasmi/Build/Products/Debug-iphonesimulator/React-runtimescheduler -F /Users/antoniogrillo-balen/Library/Developer/Xcode/DerivedData/risebysolis-gzfsziqwziaggpcbgdowmssiasmi/Build/Products/Debug-iphonesimulator/React-utils -F /Users/antoniogrillo-balen/Library/Developer/Xcode/DerivedData/risebysolis-gzfsziqwziaggpcbgdowmssiasmi/Build/Products/Debug-iphonesimulator/ReactCodegen -F /Users/antoniogrillo-balen/Library/Developer/Xcode/DerivedData/risebysolis-gzfsziqwziaggpcbgdowmssiasmi/Build/Products/Debug-iphonesimulator/ReactCommon -F /Users/antoniogrillo-balen/Library/Developer/Xcode/DerivedData/risebysolis-gzfsziqwziaggpcbgdowmssiasmi/Build/Products/Debug-iphonesimulator/RecaptchaInterop -F /Users/antoniogrillo-balen/Library/Developer/Xcode/DerivedData/risebysolis-gzfsziqwziaggpcbgdowmssiasmi/Build/Products/Debug-iphonesimulator/RevenueCat -F /Users/antoniogrillo-balen/Library/Developer/Xcode/DerivedData/risebysolis-gzfsziqwziaggpcbgdowmssiasmi/Build/Products/Debug-iphonesimulator/SocketRocket -F /Users/antoniogrillo-balen/Library/Developer/Xcode/DerivedData/risebysolis-gzfsziqwziaggpcbgdowmssiasmi/Build/Products/Debug-iphonesimulator/Yoga -F /Users/antoniogrillo-balen/Library/Developer/Xcode/DerivedData/risebysolis-gzfsziqwziaggpcbgdowmssiasmi/Build/Products/Debug-iphonesimulator/fmt -F /Users/antoniogrillo-balen/Library/Developer/Xcode/DerivedData/risebysolis-gzfsziqwziaggpcbgdowmssiasmi/Build/Products/Debug-iphonesimulator/glog -F /Users/antoniogrillo-balen/Library/Developer/Xcode/DerivedData/risebysolis-gzfsziqwziaggpcbgdowmssiasmi/Build/Products/Debug-iphonesimulator/react-native-mmkv -F /Users/antoniogrillo-balen/Library/Developer/Xcode/DerivedData/risebysolis-gzfsziqwziaggpcbgdowmssiasmi/Build/Products/Debug-iphonesimulator/react-native-safe-area-context -F /Users/antoniogrillo-balen/Desktop/Projects/RiseBuild/ios/Pods/hermes-engine/destroot/Library/Frameworks/universal -F /Users/antoniogrillo-balen/Library/Developer/Xcode/DerivedData/risebysolis-gzfsziqwziaggpcbgdowmssiasmi/Build/Products/Debug-iphonesimulator/XCFrameworkIntermediates/hermes-engine/Pre-built -c -j8 -enable-batch-mode -incremental -Xcc -ivfsstatcache -Xcc /Users/antoniogrillo-balen/Library/Developer/Xcode/DerivedData/SDKStatCaches.noindex/iphonesimulator26.5-23F73-6cfe768891a92b912361537c460fe42b.sdkstatcache -output-file-map /Users/antoniogrillo-balen/Library/Developer/Xcode/DerivedData/risebysolis-gzfsziqwziaggpcbgdowmssiasmi/Build/Intermediates.noindex/risebysolis.build/Debug-iphonesimulator/risebysolis.build/Objects-normal/arm64/risebysolis-OutputFileMap.json -use-frontend-parseable-output -save-temps -no-color-diagnostics -explicit-module-build -module-cache-path /Users/antoniogrillo-balen/Library/Developer/Xcode/DerivedData/risebysolis-gzfsziqwziaggpcbgdowmssiasmi/Build/Intermediates.noindex/SwiftExplicitPrecompiledModules -clang-scanner-module-cache-path /Users/antoniogrillo-balen/Library/Developer/Xcode/DerivedData/ModuleCache.noindex -sdk-module-cache-path /Users/antoniogrillo-balen/Library/Developer/Xcode/DerivedData/ModuleCache.noindex -serialize-diagnostics -emit-dependencies -emit-module -emit-module-path /Users/antoniogrillo-balen/Library/Developer/Xcode/DerivedData/risebysolis-gzfsziqwziaggpcbgdowmssiasmi/Build/Intermediates.noindex/risebysolis.build/Debug-iphonesimulator/risebysolis.build/Objects-normal/arm64/risebysolis.swiftmodule -validate-clang-modules-once -clang-build-session-file /Users/antoniogrillo-balen/Library/Developer/Xcode/DerivedData/ModuleCache.noindex/Session.modulevalidation -Xcc -I/Users/antoniogrillo-balen/Library/Developer/Xcode/DerivedData/risebysolis-gzfsziqwziaggpcbgdowmssiasmi/Build/Intermediates.noindex/risebysolis.build/Debug-iphonesimulator/risebysolis.build/swift-overrides.hmap -emit-const-values -Xfrontend -const-gather-protocols-file -Xfrontend /Users/antoniogrillo-balen/Library/Developer/Xcode/DerivedData/risebysolis-gzfsziqwziaggpcbgdowmssiasmi/Build/Intermediates.noindex/risebysolis.build/Debug-iphonesimulator/risebysolis.build/Objects-normal/arm64/risebysolis_const_extract_protocols.json -Xcc -iquote -Xcc /Users/antoniogrillo-balen/Library/Developer/Xcode/DerivedData/risebysolis-gzfsziqwziaggpcbgdowmssiasmi/Build/Intermediates.noindex/risebysolis.build/Debug-iphonesimulator/risebysolis.build/risebysolis-generated-files.hmap -Xcc -I/Users/antoniogrillo-balen/Library/Developer/Xcode/DerivedData/risebysolis-gzfsziqwziaggpcbgdowmssiasmi/Build/Intermediates.noindex/risebysolis.build/Debug-iphonesimulator/risebysolis.build/risebysolis-own-target-headers.hmap -Xcc -I/Users/antoniogrillo-balen/Library/Developer/Xcode/DerivedData/risebysolis-gzfsziqwziaggpcbgdowmssiasmi/Build/Intermediates.noindex/risebysolis.build/Debug-iphonesimulator/risebysolis.build/risebysolis-all-non-framework-target-headers.hmap -Xcc -ivfsoverlay -Xcc /Users/antoniogrillo-balen/Library/Developer/Xcode/DerivedData/risebysolis-gzfsziqwziaggpcbgdowmssiasmi/Build/Intermediates.noindex/risebysolis.build/Debug-iphonesimulator/risebysolis-f3d299422e93638f9a6d1e5771fa6c55-VFS-iphonesimulator/all-product-headers.yaml -Xcc -iquote -Xcc /Users/antoniogrillo-balen/Library/Developer/Xcode/DerivedData/risebysolis-gzfsziqwziaggpcbgdowmssiasmi/Build/Intermediates.noindex/risebysolis.build/Debug-iphonesimulator/risebysolis.build/risebysolis-project-headers.hmap -Xcc -I/Users/antoniogrillo-balen/Library/Developer/Xcode/DerivedData/risebysolis-gzfsziqwziaggpcbgdowmssiasmi/Build/Products/Debug-iphonesimulator/include -Xcc -I/Users/antoniogrillo-balen/Library/Developer/Xcode/DerivedData/risebysolis-gzfsziqwziaggpcbgdowmssiasmi/Build/Products/Debug-iphonesimulator/ReactCommon/ReactCommon.framework/Headers -Xcc -I/Users/antoniogrillo-balen/Library/Developer/Xcode/DerivedData/risebysolis-gzfsziqwziaggpcbgdowmssiasmi/Build/Products/Debug-iphonesimulator/ReactCommon/ReactCommon.framework/Headers/react/nativemodule/core -Xcc -I/Users/antoniogrillo-balen/Library/Developer/Xcode/DerivedData/risebysolis-gzfsziqwziaggpcbgdowmssiasmi/Build/Products/Debug-iphonesimulator/ReactCommon-Samples/ReactCommon_Samples.framework/Headers -Xcc -I/Users/antoniogrillo-balen/Library/Developer/Xcode/DerivedData/risebysolis-gzfsziqwziaggpcbgdowmssiasmi/Build/Products/Debug-iphonesimulator/ReactCommon-Samples/ReactCommon_Samples.framework/Headers/platform/ios -Xcc -I/Users/antoniogrillo-balen/Library/Developer/Xcode/DerivedData/risebysolis-gzfsziqwziaggpcbgdowmssiasmi/Build/Products/Debug-iphonesimulator/React-Fabric/React_Fabric.framework/Headers/react/renderer/components/view/platform/cxx -Xcc -I/Users/antoniogrillo-balen/Library/Developer/Xcode/DerivedData/risebysolis-gzfsziqwziaggpcbgdowmssiasmi/Build/Products/Debug-iphonesimulator/React-NativeModulesApple/React_NativeModulesApple.framework/Headers -Xcc -I/Users/antoniogrillo-balen/Library/Developer/Xcode/DerivedData/risebysolis-gzfsziqwziaggpcbgdowmssiasmi/Build/Products/Debug-iphonesimulator/React-graphics/React_graphics.framework/Headers -Xcc -I/Users/antoniogrillo-balen/Library/Developer/Xcode/DerivedData/risebysolis-gzfsziqwziaggpcbgdowmssiasmi/Build/Products/Debug-iphonesimulator/React-graphics/React_graphics.framework/Headers/react/renderer/graphics/platform/ios -Xcc -I/Users/antoniogrillo-balen/Library/Developer/Xcode/DerivedData/risebysolis-gzfsziqwziaggpcbgdowmssiasmi/Build/Products/Debug-iphonesimulator/AppAuth/AppAuth.framework/Headers -Xcc -I/Users/antoniogrillo-balen/Library/Developer/Xcode/DerivedData/risebysolis-gzfsziqwziaggpcbgdowmssiasmi/Build/Products/Debug-iphonesimulator/AppCheckCore/AppCheckCore.framework/Headers -Xcc -I/Users/antoniogrillo-balen/Library/Developer/Xcode/DerivedData/risebysolis-gzfsziqwziaggpcbgdowmssiasmi/Build/Products/Debug-iphonesimulator/DoubleConversion/DoubleConversion.framework/Headers -Xcc -I/Users/antoniogrillo-balen/Library/Developer/Xcode/DerivedData/risebysolis-gzfsziqwziaggpcbgdowmssiasmi/Build/Products/Debug-iphonesimulator/EXApplication/EXApplication.framework/Headers -Xcc -I/Users/antoniogrillo-balen/Library/Developer/Xcode/DerivedData/risebysolis-gzfsziqwziaggpcbgdowmssiasmi/Build/Products/Debug-iphonesimulator/EXConstants/EXConstants.framework/Headers -Xcc -I/Users/antoniogrillo-balen/Library/Developer/Xcode/DerivedData/risebysolis-gzfsziqwziaggpcbgdowmssiasmi/Build/Products/Debug-iphonesimulator/EXNotifications/EXNotifications.framework/Headers -Xcc -I/Users/antoniogrillo-balen/Library/Developer/Xcode/DerivedData/risebysolis-gzfsziqwziaggpcbgdowmssiasmi/Build/Products/Debug-iphonesimulator/Expo/Expo.framework/Headers -Xcc -I/Users/antoniogrillo-balen/Library/Developer/Xcode/DerivedData/risebysolis-gzfsziqwziaggpcbgdowmssiasmi/Build/Products/Debug-iphonesimulator/ExpoAdapterGoogleSignIn/ExpoAdapterGoogleSignIn.framework/Headers -Xcc -I/Users/antoniogrillo-balen/Library/Developer/Xcode/DerivedData/risebysolis-gzfsziqwziaggpcbgdowmssiasmi/Build/Products/Debug-iphonesimulator/ExpoAppleAuthentication/ExpoAppleAuthentication.framework/Headers -Xcc -I/Users/antoniogrillo-balen/Library/Developer/Xcode/DerivedData/risebysolis-gzfsziqwziaggpcbgdowmssiasmi/Build/Products/Debug-iphonesimulator/ExpoAsset/ExpoAsset.framework/Headers -Xcc -I/Users/antoniogrillo-balen/Library/Developer/Xcode/DerivedData/risebysolis-gzfsziqwziaggpcbgdowmssiasmi/Build/Products/Debug-iphonesimulator/ExpoCrypto/ExpoCrypto.framework/Headers -Xcc -I/Users/antoniogrillo-balen/Library/Developer/Xcode/DerivedData/risebysolis-gzfsziqwziaggpcbgdowmssiasmi/Build/Products/Debug-iphonesimulator/ExpoFileSystem/ExpoFileSystem.framework/Headers -Xcc -I/Users/antoniogrillo-balen/Library/Developer/Xcode/DerivedData/risebysolis-gzfsziqwziaggpcbgdowmssiasmi/Build/Products/Debug-iphonesimulator/ExpoFont/ExpoFont.framework/Headers -Xcc -I/Users/antoniogrillo-balen/Library/Developer/Xcode/DerivedData/risebysolis-gzfsziqwziaggpcbgdowmssiasmi/Build/Products/Debug-iphonesimulator/ExpoHaptics/ExpoHaptics.framework/Headers -Xcc -I/Users/antoniogrillo-balen/Library/Developer/Xcode/DerivedData/risebysolis-gzfsziqwziaggpcbgdowmssiasmi/Build/Products/Debug-iphonesimulator/ExpoHead/ExpoHead.framework/Headers -Xcc -I/Users/antoniogrillo-balen/Library/Developer/Xcode/DerivedData/risebysolis-gzfsziqwziaggpcbgdowmssiasmi/Build/Products/Debug-iphonesimulator/ExpoKeepAwake/ExpoKeepAwake.framework/Headers -Xcc -I/Users/antoniogrillo-balen/Library/Developer/Xcode/DerivedData/risebysolis-gzfsziqwziaggpcbgdowmssiasmi/Build/Products/Debug-iphonesimulator/ExpoLinking/ExpoLinking.framework/Headers -Xcc -I/Users/antoniogrillo-balen/Library/Developer/Xcode/DerivedData/risebysolis-gzfsziqwziaggpcbgdowmssiasmi/Build/Products/Debug-iphonesimulator/ExpoModulesCore/ExpoModulesCore.framework/Headers -Xcc -I/Users/antoniogrillo-balen/Library/Developer/Xcode/DerivedData/risebysolis-gzfsziqwziaggpcbgdowmssiasmi/Build/Products/Debug-iphonesimulator/ExpoSecureStore/ExpoSecureStore.framework/Headers -Xcc -I/Users/antoniogrillo-balen/Library/Developer/Xcode/DerivedData/risebysolis-gzfsziqwziaggpcbgdowmssiasmi/Build/Products/Debug-iphonesimulator/ExpoSplashScreen/ExpoSplashScreen.framework/Headers -Xcc -I/Users/antoniogrillo-balen/Library/Developer/Xcode/DerivedData/risebysolis-gzfsziqwziaggpcbgdowmssiasmi/Build/Products/Debug-iphonesimulator/FirebaseAppCheckInterop/FirebaseAppCheckInterop.framework/Headers -Xcc -I/Users/antoniogrillo-balen/Library/Developer/Xcode/DerivedData/risebysolis-gzfsziqwziaggpcbgdowmssiasmi/Build/Products/Debug-iphonesimulator/FirebaseAuth/FirebaseAuth.framework/Headers -Xcc -I/Users/antoniogrillo-balen/Library/Developer/Xcode/DerivedData/risebysolis-gzfsziqwziaggpcbgdowmssiasmi/Build/Products/Debug-iphonesimulator/FirebaseAuthInterop/FirebaseAuthInterop.framework/Headers -Xcc -I/Users/antoniogrillo-balen/Library/Developer/Xcode/DerivedData/risebysolis-gzfsziqwziaggpcbgdowmssiasmi/Build/Products/Debug-iphonesimulator/FirebaseCore/FirebaseCore.framework/Headers -Xcc -I/Users/antoniogrillo-balen/Library/Developer/Xcode/DerivedData/risebysolis-gzfsziqwziaggpcbgdowmssiasmi/Build/Products/Debug-iphonesimulator/FirebaseCoreExtension/FirebaseCoreExtension.framework/Headers -Xcc -I/Users/antoniogrillo-balen/Library/Developer/Xcode/DerivedData/risebysolis-gzfsziqwziaggpcbgdowmssiasmi/Build/Products/Debug-iphonesimulator/FirebaseCoreInternal/FirebaseCoreInternal.framework/Headers -Xcc -I/Users/antoniogrillo-balen/Library/Developer/Xcode/DerivedData/risebysolis-gzfsziqwziaggpcbgdowmssiasmi/Build/Products/Debug-iphonesimulator/GTMAppAuth/GTMAppAuth.framework/Headers -Xcc -I/Users/antoniogrillo-balen/Library/Developer/Xcode/DerivedData/risebysolis-gzfsziqwziaggpcbgdowmssiasmi/Build/Products/Debug-iphonesimulator/GTMSessionFetcher/GTMSessionFetcher.framework/Headers -Xcc -I/Users/antoniogrillo-balen/Library/Developer/Xcode/DerivedData/risebysolis-gzfsziqwziaggpcbgdowmssiasmi/Build/Products/Debug-iphonesimulator/GoogleSignIn/GoogleSignIn.framework/Headers -Xcc -I/Users/antoniogrillo-balen/Library/Developer/Xcode/DerivedData/risebysolis-gzfsziqwziaggpcbgdowmssiasmi/Build/Products/Debug-iphonesimulator/GoogleUtilities/GoogleUtilities.framework/Headers -Xcc -I/Users/antoniogrillo-balen/Library/Developer/Xcode/DerivedData/risebysolis-gzfsziqwziaggpcbgdowmssiasmi/Build/Products/Debug-iphonesimulator/PromisesObjC/FBLPromises.framework/Headers -Xcc -I/Users/antoniogrillo-balen/Library/Developer/Xcode/DerivedData/risebysolis-gzfsziqwziaggpcbgdowmssiasmi/Build/Products/Debug-iphonesimulator/PurchasesHybridCommon/PurchasesHybridCommon.framework/Headers -Xcc -I/Users/antoniogrillo-balen/Library/Developer/Xcode/DerivedData/risebysolis-gzfsziqwziaggpcbgdowmssiasmi/Build/Products/Debug-iphonesimulator/RCT-Folly/folly.framework/Headers -Xcc -I/Users/antoniogrillo-balen/Library/Developer/Xcode/DerivedData/risebysolis-gzfsziqwziaggpcbgdowmssiasmi/Build/Products/Debug-iphonesimulator/RCTDeprecation/RCTDeprecation.framework/Headers -Xcc -I/Users/antoniogrillo-balen/Library/Developer/Xcode/DerivedData/risebysolis-gzfsziqwziaggpcbgdowmssiasmi/Build/Products/Debug-iphonesimulator/RCTTypeSafety/RCTTypeSafety.framework/Headers -Xcc -I/Users/antoniogrillo-balen/Library/Developer/Xcode/DerivedData/risebysolis-gzfsziqwziaggpcbgdowmssiasmi/Build/Products/Debug-iphonesimulator/RNFBApp/RNFBApp.framework/Headers -Xcc -I/Users/antoniogrillo-balen/Library/Developer/Xcode/DerivedData/risebysolis-gzfsziqwziaggpcbgdowmssiasmi/Build/Products/Debug-iphonesimulator/RNFBAuth/RNFBAuth.framework/Headers -Xcc -I/Users/antoniogrillo-balen/Library/Developer/Xcode/DerivedData/risebysolis-gzfsziqwziaggpcbgdowmssiasmi/Build/Products/Debug-iphonesimulator/RNGestureHandler/RNGestureHandler.framework/Headers -Xcc -I/Users/antoniogrillo-balen/Library/Developer/Xcode/DerivedData/risebysolis-gzfsziqwziaggpcbgdowmssiasmi/Build/Products/Debug-iphonesimulator/RNGoogleSignin/RNGoogleSignin.framework/Headers -Xcc -I/Users/antoniogrillo-balen/Library/Developer/Xcode/DerivedData/risebysolis-gzfsziqwziaggpcbgdowmssiasmi/Build/Products/Debug-iphonesimulator/RNPurchases/RNPurchases.framework/Headers -Xcc -I/Users/antoniogrillo-balen/Library/Developer/Xcode/DerivedData/risebysolis-gzfsziqwziaggpcbgdowmssiasmi/Build/Products/Debug-iphonesimulator/RNReanimated/RNReanimated.framework/Headers -Xcc -I/Users/antoniogrillo-balen/Library/Developer/Xcode/DerivedData/risebysolis-gzfsziqwziaggpcbgdowmssiasmi/Build/Products/Debug-iphonesimulator/RNScreens/RNScreens.framework/Headers -Xcc -I/Users/antoniogrillo-balen/Library/Developer/Xcode/DerivedData/risebysolis-gzfsziqwziaggpcbgdowmssiasmi/Build/Products/Debug-iphonesimulator/React-Core/React.framework/Headers -Xcc -I/Users/antoniogrillo-balen/Library/Developer/Xcode/DerivedData/risebysolis-gzfsziqwziaggpcbgdowmssiasmi/Build/Products/Debug-iphonesimulator/React-CoreModules/CoreModules.framework/Headers -Xcc -I/Users/antoniogrillo-balen/Library/Developer/Xcode/DerivedData/risebysolis-gzfsziqwziaggpcbgdowmssiasmi/Build/Products/Debug-iphonesimulator/React-Fabric/React_Fabric.framework/Headers -Xcc -I/Users/antoniogrillo-balen/Library/Developer/Xcode/DerivedData/risebysolis-gzfsziqwziaggpcbgdowmssiasmi/Build/Products/Debug-iphonesimulator/React-FabricComponents/React_FabricComponents.framework/Headers -Xcc -I/Users/antoniogrillo-balen/Library/Developer/Xcode/DerivedData/risebysolis-gzfsziqwziaggpcbgdowmssiasmi/Build/Products/Debug-iphonesimulator/React-FabricImage/React_FabricImage.framework/Headers -Xcc -I/Users/antoniogrillo-balen/Library/Developer/Xcode/DerivedData/risebysolis-gzfsziqwziaggpcbgdowmssiasmi/Build/Products/Debug-iphonesimulator/React-ImageManager/React_ImageManager.framework/Headers -Xcc -I/Users/antoniogrillo-balen/Library/Developer/Xcode/DerivedData/risebysolis-gzfsziqwziaggpcbgdowmssiasmi/Build/Products/Debug-iphonesimulator/React-Mapbuffer/React_Mapbuffer.framework/Headers -Xcc -I/Users/antoniogrillo-balen/Library/Developer/Xcode/DerivedData/risebysolis-gzfsziqwziaggpcbgdowmssiasmi/Build/Products/Debug-iphonesimulator/React-NativeModulesApple/React_NativeModulesApple.framework/Headers -Xcc -I/Users/antoniogrillo-balen/Library/Developer/Xcode/DerivedData/risebysolis-gzfsziqwziaggpcbgdowmssiasmi/Build/Products/Debug-iphonesimulator/React-RCTAnimation/RCTAnimation.framework/Headers -Xcc -I/Users/antoniogrillo-balen/Library/Developer/Xcode/DerivedData/risebysolis-gzfsziqwziaggpcbgdowmssiasmi/Build/Products/Debug-iphonesimulator/React-RCTAppDelegate/React_RCTAppDelegate.framework/Headers -Xcc -I/Users/antoniogrillo-balen/Library/Developer/Xcode/DerivedData/risebysolis-gzfsziqwziaggpcbgdowmssiasmi/Build/Products/Debug-iphonesimulator/React-RCTBlob/RCTBlob.framework/Headers -Xcc -I/Users/antoniogrillo-balen/Library/Developer/Xcode/DerivedData/risebysolis-gzfsziqwziaggpcbgdowmssiasmi/Build/Products/Debug-iphonesimulator/React-RCTFabric/RCTFabric.framework/Headers -Xcc -I/Users/antoniogrillo-balen/Library/Developer/Xcode/DerivedData/risebysolis-gzfsziqwziaggpcbgdowmssiasmi/Build/Products/Debug-iphonesimulator/React-RCTImage/RCTImage.framework/Headers -Xcc -I/Users/antoniogrillo-balen/Library/Developer/Xcode/DerivedData/risebysolis-gzfsziqwziaggpcbgdowmssiasmi/Build/Products/Debug-iphonesimulator/React-RCTLinking/RCTLinking.framework/Headers -Xcc -I/Users/antoniogrillo-balen/Library/Developer/Xcode/DerivedData/risebysolis-gzfsziqwziaggpcbgdowmssiasmi/Build/Products/Debug-iphonesimulator/React-RCTNetwork/RCTNetwork.framework/Headers -Xcc -I/Users/antoniogrillo-balen/Library/Developer/Xcode/DerivedData/risebysolis-gzfsziqwziaggpcbgdowmssiasmi/Build/Products/Debug-iphonesimulator/React-RCTSettings/RCTSettings.framework/Headers -Xcc -I/Users/antoniogrillo-balen/Library/Developer/Xcode/DerivedData/risebysolis-gzfsziqwziaggpcbgdowmssiasmi/Build/Products/Debug-iphonesimulator/React-RCTText/RCTText.framework/Headers -Xcc -I/Users/antoniogrillo-balen/Library/Developer/Xcode/DerivedData/risebysolis-gzfsziqwziaggpcbgdowmssiasmi/Build/Products/Debug-iphonesimulator/React-RCTVibration/RCTVibration.framework/Headers -Xcc -I/Users/antoniogrillo-balen/Library/Developer/Xcode/DerivedData/risebysolis-gzfsziqwziaggpcbgdowmssiasmi/Build/Products/Debug-iphonesimulator/React-RuntimeApple/React_RuntimeApple.framework/Headers -Xcc -I/Users/antoniogrillo-balen/Library/Developer/Xcode/DerivedData/risebysolis-gzfsziqwziaggpcbgdowmssiasmi/Build/Products/Debug-iphonesimulator/React-RuntimeCore/React_RuntimeCore.framework/Headers -Xcc -I/Users/antoniogrillo-balen/Library/Developer/Xcode/DerivedData/risebysolis-gzfsziqwziaggpcbgdowmssiasmi/Build/Products/Debug-iphonesimulator/React-RuntimeHermes/React_RuntimeHermes.framework/Headers -Xcc -I/Users/antoniogrillo-balen/Library/Developer/Xcode/DerivedData/risebysolis-gzfsziqwziaggpcbgdowmssiasmi/Build/Products/Debug-iphonesimulator/React-cxxreact/cxxreact.framework/Headers -Xcc -I/Users/antoniogrillo-balen/Library/Developer/Xcode/DerivedData/risebysolis-gzfsziqwziaggpcbgdowmssiasmi/Build/Products/Debug-iphonesimulator/React-debug/React_debug.framework/Headers -Xcc -I/Users/antoniogrillo-balen/Library/Developer/Xcode/DerivedData/risebysolis-gzfsziqwziaggpcbgdowmssiasmi/Build/Products/Debug-iphonesimulator/React-defaultsnativemodule/React_defaultsnativemodule.framework/Headers -Xcc -I/Users/antoniogrillo-balen/Library/Developer/Xcode/DerivedData/risebysolis-gzfsziqwziaggpcbgdowmssiasmi/Build/Products/Debug-iphonesimulator/React-domnativemodule/React_domnativemodule.framework/Headers -Xcc -I/Users/antoniogrillo-balen/Library/Developer/Xcode/DerivedData/risebysolis-gzfsziqwziaggpcbgdowmssiasmi/Build/Products/Debug-iphonesimulator/React-featureflags/React_featureflags.framework/Headers -Xcc -I/Users/antoniogrillo-balen/Library/Developer/Xcode/DerivedData/risebysolis-gzfsziqwziaggpcbgdowmssiasmi/Build/Products/Debug-iphonesimulator/React-featureflagsnativemodule/React_featureflagsnativemodule.framework/Headers -Xcc -I/Users/antoniogrillo-balen/Library/Developer/Xcode/DerivedData/risebysolis-gzfsziqwziaggpcbgdowmssiasmi/Build/Products/Debug-iphonesimulator/React-graphics/React_graphics.framework/Headers -Xcc -I/Users/antoniogrillo-balen/Library/Developer/Xcode/DerivedData/risebysolis-gzfsziqwziaggpcbgdowmssiasmi/Build/Products/Debug-iphonesimulator/React-hermes/reacthermes.framework/Headers -Xcc -I/Users/antoniogrillo-balen/Library/Developer/Xcode/DerivedData/risebysolis-gzfsziqwziaggpcbgdowmssiasmi/Build/Products/Debug-iphonesimulator/React-idlecallbacksnativemodule/idlecallbacksnativemodule.framework/Headers -Xcc -I/Users/antoniogrillo-balen/Library/Developer/Xcode/DerivedData/risebysolis-gzfsziqwziaggpcbgdowmssiasmi/Build/Products/Debug-iphonesimulator/React-jserrorhandler/React_jserrorhandler.framework/Headers -Xcc -I/Users/antoniogrillo-balen/Library/Developer/Xcode/DerivedData/risebysolis-gzfsziqwziaggpcbgdowmssiasmi/Build/Products/Debug-iphonesimulator/React-jsi/jsi.framework/Headers -Xcc -I/Users/antoniogrillo-balen/Library/Developer/Xcode/DerivedData/risebysolis-gzfsziqwziaggpcbgdowmssiasmi/Build/Products/Debug-iphonesimulator/React-jsiexecutor/jsireact.framework/Headers -Xcc -I/Users/antoniogrillo-balen/Library/Developer/Xcode/DerivedData/risebysolis-gzfsziqwziaggpcbgdowmssiasmi/Build/Products/Debug-iphonesimulator/React-jsinspector/jsinspector_modern.framework/Headers -Xcc -I/Users/antoniogrillo-balen/Library/Developer/Xcode/DerivedData/risebysolis-gzfsziqwziaggpcbgdowmssiasmi/Build/Products/Debug-iphonesimulator/React-logger/logger.framework/Headers -Xcc -I/Users/antoniogrillo-balen/Library/Developer/Xcode/DerivedData/risebysolis-gzfsziqwziaggpcbgdowmssiasmi/Build/Products/Debug-iphonesimulator/React-microtasksnativemodule/React_microtasksnativemodule.framework/Headers -Xcc -I/Users/antoniogrillo-balen/Library/Developer/Xcode/DerivedData/risebysolis-gzfsziqwziaggpcbgdowmssiasmi/Build/Products/Debug-iphonesimulator/React-nativeconfig/React_nativeconfig.framework/Headers -Xcc -I/Users/antoniogrillo-balen/Library/Developer/Xcode/DerivedData/risebysolis-gzfsziqwziaggpcbgdowmssiasmi/Build/Products/Debug-iphonesimulator/React-perflogger/reactperflogger.framework/Headers -Xcc -I/Users/antoniogrillo-balen/Library/Developer/Xcode/DerivedData/risebysolis-gzfsziqwziaggpcbgdowmssiasmi/Build/Products/Debug-iphonesimulator/React-performancetimeline/React_performancetimeline.framework/Headers -Xcc -I/Users/antoniogrillo-balen/Library/Developer/Xcode/DerivedData/risebysolis-gzfsziqwziaggpcbgdowmssiasmi/Build/Products/Debug-iphonesimulator/React-rendererconsistency/React_rendererconsistency.framework/Headers -Xcc -I/Users/antoniogrillo-balen/Library/Developer/Xcode/DerivedData/risebysolis-gzfsziqwziaggpcbgdowmssiasmi/Build/Products/Debug-iphonesimulator/React-rendererdebug/React_rendererdebug.framework/Headers -Xcc -I/Users/antoniogrillo-balen/Library/Developer/Xcode/DerivedData/risebysolis-gzfsziqwziaggpcbgdowmssiasmi/Build/Products/Debug-iphonesimulator/React-runtimescheduler/React_runtimescheduler.framework/Headers -Xcc -I/Users/antoniogrillo-balen/Library/Developer/Xcode/DerivedData/risebysolis-gzfsziqwziaggpcbgdowmssiasmi/Build/Products/Debug-iphonesimulator/React-utils/React_utils.framework/Headers -Xcc -I/Users/antoniogrillo-balen/Library/Developer/Xcode/DerivedData/risebysolis-gzfsziqwziaggpcbgdowmssiasmi/Build/Products/Debug-iphonesimulator/ReactCodegen/ReactCodegen.framework/Headers -Xcc -I/Users/antoniogrillo-balen/Library/Developer/Xcode/DerivedData/risebysolis-gzfsziqwziaggpcbgdowmssiasmi/Build/Products/Debug-iphonesimulator/ReactCommon/ReactCommon.framework/Headers -Xcc -I/Users/antoniogrillo-balen/Library/Developer/Xcode/DerivedData/risebysolis-gzfsziqwziaggpcbgdowmssiasmi/Build/Products/Debug-iphonesimulator/RecaptchaInterop/RecaptchaInterop.framework/Headers -Xcc -I/Users/antoniogrillo-balen/Library/Developer/Xcode/DerivedData/risebysolis-gzfsziqwziaggpcbgdowmssiasmi/Build/Products/Debug-iphonesimulator/RevenueCat/RevenueCat.framework/Headers -Xcc -I/Users/antoniogrillo-balen/Library/Developer/Xcode/DerivedData/risebysolis-gzfsziqwziaggpcbgdowmssiasmi/Build/Products/Debug-iphonesimulator/SocketRocket/SocketRocket.framework/Headers -Xcc -I/Users/antoniogrillo-balen/Library/Developer/Xcode/DerivedData/risebysolis-gzfsziqwziaggpcbgdowmssiasmi/Build/Products/Debug-iphonesimulator/Yoga/yoga.framework/Headers -Xcc -I/Users/antoniogrillo-balen/Library/Developer/Xcode/DerivedData/risebysolis-gzfsziqwziaggpcbgdowmssiasmi/Build/Products/Debug-iphonesimulator/fmt/fmt.framework/Headers -Xcc -I/Users/antoniogrillo-balen/Library/Developer/Xcode/DerivedData/risebysolis-gzfsziqwziaggpcbgdowmssiasmi/Build/Products/Debug-iphonesimulator/glog/glog.framework/Headers -Xcc -I/Users/antoniogrillo-balen/Library/Developer/Xcode/DerivedData/risebysolis-gzfsziqwziaggpcbgdowmssiasmi/Build/Products/Debug-iphonesimulator/react-native-mmkv/react_native_mmkv.framework/Headers -Xcc -I/Users/antoniogrillo-balen/Library/Developer/Xcode/DerivedData/risebysolis-gzfsziqwziaggpcbgdowmssiasmi/Build/Products/Debug-iphonesimulator/react-native-safe-area-context/react_native_safe_area_context.framework/Headers -Xcc -I/Users/antoniogrillo-balen/Desktop/Projects/RiseBuild/ios/Pods/Headers/Public -Xcc -I/Users/antoniogrillo-balen/Desktop/Projects/RiseBuild/ios/Pods/Headers/Public/FBLazyVector -Xcc -I/Users/antoniogrillo-balen/Desktop/Projects/RiseBuild/ios/Pods/Headers/Public/Firebase -Xcc -I/Users/antoniogrillo-balen/Desktop/Projects/RiseBuild/ios/Pods/Headers/Public/RCTRequired -Xcc -I/Users/antoniogrillo-balen/Desktop/Projects/RiseBuild/ios/Pods/Headers/Public/React-callinvoker -Xcc -I/Users/antoniogrillo-balen/Desktop/Projects/RiseBuild/ios/Pods/Headers/Public/React-runtimeexecutor -Xcc -I/Users/antoniogrillo-balen/Desktop/Projects/RiseBuild/ios/Pods/Headers/Public/React-timing -Xcc -I/Users/antoniogrillo-balen/Desktop/Projects/RiseBuild/ios/Pods/Headers/Public/boost -Xcc -I/Users/antoniogrillo-balen/Desktop/Projects/RiseBuild/ios/Pods/Headers/Public/fast_float -Xcc -I/Users/antoniogrillo-balen/Desktop/Projects/RiseBuild/ios/Pods/Headers/Public/hermes-engine -Xcc -I/Users/antoniogrillo-balen/Desktop/Projects/RiseBuild/ios/Pods/DoubleConversion -Xcc -I/Users/antoniogrillo-balen/Library/Developer/Xcode/DerivedData/risebysolis-gzfsziqwziaggpcbgdowmssiasmi/Build/Products/Debug-iphonesimulator/Expo/Swift\ Compatibility\ Header -Xcc -I/Users/antoniogrillo-balen/Library/Developer/Xcode/DerivedData/risebysolis-gzfsziqwziaggpcbgdowmssiasmi/Build/Products/Debug-iphonesimulator/ExpoModulesCore/Swift\ Compatibility\ Header -Xcc -I/Users/antoniogrillo-balen/Desktop/Projects/RiseBuild/ios/Pods/Headers/Private/Yoga -Xcc -I/Users/antoniogrillo-balen/Library/Developer/Xcode/DerivedData/risebysolis-gzfsziqwziaggpcbgdowmssiasmi/Build/Products/Debug-iphonesimulator/ReactCommon/ReactCommon.framework/Headers -Xcc -I/Users/antoniogrillo-balen/Library/Developer/Xcode/DerivedData/risebysolis-gzfsziqwziaggpcbgdowmssiasmi/Build/Products/Debug-iphonesimulator/ReactCommon/ReactCommon.framework/Headers/react/nativemodule/core -Xcc -I/Users/antoniogrillo-balen/Library/Developer/Xcode/DerivedData/risebysolis-gzfsziqwziaggpcbgdowmssiasmi/Build/Products/Debug-iphonesimulator/ReactCommon-Samples/ReactCommon_Samples.framework/Headers -Xcc -I/Users/antoniogrillo-balen/Library/Developer/Xcode/DerivedData/risebysolis-gzfsziqwziaggpcbgdowmssiasmi/Build/Products/Debug-iphonesimulator/ReactCommon-Samples/ReactCommon_Samples.framework/Headers/platform/ios -Xcc -I/Users/antoniogrillo-balen/Library/Developer/Xcode/DerivedData/risebysolis-gzfsziqwziaggpcbgdowmssiasmi/Build/Products/Debug-iphonesimulator/React-Fabric/React_Fabric.framework/Headers/react/renderer/components/view/platform/cxx -Xcc -I/Users/antoniogrillo-balen/Library/Developer/Xcode/DerivedData/risebysolis-gzfsziqwziaggpcbgdowmssiasmi/Build/Products/Debug-iphonesimulator/React-NativeModulesApple/React_NativeModulesApple.framework/Headers -Xcc -I/Users/antoniogrillo-balen/Library/Developer/Xcode/DerivedData/risebysolis-gzfsziqwziaggpcbgdowmssiasmi/Build/Products/Debug-iphonesimulator/React-graphics/React_graphics.framework/Headers -Xcc -I/Users/antoniogrillo-balen/Library/Developer/Xcode/DerivedData/risebysolis-gzfsziqwziaggpcbgdowmssiasmi/Build/Products/Debug-iphonesimulator/React-graphics/React_graphics.framework/Headers/react/renderer/graphics/platform/ios -Xcc -I/Users/antoniogrillo-balen/Desktop/Projects/RiseBuild/ios/Pods/Firebase/CoreOnly/Sources -Xcc -I/Users/antoniogrillo-balen/Desktop/Projects/RiseBuild/ios/Pods/boost -Xcc -I/Users/antoniogrillo-balen/Desktop/Projects/RiseBuild/ios/Pods/boost -Xcc -I/Users/antoniogrillo-balen/Desktop/Projects/RiseBuild/ios/Pods/boost-for-react-native -Xcc -I/Users/antoniogrillo-balen/Desktop/Projects/RiseBuild/ios/Pods/glog -Xcc -I/Users/antoniogrillo-balen/Desktop/Projects/RiseBuild/ios/Pods/RCT-Folly -Xcc -I/Users/antoniogrillo-balen/Desktop/Projects/RiseBuild/ios/Pods/Headers/Public/React-hermes -Xcc -I/Users/antoniogrillo-balen/Desktop/Projects/RiseBuild/ios/Pods/Headers/Public/hermes-engine -Xcc -I/Users/antoniogrillo-balen/Desktop/Projects/RiseBuild/node_modules/react-native/ReactCommon -Xcc -I/Users/antoniogrillo-balen/Desktop/Projects/RiseBuild/node_modules/react-native-reanimated/apple -Xcc -I/Users/antoniogrillo-balen/Desktop/Projects/RiseBuild/node_modules/react-native-reanimated/Common/cpp -Xcc -I/Users/antoniogrillo-balen/Desktop/Projects/RiseBuild/ios/Pods/Headers/Private/React-Core -Xcc -I/Users/antoniogrillo-balen/Desktop/Projects/RiseBuild/ios/Pods/Headers/Private/React-Core -Xcc -I/Users/antoniogrillo-balen/Desktop/Projects/RiseBuild/ios/Pods/Headers/Private/Yoga -Xcc -I/Users/antoniogrillo-balen/Library/Developer/Xcode/DerivedData/risebysolis-gzfsziqwziaggpcbgdowmssiasmi/Build/Intermediates.noindex/risebysolis.build/Debug-iphonesimulator/risebysolis.build/DerivedSources-normal/arm64 -Xcc -I/Users/antoniogrillo-balen/Library/Developer/Xcode/DerivedData/risebysolis-gzfsziqwziaggpcbgdowmssiasmi/Build/Intermediates.noindex/risebysolis.build/Debug-iphonesimulator/risebysolis.build/DerivedSources/arm64 -Xcc -I/Users/antoniogrillo-balen/Library/Developer/Xcode/DerivedData/risebysolis-gzfsziqwziaggpcbgdowmssiasmi/Build/Intermediates.noindex/risebysolis.build/Debug-iphonesimulator/risebysolis.build/DerivedSources -Xcc -DDEBUG\=1 -Xcc -DCOCOAPODS\=1 -Xcc -DFB_SONARKIT_ENABLED\=1 -emit-objc-header -emit-objc-header-path /Users/antoniogrillo-balen/Library/Developer/Xcode/DerivedData/risebysolis-gzfsziqwziaggpcbgdowmssiasmi/Build/Intermediates.noindex/risebysolis.build/Debug-iphonesimulator/risebysolis.build/Objects-normal/arm64/risebysolis-Swift.h -import-objc-header /Users/antoniogrillo-balen/Desktop/Projects/RiseBuild/ios/risebysolis/risebysolis-Bridging-Header.h -working-directory /Users/antoniogrillo-balen/Desktop/Projects/RiseBuild/ios -experimental-emit-module-separately -disable-cmo

ProcessInfoPlistFile /Users/antoniogrillo-balen/Library/Developer/Xcode/DerivedData/risebysolis-gzfsziqwziaggpcbgdowmssiasmi/Build/Products/Debug-iphonesimulator/risebysolis.app/Info.plist /Users/antoniogrillo-balen/Desktop/Projects/RiseBuild/ios/risebysolis/Info.plist (in target 'risebysolis' from project 'risebysolis')
    cd /Users/antoniogrillo-balen/Desktop/Projects/RiseBuild/ios
    builtin-infoPlistUtility /Users/antoniogrillo-balen/Desktop/Projects/RiseBuild/ios/risebysolis/Info.plist -producttype com.apple.product-type.application -genpkginfo /Users/antoniogrillo-balen/Library/Developer/Xcode/DerivedData/risebysolis-gzfsziqwziaggpcbgdowmssiasmi/Build/Products/Debug-iphonesimulator/risebysolis.app/PkgInfo -expandbuildsettings -format binary -platform iphonesimulator -additionalcontentfile /Users/antoniogrillo-balen/Library/Developer/Xcode/DerivedData/risebysolis-gzfsziqwziaggpcbgdowmssiasmi/Build/Intermediates.noindex/risebysolis.build/Debug-iphonesimulator/risebysolis.build/SplashScreen-SBPartialInfo.plist -additionalcontentfile /Users/antoniogrillo-balen/Library/Developer/Xcode/DerivedData/risebysolis-gzfsziqwziaggpcbgdowmssiasmi/Build/Intermediates.noindex/risebysolis.build/Debug-iphonesimulator/risebysolis.build/assetcatalog_generated_info.plist -o /Users/antoniogrillo-balen/Library/Developer/Xcode/DerivedData/risebysolis-gzfsziqwziaggpcbgdowmssiasmi/Build/Products/Debug-iphonesimulator/risebysolis.app/Info.plist

CpResource /Users/antoniogrillo-balen/Library/Developer/Xcode/DerivedData/risebysolis-gzfsziqwziaggpcbgdowmssiasmi/Build/Products/Debug-iphonesimulator/risebysolis.app/PrivacyInfo.xcprivacy /Users/antoniogrillo-balen/Desktop/Projects/RiseBuild/ios/risebysolis/PrivacyInfo.xcprivacy (in target 'risebysolis' from project 'risebysolis')
    cd /Users/antoniogrillo-balen/Desktop/Projects/RiseBuild/ios
    builtin-copy -exclude .DS_Store -exclude CVS -exclude .svn -exclude .git -exclude .hg -resolve-src-symlinks /Users/antoniogrillo-balen/Desktop/Projects/RiseBuild/ios/risebysolis/PrivacyInfo.xcprivacy /Users/antoniogrillo-balen/Library/Developer/Xcode/DerivedData/risebysolis-gzfsziqwziaggpcbgdowmssiasmi/Build/Products/Debug-iphonesimulator/risebysolis.app

SwiftGeneratePch normal arm64 Compiling\ bridging\ header (in target 'risebysolis' from project 'risebysolis')

SwiftDriverJobDiscovery normal arm64 Compiling bridging header (in target 'risebysolis' from project 'risebysolis')

SwiftCompile normal arm64 Compiling\ ExpoModulesProvider.swift /Users/antoniogrillo-balen/Desktop/Projects/RiseBuild/ios/Pods/Target\ Support\ Files/Pods-risebysolis/ExpoModulesProvider.swift (in target 'risebysolis' from project 'risebysolis')

SwiftCompile normal arm64 /Users/antoniogrillo-balen/Desktop/Projects/RiseBuild/ios/Pods/Target\ Support\ Files/Pods-risebysolis/ExpoModulesProvider.swift (in target 'risebysolis' from project 'risebysolis')
    cd /Users/antoniogrillo-balen/Desktop/Projects/RiseBuild/ios
    

SwiftEmitModule normal arm64 Emitting\ module\ for\ risebysolis (in target 'risebysolis' from project 'risebysolis')

EmitSwiftModule normal arm64 (in target 'risebysolis' from project 'risebysolis')
    cd /Users/antoniogrillo-balen/Desktop/Projects/RiseBuild/ios
    

SwiftDriverJobDiscovery normal arm64 Emitting module for risebysolis (in target 'risebysolis' from project 'risebysolis')

SwiftDriver\ Compilation\ Requirements risebysolis normal arm64 com.apple.xcode.tools.swift.compiler (in target 'risebysolis' from project 'risebysolis')
    cd /Users/antoniogrillo-balen/Desktop/Projects/RiseBuild/ios
    builtin-Swift-Compilation-Requirements -- /Applications/Xcode.app/Contents/Developer/Toolchains/XcodeDefault.xctoolchain/usr/bin/swiftc -module-name risebysolis -Onone @/Users/antoniogrillo-balen/Library/Developer/Xcode/DerivedData/risebysolis-gzfsziqwziaggpcbgdowmssiasmi/Build/Intermediates.noindex/risebysolis.build/Debug-iphonesimulator/risebysolis.build/Objects-normal/arm64/risebysolis.SwiftFileList -DDEBUG -D COCOAPODS -D EXPO_CONFIGURATION_DEBUG -enable-bare-slash-regex -enable-experimental-feature DebugDescriptionMacro -sdk /Applications/Xcode.app/Contents/Developer/Platforms/iPhoneSimulator.platform/Developer/SDKs/iPhoneSimulator26.5.sdk -target arm64-apple-ios15.1-simulator -g -module-cache-path /Users/antoniogrillo-balen/Library/Developer/Xcode/DerivedData/ModuleCache.noindex -Xfrontend -serialize-debugging-options -enable-testing -index-store-path /Users/antoniogrillo-balen/Library/Developer/Xcode/DerivedData/risebysolis-gzfsziqwziaggpcbgdowmssiasmi/Index.noindex/DataStore -Xcc -D_LIBCPP_HARDENING_MODE\=_LIBCPP_HARDENING_MODE_DEBUG -swift-version 5 -I /Users/antoniogrillo-balen/Library/Developer/Xcode/DerivedData/risebysolis-gzfsziqwziaggpcbgdowmssiasmi/Build/Products/Debug-iphonesimulator -F /Users/antoniogrillo-balen/Library/Developer/Xcode/DerivedData/risebysolis-gzfsziqwziaggpcbgdowmssiasmi/Build/Products/Debug-iphonesimulator -F /Users/antoniogrillo-balen/Library/Developer/Xcode/DerivedData/risebysolis-gzfsziqwziaggpcbgdowmssiasmi/Build/Products/Debug-iphonesimulator/AppAuth -F /Users/antoniogrillo-balen/Library/Developer/Xcode/DerivedData/risebysolis-gzfsziqwziaggpcbgdowmssiasmi/Build/Products/Debug-iphonesimulator/AppCheckCore -F /Users/antoniogrillo-balen/Library/Developer/Xcode/DerivedData/risebysolis-gzfsziqwziaggpcbgdowmssiasmi/Build/Products/Debug-iphonesimulator/DoubleConversion -F /Users/antoniogrillo-balen/Library/Developer/Xcode/DerivedData/risebysolis-gzfsziqwziaggpcbgdowmssiasmi/Build/Products/Debug-iphonesimulator/EXApplication -F /Users/antoniogrillo-balen/Library/Developer/Xcode/DerivedData/risebysolis-gzfsziqwziaggpcbgdowmssiasmi/Build/Products/Debug-iphonesimulator/EXConstants -F /Users/antoniogrillo-balen/Library/Developer/Xcode/DerivedData/risebysolis-gzfsziqwziaggpcbgdowmssiasmi/Build/Products/Debug-iphonesimulator/EXNotifications -F /Users/antoniogrillo-balen/Library/Developer/Xcode/DerivedData/risebysolis-gzfsziqwziaggpcbgdowmssiasmi/Build/Products/Debug-iphonesimulator/Expo -F /Users/antoniogrillo-balen/Library/Developer/Xcode/DerivedData/risebysolis-gzfsziqwziaggpcbgdowmssiasmi/Build/Products/Debug-iphonesimulator/ExpoAdapterGoogleSignIn -F /Users/antoniogrillo-balen/Library/Developer/Xcode/DerivedData/risebysolis-gzfsziqwziaggpcbgdowmssiasmi/Build/Products/Debug-iphonesimulator/ExpoAppleAuthentication -F /Users/antoniogrillo-balen/Library/Developer/Xcode/DerivedData/risebysolis-gzfsziqwziaggpcbgdowmssiasmi/Build/Products/Debug-iphonesimulator/ExpoAsset -F /Users/antoniogrillo-balen/Library/Developer/Xcode/DerivedData/risebysolis-gzfsziqwziaggpcbgdowmssiasmi/Build/Products/Debug-iphonesimulator/ExpoCrypto -F /Users/antoniogrillo-balen/Library/Developer/Xcode/DerivedData/risebysolis-gzfsziqwziaggpcbgdowmssiasmi/Build/Products/Debug-iphonesimulator/ExpoFileSystem -F /Users/antoniogrillo-balen/Library/Developer/Xcode/DerivedData/risebysolis-gzfsziqwziaggpcbgdowmssiasmi/Build/Products/Debug-iphonesimulator/ExpoFont -F /Users/antoniogrillo-balen/Library/Developer/Xcode/DerivedData/risebysolis-gzfsziqwziaggpcbgdowmssiasmi/Build/Products/Debug-iphonesimulator/ExpoHaptics -F /Users/antoniogrillo-balen/Library/Developer/Xcode/DerivedData/risebysolis-gzfsziqwziaggpcbgdowmssiasmi/Build/Products/Debug-iphonesimulator/ExpoHead -F /Users/antoniogrillo-balen/Library/Developer/Xcode/DerivedData/risebysolis-gzfsziqwziaggpcbgdowmssiasmi/Build/Products/Debug-iphonesimulator/ExpoKeepAwake -F /Users/antoniogrillo-balen/Library/Developer/Xcode/DerivedData/risebysolis-gzfsziqwziaggpcbgdowmssiasmi/Build/Products/Debug-iphonesimulator/ExpoLinking -F /Users/antoniogrillo-balen/Library/Developer/Xcode/DerivedData/risebysolis-gzfsziqwziaggpcbgdowmssiasmi/Build/Products/Debug-iphonesimulator/ExpoModulesCore -F /Users/antoniogrillo-balen/Library/Developer/Xcode/DerivedData/risebysolis-gzfsziqwziaggpcbgdowmssiasmi/Build/Products/Debug-iphonesimulator/ExpoSecureStore -F /Users/antoniogrillo-balen/Library/Developer/Xcode/DerivedData/risebysolis-gzfsziqwziaggpcbgdowmssiasmi/Build/Products/Debug-iphonesimulator/ExpoSplashScreen -F /Users/antoniogrillo-balen/Library/Developer/Xcode/DerivedData/risebysolis-gzfsziqwziaggpcbgdowmssiasmi/Build/Products/Debug-iphonesimulator/FirebaseAppCheckInterop -F /Users/antoniogrillo-balen/Library/Developer/Xcode/DerivedData/risebysolis-gzfsziqwziaggpcbgdowmssiasmi/Build/Products/Debug-iphonesimulator/FirebaseAuth -F /Users/antoniogrillo-balen/Library/Developer/Xcode/DerivedData/risebysolis-gzfsziqwziaggpcbgdowmssiasmi/Build/Products/Debug-iphonesimulator/FirebaseAuthInterop -F /Users/antoniogrillo-balen/Library/Developer/Xcode/DerivedData/risebysolis-gzfsziqwziaggpcbgdowmssiasmi/Build/Products/Debug-iphonesimulator/FirebaseCore -F /Users/antoniogrillo-balen/Library/Developer/Xcode/DerivedData/risebysolis-gzfsziqwziaggpcbgdowmssiasmi/Build/Products/Debug-iphonesimulator/FirebaseCoreExtension -F /Users/antoniogrillo-balen/Library/Developer/Xcode/DerivedData/risebysolis-gzfsziqwziaggpcbgdowmssiasmi/Build/Products/Debug-iphonesimulator/FirebaseCoreInternal -F /Users/antoniogrillo-balen/Library/Developer/Xcode/DerivedData/risebysolis-gzfsziqwziaggpcbgdowmssiasmi/Build/Products/Debug-iphonesimulator/GTMAppAuth -F /Users/antoniogrillo-balen/Library/Developer/Xcode/DerivedData/risebysolis-gzfsziqwziaggpcbgdowmssiasmi/Build/Products/Debug-iphonesimulator/GTMSessionFetcher -F /Users/antoniogrillo-balen/Library/Developer/Xcode/DerivedData/risebysolis-gzfsziqwziaggpcbgdowmssiasmi/Build/Products/Debug-iphonesimulator/GoogleSignIn -F /Users/antoniogrillo-balen/Library/Developer/Xcode/DerivedData/risebysolis-gzfsziqwziaggpcbgdowmssiasmi/Build/Products/Debug-iphonesimulator/GoogleUtilities -F /Users/antoniogrillo-balen/Library/Developer/Xcode/DerivedData/risebysolis-gzfsziqwziaggpcbgdowmssiasmi/Build/Products/Debug-iphonesimulator/PromisesObjC -F /Users/antoniogrillo-balen/Library/Developer/Xcode/DerivedData/risebysolis-gzfsziqwziaggpcbgdowmssiasmi/Build/Products/Debug-iphonesimulator/PurchasesHybridCommon -F /Users/antoniogrillo-balen/Library/Developer/Xcode/DerivedData/risebysolis-gzfsziqwziaggpcbgdowmssiasmi/Build/Products/Debug-iphonesimulator/RCT-Folly -F /Users/antoniogrillo-balen/Library/Developer/Xcode/DerivedData/risebysolis-gzfsziqwziaggpcbgdowmssiasmi/Build/Products/Debug-iphonesimulator/RCTDeprecation -F /Users/antoniogrillo-balen/Library/Developer/Xcode/DerivedData/risebysolis-gzfsziqwziaggpcbgdowmssiasmi/Build/Products/Debug-iphonesimulator/RCTTypeSafety -F /Users/antoniogrillo-balen/Library/Developer/Xcode/DerivedData/risebysolis-gzfsziqwziaggpcbgdowmssiasmi/Build/Products/Debug-iphonesimulator/RNFBApp -F /Users/antoniogrillo-balen/Library/Developer/Xcode/DerivedData/risebysolis-gzfsziqwziaggpcbgdowmssiasmi/Build/Products/Debug-iphonesimulator/RNFBAuth -F /Users/antoniogrillo-balen/Library/Developer/Xcode/DerivedData/risebysolis-gzfsziqwziaggpcbgdowmssiasmi/Build/Products/Debug-iphonesimulator/RNGestureHandler -F /Users/antoniogrillo-balen/Library/Developer/Xcode/DerivedData/risebysolis-gzfsziqwziaggpcbgdowmssiasmi/Build/Products/Debug-iphonesimulator/RNGoogleSignin -F /Users/antoniogrillo-balen/Library/Developer/Xcode/DerivedData/risebysolis-gzfsziqwziaggpcbgdowmssiasmi/Build/Products/Debug-iphonesimulator/RNPurchases -F /Users/antoniogrillo-balen/Library/Developer/Xcode/DerivedData/risebysolis-gzfsziqwziaggpcbgdowmssiasmi/Build/Products/Debug-iphonesimulator/RNReanimated -F /Users/antoniogrillo-balen/Library/Developer/Xcode/DerivedData/risebysolis-gzfsziqwziaggpcbgdowmssiasmi/Build/Products/Debug-iphonesimulator/RNScreens -F /Users/antoniogrillo-balen/Library/Developer/Xcode/DerivedData/risebysolis-gzfsziqwziaggpcbgdowmssiasmi/Build/Products/Debug-iphonesimulator/React-Core -F /Users/antoniogrillo-balen/Library/Developer/Xcode/DerivedData/risebysolis-gzfsziqwziaggpcbgdowmssiasmi/Build/Products/Debug-iphonesimulator/React-CoreModules -F /Users/antoniogrillo-balen/Library/Developer/Xcode/DerivedData/risebysolis-gzfsziqwziaggpcbgdowmssiasmi/Build/Products/Debug-iphonesimulator/React-Fabric -F /Users/antoniogrillo-balen/Library/Developer/Xcode/DerivedData/risebysolis-gzfsziqwziaggpcbgdowmssiasmi/Build/Products/Debug-iphonesimulator/React-FabricComponents -F /Users/antoniogrillo-balen/Library/Developer/Xcode/DerivedData/risebysolis-gzfsziqwziaggpcbgdowmssiasmi/Build/Products/Debug-iphonesimulator/React-FabricImage -F /Users/antoniogrillo-balen/Library/Developer/Xcode/DerivedData/risebysolis-gzfsziqwziaggpcbgdowmssiasmi/Build/Products/Debug-iphonesimulator/React-ImageManager -F /Users/antoniogrillo-balen/Library/Developer/Xcode/DerivedData/risebysolis-gzfsziqwziaggpcbgdowmssiasmi/Build/Products/Debug-iphonesimulator/React-Mapbuffer -F /Users/antoniogrillo-balen/Library/Developer/Xcode/DerivedData/risebysolis-gzfsziqwziaggpcbgdowmssiasmi/Build/Products/Debug-iphonesimulator/React-NativeModulesApple -F /Users/antoniogrillo-balen/Library/Developer/Xcode/DerivedData/risebysolis-gzfsziqwziaggpcbgdowmssiasmi/Build/Products/Debug-iphonesimulator/React-RCTAnimation -F /Users/antoniogrillo-balen/Library/Developer/Xcode/DerivedData/risebysolis-gzfsziqwziaggpcbgdowmssiasmi/Build/Products/Debug-iphonesimulator/React-RCTAppDelegate -F /Users/antoniogrillo-balen/Library/Developer/Xcode/DerivedData/risebysolis-gzfsziqwziaggpcbgdowmssiasmi/Build/Products/Debug-iphonesimulator/React-RCTBlob -F /Users/antoniogrillo-balen/Library/Developer/Xcode/DerivedData/risebysolis-gzfsziqwziaggpcbgdowmssiasmi/Build/Products/Debug-iphonesimulator/React-RCTFabric -F /Users/antoniogrillo-balen/Library/Developer/Xcode/DerivedData/risebysolis-gzfsziqwziaggpcbgdowmssiasmi/Build/Products/Debug-iphonesimulator/React-RCTImage -F /Users/antoniogrillo-balen/Library/Developer/Xcode/DerivedData/risebysolis-gzfsziqwziaggpcbgdowmssiasmi/Build/Products/Debug-iphonesimulator/React-RCTLinking -F /Users/antoniogrillo-balen/Library/Developer/Xcode/DerivedData/risebysolis-gzfsziqwziaggpcbgdowmssiasmi/Build/Products/Debug-iphonesimulator/React-RCTNetwork -F /Users/antoniogrillo-balen/Library/Developer/Xcode/DerivedData/risebysolis-gzfsziqwziaggpcbgdowmssiasmi/Build/Products/Debug-iphonesimulator/React-RCTSettings -F /Users/antoniogrillo-balen/Library/Developer/Xcode/DerivedData/risebysolis-gzfsziqwziaggpcbgdowmssiasmi/Build/Products/Debug-iphonesimulator/React-RCTText -F /Users/antoniogrillo-balen/Library/Developer/Xcode/DerivedData/risebysolis-gzfsziqwziaggpcbgdowmssiasmi/Build/Products/Debug-iphonesimulator/React-RCTVibration -F /Users/antoniogrillo-balen/Library/Developer/Xcode/DerivedData/risebysolis-gzfsziqwziaggpcbgdowmssiasmi/Build/Products/Debug-iphonesimulator/React-RuntimeApple -F /Users/antoniogrillo-balen/Library/Developer/Xcode/DerivedData/risebysolis-gzfsziqwziaggpcbgdowmssiasmi/Build/Products/Debug-iphonesimulator/React-RuntimeCore -F /Users/antoniogrillo-balen/Library/Developer/Xcode/DerivedData/risebysolis-gzfsziqwziaggpcbgdowmssiasmi/Build/Products/Debug-iphonesimulator/React-RuntimeHermes -F /Users/antoniogrillo-balen/Library/Developer/Xcode/DerivedData/risebysolis-gzfsziqwziaggpcbgdowmssiasmi/Build/Products/Debug-iphonesimulator/React-cxxreact -F /Users/antoniogrillo-balen/Library/Developer/Xcode/DerivedData/risebysolis-gzfsziqwziaggpcbgdowmssiasmi/Build/Products/Debug-iphonesimulator/React-debug -F /Users/antoniogrillo-balen/Library/Developer/Xcode/DerivedData/risebysolis-gzfsziqwziaggpcbgdowmssiasmi/Build/Products/Debug-iphonesimulator/React-defaultsnativemodule -F /Users/antoniogrillo-balen/Library/Developer/Xcode/DerivedData/risebysolis-gzfsziqwziaggpcbgdowmssiasmi/Build/Products/Debug-iphonesimulator/React-domnativemodule -F /Users/antoniogrillo-balen/Library/Developer/Xcode/DerivedData/risebysolis-gzfsziqwziaggpcbgdowmssiasmi/Build/Products/Debug-iphonesimulator/React-featureflags -F /Users/antoniogrillo-balen/Library/Developer/Xcode/DerivedData/risebysolis-gzfsziqwziaggpcbgdowmssiasmi/Build/Products/Debug-iphonesimulator/React-featureflagsnativemodule -F /Users/antoniogrillo-balen/Library/Developer/Xcode/DerivedData/risebysolis-gzfsziqwziaggpcbgdowmssiasmi/Build/Products/Debug-iphonesimulator/React-graphics -F /Users/antoniogrillo-balen/Library/Developer/Xcode/DerivedData/risebysolis-gzfsziqwziaggpcbgdowmssiasmi/Build/Products/Debug-iphonesimulator/React-hermes -F /Users/antoniogrillo-balen/Library/Developer/Xcode/DerivedData/risebysolis-gzfsziqwziaggpcbgdowmssiasmi/Build/Products/Debug-iphonesimulator/React-idlecallbacksnativemodule -F /Users/antoniogrillo-balen/Library/Developer/Xcode/DerivedData/risebysolis-gzfsziqwziaggpcbgdowmssiasmi/Build/Products/Debug-iphonesimulator/React-jserrorhandler -F /Users/antoniogrillo-balen/Library/Developer/Xcode/DerivedData/risebysolis-gzfsziqwziaggpcbgdowmssiasmi/Build/Products/Debug-iphonesimulator/React-jsi -F /Users/antoniogrillo-balen/Library/Developer/Xcode/DerivedData/risebysolis-gzfsziqwziaggpcbgdowmssiasmi/Build/Products/Debug-iphonesimulator/React-jsiexecutor -F /Users/antoniogrillo-balen/Library/Developer/Xcode/DerivedData/risebysolis-gzfsziqwziaggpcbgdowmssiasmi/Build/Products/Debug-iphonesimulator/React-jsinspector -F /Users/antoniogrillo-balen/Library/Developer/Xcode/DerivedData/risebysolis-gzfsziqwziaggpcbgdowmssiasmi/Build/Products/Debug-iphonesimulator/React-logger -F /Users/antoniogrillo-balen/Library/Developer/Xcode/DerivedData/risebysolis-gzfsziqwziaggpcbgdowmssiasmi/Build/Products/Debug-iphonesimulator/React-microtasksnativemodule -F /Users/antoniogrillo-balen/Library/Developer/Xcode/DerivedData/risebysolis-gzfsziqwziaggpcbgdowmssiasmi/Build/Products/Debug-iphonesimulator/React-nativeconfig -F /Users/antoniogrillo-balen/Library/Developer/Xcode/DerivedData/risebysolis-gzfsziqwziaggpcbgdowmssiasmi/Build/Products/Debug-iphonesimulator/React-perflogger -F /Users/antoniogrillo-balen/Library/Developer/Xcode/DerivedData/risebysolis-gzfsziqwziaggpcbgdowmssiasmi/Build/Products/Debug-iphonesimulator/React-performancetimeline -F /Users/antoniogrillo-balen/Library/Developer/Xcode/DerivedData/risebysolis-gzfsziqwziaggpcbgdowmssiasmi/Build/Products/Debug-iphonesimulator/React-rendererconsistency -F /Users/antoniogrillo-balen/Library/Developer/Xcode/DerivedData/risebysolis-gzfsziqwziaggpcbgdowmssiasmi/Build/Products/Debug-iphonesimulator/React-rendererdebug -F /Users/antoniogrillo-balen/Library/Developer/Xcode/DerivedData/risebysolis-gzfsziqwziaggpcbgdowmssiasmi/Build/Products/Debug-iphonesimulator/React-runtimescheduler -F /Users/antoniogrillo-balen/Library/Developer/Xcode/DerivedData/risebysolis-gzfsziqwziaggpcbgdowmssiasmi/Build/Products/Debug-iphonesimulator/React-utils -F /Users/antoniogrillo-balen/Library/Developer/Xcode/DerivedData/risebysolis-gzfsziqwziaggpcbgdowmssiasmi/Build/Products/Debug-iphonesimulator/ReactCodegen -F /Users/antoniogrillo-balen/Library/Developer/Xcode/DerivedData/risebysolis-gzfsziqwziaggpcbgdowmssiasmi/Build/Products/Debug-iphonesimulator/ReactCommon -F /Users/antoniogrillo-balen/Library/Developer/Xcode/DerivedData/risebysolis-gzfsziqwziaggpcbgdowmssiasmi/Build/Products/Debug-iphonesimulator/RecaptchaInterop -F /Users/antoniogrillo-balen/Library/Developer/Xcode/DerivedData/risebysolis-gzfsziqwziaggpcbgdowmssiasmi/Build/Products/Debug-iphonesimulator/RevenueCat -F /Users/antoniogrillo-balen/Library/Developer/Xcode/DerivedData/risebysolis-gzfsziqwziaggpcbgdowmssiasmi/Build/Products/Debug-iphonesimulator/SocketRocket -F /Users/antoniogrillo-balen/Library/Developer/Xcode/DerivedData/risebysolis-gzfsziqwziaggpcbgdowmssiasmi/Build/Products/Debug-iphonesimulator/Yoga -F /Users/antoniogrillo-balen/Library/Developer/Xcode/DerivedData/risebysolis-gzfsziqwziaggpcbgdowmssiasmi/Build/Products/Debug-iphonesimulator/fmt -F /Users/antoniogrillo-balen/Library/Developer/Xcode/DerivedData/risebysolis-gzfsziqwziaggpcbgdowmssiasmi/Build/Products/Debug-iphonesimulator/glog -F /Users/antoniogrillo-balen/Library/Developer/Xcode/DerivedData/risebysolis-gzfsziqwziaggpcbgdowmssiasmi/Build/Products/Debug-iphonesimulator/react-native-mmkv -F /Users/antoniogrillo-balen/Library/Developer/Xcode/DerivedData/risebysolis-gzfsziqwziaggpcbgdowmssiasmi/Build/Products/Debug-iphonesimulator/react-native-safe-area-context -F /Users/antoniogrillo-balen/Desktop/Projects/RiseBuild/ios/Pods/hermes-engine/destroot/Library/Frameworks/universal -F /Users/antoniogrillo-balen/Library/Developer/Xcode/DerivedData/risebysolis-gzfsziqwziaggpcbgdowmssiasmi/Build/Products/Debug-iphonesimulator/XCFrameworkIntermediates/hermes-engine/Pre-built -c -j8 -enable-batch-mode -incremental -Xcc -ivfsstatcache -Xcc /Users/antoniogrillo-balen/Library/Developer/Xcode/DerivedData/SDKStatCaches.noindex/iphonesimulator26.5-23F73-6cfe768891a92b912361537c460fe42b.sdkstatcache -output-file-map /Users/antoniogrillo-balen/Library/Developer/Xcode/DerivedData/risebysolis-gzfsziqwziaggpcbgdowmssiasmi/Build/Intermediates.noindex/risebysolis.build/Debug-iphonesimulator/risebysolis.build/Objects-normal/arm64/risebysolis-OutputFileMap.json -use-frontend-parseable-output -save-temps -no-color-diagnostics -explicit-module-build -module-cache-path /Users/antoniogrillo-balen/Library/Developer/Xcode/DerivedData/risebysolis-gzfsziqwziaggpcbgdowmssiasmi/Build/Intermediates.noindex/SwiftExplicitPrecompiledModules -clang-scanner-module-cache-path /Users/antoniogrillo-balen/Library/Developer/Xcode/DerivedData/ModuleCache.noindex -sdk-module-cache-path /Users/antoniogrillo-balen/Library/Developer/Xcode/DerivedData/ModuleCache.noindex -serialize-diagnostics -emit-dependencies -emit-module -emit-module-path /Users/antoniogrillo-balen/Library/Developer/Xcode/DerivedData/risebysolis-gzfsziqwziaggpcbgdowmssiasmi/Build/Intermediates.noindex/risebysolis.build/Debug-iphonesimulator/risebysolis.build/Objects-normal/arm64/risebysolis.swiftmodule -validate-clang-modules-once -clang-build-session-file /Users/antoniogrillo-balen/Library/Developer/Xcode/DerivedData/ModuleCache.noindex/Session.modulevalidation -Xcc -I/Users/antoniogrillo-balen/Library/Developer/Xcode/DerivedData/risebysolis-gzfsziqwziaggpcbgdowmssiasmi/Build/Intermediates.noindex/risebysolis.build/Debug-iphonesimulator/risebysolis.build/swift-overrides.hmap -emit-const-values -Xfrontend -const-gather-protocols-file -Xfrontend /Users/antoniogrillo-balen/Library/Developer/Xcode/DerivedData/risebysolis-gzfsziqwziaggpcbgdowmssiasmi/Build/Intermediates.noindex/risebysolis.build/Debug-iphonesimulator/risebysolis.build/Objects-normal/arm64/risebysolis_const_extract_protocols.json -Xcc -iquote -Xcc /Users/antoniogrillo-balen/Library/Developer/Xcode/DerivedData/risebysolis-gzfsziqwziaggpcbgdowmssiasmi/Build/Intermediates.noindex/risebysolis.build/Debug-iphonesimulator/risebysolis.build/risebysolis-generated-files.hmap -Xcc -I/Users/antoniogrillo-balen/Library/Developer/Xcode/DerivedData/risebysolis-gzfsziqwziaggpcbgdowmssiasmi/Build/Intermediates.noindex/risebysolis.build/Debug-iphonesimulator/risebysolis.build/risebysolis-own-target-headers.hmap -Xcc -I/Users/antoniogrillo-balen/Library/Developer/Xcode/DerivedData/risebysolis-gzfsziqwziaggpcbgdowmssiasmi/Build/Intermediates.noindex/risebysolis.build/Debug-iphonesimulator/risebysolis.build/risebysolis-all-non-framework-target-headers.hmap -Xcc -ivfsoverlay -Xcc /Users/antoniogrillo-balen/Library/Developer/Xcode/DerivedData/risebysolis-gzfsziqwziaggpcbgdowmssiasmi/Build/Intermediates.noindex/risebysolis.build/Debug-iphonesimulator/risebysolis-f3d299422e93638f9a6d1e5771fa6c55-VFS-iphonesimulator/all-product-headers.yaml -Xcc -iquote -Xcc /Users/antoniogrillo-balen/Library/Developer/Xcode/DerivedData/risebysolis-gzfsziqwziaggpcbgdowmssiasmi/Build/Intermediates.noindex/risebysolis.build/Debug-iphonesimulator/risebysolis.build/risebysolis-project-headers.hmap -Xcc -I/Users/antoniogrillo-balen/Library/Developer/Xcode/DerivedData/risebysolis-gzfsziqwziaggpcbgdowmssiasmi/Build/Products/Debug-iphonesimulator/include -Xcc -I/Users/antoniogrillo-balen/Library/Developer/Xcode/DerivedData/risebysolis-gzfsziqwziaggpcbgdowmssiasmi/Build/Products/Debug-iphonesimulator/ReactCommon/ReactCommon.framework/Headers -Xcc -I/Users/antoniogrillo-balen/Library/Developer/Xcode/DerivedData/risebysolis-gzfsziqwziaggpcbgdowmssiasmi/Build/Products/Debug-iphonesimulator/ReactCommon/ReactCommon.framework/Headers/react/nativemodule/core -Xcc -I/Users/antoniogrillo-balen/Library/Developer/Xcode/DerivedData/risebysolis-gzfsziqwziaggpcbgdowmssiasmi/Build/Products/Debug-iphonesimulator/ReactCommon-Samples/ReactCommon_Samples.framework/Headers -Xcc -I/Users/antoniogrillo-balen/Library/Developer/Xcode/DerivedData/risebysolis-gzfsziqwziaggpcbgdowmssiasmi/Build/Products/Debug-iphonesimulator/ReactCommon-Samples/ReactCommon_Samples.framework/Headers/platform/ios -Xcc -I/Users/antoniogrillo-balen/Library/Developer/Xcode/DerivedData/risebysolis-gzfsziqwziaggpcbgdowmssiasmi/Build/Products/Debug-iphonesimulator/React-Fabric/React_Fabric.framework/Headers/react/renderer/components/view/platform/cxx -Xcc -I/Users/antoniogrillo-balen/Library/Developer/Xcode/DerivedData/risebysolis-gzfsziqwziaggpcbgdowmssiasmi/Build/Products/Debug-iphonesimulator/React-NativeModulesApple/React_NativeModulesApple.framework/Headers -Xcc -I/Users/antoniogrillo-balen/Library/Developer/Xcode/DerivedData/risebysolis-gzfsziqwziaggpcbgdowmssiasmi/Build/Products/Debug-iphonesimulator/React-graphics/React_graphics.framework/Headers -Xcc -I/Users/antoniogrillo-balen/Library/Developer/Xcode/DerivedData/risebysolis-gzfsziqwziaggpcbgdowmssiasmi/Build/Products/Debug-iphonesimulator/React-graphics/React_graphics.framework/Headers/react/renderer/graphics/platform/ios -Xcc -I/Users/antoniogrillo-balen/Library/Developer/Xcode/DerivedData/risebysolis-gzfsziqwziaggpcbgdowmssiasmi/Build/Products/Debug-iphonesimulator/AppAuth/AppAuth.framework/Headers -Xcc -I/Users/antoniogrillo-balen/Library/Developer/Xcode/DerivedData/risebysolis-gzfsziqwziaggpcbgdowmssiasmi/Build/Products/Debug-iphonesimulator/AppCheckCore/AppCheckCore.framework/Headers -Xcc -I/Users/antoniogrillo-balen/Library/Developer/Xcode/DerivedData/risebysolis-gzfsziqwziaggpcbgdowmssiasmi/Build/Products/Debug-iphonesimulator/DoubleConversion/DoubleConversion.framework/Headers -Xcc -I/Users/antoniogrillo-balen/Library/Developer/Xcode/DerivedData/risebysolis-gzfsziqwziaggpcbgdowmssiasmi/Build/Products/Debug-iphonesimulator/EXApplication/EXApplication.framework/Headers -Xcc -I/Users/antoniogrillo-balen/Library/Developer/Xcode/DerivedData/risebysolis-gzfsziqwziaggpcbgdowmssiasmi/Build/Products/Debug-iphonesimulator/EXConstants/EXConstants.framework/Headers -Xcc -I/Users/antoniogrillo-balen/Library/Developer/Xcode/DerivedData/risebysolis-gzfsziqwziaggpcbgdowmssiasmi/Build/Products/Debug-iphonesimulator/EXNotifications/EXNotifications.framework/Headers -Xcc -I/Users/antoniogrillo-balen/Library/Developer/Xcode/DerivedData/risebysolis-gzfsziqwziaggpcbgdowmssiasmi/Build/Products/Debug-iphonesimulator/Expo/Expo.framework/Headers -Xcc -I/Users/antoniogrillo-balen/Library/Developer/Xcode/DerivedData/risebysolis-gzfsziqwziaggpcbgdowmssiasmi/Build/Products/Debug-iphonesimulator/ExpoAdapterGoogleSignIn/ExpoAdapterGoogleSignIn.framework/Headers -Xcc -I/Users/antoniogrillo-balen/Library/Developer/Xcode/DerivedData/risebysolis-gzfsziqwziaggpcbgdowmssiasmi/Build/Products/Debug-iphonesimulator/ExpoAppleAuthentication/ExpoAppleAuthentication.framework/Headers -Xcc -I/Users/antoniogrillo-balen/Library/Developer/Xcode/DerivedData/risebysolis-gzfsziqwziaggpcbgdowmssiasmi/Build/Products/Debug-iphonesimulator/ExpoAsset/ExpoAsset.framework/Headers -Xcc -I/Users/antoniogrillo-balen/Library/Developer/Xcode/DerivedData/risebysolis-gzfsziqwziaggpcbgdowmssiasmi/Build/Products/Debug-iphonesimulator/ExpoCrypto/ExpoCrypto.framework/Headers -Xcc -I/Users/antoniogrillo-balen/Library/Developer/Xcode/DerivedData/risebysolis-gzfsziqwziaggpcbgdowmssiasmi/Build/Products/Debug-iphonesimulator/ExpoFileSystem/ExpoFileSystem.framework/Headers -Xcc -I/Users/antoniogrillo-balen/Library/Developer/Xcode/DerivedData/risebysolis-gzfsziqwziaggpcbgdowmssiasmi/Build/Products/Debug-iphonesimulator/ExpoFont/ExpoFont.framework/Headers -Xcc -I/Users/antoniogrillo-balen/Library/Developer/Xcode/DerivedData/risebysolis-gzfsziqwziaggpcbgdowmssiasmi/Build/Products/Debug-iphonesimulator/ExpoHaptics/ExpoHaptics.framework/Headers -Xcc -I/Users/antoniogrillo-balen/Library/Developer/Xcode/DerivedData/risebysolis-gzfsziqwziaggpcbgdowmssiasmi/Build/Products/Debug-iphonesimulator/ExpoHead/ExpoHead.framework/Headers -Xcc -I/Users/antoniogrillo-balen/Library/Developer/Xcode/DerivedData/risebysolis-gzfsziqwziaggpcbgdowmssiasmi/Build/Products/Debug-iphonesimulator/ExpoKeepAwake/ExpoKeepAwake.framework/Headers -Xcc -I/Users/antoniogrillo-balen/Library/Developer/Xcode/DerivedData/risebysolis-gzfsziqwziaggpcbgdowmssiasmi/Build/Products/Debug-iphonesimulator/ExpoLinking/ExpoLinking.framework/Headers -Xcc -I/Users/antoniogrillo-balen/Library/Developer/Xcode/DerivedData/risebysolis-gzfsziqwziaggpcbgdowmssiasmi/Build/Products/Debug-iphonesimulator/ExpoModulesCore/ExpoModulesCore.framework/Headers -Xcc -I/Users/antoniogrillo-balen/Library/Developer/Xcode/DerivedData/risebysolis-gzfsziqwziaggpcbgdowmssiasmi/Build/Products/Debug-iphonesimulator/ExpoSecureStore/ExpoSecureStore.framework/Headers -Xcc -I/Users/antoniogrillo-balen/Library/Developer/Xcode/DerivedData/risebysolis-gzfsziqwziaggpcbgdowmssiasmi/Build/Products/Debug-iphonesimulator/ExpoSplashScreen/ExpoSplashScreen.framework/Headers -Xcc -I/Users/antoniogrillo-balen/Library/Developer/Xcode/DerivedData/risebysolis-gzfsziqwziaggpcbgdowmssiasmi/Build/Products/Debug-iphonesimulator/FirebaseAppCheckInterop/FirebaseAppCheckInterop.framework/Headers -Xcc -I/Users/antoniogrillo-balen/Library/Developer/Xcode/DerivedData/risebysolis-gzfsziqwziaggpcbgdowmssiasmi/Build/Products/Debug-iphonesimulator/FirebaseAuth/FirebaseAuth.framework/Headers -Xcc -I/Users/antoniogrillo-balen/Library/Developer/Xcode/DerivedData/risebysolis-gzfsziqwziaggpcbgdowmssiasmi/Build/Products/Debug-iphonesimulator/FirebaseAuthInterop/FirebaseAuthInterop.framework/Headers -Xcc -I/Users/antoniogrillo-balen/Library/Developer/Xcode/DerivedData/risebysolis-gzfsziqwziaggpcbgdowmssiasmi/Build/Products/Debug-iphonesimulator/FirebaseCore/FirebaseCore.framework/Headers -Xcc -I/Users/antoniogrillo-balen/Library/Developer/Xcode/DerivedData/risebysolis-gzfsziqwziaggpcbgdowmssiasmi/Build/Products/Debug-iphonesimulator/FirebaseCoreExtension/FirebaseCoreExtension.framework/Headers -Xcc -I/Users/antoniogrillo-balen/Library/Developer/Xcode/DerivedData/risebysolis-gzfsziqwziaggpcbgdowmssiasmi/Build/Products/Debug-iphonesimulator/FirebaseCoreInternal/FirebaseCoreInternal.framework/Headers -Xcc -I/Users/antoniogrillo-balen/Library/Developer/Xcode/DerivedData/risebysolis-gzfsziqwziaggpcbgdowmssiasmi/Build/Products/Debug-iphonesimulator/GTMAppAuth/GTMAppAuth.framework/Headers -Xcc -I/Users/antoniogrillo-balen/Library/Developer/Xcode/DerivedData/risebysolis-gzfsziqwziaggpcbgdowmssiasmi/Build/Products/Debug-iphonesimulator/GTMSessionFetcher/GTMSessionFetcher.framework/Headers -Xcc -I/Users/antoniogrillo-balen/Library/Developer/Xcode/DerivedData/risebysolis-gzfsziqwziaggpcbgdowmssiasmi/Build/Products/Debug-iphonesimulator/GoogleSignIn/GoogleSignIn.framework/Headers -Xcc -I/Users/antoniogrillo-balen/Library/Developer/Xcode/DerivedData/risebysolis-gzfsziqwziaggpcbgdowmssiasmi/Build/Products/Debug-iphonesimulator/GoogleUtilities/GoogleUtilities.framework/Headers -Xcc -I/Users/antoniogrillo-balen/Library/Developer/Xcode/DerivedData/risebysolis-gzfsziqwziaggpcbgdowmssiasmi/Build/Products/Debug-iphonesimulator/PromisesObjC/FBLPromises.framework/Headers -Xcc -I/Users/antoniogrillo-balen/Library/Developer/Xcode/DerivedData/risebysolis-gzfsziqwziaggpcbgdowmssiasmi/Build/Products/Debug-iphonesimulator/PurchasesHybridCommon/PurchasesHybridCommon.framework/Headers -Xcc -I/Users/antoniogrillo-balen/Library/Developer/Xcode/DerivedData/risebysolis-gzfsziqwziaggpcbgdowmssiasmi/Build/Products/Debug-iphonesimulator/RCT-Folly/folly.framework/Headers -Xcc -I/Users/antoniogrillo-balen/Library/Developer/Xcode/DerivedData/risebysolis-gzfsziqwziaggpcbgdowmssiasmi/Build/Products/Debug-iphonesimulator/RCTDeprecation/RCTDeprecation.framework/Headers -Xcc -I/Users/antoniogrillo-balen/Library/Developer/Xcode/DerivedData/risebysolis-gzfsziqwziaggpcbgdowmssiasmi/Build/Products/Debug-iphonesimulator/RCTTypeSafety/RCTTypeSafety.framework/Headers -Xcc -I/Users/antoniogrillo-balen/Library/Developer/Xcode/DerivedData/risebysolis-gzfsziqwziaggpcbgdowmssiasmi/Build/Products/Debug-iphonesimulator/RNFBApp/RNFBApp.framework/Headers -Xcc -I/Users/antoniogrillo-balen/Library/Developer/Xcode/DerivedData/risebysolis-gzfsziqwziaggpcbgdowmssiasmi/Build/Products/Debug-iphonesimulator/RNFBAuth/RNFBAuth.framework/Headers -Xcc -I/Users/antoniogrillo-balen/Library/Developer/Xcode/DerivedData/risebysolis-gzfsziqwziaggpcbgdowmssiasmi/Build/Products/Debug-iphonesimulator/RNGestureHandler/RNGestureHandler.framework/Headers -Xcc -I/Users/antoniogrillo-balen/Library/Developer/Xcode/DerivedData/risebysolis-gzfsziqwziaggpcbgdowmssiasmi/Build/Products/Debug-iphonesimulator/RNGoogleSignin/RNGoogleSignin.framework/Headers -Xcc -I/Users/antoniogrillo-balen/Library/Developer/Xcode/DerivedData/risebysolis-gzfsziqwziaggpcbgdowmssiasmi/Build/Products/Debug-iphonesimulator/RNPurchases/RNPurchases.framework/Headers -Xcc -I/Users/antoniogrillo-balen/Library/Developer/Xcode/DerivedData/risebysolis-gzfsziqwziaggpcbgdowmssiasmi/Build/Products/Debug-iphonesimulator/RNReanimated/RNReanimated.framework/Headers -Xcc -I/Users/antoniogrillo-balen/Library/Developer/Xcode/DerivedData/risebysolis-gzfsziqwziaggpcbgdowmssiasmi/Build/Products/Debug-iphonesimulator/RNScreens/RNScreens.framework/Headers -Xcc -I/Users/antoniogrillo-balen/Library/Developer/Xcode/DerivedData/risebysolis-gzfsziqwziaggpcbgdowmssiasmi/Build/Products/Debug-iphonesimulator/React-Core/React.framework/Headers -Xcc -I/Users/antoniogrillo-balen/Library/Developer/Xcode/DerivedData/risebysolis-gzfsziqwziaggpcbgdowmssiasmi/Build/Products/Debug-iphonesimulator/React-CoreModules/CoreModules.framework/Headers -Xcc -I/Users/antoniogrillo-balen/Library/Developer/Xcode/DerivedData/risebysolis-gzfsziqwziaggpcbgdowmssiasmi/Build/Products/Debug-iphonesimulator/React-Fabric/React_Fabric.framework/Headers -Xcc -I/Users/antoniogrillo-balen/Library/Developer/Xcode/DerivedData/risebysolis-gzfsziqwziaggpcbgdowmssiasmi/Build/Products/Debug-iphonesimulator/React-FabricComponents/React_FabricComponents.framework/Headers -Xcc -I/Users/antoniogrillo-balen/Library/Developer/Xcode/DerivedData/risebysolis-gzfsziqwziaggpcbgdowmssiasmi/Build/Products/Debug-iphonesimulator/React-FabricImage/React_FabricImage.framework/Headers -Xcc -I/Users/antoniogrillo-balen/Library/Developer/Xcode/DerivedData/risebysolis-gzfsziqwziaggpcbgdowmssiasmi/Build/Products/Debug-iphonesimulator/React-ImageManager/React_ImageManager.framework/Headers -Xcc -I/Users/antoniogrillo-balen/Library/Developer/Xcode/DerivedData/risebysolis-gzfsziqwziaggpcbgdowmssiasmi/Build/Products/Debug-iphonesimulator/React-Mapbuffer/React_Mapbuffer.framework/Headers -Xcc -I/Users/antoniogrillo-balen/Library/Developer/Xcode/DerivedData/risebysolis-gzfsziqwziaggpcbgdowmssiasmi/Build/Products/Debug-iphonesimulator/React-NativeModulesApple/React_NativeModulesApple.framework/Headers -Xcc -I/Users/antoniogrillo-balen/Library/Developer/Xcode/DerivedData/risebysolis-gzfsziqwziaggpcbgdowmssiasmi/Build/Products/Debug-iphonesimulator/React-RCTAnimation/RCTAnimation.framework/Headers -Xcc -I/Users/antoniogrillo-balen/Library/Developer/Xcode/DerivedData/risebysolis-gzfsziqwziaggpcbgdowmssiasmi/Build/Products/Debug-iphonesimulator/React-RCTAppDelegate/React_RCTAppDelegate.framework/Headers -Xcc -I/Users/antoniogrillo-balen/Library/Developer/Xcode/DerivedData/risebysolis-gzfsziqwziaggpcbgdowmssiasmi/Build/Products/Debug-iphonesimulator/React-RCTBlob/RCTBlob.framework/Headers -Xcc -I/Users/antoniogrillo-balen/Library/Developer/Xcode/DerivedData/risebysolis-gzfsziqwziaggpcbgdowmssiasmi/Build/Products/Debug-iphonesimulator/React-RCTFabric/RCTFabric.framework/Headers -Xcc -I/Users/antoniogrillo-balen/Library/Developer/Xcode/DerivedData/risebysolis-gzfsziqwziaggpcbgdowmssiasmi/Build/Products/Debug-iphonesimulator/React-RCTImage/RCTImage.framework/Headers -Xcc -I/Users/antoniogrillo-balen/Library/Developer/Xcode/DerivedData/risebysolis-gzfsziqwziaggpcbgdowmssiasmi/Build/Products/Debug-iphonesimulator/React-RCTLinking/RCTLinking.framework/Headers -Xcc -I/Users/antoniogrillo-balen/Library/Developer/Xcode/DerivedData/risebysolis-gzfsziqwziaggpcbgdowmssiasmi/Build/Products/Debug-iphonesimulator/React-RCTNetwork/RCTNetwork.framework/Headers -Xcc -I/Users/antoniogrillo-balen/Library/Developer/Xcode/DerivedData/risebysolis-gzfsziqwziaggpcbgdowmssiasmi/Build/Products/Debug-iphonesimulator/React-RCTSettings/RCTSettings.framework/Headers -Xcc -I/Users/antoniogrillo-balen/Library/Developer/Xcode/DerivedData/risebysolis-gzfsziqwziaggpcbgdowmssiasmi/Build/Products/Debug-iphonesimulator/React-RCTText/RCTText.framework/Headers -Xcc -I/Users/antoniogrillo-balen/Library/Developer/Xcode/DerivedData/risebysolis-gzfsziqwziaggpcbgdowmssiasmi/Build/Products/Debug-iphonesimulator/React-RCTVibration/RCTVibration.framework/Headers -Xcc -I/Users/antoniogrillo-balen/Library/Developer/Xcode/DerivedData/risebysolis-gzfsziqwziaggpcbgdowmssiasmi/Build/Products/Debug-iphonesimulator/React-RuntimeApple/React_RuntimeApple.framework/Headers -Xcc -I/Users/antoniogrillo-balen/Library/Developer/Xcode/DerivedData/risebysolis-gzfsziqwziaggpcbgdowmssiasmi/Build/Products/Debug-iphonesimulator/React-RuntimeCore/React_RuntimeCore.framework/Headers -Xcc -I/Users/antoniogrillo-balen/Library/Developer/Xcode/DerivedData/risebysolis-gzfsziqwziaggpcbgdowmssiasmi/Build/Products/Debug-iphonesimulator/React-RuntimeHermes/React_RuntimeHermes.framework/Headers -Xcc -I/Users/antoniogrillo-balen/Library/Developer/Xcode/DerivedData/risebysolis-gzfsziqwziaggpcbgdowmssiasmi/Build/Products/Debug-iphonesimulator/React-cxxreact/cxxreact.framework/Headers -Xcc -I/Users/antoniogrillo-balen/Library/Developer/Xcode/DerivedData/risebysolis-gzfsziqwziaggpcbgdowmssiasmi/Build/Products/Debug-iphonesimulator/React-debug/React_debug.framework/Headers -Xcc -I/Users/antoniogrillo-balen/Library/Developer/Xcode/DerivedData/risebysolis-gzfsziqwziaggpcbgdowmssiasmi/Build/Products/Debug-iphonesimulator/React-defaultsnativemodule/React_defaultsnativemodule.framework/Headers -Xcc -I/Users/antoniogrillo-balen/Library/Developer/Xcode/DerivedData/risebysolis-gzfsziqwziaggpcbgdowmssiasmi/Build/Products/Debug-iphonesimulator/React-domnativemodule/React_domnativemodule.framework/Headers -Xcc -I/Users/antoniogrillo-balen/Library/Developer/Xcode/DerivedData/risebysolis-gzfsziqwziaggpcbgdowmssiasmi/Build/Products/Debug-iphonesimulator/React-featureflags/React_featureflags.framework/Headers -Xcc -I/Users/antoniogrillo-balen/Library/Developer/Xcode/DerivedData/risebysolis-gzfsziqwziaggpcbgdowmssiasmi/Build/Products/Debug-iphonesimulator/React-featureflagsnativemodule/React_featureflagsnativemodule.framework/Headers -Xcc -I/Users/antoniogrillo-balen/Library/Developer/Xcode/DerivedData/risebysolis-gzfsziqwziaggpcbgdowmssiasmi/Build/Products/Debug-iphonesimulator/React-graphics/React_graphics.framework/Headers -Xcc -I/Users/antoniogrillo-balen/Library/Developer/Xcode/DerivedData/risebysolis-gzfsziqwziaggpcbgdowmssiasmi/Build/Products/Debug-iphonesimulator/React-hermes/reacthermes.framework/Headers -Xcc -I/Users/antoniogrillo-balen/Library/Developer/Xcode/DerivedData/risebysolis-gzfsziqwziaggpcbgdowmssiasmi/Build/Products/Debug-iphonesimulator/React-idlecallbacksnativemodule/idlecallbacksnativemodule.framework/Headers -Xcc -I/Users/antoniogrillo-balen/Library/Developer/Xcode/DerivedData/risebysolis-gzfsziqwziaggpcbgdowmssiasmi/Build/Products/Debug-iphonesimulator/React-jserrorhandler/React_jserrorhandler.framework/Headers -Xcc -I/Users/antoniogrillo-balen/Library/Developer/Xcode/DerivedData/risebysolis-gzfsziqwziaggpcbgdowmssiasmi/Build/Products/Debug-iphonesimulator/React-jsi/jsi.framework/Headers -Xcc -I/Users/antoniogrillo-balen/Library/Developer/Xcode/DerivedData/risebysolis-gzfsziqwziaggpcbgdowmssiasmi/Build/Products/Debug-iphonesimulator/React-jsiexecutor/jsireact.framework/Headers -Xcc -I/Users/antoniogrillo-balen/Library/Developer/Xcode/DerivedData/risebysolis-gzfsziqwziaggpcbgdowmssiasmi/Build/Products/Debug-iphonesimulator/React-jsinspector/jsinspector_modern.framework/Headers -Xcc -I/Users/antoniogrillo-balen/Library/Developer/Xcode/DerivedData/risebysolis-gzfsziqwziaggpcbgdowmssiasmi/Build/Products/Debug-iphonesimulator/React-logger/logger.framework/Headers -Xcc -I/Users/antoniogrillo-balen/Library/Developer/Xcode/DerivedData/risebysolis-gzfsziqwziaggpcbgdowmssiasmi/Build/Products/Debug-iphonesimulator/React-microtasksnativemodule/React_microtasksnativemodule.framework/Headers -Xcc -I/Users/antoniogrillo-balen/Library/Developer/Xcode/DerivedData/risebysolis-gzfsziqwziaggpcbgdowmssiasmi/Build/Products/Debug-iphonesimulator/React-nativeconfig/React_nativeconfig.framework/Headers -Xcc -I/Users/antoniogrillo-balen/Library/Developer/Xcode/DerivedData/risebysolis-gzfsziqwziaggpcbgdowmssiasmi/Build/Products/Debug-iphonesimulator/React-perflogger/reactperflogger.framework/Headers -Xcc -I/Users/antoniogrillo-balen/Library/Developer/Xcode/DerivedData/risebysolis-gzfsziqwziaggpcbgdowmssiasmi/Build/Products/Debug-iphonesimulator/React-performancetimeline/React_performancetimeline.framework/Headers -Xcc -I/Users/antoniogrillo-balen/Library/Developer/Xcode/DerivedData/risebysolis-gzfsziqwziaggpcbgdowmssiasmi/Build/Products/Debug-iphonesimulator/React-rendererconsistency/React_rendererconsistency.framework/Headers -Xcc -I/Users/antoniogrillo-balen/Library/Developer/Xcode/DerivedData/risebysolis-gzfsziqwziaggpcbgdowmssiasmi/Build/Products/Debug-iphonesimulator/React-rendererdebug/React_rendererdebug.framework/Headers -Xcc -I/Users/antoniogrillo-balen/Library/Developer/Xcode/DerivedData/risebysolis-gzfsziqwziaggpcbgdowmssiasmi/Build/Products/Debug-iphonesimulator/React-runtimescheduler/React_runtimescheduler.framework/Headers -Xcc -I/Users/antoniogrillo-balen/Library/Developer/Xcode/DerivedData/risebysolis-gzfsziqwziaggpcbgdowmssiasmi/Build/Products/Debug-iphonesimulator/React-utils/React_utils.framework/Headers -Xcc -I/Users/antoniogrillo-balen/Library/Developer/Xcode/DerivedData/risebysolis-gzfsziqwziaggpcbgdowmssiasmi/Build/Products/Debug-iphonesimulator/ReactCodegen/ReactCodegen.framework/Headers -Xcc -I/Users/antoniogrillo-balen/Library/Developer/Xcode/DerivedData/risebysolis-gzfsziqwziaggpcbgdowmssiasmi/Build/Products/Debug-iphonesimulator/ReactCommon/ReactCommon.framework/Headers -Xcc -I/Users/antoniogrillo-balen/Library/Developer/Xcode/DerivedData/risebysolis-gzfsziqwziaggpcbgdowmssiasmi/Build/Products/Debug-iphonesimulator/RecaptchaInterop/RecaptchaInterop.framework/Headers -Xcc -I/Users/antoniogrillo-balen/Library/Developer/Xcode/DerivedData/risebysolis-gzfsziqwziaggpcbgdowmssiasmi/Build/Products/Debug-iphonesimulator/RevenueCat/RevenueCat.framework/Headers -Xcc -I/Users/antoniogrillo-balen/Library/Developer/Xcode/DerivedData/risebysolis-gzfsziqwziaggpcbgdowmssiasmi/Build/Products/Debug-iphonesimulator/SocketRocket/SocketRocket.framework/Headers -Xcc -I/Users/antoniogrillo-balen/Library/Developer/Xcode/DerivedData/risebysolis-gzfsziqwziaggpcbgdowmssiasmi/Build/Products/Debug-iphonesimulator/Yoga/yoga.framework/Headers -Xcc -I/Users/antoniogrillo-balen/Library/Developer/Xcode/DerivedData/risebysolis-gzfsziqwziaggpcbgdowmssiasmi/Build/Products/Debug-iphonesimulator/fmt/fmt.framework/Headers -Xcc -I/Users/antoniogrillo-balen/Library/Developer/Xcode/DerivedData/risebysolis-gzfsziqwziaggpcbgdowmssiasmi/Build/Products/Debug-iphonesimulator/glog/glog.framework/Headers -Xcc -I/Users/antoniogrillo-balen/Library/Developer/Xcode/DerivedData/risebysolis-gzfsziqwziaggpcbgdowmssiasmi/Build/Products/Debug-iphonesimulator/react-native-mmkv/react_native_mmkv.framework/Headers -Xcc -I/Users/antoniogrillo-balen/Library/Developer/Xcode/DerivedData/risebysolis-gzfsziqwziaggpcbgdowmssiasmi/Build/Products/Debug-iphonesimulator/react-native-safe-area-context/react_native_safe_area_context.framework/Headers -Xcc -I/Users/antoniogrillo-balen/Desktop/Projects/RiseBuild/ios/Pods/Headers/Public -Xcc -I/Users/antoniogrillo-balen/Desktop/Projects/RiseBuild/ios/Pods/Headers/Public/FBLazyVector -Xcc -I/Users/antoniogrillo-balen/Desktop/Projects/RiseBuild/ios/Pods/Headers/Public/Firebase -Xcc -I/Users/antoniogrillo-balen/Desktop/Projects/RiseBuild/ios/Pods/Headers/Public/RCTRequired -Xcc -I/Users/antoniogrillo-balen/Desktop/Projects/RiseBuild/ios/Pods/Headers/Public/React-callinvoker -Xcc -I/Users/antoniogrillo-balen/Desktop/Projects/RiseBuild/ios/Pods/Headers/Public/React-runtimeexecutor -Xcc -I/Users/antoniogrillo-balen/Desktop/Projects/RiseBuild/ios/Pods/Headers/Public/React-timing -Xcc -I/Users/antoniogrillo-balen/Desktop/Projects/RiseBuild/ios/Pods/Headers/Public/boost -Xcc -I/Users/antoniogrillo-balen/Desktop/Projects/RiseBuild/ios/Pods/Headers/Public/fast_float -Xcc -I/Users/antoniogrillo-balen/Desktop/Projects/RiseBuild/ios/Pods/Headers/Public/hermes-engine -Xcc -I/Users/antoniogrillo-balen/Desktop/Projects/RiseBuild/ios/Pods/DoubleConversion -Xcc -I/Users/antoniogrillo-balen/Library/Developer/Xcode/DerivedData/risebysolis-gzfsziqwziaggpcbgdowmssiasmi/Build/Products/Debug-iphonesimulator/Expo/Swift\ Compatibility\ Header -Xcc -I/Users/antoniogrillo-balen/Library/Developer/Xcode/DerivedData/risebysolis-gzfsziqwziaggpcbgdowmssiasmi/Build/Products/Debug-iphonesimulator/ExpoModulesCore/Swift\ Compatibility\ Header -Xcc -I/Users/antoniogrillo-balen/Desktop/Projects/RiseBuild/ios/Pods/Headers/Private/Yoga -Xcc -I/Users/antoniogrillo-balen/Library/Developer/Xcode/DerivedData/risebysolis-gzfsziqwziaggpcbgdowmssiasmi/Build/Products/Debug-iphonesimulator/ReactCommon/ReactCommon.framework/Headers -Xcc -I/Users/antoniogrillo-balen/Library/Developer/Xcode/DerivedData/risebysolis-gzfsziqwziaggpcbgdowmssiasmi/Build/Products/Debug-iphonesimulator/ReactCommon/ReactCommon.framework/Headers/react/nativemodule/core -Xcc -I/Users/antoniogrillo-balen/Library/Developer/Xcode/DerivedData/risebysolis-gzfsziqwziaggpcbgdowmssiasmi/Build/Products/Debug-iphonesimulator/ReactCommon-Samples/ReactCommon_Samples.framework/Headers -Xcc -I/Users/antoniogrillo-balen/Library/Developer/Xcode/DerivedData/risebysolis-gzfsziqwziaggpcbgdowmssiasmi/Build/Products/Debug-iphonesimulator/ReactCommon-Samples/ReactCommon_Samples.framework/Headers/platform/ios -Xcc -I/Users/antoniogrillo-balen/Library/Developer/Xcode/DerivedData/risebysolis-gzfsziqwziaggpcbgdowmssiasmi/Build/Products/Debug-iphonesimulator/React-Fabric/React_Fabric.framework/Headers/react/renderer/components/view/platform/cxx -Xcc -I/Users/antoniogrillo-balen/Library/Developer/Xcode/DerivedData/risebysolis-gzfsziqwziaggpcbgdowmssiasmi/Build/Products/Debug-iphonesimulator/React-NativeModulesApple/React_NativeModulesApple.framework/Headers -Xcc -I/Users/antoniogrillo-balen/Library/Developer/Xcode/DerivedData/risebysolis-gzfsziqwziaggpcbgdowmssiasmi/Build/Products/Debug-iphonesimulator/React-graphics/React_graphics.framework/Headers -Xcc -I/Users/antoniogrillo-balen/Library/Developer/Xcode/DerivedData/risebysolis-gzfsziqwziaggpcbgdowmssiasmi/Build/Products/Debug-iphonesimulator/React-graphics/React_graphics.framework/Headers/react/renderer/graphics/platform/ios -Xcc -I/Users/antoniogrillo-balen/Desktop/Projects/RiseBuild/ios/Pods/Firebase/CoreOnly/Sources -Xcc -I/Users/antoniogrillo-balen/Desktop/Projects/RiseBuild/ios/Pods/boost -Xcc -I/Users/antoniogrillo-balen/Desktop/Projects/RiseBuild/ios/Pods/boost -Xcc -I/Users/antoniogrillo-balen/Desktop/Projects/RiseBuild/ios/Pods/boost-for-react-native -Xcc -I/Users/antoniogrillo-balen/Desktop/Projects/RiseBuild/ios/Pods/glog -Xcc -I/Users/antoniogrillo-balen/Desktop/Projects/RiseBuild/ios/Pods/RCT-Folly -Xcc -I/Users/antoniogrillo-balen/Desktop/Projects/RiseBuild/ios/Pods/Headers/Public/React-hermes -Xcc -I/Users/antoniogrillo-balen/Desktop/Projects/RiseBuild/ios/Pods/Headers/Public/hermes-engine -Xcc -I/Users/antoniogrillo-balen/Desktop/Projects/RiseBuild/node_modules/react-native/ReactCommon -Xcc -I/Users/antoniogrillo-balen/Desktop/Projects/RiseBuild/node_modules/react-native-reanimated/apple -Xcc -I/Users/antoniogrillo-balen/Desktop/Projects/RiseBuild/node_modules/react-native-reanimated/Common/cpp -Xcc -I/Users/antoniogrillo-balen/Desktop/Projects/RiseBuild/ios/Pods/Headers/Private/React-Core -Xcc -I/Users/antoniogrillo-balen/Desktop/Projects/RiseBuild/ios/Pods/Headers/Private/React-Core -Xcc -I/Users/antoniogrillo-balen/Desktop/Projects/RiseBuild/ios/Pods/Headers/Private/Yoga -Xcc -I/Users/antoniogrillo-balen/Library/Developer/Xcode/DerivedData/risebysolis-gzfsziqwziaggpcbgdowmssiasmi/Build/Intermediates.noindex/risebysolis.build/Debug-iphonesimulator/risebysolis.build/DerivedSources-normal/arm64 -Xcc -I/Users/antoniogrillo-balen/Library/Developer/Xcode/DerivedData/risebysolis-gzfsziqwziaggpcbgdowmssiasmi/Build/Intermediates.noindex/risebysolis.build/Debug-iphonesimulator/risebysolis.build/DerivedSources/arm64 -Xcc -I/Users/antoniogrillo-balen/Library/Developer/Xcode/DerivedData/risebysolis-gzfsziqwziaggpcbgdowmssiasmi/Build/Intermediates.noindex/risebysolis.build/Debug-iphonesimulator/risebysolis.build/DerivedSources -Xcc -DDEBUG\=1 -Xcc -DCOCOAPODS\=1 -Xcc -DFB_SONARKIT_ENABLED\=1 -emit-objc-header -emit-objc-header-path /Users/antoniogrillo-balen/Library/Developer/Xcode/DerivedData/risebysolis-gzfsziqwziaggpcbgdowmssiasmi/Build/Intermediates.noindex/risebysolis.build/Debug-iphonesimulator/risebysolis.build/Objects-normal/arm64/risebysolis-Swift.h -import-objc-header /Users/antoniogrillo-balen/Desktop/Projects/RiseBuild/ios/risebysolis/risebysolis-Bridging-Header.h -working-directory /Users/antoniogrillo-balen/Desktop/Projects/RiseBuild/ios -experimental-emit-module-separately -disable-cmo

SwiftDriverJobDiscovery normal arm64 Compiling ExpoModulesProvider.swift (in target 'risebysolis' from project 'risebysolis')

SwiftDriver\ Compilation risebysolis normal arm64 com.apple.xcode.tools.swift.compiler (in target 'risebysolis' from project 'risebysolis')
    cd /Users/antoniogrillo-balen/Desktop/Projects/RiseBuild/ios
    builtin-Swift-Compilation -- /Applications/Xcode.app/Contents/Developer/Toolchains/XcodeDefault.xctoolchain/usr/bin/swiftc -module-name risebysolis -Onone @/Users/antoniogrillo-balen/Library/Developer/Xcode/DerivedData/risebysolis-gzfsziqwziaggpcbgdowmssiasmi/Build/Intermediates.noindex/risebysolis.build/Debug-iphonesimulator/risebysolis.build/Objects-normal/arm64/risebysolis.SwiftFileList -DDEBUG -D COCOAPODS -D EXPO_CONFIGURATION_DEBUG -enable-bare-slash-regex -enable-experimental-feature DebugDescriptionMacro -sdk /Applications/Xcode.app/Contents/Developer/Platforms/iPhoneSimulator.platform/Developer/SDKs/iPhoneSimulator26.5.sdk -target arm64-apple-ios15.1-simulator -g -module-cache-path /Users/antoniogrillo-balen/Library/Developer/Xcode/DerivedData/ModuleCache.noindex -Xfrontend -serialize-debugging-options -enable-testing -index-store-path /Users/antoniogrillo-balen/Library/Developer/Xcode/DerivedData/risebysolis-gzfsziqwziaggpcbgdowmssiasmi/Index.noindex/DataStore -Xcc -D_LIBCPP_HARDENING_MODE\=_LIBCPP_HARDENING_MODE_DEBUG -swift-version 5 -I /Users/antoniogrillo-balen/Library/Developer/Xcode/DerivedData/risebysolis-gzfsziqwziaggpcbgdowmssiasmi/Build/Products/Debug-iphonesimulator -F /Users/antoniogrillo-balen/Library/Developer/Xcode/DerivedData/risebysolis-gzfsziqwziaggpcbgdowmssiasmi/Build/Products/Debug-iphonesimulator -F /Users/antoniogrillo-balen/Library/Developer/Xcode/DerivedData/risebysolis-gzfsziqwziaggpcbgdowmssiasmi/Build/Products/Debug-iphonesimulator/AppAuth -F /Users/antoniogrillo-balen/Library/Developer/Xcode/DerivedData/risebysolis-gzfsziqwziaggpcbgdowmssiasmi/Build/Products/Debug-iphonesimulator/AppCheckCore -F /Users/antoniogrillo-balen/Library/Developer/Xcode/DerivedData/risebysolis-gzfsziqwziaggpcbgdowmssiasmi/Build/Products/Debug-iphonesimulator/DoubleConversion -F /Users/antoniogrillo-balen/Library/Developer/Xcode/DerivedData/risebysolis-gzfsziqwziaggpcbgdowmssiasmi/Build/Products/Debug-iphonesimulator/EXApplication -F /Users/antoniogrillo-balen/Library/Developer/Xcode/DerivedData/risebysolis-gzfsziqwziaggpcbgdowmssiasmi/Build/Products/Debug-iphonesimulator/EXConstants -F /Users/antoniogrillo-balen/Library/Developer/Xcode/DerivedData/risebysolis-gzfsziqwziaggpcbgdowmssiasmi/Build/Products/Debug-iphonesimulator/EXNotifications -F /Users/antoniogrillo-balen/Library/Developer/Xcode/DerivedData/risebysolis-gzfsziqwziaggpcbgdowmssiasmi/Build/Products/Debug-iphonesimulator/Expo -F /Users/antoniogrillo-balen/Library/Developer/Xcode/DerivedData/risebysolis-gzfsziqwziaggpcbgdowmssiasmi/Build/Products/Debug-iphonesimulator/ExpoAdapterGoogleSignIn -F /Users/antoniogrillo-balen/Library/Developer/Xcode/DerivedData/risebysolis-gzfsziqwziaggpcbgdowmssiasmi/Build/Products/Debug-iphonesimulator/ExpoAppleAuthentication -F /Users/antoniogrillo-balen/Library/Developer/Xcode/DerivedData/risebysolis-gzfsziqwziaggpcbgdowmssiasmi/Build/Products/Debug-iphonesimulator/ExpoAsset -F /Users/antoniogrillo-balen/Library/Developer/Xcode/DerivedData/risebysolis-gzfsziqwziaggpcbgdowmssiasmi/Build/Products/Debug-iphonesimulator/ExpoCrypto -F /Users/antoniogrillo-balen/Library/Developer/Xcode/DerivedData/risebysolis-gzfsziqwziaggpcbgdowmssiasmi/Build/Products/Debug-iphonesimulator/ExpoFileSystem -F /Users/antoniogrillo-balen/Library/Developer/Xcode/DerivedData/risebysolis-gzfsziqwziaggpcbgdowmssiasmi/Build/Products/Debug-iphonesimulator/ExpoFont -F /Users/antoniogrillo-balen/Library/Developer/Xcode/DerivedData/risebysolis-gzfsziqwziaggpcbgdowmssiasmi/Build/Products/Debug-iphonesimulator/ExpoHaptics -F /Users/antoniogrillo-balen/Library/Developer/Xcode/DerivedData/risebysolis-gzfsziqwziaggpcbgdowmssiasmi/Build/Products/Debug-iphonesimulator/ExpoHead -F /Users/antoniogrillo-balen/Library/Developer/Xcode/DerivedData/risebysolis-gzfsziqwziaggpcbgdowmssiasmi/Build/Products/Debug-iphonesimulator/ExpoKeepAwake -F /Users/antoniogrillo-balen/Library/Developer/Xcode/DerivedData/risebysolis-gzfsziqwziaggpcbgdowmssiasmi/Build/Products/Debug-iphonesimulator/ExpoLinking -F /Users/antoniogrillo-balen/Library/Developer/Xcode/DerivedData/risebysolis-gzfsziqwziaggpcbgdowmssiasmi/Build/Products/Debug-iphonesimulator/ExpoModulesCore -F /Users/antoniogrillo-balen/Library/Developer/Xcode/DerivedData/risebysolis-gzfsziqwziaggpcbgdowmssiasmi/Build/Products/Debug-iphonesimulator/ExpoSecureStore -F /Users/antoniogrillo-balen/Library/Developer/Xcode/DerivedData/risebysolis-gzfsziqwziaggpcbgdowmssiasmi/Build/Products/Debug-iphonesimulator/ExpoSplashScreen -F /Users/antoniogrillo-balen/Library/Developer/Xcode/DerivedData/risebysolis-gzfsziqwziaggpcbgdowmssiasmi/Build/Products/Debug-iphonesimulator/FirebaseAppCheckInterop -F /Users/antoniogrillo-balen/Library/Developer/Xcode/DerivedData/risebysolis-gzfsziqwziaggpcbgdowmssiasmi/Build/Products/Debug-iphonesimulator/FirebaseAuth -F /Users/antoniogrillo-balen/Library/Developer/Xcode/DerivedData/risebysolis-gzfsziqwziaggpcbgdowmssiasmi/Build/Products/Debug-iphonesimulator/FirebaseAuthInterop -F /Users/antoniogrillo-balen/Library/Developer/Xcode/DerivedData/risebysolis-gzfsziqwziaggpcbgdowmssiasmi/Build/Products/Debug-iphonesimulator/FirebaseCore -F /Users/antoniogrillo-balen/Library/Developer/Xcode/DerivedData/risebysolis-gzfsziqwziaggpcbgdowmssiasmi/Build/Products/Debug-iphonesimulator/FirebaseCoreExtension -F /Users/antoniogrillo-balen/Library/Developer/Xcode/DerivedData/risebysolis-gzfsziqwziaggpcbgdowmssiasmi/Build/Products/Debug-iphonesimulator/FirebaseCoreInternal -F /Users/antoniogrillo-balen/Library/Developer/Xcode/DerivedData/risebysolis-gzfsziqwziaggpcbgdowmssiasmi/Build/Products/Debug-iphonesimulator/GTMAppAuth -F /Users/antoniogrillo-balen/Library/Developer/Xcode/DerivedData/risebysolis-gzfsziqwziaggpcbgdowmssiasmi/Build/Products/Debug-iphonesimulator/GTMSessionFetcher -F /Users/antoniogrillo-balen/Library/Developer/Xcode/DerivedData/risebysolis-gzfsziqwziaggpcbgdowmssiasmi/Build/Products/Debug-iphonesimulator/GoogleSignIn -F /Users/antoniogrillo-balen/Library/Developer/Xcode/DerivedData/risebysolis-gzfsziqwziaggpcbgdowmssiasmi/Build/Products/Debug-iphonesimulator/GoogleUtilities -F /Users/antoniogrillo-balen/Library/Developer/Xcode/DerivedData/risebysolis-gzfsziqwziaggpcbgdowmssiasmi/Build/Products/Debug-iphonesimulator/PromisesObjC -F /Users/antoniogrillo-balen/Library/Developer/Xcode/DerivedData/risebysolis-gzfsziqwziaggpcbgdowmssiasmi/Build/Products/Debug-iphonesimulator/PurchasesHybridCommon -F /Users/antoniogrillo-balen/Library/Developer/Xcode/DerivedData/risebysolis-gzfsziqwziaggpcbgdowmssiasmi/Build/Products/Debug-iphonesimulator/RCT-Folly -F /Users/antoniogrillo-balen/Library/Developer/Xcode/DerivedData/risebysolis-gzfsziqwziaggpcbgdowmssiasmi/Build/Products/Debug-iphonesimulator/RCTDeprecation -F /Users/antoniogrillo-balen/Library/Developer/Xcode/DerivedData/risebysolis-gzfsziqwziaggpcbgdowmssiasmi/Build/Products/Debug-iphonesimulator/RCTTypeSafety -F /Users/antoniogrillo-balen/Library/Developer/Xcode/DerivedData/risebysolis-gzfsziqwziaggpcbgdowmssiasmi/Build/Products/Debug-iphonesimulator/RNFBApp -F /Users/antoniogrillo-balen/Library/Developer/Xcode/DerivedData/risebysolis-gzfsziqwziaggpcbgdowmssiasmi/Build/Products/Debug-iphonesimulator/RNFBAuth -F /Users/antoniogrillo-balen/Library/Developer/Xcode/DerivedData/risebysolis-gzfsziqwziaggpcbgdowmssiasmi/Build/Products/Debug-iphonesimulator/RNGestureHandler -F /Users/antoniogrillo-balen/Library/Developer/Xcode/DerivedData/risebysolis-gzfsziqwziaggpcbgdowmssiasmi/Build/Products/Debug-iphonesimulator/RNGoogleSignin -F /Users/antoniogrillo-balen/Library/Developer/Xcode/DerivedData/risebysolis-gzfsziqwziaggpcbgdowmssiasmi/Build/Products/Debug-iphonesimulator/RNPurchases -F /Users/antoniogrillo-balen/Library/Developer/Xcode/DerivedData/risebysolis-gzfsziqwziaggpcbgdowmssiasmi/Build/Products/Debug-iphonesimulator/RNReanimated -F /Users/antoniogrillo-balen/Library/Developer/Xcode/DerivedData/risebysolis-gzfsziqwziaggpcbgdowmssiasmi/Build/Products/Debug-iphonesimulator/RNScreens -F /Users/antoniogrillo-balen/Library/Developer/Xcode/DerivedData/risebysolis-gzfsziqwziaggpcbgdowmssiasmi/Build/Products/Debug-iphonesimulator/React-Core -F /Users/antoniogrillo-balen/Library/Developer/Xcode/DerivedData/risebysolis-gzfsziqwziaggpcbgdowmssiasmi/Build/Products/Debug-iphonesimulator/React-CoreModules -F /Users/antoniogrillo-balen/Library/Developer/Xcode/DerivedData/risebysolis-gzfsziqwziaggpcbgdowmssiasmi/Build/Products/Debug-iphonesimulator/React-Fabric -F /Users/antoniogrillo-balen/Library/Developer/Xcode/DerivedData/risebysolis-gzfsziqwziaggpcbgdowmssiasmi/Build/Products/Debug-iphonesimulator/React-FabricComponents -F /Users/antoniogrillo-balen/Library/Developer/Xcode/DerivedData/risebysolis-gzfsziqwziaggpcbgdowmssiasmi/Build/Products/Debug-iphonesimulator/React-FabricImage -F /Users/antoniogrillo-balen/Library/Developer/Xcode/DerivedData/risebysolis-gzfsziqwziaggpcbgdowmssiasmi/Build/Products/Debug-iphonesimulator/React-ImageManager -F /Users/antoniogrillo-balen/Library/Developer/Xcode/DerivedData/risebysolis-gzfsziqwziaggpcbgdowmssiasmi/Build/Products/Debug-iphonesimulator/React-Mapbuffer -F /Users/antoniogrillo-balen/Library/Developer/Xcode/DerivedData/risebysolis-gzfsziqwziaggpcbgdowmssiasmi/Build/Products/Debug-iphonesimulator/React-NativeModulesApple -F /Users/antoniogrillo-balen/Library/Developer/Xcode/DerivedData/risebysolis-gzfsziqwziaggpcbgdowmssiasmi/Build/Products/Debug-iphonesimulator/React-RCTAnimation -F /Users/antoniogrillo-balen/Library/Developer/Xcode/DerivedData/risebysolis-gzfsziqwziaggpcbgdowmssiasmi/Build/Products/Debug-iphonesimulator/React-RCTAppDelegate -F /Users/antoniogrillo-balen/Library/Developer/Xcode/DerivedData/risebysolis-gzfsziqwziaggpcbgdowmssiasmi/Build/Products/Debug-iphonesimulator/React-RCTBlob -F /Users/antoniogrillo-balen/Library/Developer/Xcode/DerivedData/risebysolis-gzfsziqwziaggpcbgdowmssiasmi/Build/Products/Debug-iphonesimulator/React-RCTFabric -F /Users/antoniogrillo-balen/Library/Developer/Xcode/DerivedData/risebysolis-gzfsziqwziaggpcbgdowmssiasmi/Build/Products/Debug-iphonesimulator/React-RCTImage -F /Users/antoniogrillo-balen/Library/Developer/Xcode/DerivedData/risebysolis-gzfsziqwziaggpcbgdowmssiasmi/Build/Products/Debug-iphonesimulator/React-RCTLinking -F /Users/antoniogrillo-balen/Library/Developer/Xcode/DerivedData/risebysolis-gzfsziqwziaggpcbgdowmssiasmi/Build/Products/Debug-iphonesimulator/React-RCTNetwork -F /Users/antoniogrillo-balen/Library/Developer/Xcode/DerivedData/risebysolis-gzfsziqwziaggpcbgdowmssiasmi/Build/Products/Debug-iphonesimulator/React-RCTSettings -F /Users/antoniogrillo-balen/Library/Developer/Xcode/DerivedData/risebysolis-gzfsziqwziaggpcbgdowmssiasmi/Build/Products/Debug-iphonesimulator/React-RCTText -F /Users/antoniogrillo-balen/Library/Developer/Xcode/DerivedData/risebysolis-gzfsziqwziaggpcbgdowmssiasmi/Build/Products/Debug-iphonesimulator/React-RCTVibration -F /Users/antoniogrillo-balen/Library/Developer/Xcode/DerivedData/risebysolis-gzfsziqwziaggpcbgdowmssiasmi/Build/Products/Debug-iphonesimulator/React-RuntimeApple -F /Users/antoniogrillo-balen/Library/Developer/Xcode/DerivedData/risebysolis-gzfsziqwziaggpcbgdowmssiasmi/Build/Products/Debug-iphonesimulator/React-RuntimeCore -F /Users/antoniogrillo-balen/Library/Developer/Xcode/DerivedData/risebysolis-gzfsziqwziaggpcbgdowmssiasmi/Build/Products/Debug-iphonesimulator/React-RuntimeHermes -F /Users/antoniogrillo-balen/Library/Developer/Xcode/DerivedData/risebysolis-gzfsziqwziaggpcbgdowmssiasmi/Build/Products/Debug-iphonesimulator/React-cxxreact -F /Users/antoniogrillo-balen/Library/Developer/Xcode/DerivedData/risebysolis-gzfsziqwziaggpcbgdowmssiasmi/Build/Products/Debug-iphonesimulator/React-debug -F /Users/antoniogrillo-balen/Library/Developer/Xcode/DerivedData/risebysolis-gzfsziqwziaggpcbgdowmssiasmi/Build/Products/Debug-iphonesimulator/React-defaultsnativemodule -F /Users/antoniogrillo-balen/Library/Developer/Xcode/DerivedData/risebysolis-gzfsziqwziaggpcbgdowmssiasmi/Build/Products/Debug-iphonesimulator/React-domnativemodule -F /Users/antoniogrillo-balen/Library/Developer/Xcode/DerivedData/risebysolis-gzfsziqwziaggpcbgdowmssiasmi/Build/Products/Debug-iphonesimulator/React-featureflags -F /Users/antoniogrillo-balen/Library/Developer/Xcode/DerivedData/risebysolis-gzfsziqwziaggpcbgdowmssiasmi/Build/Products/Debug-iphonesimulator/React-featureflagsnativemodule -F /Users/antoniogrillo-balen/Library/Developer/Xcode/DerivedData/risebysolis-gzfsziqwziaggpcbgdowmssiasmi/Build/Products/Debug-iphonesimulator/React-graphics -F /Users/antoniogrillo-balen/Library/Developer/Xcode/DerivedData/risebysolis-gzfsziqwziaggpcbgdowmssiasmi/Build/Products/Debug-iphonesimulator/React-hermes -F /Users/antoniogrillo-balen/Library/Developer/Xcode/DerivedData/risebysolis-gzfsziqwziaggpcbgdowmssiasmi/Build/Products/Debug-iphonesimulator/React-idlecallbacksnativemodule -F /Users/antoniogrillo-balen/Library/Developer/Xcode/DerivedData/risebysolis-gzfsziqwziaggpcbgdowmssiasmi/Build/Products/Debug-iphonesimulator/React-jserrorhandler -F /Users/antoniogrillo-balen/Library/Developer/Xcode/DerivedData/risebysolis-gzfsziqwziaggpcbgdowmssiasmi/Build/Products/Debug-iphonesimulator/React-jsi -F /Users/antoniogrillo-balen/Library/Developer/Xcode/DerivedData/risebysolis-gzfsziqwziaggpcbgdowmssiasmi/Build/Products/Debug-iphonesimulator/React-jsiexecutor -F /Users/antoniogrillo-balen/Library/Developer/Xcode/DerivedData/risebysolis-gzfsziqwziaggpcbgdowmssiasmi/Build/Products/Debug-iphonesimulator/React-jsinspector -F /Users/antoniogrillo-balen/Library/Developer/Xcode/DerivedData/risebysolis-gzfsziqwziaggpcbgdowmssiasmi/Build/Products/Debug-iphonesimulator/React-logger -F /Users/antoniogrillo-balen/Library/Developer/Xcode/DerivedData/risebysolis-gzfsziqwziaggpcbgdowmssiasmi/Build/Products/Debug-iphonesimulator/React-microtasksnativemodule -F /Users/antoniogrillo-balen/Library/Developer/Xcode/DerivedData/risebysolis-gzfsziqwziaggpcbgdowmssiasmi/Build/Products/Debug-iphonesimulator/React-nativeconfig -F /Users/antoniogrillo-balen/Library/Developer/Xcode/DerivedData/risebysolis-gzfsziqwziaggpcbgdowmssiasmi/Build/Products/Debug-iphonesimulator/React-perflogger -F /Users/antoniogrillo-balen/Library/Developer/Xcode/DerivedData/risebysolis-gzfsziqwziaggpcbgdowmssiasmi/Build/Products/Debug-iphonesimulator/React-performancetimeline -F /Users/antoniogrillo-balen/Library/Developer/Xcode/DerivedData/risebysolis-gzfsziqwziaggpcbgdowmssiasmi/Build/Products/Debug-iphonesimulator/React-rendererconsistency -F /Users/antoniogrillo-balen/Library/Developer/Xcode/DerivedData/risebysolis-gzfsziqwziaggpcbgdowmssiasmi/Build/Products/Debug-iphonesimulator/React-rendererdebug -F /Users/antoniogrillo-balen/Library/Developer/Xcode/DerivedData/risebysolis-gzfsziqwziaggpcbgdowmssiasmi/Build/Products/Debug-iphonesimulator/React-runtimescheduler -F /Users/antoniogrillo-balen/Library/Developer/Xcode/DerivedData/risebysolis-gzfsziqwziaggpcbgdowmssiasmi/Build/Products/Debug-iphonesimulator/React-utils -F /Users/antoniogrillo-balen/Library/Developer/Xcode/DerivedData/risebysolis-gzfsziqwziaggpcbgdowmssiasmi/Build/Products/Debug-iphonesimulator/ReactCodegen -F /Users/antoniogrillo-balen/Library/Developer/Xcode/DerivedData/risebysolis-gzfsziqwziaggpcbgdowmssiasmi/Build/Products/Debug-iphonesimulator/ReactCommon -F /Users/antoniogrillo-balen/Library/Developer/Xcode/DerivedData/risebysolis-gzfsziqwziaggpcbgdowmssiasmi/Build/Products/Debug-iphonesimulator/RecaptchaInterop -F /Users/antoniogrillo-balen/Library/Developer/Xcode/DerivedData/risebysolis-gzfsziqwziaggpcbgdowmssiasmi/Build/Products/Debug-iphonesimulator/RevenueCat -F /Users/antoniogrillo-balen/Library/Developer/Xcode/DerivedData/risebysolis-gzfsziqwziaggpcbgdowmssiasmi/Build/Products/Debug-iphonesimulator/SocketRocket -F /Users/antoniogrillo-balen/Library/Developer/Xcode/DerivedData/risebysolis-gzfsziqwziaggpcbgdowmssiasmi/Build/Products/Debug-iphonesimulator/Yoga -F /Users/antoniogrillo-balen/Library/Developer/Xcode/DerivedData/risebysolis-gzfsziqwziaggpcbgdowmssiasmi/Build/Products/Debug-iphonesimulator/fmt -F /Users/antoniogrillo-balen/Library/Developer/Xcode/DerivedData/risebysolis-gzfsziqwziaggpcbgdowmssiasmi/Build/Products/Debug-iphonesimulator/glog -F /Users/antoniogrillo-balen/Library/Developer/Xcode/DerivedData/risebysolis-gzfsziqwziaggpcbgdowmssiasmi/Build/Products/Debug-iphonesimulator/react-native-mmkv -F /Users/antoniogrillo-balen/Library/Developer/Xcode/DerivedData/risebysolis-gzfsziqwziaggpcbgdowmssiasmi/Build/Products/Debug-iphonesimulator/react-native-safe-area-context -F /Users/antoniogrillo-balen/Desktop/Projects/RiseBuild/ios/Pods/hermes-engine/destroot/Library/Frameworks/universal -F /Users/antoniogrillo-balen/Library/Developer/Xcode/DerivedData/risebysolis-gzfsziqwziaggpcbgdowmssiasmi/Build/Products/Debug-iphonesimulator/XCFrameworkIntermediates/hermes-engine/Pre-built -c -j8 -enable-batch-mode -incremental -Xcc -ivfsstatcache -Xcc /Users/antoniogrillo-balen/Library/Developer/Xcode/DerivedData/SDKStatCaches.noindex/iphonesimulator26.5-23F73-6cfe768891a92b912361537c460fe42b.sdkstatcache -output-file-map /Users/antoniogrillo-balen/Library/Developer/Xcode/DerivedData/risebysolis-gzfsziqwziaggpcbgdowmssiasmi/Build/Intermediates.noindex/risebysolis.build/Debug-iphonesimulator/risebysolis.build/Objects-normal/arm64/risebysolis-OutputFileMap.json -use-frontend-parseable-output -save-temps -no-color-diagnostics -explicit-module-build -module-cache-path /Users/antoniogrillo-balen/Library/Developer/Xcode/DerivedData/risebysolis-gzfsziqwziaggpcbgdowmssiasmi/Build/Intermediates.noindex/SwiftExplicitPrecompiledModules -clang-scanner-module-cache-path /Users/antoniogrillo-balen/Library/Developer/Xcode/DerivedData/ModuleCache.noindex -sdk-module-cache-path /Users/antoniogrillo-balen/Library/Developer/Xcode/DerivedData/ModuleCache.noindex -serialize-diagnostics -emit-dependencies -emit-module -emit-module-path /Users/antoniogrillo-balen/Library/Developer/Xcode/DerivedData/risebysolis-gzfsziqwziaggpcbgdowmssiasmi/Build/Intermediates.noindex/risebysolis.build/Debug-iphonesimulator/risebysolis.build/Objects-normal/arm64/risebysolis.swiftmodule -validate-clang-modules-once -clang-build-session-file /Users/antoniogrillo-balen/Library/Developer/Xcode/DerivedData/ModuleCache.noindex/Session.modulevalidation -Xcc -I/Users/antoniogrillo-balen/Library/Developer/Xcode/DerivedData/risebysolis-gzfsziqwziaggpcbgdowmssiasmi/Build/Intermediates.noindex/risebysolis.build/Debug-iphonesimulator/risebysolis.build/swift-overrides.hmap -emit-const-values -Xfrontend -const-gather-protocols-file -Xfrontend /Users/antoniogrillo-balen/Library/Developer/Xcode/DerivedData/risebysolis-gzfsziqwziaggpcbgdowmssiasmi/Build/Intermediates.noindex/risebysolis.build/Debug-iphonesimulator/risebysolis.build/Objects-normal/arm64/risebysolis_const_extract_protocols.json -Xcc -iquote -Xcc /Users/antoniogrillo-balen/Library/Developer/Xcode/DerivedData/risebysolis-gzfsziqwziaggpcbgdowmssiasmi/Build/Intermediates.noindex/risebysolis.build/Debug-iphonesimulator/risebysolis.build/risebysolis-generated-files.hmap -Xcc -I/Users/antoniogrillo-balen/Library/Developer/Xcode/DerivedData/risebysolis-gzfsziqwziaggpcbgdowmssiasmi/Build/Intermediates.noindex/risebysolis.build/Debug-iphonesimulator/risebysolis.build/risebysolis-own-target-headers.hmap -Xcc -I/Users/antoniogrillo-balen/Library/Developer/Xcode/DerivedData/risebysolis-gzfsziqwziaggpcbgdowmssiasmi/Build/Intermediates.noindex/risebysolis.build/Debug-iphonesimulator/risebysolis.build/risebysolis-all-non-framework-target-headers.hmap -Xcc -ivfsoverlay -Xcc /Users/antoniogrillo-balen/Library/Developer/Xcode/DerivedData/risebysolis-gzfsziqwziaggpcbgdowmssiasmi/Build/Intermediates.noindex/risebysolis.build/Debug-iphonesimulator/risebysolis-f3d299422e93638f9a6d1e5771fa6c55-VFS-iphonesimulator/all-product-headers.yaml -Xcc -iquote -Xcc /Users/antoniogrillo-balen/Library/Developer/Xcode/DerivedData/risebysolis-gzfsziqwziaggpcbgdowmssiasmi/Build/Intermediates.noindex/risebysolis.build/Debug-iphonesimulator/risebysolis.build/risebysolis-project-headers.hmap -Xcc -I/Users/antoniogrillo-balen/Library/Developer/Xcode/DerivedData/risebysolis-gzfsziqwziaggpcbgdowmssiasmi/Build/Products/Debug-iphonesimulator/include -Xcc -I/Users/antoniogrillo-balen/Library/Developer/Xcode/DerivedData/risebysolis-gzfsziqwziaggpcbgdowmssiasmi/Build/Products/Debug-iphonesimulator/ReactCommon/ReactCommon.framework/Headers -Xcc -I/Users/antoniogrillo-balen/Library/Developer/Xcode/DerivedData/risebysolis-gzfsziqwziaggpcbgdowmssiasmi/Build/Products/Debug-iphonesimulator/ReactCommon/ReactCommon.framework/Headers/react/nativemodule/core -Xcc -I/Users/antoniogrillo-balen/Library/Developer/Xcode/DerivedData/risebysolis-gzfsziqwziaggpcbgdowmssiasmi/Build/Products/Debug-iphonesimulator/ReactCommon-Samples/ReactCommon_Samples.framework/Headers -Xcc -I/Users/antoniogrillo-balen/Library/Developer/Xcode/DerivedData/risebysolis-gzfsziqwziaggpcbgdowmssiasmi/Build/Products/Debug-iphonesimulator/ReactCommon-Samples/ReactCommon_Samples.framework/Headers/platform/ios -Xcc -I/Users/antoniogrillo-balen/Library/Developer/Xcode/DerivedData/risebysolis-gzfsziqwziaggpcbgdowmssiasmi/Build/Products/Debug-iphonesimulator/React-Fabric/React_Fabric.framework/Headers/react/renderer/components/view/platform/cxx -Xcc -I/Users/antoniogrillo-balen/Library/Developer/Xcode/DerivedData/risebysolis-gzfsziqwziaggpcbgdowmssiasmi/Build/Products/Debug-iphonesimulator/React-NativeModulesApple/React_NativeModulesApple.framework/Headers -Xcc -I/Users/antoniogrillo-balen/Library/Developer/Xcode/DerivedData/risebysolis-gzfsziqwziaggpcbgdowmssiasmi/Build/Products/Debug-iphonesimulator/React-graphics/React_graphics.framework/Headers -Xcc -I/Users/antoniogrillo-balen/Library/Developer/Xcode/DerivedData/risebysolis-gzfsziqwziaggpcbgdowmssiasmi/Build/Products/Debug-iphonesimulator/React-graphics/React_graphics.framework/Headers/react/renderer/graphics/platform/ios -Xcc -I/Users/antoniogrillo-balen/Library/Developer/Xcode/DerivedData/risebysolis-gzfsziqwziaggpcbgdowmssiasmi/Build/Products/Debug-iphonesimulator/AppAuth/AppAuth.framework/Headers -Xcc -I/Users/antoniogrillo-balen/Library/Developer/Xcode/DerivedData/risebysolis-gzfsziqwziaggpcbgdowmssiasmi/Build/Products/Debug-iphonesimulator/AppCheckCore/AppCheckCore.framework/Headers -Xcc -I/Users/antoniogrillo-balen/Library/Developer/Xcode/DerivedData/risebysolis-gzfsziqwziaggpcbgdowmssiasmi/Build/Products/Debug-iphonesimulator/DoubleConversion/DoubleConversion.framework/Headers -Xcc -I/Users/antoniogrillo-balen/Library/Developer/Xcode/DerivedData/risebysolis-gzfsziqwziaggpcbgdowmssiasmi/Build/Products/Debug-iphonesimulator/EXApplication/EXApplication.framework/Headers -Xcc -I/Users/antoniogrillo-balen/Library/Developer/Xcode/DerivedData/risebysolis-gzfsziqwziaggpcbgdowmssiasmi/Build/Products/Debug-iphonesimulator/EXConstants/EXConstants.framework/Headers -Xcc -I/Users/antoniogrillo-balen/Library/Developer/Xcode/DerivedData/risebysolis-gzfsziqwziaggpcbgdowmssiasmi/Build/Products/Debug-iphonesimulator/EXNotifications/EXNotifications.framework/Headers -Xcc -I/Users/antoniogrillo-balen/Library/Developer/Xcode/DerivedData/risebysolis-gzfsziqwziaggpcbgdowmssiasmi/Build/Products/Debug-iphonesimulator/Expo/Expo.framework/Headers -Xcc -I/Users/antoniogrillo-balen/Library/Developer/Xcode/DerivedData/risebysolis-gzfsziqwziaggpcbgdowmssiasmi/Build/Products/Debug-iphonesimulator/ExpoAdapterGoogleSignIn/ExpoAdapterGoogleSignIn.framework/Headers -Xcc -I/Users/antoniogrillo-balen/Library/Developer/Xcode/DerivedData/risebysolis-gzfsziqwziaggpcbgdowmssiasmi/Build/Products/Debug-iphonesimulator/ExpoAppleAuthentication/ExpoAppleAuthentication.framework/Headers -Xcc -I/Users/antoniogrillo-balen/Library/Developer/Xcode/DerivedData/risebysolis-gzfsziqwziaggpcbgdowmssiasmi/Build/Products/Debug-iphonesimulator/ExpoAsset/ExpoAsset.framework/Headers -Xcc -I/Users/antoniogrillo-balen/Library/Developer/Xcode/DerivedData/risebysolis-gzfsziqwziaggpcbgdowmssiasmi/Build/Products/Debug-iphonesimulator/ExpoCrypto/ExpoCrypto.framework/Headers -Xcc -I/Users/antoniogrillo-balen/Library/Developer/Xcode/DerivedData/risebysolis-gzfsziqwziaggpcbgdowmssiasmi/Build/Products/Debug-iphonesimulator/ExpoFileSystem/ExpoFileSystem.framework/Headers -Xcc -I/Users/antoniogrillo-balen/Library/Developer/Xcode/DerivedData/risebysolis-gzfsziqwziaggpcbgdowmssiasmi/Build/Products/Debug-iphonesimulator/ExpoFont/ExpoFont.framework/Headers -Xcc -I/Users/antoniogrillo-balen/Library/Developer/Xcode/DerivedData/risebysolis-gzfsziqwziaggpcbgdowmssiasmi/Build/Products/Debug-iphonesimulator/ExpoHaptics/ExpoHaptics.framework/Headers -Xcc -I/Users/antoniogrillo-balen/Library/Developer/Xcode/DerivedData/risebysolis-gzfsziqwziaggpcbgdowmssiasmi/Build/Products/Debug-iphonesimulator/ExpoHead/ExpoHead.framework/Headers -Xcc -I/Users/antoniogrillo-balen/Library/Developer/Xcode/DerivedData/risebysolis-gzfsziqwziaggpcbgdowmssiasmi/Build/Products/Debug-iphonesimulator/ExpoKeepAwake/ExpoKeepAwake.framework/Headers -Xcc -I/Users/antoniogrillo-balen/Library/Developer/Xcode/DerivedData/risebysolis-gzfsziqwziaggpcbgdowmssiasmi/Build/Products/Debug-iphonesimulator/ExpoLinking/ExpoLinking.framework/Headers -Xcc -I/Users/antoniogrillo-balen/Library/Developer/Xcode/DerivedData/risebysolis-gzfsziqwziaggpcbgdowmssiasmi/Build/Products/Debug-iphonesimulator/ExpoModulesCore/ExpoModulesCore.framework/Headers -Xcc -I/Users/antoniogrillo-balen/Library/Developer/Xcode/DerivedData/risebysolis-gzfsziqwziaggpcbgdowmssiasmi/Build/Products/Debug-iphonesimulator/ExpoSecureStore/ExpoSecureStore.framework/Headers -Xcc -I/Users/antoniogrillo-balen/Library/Developer/Xcode/DerivedData/risebysolis-gzfsziqwziaggpcbgdowmssiasmi/Build/Products/Debug-iphonesimulator/ExpoSplashScreen/ExpoSplashScreen.framework/Headers -Xcc -I/Users/antoniogrillo-balen/Library/Developer/Xcode/DerivedData/risebysolis-gzfsziqwziaggpcbgdowmssiasmi/Build/Products/Debug-iphonesimulator/FirebaseAppCheckInterop/FirebaseAppCheckInterop.framework/Headers -Xcc -I/Users/antoniogrillo-balen/Library/Developer/Xcode/DerivedData/risebysolis-gzfsziqwziaggpcbgdowmssiasmi/Build/Products/Debug-iphonesimulator/FirebaseAuth/FirebaseAuth.framework/Headers -Xcc -I/Users/antoniogrillo-balen/Library/Developer/Xcode/DerivedData/risebysolis-gzfsziqwziaggpcbgdowmssiasmi/Build/Products/Debug-iphonesimulator/FirebaseAuthInterop/FirebaseAuthInterop.framework/Headers -Xcc -I/Users/antoniogrillo-balen/Library/Developer/Xcode/DerivedData/risebysolis-gzfsziqwziaggpcbgdowmssiasmi/Build/Products/Debug-iphonesimulator/FirebaseCore/FirebaseCore.framework/Headers -Xcc -I/Users/antoniogrillo-balen/Library/Developer/Xcode/DerivedData/risebysolis-gzfsziqwziaggpcbgdowmssiasmi/Build/Products/Debug-iphonesimulator/FirebaseCoreExtension/FirebaseCoreExtension.framework/Headers -Xcc -I/Users/antoniogrillo-balen/Library/Developer/Xcode/DerivedData/risebysolis-gzfsziqwziaggpcbgdowmssiasmi/Build/Products/Debug-iphonesimulator/FirebaseCoreInternal/FirebaseCoreInternal.framework/Headers -Xcc -I/Users/antoniogrillo-balen/Library/Developer/Xcode/DerivedData/risebysolis-gzfsziqwziaggpcbgdowmssiasmi/Build/Products/Debug-iphonesimulator/GTMAppAuth/GTMAppAuth.framework/Headers -Xcc -I/Users/antoniogrillo-balen/Library/Developer/Xcode/DerivedData/risebysolis-gzfsziqwziaggpcbgdowmssiasmi/Build/Products/Debug-iphonesimulator/GTMSessionFetcher/GTMSessionFetcher.framework/Headers -Xcc -I/Users/antoniogrillo-balen/Library/Developer/Xcode/DerivedData/risebysolis-gzfsziqwziaggpcbgdowmssiasmi/Build/Products/Debug-iphonesimulator/GoogleSignIn/GoogleSignIn.framework/Headers -Xcc -I/Users/antoniogrillo-balen/Library/Developer/Xcode/DerivedData/risebysolis-gzfsziqwziaggpcbgdowmssiasmi/Build/Products/Debug-iphonesimulator/GoogleUtilities/GoogleUtilities.framework/Headers -Xcc -I/Users/antoniogrillo-balen/Library/Developer/Xcode/DerivedData/risebysolis-gzfsziqwziaggpcbgdowmssiasmi/Build/Products/Debug-iphonesimulator/PromisesObjC/FBLPromises.framework/Headers -Xcc -I/Users/antoniogrillo-balen/Library/Developer/Xcode/DerivedData/risebysolis-gzfsziqwziaggpcbgdowmssiasmi/Build/Products/Debug-iphonesimulator/PurchasesHybridCommon/PurchasesHybridCommon.framework/Headers -Xcc -I/Users/antoniogrillo-balen/Library/Developer/Xcode/DerivedData/risebysolis-gzfsziqwziaggpcbgdowmssiasmi/Build/Products/Debug-iphonesimulator/RCT-Folly/folly.framework/Headers -Xcc -I/Users/antoniogrillo-balen/Library/Developer/Xcode/DerivedData/risebysolis-gzfsziqwziaggpcbgdowmssiasmi/Build/Products/Debug-iphonesimulator/RCTDeprecation/RCTDeprecation.framework/Headers -Xcc -I/Users/antoniogrillo-balen/Library/Developer/Xcode/DerivedData/risebysolis-gzfsziqwziaggpcbgdowmssiasmi/Build/Products/Debug-iphonesimulator/RCTTypeSafety/RCTTypeSafety.framework/Headers -Xcc -I/Users/antoniogrillo-balen/Library/Developer/Xcode/DerivedData/risebysolis-gzfsziqwziaggpcbgdowmssiasmi/Build/Products/Debug-iphonesimulator/RNFBApp/RNFBApp.framework/Headers -Xcc -I/Users/antoniogrillo-balen/Library/Developer/Xcode/DerivedData/risebysolis-gzfsziqwziaggpcbgdowmssiasmi/Build/Products/Debug-iphonesimulator/RNFBAuth/RNFBAuth.framework/Headers -Xcc -I/Users/antoniogrillo-balen/Library/Developer/Xcode/DerivedData/risebysolis-gzfsziqwziaggpcbgdowmssiasmi/Build/Products/Debug-iphonesimulator/RNGestureHandler/RNGestureHandler.framework/Headers -Xcc -I/Users/antoniogrillo-balen/Library/Developer/Xcode/DerivedData/risebysolis-gzfsziqwziaggpcbgdowmssiasmi/Build/Products/Debug-iphonesimulator/RNGoogleSignin/RNGoogleSignin.framework/Headers -Xcc -I/Users/antoniogrillo-balen/Library/Developer/Xcode/DerivedData/risebysolis-gzfsziqwziaggpcbgdowmssiasmi/Build/Products/Debug-iphonesimulator/RNPurchases/RNPurchases.framework/Headers -Xcc -I/Users/antoniogrillo-balen/Library/Developer/Xcode/DerivedData/risebysolis-gzfsziqwziaggpcbgdowmssiasmi/Build/Products/Debug-iphonesimulator/RNReanimated/RNReanimated.framework/Headers -Xcc -I/Users/antoniogrillo-balen/Library/Developer/Xcode/DerivedData/risebysolis-gzfsziqwziaggpcbgdowmssiasmi/Build/Products/Debug-iphonesimulator/RNScreens/RNScreens.framework/Headers -Xcc -I/Users/antoniogrillo-balen/Library/Developer/Xcode/DerivedData/risebysolis-gzfsziqwziaggpcbgdowmssiasmi/Build/Products/Debug-iphonesimulator/React-Core/React.framework/Headers -Xcc -I/Users/antoniogrillo-balen/Library/Developer/Xcode/DerivedData/risebysolis-gzfsziqwziaggpcbgdowmssiasmi/Build/Products/Debug-iphonesimulator/React-CoreModules/CoreModules.framework/Headers -Xcc -I/Users/antoniogrillo-balen/Library/Developer/Xcode/DerivedData/risebysolis-gzfsziqwziaggpcbgdowmssiasmi/Build/Products/Debug-iphonesimulator/React-Fabric/React_Fabric.framework/Headers -Xcc -I/Users/antoniogrillo-balen/Library/Developer/Xcode/DerivedData/risebysolis-gzfsziqwziaggpcbgdowmssiasmi/Build/Products/Debug-iphonesimulator/React-FabricComponents/React_FabricComponents.framework/Headers -Xcc -I/Users/antoniogrillo-balen/Library/Developer/Xcode/DerivedData/risebysolis-gzfsziqwziaggpcbgdowmssiasmi/Build/Products/Debug-iphonesimulator/React-FabricImage/React_FabricImage.framework/Headers -Xcc -I/Users/antoniogrillo-balen/Library/Developer/Xcode/DerivedData/risebysolis-gzfsziqwziaggpcbgdowmssiasmi/Build/Products/Debug-iphonesimulator/React-ImageManager/React_ImageManager.framework/Headers -Xcc -I/Users/antoniogrillo-balen/Library/Developer/Xcode/DerivedData/risebysolis-gzfsziqwziaggpcbgdowmssiasmi/Build/Products/Debug-iphonesimulator/React-Mapbuffer/React_Mapbuffer.framework/Headers -Xcc -I/Users/antoniogrillo-balen/Library/Developer/Xcode/DerivedData/risebysolis-gzfsziqwziaggpcbgdowmssiasmi/Build/Products/Debug-iphonesimulator/React-NativeModulesApple/React_NativeModulesApple.framework/Headers -Xcc -I/Users/antoniogrillo-balen/Library/Developer/Xcode/DerivedData/risebysolis-gzfsziqwziaggpcbgdowmssiasmi/Build/Products/Debug-iphonesimulator/React-RCTAnimation/RCTAnimation.framework/Headers -Xcc -I/Users/antoniogrillo-balen/Library/Developer/Xcode/DerivedData/risebysolis-gzfsziqwziaggpcbgdowmssiasmi/Build/Products/Debug-iphonesimulator/React-RCTAppDelegate/React_RCTAppDelegate.framework/Headers -Xcc -I/Users/antoniogrillo-balen/Library/Developer/Xcode/DerivedData/risebysolis-gzfsziqwziaggpcbgdowmssiasmi/Build/Products/Debug-iphonesimulator/React-RCTBlob/RCTBlob.framework/Headers -Xcc -I/Users/antoniogrillo-balen/Library/Developer/Xcode/DerivedData/risebysolis-gzfsziqwziaggpcbgdowmssiasmi/Build/Products/Debug-iphonesimulator/React-RCTFabric/RCTFabric.framework/Headers -Xcc -I/Users/antoniogrillo-balen/Library/Developer/Xcode/DerivedData/risebysolis-gzfsziqwziaggpcbgdowmssiasmi/Build/Products/Debug-iphonesimulator/React-RCTImage/RCTImage.framework/Headers -Xcc -I/Users/antoniogrillo-balen/Library/Developer/Xcode/DerivedData/risebysolis-gzfsziqwziaggpcbgdowmssiasmi/Build/Products/Debug-iphonesimulator/React-RCTLinking/RCTLinking.framework/Headers -Xcc -I/Users/antoniogrillo-balen/Library/Developer/Xcode/DerivedData/risebysolis-gzfsziqwziaggpcbgdowmssiasmi/Build/Products/Debug-iphonesimulator/React-RCTNetwork/RCTNetwork.framework/Headers -Xcc -I/Users/antoniogrillo-balen/Library/Developer/Xcode/DerivedData/risebysolis-gzfsziqwziaggpcbgdowmssiasmi/Build/Products/Debug-iphonesimulator/React-RCTSettings/RCTSettings.framework/Headers -Xcc -I/Users/antoniogrillo-balen/Library/Developer/Xcode/DerivedData/risebysolis-gzfsziqwziaggpcbgdowmssiasmi/Build/Products/Debug-iphonesimulator/React-RCTText/RCTText.framework/Headers -Xcc -I/Users/antoniogrillo-balen/Library/Developer/Xcode/DerivedData/risebysolis-gzfsziqwziaggpcbgdowmssiasmi/Build/Products/Debug-iphonesimulator/React-RCTVibration/RCTVibration.framework/Headers -Xcc -I/Users/antoniogrillo-balen/Library/Developer/Xcode/DerivedData/risebysolis-gzfsziqwziaggpcbgdowmssiasmi/Build/Products/Debug-iphonesimulator/React-RuntimeApple/React_RuntimeApple.framework/Headers -Xcc -I/Users/antoniogrillo-balen/Library/Developer/Xcode/DerivedData/risebysolis-gzfsziqwziaggpcbgdowmssiasmi/Build/Products/Debug-iphonesimulator/React-RuntimeCore/React_RuntimeCore.framework/Headers -Xcc -I/Users/antoniogrillo-balen/Library/Developer/Xcode/DerivedData/risebysolis-gzfsziqwziaggpcbgdowmssiasmi/Build/Products/Debug-iphonesimulator/React-RuntimeHermes/React_RuntimeHermes.framework/Headers -Xcc -I/Users/antoniogrillo-balen/Library/Developer/Xcode/DerivedData/risebysolis-gzfsziqwziaggpcbgdowmssiasmi/Build/Products/Debug-iphonesimulator/React-cxxreact/cxxreact.framework/Headers -Xcc -I/Users/antoniogrillo-balen/Library/Developer/Xcode/DerivedData/risebysolis-gzfsziqwziaggpcbgdowmssiasmi/Build/Products/Debug-iphonesimulator/React-debug/React_debug.framework/Headers -Xcc -I/Users/antoniogrillo-balen/Library/Developer/Xcode/DerivedData/risebysolis-gzfsziqwziaggpcbgdowmssiasmi/Build/Products/Debug-iphonesimulator/React-defaultsnativemodule/React_defaultsnativemodule.framework/Headers -Xcc -I/Users/antoniogrillo-balen/Library/Developer/Xcode/DerivedData/risebysolis-gzfsziqwziaggpcbgdowmssiasmi/Build/Products/Debug-iphonesimulator/React-domnativemodule/React_domnativemodule.framework/Headers -Xcc -I/Users/antoniogrillo-balen/Library/Developer/Xcode/DerivedData/risebysolis-gzfsziqwziaggpcbgdowmssiasmi/Build/Products/Debug-iphonesimulator/React-featureflags/React_featureflags.framework/Headers -Xcc -I/Users/antoniogrillo-balen/Library/Developer/Xcode/DerivedData/risebysolis-gzfsziqwziaggpcbgdowmssiasmi/Build/Products/Debug-iphonesimulator/React-featureflagsnativemodule/React_featureflagsnativemodule.framework/Headers -Xcc -I/Users/antoniogrillo-balen/Library/Developer/Xcode/DerivedData/risebysolis-gzfsziqwziaggpcbgdowmssiasmi/Build/Products/Debug-iphonesimulator/React-graphics/React_graphics.framework/Headers -Xcc -I/Users/antoniogrillo-balen/Library/Developer/Xcode/DerivedData/risebysolis-gzfsziqwziaggpcbgdowmssiasmi/Build/Products/Debug-iphonesimulator/React-hermes/reacthermes.framework/Headers -Xcc -I/Users/antoniogrillo-balen/Library/Developer/Xcode/DerivedData/risebysolis-gzfsziqwziaggpcbgdowmssiasmi/Build/Products/Debug-iphonesimulator/React-idlecallbacksnativemodule/idlecallbacksnativemodule.framework/Headers -Xcc -I/Users/antoniogrillo-balen/Library/Developer/Xcode/DerivedData/risebysolis-gzfsziqwziaggpcbgdowmssiasmi/Build/Products/Debug-iphonesimulator/React-jserrorhandler/React_jserrorhandler.framework/Headers -Xcc -I/Users/antoniogrillo-balen/Library/Developer/Xcode/DerivedData/risebysolis-gzfsziqwziaggpcbgdowmssiasmi/Build/Products/Debug-iphonesimulator/React-jsi/jsi.framework/Headers -Xcc -I/Users/antoniogrillo-balen/Library/Developer/Xcode/DerivedData/risebysolis-gzfsziqwziaggpcbgdowmssiasmi/Build/Products/Debug-iphonesimulator/React-jsiexecutor/jsireact.framework/Headers -Xcc -I/Users/antoniogrillo-balen/Library/Developer/Xcode/DerivedData/risebysolis-gzfsziqwziaggpcbgdowmssiasmi/Build/Products/Debug-iphonesimulator/React-jsinspector/jsinspector_modern.framework/Headers -Xcc -I/Users/antoniogrillo-balen/Library/Developer/Xcode/DerivedData/risebysolis-gzfsziqwziaggpcbgdowmssiasmi/Build/Products/Debug-iphonesimulator/React-logger/logger.framework/Headers -Xcc -I/Users/antoniogrillo-balen/Library/Developer/Xcode/DerivedData/risebysolis-gzfsziqwziaggpcbgdowmssiasmi/Build/Products/Debug-iphonesimulator/React-microtasksnativemodule/React_microtasksnativemodule.framework/Headers -Xcc -I/Users/antoniogrillo-balen/Library/Developer/Xcode/DerivedData/risebysolis-gzfsziqwziaggpcbgdowmssiasmi/Build/Products/Debug-iphonesimulator/React-nativeconfig/React_nativeconfig.framework/Headers -Xcc -I/Users/antoniogrillo-balen/Library/Developer/Xcode/DerivedData/risebysolis-gzfsziqwziaggpcbgdowmssiasmi/Build/Products/Debug-iphonesimulator/React-perflogger/reactperflogger.framework/Headers -Xcc -I/Users/antoniogrillo-balen/Library/Developer/Xcode/DerivedData/risebysolis-gzfsziqwziaggpcbgdowmssiasmi/Build/Products/Debug-iphonesimulator/React-performancetimeline/React_performancetimeline.framework/Headers -Xcc -I/Users/antoniogrillo-balen/Library/Developer/Xcode/DerivedData/risebysolis-gzfsziqwziaggpcbgdowmssiasmi/Build/Products/Debug-iphonesimulator/React-rendererconsistency/React_rendererconsistency.framework/Headers -Xcc -I/Users/antoniogrillo-balen/Library/Developer/Xcode/DerivedData/risebysolis-gzfsziqwziaggpcbgdowmssiasmi/Build/Products/Debug-iphonesimulator/React-rendererdebug/React_rendererdebug.framework/Headers -Xcc -I/Users/antoniogrillo-balen/Library/Developer/Xcode/DerivedData/risebysolis-gzfsziqwziaggpcbgdowmssiasmi/Build/Products/Debug-iphonesimulator/React-runtimescheduler/React_runtimescheduler.framework/Headers -Xcc -I/Users/antoniogrillo-balen/Library/Developer/Xcode/DerivedData/risebysolis-gzfsziqwziaggpcbgdowmssiasmi/Build/Products/Debug-iphonesimulator/React-utils/React_utils.framework/Headers -Xcc -I/Users/antoniogrillo-balen/Library/Developer/Xcode/DerivedData/risebysolis-gzfsziqwziaggpcbgdowmssiasmi/Build/Products/Debug-iphonesimulator/ReactCodegen/ReactCodegen.framework/Headers -Xcc -I/Users/antoniogrillo-balen/Library/Developer/Xcode/DerivedData/risebysolis-gzfsziqwziaggpcbgdowmssiasmi/Build/Products/Debug-iphonesimulator/ReactCommon/ReactCommon.framework/Headers -Xcc -I/Users/antoniogrillo-balen/Library/Developer/Xcode/DerivedData/risebysolis-gzfsziqwziaggpcbgdowmssiasmi/Build/Products/Debug-iphonesimulator/RecaptchaInterop/RecaptchaInterop.framework/Headers -Xcc -I/Users/antoniogrillo-balen/Library/Developer/Xcode/DerivedData/risebysolis-gzfsziqwziaggpcbgdowmssiasmi/Build/Products/Debug-iphonesimulator/RevenueCat/RevenueCat.framework/Headers -Xcc -I/Users/antoniogrillo-balen/Library/Developer/Xcode/DerivedData/risebysolis-gzfsziqwziaggpcbgdowmssiasmi/Build/Products/Debug-iphonesimulator/SocketRocket/SocketRocket.framework/Headers -Xcc -I/Users/antoniogrillo-balen/Library/Developer/Xcode/DerivedData/risebysolis-gzfsziqwziaggpcbgdowmssiasmi/Build/Products/Debug-iphonesimulator/Yoga/yoga.framework/Headers -Xcc -I/Users/antoniogrillo-balen/Library/Developer/Xcode/DerivedData/risebysolis-gzfsziqwziaggpcbgdowmssiasmi/Build/Products/Debug-iphonesimulator/fmt/fmt.framework/Headers -Xcc -I/Users/antoniogrillo-balen/Library/Developer/Xcode/DerivedData/risebysolis-gzfsziqwziaggpcbgdowmssiasmi/Build/Products/Debug-iphonesimulator/glog/glog.framework/Headers -Xcc -I/Users/antoniogrillo-balen/Library/Developer/Xcode/DerivedData/risebysolis-gzfsziqwziaggpcbgdowmssiasmi/Build/Products/Debug-iphonesimulator/react-native-mmkv/react_native_mmkv.framework/Headers -Xcc -I/Users/antoniogrillo-balen/Library/Developer/Xcode/DerivedData/risebysolis-gzfsziqwziaggpcbgdowmssiasmi/Build/Products/Debug-iphonesimulator/react-native-safe-area-context/react_native_safe_area_context.framework/Headers -Xcc -I/Users/antoniogrillo-balen/Desktop/Projects/RiseBuild/ios/Pods/Headers/Public -Xcc -I/Users/antoniogrillo-balen/Desktop/Projects/RiseBuild/ios/Pods/Headers/Public/FBLazyVector -Xcc -I/Users/antoniogrillo-balen/Desktop/Projects/RiseBuild/ios/Pods/Headers/Public/Firebase -Xcc -I/Users/antoniogrillo-balen/Desktop/Projects/RiseBuild/ios/Pods/Headers/Public/RCTRequired -Xcc -I/Users/antoniogrillo-balen/Desktop/Projects/RiseBuild/ios/Pods/Headers/Public/React-callinvoker -Xcc -I/Users/antoniogrillo-balen/Desktop/Projects/RiseBuild/ios/Pods/Headers/Public/React-runtimeexecutor -Xcc -I/Users/antoniogrillo-balen/Desktop/Projects/RiseBuild/ios/Pods/Headers/Public/React-timing -Xcc -I/Users/antoniogrillo-balen/Desktop/Projects/RiseBuild/ios/Pods/Headers/Public/boost -Xcc -I/Users/antoniogrillo-balen/Desktop/Projects/RiseBuild/ios/Pods/Headers/Public/fast_float -Xcc -I/Users/antoniogrillo-balen/Desktop/Projects/RiseBuild/ios/Pods/Headers/Public/hermes-engine -Xcc -I/Users/antoniogrillo-balen/Desktop/Projects/RiseBuild/ios/Pods/DoubleConversion -Xcc -I/Users/antoniogrillo-balen/Library/Developer/Xcode/DerivedData/risebysolis-gzfsziqwziaggpcbgdowmssiasmi/Build/Products/Debug-iphonesimulator/Expo/Swift\ Compatibility\ Header -Xcc -I/Users/antoniogrillo-balen/Library/Developer/Xcode/DerivedData/risebysolis-gzfsziqwziaggpcbgdowmssiasmi/Build/Products/Debug-iphonesimulator/ExpoModulesCore/Swift\ Compatibility\ Header -Xcc -I/Users/antoniogrillo-balen/Desktop/Projects/RiseBuild/ios/Pods/Headers/Private/Yoga -Xcc -I/Users/antoniogrillo-balen/Library/Developer/Xcode/DerivedData/risebysolis-gzfsziqwziaggpcbgdowmssiasmi/Build/Products/Debug-iphonesimulator/ReactCommon/ReactCommon.framework/Headers -Xcc -I/Users/antoniogrillo-balen/Library/Developer/Xcode/DerivedData/risebysolis-gzfsziqwziaggpcbgdowmssiasmi/Build/Products/Debug-iphonesimulator/ReactCommon/ReactCommon.framework/Headers/react/nativemodule/core -Xcc -I/Users/antoniogrillo-balen/Library/Developer/Xcode/DerivedData/risebysolis-gzfsziqwziaggpcbgdowmssiasmi/Build/Products/Debug-iphonesimulator/ReactCommon-Samples/ReactCommon_Samples.framework/Headers -Xcc -I/Users/antoniogrillo-balen/Library/Developer/Xcode/DerivedData/risebysolis-gzfsziqwziaggpcbgdowmssiasmi/Build/Products/Debug-iphonesimulator/ReactCommon-Samples/ReactCommon_Samples.framework/Headers/platform/ios -Xcc -I/Users/antoniogrillo-balen/Library/Developer/Xcode/DerivedData/risebysolis-gzfsziqwziaggpcbgdowmssiasmi/Build/Products/Debug-iphonesimulator/React-Fabric/React_Fabric.framework/Headers/react/renderer/components/view/platform/cxx -Xcc -I/Users/antoniogrillo-balen/Library/Developer/Xcode/DerivedData/risebysolis-gzfsziqwziaggpcbgdowmssiasmi/Build/Products/Debug-iphonesimulator/React-NativeModulesApple/React_NativeModulesApple.framework/Headers -Xcc -I/Users/antoniogrillo-balen/Library/Developer/Xcode/DerivedData/risebysolis-gzfsziqwziaggpcbgdowmssiasmi/Build/Products/Debug-iphonesimulator/React-graphics/React_graphics.framework/Headers -Xcc -I/Users/antoniogrillo-balen/Library/Developer/Xcode/DerivedData/risebysolis-gzfsziqwziaggpcbgdowmssiasmi/Build/Products/Debug-iphonesimulator/React-graphics/React_graphics.framework/Headers/react/renderer/graphics/platform/ios -Xcc -I/Users/antoniogrillo-balen/Desktop/Projects/RiseBuild/ios/Pods/Firebase/CoreOnly/Sources -Xcc -I/Users/antoniogrillo-balen/Desktop/Projects/RiseBuild/ios/Pods/boost -Xcc -I/Users/antoniogrillo-balen/Desktop/Projects/RiseBuild/ios/Pods/boost -Xcc -I/Users/antoniogrillo-balen/Desktop/Projects/RiseBuild/ios/Pods/boost-for-react-native -Xcc -I/Users/antoniogrillo-balen/Desktop/Projects/RiseBuild/ios/Pods/glog -Xcc -I/Users/antoniogrillo-balen/Desktop/Projects/RiseBuild/ios/Pods/RCT-Folly -Xcc -I/Users/antoniogrillo-balen/Desktop/Projects/RiseBuild/ios/Pods/Headers/Public/React-hermes -Xcc -I/Users/antoniogrillo-balen/Desktop/Projects/RiseBuild/ios/Pods/Headers/Public/hermes-engine -Xcc -I/Users/antoniogrillo-balen/Desktop/Projects/RiseBuild/node_modules/react-native/ReactCommon -Xcc -I/Users/antoniogrillo-balen/Desktop/Projects/RiseBuild/node_modules/react-native-reanimated/apple -Xcc -I/Users/antoniogrillo-balen/Desktop/Projects/RiseBuild/node_modules/react-native-reanimated/Common/cpp -Xcc -I/Users/antoniogrillo-balen/Desktop/Projects/RiseBuild/ios/Pods/Headers/Private/React-Core -Xcc -I/Users/antoniogrillo-balen/Desktop/Projects/RiseBuild/ios/Pods/Headers/Private/React-Core -Xcc -I/Users/antoniogrillo-balen/Desktop/Projects/RiseBuild/ios/Pods/Headers/Private/Yoga -Xcc -I/Users/antoniogrillo-balen/Library/Developer/Xcode/DerivedData/risebysolis-gzfsziqwziaggpcbgdowmssiasmi/Build/Intermediates.noindex/risebysolis.build/Debug-iphonesimulator/risebysolis.build/DerivedSources-normal/arm64 -Xcc -I/Users/antoniogrillo-balen/Library/Developer/Xcode/DerivedData/risebysolis-gzfsziqwziaggpcbgdowmssiasmi/Build/Intermediates.noindex/risebysolis.build/Debug-iphonesimulator/risebysolis.build/DerivedSources/arm64 -Xcc -I/Users/antoniogrillo-balen/Library/Developer/Xcode/DerivedData/risebysolis-gzfsziqwziaggpcbgdowmssiasmi/Build/Intermediates.noindex/risebysolis.build/Debug-iphonesimulator/risebysolis.build/DerivedSources -Xcc -DDEBUG\=1 -Xcc -DCOCOAPODS\=1 -Xcc -DFB_SONARKIT_ENABLED\=1 -emit-objc-header -emit-objc-header-path /Users/antoniogrillo-balen/Library/Developer/Xcode/DerivedData/risebysolis-gzfsziqwziaggpcbgdowmssiasmi/Build/Intermediates.noindex/risebysolis.build/Debug-iphonesimulator/risebysolis.build/Objects-normal/arm64/risebysolis-Swift.h -import-objc-header /Users/antoniogrillo-balen/Desktop/Projects/RiseBuild/ios/risebysolis/risebysolis-Bridging-Header.h -working-directory /Users/antoniogrillo-balen/Desktop/Projects/RiseBuild/ios -experimental-emit-module-separately -disable-cmo

Copy /Users/antoniogrillo-balen/Library/Developer/Xcode/DerivedData/risebysolis-gzfsziqwziaggpcbgdowmssiasmi/Build/Products/Debug-iphonesimulator/risebysolis.swiftmodule/Project/arm64-apple-ios-simulator.swiftsourceinfo /Users/antoniogrillo-balen/Library/Developer/Xcode/DerivedData/risebysolis-gzfsziqwziaggpcbgdowmssiasmi/Build/Intermediates.noindex/risebysolis.build/Debug-iphonesimulator/risebysolis.build/Objects-normal/arm64/risebysolis.swiftsourceinfo (in target 'risebysolis' from project 'risebysolis')
    cd /Users/antoniogrillo-balen/Desktop/Projects/RiseBuild/ios
    builtin-copy -exclude .DS_Store -exclude CVS -exclude .svn -exclude .git -exclude .hg -resolve-src-symlinks -rename /Users/antoniogrillo-balen/Library/Developer/Xcode/DerivedData/risebysolis-gzfsziqwziaggpcbgdowmssiasmi/Build/Intermediates.noindex/risebysolis.build/Debug-iphonesimulator/risebysolis.build/Objects-normal/arm64/risebysolis.swiftsourceinfo /Users/antoniogrillo-balen/Library/Developer/Xcode/DerivedData/risebysolis-gzfsziqwziaggpcbgdowmssiasmi/Build/Products/Debug-iphonesimulator/risebysolis.swiftmodule/Project/arm64-apple-ios-simulator.swiftsourceinfo

Copy /Users/antoniogrillo-balen/Library/Developer/Xcode/DerivedData/risebysolis-gzfsziqwziaggpcbgdowmssiasmi/Build/Products/Debug-iphonesimulator/risebysolis.swiftmodule/arm64-apple-ios-simulator.abi.json /Users/antoniogrillo-balen/Library/Developer/Xcode/DerivedData/risebysolis-gzfsziqwziaggpcbgdowmssiasmi/Build/Intermediates.noindex/risebysolis.build/Debug-iphonesimulator/risebysolis.build/Objects-normal/arm64/risebysolis.abi.json (in target 'risebysolis' from project 'risebysolis')
    cd /Users/antoniogrillo-balen/Desktop/Projects/RiseBuild/ios
    builtin-copy -exclude .DS_Store -exclude CVS -exclude .svn -exclude .git -exclude .hg -resolve-src-symlinks -rename /Users/antoniogrillo-balen/Library/Developer/Xcode/DerivedData/risebysolis-gzfsziqwziaggpcbgdowmssiasmi/Build/Intermediates.noindex/risebysolis.build/Debug-iphonesimulator/risebysolis.build/Objects-normal/arm64/risebysolis.abi.json /Users/antoniogrillo-balen/Library/Developer/Xcode/DerivedData/risebysolis-gzfsziqwziaggpcbgdowmssiasmi/Build/Products/Debug-iphonesimulator/risebysolis.swiftmodule/arm64-apple-ios-simulator.abi.json

Ld /Users/antoniogrillo-balen/Library/Developer/Xcode/DerivedData/risebysolis-gzfsziqwziaggpcbgdowmssiasmi/Build/Products/Debug-iphonesimulator/risebysolis.app/risebysolis.debug.dylib normal (in target 'risebysolis' from project 'risebysolis')
    cd /Users/antoniogrillo-balen/Desktop/Projects/RiseBuild/ios
    /Applications/Xcode.app/Contents/Developer/Toolchains/XcodeDefault.xctoolchain/usr/bin/clang++ -Xlinker -reproducible -target arm64-apple-ios15.1-simulator -dynamiclib -isysroot /Applications/Xcode.app/Contents/Developer/Platforms/iPhoneSimulator.platform/Developer/SDKs/iPhoneSimulator26.5.sdk -O0 -L/Users/antoniogrillo-balen/Library/Developer/Xcode/DerivedData/risebysolis-gzfsziqwziaggpcbgdowmssiasmi/Build/Intermediates.noindex/EagerLinkingTBDs/Debug-iphonesimulator -L/Users/antoniogrillo-balen/Library/Developer/Xcode/DerivedData/risebysolis-gzfsziqwziaggpcbgdowmssiasmi/Build/Products/Debug-iphonesimulator -L/Applications/Xcode.app/Contents/Developer/Platforms/iPhoneSimulator.platform/Developer/SDKs/iPhoneSimulator26.5.sdk/usr/lib/swift -L/Applications/Xcode.app/Contents/Developer/Toolchains/XcodeDefault.xctoolchain/usr/lib/swift/iphonesimulator -L/Applications/Xcode.app/Contents/Developer/Platforms/iPhoneSimulator.platform/Developer/SDKs/iPhoneSimulator26.5.sdk/usr/lib/swift -F/Users/antoniogrillo-balen/Library/Developer/Xcode/DerivedData/risebysolis-gzfsziqwziaggpcbgdowmssiasmi/Build/Intermediates.noindex/EagerLinkingTBDs/Debug-iphonesimulator -F/Users/antoniogrillo-balen/Library/Developer/Xcode/DerivedData/risebysolis-gzfsziqwziaggpcbgdowmssiasmi/Build/Products/Debug-iphonesimulator -F/Users/antoniogrillo-balen/Library/Developer/Xcode/DerivedData/risebysolis-gzfsziqwziaggpcbgdowmssiasmi/Build/Products/Debug-iphonesimulator/AppAuth -F/Users/antoniogrillo-balen/Library/Developer/Xcode/DerivedData/risebysolis-gzfsziqwziaggpcbgdowmssiasmi/Build/Products/Debug-iphonesimulator/AppCheckCore -F/Users/antoniogrillo-balen/Library/Developer/Xcode/DerivedData/risebysolis-gzfsziqwziaggpcbgdowmssiasmi/Build/Products/Debug-iphonesimulator/DoubleConversion -F/Users/antoniogrillo-balen/Library/Developer/Xcode/DerivedData/risebysolis-gzfsziqwziaggpcbgdowmssiasmi/Build/Products/Debug-iphonesimulator/EXApplication -F/Users/antoniogrillo-balen/Library/Developer/Xcode/DerivedData/risebysolis-gzfsziqwziaggpcbgdowmssiasmi/Build/Products/Debug-iphonesimulator/EXConstants -F/Users/antoniogrillo-balen/Library/Developer/Xcode/DerivedData/risebysolis-gzfsziqwziaggpcbgdowmssiasmi/Build/Products/Debug-iphonesimulator/EXNotifications -F/Users/antoniogrillo-balen/Library/Developer/Xcode/DerivedData/risebysolis-gzfsziqwziaggpcbgdowmssiasmi/Build/Products/Debug-iphonesimulator/Expo -F/Users/antoniogrillo-balen/Library/Developer/Xcode/DerivedData/risebysolis-gzfsziqwziaggpcbgdowmssiasmi/Build/Products/Debug-iphonesimulator/ExpoAdapterGoogleSignIn -F/Users/antoniogrillo-balen/Library/Developer/Xcode/DerivedData/risebysolis-gzfsziqwziaggpcbgdowmssiasmi/Build/Products/Debug-iphonesimulator/ExpoAppleAuthentication -F/Users/antoniogrillo-balen/Library/Developer/Xcode/DerivedData/risebysolis-gzfsziqwziaggpcbgdowmssiasmi/Build/Products/Debug-iphonesimulator/ExpoAsset -F/Users/antoniogrillo-balen/Library/Developer/Xcode/DerivedData/risebysolis-gzfsziqwziaggpcbgdowmssiasmi/Build/Products/Debug-iphonesimulator/ExpoCrypto -F/Users/antoniogrillo-balen/Library/Developer/Xcode/DerivedData/risebysolis-gzfsziqwziaggpcbgdowmssiasmi/Build/Products/Debug-iphonesimulator/ExpoFileSystem -F/Users/antoniogrillo-balen/Library/Developer/Xcode/DerivedData/risebysolis-gzfsziqwziaggpcbgdowmssiasmi/Build/Products/Debug-iphonesimulator/ExpoFont -F/Users/antoniogrillo-balen/Library/Developer/Xcode/DerivedData/risebysolis-gzfsziqwziaggpcbgdowmssiasmi/Build/Products/Debug-iphonesimulator/ExpoHaptics -F/Users/antoniogrillo-balen/Library/Developer/Xcode/DerivedData/risebysolis-gzfsziqwziaggpcbgdowmssiasmi/Build/Products/Debug-iphonesimulator/ExpoHead -F/Users/antoniogrillo-balen/Library/Developer/Xcode/DerivedData/risebysolis-gzfsziqwziaggpcbgdowmssiasmi/Build/Products/Debug-iphonesimulator/ExpoKeepAwake -F/Users/antoniogrillo-balen/Library/Developer/Xcode/DerivedData/risebysolis-gzfsziqwziaggpcbgdowmssiasmi/Build/Products/Debug-iphonesimulator/ExpoLinking -F/Users/antoniogrillo-balen/Library/Developer/Xcode/DerivedData/risebysolis-gzfsziqwziaggpcbgdowmssiasmi/Build/Products/Debug-iphonesimulator/ExpoModulesCore -F/Users/antoniogrillo-balen/Library/Developer/Xcode/DerivedData/risebysolis-gzfsziqwziaggpcbgdowmssiasmi/Build/Products/Debug-iphonesimulator/ExpoSecureStore -F/Users/antoniogrillo-balen/Library/Developer/Xcode/DerivedData/risebysolis-gzfsziqwziaggpcbgdowmssiasmi/Build/Products/Debug-iphonesimulator/ExpoSplashScreen -F/Users/antoniogrillo-balen/Library/Developer/Xcode/DerivedData/risebysolis-gzfsziqwziaggpcbgdowmssiasmi/Build/Products/Debug-iphonesimulator/FirebaseAppCheckInterop -F/Users/antoniogrillo-balen/Library/Developer/Xcode/DerivedData/risebysolis-gzfsziqwziaggpcbgdowmssiasmi/Build/Products/Debug-iphonesimulator/FirebaseAuth -F/Users/antoniogrillo-balen/Library/Developer/Xcode/DerivedData/risebysolis-gzfsziqwziaggpcbgdowmssiasmi/Build/Products/Debug-iphonesimulator/FirebaseAuthInterop -F/Users/antoniogrillo-balen/Library/Developer/Xcode/DerivedData/risebysolis-gzfsziqwziaggpcbgdowmssiasmi/Build/Products/Debug-iphonesimulator/FirebaseCore -F/Users/antoniogrillo-balen/Library/Developer/Xcode/DerivedData/risebysolis-gzfsziqwziaggpcbgdowmssiasmi/Build/Products/Debug-iphonesimulator/FirebaseCoreExtension -F/Users/antoniogrillo-balen/Library/Developer/Xcode/DerivedData/risebysolis-gzfsziqwziaggpcbgdowmssiasmi/Build/Products/Debug-iphonesimulator/FirebaseCoreInternal -F/Users/antoniogrillo-balen/Library/Developer/Xcode/DerivedData/risebysolis-gzfsziqwziaggpcbgdowmssiasmi/Build/Products/Debug-iphonesimulator/GTMAppAuth -F/Users/antoniogrillo-balen/Library/Developer/Xcode/DerivedData/risebysolis-gzfsziqwziaggpcbgdowmssiasmi/Build/Products/Debug-iphonesimulator/GTMSessionFetcher -F/Users/antoniogrillo-balen/Library/Developer/Xcode/DerivedData/risebysolis-gzfsziqwziaggpcbgdowmssiasmi/Build/Products/Debug-iphonesimulator/GoogleSignIn -F/Users/antoniogrillo-balen/Library/Developer/Xcode/DerivedData/risebysolis-gzfsziqwziaggpcbgdowmssiasmi/Build/Products/Debug-iphonesimulator/GoogleUtilities -F/Users/antoniogrillo-balen/Library/Developer/Xcode/DerivedData/risebysolis-gzfsziqwziaggpcbgdowmssiasmi/Build/Products/Debug-iphonesimulator/PromisesObjC -F/Users/antoniogrillo-balen/Library/Developer/Xcode/DerivedData/risebysolis-gzfsziqwziaggpcbgdowmssiasmi/Build/Products/Debug-iphonesimulator/PurchasesHybridCommon -F/Users/antoniogrillo-balen/Library/Developer/Xcode/DerivedData/risebysolis-gzfsziqwziaggpcbgdowmssiasmi/Build/Products/Debug-iphonesimulator/RCT-Folly -F/Users/antoniogrillo-balen/Library/Developer/Xcode/DerivedData/risebysolis-gzfsziqwziaggpcbgdowmssiasmi/Build/Products/Debug-iphonesimulator/RCTDeprecation -F/Users/antoniogrillo-balen/Library/Developer/Xcode/DerivedData/risebysolis-gzfsziqwziaggpcbgdowmssiasmi/Build/Products/Debug-iphonesimulator/RCTTypeSafety -F/Users/antoniogrillo-balen/Library/Developer/Xcode/DerivedData/risebysolis-gzfsziqwziaggpcbgdowmssiasmi/Build/Products/Debug-iphonesimulator/RNFBApp -F/Users/antoniogrillo-balen/Library/Developer/Xcode/DerivedData/risebysolis-gzfsziqwziaggpcbgdowmssiasmi/Build/Products/Debug-iphonesimulator/RNFBAuth -F/Users/antoniogrillo-balen/Library/Developer/Xcode/DerivedData/risebysolis-gzfsziqwziaggpcbgdowmssiasmi/Build/Products/Debug-iphonesimulator/RNGestureHandler -F/Users/antoniogrillo-balen/Library/Developer/Xcode/DerivedData/risebysolis-gzfsziqwziaggpcbgdowmssiasmi/Build/Products/Debug-iphonesimulator/RNGoogleSignin -F/Users/antoniogrillo-balen/Library/Developer/Xcode/DerivedData/risebysolis-gzfsziqwziaggpcbgdowmssiasmi/Build/Products/Debug-iphonesimulator/RNPurchases -F/Users/antoniogrillo-balen/Library/Developer/Xcode/DerivedData/risebysolis-gzfsziqwziaggpcbgdowmssiasmi/Build/Products/Debug-iphonesimulator/RNReanimated -F/Users/antoniogrillo-balen/Library/Developer/Xcode/DerivedData/risebysolis-gzfsziqwziaggpcbgdowmssiasmi/Build/Products/Debug-iphonesimulator/RNScreens -F/Users/antoniogrillo-balen/Library/Developer/Xcode/DerivedData/risebysolis-gzfsziqwziaggpcbgdowmssiasmi/Build/Products/Debug-iphonesimulator/React-Core -F/Users/antoniogrillo-balen/Library/Developer/Xcode/DerivedData/risebysolis-gzfsziqwziaggpcbgdowmssiasmi/Build/Products/Debug-iphonesimulator/React-CoreModules -F/Users/antoniogrillo-balen/Library/Developer/Xcode/DerivedData/risebysolis-gzfsziqwziaggpcbgdowmssiasmi/Build/Products/Debug-iphonesimulator/React-Fabric -F/Users/antoniogrillo-balen/Library/Developer/Xcode/DerivedData/risebysolis-gzfsziqwziaggpcbgdowmssiasmi/Build/Products/Debug-iphonesimulator/React-FabricComponents -F/Users/antoniogrillo-balen/Library/Developer/Xcode/DerivedData/risebysolis-gzfsziqwziaggpcbgdowmssiasmi/Build/Products/Debug-iphonesimulator/React-FabricImage -F/Users/antoniogrillo-balen/Library/Developer/Xcode/DerivedData/risebysolis-gzfsziqwziaggpcbgdowmssiasmi/Build/Products/Debug-iphonesimulator/React-ImageManager -F/Users/antoniogrillo-balen/Library/Developer/Xcode/DerivedData/risebysolis-gzfsziqwziaggpcbgdowmssiasmi/Build/Products/Debug-iphonesimulator/React-Mapbuffer -F/Users/antoniogrillo-balen/Library/Developer/Xcode/DerivedData/risebysolis-gzfsziqwziaggpcbgdowmssiasmi/Build/Products/Debug-iphonesimulator/React-NativeModulesApple -F/Users/antoniogrillo-balen/Library/Developer/Xcode/DerivedData/risebysolis-gzfsziqwziaggpcbgdowmssiasmi/Build/Products/Debug-iphonesimulator/React-RCTAnimation -F/Users/antoniogrillo-balen/Library/Developer/Xcode/DerivedData/risebysolis-gzfsziqwziaggpcbgdowmssiasmi/Build/Products/Debug-iphonesimulator/React-RCTAppDelegate -F/Users/antoniogrillo-balen/Library/Developer/Xcode/DerivedData/risebysolis-gzfsziqwziaggpcbgdowmssiasmi/Build/Products/Debug-iphonesimulator/React-RCTBlob -F/Users/antoniogrillo-balen/Library/Developer/Xcode/DerivedData/risebysolis-gzfsziqwziaggpcbgdowmssiasmi/Build/Products/Debug-iphonesimulator/React-RCTFabric -F/Users/antoniogrillo-balen/Library/Developer/Xcode/DerivedData/risebysolis-gzfsziqwziaggpcbgdowmssiasmi/Build/Products/Debug-iphonesimulator/React-RCTImage -F/Users/antoniogrillo-balen/Library/Developer/Xcode/DerivedData/risebysolis-gzfsziqwziaggpcbgdowmssiasmi/Build/Products/Debug-iphonesimulator/React-RCTLinking -F/Users/antoniogrillo-balen/Library/Developer/Xcode/DerivedData/risebysolis-gzfsziqwziaggpcbgdowmssiasmi/Build/Products/Debug-iphonesimulator/React-RCTNetwork -F/Users/antoniogrillo-balen/Library/Developer/Xcode/DerivedData/risebysolis-gzfsziqwziaggpcbgdowmssiasmi/Build/Products/Debug-iphonesimulator/React-RCTSettings -F/Users/antoniogrillo-balen/Library/Developer/Xcode/DerivedData/risebysolis-gzfsziqwziaggpcbgdowmssiasmi/Build/Products/Debug-iphonesimulator/React-RCTText -F/Users/antoniogrillo-balen/Library/Developer/Xcode/DerivedData/risebysolis-gzfsziqwziaggpcbgdowmssiasmi/Build/Products/Debug-iphonesimulator/React-RCTVibration -F/Users/antoniogrillo-balen/Library/Developer/Xcode/DerivedData/risebysolis-gzfsziqwziaggpcbgdowmssiasmi/Build/Products/Debug-iphonesimulator/React-RuntimeApple -F/Users/antoniogrillo-balen/Library/Developer/Xcode/DerivedData/risebysolis-gzfsziqwziaggpcbgdowmssiasmi/Build/Products/Debug-iphonesimulator/React-RuntimeCore -F/Users/antoniogrillo-balen/Library/Developer/Xcode/DerivedData/risebysolis-gzfsziqwziaggpcbgdowmssiasmi/Build/Products/Debug-iphonesimulator/React-RuntimeHermes -F/Users/antoniogrillo-balen/Library/Developer/Xcode/DerivedData/risebysolis-gzfsziqwziaggpcbgdowmssiasmi/Build/Products/Debug-iphonesimulator/React-cxxreact -F/Users/antoniogrillo-balen/Library/Developer/Xcode/DerivedData/risebysolis-gzfsziqwziaggpcbgdowmssiasmi/Build/Products/Debug-iphonesimulator/React-debug -F/Users/antoniogrillo-balen/Library/Developer/Xcode/DerivedData/risebysolis-gzfsziqwziaggpcbgdowmssiasmi/Build/Products/Debug-iphonesimulator/React-defaultsnativemodule -F/Users/antoniogrillo-balen/Library/Developer/Xcode/DerivedData/risebysolis-gzfsziqwziaggpcbgdowmssiasmi/Build/Products/Debug-iphonesimulator/React-domnativemodule -F/Users/antoniogrillo-balen/Library/Developer/Xcode/DerivedData/risebysolis-gzfsziqwziaggpcbgdowmssiasmi/Build/Products/Debug-iphonesimulator/React-featureflags -F/Users/antoniogrillo-balen/Library/Developer/Xcode/DerivedData/risebysolis-gzfsziqwziaggpcbgdowmssiasmi/Build/Products/Debug-iphonesimulator/React-featureflagsnativemodule -F/Users/antoniogrillo-balen/Library/Developer/Xcode/DerivedData/risebysolis-gzfsziqwziaggpcbgdowmssiasmi/Build/Products/Debug-iphonesimulator/React-graphics -F/Users/antoniogrillo-balen/Library/Developer/Xcode/DerivedData/risebysolis-gzfsziqwziaggpcbgdowmssiasmi/Build/Products/Debug-iphonesimulator/React-hermes -F/Users/antoniogrillo-balen/Library/Developer/Xcode/DerivedData/risebysolis-gzfsziqwziaggpcbgdowmssiasmi/Build/Products/Debug-iphonesimulator/React-idlecallbacksnativemodule -F/Users/antoniogrillo-balen/Library/Developer/Xcode/DerivedData/risebysolis-gzfsziqwziaggpcbgdowmssiasmi/Build/Products/Debug-iphonesimulator/React-jserrorhandler -F/Users/antoniogrillo-balen/Library/Developer/Xcode/DerivedData/risebysolis-gzfsziqwziaggpcbgdowmssiasmi/Build/Products/Debug-iphonesimulator/React-jsi -F/Users/antoniogrillo-balen/Library/Developer/Xcode/DerivedData/risebysolis-gzfsziqwziaggpcbgdowmssiasmi/Build/Products/Debug-iphonesimulator/React-jsiexecutor -F/Users/antoniogrillo-balen/Library/Developer/Xcode/DerivedData/risebysolis-gzfsziqwziaggpcbgdowmssiasmi/Build/Products/Debug-iphonesimulator/React-jsinspector -F/Users/antoniogrillo-balen/Library/Developer/Xcode/DerivedData/risebysolis-gzfsziqwziaggpcbgdowmssiasmi/Build/Products/Debug-iphonesimulator/React-logger -F/Users/antoniogrillo-balen/Library/Developer/Xcode/DerivedData/risebysolis-gzfsziqwziaggpcbgdowmssiasmi/Build/Products/Debug-iphonesimulator/React-microtasksnativemodule -F/Users/antoniogrillo-balen/Library/Developer/Xcode/DerivedData/risebysolis-gzfsziqwziaggpcbgdowmssiasmi/Build/Products/Debug-iphonesimulator/React-nativeconfig -F/Users/antoniogrillo-balen/Library/Developer/Xcode/DerivedData/risebysolis-gzfsziqwziaggpcbgdowmssiasmi/Build/Products/Debug-iphonesimulator/React-perflogger -F/Users/antoniogrillo-balen/Library/Developer/Xcode/DerivedData/risebysolis-gzfsziqwziaggpcbgdowmssiasmi/Build/Products/Debug-iphonesimulator/React-performancetimeline -F/Users/antoniogrillo-balen/Library/Developer/Xcode/DerivedData/risebysolis-gzfsziqwziaggpcbgdowmssiasmi/Build/Products/Debug-iphonesimulator/React-rendererconsistency -F/Users/antoniogrillo-balen/Library/Developer/Xcode/DerivedData/risebysolis-gzfsziqwziaggpcbgdowmssiasmi/Build/Products/Debug-iphonesimulator/React-rendererdebug -F/Users/antoniogrillo-balen/Library/Developer/Xcode/DerivedData/risebysolis-gzfsziqwziaggpcbgdowmssiasmi/Build/Products/Debug-iphonesimulator/React-runtimescheduler -F/Users/antoniogrillo-balen/Library/Developer/Xcode/DerivedData/risebysolis-gzfsziqwziaggpcbgdowmssiasmi/Build/Products/Debug-iphonesimulator/React-utils -F/Users/antoniogrillo-balen/Library/Developer/Xcode/DerivedData/risebysolis-gzfsziqwziaggpcbgdowmssiasmi/Build/Products/Debug-iphonesimulator/ReactCodegen -F/Users/antoniogrillo-balen/Library/Developer/Xcode/DerivedData/risebysolis-gzfsziqwziaggpcbgdowmssiasmi/Build/Products/Debug-iphonesimulator/ReactCommon -F/Users/antoniogrillo-balen/Library/Developer/Xcode/DerivedData/risebysolis-gzfsziqwziaggpcbgdowmssiasmi/Build/Products/Debug-iphonesimulator/RecaptchaInterop -F/Users/antoniogrillo-balen/Library/Developer/Xcode/DerivedData/risebysolis-gzfsziqwziaggpcbgdowmssiasmi/Build/Products/Debug-iphonesimulator/RevenueCat -F/Users/antoniogrillo-balen/Library/Developer/Xcode/DerivedData/risebysolis-gzfsziqwziaggpcbgdowmssiasmi/Build/Products/Debug-iphonesimulator/SocketRocket -F/Users/antoniogrillo-balen/Library/Developer/Xcode/DerivedData/risebysolis-gzfsziqwziaggpcbgdowmssiasmi/Build/Products/Debug-iphonesimulator/Yoga -F/Users/antoniogrillo-balen/Library/Developer/Xcode/DerivedData/risebysolis-gzfsziqwziaggpcbgdowmssiasmi/Build/Products/Debug-iphonesimulator/fmt -F/Users/antoniogrillo-balen/Library/Developer/Xcode/DerivedData/risebysolis-gzfsziqwziaggpcbgdowmssiasmi/Build/Products/Debug-iphonesimulator/glog -F/Users/antoniogrillo-balen/Library/Developer/Xcode/DerivedData/risebysolis-gzfsziqwziaggpcbgdowmssiasmi/Build/Products/Debug-iphonesimulator/react-native-mmkv -F/Users/antoniogrillo-balen/Library/Developer/Xcode/DerivedData/risebysolis-gzfsziqwziaggpcbgdowmssiasmi/Build/Products/Debug-iphonesimulator/react-native-safe-area-context -F/Users/antoniogrillo-balen/Desktop/Projects/RiseBuild/ios/Pods/hermes-engine/destroot/Library/Frameworks/universal -F/Users/antoniogrillo-balen/Library/Developer/Xcode/DerivedData/risebysolis-gzfsziqwziaggpcbgdowmssiasmi/Build/Products/Debug-iphonesimulator/XCFrameworkIntermediates/hermes-engine/Pre-built -filelist /Users/antoniogrillo-balen/Library/Developer/Xcode/DerivedData/risebysolis-gzfsziqwziaggpcbgdowmssiasmi/Build/Intermediates.noindex/risebysolis.build/Debug-iphonesimulator/risebysolis.build/Objects-normal/arm64/risebysolis.LinkFileList -install_name @rpath/risebysolis.debug.dylib -Xlinker -rpath -Xlinker /usr/lib/swift -Xlinker -rpath -Xlinker @executable_path/Frameworks -Xlinker -rpath -Xlinker @loader_path/Frameworks -Xlinker -dead_strip -Xlinker -object_path_lto -Xlinker /Users/antoniogrillo-balen/Library/Developer/Xcode/DerivedData/risebysolis-gzfsziqwziaggpcbgdowmssiasmi/Build/Intermediates.noindex/risebysolis.build/Debug-iphonesimulator/risebysolis.build/Objects-normal/arm64/risebysolis_lto.o -rdynamic -Xlinker -no_deduplicate -Xlinker -objc_abi_version -Xlinker 2 -Xlinker -dependency_info -Xlinker /Users/antoniogrillo-balen/Library/Developer/Xcode/DerivedData/risebysolis-gzfsziqwziaggpcbgdowmssiasmi/Build/Intermediates.noindex/risebysolis.build/Debug-iphonesimulator/risebysolis.build/Objects-normal/arm64/risebysolis_dependency_info.dat -stdlib\=libc++ -fobjc-arc -fobjc-link-runtime -L/Applications/Xcode.app/Contents/Developer/Toolchains/XcodeDefault.xctoolchain/usr/lib/swift/iphonesimulator -L/usr/lib/swift -Xlinker -add_ast_path -Xlinker /Users/antoniogrillo-balen/Library/Developer/Xcode/DerivedData/risebysolis-gzfsziqwziaggpcbgdowmssiasmi/Build/Intermediates.noindex/risebysolis.build/Debug-iphonesimulator/risebysolis.build/Objects-normal/arm64/risebysolis.swiftmodule @/Users/antoniogrillo-balen/Library/Developer/Xcode/DerivedData/risebysolis-gzfsziqwziaggpcbgdowmssiasmi/Build/Intermediates.noindex/risebysolis.build/Debug-iphonesimulator/risebysolis.build/Objects-normal/arm64/risebysolis-linker-args.resp -ObjC -lc++ -lc++abi -licucore -lz -framework Accelerate -framework AppAuth -framework AppCheckCore -framework AudioToolbox -framework CFNetwork -framework CoreGraphics -framework CoreModules -framework CoreText -framework DoubleConversion -framework EXApplication -framework EXConstants -framework EXNotifications -framework Expo -framework ExpoAdapterGoogleSignIn -framework ExpoAppleAuthentication -framework ExpoAsset -framework ExpoCrypto -framework ExpoFileSystem -framework ExpoFont -framework ExpoHaptics -framework ExpoHead -framework ExpoKeepAwake -framework ExpoLinking -framework ExpoModulesCore -framework ExpoSecureStore -framework ExpoSplashScreen -framework FBLPromises -framework FirebaseAppCheckInterop -framework FirebaseAuth -framework FirebaseAuthInterop -framework FirebaseCore -framework FirebaseCoreExtension -framework FirebaseCoreInternal -framework Foundation -framework GTMAppAuth -framework GTMSessionFetcher -framework GoogleSignIn -framework GoogleUtilities -framework ImageIO -framework JavaScriptCore -framework LocalAuthentication -framework MobileCoreServices -framework PurchasesHybridCommon -framework QuartzCore -framework RCTAnimation -framework RCTBlob -framework RCTDeprecation -framework RCTFabric -framework RCTImage -framework RCTLinking -framework RCTNetwork -framework RCTSettings -framework RCTText -framework RCTTypeSafety -framework RCTVibration -framework RNFBApp -framework RNFBAuth -framework RNGestureHandler -framework RNGoogleSignin -framework RNPurchases -framework RNReanimated -framework RNScreens -framework React -framework ReactCodegen -framework ReactCommon -framework React_Fabric -framework React_FabricComponents -framework React_FabricImage -framework React_ImageManager -framework React_Mapbuffer -framework React_NativeModulesApple -framework React_RCTAppDelegate -framework React_RuntimeApple -framework React_RuntimeCore -framework React_RuntimeHermes -framework React_debug -framework React_defaultsnativemodule -framework React_domnativemodule -framework React_featureflags -framework React_featureflagsnativemodule -framework React_graphics -framework React_jserrorhandler -framework React_microtasksnativemodule -framework React_nativeconfig -framework React_performancetimeline -framework React_rendererconsistency -framework React_rendererdebug -framework React_runtimescheduler -framework React_utils -framework RecaptchaInterop -framework RevenueCat -framework SafariServices -framework Security -framework SocketRocket -framework StoreKit -framework SystemConfiguration -framework UIKit -framework cxxreact -framework fmt -framework folly -framework glog -framework hermes -framework idlecallbacksnativemodule -framework jsi -framework jsinspector_modern -framework jsireact -framework logger -framework react_native_mmkv -framework react_native_safe_area_context -framework reacthermes -framework reactperflogger -framework yoga -weak_framework AuthenticationServices -weak_framework DeviceCheck -ObjC -lc++ -Xlinker -alias -Xlinker _main -Xlinker ___debug_main_executable_dylib_entry_point -framework Pods_risebysolis -Xlinker -no_adhoc_codesign -o /Users/antoniogrillo-balen/Library/Developer/Xcode/DerivedData/risebysolis-gzfsziqwziaggpcbgdowmssiasmi/Build/Products/Debug-iphonesimulator/risebysolis.app/risebysolis.debug.dylib
/Users/antoniogrillo-balen/Desktop/Projects/RiseBuild/ios/risebysolis.xcodeproj: risebysolis: ld: warning: ignoring duplicate libraries: '-lc++'

ConstructStubExecutorLinkFileList /Users/antoniogrillo-balen/Library/Developer/Xcode/DerivedData/risebysolis-gzfsziqwziaggpcbgdowmssiasmi/Build/Intermediates.noindex/risebysolis.build/Debug-iphonesimulator/risebysolis.build/risebysolis-ExecutorLinkFileList-normal-arm64.txt (in target 'risebysolis' from project 'risebysolis')
    cd /Users/antoniogrillo-balen/Desktop/Projects/RiseBuild/ios
    construct-stub-executor-link-file-list /Users/antoniogrillo-balen/Library/Developer/Xcode/DerivedData/risebysolis-gzfsziqwziaggpcbgdowmssiasmi/Build/Products/Debug-iphonesimulator/risebysolis.app/risebysolis.debug.dylib /Applications/Xcode.app/Contents/Developer/Platforms/iPhoneSimulator.platform/Developer/usr/lib/libPreviewsJITStubExecutor_no_swift_entry_point.a /Applications/Xcode.app/Contents/Developer/Platforms/iPhoneSimulator.platform/Developer/usr/lib/libPreviewsJITStubExecutor.a --output /Users/antoniogrillo-balen/Library/Developer/Xcode/DerivedData/risebysolis-gzfsziqwziaggpcbgdowmssiasmi/Build/Intermediates.noindex/risebysolis.build/Debug-iphonesimulator/risebysolis.build/risebysolis-ExecutorLinkFileList-normal-arm64.txt
note: Using stub executor library without Swift entry point. (in target 'risebysolis' from project 'risebysolis')

Ld /Users/antoniogrillo-balen/Library/Developer/Xcode/DerivedData/risebysolis-gzfsziqwziaggpcbgdowmssiasmi/Build/Products/Debug-iphonesimulator/risebysolis.app/risebysolis normal (in target 'risebysolis' from project 'risebysolis')
    cd /Users/antoniogrillo-balen/Desktop/Projects/RiseBuild/ios
    /Applications/Xcode.app/Contents/Developer/Toolchains/XcodeDefault.xctoolchain/usr/bin/clang++ -Xlinker -reproducible -target arm64-apple-ios15.1-simulator -isysroot /Applications/Xcode.app/Contents/Developer/Platforms/iPhoneSimulator.platform/Developer/SDKs/iPhoneSimulator26.5.sdk -O0 -L/Users/antoniogrillo-balen/Library/Developer/Xcode/DerivedData/risebysolis-gzfsziqwziaggpcbgdowmssiasmi/Build/Products/Debug-iphonesimulator -L/Applications/Xcode.app/Contents/Developer/Platforms/iPhoneSimulator.platform/Developer/SDKs/iPhoneSimulator26.5.sdk/usr/lib/swift -L/Applications/Xcode.app/Contents/Developer/Toolchains/XcodeDefault.xctoolchain/usr/lib/swift/iphonesimulator -L/Applications/Xcode.app/Contents/Developer/Platforms/iPhoneSimulator.platform/Developer/SDKs/iPhoneSimulator26.5.sdk/usr/lib/swift -F/Users/antoniogrillo-balen/Library/Developer/Xcode/DerivedData/risebysolis-gzfsziqwziaggpcbgdowmssiasmi/Build/Products/Debug-iphonesimulator -F/Users/antoniogrillo-balen/Library/Developer/Xcode/DerivedData/risebysolis-gzfsziqwziaggpcbgdowmssiasmi/Build/Products/Debug-iphonesimulator/AppAuth -F/Users/antoniogrillo-balen/Library/Developer/Xcode/DerivedData/risebysolis-gzfsziqwziaggpcbgdowmssiasmi/Build/Products/Debug-iphonesimulator/AppCheckCore -F/Users/antoniogrillo-balen/Library/Developer/Xcode/DerivedData/risebysolis-gzfsziqwziaggpcbgdowmssiasmi/Build/Products/Debug-iphonesimulator/DoubleConversion -F/Users/antoniogrillo-balen/Library/Developer/Xcode/DerivedData/risebysolis-gzfsziqwziaggpcbgdowmssiasmi/Build/Products/Debug-iphonesimulator/EXApplication -F/Users/antoniogrillo-balen/Library/Developer/Xcode/DerivedData/risebysolis-gzfsziqwziaggpcbgdowmssiasmi/Build/Products/Debug-iphonesimulator/EXConstants -F/Users/antoniogrillo-balen/Library/Developer/Xcode/DerivedData/risebysolis-gzfsziqwziaggpcbgdowmssiasmi/Build/Products/Debug-iphonesimulator/EXNotifications -F/Users/antoniogrillo-balen/Library/Developer/Xcode/DerivedData/risebysolis-gzfsziqwziaggpcbgdowmssiasmi/Build/Products/Debug-iphonesimulator/Expo -F/Users/antoniogrillo-balen/Library/Developer/Xcode/DerivedData/risebysolis-gzfsziqwziaggpcbgdowmssiasmi/Build/Products/Debug-iphonesimulator/ExpoAdapterGoogleSignIn -F/Users/antoniogrillo-balen/Library/Developer/Xcode/DerivedData/risebysolis-gzfsziqwziaggpcbgdowmssiasmi/Build/Products/Debug-iphonesimulator/ExpoAppleAuthentication -F/Users/antoniogrillo-balen/Library/Developer/Xcode/DerivedData/risebysolis-gzfsziqwziaggpcbgdowmssiasmi/Build/Products/Debug-iphonesimulator/ExpoAsset -F/Users/antoniogrillo-balen/Library/Developer/Xcode/DerivedData/risebysolis-gzfsziqwziaggpcbgdowmssiasmi/Build/Products/Debug-iphonesimulator/ExpoCrypto -F/Users/antoniogrillo-balen/Library/Developer/Xcode/DerivedData/risebysolis-gzfsziqwziaggpcbgdowmssiasmi/Build/Products/Debug-iphonesimulator/ExpoFileSystem -F/Users/antoniogrillo-balen/Library/Developer/Xcode/DerivedData/risebysolis-gzfsziqwziaggpcbgdowmssiasmi/Build/Products/Debug-iphonesimulator/ExpoFont -F/Users/antoniogrillo-balen/Library/Developer/Xcode/DerivedData/risebysolis-gzfsziqwziaggpcbgdowmssiasmi/Build/Products/Debug-iphonesimulator/ExpoHaptics -F/Users/antoniogrillo-balen/Library/Developer/Xcode/DerivedData/risebysolis-gzfsziqwziaggpcbgdowmssiasmi/Build/Products/Debug-iphonesimulator/ExpoHead -F/Users/antoniogrillo-balen/Library/Developer/Xcode/DerivedData/risebysolis-gzfsziqwziaggpcbgdowmssiasmi/Build/Products/Debug-iphonesimulator/ExpoKeepAwake -F/Users/antoniogrillo-balen/Library/Developer/Xcode/DerivedData/risebysolis-gzfsziqwziaggpcbgdowmssiasmi/Build/Products/Debug-iphonesimulator/ExpoLinking -F/Users/antoniogrillo-balen/Library/Developer/Xcode/DerivedData/risebysolis-gzfsziqwziaggpcbgdowmssiasmi/Build/Products/Debug-iphonesimulator/ExpoModulesCore -F/Users/antoniogrillo-balen/Library/Developer/Xcode/DerivedData/risebysolis-gzfsziqwziaggpcbgdowmssiasmi/Build/Products/Debug-iphonesimulator/ExpoSecureStore -F/Users/antoniogrillo-balen/Library/Developer/Xcode/DerivedData/risebysolis-gzfsziqwziaggpcbgdowmssiasmi/Build/Products/Debug-iphonesimulator/ExpoSplashScreen -F/Users/antoniogrillo-balen/Library/Developer/Xcode/DerivedData/risebysolis-gzfsziqwziaggpcbgdowmssiasmi/Build/Products/Debug-iphonesimulator/FirebaseAppCheckInterop -F/Users/antoniogrillo-balen/Library/Developer/Xcode/DerivedData/risebysolis-gzfsziqwziaggpcbgdowmssiasmi/Build/Products/Debug-iphonesimulator/FirebaseAuth -F/Users/antoniogrillo-balen/Library/Developer/Xcode/DerivedData/risebysolis-gzfsziqwziaggpcbgdowmssiasmi/Build/Products/Debug-iphonesimulator/FirebaseAuthInterop -F/Users/antoniogrillo-balen/Library/Developer/Xcode/DerivedData/risebysolis-gzfsziqwziaggpcbgdowmssiasmi/Build/Products/Debug-iphonesimulator/FirebaseCore -F/Users/antoniogrillo-balen/Library/Developer/Xcode/DerivedData/risebysolis-gzfsziqwziaggpcbgdowmssiasmi/Build/Products/Debug-iphonesimulator/FirebaseCoreExtension -F/Users/antoniogrillo-balen/Library/Developer/Xcode/DerivedData/risebysolis-gzfsziqwziaggpcbgdowmssiasmi/Build/Products/Debug-iphonesimulator/FirebaseCoreInternal -F/Users/antoniogrillo-balen/Library/Developer/Xcode/DerivedData/risebysolis-gzfsziqwziaggpcbgdowmssiasmi/Build/Products/Debug-iphonesimulator/GTMAppAuth -F/Users/antoniogrillo-balen/Library/Developer/Xcode/DerivedData/risebysolis-gzfsziqwziaggpcbgdowmssiasmi/Build/Products/Debug-iphonesimulator/GTMSessionFetcher -F/Users/antoniogrillo-balen/Library/Developer/Xcode/DerivedData/risebysolis-gzfsziqwziaggpcbgdowmssiasmi/Build/Products/Debug-iphonesimulator/GoogleSignIn -F/Users/antoniogrillo-balen/Library/Developer/Xcode/DerivedData/risebysolis-gzfsziqwziaggpcbgdowmssiasmi/Build/Products/Debug-iphonesimulator/GoogleUtilities -F/Users/antoniogrillo-balen/Library/Developer/Xcode/DerivedData/risebysolis-gzfsziqwziaggpcbgdowmssiasmi/Build/Products/Debug-iphonesimulator/PromisesObjC -F/Users/antoniogrillo-balen/Library/Developer/Xcode/DerivedData/risebysolis-gzfsziqwziaggpcbgdowmssiasmi/Build/Products/Debug-iphonesimulator/PurchasesHybridCommon -F/Users/antoniogrillo-balen/Library/Developer/Xcode/DerivedData/risebysolis-gzfsziqwziaggpcbgdowmssiasmi/Build/Products/Debug-iphonesimulator/RCT-Folly -F/Users/antoniogrillo-balen/Library/Developer/Xcode/DerivedData/risebysolis-gzfsziqwziaggpcbgdowmssiasmi/Build/Products/Debug-iphonesimulator/RCTDeprecation -F/Users/antoniogrillo-balen/Library/Developer/Xcode/DerivedData/risebysolis-gzfsziqwziaggpcbgdowmssiasmi/Build/Products/Debug-iphonesimulator/RCTTypeSafety -F/Users/antoniogrillo-balen/Library/Developer/Xcode/DerivedData/risebysolis-gzfsziqwziaggpcbgdowmssiasmi/Build/Products/Debug-iphonesimulator/RNFBApp -F/Users/antoniogrillo-balen/Library/Developer/Xcode/DerivedData/risebysolis-gzfsziqwziaggpcbgdowmssiasmi/Build/Products/Debug-iphonesimulator/RNFBAuth -F/Users/antoniogrillo-balen/Library/Developer/Xcode/DerivedData/risebysolis-gzfsziqwziaggpcbgdowmssiasmi/Build/Products/Debug-iphonesimulator/RNGestureHandler -F/Users/antoniogrillo-balen/Library/Developer/Xcode/DerivedData/risebysolis-gzfsziqwziaggpcbgdowmssiasmi/Build/Products/Debug-iphonesimulator/RNGoogleSignin -F/Users/antoniogrillo-balen/Library/Developer/Xcode/DerivedData/risebysolis-gzfsziqwziaggpcbgdowmssiasmi/Build/Products/Debug-iphonesimulator/RNPurchases -F/Users/antoniogrillo-balen/Library/Developer/Xcode/DerivedData/risebysolis-gzfsziqwziaggpcbgdowmssiasmi/Build/Products/Debug-iphonesimulator/RNReanimated -F/Users/antoniogrillo-balen/Library/Developer/Xcode/DerivedData/risebysolis-gzfsziqwziaggpcbgdowmssiasmi/Build/Products/Debug-iphonesimulator/RNScreens -F/Users/antoniogrillo-balen/Library/Developer/Xcode/DerivedData/risebysolis-gzfsziqwziaggpcbgdowmssiasmi/Build/Products/Debug-iphonesimulator/React-Core -F/Users/antoniogrillo-balen/Library/Developer/Xcode/DerivedData/risebysolis-gzfsziqwziaggpcbgdowmssiasmi/Build/Products/Debug-iphonesimulator/React-CoreModules -F/Users/antoniogrillo-balen/Library/Developer/Xcode/DerivedData/risebysolis-gzfsziqwziaggpcbgdowmssiasmi/Build/Products/Debug-iphonesimulator/React-Fabric -F/Users/antoniogrillo-balen/Library/Developer/Xcode/DerivedData/risebysolis-gzfsziqwziaggpcbgdowmssiasmi/Build/Products/Debug-iphonesimulator/React-FabricComponents -F/Users/antoniogrillo-balen/Library/Developer/Xcode/DerivedData/risebysolis-gzfsziqwziaggpcbgdowmssiasmi/Build/Products/Debug-iphonesimulator/React-FabricImage -F/Users/antoniogrillo-balen/Library/Developer/Xcode/DerivedData/risebysolis-gzfsziqwziaggpcbgdowmssiasmi/Build/Products/Debug-iphonesimulator/React-ImageManager -F/Users/antoniogrillo-balen/Library/Developer/Xcode/DerivedData/risebysolis-gzfsziqwziaggpcbgdowmssiasmi/Build/Products/Debug-iphonesimulator/React-Mapbuffer -F/Users/antoniogrillo-balen/Library/Developer/Xcode/DerivedData/risebysolis-gzfsziqwziaggpcbgdowmssiasmi/Build/Products/Debug-iphonesimulator/React-NativeModulesApple -F/Users/antoniogrillo-balen/Library/Developer/Xcode/DerivedData/risebysolis-gzfsziqwziaggpcbgdowmssiasmi/Build/Products/Debug-iphonesimulator/React-RCTAnimation -F/Users/antoniogrillo-balen/Library/Developer/Xcode/DerivedData/risebysolis-gzfsziqwziaggpcbgdowmssiasmi/Build/Products/Debug-iphonesimulator/React-RCTAppDelegate -F/Users/antoniogrillo-balen/Library/Developer/Xcode/DerivedData/risebysolis-gzfsziqwziaggpcbgdowmssiasmi/Build/Products/Debug-iphonesimulator/React-RCTBlob -F/Users/antoniogrillo-balen/Library/Developer/Xcode/DerivedData/risebysolis-gzfsziqwziaggpcbgdowmssiasmi/Build/Products/Debug-iphonesimulator/React-RCTFabric -F/Users/antoniogrillo-balen/Library/Developer/Xcode/DerivedData/risebysolis-gzfsziqwziaggpcbgdowmssiasmi/Build/Products/Debug-iphonesimulator/React-RCTImage -F/Users/antoniogrillo-balen/Library/Developer/Xcode/DerivedData/risebysolis-gzfsziqwziaggpcbgdowmssiasmi/Build/Products/Debug-iphonesimulator/React-RCTLinking -F/Users/antoniogrillo-balen/Library/Developer/Xcode/DerivedData/risebysolis-gzfsziqwziaggpcbgdowmssiasmi/Build/Products/Debug-iphonesimulator/React-RCTNetwork -F/Users/antoniogrillo-balen/Library/Developer/Xcode/DerivedData/risebysolis-gzfsziqwziaggpcbgdowmssiasmi/Build/Products/Debug-iphonesimulator/React-RCTSettings -F/Users/antoniogrillo-balen/Library/Developer/Xcode/DerivedData/risebysolis-gzfsziqwziaggpcbgdowmssiasmi/Build/Products/Debug-iphonesimulator/React-RCTText -F/Users/antoniogrillo-balen/Library/Developer/Xcode/DerivedData/risebysolis-gzfsziqwziaggpcbgdowmssiasmi/Build/Products/Debug-iphonesimulator/React-RCTVibration -F/Users/antoniogrillo-balen/Library/Developer/Xcode/DerivedData/risebysolis-gzfsziqwziaggpcbgdowmssiasmi/Build/Products/Debug-iphonesimulator/React-RuntimeApple -F/Users/antoniogrillo-balen/Library/Developer/Xcode/DerivedData/risebysolis-gzfsziqwziaggpcbgdowmssiasmi/Build/Products/Debug-iphonesimulator/React-RuntimeCore -F/Users/antoniogrillo-balen/Library/Developer/Xcode/DerivedData/risebysolis-gzfsziqwziaggpcbgdowmssiasmi/Build/Products/Debug-iphonesimulator/React-RuntimeHermes -F/Users/antoniogrillo-balen/Library/Developer/Xcode/DerivedData/risebysolis-gzfsziqwziaggpcbgdowmssiasmi/Build/Products/Debug-iphonesimulator/React-cxxreact -F/Users/antoniogrillo-balen/Library/Developer/Xcode/DerivedData/risebysolis-gzfsziqwziaggpcbgdowmssiasmi/Build/Products/Debug-iphonesimulator/React-debug -F/Users/antoniogrillo-balen/Library/Developer/Xcode/DerivedData/risebysolis-gzfsziqwziaggpcbgdowmssiasmi/Build/Products/Debug-iphonesimulator/React-defaultsnativemodule -F/Users/antoniogrillo-balen/Library/Developer/Xcode/DerivedData/risebysolis-gzfsziqwziaggpcbgdowmssiasmi/Build/Products/Debug-iphonesimulator/React-domnativemodule -F/Users/antoniogrillo-balen/Library/Developer/Xcode/DerivedData/risebysolis-gzfsziqwziaggpcbgdowmssiasmi/Build/Products/Debug-iphonesimulator/React-featureflags -F/Users/antoniogrillo-balen/Library/Developer/Xcode/DerivedData/risebysolis-gzfsziqwziaggpcbgdowmssiasmi/Build/Products/Debug-iphonesimulator/React-featureflagsnativemodule -F/Users/antoniogrillo-balen/Library/Developer/Xcode/DerivedData/risebysolis-gzfsziqwziaggpcbgdowmssiasmi/Build/Products/Debug-iphonesimulator/React-graphics -F/Users/antoniogrillo-balen/Library/Developer/Xcode/DerivedData/risebysolis-gzfsziqwziaggpcbgdowmssiasmi/Build/Products/Debug-iphonesimulator/React-hermes -F/Users/antoniogrillo-balen/Library/Developer/Xcode/DerivedData/risebysolis-gzfsziqwziaggpcbgdowmssiasmi/Build/Products/Debug-iphonesimulator/React-idlecallbacksnativemodule -F/Users/antoniogrillo-balen/Library/Developer/Xcode/DerivedData/risebysolis-gzfsziqwziaggpcbgdowmssiasmi/Build/Products/Debug-iphonesimulator/React-jserrorhandler -F/Users/antoniogrillo-balen/Library/Developer/Xcode/DerivedData/risebysolis-gzfsziqwziaggpcbgdowmssiasmi/Build/Products/Debug-iphonesimulator/React-jsi -F/Users/antoniogrillo-balen/Library/Developer/Xcode/DerivedData/risebysolis-gzfsziqwziaggpcbgdowmssiasmi/Build/Products/Debug-iphonesimulator/React-jsiexecutor -F/Users/antoniogrillo-balen/Library/Developer/Xcode/DerivedData/risebysolis-gzfsziqwziaggpcbgdowmssiasmi/Build/Products/Debug-iphonesimulator/React-jsinspector -F/Users/antoniogrillo-balen/Library/Developer/Xcode/DerivedData/risebysolis-gzfsziqwziaggpcbgdowmssiasmi/Build/Products/Debug-iphonesimulator/React-logger -F/Users/antoniogrillo-balen/Library/Developer/Xcode/DerivedData/risebysolis-gzfsziqwziaggpcbgdowmssiasmi/Build/Products/Debug-iphonesimulator/React-microtasksnativemodule -F/Users/antoniogrillo-balen/Library/Developer/Xcode/DerivedData/risebysolis-gzfsziqwziaggpcbgdowmssiasmi/Build/Products/Debug-iphonesimulator/React-nativeconfig -F/Users/antoniogrillo-balen/Library/Developer/Xcode/DerivedData/risebysolis-gzfsziqwziaggpcbgdowmssiasmi/Build/Products/Debug-iphonesimulator/React-perflogger -F/Users/antoniogrillo-balen/Library/Developer/Xcode/DerivedData/risebysolis-gzfsziqwziaggpcbgdowmssiasmi/Build/Products/Debug-iphonesimulator/React-performancetimeline -F/Users/antoniogrillo-balen/Library/Developer/Xcode/DerivedData/risebysolis-gzfsziqwziaggpcbgdowmssiasmi/Build/Products/Debug-iphonesimulator/React-rendererconsistency -F/Users/antoniogrillo-balen/Library/Developer/Xcode/DerivedData/risebysolis-gzfsziqwziaggpcbgdowmssiasmi/Build/Products/Debug-iphonesimulator/React-rendererdebug -F/Users/antoniogrillo-balen/Library/Developer/Xcode/DerivedData/risebysolis-gzfsziqwziaggpcbgdowmssiasmi/Build/Products/Debug-iphonesimulator/React-runtimescheduler -F/Users/antoniogrillo-balen/Library/Developer/Xcode/DerivedData/risebysolis-gzfsziqwziaggpcbgdowmssiasmi/Build/Products/Debug-iphonesimulator/React-utils -F/Users/antoniogrillo-balen/Library/Developer/Xcode/DerivedData/risebysolis-gzfsziqwziaggpcbgdowmssiasmi/Build/Products/Debug-iphonesimulator/ReactCodegen -F/Users/antoniogrillo-balen/Library/Developer/Xcode/DerivedData/risebysolis-gzfsziqwziaggpcbgdowmssiasmi/Build/Products/Debug-iphonesimulator/ReactCommon -F/Users/antoniogrillo-balen/Library/Developer/Xcode/DerivedData/risebysolis-gzfsziqwziaggpcbgdowmssiasmi/Build/Products/Debug-iphonesimulator/RecaptchaInterop -F/Users/antoniogrillo-balen/Library/Developer/Xcode/DerivedData/risebysolis-gzfsziqwziaggpcbgdowmssiasmi/Build/Products/Debug-iphonesimulator/RevenueCat -F/Users/antoniogrillo-balen/Library/Developer/Xcode/DerivedData/risebysolis-gzfsziqwziaggpcbgdowmssiasmi/Build/Products/Debug-iphonesimulator/SocketRocket -F/Users/antoniogrillo-balen/Library/Developer/Xcode/DerivedData/risebysolis-gzfsziqwziaggpcbgdowmssiasmi/Build/Products/Debug-iphonesimulator/Yoga -F/Users/antoniogrillo-balen/Library/Developer/Xcode/DerivedData/risebysolis-gzfsziqwziaggpcbgdowmssiasmi/Build/Products/Debug-iphonesimulator/fmt -F/Users/antoniogrillo-balen/Library/Developer/Xcode/DerivedData/risebysolis-gzfsziqwziaggpcbgdowmssiasmi/Build/Products/Debug-iphonesimulator/glog -F/Users/antoniogrillo-balen/Library/Developer/Xcode/DerivedData/risebysolis-gzfsziqwziaggpcbgdowmssiasmi/Build/Products/Debug-iphonesimulator/react-native-mmkv -F/Users/antoniogrillo-balen/Library/Developer/Xcode/DerivedData/risebysolis-gzfsziqwziaggpcbgdowmssiasmi/Build/Products/Debug-iphonesimulator/react-native-safe-area-context -F/Users/antoniogrillo-balen/Desktop/Projects/RiseBuild/ios/Pods/hermes-engine/destroot/Library/Frameworks/universal -F/Users/antoniogrillo-balen/Library/Developer/Xcode/DerivedData/risebysolis-gzfsziqwziaggpcbgdowmssiasmi/Build/Products/Debug-iphonesimulator/XCFrameworkIntermediates/hermes-engine/Pre-built -Xlinker -rpath -Xlinker @executable_path -Xlinker -rpath -Xlinker /usr/lib/swift -Xlinker -rpath -Xlinker @executable_path/Frameworks -Xlinker -rpath -Xlinker @loader_path/Frameworks -rdynamic -Xlinker -no_deduplicate -Xlinker -objc_abi_version -Xlinker 2 -e ___debug_blank_executor_main -Xlinker -sectcreate -Xlinker __TEXT -Xlinker __debug_dylib -Xlinker /Users/antoniogrillo-balen/Library/Developer/Xcode/DerivedData/risebysolis-gzfsziqwziaggpcbgdowmssiasmi/Build/Intermediates.noindex/risebysolis.build/Debug-iphonesimulator/risebysolis.build/risebysolis-DebugDylibPath-normal-arm64.txt -Xlinker -sectcreate -Xlinker __TEXT -Xlinker __debug_instlnm -Xlinker /Users/antoniogrillo-balen/Library/Developer/Xcode/DerivedData/risebysolis-gzfsziqwziaggpcbgdowmssiasmi/Build/Intermediates.noindex/risebysolis.build/Debug-iphonesimulator/risebysolis.build/risebysolis-DebugDylibInstallName-normal-arm64.txt -Xlinker -filelist -Xlinker /Users/antoniogrillo-balen/Library/Developer/Xcode/DerivedData/risebysolis-gzfsziqwziaggpcbgdowmssiasmi/Build/Intermediates.noindex/risebysolis.build/Debug-iphonesimulator/risebysolis.build/risebysolis-ExecutorLinkFileList-normal-arm64.txt -Xlinker -sectcreate -Xlinker __TEXT -Xlinker __entitlements -Xlinker /Users/antoniogrillo-balen/Library/Developer/Xcode/DerivedData/risebysolis-gzfsziqwziaggpcbgdowmssiasmi/Build/Intermediates.noindex/risebysolis.build/Debug-iphonesimulator/risebysolis.build/risebysolis.app-Simulated.xcent -Xlinker -sectcreate -Xlinker __TEXT -Xlinker __ents_der -Xlinker /Users/antoniogrillo-balen/Library/Developer/Xcode/DerivedData/risebysolis-gzfsziqwziaggpcbgdowmssiasmi/Build/Intermediates.noindex/risebysolis.build/Debug-iphonesimulator/risebysolis.build/risebysolis.app-Simulated.xcent.der /Users/antoniogrillo-balen/Library/Developer/Xcode/DerivedData/risebysolis-gzfsziqwziaggpcbgdowmssiasmi/Build/Products/Debug-iphonesimulator/risebysolis.app/risebysolis.debug.dylib -Xlinker -no_adhoc_codesign -o /Users/antoniogrillo-balen/Library/Developer/Xcode/DerivedData/risebysolis-gzfsziqwziaggpcbgdowmssiasmi/Build/Products/Debug-iphonesimulator/risebysolis.app/risebysolis

PhaseScriptExecution Bundle\ React\ Native\ code\ and\ images /Users/antoniogrillo-balen/Library/Developer/Xcode/DerivedData/risebysolis-gzfsziqwziaggpcbgdowmssiasmi/Build/Intermediates.noindex/risebysolis.build/Debug-iphonesimulator/risebysolis.build/Script-00DD1BFF1BD5951E006B06BC.sh (in target 'risebysolis' from project 'risebysolis')
    cd /Users/antoniogrillo-balen/Desktop/Projects/RiseBuild/ios
    export ACTION\=build
    export AD_HOC_CODE_SIGNING_ALLOWED\=YES
    export AGGREGATE_TRACKED_DOMAINS\=YES
    export ALLOW_BUILD_REQUEST_OVERRIDES\=NO
    export ALLOW_TARGET_PLATFORM_SPECIALIZATION\=NO
    export ALTERNATE_GROUP\=staff
    export ALTERNATE_MODE\=u+w,go-w,a+rX
    export ALTERNATE_OWNER\=antoniogrillo-balen
    export ALTERNATIVE_DISTRIBUTION_WEB\=NO
    export ALWAYS_EMBED_SWIFT_STANDARD_LIBRARIES\=YES
    export ALWAYS_SEARCH_USER_PATHS\=NO
    export ALWAYS_USE_SEPARATE_HEADERMAPS\=NO
    export APPLICATION_EXTENSION_API_ONLY\=NO
    export APPLY_RULES_IN_COPY_FILES\=NO
    export APPLY_RULES_IN_COPY_HEADERS\=NO
    export APP_SHORTCUTS_ENABLE_FLEXIBLE_MATCHING\=YES
    export ARCHS\=arm64
    export ARCHS_BASE\=arm64
    export ARCHS_STANDARD\=arm64\ x86_64
    export ARCHS_STANDARD_32_64_BIT\=arm64\ x86_64
    export ARCHS_STANDARD_64_BIT\=arm64\ x86_64
    export ARCHS_STANDARD_INCLUDING_64_BIT\=arm64\ x86_64
    export ARCHS_UNIVERSAL_IPHONE_OS\=arm64\ x86_64
    export ASSETCATALOG_COMPILER_APPICON_NAME\=AppIcon
    export ASSETCATALOG_FILTER_FOR_DEVICE_MODEL\=iPhone16,2
    export ASSETCATALOG_FILTER_FOR_DEVICE_OS_VERSION\=26.4.1
    export ASSETCATALOG_FILTER_FOR_THINNING_DEVICE_CONFIGURATION\=iPhone16,2
    export AUTOMATICALLY_MERGE_DEPENDENCIES\=NO
    export AUTOMATION_APPLE_EVENTS\=NO
    export AVAILABLE_PLATFORMS\=android\ appletvos\ appletvsimulator\ driverkit\ freebsd\ iphoneos\ iphonesimulator\ linux\ macosx\ none\ openbsd\ qnx\ watchos\ watchsimulator\ webassembly\ xros\ xrsimulator
    export AppIdentifierPrefix\=FAKETEAMID.
    export BUILD_ACTIVE_RESOURCES_ONLY\=YES
    export BUILD_COMPONENTS\=headers\ build
    export BUILD_DIR\=/Users/antoniogrillo-balen/Library/Developer/Xcode/DerivedData/risebysolis-gzfsziqwziaggpcbgdowmssiasmi/Build/Products
    export BUILD_LIBRARY_FOR_DISTRIBUTION\=NO
    export BUILD_ONLY_KNOWN_LOCALIZATIONS\=NO
    export BUILD_ROOT\=/Users/antoniogrillo-balen/Library/Developer/Xcode/DerivedData/risebysolis-gzfsziqwziaggpcbgdowmssiasmi/Build/Products
    export BUILD_STYLE\=
    export BUILD_VARIANTS\=normal
    export BUILT_PRODUCTS_DIR\=/Users/antoniogrillo-balen/Library/Developer/Xcode/DerivedData/risebysolis-gzfsziqwziaggpcbgdowmssiasmi/Build/Products/Debug-iphonesimulator
    export BUNDLE_CONTENTS_FOLDER_PATH_deep\=Contents/
    export BUNDLE_EXECUTABLE_FOLDER_NAME_deep\=MacOS
    export BUNDLE_EXTENSIONS_FOLDER_PATH\=Extensions
    export BUNDLE_FORMAT\=shallow
    export BUNDLE_FRAMEWORKS_FOLDER_PATH\=Frameworks
    export BUNDLE_PLUGINS_FOLDER_PATH\=PlugIns
    export BUNDLE_PRIVATE_HEADERS_FOLDER_PATH\=PrivateHeaders
    export BUNDLE_PUBLIC_HEADERS_FOLDER_PATH\=Headers
    export CACHE_ROOT\=/var/folders/2z/jtlqylkx0c709j3xb7b0g4cm0000gn/C/com.apple.DeveloperTools/26.5-17F42/Xcode
    export CCHROOT\=/var/folders/2z/jtlqylkx0c709j3xb7b0g4cm0000gn/C/com.apple.DeveloperTools/26.5-17F42/Xcode
    export CHMOD\=/bin/chmod
    export CHOWN\=chown
    export CLANG_ANALYZER_LOCALIZABILITY_NONLOCALIZED\=YES
    export CLANG_CACHE_FINE_GRAINED_OUTPUTS\=YES
    export CLANG_CXX_LANGUAGE_STANDARD\=c++20
    export CLANG_CXX_LIBRARY\=libc++
    export CLANG_ENABLE_EXPLICIT_MODULES\=YES
    export CLANG_ENABLE_MODULES\=YES
    export CLANG_ENABLE_OBJC_ARC\=YES
    export CLANG_MODULES_BUILD_SESSION_FILE\=/Users/antoniogrillo-balen/Library/Developer/Xcode/DerivedData/ModuleCache.noindex/Session.modulevalidation
    export CLANG_WARN_BLOCK_CAPTURE_AUTORELEASING\=YES
    export CLANG_WARN_BOOL_CONVERSION\=YES
    export CLANG_WARN_COMMA\=YES
    export CLANG_WARN_CONSTANT_CONVERSION\=YES
    export CLANG_WARN_DEPRECATED_OBJC_IMPLEMENTATIONS\=YES
    export CLANG_WARN_DIRECT_OBJC_ISA_USAGE\=YES_ERROR
    export CLANG_WARN_EMPTY_BODY\=YES
    export CLANG_WARN_ENUM_CONVERSION\=YES
    export CLANG_WARN_INFINITE_RECURSION\=YES
    export CLANG_WARN_INT_CONVERSION\=YES
    export CLANG_WARN_NON_LITERAL_NULL_CONVERSION\=YES
    export CLANG_WARN_OBJC_IMPLICIT_RETAIN_SELF\=YES
    export CLANG_WARN_OBJC_LITERAL_CONVERSION\=YES
    export CLANG_WARN_OBJC_ROOT_CLASS\=YES_ERROR
    export CLANG_WARN_QUOTED_INCLUDE_IN_FRAMEWORK_HEADER\=NO
    export CLANG_WARN_RANGE_LOOP_ANALYSIS\=YES
    export CLANG_WARN_STRICT_PROTOTYPES\=YES
    export CLANG_WARN_SUSPICIOUS_MOVE\=YES
    export CLANG_WARN_UNREACHABLE_CODE\=YES
    export CLANG_WARN__DUPLICATE_METHOD_MATCH\=YES
    export CLASS_FILE_DIR\=/Users/antoniogrillo-balen/Library/Developer/Xcode/DerivedData/risebysolis-gzfsziqwziaggpcbgdowmssiasmi/Build/Intermediates.noindex/risebysolis.build/Debug-iphonesimulator/risebysolis.build/JavaClasses
    export CLEAN_PRECOMPS\=YES
    export CLONE_HEADERS\=NO
    export CODESIGNING_FOLDER_PATH\=/Users/antoniogrillo-balen/Library/Developer/Xcode/DerivedData/risebysolis-gzfsziqwziaggpcbgdowmssiasmi/Build/Products/Debug-iphonesimulator/risebysolis.app
    export CODE_SIGNING_ALLOWED\=YES
    export CODE_SIGNING_REQUIRED\=YES
    export CODE_SIGN_CONTEXT_CLASS\=XCiPhoneSimulatorCodeSignContext
    export CODE_SIGN_ENTITLEMENTS\=risebysolis/risebysolis.entitlements
    export CODE_SIGN_IDENTITY\=-
    export CODE_SIGN_INJECT_BASE_ENTITLEMENTS\=YES
    export COLOR_DIAGNOSTICS\=NO
    export COMBINE_HIDPI_IMAGES\=NO
    export COMPILATION_CACHE_CAS_PATH\=/Users/antoniogrillo-balen/Library/Developer/Xcode/DerivedData/CompilationCache.noindex
    export COMPILATION_CACHE_KEEP_CAS_DIRECTORY\=YES
    export COMPILER_INDEX_STORE_ENABLE\=Default
    export COMPOSITE_SDK_DIRS\=/Users/antoniogrillo-balen/Library/Developer/Xcode/DerivedData/risebysolis-gzfsziqwziaggpcbgdowmssiasmi/Build/Intermediates.noindex/CompositeSDKs
    export COMPRESS_PNG_FILES\=YES
    export CONFIGURATION\=Debug
    export CONFIGURATION_BUILD_DIR\=/Users/antoniogrillo-balen/Library/Developer/Xcode/DerivedData/risebysolis-gzfsziqwziaggpcbgdowmssiasmi/Build/Products/Debug-iphonesimulator
    export CONFIGURATION_TEMP_DIR\=/Users/antoniogrillo-balen/Library/Developer/Xcode/DerivedData/risebysolis-gzfsziqwziaggpcbgdowmssiasmi/Build/Intermediates.noindex/risebysolis.build/Debug-iphonesimulator
    export CONTENTS_FOLDER_PATH\=risebysolis.app
    export CONTENTS_FOLDER_PATH_SHALLOW_BUNDLE_NO\=risebysolis.app/Contents
    export CONTENTS_FOLDER_PATH_SHALLOW_BUNDLE_YES\=risebysolis.app
    export COPYING_PRESERVES_HFS_DATA\=NO
    export COPY_HEADERS_RUN_UNIFDEF\=NO
    export COPY_PHASE_STRIP\=NO
    export CORRESPONDING_DEVICE_PLATFORM_DIR\=/Applications/Xcode.app/Contents/Developer/Platforms/iPhoneOS.platform
    export CORRESPONDING_DEVICE_PLATFORM_NAME\=iphoneos
    export CORRESPONDING_DEVICE_SDK_DIR\=/Applications/Xcode.app/Contents/Developer/Platforms/iPhoneOS.platform/Developer/SDKs/iPhoneOS26.5.sdk
    export CORRESPONDING_DEVICE_SDK_NAME\=iphoneos26.5
    export CP\=/bin/cp
    export CREATE_INFOPLIST_SECTION_IN_BINARY\=NO
    export CURRENT_ARCH\=undefined_arch
    export CURRENT_PROJECT_VERSION\=1
    export CURRENT_VARIANT\=normal
    export DEAD_CODE_STRIPPING\=YES
    export DEBUGGING_SYMBOLS\=YES
    export DEBUG_INFORMATION_FORMAT\=dwarf-with-dsym
    export DEBUG_INFORMATION_VERSION\=compiler-default
    export DEFAULT_COMPILER\=com.apple.compilers.llvm.clang.1_0
    export DEFAULT_DEXT_INSTALL_PATH\=/System/Library/DriverExtensions
    export DEFAULT_KEXT_INSTALL_PATH\=/System/Library/Extensions
    export DEFINES_MODULE\=NO
    export DEPLOYMENT_LOCATION\=NO
    export DEPLOYMENT_POSTPROCESSING\=NO
    export DEPLOYMENT_TARGET_SETTING_NAME\=IPHONEOS_DEPLOYMENT_TARGET
    export DEPLOYMENT_TARGET_SUGGESTED_VALUES\=12.0\ 12.1\ 12.2\ 12.3\ 12.4\ 13.0\ 13.1\ 13.2\ 13.3\ 13.4\ 13.5\ 13.6\ 14.0\ 14.1\ 14.2\ 14.3\ 14.4\ 14.5\ 14.6\ 14.7\ 15.0\ 15.1\ 15.2\ 15.3\ 15.4\ 15.5\ 15.6\ 16.0\ 16.1\ 16.2\ 16.3\ 16.4\ 16.5\ 16.6\ 17.0\ 17.1\ 17.2\ 17.3\ 17.4\ 17.5\ 17.6\ 18.0\ 18.1\ 18.2\ 18.3\ 18.4\ 18.5\ 18.6\ 26.0\ 26.2\ 26.3\ 26.4\ 26.5
    export DERIVED_FILES_DIR\=/Users/antoniogrillo-balen/Library/Developer/Xcode/DerivedData/risebysolis-gzfsziqwziaggpcbgdowmssiasmi/Build/Intermediates.noindex/risebysolis.build/Debug-iphonesimulator/risebysolis.build/DerivedSources
    export DERIVED_FILE_DIR\=/Users/antoniogrillo-balen/Library/Developer/Xcode/DerivedData/risebysolis-gzfsziqwziaggpcbgdowmssiasmi/Build/Intermediates.noindex/risebysolis.build/Debug-iphonesimulator/risebysolis.build/DerivedSources
    export DERIVED_SOURCES_DIR\=/Users/antoniogrillo-balen/Library/Developer/Xcode/DerivedData/risebysolis-gzfsziqwziaggpcbgdowmssiasmi/Build/Intermediates.noindex/risebysolis.build/Debug-iphonesimulator/risebysolis.build/DerivedSources
    export DEVELOPER_APPLICATIONS_DIR\=/Applications/Xcode.app/Contents/Developer/Applications
    export DEVELOPER_BIN_DIR\=/Applications/Xcode.app/Contents/Developer/usr/bin
    export DEVELOPER_DIR\=/Applications/Xcode.app/Contents/Developer
    export DEVELOPER_FRAMEWORKS_DIR\=/Applications/Xcode.app/Contents/Developer/Library/Frameworks
    export DEVELOPER_FRAMEWORKS_DIR_QUOTED\=/Applications/Xcode.app/Contents/Developer/Library/Frameworks
    export DEVELOPER_LIBRARY_DIR\=/Applications/Xcode.app/Contents/Developer/Library
    export DEVELOPER_SDK_DIR\=/Applications/Xcode.app/Contents/Developer/Platforms/MacOSX.platform/Developer/SDKs
    export DEVELOPER_TOOLS_DIR\=/Applications/Xcode.app/Contents/Developer/Tools
    export DEVELOPER_USR_DIR\=/Applications/Xcode.app/Contents/Developer/usr
    export DEVELOPMENT_LANGUAGE\=en
    export DIAGNOSE_MISSING_TARGET_DEPENDENCIES\=YES
    export DIFF\=/usr/bin/diff
    export DOCUMENTATION_FOLDER_PATH\=risebysolis.app/en.lproj/Documentation
    export DONT_GENERATE_INFOPLIST_FILE\=NO
    export DSTROOT\=/tmp/risebysolis.dst
    export DT_TOOLCHAIN_DIR\=/Applications/Xcode.app/Contents/Developer/Toolchains/XcodeDefault.xctoolchain
    export DUMP_DEPENDENCIES\=NO
    export DUMP_DEPENDENCIES_OUTPUT_PATH\=/Users/antoniogrillo-balen/Library/Developer/Xcode/DerivedData/risebysolis-gzfsziqwziaggpcbgdowmssiasmi/Build/Intermediates.noindex/risebysolis.build/Debug-iphonesimulator/risebysolis.build/risebysolis-BuildDependencyInfo.json
    export DWARF_DSYM_FILE_NAME\=risebysolis.app.dSYM
    export DWARF_DSYM_FILE_SHOULD_ACCOMPANY_PRODUCT\=NO
    export DWARF_DSYM_FOLDER_PATH\=/Users/antoniogrillo-balen/Library/Developer/Xcode/DerivedData/risebysolis-gzfsziqwziaggpcbgdowmssiasmi/Build/Products/Debug-iphonesimulator
    export DYNAMIC_LIBRARY_EXTENSION\=dylib
    export EAGER_COMPILATION_ALLOW_SCRIPTS\=NO
    export EAGER_LINKING\=NO
    export EFFECTIVE_PLATFORM_NAME\=-iphonesimulator
    export EFFECTIVE_SWIFT_VERSION\=5
    export EMBEDDED_CONTENT_CONTAINS_SWIFT\=NO
    export EMBED_ASSET_PACKS_IN_PRODUCT_BUNDLE\=NO
    export ENABLE_APP_SANDBOX\=NO
    export ENABLE_BITCODE\=NO
    export ENABLE_CODE_COVERAGE\=YES
    export ENABLE_COHORT_ARCHS\=NO
    export ENABLE_CPLUSPLUS_BOUNDS_SAFE_BUFFERS\=NO
    export ENABLE_C_BOUNDS_SAFETY\=NO
    export ENABLE_DEBUG_DYLIB\=YES
    export ENABLE_DEFAULT_HEADER_SEARCH_PATHS\=YES
    export ENABLE_DEFAULT_SEARCH_PATHS\=YES
    export ENABLE_ENHANCED_SECURITY\=NO
    export ENABLE_HARDENED_RUNTIME\=NO
    export ENABLE_HEADER_DEPENDENCIES\=YES
    export ENABLE_INCOMING_NETWORK_CONNECTIONS\=NO
    export ENABLE_ON_DEMAND_RESOURCES\=YES
    export ENABLE_OUTGOING_NETWORK_CONNECTIONS\=NO
    export ENABLE_POINTER_AUTHENTICATION\=NO
    export ENABLE_PREVIEWS\=NO
    export ENABLE_RESOURCE_ACCESS_AUDIO_INPUT\=NO
    export ENABLE_RESOURCE_ACCESS_BLUETOOTH\=NO
    export ENABLE_RESOURCE_ACCESS_CALENDARS\=NO
    export ENABLE_RESOURCE_ACCESS_CAMERA\=NO
    export ENABLE_RESOURCE_ACCESS_CONTACTS\=NO
    export ENABLE_RESOURCE_ACCESS_LOCATION\=NO
    export ENABLE_RESOURCE_ACCESS_PHOTO_LIBRARY\=NO
    export ENABLE_RESOURCE_ACCESS_PRINTING\=NO
    export ENABLE_RESOURCE_ACCESS_USB\=NO
    export ENABLE_SDK_IMPORTS\=NO
    export ENABLE_SECURITY_COMPILER_WARNINGS\=NO
    export ENABLE_STRICT_OBJC_MSGSEND\=YES
    export ENABLE_TESTABILITY\=YES
    export ENABLE_TESTING_SEARCH_PATHS\=NO
    export ENABLE_USER_SCRIPT_SANDBOXING\=NO
    export ENABLE_XOJIT_PREVIEWS\=YES
    export ENFORCE_VALID_ARCHS\=YES
    export ENTITLEMENTS_ALLOWED\=NO
    export ENTITLEMENTS_DESTINATION\=__entitlements
    export ENTITLEMENTS_REQUIRED\=NO
    export EXCLUDED_INSTALLSRC_SUBDIRECTORY_PATTERNS\=.DS_Store\ .svn\ .git\ .hg\ CVS
    export EXCLUDED_RECURSIVE_SEARCH_PATH_SUBDIRECTORIES\=\*.nib\ \*.lproj\ \*.framework\ \*.gch\ \*.xcode\*\ \*.xcassets\ \*.icon\ \(\*\)\ .DS_Store\ CVS\ .svn\ .git\ .hg\ \*.pbproj\ \*.pbxproj
    export EXECUTABLES_FOLDER_PATH\=risebysolis.app/Executables
    export EXECUTABLE_BLANK_INJECTION_DYLIB_PATH\=risebysolis.app/__preview.dylib
    export EXECUTABLE_DEBUG_DYLIB_INSTALL_NAME\=@rpath/risebysolis.debug.dylib
    export EXECUTABLE_DEBUG_DYLIB_PATH\=risebysolis.app/risebysolis.debug.dylib
    export EXECUTABLE_FOLDER_PATH\=risebysolis.app
    export EXECUTABLE_FOLDER_PATH_SHALLOW_BUNDLE_NO\=risebysolis.app/MacOS
    export EXECUTABLE_FOLDER_PATH_SHALLOW_BUNDLE_YES\=risebysolis.app
    export EXECUTABLE_NAME\=risebysolis
    export EXECUTABLE_PATH\=risebysolis.app/risebysolis
    export EXPANDED_CODE_SIGN_IDENTITY\=-
    export EXPANDED_CODE_SIGN_IDENTITY_NAME\=Sign\ to\ Run\ Locally
    export EXTENSIONS_FOLDER_PATH\=risebysolis.app/Extensions
    export FILE_LIST\=/Users/antoniogrillo-balen/Library/Developer/Xcode/DerivedData/risebysolis-gzfsziqwziaggpcbgdowmssiasmi/Build/Intermediates.noindex/risebysolis.build/Debug-iphonesimulator/risebysolis.build/Objects/LinkFileList
    export FIXED_FILES_DIR\=/Users/antoniogrillo-balen/Library/Developer/Xcode/DerivedData/risebysolis-gzfsziqwziaggpcbgdowmssiasmi/Build/Intermediates.noindex/risebysolis.build/Debug-iphonesimulator/risebysolis.build/FixedFiles
    export FRAMEWORKS_FOLDER_PATH\=risebysolis.app/Frameworks
    export FRAMEWORK_FLAG_PREFIX\=-framework
    export FRAMEWORK_SEARCH_PATHS\=/Users/antoniogrillo-balen/Library/Developer/Xcode/DerivedData/risebysolis-gzfsziqwziaggpcbgdowmssiasmi/Build/Products/Debug-iphonesimulator\ \ \"/Users/antoniogrillo-balen/Library/Developer/Xcode/DerivedData/risebysolis-gzfsziqwziaggpcbgdowmssiasmi/Build/Products/Debug-iphonesimulator/AppAuth\"\ \"/Users/antoniogrillo-balen/Library/Developer/Xcode/DerivedData/risebysolis-gzfsziqwziaggpcbgdowmssiasmi/Build/Products/Debug-iphonesimulator/AppCheckCore\"\ \"/Users/antoniogrillo-balen/Library/Developer/Xcode/DerivedData/risebysolis-gzfsziqwziaggpcbgdowmssiasmi/Build/Products/Debug-iphonesimulator/DoubleConversion\"\ \"/Users/antoniogrillo-balen/Library/Developer/Xcode/DerivedData/risebysolis-gzfsziqwziaggpcbgdowmssiasmi/Build/Products/Debug-iphonesimulator/EXApplication\"\ \"/Users/antoniogrillo-balen/Library/Developer/Xcode/DerivedData/risebysolis-gzfsziqwziaggpcbgdowmssiasmi/Build/Products/Debug-iphonesimulator/EXConstants\"\ \"/Users/antoniogrillo-balen/Library/Developer/Xcode/DerivedData/risebysolis-gzfsziqwziaggpcbgdowmssiasmi/Build/Products/Debug-iphonesimulator/EXNotifications\"\ \"/Users/antoniogrillo-balen/Library/Developer/Xcode/DerivedData/risebysolis-gzfsziqwziaggpcbgdowmssiasmi/Build/Products/Debug-iphonesimulator/Expo\"\ \"/Users/antoniogrillo-balen/Library/Developer/Xcode/DerivedData/risebysolis-gzfsziqwziaggpcbgdowmssiasmi/Build/Products/Debug-iphonesimulator/ExpoAdapterGoogleSignIn\"\ \"/Users/antoniogrillo-balen/Library/Developer/Xcode/DerivedData/risebysolis-gzfsziqwziaggpcbgdowmssiasmi/Build/Products/Debug-iphonesimulator/ExpoAppleAuthentication\"\ \"/Users/antoniogrillo-balen/Library/Developer/Xcode/DerivedData/risebysolis-gzfsziqwziaggpcbgdowmssiasmi/Build/Products/Debug-iphonesimulator/ExpoAsset\"\ \"/Users/antoniogrillo-balen/Library/Developer/Xcode/DerivedData/risebysolis-gzfsziqwziaggpcbgdowmssiasmi/Build/Products/Debug-iphonesimulator/ExpoCrypto\"\ \"/Users/antoniogrillo-balen/Library/Developer/Xcode/DerivedData/risebysolis-gzfsziqwziaggpcbgdowmssiasmi/Build/Products/Debug-iphonesimulator/ExpoFileSystem\"\ \"/Users/antoniogrillo-balen/Library/Developer/Xcode/DerivedData/risebysolis-gzfsziqwziaggpcbgdowmssiasmi/Build/Products/Debug-iphonesimulator/ExpoFont\"\ \"/Users/antoniogrillo-balen/Library/Developer/Xcode/DerivedData/risebysolis-gzfsziqwziaggpcbgdowmssiasmi/Build/Products/Debug-iphonesimulator/ExpoHaptics\"\ \"/Users/antoniogrillo-balen/Library/Developer/Xcode/DerivedData/risebysolis-gzfsziqwziaggpcbgdowmssiasmi/Build/Products/Debug-iphonesimulator/ExpoHead\"\ \"/Users/antoniogrillo-balen/Library/Developer/Xcode/DerivedData/risebysolis-gzfsziqwziaggpcbgdowmssiasmi/Build/Products/Debug-iphonesimulator/ExpoKeepAwake\"\ \"/Users/antoniogrillo-balen/Library/Developer/Xcode/DerivedData/risebysolis-gzfsziqwziaggpcbgdowmssiasmi/Build/Products/Debug-iphonesimulator/ExpoLinking\"\ \"/Users/antoniogrillo-balen/Library/Developer/Xcode/DerivedData/risebysolis-gzfsziqwziaggpcbgdowmssiasmi/Build/Products/Debug-iphonesimulator/ExpoModulesCore\"\ \"/Users/antoniogrillo-balen/Library/Developer/Xcode/DerivedData/risebysolis-gzfsziqwziaggpcbgdowmssiasmi/Build/Products/Debug-iphonesimulator/ExpoSecureStore\"\ \"/Users/antoniogrillo-balen/Library/Developer/Xcode/DerivedData/risebysolis-gzfsziqwziaggpcbgdowmssiasmi/Build/Products/Debug-iphonesimulator/ExpoSplashScreen\"\ \"/Users/antoniogrillo-balen/Library/Developer/Xcode/DerivedData/risebysolis-gzfsziqwziaggpcbgdowmssiasmi/Build/Products/Debug-iphonesimulator/FirebaseAppCheckInterop\"\ \"/Users/antoniogrillo-balen/Library/Developer/Xcode/DerivedData/risebysolis-gzfsziqwziaggpcbgdowmssiasmi/Build/Products/Debug-iphonesimulator/FirebaseAuth\"\ \"/Users/antoniogrillo-balen/Library/Developer/Xcode/DerivedData/risebysolis-gzfsziqwziaggpcbgdowmssiasmi/Build/Products/Debug-iphonesimulator/FirebaseAuthInterop\"\ \"/Users/antoniogrillo-balen/Library/Developer/Xcode/DerivedData/risebysolis-gzfsziqwziaggpcbgdowmssiasmi/Build/Products/Debug-iphonesimulator/FirebaseCore\"\ \"/Users/antoniogrillo-balen/Library/Developer/Xcode/DerivedData/risebysolis-gzfsziqwziaggpcbgdowmssiasmi/Build/Products/Debug-iphonesimulator/FirebaseCoreExtension\"\ \"/Users/antoniogrillo-balen/Library/Developer/Xcode/DerivedData/risebysolis-gzfsziqwziaggpcbgdowmssiasmi/Build/Products/Debug-iphonesimulator/FirebaseCoreInternal\"\ \"/Users/antoniogrillo-balen/Library/Developer/Xcode/DerivedData/risebysolis-gzfsziqwziaggpcbgdowmssiasmi/Build/Products/Debug-iphonesimulator/GTMAppAuth\"\ \"/Users/antoniogrillo-balen/Library/Developer/Xcode/DerivedData/risebysolis-gzfsziqwziaggpcbgdowmssiasmi/Build/Products/Debug-iphonesimulator/GTMSessionFetcher\"\ \"/Users/antoniogrillo-balen/Library/Developer/Xcode/DerivedData/risebysolis-gzfsziqwziaggpcbgdowmssiasmi/Build/Products/Debug-iphonesimulator/GoogleSignIn\"\ \"/Users/antoniogrillo-balen/Library/Developer/Xcode/DerivedData/risebysolis-gzfsziqwziaggpcbgdowmssiasmi/Build/Products/Debug-iphonesimulator/GoogleUtilities\"\ \"/Users/antoniogrillo-balen/Library/Developer/Xcode/DerivedData/risebysolis-gzfsziqwziaggpcbgdowmssiasmi/Build/Products/Debug-iphonesimulator/PromisesObjC\"\ \"/Users/antoniogrillo-balen/Library/Developer/Xcode/DerivedData/risebysolis-gzfsziqwziaggpcbgdowmssiasmi/Build/Products/Debug-iphonesimulator/PurchasesHybridCommon\"\ \"/Users/antoniogrillo-balen/Library/Developer/Xcode/DerivedData/risebysolis-gzfsziqwziaggpcbgdowmssiasmi/Build/Products/Debug-iphonesimulator/RCT-Folly\"\ \"/Users/antoniogrillo-balen/Library/Developer/Xcode/DerivedData/risebysolis-gzfsziqwziaggpcbgdowmssiasmi/Build/Products/Debug-iphonesimulator/RCTDeprecation\"\ \"/Users/antoniogrillo-balen/Library/Developer/Xcode/DerivedData/risebysolis-gzfsziqwziaggpcbgdowmssiasmi/Build/Products/Debug-iphonesimulator/RCTTypeSafety\"\ \"/Users/antoniogrillo-balen/Library/Developer/Xcode/DerivedData/risebysolis-gzfsziqwziaggpcbgdowmssiasmi/Build/Products/Debug-iphonesimulator/RNFBApp\"\ \"/Users/antoniogrillo-balen/Library/Developer/Xcode/DerivedData/risebysolis-gzfsziqwziaggpcbgdowmssiasmi/Build/Products/Debug-iphonesimulator/RNFBAuth\"\ \"/Users/antoniogrillo-balen/Library/Developer/Xcode/DerivedData/risebysolis-gzfsziqwziaggpcbgdowmssiasmi/Build/Products/Debug-iphonesimulator/RNGestureHandler\"\ \"/Users/antoniogrillo-balen/Library/Developer/Xcode/DerivedData/risebysolis-gzfsziqwziaggpcbgdowmssiasmi/Build/Products/Debug-iphonesimulator/RNGoogleSignin\"\ \"/Users/antoniogrillo-balen/Library/Developer/Xcode/DerivedData/risebysolis-gzfsziqwziaggpcbgdowmssiasmi/Build/Products/Debug-iphonesimulator/RNPurchases\"\ \"/Users/antoniogrillo-balen/Library/Developer/Xcode/DerivedData/risebysolis-gzfsziqwziaggpcbgdowmssiasmi/Build/Products/Debug-iphonesimulator/RNReanimated\"\ \"/Users/antoniogrillo-balen/Library/Developer/Xcode/DerivedData/risebysolis-gzfsziqwziaggpcbgdowmssiasmi/Build/Products/Debug-iphonesimulator/RNScreens\"\ \"/Users/antoniogrillo-balen/Library/Developer/Xcode/DerivedData/risebysolis-gzfsziqwziaggpcbgdowmssiasmi/Build/Products/Debug-iphonesimulator/React-Core\"\ \"/Users/antoniogrillo-balen/Library/Developer/Xcode/DerivedData/risebysolis-gzfsziqwziaggpcbgdowmssiasmi/Build/Products/Debug-iphonesimulator/React-CoreModules\"\ \"/Users/antoniogrillo-balen/Library/Developer/Xcode/DerivedData/risebysolis-gzfsziqwziaggpcbgdowmssiasmi/Build/Products/Debug-iphonesimulator/React-Fabric\"\ \"/Users/antoniogrillo-balen/Library/Developer/Xcode/DerivedData/risebysolis-gzfsziqwziaggpcbgdowmssiasmi/Build/Products/Debug-iphonesimulator/React-FabricComponents\"\ \"/Users/antoniogrillo-balen/Library/Developer/Xcode/DerivedData/risebysolis-gzfsziqwziaggpcbgdowmssiasmi/Build/Products/Debug-iphonesimulator/React-FabricImage\"\ \"/Users/antoniogrillo-balen/Library/Developer/Xcode/DerivedData/risebysolis-gzfsziqwziaggpcbgdowmssiasmi/Build/Products/Debug-iphonesimulator/React-ImageManager\"\ \"/Users/antoniogrillo-balen/Library/Developer/Xcode/DerivedData/risebysolis-gzfsziqwziaggpcbgdowmssiasmi/Build/Products/Debug-iphonesimulator/React-Mapbuffer\"\ \"/Users/antoniogrillo-balen/Library/Developer/Xcode/DerivedData/risebysolis-gzfsziqwziaggpcbgdowmssiasmi/Build/Products/Debug-iphonesimulator/React-NativeModulesApple\"\ \"/Users/antoniogrillo-balen/Library/Developer/Xcode/DerivedData/risebysolis-gzfsziqwziaggpcbgdowmssiasmi/Build/Products/Debug-iphonesimulator/React-RCTAnimation\"\ \"/Users/antoniogrillo-balen/Library/Developer/Xcode/DerivedData/risebysolis-gzfsziqwziaggpcbgdowmssiasmi/Build/Products/Debug-iphonesimulator/React-RCTAppDelegate\"\ \"/Users/antoniogrillo-balen/Library/Developer/Xcode/DerivedData/risebysolis-gzfsziqwziaggpcbgdowmssiasmi/Build/Products/Debug-iphonesimulator/React-RCTBlob\"\ \"/Users/antoniogrillo-balen/Library/Developer/Xcode/DerivedData/risebysolis-gzfsziqwziaggpcbgdowmssiasmi/Build/Products/Debug-iphonesimulator/React-RCTFabric\"\ \"/Users/antoniogrillo-balen/Library/Developer/Xcode/DerivedData/risebysolis-gzfsziqwziaggpcbgdowmssiasmi/Build/Products/Debug-iphonesimulator/React-RCTImage\"\ \"/Users/antoniogrillo-balen/Library/Developer/Xcode/DerivedData/risebysolis-gzfsziqwziaggpcbgdowmssiasmi/Build/Products/Debug-iphonesimulator/React-RCTLinking\"\ \"/Users/antoniogrillo-balen/Library/Developer/Xcode/DerivedData/risebysolis-gzfsziqwziaggpcbgdowmssiasmi/Build/Products/Debug-iphonesimulator/React-RCTNetwork\"\ \"/Users/antoniogrillo-balen/Library/Developer/Xcode/DerivedData/risebysolis-gzfsziqwziaggpcbgdowmssiasmi/Build/Products/Debug-iphonesimulator/React-RCTSettings\"\ \"/Users/antoniogrillo-balen/Library/Developer/Xcode/DerivedData/risebysolis-gzfsziqwziaggpcbgdowmssiasmi/Build/Products/Debug-iphonesimulator/React-RCTText\"\ \"/Users/antoniogrillo-balen/Library/Developer/Xcode/DerivedData/risebysolis-gzfsziqwziaggpcbgdowmssiasmi/Build/Products/Debug-iphonesimulator/React-RCTVibration\"\ \"/Users/antoniogrillo-balen/Library/Developer/Xcode/DerivedData/risebysolis-gzfsziqwziaggpcbgdowmssiasmi/Build/Products/Debug-iphonesimulator/React-RuntimeApple\"\ \"/Users/antoniogrillo-balen/Library/Developer/Xcode/DerivedData/risebysolis-gzfsziqwziaggpcbgdowmssiasmi/Build/Products/Debug-iphonesimulator/React-RuntimeCore\"\ \"/Users/antoniogrillo-balen/Library/Developer/Xcode/DerivedData/risebysolis-gzfsziqwziaggpcbgdowmssiasmi/Build/Products/Debug-iphonesimulator/React-RuntimeHermes\"\ \"/Users/antoniogrillo-balen/Library/Developer/Xcode/DerivedData/risebysolis-gzfsziqwziaggpcbgdowmssiasmi/Build/Products/Debug-iphonesimulator/React-cxxreact\"\ \"/Users/antoniogrillo-balen/Library/Developer/Xcode/DerivedData/risebysolis-gzfsziqwziaggpcbgdowmssiasmi/Build/Products/Debug-iphonesimulator/React-debug\"\ \"/Users/antoniogrillo-balen/Library/Developer/Xcode/DerivedData/risebysolis-gzfsziqwziaggpcbgdowmssiasmi/Build/Products/Debug-iphonesimulator/React-defaultsnativemodule\"\ \"/Users/antoniogrillo-balen/Library/Developer/Xcode/DerivedData/risebysolis-gzfsziqwziaggpcbgdowmssiasmi/Build/Products/Debug-iphonesimulator/React-domnativemodule\"\ \"/Users/antoniogrillo-balen/Library/Developer/Xcode/DerivedData/risebysolis-gzfsziqwziaggpcbgdowmssiasmi/Build/Products/Debug-iphonesimulator/React-featureflags\"\ \"/Users/antoniogrillo-balen/Library/Developer/Xcode/DerivedData/risebysolis-gzfsziqwziaggpcbgdowmssiasmi/Build/Products/Debug-iphonesimulator/React-featureflagsnativemodule\"\ \"/Users/antoniogrillo-balen/Library/Developer/Xcode/DerivedData/risebysolis-gzfsziqwziaggpcbgdowmssiasmi/Build/Products/Debug-iphonesimulator/React-graphics\"\ \"/Users/antoniogrillo-balen/Library/Developer/Xcode/DerivedData/risebysolis-gzfsziqwziaggpcbgdowmssiasmi/Build/Products/Debug-iphonesimulator/React-hermes\"\ \"/Users/antoniogrillo-balen/Library/Developer/Xcode/DerivedData/risebysolis-gzfsziqwziaggpcbgdowmssiasmi/Build/Products/Debug-iphonesimulator/React-idlecallbacksnativemodule\"\ \"/Users/antoniogrillo-balen/Library/Developer/Xcode/DerivedData/risebysolis-gzfsziqwziaggpcbgdowmssiasmi/Build/Products/Debug-iphonesimulator/React-jserrorhandler\"\ \"/Users/antoniogrillo-balen/Library/Developer/Xcode/DerivedData/risebysolis-gzfsziqwziaggpcbgdowmssiasmi/Build/Products/Debug-iphonesimulator/React-jsi\"\ \"/Users/antoniogrillo-balen/Library/Developer/Xcode/DerivedData/risebysolis-gzfsziqwziaggpcbgdowmssiasmi/Build/Products/Debug-iphonesimulator/React-jsiexecutor\"\ \"/Users/antoniogrillo-balen/Library/Developer/Xcode/DerivedData/risebysolis-gzfsziqwziaggpcbgdowmssiasmi/Build/Products/Debug-iphonesimulator/React-jsinspector\"\ \"/Users/antoniogrillo-balen/Library/Developer/Xcode/DerivedData/risebysolis-gzfsziqwziaggpcbgdowmssiasmi/Build/Products/Debug-iphonesimulator/React-logger\"\ \"/Users/antoniogrillo-balen/Library/Developer/Xcode/DerivedData/risebysolis-gzfsziqwziaggpcbgdowmssiasmi/Build/Products/Debug-iphonesimulator/React-microtasksnativemodule\"\ \"/Users/antoniogrillo-balen/Library/Developer/Xcode/DerivedData/risebysolis-gzfsziqwziaggpcbgdowmssiasmi/Build/Products/Debug-iphonesimulator/React-nativeconfig\"\ \"/Users/antoniogrillo-balen/Library/Developer/Xcode/DerivedData/risebysolis-gzfsziqwziaggpcbgdowmssiasmi/Build/Products/Debug-iphonesimulator/React-perflogger\"\ \"/Users/antoniogrillo-balen/Library/Developer/Xcode/DerivedData/risebysolis-gzfsziqwziaggpcbgdowmssiasmi/Build/Products/Debug-iphonesimulator/React-performancetimeline\"\ \"/Users/antoniogrillo-balen/Library/Developer/Xcode/DerivedData/risebysolis-gzfsziqwziaggpcbgdowmssiasmi/Build/Products/Debug-iphonesimulator/React-rendererconsistency\"\ \"/Users/antoniogrillo-balen/Library/Developer/Xcode/DerivedData/risebysolis-gzfsziqwziaggpcbgdowmssiasmi/Build/Products/Debug-iphonesimulator/React-rendererdebug\"\ \"/Users/antoniogrillo-balen/Library/Developer/Xcode/DerivedData/risebysolis-gzfsziqwziaggpcbgdowmssiasmi/Build/Products/Debug-iphonesimulator/React-runtimescheduler\"\ \"/Users/antoniogrillo-balen/Library/Developer/Xcode/DerivedData/risebysolis-gzfsziqwziaggpcbgdowmssiasmi/Build/Products/Debug-iphonesimulator/React-utils\"\ \"/Users/antoniogrillo-balen/Library/Developer/Xcode/DerivedData/risebysolis-gzfsziqwziaggpcbgdowmssiasmi/Build/Products/Debug-iphonesimulator/ReactCodegen\"\ \"/Users/antoniogrillo-balen/Library/Developer/Xcode/DerivedData/risebysolis-gzfsziqwziaggpcbgdowmssiasmi/Build/Products/Debug-iphonesimulator/ReactCommon\"\ \"/Users/antoniogrillo-balen/Library/Developer/Xcode/DerivedData/risebysolis-gzfsziqwziaggpcbgdowmssiasmi/Build/Products/Debug-iphonesimulator/RecaptchaInterop\"\ \"/Users/antoniogrillo-balen/Library/Developer/Xcode/DerivedData/risebysolis-gzfsziqwziaggpcbgdowmssiasmi/Build/Products/Debug-iphonesimulator/RevenueCat\"\ \"/Users/antoniogrillo-balen/Library/Developer/Xcode/DerivedData/risebysolis-gzfsziqwziaggpcbgdowmssiasmi/Build/Products/Debug-iphonesimulator/SocketRocket\"\ \"/Users/antoniogrillo-balen/Library/Developer/Xcode/DerivedData/risebysolis-gzfsziqwziaggpcbgdowmssiasmi/Build/Products/Debug-iphonesimulator/Yoga\"\ \"/Users/antoniogrillo-balen/Library/Developer/Xcode/DerivedData/risebysolis-gzfsziqwziaggpcbgdowmssiasmi/Build/Products/Debug-iphonesimulator/fmt\"\ \"/Users/antoniogrillo-balen/Library/Developer/Xcode/DerivedData/risebysolis-gzfsziqwziaggpcbgdowmssiasmi/Build/Products/Debug-iphonesimulator/glog\"\ \"/Users/antoniogrillo-balen/Library/Developer/Xcode/DerivedData/risebysolis-gzfsziqwziaggpcbgdowmssiasmi/Build/Products/Debug-iphonesimulator/react-native-mmkv\"\ \"/Users/antoniogrillo-balen/Library/Developer/Xcode/DerivedData/risebysolis-gzfsziqwziaggpcbgdowmssiasmi/Build/Products/Debug-iphonesimulator/react-native-safe-area-context\"\ \"/Users/antoniogrillo-balen/Desktop/Projects/RiseBuild/ios/Pods/hermes-engine/destroot/Library/Frameworks/universal\"\ \"/Users/antoniogrillo-balen/Library/Developer/Xcode/DerivedData/risebysolis-gzfsziqwziaggpcbgdowmssiasmi/Build/Products/Debug-iphonesimulator/XCFrameworkIntermediates/hermes-engine/Pre-built\"
    export FRAMEWORK_VERSION\=A
    export FULL_PRODUCT_NAME\=risebysolis.app
    export FUSE_BUILD_PHASES\=YES
    export FUSE_BUILD_SCRIPT_PHASES\=NO
    export GCC3_VERSION\=3.3
    export GCC_C_LANGUAGE_STANDARD\=gnu99
    export GCC_DYNAMIC_NO_PIC\=NO
    export GCC_INLINES_ARE_PRIVATE_EXTERN\=YES
    export GCC_NO_COMMON_BLOCKS\=YES
    export GCC_OBJC_LEGACY_DISPATCH\=YES
    export GCC_OPTIMIZATION_LEVEL\=0
    export GCC_PFE_FILE_C_DIALECTS\=c\ objective-c\ c++\ objective-c++
    export GCC_PREPROCESSOR_DEFINITIONS\=DEBUG\=1\ \ COCOAPODS\=1\ FB_SONARKIT_ENABLED\=1
    export GCC_SYMBOLS_PRIVATE_EXTERN\=NO
    export GCC_TREAT_WARNINGS_AS_ERRORS\=NO
    export GCC_VERSION\=com.apple.compilers.llvm.clang.1_0
    export GCC_VERSION_IDENTIFIER\=com_apple_compilers_llvm_clang_1_0
    export GCC_WARN_64_TO_32_BIT_CONVERSION\=YES
    export GCC_WARN_ABOUT_RETURN_TYPE\=YES_ERROR
    export GCC_WARN_UNDECLARED_SELECTOR\=YES
    export GCC_WARN_UNINITIALIZED_AUTOS\=YES_AGGRESSIVE
    export GCC_WARN_UNUSED_FUNCTION\=YES
    export GCC_WARN_UNUSED_VARIABLE\=YES
    export GENERATED_MODULEMAP_DIR\=/Users/antoniogrillo-balen/Library/Developer/Xcode/DerivedData/risebysolis-gzfsziqwziaggpcbgdowmssiasmi/Build/Intermediates.noindex/GeneratedModuleMaps-iphonesimulator
    export GENERATE_INFOPLIST_FILE\=NO
    export GENERATE_INTERMEDIATE_TEXT_BASED_STUBS\=YES
    export GENERATE_PKGINFO_FILE\=YES
    export GENERATE_PRELINK_OBJECT_FILE\=NO
    export GENERATE_PROFILING_CODE\=NO
    export GENERATE_TEXT_BASED_STUBS\=NO
    export GID\=20
    export GROUP\=staff
    export HEADERMAP_INCLUDES_FLAT_ENTRIES_FOR_TARGET_BEING_BUILT\=YES
    export HEADERMAP_INCLUDES_FRAMEWORK_ENTRIES_FOR_ALL_PRODUCT_TYPES\=YES
    export HEADERMAP_INCLUDES_FRAMEWORK_ENTRIES_FOR_TARGETS_NOT_BEING_BUILT\=YES
    export HEADERMAP_INCLUDES_NONPUBLIC_NONPRIVATE_HEADERS\=YES
    export HEADERMAP_INCLUDES_PROJECT_HEADERS\=YES
    export HEADERMAP_USES_FRAMEWORK_PREFIX_ENTRIES\=YES
    export HEADERMAP_USES_VFS\=NO
    export HEADER_SEARCH_PATHS\=/Users/antoniogrillo-balen/Library/Developer/Xcode/DerivedData/risebysolis-gzfsziqwziaggpcbgdowmssiasmi/Build/Products/Debug-iphonesimulator/include\ \ /Users/antoniogrillo-balen/Library/Developer/Xcode/DerivedData/risebysolis-gzfsziqwziaggpcbgdowmssiasmi/Build/Products/Debug-iphonesimulator/ReactCommon/ReactCommon.framework/Headers\ /Users/antoniogrillo-balen/Library/Developer/Xcode/DerivedData/risebysolis-gzfsziqwziaggpcbgdowmssiasmi/Build/Products/Debug-iphonesimulator/ReactCommon/ReactCommon.framework/Headers/react/nativemodule/core\ /Users/antoniogrillo-balen/Library/Developer/Xcode/DerivedData/risebysolis-gzfsziqwziaggpcbgdowmssiasmi/Build/Products/Debug-iphonesimulator/ReactCommon-Samples/ReactCommon_Samples.framework/Headers\ /Users/antoniogrillo-balen/Library/Developer/Xcode/DerivedData/risebysolis-gzfsziqwziaggpcbgdowmssiasmi/Build/Products/Debug-iphonesimulator/ReactCommon-Samples/ReactCommon_Samples.framework/Headers/platform/ios\ /Users/antoniogrillo-balen/Library/Developer/Xcode/DerivedData/risebysolis-gzfsziqwziaggpcbgdowmssiasmi/Build/Products/Debug-iphonesimulator/React-Fabric/React_Fabric.framework/Headers/react/renderer/components/view/platform/cxx\ /Users/antoniogrillo-balen/Library/Developer/Xcode/DerivedData/risebysolis-gzfsziqwziaggpcbgdowmssiasmi/Build/Products/Debug-iphonesimulator/React-NativeModulesApple/React_NativeModulesApple.framework/Headers\ /Users/antoniogrillo-balen/Library/Developer/Xcode/DerivedData/risebysolis-gzfsziqwziaggpcbgdowmssiasmi/Build/Products/Debug-iphonesimulator/React-graphics/React_graphics.framework/Headers\ /Users/antoniogrillo-balen/Library/Developer/Xcode/DerivedData/risebysolis-gzfsziqwziaggpcbgdowmssiasmi/Build/Products/Debug-iphonesimulator/React-graphics/React_graphics.framework/Headers/react/renderer/graphics/platform/ios\ \"/Users/antoniogrillo-balen/Library/Developer/Xcode/DerivedData/risebysolis-gzfsziqwziaggpcbgdowmssiasmi/Build/Products/Debug-iphonesimulator/AppAuth/AppAuth.framework/Headers\"\ \"/Users/antoniogrillo-balen/Library/Developer/Xcode/DerivedData/risebysolis-gzfsziqwziaggpcbgdowmssiasmi/Build/Products/Debug-iphonesimulator/AppCheckCore/AppCheckCore.framework/Headers\"\ \"/Users/antoniogrillo-balen/Library/Developer/Xcode/DerivedData/risebysolis-gzfsziqwziaggpcbgdowmssiasmi/Build/Products/Debug-iphonesimulator/DoubleConversion/DoubleConversion.framework/Headers\"\ \"/Users/antoniogrillo-balen/Library/Developer/Xcode/DerivedData/risebysolis-gzfsziqwziaggpcbgdowmssiasmi/Build/Products/Debug-iphonesimulator/EXApplication/EXApplication.framework/Headers\"\ \"/Users/antoniogrillo-balen/Library/Developer/Xcode/DerivedData/risebysolis-gzfsziqwziaggpcbgdowmssiasmi/Build/Products/Debug-iphonesimulator/EXConstants/EXConstants.framework/Headers\"\ \"/Users/antoniogrillo-balen/Library/Developer/Xcode/DerivedData/risebysolis-gzfsziqwziaggpcbgdowmssiasmi/Build/Products/Debug-iphonesimulator/EXNotifications/EXNotifications.framework/Headers\"\ \"/Users/antoniogrillo-balen/Library/Developer/Xcode/DerivedData/risebysolis-gzfsziqwziaggpcbgdowmssiasmi/Build/Products/Debug-iphonesimulator/Expo/Expo.framework/Headers\"\ \"/Users/antoniogrillo-balen/Library/Developer/Xcode/DerivedData/risebysolis-gzfsziqwziaggpcbgdowmssiasmi/Build/Products/Debug-iphonesimulator/ExpoAdapterGoogleSignIn/ExpoAdapterGoogleSignIn.framework/Headers\"\ \"/Users/antoniogrillo-balen/Library/Developer/Xcode/DerivedData/risebysolis-gzfsziqwziaggpcbgdowmssiasmi/Build/Products/Debug-iphonesimulator/ExpoAppleAuthentication/ExpoAppleAuthentication.framework/Headers\"\ \"/Users/antoniogrillo-balen/Library/Developer/Xcode/DerivedData/risebysolis-gzfsziqwziaggpcbgdowmssiasmi/Build/Products/Debug-iphonesimulator/ExpoAsset/ExpoAsset.framework/Headers\"\ \"/Users/antoniogrillo-balen/Library/Developer/Xcode/DerivedData/risebysolis-gzfsziqwziaggpcbgdowmssiasmi/Build/Products/Debug-iphonesimulator/ExpoCrypto/ExpoCrypto.framework/Headers\"\ \"/Users/antoniogrillo-balen/Library/Developer/Xcode/DerivedData/risebysolis-gzfsziqwziaggpcbgdowmssiasmi/Build/Products/Debug-iphonesimulator/ExpoFileSystem/ExpoFileSystem.framework/Headers\"\ \"/Users/antoniogrillo-balen/Library/Developer/Xcode/DerivedData/risebysolis-gzfsziqwziaggpcbgdowmssiasmi/Build/Products/Debug-iphonesimulator/ExpoFont/ExpoFont.framework/Headers\"\ \"/Users/antoniogrillo-balen/Library/Developer/Xcode/DerivedData/risebysolis-gzfsziqwziaggpcbgdowmssiasmi/Build/Products/Debug-iphonesimulator/ExpoHaptics/ExpoHaptics.framework/Headers\"\ \"/Users/antoniogrillo-balen/Library/Developer/Xcode/DerivedData/risebysolis-gzfsziqwziaggpcbgdowmssiasmi/Build/Products/Debug-iphonesimulator/ExpoHead/ExpoHead.framework/Headers\"\ \"/Users/antoniogrillo-balen/Library/Developer/Xcode/DerivedData/risebysolis-gzfsziqwziaggpcbgdowmssiasmi/Build/Products/Debug-iphonesimulator/ExpoKeepAwake/ExpoKeepAwake.framework/Headers\"\ \"/Users/antoniogrillo-balen/Library/Developer/Xcode/DerivedData/risebysolis-gzfsziqwziaggpcbgdowmssiasmi/Build/Products/Debug-iphonesimulator/ExpoLinking/ExpoLinking.framework/Headers\"\ \"/Users/antoniogrillo-balen/Library/Developer/Xcode/DerivedData/risebysolis-gzfsziqwziaggpcbgdowmssiasmi/Build/Products/Debug-iphonesimulator/ExpoModulesCore/ExpoModulesCore.framework/Headers\"\ \"/Users/antoniogrillo-balen/Library/Developer/Xcode/DerivedData/risebysolis-gzfsziqwziaggpcbgdowmssiasmi/Build/Products/Debug-iphonesimulator/ExpoSecureStore/ExpoSecureStore.framework/Headers\"\ \"/Users/antoniogrillo-balen/Library/Developer/Xcode/DerivedData/risebysolis-gzfsziqwziaggpcbgdowmssiasmi/Build/Products/Debug-iphonesimulator/ExpoSplashScreen/ExpoSplashScreen.framework/Headers\"\ \"/Users/antoniogrillo-balen/Library/Developer/Xcode/DerivedData/risebysolis-gzfsziqwziaggpcbgdowmssiasmi/Build/Products/Debug-iphonesimulator/FirebaseAppCheckInterop/FirebaseAppCheckInterop.framework/Headers\"\ \"/Users/antoniogrillo-balen/Library/Developer/Xcode/DerivedData/risebysolis-gzfsziqwziaggpcbgdowmssiasmi/Build/Products/Debug-iphonesimulator/FirebaseAuth/FirebaseAuth.framework/Headers\"\ \"/Users/antoniogrillo-balen/Library/Developer/Xcode/DerivedData/risebysolis-gzfsziqwziaggpcbgdowmssiasmi/Build/Products/Debug-iphonesimulator/FirebaseAuthInterop/FirebaseAuthInterop.framework/Headers\"\ \"/Users/antoniogrillo-balen/Library/Developer/Xcode/DerivedData/risebysolis-gzfsziqwziaggpcbgdowmssiasmi/Build/Products/Debug-iphonesimulator/FirebaseCore/FirebaseCore.framework/Headers\"\ \"/Users/antoniogrillo-balen/Library/Developer/Xcode/DerivedData/risebysolis-gzfsziqwziaggpcbgdowmssiasmi/Build/Products/Debug-iphonesimulator/FirebaseCoreExtension/FirebaseCoreExtension.framework/Headers\"\ \"/Users/antoniogrillo-balen/Library/Developer/Xcode/DerivedData/risebysolis-gzfsziqwziaggpcbgdowmssiasmi/Build/Products/Debug-iphonesimulator/FirebaseCoreInternal/FirebaseCoreInternal.framework/Headers\"\ \"/Users/antoniogrillo-balen/Library/Developer/Xcode/DerivedData/risebysolis-gzfsziqwziaggpcbgdowmssiasmi/Build/Products/Debug-iphonesimulator/GTMAppAuth/GTMAppAuth.framework/Headers\"\ \"/Users/antoniogrillo-balen/Library/Developer/Xcode/DerivedData/risebysolis-gzfsziqwziaggpcbgdowmssiasmi/Build/Products/Debug-iphonesimulator/GTMSessionFetcher/GTMSessionFetcher.framework/Headers\"\ \"/Users/antoniogrillo-balen/Library/Developer/Xcode/DerivedData/risebysolis-gzfsziqwziaggpcbgdowmssiasmi/Build/Products/Debug-iphonesimulator/GoogleSignIn/GoogleSignIn.framework/Headers\"\ \"/Users/antoniogrillo-balen/Library/Developer/Xcode/DerivedData/risebysolis-gzfsziqwziaggpcbgdowmssiasmi/Build/Products/Debug-iphonesimulator/GoogleUtilities/GoogleUtilities.framework/Headers\"\ \"/Users/antoniogrillo-balen/Library/Developer/Xcode/DerivedData/risebysolis-gzfsziqwziaggpcbgdowmssiasmi/Build/Products/Debug-iphonesimulator/PromisesObjC/FBLPromises.framework/Headers\"\ \"/Users/antoniogrillo-balen/Library/Developer/Xcode/DerivedData/risebysolis-gzfsziqwziaggpcbgdowmssiasmi/Build/Products/Debug-iphonesimulator/PurchasesHybridCommon/PurchasesHybridCommon.framework/Headers\"\ \"/Users/antoniogrillo-balen/Library/Developer/Xcode/DerivedData/risebysolis-gzfsziqwziaggpcbgdowmssiasmi/Build/Products/Debug-iphonesimulator/RCT-Folly/folly.framework/Headers\"\ \"/Users/antoniogrillo-balen/Library/Developer/Xcode/DerivedData/risebysolis-gzfsziqwziaggpcbgdowmssiasmi/Build/Products/Debug-iphonesimulator/RCTDeprecation/RCTDeprecation.framework/Headers\"\ \"/Users/antoniogrillo-balen/Library/Developer/Xcode/DerivedData/risebysolis-gzfsziqwziaggpcbgdowmssiasmi/Build/Products/Debug-iphonesimulator/RCTTypeSafety/RCTTypeSafety.framework/Headers\"\ \"/Users/antoniogrillo-balen/Library/Developer/Xcode/DerivedData/risebysolis-gzfsziqwziaggpcbgdowmssiasmi/Build/Products/Debug-iphonesimulator/RNFBApp/RNFBApp.framework/Headers\"\ \"/Users/antoniogrillo-balen/Library/Developer/Xcode/DerivedData/risebysolis-gzfsziqwziaggpcbgdowmssiasmi/Build/Products/Debug-iphonesimulator/RNFBAuth/RNFBAuth.framework/Headers\"\ \"/Users/antoniogrillo-balen/Library/Developer/Xcode/DerivedData/risebysolis-gzfsziqwziaggpcbgdowmssiasmi/Build/Products/Debug-iphonesimulator/RNGestureHandler/RNGestureHandler.framework/Headers\"\ \"/Users/antoniogrillo-balen/Library/Developer/Xcode/DerivedData/risebysolis-gzfsziqwziaggpcbgdowmssiasmi/Build/Products/Debug-iphonesimulator/RNGoogleSignin/RNGoogleSignin.framework/Headers\"\ \"/Users/antoniogrillo-balen/Library/Developer/Xcode/DerivedData/risebysolis-gzfsziqwziaggpcbgdowmssiasmi/Build/Products/Debug-iphonesimulator/RNPurchases/RNPurchases.framework/Headers\"\ \"/Users/antoniogrillo-balen/Library/Developer/Xcode/DerivedData/risebysolis-gzfsziqwziaggpcbgdowmssiasmi/Build/Products/Debug-iphonesimulator/RNReanimated/RNReanimated.framework/Headers\"\ \"/Users/antoniogrillo-balen/Library/Developer/Xcode/DerivedData/risebysolis-gzfsziqwziaggpcbgdowmssiasmi/Build/Products/Debug-iphonesimulator/RNScreens/RNScreens.framework/Headers\"\ \"/Users/antoniogrillo-balen/Library/Developer/Xcode/DerivedData/risebysolis-gzfsziqwziaggpcbgdowmssiasmi/Build/Products/Debug-iphonesimulator/React-Core/React.framework/Headers\"\ \"/Users/antoniogrillo-balen/Library/Developer/Xcode/DerivedData/risebysolis-gzfsziqwziaggpcbgdowmssiasmi/Build/Products/Debug-iphonesimulator/React-CoreModules/CoreModules.framework/Headers\"\ \"/Users/antoniogrillo-balen/Library/Developer/Xcode/DerivedData/risebysolis-gzfsziqwziaggpcbgdowmssiasmi/Build/Products/Debug-iphonesimulator/React-Fabric/React_Fabric.framework/Headers\"\ \"/Users/antoniogrillo-balen/Library/Developer/Xcode/DerivedData/risebysolis-gzfsziqwziaggpcbgdowmssiasmi/Build/Products/Debug-iphonesimulator/React-FabricComponents/React_FabricComponents.framework/Headers\"\ \"/Users/antoniogrillo-balen/Library/Developer/Xcode/DerivedData/risebysolis-gzfsziqwziaggpcbgdowmssiasmi/Build/Products/Debug-iphonesimulator/React-FabricImage/React_FabricImage.framework/Headers\"\ \"/Users/antoniogrillo-balen/Library/Developer/Xcode/DerivedData/risebysolis-gzfsziqwziaggpcbgdowmssiasmi/Build/Products/Debug-iphonesimulator/React-ImageManager/React_ImageManager.framework/Headers\"\ \"/Users/antoniogrillo-balen/Library/Developer/Xcode/DerivedData/risebysolis-gzfsziqwziaggpcbgdowmssiasmi/Build/Products/Debug-iphonesimulator/React-Mapbuffer/React_Mapbuffer.framework/Headers\"\ \"/Users/antoniogrillo-balen/Library/Developer/Xcode/DerivedData/risebysolis-gzfsziqwziaggpcbgdowmssiasmi/Build/Products/Debug-iphonesimulator/React-NativeModulesApple/React_NativeModulesApple.framework/Headers\"\ \"/Users/antoniogrillo-balen/Library/Developer/Xcode/DerivedData/risebysolis-gzfsziqwziaggpcbgdowmssiasmi/Build/Products/Debug-iphonesimulator/React-RCTAnimation/RCTAnimation.framework/Headers\"\ \"/Users/antoniogrillo-balen/Library/Developer/Xcode/DerivedData/risebysolis-gzfsziqwziaggpcbgdowmssiasmi/Build/Products/Debug-iphonesimulator/React-RCTAppDelegate/React_RCTAppDelegate.framework/Headers\"\ \"/Users/antoniogrillo-balen/Library/Developer/Xcode/DerivedData/risebysolis-gzfsziqwziaggpcbgdowmssiasmi/Build/Products/Debug-iphonesimulator/React-RCTBlob/RCTBlob.framework/Headers\"\ \"/Users/antoniogrillo-balen/Library/Developer/Xcode/DerivedData/risebysolis-gzfsziqwziaggpcbgdowmssiasmi/Build/Products/Debug-iphonesimulator/React-RCTFabric/RCTFabric.framework/Headers\"\ \"/Users/antoniogrillo-balen/Library/Developer/Xcode/DerivedData/risebysolis-gzfsziqwziaggpcbgdowmssiasmi/Build/Products/Debug-iphonesimulator/React-RCTImage/RCTImage.framework/Headers\"\ \"/Users/antoniogrillo-balen/Library/Developer/Xcode/DerivedData/risebysolis-gzfsziqwziaggpcbgdowmssiasmi/Build/Products/Debug-iphonesimulator/React-RCTLinking/RCTLinking.framework/Headers\"\ \"/Users/antoniogrillo-balen/Library/Developer/Xcode/DerivedData/risebysolis-gzfsziqwziaggpcbgdowmssiasmi/Build/Products/Debug-iphonesimulator/React-RCTNetwork/RCTNetwork.framework/Headers\"\ \"/Users/antoniogrillo-balen/Library/Developer/Xcode/DerivedData/risebysolis-gzfsziqwziaggpcbgdowmssiasmi/Build/Products/Debug-iphonesimulator/React-RCTSettings/RCTSettings.framework/Headers\"\ \"/Users/antoniogrillo-balen/Library/Developer/Xcode/DerivedData/risebysolis-gzfsziqwziaggpcbgdowmssiasmi/Build/Products/Debug-iphonesimulator/React-RCTText/RCTText.framework/Headers\"\ \"/Users/antoniogrillo-balen/Library/Developer/Xcode/DerivedData/risebysolis-gzfsziqwziaggpcbgdowmssiasmi/Build/Products/Debug-iphonesimulator/React-RCTVibration/RCTVibration.framework/Headers\"\ \"/Users/antoniogrillo-balen/Library/Developer/Xcode/DerivedData/risebysolis-gzfsziqwziaggpcbgdowmssiasmi/Build/Products/Debug-iphonesimulator/React-RuntimeApple/React_RuntimeApple.framework/Headers\"\ \"/Users/antoniogrillo-balen/Library/Developer/Xcode/DerivedData/risebysolis-gzfsziqwziaggpcbgdowmssiasmi/Build/Products/Debug-iphonesimulator/React-RuntimeCore/React_RuntimeCore.framework/Headers\"\ \"/Users/antoniogrillo-balen/Library/Developer/Xcode/DerivedData/risebysolis-gzfsziqwziaggpcbgdowmssiasmi/Build/Products/Debug-iphonesimulator/React-RuntimeHermes/React_RuntimeHermes.framework/Headers\"\ \"/Users/antoniogrillo-balen/Library/Developer/Xcode/DerivedData/risebysolis-gzfsziqwziaggpcbgdowmssiasmi/Build/Products/Debug-iphonesimulator/React-cxxreact/cxxreact.framework/Headers\"\ \"/Users/antoniogrillo-balen/Library/Developer/Xcode/DerivedData/risebysolis-gzfsziqwziaggpcbgdowmssiasmi/Build/Products/Debug-iphonesimulator/React-debug/React_debug.framework/Headers\"\ \"/Users/antoniogrillo-balen/Library/Developer/Xcode/DerivedData/risebysolis-gzfsziqwziaggpcbgdowmssiasmi/Build/Products/Debug-iphonesimulator/React-defaultsnativemodule/React_defaultsnativemodule.framework/Headers\"\ \"/Users/antoniogrillo-balen/Library/Developer/Xcode/DerivedData/risebysolis-gzfsziqwziaggpcbgdowmssiasmi/Build/Products/Debug-iphonesimulator/React-domnativemodule/React_domnativemodule.framework/Headers\"\ \"/Users/antoniogrillo-balen/Library/Developer/Xcode/DerivedData/risebysolis-gzfsziqwziaggpcbgdowmssiasmi/Build/Products/Debug-iphonesimulator/React-featureflags/React_featureflags.framework/Headers\"\ \"/Users/antoniogrillo-balen/Library/Developer/Xcode/DerivedData/risebysolis-gzfsziqwziaggpcbgdowmssiasmi/Build/Products/Debug-iphonesimulator/React-featureflagsnativemodule/React_featureflagsnativemodule.framework/Headers\"\ \"/Users/antoniogrillo-balen/Library/Developer/Xcode/DerivedData/risebysolis-gzfsziqwziaggpcbgdowmssiasmi/Build/Products/Debug-iphonesimulator/React-graphics/React_graphics.framework/Headers\"\ \"/Users/antoniogrillo-balen/Library/Developer/Xcode/DerivedData/risebysolis-gzfsziqwziaggpcbgdowmssiasmi/Build/Products/Debug-iphonesimulator/React-hermes/reacthermes.framework/Headers\"\ \"/Users/antoniogrillo-balen/Library/Developer/Xcode/DerivedData/risebysolis-gzfsziqwziaggpcbgdowmssiasmi/Build/Products/Debug-iphonesimulator/React-idlecallbacksnativemodule/idlecallbacksnativemodule.framework/Headers\"\ \"/Users/antoniogrillo-balen/Library/Developer/Xcode/DerivedData/risebysolis-gzfsziqwziaggpcbgdowmssiasmi/Build/Products/Debug-iphonesimulator/React-jserrorhandler/React_jserrorhandler.framework/Headers\"\ \"/Users/antoniogrillo-balen/Library/Developer/Xcode/DerivedData/risebysolis-gzfsziqwziaggpcbgdowmssiasmi/Build/Products/Debug-iphonesimulator/React-jsi/jsi.framework/Headers\"\ \"/Users/antoniogrillo-balen/Library/Developer/Xcode/DerivedData/risebysolis-gzfsziqwziaggpcbgdowmssiasmi/Build/Products/Debug-iphonesimulator/React-jsiexecutor/jsireact.framework/Headers\"\ \"/Users/antoniogrillo-balen/Library/Developer/Xcode/DerivedData/risebysolis-gzfsziqwziaggpcbgdowmssiasmi/Build/Products/Debug-iphonesimulator/React-jsinspector/jsinspector_modern.framework/Headers\"\ \"/Users/antoniogrillo-balen/Library/Developer/Xcode/DerivedData/risebysolis-gzfsziqwziaggpcbgdowmssiasmi/Build/Products/Debug-iphonesimulator/React-logger/logger.framework/Headers\"\ \"/Users/antoniogrillo-balen/Library/Developer/Xcode/DerivedData/risebysolis-gzfsziqwziaggpcbgdowmssiasmi/Build/Products/Debug-iphonesimulator/React-microtasksnativemodule/React_microtasksnativemodule.framework/Headers\"\ \"/Users/antoniogrillo-balen/Library/Developer/Xcode/DerivedData/risebysolis-gzfsziqwziaggpcbgdowmssiasmi/Build/Products/Debug-iphonesimulator/React-nativeconfig/React_nativeconfig.framework/Headers\"\ \"/Users/antoniogrillo-balen/Library/Developer/Xcode/DerivedData/risebysolis-gzfsziqwziaggpcbgdowmssiasmi/Build/Products/Debug-iphonesimulator/React-perflogger/reactperflogger.framework/Headers\"\ \"/Users/antoniogrillo-balen/Library/Developer/Xcode/DerivedData/risebysolis-gzfsziqwziaggpcbgdowmssiasmi/Build/Products/Debug-iphonesimulator/React-performancetimeline/React_performancetimeline.framework/Headers\"\ \"/Users/antoniogrillo-balen/Library/Developer/Xcode/DerivedData/risebysolis-gzfsziqwziaggpcbgdowmssiasmi/Build/Products/Debug-iphonesimulator/React-rendererconsistency/React_rendererconsistency.framework/Headers\"\ \"/Users/antoniogrillo-balen/Library/Developer/Xcode/DerivedData/risebysolis-gzfsziqwziaggpcbgdowmssiasmi/Build/Products/Debug-iphonesimulator/React-rendererdebug/React_rendererdebug.framework/Headers\"\ \"/Users/antoniogrillo-balen/Library/Developer/Xcode/DerivedData/risebysolis-gzfsziqwziaggpcbgdowmssiasmi/Build/Products/Debug-iphonesimulator/React-runtimescheduler/React_runtimescheduler.framework/Headers\"\ \"/Users/antoniogrillo-balen/Library/Developer/Xcode/DerivedData/risebysolis-gzfsziqwziaggpcbgdowmssiasmi/Build/Products/Debug-iphonesimulator/React-utils/React_utils.framework/Headers\"\ \"/Users/antoniogrillo-balen/Library/Developer/Xcode/DerivedData/risebysolis-gzfsziqwziaggpcbgdowmssiasmi/Build/Products/Debug-iphonesimulator/ReactCodegen/ReactCodegen.framework/Headers\"\ \"/Users/antoniogrillo-balen/Library/Developer/Xcode/DerivedData/risebysolis-gzfsziqwziaggpcbgdowmssiasmi/Build/Products/Debug-iphonesimulator/ReactCommon/ReactCommon.framework/Headers\"\ \"/Users/antoniogrillo-balen/Library/Developer/Xcode/DerivedData/risebysolis-gzfsziqwziaggpcbgdowmssiasmi/Build/Products/Debug-iphonesimulator/RecaptchaInterop/RecaptchaInterop.framework/Headers\"\ \"/Users/antoniogrillo-balen/Library/Developer/Xcode/DerivedData/risebysolis-gzfsziqwziaggpcbgdowmssiasmi/Build/Products/Debug-iphonesimulator/RevenueCat/RevenueCat.framework/Headers\"\ \"/Users/antoniogrillo-balen/Library/Developer/Xcode/DerivedData/risebysolis-gzfsziqwziaggpcbgdowmssiasmi/Build/Products/Debug-iphonesimulator/SocketRocket/SocketRocket.framework/Headers\"\ \"/Users/antoniogrillo-balen/Library/Developer/Xcode/DerivedData/risebysolis-gzfsziqwziaggpcbgdowmssiasmi/Build/Products/Debug-iphonesimulator/Yoga/yoga.framework/Headers\"\ \"/Users/antoniogrillo-balen/Library/Developer/Xcode/DerivedData/risebysolis-gzfsziqwziaggpcbgdowmssiasmi/Build/Products/Debug-iphonesimulator/fmt/fmt.framework/Headers\"\ \"/Users/antoniogrillo-balen/Library/Developer/Xcode/DerivedData/risebysolis-gzfsziqwziaggpcbgdowmssiasmi/Build/Products/Debug-iphonesimulator/glog/glog.framework/Headers\"\ \"/Users/antoniogrillo-balen/Library/Developer/Xcode/DerivedData/risebysolis-gzfsziqwziaggpcbgdowmssiasmi/Build/Products/Debug-iphonesimulator/react-native-mmkv/react_native_mmkv.framework/Headers\"\ \"/Users/antoniogrillo-balen/Library/Developer/Xcode/DerivedData/risebysolis-gzfsziqwziaggpcbgdowmssiasmi/Build/Products/Debug-iphonesimulator/react-native-safe-area-context/react_native_safe_area_context.framework/Headers\"\ \"/Users/antoniogrillo-balen/Desktop/Projects/RiseBuild/ios/Pods/Headers/Public\"\ \"/Users/antoniogrillo-balen/Desktop/Projects/RiseBuild/ios/Pods/Headers/Public/FBLazyVector\"\ \"/Users/antoniogrillo-balen/Desktop/Projects/RiseBuild/ios/Pods/Headers/Public/Firebase\"\ \"/Users/antoniogrillo-balen/Desktop/Projects/RiseBuild/ios/Pods/Headers/Public/RCTRequired\"\ \"/Users/antoniogrillo-balen/Desktop/Projects/RiseBuild/ios/Pods/Headers/Public/React-callinvoker\"\ \"/Users/antoniogrillo-balen/Desktop/Projects/RiseBuild/ios/Pods/Headers/Public/React-runtimeexecutor\"\ \"/Users/antoniogrillo-balen/Desktop/Projects/RiseBuild/ios/Pods/Headers/Public/React-timing\"\ \"/Users/antoniogrillo-balen/Desktop/Projects/RiseBuild/ios/Pods/Headers/Public/boost\"\ \"/Users/antoniogrillo-balen/Desktop/Projects/RiseBuild/ios/Pods/Headers/Public/fast_float\"\ \"/Users/antoniogrillo-balen/Desktop/Projects/RiseBuild/ios/Pods/Headers/Public/hermes-engine\"\ \"/Users/antoniogrillo-balen/Desktop/Projects/RiseBuild/ios/Pods/DoubleConversion\"\ \"/Users/antoniogrillo-balen/Library/Developer/Xcode/DerivedData/risebysolis-gzfsziqwziaggpcbgdowmssiasmi/Build/Products/Debug-iphonesimulator/Expo/Swift\ Compatibility\ Header\"\ \"/Users/antoniogrillo-balen/Library/Developer/Xcode/DerivedData/risebysolis-gzfsziqwziaggpcbgdowmssiasmi/Build/Products/Debug-iphonesimulator/ExpoModulesCore/Swift\ Compatibility\ Header\"\ \"/Users/antoniogrillo-balen/Desktop/Projects/RiseBuild/ios/Pods/Headers/Private/Yoga\"\ \ /Users/antoniogrillo-balen/Library/Developer/Xcode/DerivedData/risebysolis-gzfsziqwziaggpcbgdowmssiasmi/Build/Products/Debug-iphonesimulator/ReactCommon/ReactCommon.framework/Headers\ /Users/antoniogrillo-balen/Library/Developer/Xcode/DerivedData/risebysolis-gzfsziqwziaggpcbgdowmssiasmi/Build/Products/Debug-iphonesimulator/ReactCommon/ReactCommon.framework/Headers/react/nativemodule/core\ /Users/antoniogrillo-balen/Library/Developer/Xcode/DerivedData/risebysolis-gzfsziqwziaggpcbgdowmssiasmi/Build/Products/Debug-iphonesimulator/ReactCommon-Samples/ReactCommon_Samples.framework/Headers\ /Users/antoniogrillo-balen/Library/Developer/Xcode/DerivedData/risebysolis-gzfsziqwziaggpcbgdowmssiasmi/Build/Products/Debug-iphonesimulator/ReactCommon-Samples/ReactCommon_Samples.framework/Headers/platform/ios\ /Users/antoniogrillo-balen/Library/Developer/Xcode/DerivedData/risebysolis-gzfsziqwziaggpcbgdowmssiasmi/Build/Products/Debug-iphonesimulator/React-Fabric/React_Fabric.framework/Headers/react/renderer/components/view/platform/cxx\ /Users/antoniogrillo-balen/Library/Developer/Xcode/DerivedData/risebysolis-gzfsziqwziaggpcbgdowmssiasmi/Build/Products/Debug-iphonesimulator/React-NativeModulesApple/React_NativeModulesApple.framework/Headers\ /Users/antoniogrillo-balen/Library/Developer/Xcode/DerivedData/risebysolis-gzfsziqwziaggpcbgdowmssiasmi/Build/Products/Debug-iphonesimulator/React-graphics/React_graphics.framework/Headers\ /Users/antoniogrillo-balen/Library/Developer/Xcode/DerivedData/risebysolis-gzfsziqwziaggpcbgdowmssiasmi/Build/Products/Debug-iphonesimulator/React-graphics/React_graphics.framework/Headers/react/renderer/graphics/platform/ios\ /Users/antoniogrillo-balen/Desktop/Projects/RiseBuild/ios/Pods/Firebase/CoreOnly/Sources\ \"/Users/antoniogrillo-balen/Desktop/Projects/RiseBuild/ios/Pods/boost\"\ \"/Users/antoniogrillo-balen/Desktop/Projects/RiseBuild/ios/Pods/boost\"\ \"/Users/antoniogrillo-balen/Desktop/Projects/RiseBuild/ios/Pods/boost-for-react-native\"\ \"/Users/antoniogrillo-balen/Desktop/Projects/RiseBuild/ios/Pods/glog\"\ \"/Users/antoniogrillo-balen/Desktop/Projects/RiseBuild/ios/Pods/RCT-Folly\"\ \"/Users/antoniogrillo-balen/Desktop/Projects/RiseBuild/ios/Pods/Headers/Public/React-hermes\"\ \"/Users/antoniogrillo-balen/Desktop/Projects/RiseBuild/ios/Pods/Headers/Public/hermes-engine\"\ \"/Users/antoniogrillo-balen/Desktop/Projects/RiseBuild/ios/Pods/../../node_modules/react-native/ReactCommon\"\ \"/Users/antoniogrillo-balen/Desktop/Projects/RiseBuild/ios/Pods/../../node_modules/react-native-reanimated/apple\"\ \"/Users/antoniogrillo-balen/Desktop/Projects/RiseBuild/ios/Pods/../../node_modules/react-native-reanimated/Common/cpp\"\ \"/Users/antoniogrillo-balen/Desktop/Projects/RiseBuild/ios/Pods/Headers/Private/React-Core\"\ \"/Users/antoniogrillo-balen/Desktop/Projects/RiseBuild/ios/Pods/Headers/Private/React-Core\"\ \"/Users/antoniogrillo-balen/Desktop/Projects/RiseBuild/ios/Pods/Headers/Private/Yoga\"
    export HOME\=/Users/antoniogrillo-balen
    export HOST_ARCH\=arm64
    export HOST_PLATFORM\=macosx
    export ICONV\=/usr/bin/iconv
    export IMPLICIT_DEPENDENCY_DOMAIN\=default
    export INDEX_STORE_COMPRESS\=NO
    export INDEX_STORE_ONLY_PROJECT_FILES\=NO
    export INFOPLIST_ENABLE_CFBUNDLEICONS_MERGE\=YES
    export INFOPLIST_EXPAND_BUILD_SETTINGS\=YES
    export INFOPLIST_FILE\=risebysolis/Info.plist
    export INFOPLIST_OUTPUT_FORMAT\=binary
    export INFOPLIST_PATH\=risebysolis.app/Info.plist
    export INFOPLIST_PREPROCESS\=NO
    export INFOSTRINGS_PATH\=risebysolis.app/en.lproj/InfoPlist.strings
    export INLINE_PRIVATE_FRAMEWORKS\=NO
    export INSTALLAPI_IGNORE_SKIP_INSTALL\=YES
    export INSTALLHDRS_COPY_PHASE\=NO
    export INSTALLHDRS_SCRIPT_PHASE\=NO
    export INSTALL_DIR\=/tmp/risebysolis.dst/Applications
    export INSTALL_GROUP\=staff
    export INSTALL_MODE_FLAG\=u+w,go-w,a+rX
    export INSTALL_OWNER\=antoniogrillo-balen
    export INSTALL_PATH\=/Applications
    export INSTALL_ROOT\=/tmp/risebysolis.dst
    export IPHONEOS_DEPLOYMENT_TARGET\=15.1
    export IS_UNOPTIMIZED_BUILD\=YES
    export JAVAC_DEFAULT_FLAGS\=-J-Xms64m\ -J-XX:NewSize\=4M\ -J-Dfile.encoding\=UTF8
    export JAVA_APP_STUB\=/System/Library/Frameworks/JavaVM.framework/Resources/MacOS/JavaApplicationStub
    export JAVA_ARCHIVE_CLASSES\=YES
    export JAVA_ARCHIVE_TYPE\=JAR
    export JAVA_COMPILER\=/usr/bin/javac
    export JAVA_FOLDER_PATH\=risebysolis.app/Java
    export JAVA_FRAMEWORK_RESOURCES_DIRS\=Resources
    export JAVA_JAR_FLAGS\=cv
    export JAVA_SOURCE_SUBDIR\=.
    export JAVA_USE_DEPENDENCIES\=YES
    export JAVA_ZIP_FLAGS\=-urg
    export JIKES_DEFAULT_FLAGS\=+E\ +OLDCSO
    export KEEP_PRIVATE_EXTERNS\=NO
    export LD_DEPENDENCY_INFO_FILE\=/Users/antoniogrillo-balen/Library/Developer/Xcode/DerivedData/risebysolis-gzfsziqwziaggpcbgdowmssiasmi/Build/Intermediates.noindex/risebysolis.build/Debug-iphonesimulator/risebysolis.build/Objects-normal/undefined_arch/risebysolis_dependency_info.dat
    export LD_ENTITLEMENTS_SECTION\=/Users/antoniogrillo-balen/Library/Developer/Xcode/DerivedData/risebysolis-gzfsziqwziaggpcbgdowmssiasmi/Build/Intermediates.noindex/risebysolis.build/Debug-iphonesimulator/risebysolis.build/risebysolis.app-Simulated.xcent
    export LD_ENTITLEMENTS_SECTION_DER\=/Users/antoniogrillo-balen/Library/Developer/Xcode/DerivedData/risebysolis-gzfsziqwziaggpcbgdowmssiasmi/Build/Intermediates.noindex/risebysolis.build/Debug-iphonesimulator/risebysolis.build/risebysolis.app-Simulated.xcent.der
    export LD_EXPORT_SYMBOLS\=YES
    export LD_GENERATE_MAP_FILE\=NO
    export LD_MAP_FILE_PATH\=/Users/antoniogrillo-balen/Library/Developer/Xcode/DerivedData/risebysolis-gzfsziqwziaggpcbgdowmssiasmi/Build/Intermediates.noindex/risebysolis.build/Debug-iphonesimulator/risebysolis.build/risebysolis-LinkMap-normal-undefined_arch.txt
    export LD_NO_PIE\=NO
    export LD_QUOTE_LINKER_ARGUMENTS_FOR_COMPILER_DRIVER\=YES
    export LD_RUNPATH_SEARCH_PATHS\=/usr/lib/swift\ \ /usr/lib/swift\ \'@executable_path/Frameworks\'\ \'@loader_path/Frameworks\'\ @executable_path/Frameworks
    export LD_RUNPATH_SEARCH_PATHS_YES\=@loader_path/../Frameworks
    export LD_SHARED_CACHE_ELIGIBLE\=Automatic
    export LD_WARN_DUPLICATE_LIBRARIES\=NO
    export LD_WARN_UNUSED_DYLIBS\=NO
    export LEGACY_DEVELOPER_DIR\=/Applications/Xcode.app/Contents/PlugIns/Xcode3Core.ideplugin/Contents/SharedSupport/Developer
    export LEX\=lex
    export LIBRARY_DEXT_INSTALL_PATH\=/Library/DriverExtensions
    export LIBRARY_FLAG_NOSPACE\=YES
    export LIBRARY_FLAG_PREFIX\=-l
    export LIBRARY_KEXT_INSTALL_PATH\=/Library/Extensions
    export LIBRARY_SEARCH_PATHS\=/Users/antoniogrillo-balen/Library/Developer/Xcode/DerivedData/risebysolis-gzfsziqwziaggpcbgdowmssiasmi/Build/Products/Debug-iphonesimulator\ /Applications/Xcode.app/Contents/Developer/Platforms/iPhoneSimulator.platform/Developer/SDKs/iPhoneSimulator26.5.sdk/usr/lib/swift\ /Applications/Xcode.app/Contents/Developer/Toolchains/XcodeDefault.xctoolchain/usr/lib/swift/iphonesimulator\ /Applications/Xcode.app/Contents/Developer/Platforms/iPhoneSimulator.platform/Developer/SDKs/iPhoneSimulator26.5.sdk/usr/lib/swift
    export LINKER_DISPLAYS_MANGLED_NAMES\=NO
    export LINK_FILE_LIST_normal_arm64\=/Users/antoniogrillo-balen/Library/Developer/Xcode/DerivedData/risebysolis-gzfsziqwziaggpcbgdowmssiasmi/Build/Intermediates.noindex/risebysolis.build/Debug-iphonesimulator/risebysolis.build/Objects-normal/arm64/risebysolis.LinkFileList
    export LINK_OBJC_RUNTIME\=YES
    export LINK_WITH_STANDARD_LIBRARIES\=YES
    export LLVM_TARGET_TRIPLE_OS_VERSION\=ios15.1
    export LLVM_TARGET_TRIPLE_SUFFIX\=-simulator
    export LLVM_TARGET_TRIPLE_VENDOR\=apple
    export LM_AUX_CONST_METADATA_LIST_PATH_normal_arm64\=/Users/antoniogrillo-balen/Library/Developer/Xcode/DerivedData/risebysolis-gzfsziqwziaggpcbgdowmssiasmi/Build/Intermediates.noindex/risebysolis.build/Debug-iphonesimulator/risebysolis.build/Objects-normal/arm64/risebysolis.SwiftConstValuesFileList
    export LOCALIZATION_EXPORT_SUPPORTED\=YES
    export LOCALIZATION_PREFERS_STRING_CATALOGS\=NO
    export LOCALIZED_RESOURCES_FOLDER_PATH\=risebysolis.app/en.lproj
    export LOCALIZED_STRING_CODE_COMMENTS\=NO
    export LOCALIZED_STRING_MACRO_NAMES\=NSLocalizedString\ CFCopyLocalizedString
    export LOCALIZED_STRING_SWIFTUI_SUPPORT\=YES
    export LOCAL_ADMIN_APPS_DIR\=/Applications/Utilities
    export LOCAL_APPS_DIR\=/Applications
    export LOCAL_DEVELOPER_DIR\=/Library/Developer
    export LOCAL_LIBRARY_DIR\=/Library
    export LOCROOT\=/Users/antoniogrillo-balen/Desktop/Projects/RiseBuild/ios
    export LOCSYMROOT\=/Users/antoniogrillo-balen/Desktop/Projects/RiseBuild/ios
    export MACH_O_TYPE\=mh_execute
    export MAC_OS_X_PRODUCT_BUILD_VERSION\=25E253
    export MAC_OS_X_VERSION_ACTUAL\=260401
    export MAC_OS_X_VERSION_MAJOR\=260000
    export MAC_OS_X_VERSION_MINOR\=260400
    export MAKE_MERGEABLE\=NO
    export MARKETING_VERSION\=1.0
    export MERGEABLE_LIBRARY\=NO
    export MERGED_BINARY_TYPE\=none
    export MERGE_LINKED_LIBRARIES\=NO
    export METAL_LIBRARY_FILE_BASE\=default
    export METAL_LIBRARY_OUTPUT_DIR\=/Users/antoniogrillo-balen/Library/Developer/Xcode/DerivedData/risebysolis-gzfsziqwziaggpcbgdowmssiasmi/Build/Products/Debug-iphonesimulator/risebysolis.app
    export MODULES_FOLDER_PATH\=risebysolis.app/Modules
    export MODULE_CACHE_DIR\=/Users/antoniogrillo-balen/Library/Developer/Xcode/DerivedData/ModuleCache.noindex
    export MTL_ENABLE_DEBUG_INFO\=YES
    export NATIVE_ARCH\=arm64
    export NATIVE_ARCH_32_BIT\=arm
    export NATIVE_ARCH_64_BIT\=arm64
    export NATIVE_ARCH_ACTUAL\=arm64
    export NO_COMMON\=YES
    export OBJC_ABI_VERSION\=2
    export OBJECT_FILE_DIR\=/Users/antoniogrillo-balen/Library/Developer/Xcode/DerivedData/risebysolis-gzfsziqwziaggpcbgdowmssiasmi/Build/Intermediates.noindex/risebysolis.build/Debug-iphonesimulator/risebysolis.build/Objects
    export OBJECT_FILE_DIR_normal\=/Users/antoniogrillo-balen/Library/Developer/Xcode/DerivedData/risebysolis-gzfsziqwziaggpcbgdowmssiasmi/Build/Intermediates.noindex/risebysolis.build/Debug-iphonesimulator/risebysolis.build/Objects-normal
    export OBJROOT\=/Users/antoniogrillo-balen/Library/Developer/Xcode/DerivedData/risebysolis-gzfsziqwziaggpcbgdowmssiasmi/Build/Intermediates.noindex
    export ONLY_ACTIVE_ARCH\=YES
    export OS\=MACOS
    export OSAC\=/usr/bin/osacompile
    export OTHER_CFLAGS\=\ -DFOLLY_NO_CONFIG\ -DFOLLY_MOBILE\=1\ -DFOLLY_USE_LIBCPP\=1\ -Wno-comma\ -Wno-shorten-64-to-32\ -DREACT_NATIVE_MINOR_VERSION\=76\ \ \ -DREANIMATED_VERSION\=3.16.7
    export OTHER_CPLUSPLUSFLAGS\=\ -DFOLLY_NO_CONFIG\ -DFOLLY_MOBILE\=1\ -DFOLLY_USE_LIBCPP\=1\ -Wno-comma\ -Wno-shorten-64-to-32\ -DREACT_NATIVE_MINOR_VERSION\=76\ \ \ -DREANIMATED_VERSION\=3.16.7\ -DFOLLY_NO_CONFIG\ -DFOLLY_MOBILE\=1\ -DFOLLY_USE_LIBCPP\=1\ -DFOLLY_CFG_NO_COROUTINES\=1\ -DFOLLY_HAVE_CLOCK_GETTIME\=1\ -Wno-comma\ -Wno-shorten-64-to-32
    export OTHER_LDFLAGS\=\ \ \ -ObjC\ -l\"c++\"\ -l\"c++abi\"\ -l\"icucore\"\ -l\"z\"\ -framework\ \"Accelerate\"\ -framework\ \"AppAuth\"\ -framework\ \"AppCheckCore\"\ -framework\ \"AudioToolbox\"\ -framework\ \"CFNetwork\"\ -framework\ \"CoreGraphics\"\ -framework\ \"CoreModules\"\ -framework\ \"CoreText\"\ -framework\ \"DoubleConversion\"\ -framework\ \"EXApplication\"\ -framework\ \"EXConstants\"\ -framework\ \"EXNotifications\"\ -framework\ \"Expo\"\ -framework\ \"ExpoAdapterGoogleSignIn\"\ -framework\ \"ExpoAppleAuthentication\"\ -framework\ \"ExpoAsset\"\ -framework\ \"ExpoCrypto\"\ -framework\ \"ExpoFileSystem\"\ -framework\ \"ExpoFont\"\ -framework\ \"ExpoHaptics\"\ -framework\ \"ExpoHead\"\ -framework\ \"ExpoKeepAwake\"\ -framework\ \"ExpoLinking\"\ -framework\ \"ExpoModulesCore\"\ -framework\ \"ExpoSecureStore\"\ -framework\ \"ExpoSplashScreen\"\ -framework\ \"FBLPromises\"\ -framework\ \"FirebaseAppCheckInterop\"\ -framework\ \"FirebaseAuth\"\ -framework\ \"FirebaseAuthInterop\"\ -framework\ \"FirebaseCore\"\ -framework\ \"FirebaseCoreExtension\"\ -framework\ \"FirebaseCoreInternal\"\ -framework\ \"Foundation\"\ -framework\ \"GTMAppAuth\"\ -framework\ \"GTMSessionFetcher\"\ -framework\ \"GoogleSignIn\"\ -framework\ \"GoogleUtilities\"\ -framework\ \"ImageIO\"\ -framework\ \"JavaScriptCore\"\ -framework\ \"LocalAuthentication\"\ -framework\ \"MobileCoreServices\"\ -framework\ \"PurchasesHybridCommon\"\ -framework\ \"QuartzCore\"\ -framework\ \"RCTAnimation\"\ -framework\ \"RCTBlob\"\ -framework\ \"RCTDeprecation\"\ -framework\ \"RCTFabric\"\ -framework\ \"RCTImage\"\ -framework\ \"RCTLinking\"\ -framework\ \"RCTNetwork\"\ -framework\ \"RCTSettings\"\ -framework\ \"RCTText\"\ -framework\ \"RCTTypeSafety\"\ -framework\ \"RCTVibration\"\ -framework\ \"RNFBApp\"\ -framework\ \"RNFBAuth\"\ -framework\ \"RNGestureHandler\"\ -framework\ \"RNGoogleSignin\"\ -framework\ \"RNPurchases\"\ -framework\ \"RNReanimated\"\ -framework\ \"RNScreens\"\ -framework\ \"React\"\ -framework\ \"ReactCodegen\"\ -framework\ \"ReactCommon\"\ -framework\ \"React_Fabric\"\ -framework\ \"React_FabricComponents\"\ -framework\ \"React_FabricImage\"\ -framework\ \"React_ImageManager\"\ -framework\ \"React_Mapbuffer\"\ -framework\ \"React_NativeModulesApple\"\ -framework\ \"React_RCTAppDelegate\"\ -framework\ \"React_RuntimeApple\"\ -framework\ \"React_RuntimeCore\"\ -framework\ \"React_RuntimeHermes\"\ -framework\ \"React_debug\"\ -framework\ \"React_defaultsnativemodule\"\ -framework\ \"React_domnativemodule\"\ -framework\ \"React_featureflags\"\ -framework\ \"React_featureflagsnativemodule\"\ -framework\ \"React_graphics\"\ -framework\ \"React_jserrorhandler\"\ -framework\ \"React_microtasksnativemodule\"\ -framework\ \"React_nativeconfig\"\ -framework\ \"React_performancetimeline\"\ -framework\ \"React_rendererconsistency\"\ -framework\ \"React_rendererdebug\"\ -framework\ \"React_runtimescheduler\"\ -framework\ \"React_utils\"\ -framework\ \"RecaptchaInterop\"\ -framework\ \"RevenueCat\"\ -framework\ \"SafariServices\"\ -framework\ \"Security\"\ -framework\ \"SocketRocket\"\ -framework\ \"StoreKit\"\ -framework\ \"SystemConfiguration\"\ -framework\ \"UIKit\"\ -framework\ \"cxxreact\"\ -framework\ \"fmt\"\ -framework\ \"folly\"\ -framework\ \"glog\"\ -framework\ \"hermes\"\ -framework\ \"idlecallbacksnativemodule\"\ -framework\ \"jsi\"\ -framework\ \"jsinspector_modern\"\ -framework\ \"jsireact\"\ -framework\ \"logger\"\ -framework\ \"react_native_mmkv\"\ -framework\ \"react_native_safe_area_context\"\ -framework\ \"reacthermes\"\ -framework\ \"reactperflogger\"\ -framework\ \"yoga\"\ -weak_framework\ \"AuthenticationServices\"\ -weak_framework\ \"DeviceCheck\"\ -ObjC\ -lc++
    export OTHER_MODULE_VERIFIER_FLAGS\=\ \"-F/Users/antoniogrillo-balen/Library/Developer/Xcode/DerivedData/risebysolis-gzfsziqwziaggpcbgdowmssiasmi/Build/Products/Debug-iphonesimulator/AppAuth\"\ \"-F/Users/antoniogrillo-balen/Library/Developer/Xcode/DerivedData/risebysolis-gzfsziqwziaggpcbgdowmssiasmi/Build/Products/Debug-iphonesimulator/AppCheckCore\"\ \"-F/Users/antoniogrillo-balen/Library/Developer/Xcode/DerivedData/risebysolis-gzfsziqwziaggpcbgdowmssiasmi/Build/Products/Debug-iphonesimulator/DoubleConversion\"\ \"-F/Users/antoniogrillo-balen/Library/Developer/Xcode/DerivedData/risebysolis-gzfsziqwziaggpcbgdowmssiasmi/Build/Products/Debug-iphonesimulator/EXApplication\"\ \"-F/Users/antoniogrillo-balen/Library/Developer/Xcode/DerivedData/risebysolis-gzfsziqwziaggpcbgdowmssiasmi/Build/Products/Debug-iphonesimulator/EXConstants\"\ \"-F/Users/antoniogrillo-balen/Library/Developer/Xcode/DerivedData/risebysolis-gzfsziqwziaggpcbgdowmssiasmi/Build/Products/Debug-iphonesimulator/EXNotifications\"\ \"-F/Users/antoniogrillo-balen/Library/Developer/Xcode/DerivedData/risebysolis-gzfsziqwziaggpcbgdowmssiasmi/Build/Products/Debug-iphonesimulator/Expo\"\ \"-F/Users/antoniogrillo-balen/Library/Developer/Xcode/DerivedData/risebysolis-gzfsziqwziaggpcbgdowmssiasmi/Build/Products/Debug-iphonesimulator/ExpoAdapterGoogleSignIn\"\ \"-F/Users/antoniogrillo-balen/Library/Developer/Xcode/DerivedData/risebysolis-gzfsziqwziaggpcbgdowmssiasmi/Build/Products/Debug-iphonesimulator/ExpoAppleAuthentication\"\ \"-F/Users/antoniogrillo-balen/Library/Developer/Xcode/DerivedData/risebysolis-gzfsziqwziaggpcbgdowmssiasmi/Build/Products/Debug-iphonesimulator/ExpoAsset\"\ \"-F/Users/antoniogrillo-balen/Library/Developer/Xcode/DerivedData/risebysolis-gzfsziqwziaggpcbgdowmssiasmi/Build/Products/Debug-iphonesimulator/ExpoCrypto\"\ \"-F/Users/antoniogrillo-balen/Library/Developer/Xcode/DerivedData/risebysolis-gzfsziqwziaggpcbgdowmssiasmi/Build/Products/Debug-iphonesimulator/ExpoFileSystem\"\ \"-F/Users/antoniogrillo-balen/Library/Developer/Xcode/DerivedData/risebysolis-gzfsziqwziaggpcbgdowmssiasmi/Build/Products/Debug-iphonesimulator/ExpoFont\"\ \"-F/Users/antoniogrillo-balen/Library/Developer/Xcode/DerivedData/risebysolis-gzfsziqwziaggpcbgdowmssiasmi/Build/Products/Debug-iphonesimulator/ExpoHaptics\"\ \"-F/Users/antoniogrillo-balen/Library/Developer/Xcode/DerivedData/risebysolis-gzfsziqwziaggpcbgdowmssiasmi/Build/Products/Debug-iphonesimulator/ExpoHead\"\ \"-F/Users/antoniogrillo-balen/Library/Developer/Xcode/DerivedData/risebysolis-gzfsziqwziaggpcbgdowmssiasmi/Build/Products/Debug-iphonesimulator/ExpoKeepAwake\"\ \"-F/Users/antoniogrillo-balen/Library/Developer/Xcode/DerivedData/risebysolis-gzfsziqwziaggpcbgdowmssiasmi/Build/Products/Debug-iphonesimulator/ExpoLinking\"\ \"-F/Users/antoniogrillo-balen/Library/Developer/Xcode/DerivedData/risebysolis-gzfsziqwziaggpcbgdowmssiasmi/Build/Products/Debug-iphonesimulator/ExpoModulesCore\"\ \"-F/Users/antoniogrillo-balen/Library/Developer/Xcode/DerivedData/risebysolis-gzfsziqwziaggpcbgdowmssiasmi/Build/Products/Debug-iphonesimulator/ExpoSecureStore\"\ \"-F/Users/antoniogrillo-balen/Library/Developer/Xcode/DerivedData/risebysolis-gzfsziqwziaggpcbgdowmssiasmi/Build/Products/Debug-iphonesimulator/ExpoSplashScreen\"\ \"-F/Users/antoniogrillo-balen/Library/Developer/Xcode/DerivedData/risebysolis-gzfsziqwziaggpcbgdowmssiasmi/Build/Products/Debug-iphonesimulator/FBLazyVector\"\ \"-F/Users/antoniogrillo-balen/Library/Developer/Xcode/DerivedData/risebysolis-gzfsziqwziaggpcbgdowmssiasmi/Build/Products/Debug-iphonesimulator/Firebase\"\ \"-F/Users/antoniogrillo-balen/Library/Developer/Xcode/DerivedData/risebysolis-gzfsziqwziaggpcbgdowmssiasmi/Build/Products/Debug-iphonesimulator/FirebaseAppCheckInterop\"\ \"-F/Users/antoniogrillo-balen/Library/Developer/Xcode/DerivedData/risebysolis-gzfsziqwziaggpcbgdowmssiasmi/Build/Products/Debug-iphonesimulator/FirebaseAuth\"\ \"-F/Users/antoniogrillo-balen/Library/Developer/Xcode/DerivedData/risebysolis-gzfsziqwziaggpcbgdowmssiasmi/Build/Products/Debug-iphonesimulator/FirebaseAuthInterop\"\ \"-F/Users/antoniogrillo-balen/Library/Developer/Xcode/DerivedData/risebysolis-gzfsziqwziaggpcbgdowmssiasmi/Build/Products/Debug-iphonesimulator/FirebaseCore\"\ \"-F/Users/antoniogrillo-balen/Library/Developer/Xcode/DerivedData/risebysolis-gzfsziqwziaggpcbgdowmssiasmi/Build/Products/Debug-iphonesimulator/FirebaseCoreExtension\"\ \"-F/Users/antoniogrillo-balen/Library/Developer/Xcode/DerivedData/risebysolis-gzfsziqwziaggpcbgdowmssiasmi/Build/Products/Debug-iphonesimulator/FirebaseCoreInternal\"\ \"-F/Users/antoniogrillo-balen/Library/Developer/Xcode/DerivedData/risebysolis-gzfsziqwziaggpcbgdowmssiasmi/Build/Products/Debug-iphonesimulator/GTMAppAuth\"\ \"-F/Users/antoniogrillo-balen/Library/Developer/Xcode/DerivedData/risebysolis-gzfsziqwziaggpcbgdowmssiasmi/Build/Products/Debug-iphonesimulator/GTMSessionFetcher\"\ \"-F/Users/antoniogrillo-balen/Library/Developer/Xcode/DerivedData/risebysolis-gzfsziqwziaggpcbgdowmssiasmi/Build/Products/Debug-iphonesimulator/GoogleSignIn\"\ \"-F/Users/antoniogrillo-balen/Library/Developer/Xcode/DerivedData/risebysolis-gzfsziqwziaggpcbgdowmssiasmi/Build/Products/Debug-iphonesimulator/GoogleUtilities\"\ \"-F/Users/antoniogrillo-balen/Library/Developer/Xcode/DerivedData/risebysolis-gzfsziqwziaggpcbgdowmssiasmi/Build/Products/Debug-iphonesimulator/PromisesObjC\"\ \"-F/Users/antoniogrillo-balen/Library/Developer/Xcode/DerivedData/risebysolis-gzfsziqwziaggpcbgdowmssiasmi/Build/Products/Debug-iphonesimulator/PurchasesHybridCommon\"\ \"-F/Users/antoniogrillo-balen/Library/Developer/Xcode/DerivedData/risebysolis-gzfsziqwziaggpcbgdowmssiasmi/Build/Products/Debug-iphonesimulator/RCT-Folly\"\ \"-F/Users/antoniogrillo-balen/Library/Developer/Xcode/DerivedData/risebysolis-gzfsziqwziaggpcbgdowmssiasmi/Build/Products/Debug-iphonesimulator/RCTDeprecation\"\ \"-F/Users/antoniogrillo-balen/Library/Developer/Xcode/DerivedData/risebysolis-gzfsziqwziaggpcbgdowmssiasmi/Build/Products/Debug-iphonesimulator/RCTRequired\"\ \"-F/Users/antoniogrillo-balen/Library/Developer/Xcode/DerivedData/risebysolis-gzfsziqwziaggpcbgdowmssiasmi/Build/Products/Debug-iphonesimulator/RCTTypeSafety\"\ \"-F/Users/antoniogrillo-balen/Library/Developer/Xcode/DerivedData/risebysolis-gzfsziqwziaggpcbgdowmssiasmi/Build/Products/Debug-iphonesimulator/RNFBApp\"\ \"-F/Users/antoniogrillo-balen/Library/Developer/Xcode/DerivedData/risebysolis-gzfsziqwziaggpcbgdowmssiasmi/Build/Products/Debug-iphonesimulator/RNFBAuth\"\ \"-F/Users/antoniogrillo-balen/Library/Developer/Xcode/DerivedData/risebysolis-gzfsziqwziaggpcbgdowmssiasmi/Build/Products/Debug-iphonesimulator/RNGestureHandler\"\ \"-F/Users/antoniogrillo-balen/Library/Developer/Xcode/DerivedData/risebysolis-gzfsziqwziaggpcbgdowmssiasmi/Build/Products/Debug-iphonesimulator/RNGoogleSignin\"\ \"-F/Users/antoniogrillo-balen/Library/Developer/Xcode/DerivedData/risebysolis-gzfsziqwziaggpcbgdowmssiasmi/Build/Products/Debug-iphonesimulator/RNPurchases\"\ \"-F/Users/antoniogrillo-balen/Library/Developer/Xcode/DerivedData/risebysolis-gzfsziqwziaggpcbgdowmssiasmi/Build/Products/Debug-iphonesimulator/RNReanimated\"\ \"-F/Users/antoniogrillo-balen/Library/Developer/Xcode/DerivedData/risebysolis-gzfsziqwziaggpcbgdowmssiasmi/Build/Products/Debug-iphonesimulator/RNScreens\"\ \"-F/Users/antoniogrillo-balen/Library/Developer/Xcode/DerivedData/risebysolis-gzfsziqwziaggpcbgdowmssiasmi/Build/Products/Debug-iphonesimulator/React\"\ \"-F/Users/antoniogrillo-balen/Library/Developer/Xcode/DerivedData/risebysolis-gzfsziqwziaggpcbgdowmssiasmi/Build/Products/Debug-iphonesimulator/React-Core\"\ \"-F/Users/antoniogrillo-balen/Library/Developer/Xcode/DerivedData/risebysolis-gzfsziqwziaggpcbgdowmssiasmi/Build/Products/Debug-iphonesimulator/React-CoreModules\"\ \"-F/Users/antoniogrillo-balen/Library/Developer/Xcode/DerivedData/risebysolis-gzfsziqwziaggpcbgdowmssiasmi/Build/Products/Debug-iphonesimulator/React-Fabric\"\ \"-F/Users/antoniogrillo-balen/Library/Developer/Xcode/DerivedData/risebysolis-gzfsziqwziaggpcbgdowmssiasmi/Build/Products/Debug-iphonesimulator/React-FabricComponents\"\ \"-F/Users/antoniogrillo-balen/Library/Developer/Xcode/DerivedData/risebysolis-gzfsziqwziaggpcbgdowmssiasmi/Build/Products/Debug-iphonesimulator/React-FabricImage\"\ \"-F/Users/antoniogrillo-balen/Library/Developer/Xcode/DerivedData/risebysolis-gzfsziqwziaggpcbgdowmssiasmi/Build/Products/Debug-iphonesimulator/React-ImageManager\"\ \"-F/Users/antoniogrillo-balen/Library/Developer/Xcode/DerivedData/risebysolis-gzfsziqwziaggpcbgdowmssiasmi/Build/Products/Debug-iphonesimulator/React-Mapbuffer\"\ \"-F/Users/antoniogrillo-balen/Library/Developer/Xcode/DerivedData/risebysolis-gzfsziqwziaggpcbgdowmssiasmi/Build/Products/Debug-iphonesimulator/React-NativeModulesApple\"\ \"-F/Users/antoniogrillo-balen/Library/Developer/Xcode/DerivedData/risebysolis-gzfsziqwziaggpcbgdowmssiasmi/Build/Products/Debug-iphonesimulator/React-RCTActionSheet\"\ \"-F/Users/antoniogrillo-balen/Library/Developer/Xcode/DerivedData/risebysolis-gzfsziqwziaggpcbgdowmssiasmi/Build/Products/Debug-iphonesimulator/React-RCTAnimation\"\ \"-F/Users/antoniogrillo-balen/Library/Developer/Xcode/DerivedData/risebysolis-gzfsziqwziaggpcbgdowmssiasmi/Build/Products/Debug-iphonesimulator/React-RCTAppDelegate\"\ \"-F/Users/antoniogrillo-balen/Library/Developer/Xcode/DerivedData/risebysolis-gzfsziqwziaggpcbgdowmssiasmi/Build/Products/Debug-iphonesimulator/React-RCTBlob\"\ \"-F/Users/antoniogrillo-balen/Library/Developer/Xcode/DerivedData/risebysolis-gzfsziqwziaggpcbgdowmssiasmi/Build/Products/Debug-iphonesimulator/React-RCTFabric\"\ \"-F/Users/antoniogrillo-balen/Library/Developer/Xcode/DerivedData/risebysolis-gzfsziqwziaggpcbgdowmssiasmi/Build/Products/Debug-iphonesimulator/React-RCTImage\"\ \"-F/Users/antoniogrillo-balen/Library/Developer/Xcode/DerivedData/risebysolis-gzfsziqwziaggpcbgdowmssiasmi/Build/Products/Debug-iphonesimulator/React-RCTLinking\"\ \"-F/Users/antoniogrillo-balen/Library/Developer/Xcode/DerivedData/risebysolis-gzfsziqwziaggpcbgdowmssiasmi/Build/Products/Debug-iphonesimulator/React-RCTNetwork\"\ \"-F/Users/antoniogrillo-balen/Library/Developer/Xcode/DerivedData/risebysolis-gzfsziqwziaggpcbgdowmssiasmi/Build/Products/Debug-iphonesimulator/React-RCTSettings\"\ \"-F/Users/antoniogrillo-balen/Library/Developer/Xcode/DerivedData/risebysolis-gzfsziqwziaggpcbgdowmssiasmi/Build/Products/Debug-iphonesimulator/React-RCTText\"\ \"-F/Users/antoniogrillo-balen/Library/Developer/Xcode/DerivedData/risebysolis-gzfsziqwziaggpcbgdowmssiasmi/Build/Products/Debug-iphonesimulator/React-RCTVibration\"\ \"-F/Users/antoniogrillo-balen/Library/Developer/Xcode/DerivedData/risebysolis-gzfsziqwziaggpcbgdowmssiasmi/Build/Products/Debug-iphonesimulator/React-RuntimeApple\"\ \"-F/Users/antoniogrillo-balen/Library/Developer/Xcode/DerivedData/risebysolis-gzfsziqwziaggpcbgdowmssiasmi/Build/Products/Debug-iphonesimulator/React-RuntimeCore\"\ \"-F/Users/antoniogrillo-balen/Library/Developer/Xcode/DerivedData/risebysolis-gzfsziqwziaggpcbgdowmssiasmi/Build/Products/Debug-iphonesimulator/React-RuntimeHermes\"\ \"-F/Users/antoniogrillo-balen/Library/Developer/Xcode/DerivedData/risebysolis-gzfsziqwziaggpcbgdowmssiasmi/Build/Products/Debug-iphonesimulator/React-callinvoker\"\ \"-F/Users/antoniogrillo-balen/Library/Developer/Xcode/DerivedData/risebysolis-gzfsziqwziaggpcbgdowmssiasmi/Build/Products/Debug-iphonesimulator/React-cxxreact\"\ \"-F/Users/antoniogrillo-balen/Library/Developer/Xcode/DerivedData/risebysolis-gzfsziqwziaggpcbgdowmssiasmi/Build/Products/Debug-iphonesimulator/React-debug\"\ \"-F/Users/antoniogrillo-balen/Library/Developer/Xcode/DerivedData/risebysolis-gzfsziqwziaggpcbgdowmssiasmi/Build/Products/Debug-iphonesimulator/React-defaultsnativemodule\"\ \"-F/Users/antoniogrillo-balen/Library/Developer/Xcode/DerivedData/risebysolis-gzfsziqwziaggpcbgdowmssiasmi/Build/Products/Debug-iphonesimulator/React-domnativemodule\"\ \"-F/Users/antoniogrillo-balen/Library/Developer/Xcode/DerivedData/risebysolis-gzfsziqwziaggpcbgdowmssiasmi/Build/Products/Debug-iphonesimulator/React-featureflags\"\ \"-F/Users/antoniogrillo-balen/Library/Developer/Xcode/DerivedData/risebysolis-gzfsziqwziaggpcbgdowmssiasmi/Build/Products/Debug-iphonesimulator/React-featureflagsnativemodule\"\ \"-F/Users/antoniogrillo-balen/Library/Developer/Xcode/DerivedData/risebysolis-gzfsziqwziaggpcbgdowmssiasmi/Build/Products/Debug-iphonesimulator/React-graphics\"\ \"-F/Users/antoniogrillo-balen/Library/Developer/Xcode/DerivedData/risebysolis-gzfsziqwziaggpcbgdowmssiasmi/Build/Products/Debug-iphonesimulator/React-hermes\"\ \"-F/Users/antoniogrillo-balen/Library/Developer/Xcode/DerivedData/risebysolis-gzfsziqwziaggpcbgdowmssiasmi/Build/Products/Debug-iphonesimulator/React-idlecallbacksnativemodule\"\ \"-F/Users/antoniogrillo-balen/Library/Developer/Xcode/DerivedData/risebysolis-gzfsziqwziaggpcbgdowmssiasmi/Build/Products/Debug-iphonesimulator/React-jserrorhandler\"\ \"-F/Users/antoniogrillo-balen/Library/Developer/Xcode/DerivedData/risebysolis-gzfsziqwziaggpcbgdowmssiasmi/Build/Products/Debug-iphonesimulator/React-jsi\"\ \"-F/Users/antoniogrillo-balen/Library/Developer/Xcode/DerivedData/risebysolis-gzfsziqwziaggpcbgdowmssiasmi/Build/Products/Debug-iphonesimulator/React-jsiexecutor\"\ \"-F/Users/antoniogrillo-balen/Library/Developer/Xcode/DerivedData/risebysolis-gzfsziqwziaggpcbgdowmssiasmi/Build/Products/Debug-iphonesimulator/React-jsinspector\"\ \"-F/Users/antoniogrillo-balen/Library/Developer/Xcode/DerivedData/risebysolis-gzfsziqwziaggpcbgdowmssiasmi/Build/Products/Debug-iphonesimulator/React-jsitracing\"\ \"-F/Users/antoniogrillo-balen/Library/Developer/Xcode/DerivedData/risebysolis-gzfsziqwziaggpcbgdowmssiasmi/Build/Products/Debug-iphonesimulator/React-logger\"\ \"-F/Users/antoniogrillo-balen/Library/Developer/Xcode/DerivedData/risebysolis-gzfsziqwziaggpcbgdowmssiasmi/Build/Products/Debug-iphonesimulator/React-microtasksnativemodule\"\ \"-F/Users/antoniogrillo-balen/Library/Developer/Xcode/DerivedData/risebysolis-gzfsziqwziaggpcbgdowmssiasmi/Build/Products/Debug-iphonesimulator/React-nativeconfig\"\ \"-F/Users/antoniogrillo-balen/Library/Developer/Xcode/DerivedData/risebysolis-gzfsziqwziaggpcbgdowmssiasmi/Build/Products/Debug-iphonesimulator/React-perflogger\"\ \"-F/Users/antoniogrillo-balen/Library/Developer/Xcode/DerivedData/risebysolis-gzfsziqwziaggpcbgdowmssiasmi/Build/Products/Debug-iphonesimulator/React-performancetimeline\"\ \"-F/Users/antoniogrillo-balen/Library/Developer/Xcode/DerivedData/risebysolis-gzfsziqwziaggpcbgdowmssiasmi/Build/Products/Debug-iphonesimulator/React-rendererconsistency\"\ \"-F/Users/antoniogrillo-balen/Library/Developer/Xcode/DerivedData/risebysolis-gzfsziqwziaggpcbgdowmssiasmi/Build/Products/Debug-iphonesimulator/React-rendererdebug\"\ \"-F/Users/antoniogrillo-balen/Library/Developer/Xcode/DerivedData/risebysolis-gzfsziqwziaggpcbgdowmssiasmi/Build/Products/Debug-iphonesimulator/React-rncore\"\ \"-F/Users/antoniogrillo-balen/Library/Developer/Xcode/DerivedData/risebysolis-gzfsziqwziaggpcbgdowmssiasmi/Build/Products/Debug-iphonesimulator/React-runtimeexecutor\"\ \"-F/Users/antoniogrillo-balen/Library/Developer/Xcode/DerivedData/risebysolis-gzfsziqwziaggpcbgdowmssiasmi/Build/Products/Debug-iphonesimulator/React-runtimescheduler\"\ \"-F/Users/antoniogrillo-balen/Library/Developer/Xcode/DerivedData/risebysolis-gzfsziqwziaggpcbgdowmssiasmi/Build/Products/Debug-iphonesimulator/React-timing\"\ \"-F/Users/antoniogrillo-balen/Library/Developer/Xcode/DerivedData/risebysolis-gzfsziqwziaggpcbgdowmssiasmi/Build/Products/Debug-iphonesimulator/React-utils\"\ \"-F/Users/antoniogrillo-balen/Library/Developer/Xcode/DerivedData/risebysolis-gzfsziqwziaggpcbgdowmssiasmi/Build/Products/Debug-iphonesimulator/ReactCodegen\"\ \"-F/Users/antoniogrillo-balen/Library/Developer/Xcode/DerivedData/risebysolis-gzfsziqwziaggpcbgdowmssiasmi/Build/Products/Debug-iphonesimulator/ReactCommon\"\ \"-F/Users/antoniogrillo-balen/Library/Developer/Xcode/DerivedData/risebysolis-gzfsziqwziaggpcbgdowmssiasmi/Build/Products/Debug-iphonesimulator/RecaptchaInterop\"\ \"-F/Users/antoniogrillo-balen/Library/Developer/Xcode/DerivedData/risebysolis-gzfsziqwziaggpcbgdowmssiasmi/Build/Products/Debug-iphonesimulator/RevenueCat\"\ \"-F/Users/antoniogrillo-balen/Library/Developer/Xcode/DerivedData/risebysolis-gzfsziqwziaggpcbgdowmssiasmi/Build/Products/Debug-iphonesimulator/SocketRocket\"\ \"-F/Users/antoniogrillo-balen/Library/Developer/Xcode/DerivedData/risebysolis-gzfsziqwziaggpcbgdowmssiasmi/Build/Products/Debug-iphonesimulator/Yoga\"\ \"-F/Users/antoniogrillo-balen/Library/Developer/Xcode/DerivedData/risebysolis-gzfsziqwziaggpcbgdowmssiasmi/Build/Products/Debug-iphonesimulator/boost\"\ \"-F/Users/antoniogrillo-balen/Library/Developer/Xcode/DerivedData/risebysolis-gzfsziqwziaggpcbgdowmssiasmi/Build/Products/Debug-iphonesimulator/fast_float\"\ \"-F/Users/antoniogrillo-balen/Library/Developer/Xcode/DerivedData/risebysolis-gzfsziqwziaggpcbgdowmssiasmi/Build/Products/Debug-iphonesimulator/fmt\"\ \"-F/Users/antoniogrillo-balen/Library/Developer/Xcode/DerivedData/risebysolis-gzfsziqwziaggpcbgdowmssiasmi/Build/Products/Debug-iphonesimulator/glog\"\ \"-F/Users/antoniogrillo-balen/Library/Developer/Xcode/DerivedData/risebysolis-gzfsziqwziaggpcbgdowmssiasmi/Build/Products/Debug-iphonesimulator/hermes-engine\"\ \"-F/Users/antoniogrillo-balen/Library/Developer/Xcode/DerivedData/risebysolis-gzfsziqwziaggpcbgdowmssiasmi/Build/Products/Debug-iphonesimulator/react-native-mmkv\"\ \"-F/Users/antoniogrillo-balen/Library/Developer/Xcode/DerivedData/risebysolis-gzfsziqwziaggpcbgdowmssiasmi/Build/Products/Debug-iphonesimulator/react-native-safe-area-context\"
    export OTHER_SWIFT_FLAGS\=\ -D\ COCOAPODS\ -D\ EXPO_CONFIGURATION_DEBUG
    export PACKAGE_TYPE\=com.apple.package-type.wrapper.application
    export PASCAL_STRINGS\=YES
    export PATH\=/Applications/Xcode.app/Contents/SharedFrameworks/SwiftBuild.framework/Versions/A/PlugIns/SWBBuildService.bundle/Contents/PlugIns/SWBUniversalPlatformPlugin.bundle/Contents/Frameworks/SWBUniversalPlatform.framework/Resources:/Applications/Xcode.app/Contents/Developer/Toolchains/XcodeDefault.xctoolchain/usr/bin:/Applications/Xcode.app/Contents/Developer/Toolchains/XcodeDefault.xctoolchain/usr/local/bin:/Applications/Xcode.app/Contents/Developer/Toolchains/XcodeDefault.xctoolchain/usr/libexec:/Applications/Xcode.app/Contents/Developer/Platforms/iPhoneSimulator.platform/usr/bin:/Applications/Xcode.app/Contents/Developer/Platforms/iPhoneSimulator.platform/usr/local/bin:/Applications/Xcode.app/Contents/Developer/Platforms/iPhoneSimulator.platform/Developer/usr/bin:/Applications/Xcode.app/Contents/Developer/Platforms/iPhoneSimulator.platform/Developer/usr/local/bin:/Applications/Xcode.app/Contents/Developer/usr/bin:/Applications/Xcode.app/Contents/Developer/usr/local/bin:/opt/homebrew/opt/ruby/bin:/opt/homebrew/lib/ruby/gems/4.0.0/bin:/opt/homebrew/bin:/opt/homebrew/sbin:/Users/antoniogrillo-balen/.nvm/versions/node/v24.14.1/bin:/Library/Frameworks/Python.framework/Versions/3.14/bin:/usr/local/bin:/System/Cryptexes/App/usr/bin:/usr/bin:/bin:/usr/sbin:/sbin:/var/run/com.apple.security.cryptexd/codex.system/bootstrap/usr/local/bin:/var/run/com.apple.security.cryptexd/codex.system/bootstrap/usr/bin:/var/run/com.apple.security.cryptexd/codex.system/bootstrap/usr/appleinternal/bin:/opt/pkg/env/active/bin:/opt/pmk/env/global/bin:/Library/Apple/usr/bin:/Applications/VMware\ Fusion.app/Contents/Public:/Users/antoniogrillo-balen/.cargo/bin:/Users/antoniogrillo-balen/.cache/plugins/.install-staging/25283474a0e0d4a060cb0e915c1ec54e3d41ef2e/cursor/repo/bin:/Users/antoniogrillo-balen/.claude/plugins/cache/claude-plugins-official/superpowers/5.1.0/bin:/Users/antoniogrillo-balen/.claude/plugins/cache/claude-plugins-official/frontend-design/unknown/bin:/Users/antoniogrillo-balen/.claude/plugins/cache/claude-plugins-official/code-simplifier/1.0.0/bin:/Users/antoniogrillo-balen/.claude/plugins/cache/claude-plugins-official/security-guidance/unknown/bin:/Users/antoniogrillo-balen/.claude/plugins/cache/thedotmack/claude-mem/12.1.1/bin
    export PATH_PREFIXES_EXCLUDED_FROM_HEADER_DEPENDENCIES\=/usr/include\ /usr/local/include\ /System/Library/Frameworks\ /System/Library/PrivateFrameworks\ /Applications/Xcode.app/Contents/Developer/Headers\ /Applications/Xcode.app/Contents/Developer/SDKs\ /Applications/Xcode.app/Contents/Developer/Platforms
    export PBDEVELOPMENTPLIST_PATH\=risebysolis.app/pbdevelopment.plist
    export PER_ARCH_MODULE_FILE_DIR\=/Users/antoniogrillo-balen/Library/Developer/Xcode/DerivedData/risebysolis-gzfsziqwziaggpcbgdowmssiasmi/Build/Intermediates.noindex/risebysolis.build/Debug-iphonesimulator/risebysolis.build/Objects-normal/undefined_arch
    export PER_ARCH_OBJECT_FILE_DIR\=/Users/antoniogrillo-balen/Library/Developer/Xcode/DerivedData/risebysolis-gzfsziqwziaggpcbgdowmssiasmi/Build/Intermediates.noindex/risebysolis.build/Debug-iphonesimulator/risebysolis.build/Objects-normal/undefined_arch
    export PER_VARIANT_OBJECT_FILE_DIR\=/Users/antoniogrillo-balen/Library/Developer/Xcode/DerivedData/risebysolis-gzfsziqwziaggpcbgdowmssiasmi/Build/Intermediates.noindex/risebysolis.build/Debug-iphonesimulator/risebysolis.build/Objects-normal
    export PKGINFO_FILE_PATH\=/Users/antoniogrillo-balen/Library/Developer/Xcode/DerivedData/risebysolis-gzfsziqwziaggpcbgdowmssiasmi/Build/Intermediates.noindex/risebysolis.build/Debug-iphonesimulator/risebysolis.build/PkgInfo
    export PKGINFO_PATH\=risebysolis.app/PkgInfo
    export PLATFORM_DEVELOPER_APPLICATIONS_DIR\=/Applications/Xcode.app/Contents/Developer/Platforms/iPhoneSimulator.platform/Developer/Applications
    export PLATFORM_DEVELOPER_BIN_DIR\=/Applications/Xcode.app/Contents/Developer/Platforms/iPhoneSimulator.platform/Developer/usr/bin
    export PLATFORM_DEVELOPER_LIBRARY_DIR\=/Applications/Xcode.app/Contents/Developer/Platforms/iPhoneSimulator.platform/Developer/Library
    export PLATFORM_DEVELOPER_SDK_DIR\=/Applications/Xcode.app/Contents/Developer/Platforms/iPhoneSimulator.platform/Developer/SDKs
    export PLATFORM_DEVELOPER_TOOLS_DIR\=/Applications/Xcode.app/Contents/Developer/Platforms/iPhoneSimulator.platform/Developer/Tools
    export PLATFORM_DEVELOPER_USR_DIR\=/Applications/Xcode.app/Contents/Developer/Platforms/iPhoneSimulator.platform/Developer/usr
    export PLATFORM_DIR\=/Applications/Xcode.app/Contents/Developer/Platforms/iPhoneSimulator.platform
    export PLATFORM_DISPLAY_NAME\=iOS\ Simulator
    export PLATFORM_FAMILY_NAME\=iOS
    export PLATFORM_NAME\=iphonesimulator
    export PLATFORM_PREFERRED_ARCH\=x86_64
    export PLATFORM_PRODUCT_BUILD_VERSION\=23F73
    export PLATFORM_REQUIRES_SWIFT_AUTOLINK_EXTRACT\=NO
    export PLATFORM_REQUIRES_SWIFT_MODULEWRAP\=NO
    export PLATFORM_USES_DSYMS\=YES
    export PLIST_FILE_OUTPUT_FORMAT\=binary
    export PLUGINS_FOLDER_PATH\=risebysolis.app/PlugIns
    export PODS_BUILD_DIR\=/Users/antoniogrillo-balen/Library/Developer/Xcode/DerivedData/risebysolis-gzfsziqwziaggpcbgdowmssiasmi/Build/Products
    export PODS_CONFIGURATION_BUILD_DIR\=/Users/antoniogrillo-balen/Library/Developer/Xcode/DerivedData/risebysolis-gzfsziqwziaggpcbgdowmssiasmi/Build/Products/Debug-iphonesimulator
    export PODS_PODFILE_DIR_PATH\=/Users/antoniogrillo-balen/Desktop/Projects/RiseBuild/ios/.
    export PODS_ROOT\=/Users/antoniogrillo-balen/Desktop/Projects/RiseBuild/ios/Pods
    export PODS_XCFRAMEWORKS_BUILD_DIR\=/Users/antoniogrillo-balen/Library/Developer/Xcode/DerivedData/risebysolis-gzfsziqwziaggpcbgdowmssiasmi/Build/Products/Debug-iphonesimulator/XCFrameworkIntermediates
    export PRECOMPS_INCLUDE_HEADERS_FROM_BUILT_PRODUCTS_DIR\=YES
    export PRECOMP_DESTINATION_DIR\=/Users/antoniogrillo-balen/Library/Developer/Xcode/DerivedData/risebysolis-gzfsziqwziaggpcbgdowmssiasmi/Build/Intermediates.noindex/risebysolis.build/Debug-iphonesimulator/risebysolis.build/PrefixHeaders
    export PRIVATE_HEADERS_FOLDER_PATH\=risebysolis.app/PrivateHeaders
    export PROCESSED_INFOPLIST_PATH\=/Users/antoniogrillo-balen/Library/Developer/Xcode/DerivedData/risebysolis-gzfsziqwziaggpcbgdowmssiasmi/Build/Intermediates.noindex/risebysolis.build/Debug-iphonesimulator/risebysolis.build/Objects-normal/undefined_arch/Processed-Info.plist
    export PRODUCT_BUNDLE_IDENTIFIER\=com.anonymous.rise-by-solis
    export PRODUCT_BUNDLE_PACKAGE_TYPE\=APPL
    export PRODUCT_MODULE_NAME\=risebysolis
    export PRODUCT_NAME\=risebysolis
    export PRODUCT_SETTINGS_PATH\=/Users/antoniogrillo-balen/Desktop/Projects/RiseBuild/ios/risebysolis/Info.plist
    export PRODUCT_TYPE\=com.apple.product-type.application
    export PROFILING_CODE\=NO
    export PROJECT\=risebysolis
    export PROJECT_DERIVED_FILE_DIR\=/Users/antoniogrillo-balen/Library/Developer/Xcode/DerivedData/risebysolis-gzfsziqwziaggpcbgdowmssiasmi/Build/Intermediates.noindex/risebysolis.build/DerivedSources
    export PROJECT_DIR\=/Users/antoniogrillo-balen/Desktop/Projects/RiseBuild/ios
    export PROJECT_FILE_PATH\=/Users/antoniogrillo-balen/Desktop/Projects/RiseBuild/ios/risebysolis.xcodeproj
    export PROJECT_GUID\=f3d299422e93638f9a6d1e5771fa6c55
    export PROJECT_NAME\=risebysolis
    export PROJECT_TEMP_DIR\=/Users/antoniogrillo-balen/Library/Developer/Xcode/DerivedData/risebysolis-gzfsziqwziaggpcbgdowmssiasmi/Build/Intermediates.noindex/risebysolis.build
    export PROJECT_TEMP_ROOT\=/Users/antoniogrillo-balen/Library/Developer/Xcode/DerivedData/risebysolis-gzfsziqwziaggpcbgdowmssiasmi/Build/Intermediates.noindex
    export PROVISIONING_PROFILE_REQUIRED\=NO
    export PROVISIONING_PROFILE_REQUIRED_YES_YES\=YES
    export PROVISIONING_PROFILE_SUPPORTED\=YES
    export PUBLIC_HEADERS_FOLDER_PATH\=risebysolis.app/Headers
    export REACT_NATIVE_PATH\=/Users/antoniogrillo-balen/Desktop/Projects/RiseBuild/ios/Pods/../../node_modules/react-native
    export RECOMMENDED_IPHONEOS_DEPLOYMENT_TARGET\=15.0
    export RECURSIVE_SEARCH_PATHS_FOLLOW_SYMLINKS\=YES
    export REMOVE_CVS_FROM_RESOURCES\=YES
    export REMOVE_GIT_FROM_RESOURCES\=YES
    export REMOVE_HEADERS_FROM_EMBEDDED_BUNDLES\=YES
    export REMOVE_HG_FROM_RESOURCES\=YES
    export REMOVE_STATIC_EXECUTABLES_FROM_EMBEDDED_BUNDLES\=YES
    export REMOVE_SVN_FROM_RESOURCES\=YES
    export RESCHEDULE_INDEPENDENT_HEADERS_PHASES\=YES
    export REZ_COLLECTOR_DIR\=/Users/antoniogrillo-balen/Library/Developer/Xcode/DerivedData/risebysolis-gzfsziqwziaggpcbgdowmssiasmi/Build/Intermediates.noindex/risebysolis.build/Debug-iphonesimulator/risebysolis.build/ResourceManagerResources
    export REZ_OBJECTS_DIR\=/Users/antoniogrillo-balen/Library/Developer/Xcode/DerivedData/risebysolis-gzfsziqwziaggpcbgdowmssiasmi/Build/Intermediates.noindex/risebysolis.build/Debug-iphonesimulator/risebysolis.build/ResourceManagerResources/Objects
    export REZ_SEARCH_PATHS\=/Users/antoniogrillo-balen/Library/Developer/Xcode/DerivedData/risebysolis-gzfsziqwziaggpcbgdowmssiasmi/Build/Products/Debug-iphonesimulator\ 
    export RPATH_ORIGIN\=@loader_path
    export RUNTIME_EXCEPTION_ALLOW_DYLD_ENVIRONMENT_VARIABLES\=NO
    export RUNTIME_EXCEPTION_ALLOW_JIT\=NO
    export RUNTIME_EXCEPTION_ALLOW_UNSIGNED_EXECUTABLE_MEMORY\=NO
    export RUNTIME_EXCEPTION_DEBUGGING_TOOL\=NO
    export RUNTIME_EXCEPTION_DISABLE_EXECUTABLE_PAGE_PROTECTION\=NO
    export RUNTIME_EXCEPTION_DISABLE_LIBRARY_VALIDATION\=NO
    export SCANNING_PCM_KEEP_CACHE_DIRECTORY\=YES
    export SCAN_ALL_SOURCE_FILES_FOR_INCLUDES\=NO
    export SCRIPTS_FOLDER_PATH\=risebysolis.app/Scripts
    export SCRIPT_INPUT_FILE_COUNT\=0
    export SCRIPT_INPUT_FILE_LIST_COUNT\=0
    export SCRIPT_OUTPUT_FILE_COUNT\=0
    export SCRIPT_OUTPUT_FILE_LIST_COUNT\=0
    export SDKROOT\=/Applications/Xcode.app/Contents/Developer/Platforms/iPhoneSimulator.platform/Developer/SDKs/iPhoneSimulator26.5.sdk
    export SDK_DIR\=/Applications/Xcode.app/Contents/Developer/Platforms/iPhoneSimulator.platform/Developer/SDKs/iPhoneSimulator26.5.sdk
    export SDK_DIR_iphonesimulator\=/Applications/Xcode.app/Contents/Developer/Platforms/iPhoneSimulator.platform/Developer/SDKs/iPhoneSimulator26.5.sdk
    export SDK_DIR_iphonesimulator26_5\=/Applications/Xcode.app/Contents/Developer/Platforms/iPhoneSimulator.platform/Developer/SDKs/iPhoneSimulator26.5.sdk
    export SDK_NAME\=iphonesimulator26.5
    export SDK_NAMES\=iphonesimulator26.5
    export SDK_PRODUCT_BUILD_VERSION\=23F73
    export SDK_STAT_CACHE_DIR\=/Users/antoniogrillo-balen/Library/Developer/Xcode/DerivedData
    export SDK_STAT_CACHE_ENABLE\=YES
    export SDK_STAT_CACHE_PATH\=/Users/antoniogrillo-balen/Library/Developer/Xcode/DerivedData/SDKStatCaches.noindex/iphonesimulator26.5-23F73-6cfe768891a92b912361537c460fe42b.sdkstatcache
    export SDK_VERSION\=26.5
    export SDK_VERSION_ACTUAL\=260500
    export SDK_VERSION_MAJOR\=260000
    export SDK_VERSION_MINOR\=260500
    export SED\=/usr/bin/sed
    export SEPARATE_STRIP\=NO
    export SEPARATE_SYMBOL_EDIT\=NO
    export SET_DIR_MODE_OWNER_GROUP\=YES
    export SET_FILE_MODE_OWNER_GROUP\=NO
    export SHALLOW_BUNDLE\=YES
    export SHALLOW_BUNDLE_TRIPLE\=ios-simulator
    export SHALLOW_BUNDLE_ios_macabi\=NO
    export SHALLOW_BUNDLE_macos\=NO
    export SHARED_DERIVED_FILE_DIR\=/Users/antoniogrillo-balen/Library/Developer/Xcode/DerivedData/risebysolis-gzfsziqwziaggpcbgdowmssiasmi/Build/Products/Debug-iphonesimulator/DerivedSources
    export SHARED_FRAMEWORKS_FOLDER_PATH\=risebysolis.app/SharedFrameworks
    export SHARED_PRECOMPS_DIR\=/Users/antoniogrillo-balen/Library/Developer/Xcode/DerivedData/risebysolis-gzfsziqwziaggpcbgdowmssiasmi/Build/Intermediates.noindex/PrecompiledHeaders
    export SHARED_SUPPORT_FOLDER_PATH\=risebysolis.app/SharedSupport
    export SKIP_INSTALL\=NO
    export SKIP_MERGEABLE_LIBRARY_BUNDLE_HOOK\=NO
    export SOURCE_ROOT\=/Users/antoniogrillo-balen/Desktop/Projects/RiseBuild/ios
    export SRCROOT\=/Users/antoniogrillo-balen/Desktop/Projects/RiseBuild/ios
    export STRINGSDATA_DIR\=/Users/antoniogrillo-balen/Library/Developer/Xcode/DerivedData/risebysolis-gzfsziqwziaggpcbgdowmssiasmi/Build/Intermediates.noindex/risebysolis.build/Debug-iphonesimulator/risebysolis.build/Objects-normal/undefined_arch
    export STRINGSDATA_ROOT\=/Users/antoniogrillo-balen/Library/Developer/Xcode/DerivedData/risebysolis-gzfsziqwziaggpcbgdowmssiasmi/Build/Intermediates.noindex/risebysolis.build/Debug-iphonesimulator/risebysolis.build
    export STRINGS_FILE_INFOPLIST_RENAME\=YES
    export STRINGS_FILE_OUTPUT_ENCODING\=binary
    export STRING_CATALOG_GENERATE_SYMBOLS\=NO
    export STRIP_BITCODE_FROM_COPIED_FILES\=NO
    export STRIP_INSTALLED_PRODUCT\=NO
    export STRIP_STYLE\=all
    export STRIP_SWIFT_SYMBOLS\=YES
    export SUPPORTED_DEVICE_FAMILIES\=1,2
    export SUPPORTED_PLATFORMS\=iphoneos\ iphonesimulator
    export SUPPORTS_MACCATALYST\=NO
    export SUPPORTS_ON_DEMAND_RESOURCES\=YES
    export SUPPORTS_TEXT_BASED_API\=NO
    export SUPPRESS_WARNINGS\=NO
    export SWIFT_ACTIVE_COMPILATION_CONDITIONS\=\ DEBUG
    export SWIFT_EMIT_CONST_VALUE_PROTOCOLS\=AnyResolverProviding\ AppEntity\ AppEnum\ AppExtension\ AppIntent\ AppIntentsPackage\ AppShortcutProviding\ AppShortcutsProvider\ AppUnionValue\ AppUnionValueCasesProviding\ DynamicOptionsProvider\ EntityQuery\ ExtensionPointDefining\ IntentValueQuery\ Resolver\ TransientEntity\ _AssistantIntentsProvider\ _GenerativeFunctionExtractable\ _IntentValueRepresentable
    export SWIFT_EMIT_LOC_STRINGS\=NO
    export SWIFT_ENABLE_EXPLICIT_MODULES\=YES
    export SWIFT_OBJC_BRIDGING_HEADER\=risebysolis/risebysolis-Bridging-Header.h
    export SWIFT_OPTIMIZATION_LEVEL\=-Onone
    export SWIFT_PLATFORM_TARGET_PREFIX\=ios
    export SWIFT_RESPONSE_FILE_PATH_normal_arm64\=/Users/antoniogrillo-balen/Library/Developer/Xcode/DerivedData/risebysolis-gzfsziqwziaggpcbgdowmssiasmi/Build/Intermediates.noindex/risebysolis.build/Debug-iphonesimulator/risebysolis.build/Objects-normal/arm64/risebysolis.SwiftFileList
    export SWIFT_VERSION\=5.0
    export SYMROOT\=/Users/antoniogrillo-balen/Library/Developer/Xcode/DerivedData/risebysolis-gzfsziqwziaggpcbgdowmssiasmi/Build/Products
    export SYSTEM_ADMIN_APPS_DIR\=/Applications/Utilities
    export SYSTEM_APPS_DIR\=/Applications
    export SYSTEM_CORE_SERVICES_DIR\=/System/Library/CoreServices
    export SYSTEM_DEMOS_DIR\=/Applications/Extras
    export SYSTEM_DEVELOPER_APPS_DIR\=/Applications/Xcode.app/Contents/Developer/Applications
    export SYSTEM_DEVELOPER_BIN_DIR\=/Applications/Xcode.app/Contents/Developer/usr/bin
    export SYSTEM_DEVELOPER_DEMOS_DIR\=/Applications/Xcode.app/Contents/Developer/Applications/Utilities/Built\ Examples
    export SYSTEM_DEVELOPER_DIR\=/Applications/Xcode.app/Contents/Developer
    export SYSTEM_DEVELOPER_DOC_DIR\=/Applications/Xcode.app/Contents/Developer/ADC\ Reference\ Library
    export SYSTEM_DEVELOPER_GRAPHICS_TOOLS_DIR\=/Applications/Xcode.app/Contents/Developer/Applications/Graphics\ Tools
    export SYSTEM_DEVELOPER_JAVA_TOOLS_DIR\=/Applications/Xcode.app/Contents/Developer/Applications/Java\ Tools
    export SYSTEM_DEVELOPER_PERFORMANCE_TOOLS_DIR\=/Applications/Xcode.app/Contents/Developer/Applications/Performance\ Tools
    export SYSTEM_DEVELOPER_RELEASENOTES_DIR\=/Applications/Xcode.app/Contents/Developer/ADC\ Reference\ Library/releasenotes
    export SYSTEM_DEVELOPER_TOOLS\=/Applications/Xcode.app/Contents/Developer/Tools
    export SYSTEM_DEVELOPER_TOOLS_DOC_DIR\=/Applications/Xcode.app/Contents/Developer/ADC\ Reference\ Library/documentation/DeveloperTools
    export SYSTEM_DEVELOPER_TOOLS_RELEASENOTES_DIR\=/Applications/Xcode.app/Contents/Developer/ADC\ Reference\ Library/releasenotes/DeveloperTools
    export SYSTEM_DEVELOPER_USR_DIR\=/Applications/Xcode.app/Contents/Developer/usr
    export SYSTEM_DEVELOPER_UTILITIES_DIR\=/Applications/Xcode.app/Contents/Developer/Applications/Utilities
    export SYSTEM_DEXT_INSTALL_PATH\=/System/Library/DriverExtensions
    export SYSTEM_DOCUMENTATION_DIR\=/Library/Documentation
    export SYSTEM_EXTENSIONS_FOLDER_PATH\=risebysolis.app/SystemExtensions
    export SYSTEM_EXTENSIONS_FOLDER_PATH_SHALLOW_BUNDLE_NO\=risebysolis.app/Library/SystemExtensions
    export SYSTEM_EXTENSIONS_FOLDER_PATH_SHALLOW_BUNDLE_YES\=risebysolis.app/SystemExtensions
    export SYSTEM_KEXT_INSTALL_PATH\=/System/Library/Extensions
    export SYSTEM_LIBRARY_DIR\=/System/Library
    export TAPI_DEMANGLE\=YES
    export TAPI_ENABLE_PROJECT_HEADERS\=NO
    export TAPI_LANGUAGE\=objective-c
    export TAPI_LANGUAGE_STANDARD\=compiler-default
    export TAPI_USE_SRCROOT\=YES
    export TAPI_VERIFY_MODE\=Pedantic
    export TARGETED_DEVICE_FAMILY\=1
    export TARGETNAME\=risebysolis
    export TARGET_BUILD_DIR\=/Users/antoniogrillo-balen/Library/Developer/Xcode/DerivedData/risebysolis-gzfsziqwziaggpcbgdowmssiasmi/Build/Products/Debug-iphonesimulator
    export TARGET_DEVICE_IDENTIFIER\=0C333F8A-4681-4475-855E-6FFD70F12533
    export TARGET_DEVICE_MODEL\=iPhone16,2
    export TARGET_DEVICE_OS_VERSION\=26.4.1
    export TARGET_DEVICE_PLATFORM_NAME\=iphonesimulator
    export TARGET_NAME\=risebysolis
    export TARGET_TEMP_DIR\=/Users/antoniogrillo-balen/Library/Developer/Xcode/DerivedData/risebysolis-gzfsziqwziaggpcbgdowmssiasmi/Build/Intermediates.noindex/risebysolis.build/Debug-iphonesimulator/risebysolis.build
    export TEMP_DIR\=/Users/antoniogrillo-balen/Library/Developer/Xcode/DerivedData/risebysolis-gzfsziqwziaggpcbgdowmssiasmi/Build/Intermediates.noindex/risebysolis.build/Debug-iphonesimulator/risebysolis.build
    export TEMP_FILES_DIR\=/Users/antoniogrillo-balen/Library/Developer/Xcode/DerivedData/risebysolis-gzfsziqwziaggpcbgdowmssiasmi/Build/Intermediates.noindex/risebysolis.build/Debug-iphonesimulator/risebysolis.build
    export TEMP_FILE_DIR\=/Users/antoniogrillo-balen/Library/Developer/Xcode/DerivedData/risebysolis-gzfsziqwziaggpcbgdowmssiasmi/Build/Intermediates.noindex/risebysolis.build/Debug-iphonesimulator/risebysolis.build
    export TEMP_ROOT\=/Users/antoniogrillo-balen/Library/Developer/Xcode/DerivedData/risebysolis-gzfsziqwziaggpcbgdowmssiasmi/Build/Intermediates.noindex
    export TEMP_SANDBOX_DIR\=/Users/antoniogrillo-balen/Library/Developer/Xcode/DerivedData/risebysolis-gzfsziqwziaggpcbgdowmssiasmi/Build/Intermediates.noindex/TemporaryTaskSandboxes
    export TEST_FRAMEWORK_SEARCH_PATHS\=\ /Applications/Xcode.app/Contents/Developer/Platforms/iPhoneSimulator.platform/Developer/Library/Frameworks\ /Applications/Xcode.app/Contents/Developer/Platforms/iPhoneSimulator.platform/Developer/SDKs/iPhoneSimulator26.5.sdk/Developer/Library/Frameworks
    export TEST_LIBRARY_SEARCH_PATHS\=\ /Applications/Xcode.app/Contents/Developer/Platforms/iPhoneSimulator.platform/Developer/usr/lib
    export TOOLCHAINS\=com.apple.dt.toolchain.XcodeDefault
    export TOOLCHAIN_DIR\=/Applications/Xcode.app/Contents/Developer/Toolchains/XcodeDefault.xctoolchain
    export TREAT_MISSING_BASELINES_AS_TEST_FAILURES\=NO
    export TREAT_MISSING_SCRIPT_PHASE_OUTPUTS_AS_ERRORS\=NO
    export TeamIdentifierPrefix\=FAKETEAMID.
    export UID\=501
    export UNINSTALLED_PRODUCTS_DIR\=/Users/antoniogrillo-balen/Library/Developer/Xcode/DerivedData/risebysolis-gzfsziqwziaggpcbgdowmssiasmi/Build/Intermediates.noindex/UninstalledProducts
    export UNLOCALIZED_RESOURCES_FOLDER_PATH\=risebysolis.app
    export UNLOCALIZED_RESOURCES_FOLDER_PATH_SHALLOW_BUNDLE_NO\=risebysolis.app/Resources
    export UNLOCALIZED_RESOURCES_FOLDER_PATH_SHALLOW_BUNDLE_YES\=risebysolis.app
    export UNSTRIPPED_PRODUCT\=NO
    export USER\=antoniogrillo-balen
    export USER_APPS_DIR\=/Users/antoniogrillo-balen/Applications
    export USER_LIBRARY_DIR\=/Users/antoniogrillo-balen/Library
    export USE_DYNAMIC_NO_PIC\=YES
    export USE_HEADERMAP\=YES
    export USE_HEADER_SYMLINKS\=NO
    export USE_HERMES\=true
    export USE_RECURSIVE_SCRIPT_INPUTS_IN_SCRIPT_PHASES\=YES
    export VALIDATE_DEVELOPMENT_ASSET_PATHS\=YES_ERROR
    export VALIDATE_PRODUCT\=NO
    export VALID_ARCHS\=arm64\ x86_64
    export VERBOSE_PBXCP\=NO
    export VERSIONING_SYSTEM\=apple-generic
    export VERSIONPLIST_PATH\=risebysolis.app/version.plist
    export VERSION_INFO_BUILDER\=antoniogrillo-balen
    export VERSION_INFO_FILE\=risebysolis_vers.c
    export VERSION_INFO_STRING\=\"@\(\#\)PROGRAM:risebysolis\ \ PROJECT:risebysolis-1\"
    export WORKSPACE_DIR\=/Users/antoniogrillo-balen/Desktop/Projects/RiseBuild/ios
    export WRAPPER_EXTENSION\=app
    export WRAPPER_NAME\=risebysolis.app
    export WRAPPER_SUFFIX\=.app
    export WRAP_ASSET_PACKS_IN_SEPARATE_DIRECTORIES\=NO
    export XCODE_APP_SUPPORT_DIR\=/Applications/Xcode.app/Contents/Developer/Library/Xcode
    export XCODE_PRODUCT_BUILD_VERSION\=17F42
    export XCODE_VERSION_ACTUAL\=2650
    export XCODE_VERSION_MAJOR\=2600
    export XCODE_VERSION_MINOR\=2650
    export XPCSERVICES_FOLDER_PATH\=risebysolis.app/XPCServices
    export YACC\=yacc
    export _DISCOVER_COMMAND_LINE_LINKER_INPUTS\=YES
    export _DISCOVER_COMMAND_LINE_LINKER_INPUTS_INCLUDE_WL\=YES
    export _LD_MULTIARCH\=YES
    export _WRAPPER_CONTENTS_DIR_SHALLOW_BUNDLE_NO\=/Contents
    export _WRAPPER_PARENT_PATH_SHALLOW_BUNDLE_NO\=/..
    export _WRAPPER_RESOURCES_DIR_SHALLOW_BUNDLE_NO\=/Resources
    export __DIAGNOSE_DEPRECATED_ARCHS\=YES
    export __IS_NOT_MACOS\=YES
    export __IS_NOT_MACOS_macosx\=NO
    export __IS_NOT_SIMULATOR\=NO
    export __IS_NOT_SIMULATOR_simulator\=NO
    export __ORIGINAL_SDK_DEFINED_LLVM_TARGET_TRIPLE_SYS\=ios
    export arch\=undefined_arch
    export variant\=normal
    /bin/sh -c /Users/antoniogrillo-balen/Library/Developer/Xcode/DerivedData/risebysolis-gzfsziqwziaggpcbgdowmssiasmi/Build/Intermediates.noindex/risebysolis.build/Debug-iphonesimulator/risebysolis.build/Script-00DD1BFF1BD5951E006B06BC.sh
+ DEST=/Users/antoniogrillo-balen/Library/Developer/Xcode/DerivedData/risebysolis-gzfsziqwziaggpcbgdowmssiasmi/Build/Products/Debug-iphonesimulator/risebysolis.app
+ [[ ! -n '' ]]
+ [[ Debug = *Debug* ]]
+ [[ ! iphonesimulator == *simulator ]]
+ [[ -n 1 ]]
+ echo 'SKIP_BUNDLING enabled; skipping.'
SKIP_BUNDLING enabled; skipping.
+ exit 0

PhaseScriptExecution [CP]\ Copy\ Pods\ Resources /Users/antoniogrillo-balen/Library/Developer/Xcode/DerivedData/risebysolis-gzfsziqwziaggpcbgdowmssiasmi/Build/Intermediates.noindex/risebysolis.build/Debug-iphonesimulator/risebysolis.build/Script-800E24972A6A228C8D4807E9.sh (in target 'risebysolis' from project 'risebysolis')
    cd /Users/antoniogrillo-balen/Desktop/Projects/RiseBuild/ios
    /bin/sh -c /Users/antoniogrillo-balen/Library/Developer/Xcode/DerivedData/risebysolis-gzfsziqwziaggpcbgdowmssiasmi/Build/Intermediates.noindex/risebysolis.build/Debug-iphonesimulator/risebysolis.build/Script-800E24972A6A228C8D4807E9.sh
/Users/antoniogrillo-balen/Library/Developer/Xcode/DerivedData/risebysolis-gzfsziqwziaggpcbgdowmssiasmi/Build/Products/Debug-iphonesimulator/AppAuth/AppAuthCore_Privacy.bundle
/Users/antoniogrillo-balen/Library/Developer/Xcode/DerivedData/risebysolis-gzfsziqwziaggpcbgdowmssiasmi/Build/Products/Debug-iphonesimulator/EXApplication/ExpoApplication_privacy.bundle
/Users/antoniogrillo-balen/Library/Developer/Xcode/DerivedData/risebysolis-gzfsziqwziaggpcbgdowmssiasmi/Build/Products/Debug-iphonesimulator/EXConstants/EXConstants.bundle
/Users/antoniogrillo-balen/Library/Developer/Xcode/DerivedData/risebysolis-gzfsziqwziaggpcbgdowmssiasmi/Build/Products/Debug-iphonesimulator/EXConstants/ExpoConstants_privacy.bundle
/Users/antoniogrillo-balen/Library/Developer/Xcode/DerivedData/risebysolis-gzfsziqwziaggpcbgdowmssiasmi/Build/Products/Debug-iphonesimulator/EXNotifications/ExpoNotifications_privacy.bundle
/Users/antoniogrillo-balen/Library/Developer/Xcode/DerivedData/risebysolis-gzfsziqwziaggpcbgdowmssiasmi/Build/Products/Debug-iphonesimulator/ExpoFileSystem/ExpoFileSystem_privacy.bundle
/Users/antoniogrillo-balen/Library/Developer/Xcode/DerivedData/risebysolis-gzfsziqwziaggpcbgdowmssiasmi/Build/Products/Debug-iphonesimulator/FirebaseAuth/FirebaseAuth_Privacy.bundle
/Users/antoniogrillo-balen/Library/Developer/Xcode/DerivedData/risebysolis-gzfsziqwziaggpcbgdowmssiasmi/Build/Products/Debug-iphonesimulator/FirebaseCore/FirebaseCore_Privacy.bundle
/Users/antoniogrillo-balen/Library/Developer/Xcode/DerivedData/risebysolis-gzfsziqwziaggpcbgdowmssiasmi/Build/Products/Debug-iphonesimulator/FirebaseCoreExtension/FirebaseCoreExtension_Privacy.bundle
/Users/antoniogrillo-balen/Library/Developer/Xcode/DerivedData/risebysolis-gzfsziqwziaggpcbgdowmssiasmi/Build/Products/Debug-iphonesimulator/FirebaseCoreInternal/FirebaseCoreInternal_Privacy.bundle
/Users/antoniogrillo-balen/Library/Developer/Xcode/DerivedData/risebysolis-gzfsziqwziaggpcbgdowmssiasmi/Build/Products/Debug-iphonesimulator/GTMAppAuth/GTMAppAuth_Privacy.bundle
/Users/antoniogrillo-balen/Library/Developer/Xcode/DerivedData/risebysolis-gzfsziqwziaggpcbgdowmssiasmi/Build/Products/Debug-iphonesimulator/GTMSessionFetcher/GTMSessionFetcher_Core_Privacy.bundle
/Users/antoniogrillo-balen/Library/Developer/Xcode/DerivedData/risebysolis-gzfsziqwziaggpcbgdowmssiasmi/Build/Products/Debug-iphonesimulator/GoogleSignIn/GoogleSignIn.bundle
/Users/antoniogrillo-balen/Library/Developer/Xcode/DerivedData/risebysolis-gzfsziqwziaggpcbgdowmssiasmi/Build/Products/Debug-iphonesimulator/GoogleUtilities/GoogleUtilities_Privacy.bundle
/Users/antoniogrillo-balen/Library/Developer/Xcode/DerivedData/risebysolis-gzfsziqwziaggpcbgdowmssiasmi/Build/Products/Debug-iphonesimulator/PromisesObjC/FBLPromises_Privacy.bundle
/Users/antoniogrillo-balen/Library/Developer/Xcode/DerivedData/risebysolis-gzfsziqwziaggpcbgdowmssiasmi/Build/Products/Debug-iphonesimulator/PurchasesHybridCommon/PurchasesHybridCommon.bundle
/Users/antoniogrillo-balen/Library/Developer/Xcode/DerivedData/risebysolis-gzfsziqwziaggpcbgdowmssiasmi/Build/Products/Debug-iphonesimulator/RCT-Folly/RCT-Folly_privacy.bundle
/Users/antoniogrillo-balen/Library/Developer/Xcode/DerivedData/risebysolis-gzfsziqwziaggpcbgdowmssiasmi/Build/Products/Debug-iphonesimulator/React-Core/React-Core_privacy.bundle
/Users/antoniogrillo-balen/Library/Developer/Xcode/DerivedData/risebysolis-gzfsziqwziaggpcbgdowmssiasmi/Build/Products/Debug-iphonesimulator/React-cxxreact/React-cxxreact_privacy.bundle
/Users/antoniogrillo-balen/Library/Developer/Xcode/DerivedData/risebysolis-gzfsziqwziaggpcbgdowmssiasmi/Build/Products/Debug-iphonesimulator/RevenueCat/RevenueCat.bundle
/Users/antoniogrillo-balen/Library/Developer/Xcode/DerivedData/risebysolis-gzfsziqwziaggpcbgdowmssiasmi/Build/Products/Debug-iphonesimulator/boost/boost_privacy.bundle
/Users/antoniogrillo-balen/Library/Developer/Xcode/DerivedData/risebysolis-gzfsziqwziaggpcbgdowmssiasmi/Build/Products/Debug-iphonesimulator/glog/glog_privacy.bundle
Transfer starting: 143 files
EXConstants.bundle/app.config

sent 9310 bytes  received 42 bytes  1154567 bytes/sec
total size is 228840  speedup is 24.47

PhaseScriptExecution [CP-User]\ [RNFB]\ Core\ Configuration /Users/antoniogrillo-balen/Library/Developer/Xcode/DerivedData/risebysolis-gzfsziqwziaggpcbgdowmssiasmi/Build/Intermediates.noindex/risebysolis.build/Debug-iphonesimulator/risebysolis.build/Script-F99E4626074EAE82BD4CCBC5.sh (in target 'risebysolis' from project 'risebysolis')
    cd /Users/antoniogrillo-balen/Desktop/Projects/RiseBuild/ios
    export ACTION\=build
    export AD_HOC_CODE_SIGNING_ALLOWED\=YES
    export AGGREGATE_TRACKED_DOMAINS\=YES
    export ALLOW_BUILD_REQUEST_OVERRIDES\=NO
    export ALLOW_TARGET_PLATFORM_SPECIALIZATION\=NO
    export ALTERNATE_GROUP\=staff
    export ALTERNATE_MODE\=u+w,go-w,a+rX
    export ALTERNATE_OWNER\=antoniogrillo-balen
    export ALTERNATIVE_DISTRIBUTION_WEB\=NO
    export ALWAYS_EMBED_SWIFT_STANDARD_LIBRARIES\=YES
    export ALWAYS_SEARCH_USER_PATHS\=NO
    export ALWAYS_USE_SEPARATE_HEADERMAPS\=NO
    export APPLICATION_EXTENSION_API_ONLY\=NO
    export APPLY_RULES_IN_COPY_FILES\=NO
    export APPLY_RULES_IN_COPY_HEADERS\=NO
    export APP_SHORTCUTS_ENABLE_FLEXIBLE_MATCHING\=YES
    export ARCHS\=arm64
    export ARCHS_BASE\=arm64
    export ARCHS_STANDARD\=arm64\ x86_64
    export ARCHS_STANDARD_32_64_BIT\=arm64\ x86_64
    export ARCHS_STANDARD_64_BIT\=arm64\ x86_64
    export ARCHS_STANDARD_INCLUDING_64_BIT\=arm64\ x86_64
    export ARCHS_UNIVERSAL_IPHONE_OS\=arm64\ x86_64
    export ASSETCATALOG_COMPILER_APPICON_NAME\=AppIcon
    export ASSETCATALOG_FILTER_FOR_DEVICE_MODEL\=iPhone16,2
    export ASSETCATALOG_FILTER_FOR_DEVICE_OS_VERSION\=26.4.1
    export ASSETCATALOG_FILTER_FOR_THINNING_DEVICE_CONFIGURATION\=iPhone16,2
    export AUTOMATICALLY_MERGE_DEPENDENCIES\=NO
    export AUTOMATION_APPLE_EVENTS\=NO
    export AVAILABLE_PLATFORMS\=android\ appletvos\ appletvsimulator\ driverkit\ freebsd\ iphoneos\ iphonesimulator\ linux\ macosx\ none\ openbsd\ qnx\ watchos\ watchsimulator\ webassembly\ xros\ xrsimulator
    export AppIdentifierPrefix\=FAKETEAMID.
    export BUILD_ACTIVE_RESOURCES_ONLY\=YES
    export BUILD_COMPONENTS\=headers\ build
    export BUILD_DIR\=/Users/antoniogrillo-balen/Library/Developer/Xcode/DerivedData/risebysolis-gzfsziqwziaggpcbgdowmssiasmi/Build/Products
    export BUILD_LIBRARY_FOR_DISTRIBUTION\=NO
    export BUILD_ONLY_KNOWN_LOCALIZATIONS\=NO
    export BUILD_ROOT\=/Users/antoniogrillo-balen/Library/Developer/Xcode/DerivedData/risebysolis-gzfsziqwziaggpcbgdowmssiasmi/Build/Products
    export BUILD_STYLE\=
    export BUILD_VARIANTS\=normal
    export BUILT_PRODUCTS_DIR\=/Users/antoniogrillo-balen/Library/Developer/Xcode/DerivedData/risebysolis-gzfsziqwziaggpcbgdowmssiasmi/Build/Products/Debug-iphonesimulator
    export BUNDLE_CONTENTS_FOLDER_PATH_deep\=Contents/
    export BUNDLE_EXECUTABLE_FOLDER_NAME_deep\=MacOS
    export BUNDLE_EXTENSIONS_FOLDER_PATH\=Extensions
    export BUNDLE_FORMAT\=shallow
    export BUNDLE_FRAMEWORKS_FOLDER_PATH\=Frameworks
    export BUNDLE_PLUGINS_FOLDER_PATH\=PlugIns
    export BUNDLE_PRIVATE_HEADERS_FOLDER_PATH\=PrivateHeaders
    export BUNDLE_PUBLIC_HEADERS_FOLDER_PATH\=Headers
    export CACHE_ROOT\=/var/folders/2z/jtlqylkx0c709j3xb7b0g4cm0000gn/C/com.apple.DeveloperTools/26.5-17F42/Xcode
    export CCHROOT\=/var/folders/2z/jtlqylkx0c709j3xb7b0g4cm0000gn/C/com.apple.DeveloperTools/26.5-17F42/Xcode
    export CHMOD\=/bin/chmod
    export CHOWN\=chown
    export CLANG_ANALYZER_LOCALIZABILITY_NONLOCALIZED\=YES
    export CLANG_CACHE_FINE_GRAINED_OUTPUTS\=YES
    export CLANG_CXX_LANGUAGE_STANDARD\=c++20
    export CLANG_CXX_LIBRARY\=libc++
    export CLANG_ENABLE_EXPLICIT_MODULES\=YES
    export CLANG_ENABLE_MODULES\=YES
    export CLANG_ENABLE_OBJC_ARC\=YES
    export CLANG_MODULES_BUILD_SESSION_FILE\=/Users/antoniogrillo-balen/Library/Developer/Xcode/DerivedData/ModuleCache.noindex/Session.modulevalidation
    export CLANG_WARN_BLOCK_CAPTURE_AUTORELEASING\=YES
    export CLANG_WARN_BOOL_CONVERSION\=YES
    export CLANG_WARN_COMMA\=YES
    export CLANG_WARN_CONSTANT_CONVERSION\=YES
    export CLANG_WARN_DEPRECATED_OBJC_IMPLEMENTATIONS\=YES
    export CLANG_WARN_DIRECT_OBJC_ISA_USAGE\=YES_ERROR
    export CLANG_WARN_EMPTY_BODY\=YES
    export CLANG_WARN_ENUM_CONVERSION\=YES
    export CLANG_WARN_INFINITE_RECURSION\=YES
    export CLANG_WARN_INT_CONVERSION\=YES
    export CLANG_WARN_NON_LITERAL_NULL_CONVERSION\=YES
    export CLANG_WARN_OBJC_IMPLICIT_RETAIN_SELF\=YES
    export CLANG_WARN_OBJC_LITERAL_CONVERSION\=YES
    export CLANG_WARN_OBJC_ROOT_CLASS\=YES_ERROR
    export CLANG_WARN_QUOTED_INCLUDE_IN_FRAMEWORK_HEADER\=NO
    export CLANG_WARN_RANGE_LOOP_ANALYSIS\=YES
    export CLANG_WARN_STRICT_PROTOTYPES\=YES
    export CLANG_WARN_SUSPICIOUS_MOVE\=YES
    export CLANG_WARN_UNREACHABLE_CODE\=YES
    export CLANG_WARN__DUPLICATE_METHOD_MATCH\=YES
    export CLASS_FILE_DIR\=/Users/antoniogrillo-balen/Library/Developer/Xcode/DerivedData/risebysolis-gzfsziqwziaggpcbgdowmssiasmi/Build/Intermediates.noindex/risebysolis.build/Debug-iphonesimulator/risebysolis.build/JavaClasses
    export CLEAN_PRECOMPS\=YES
    export CLONE_HEADERS\=NO
    export CODESIGNING_FOLDER_PATH\=/Users/antoniogrillo-balen/Library/Developer/Xcode/DerivedData/risebysolis-gzfsziqwziaggpcbgdowmssiasmi/Build/Products/Debug-iphonesimulator/risebysolis.app
    export CODE_SIGNING_ALLOWED\=YES
    export CODE_SIGNING_REQUIRED\=YES
    export CODE_SIGN_CONTEXT_CLASS\=XCiPhoneSimulatorCodeSignContext
    export CODE_SIGN_ENTITLEMENTS\=risebysolis/risebysolis.entitlements
    export CODE_SIGN_IDENTITY\=-
    export CODE_SIGN_INJECT_BASE_ENTITLEMENTS\=YES
    export COLOR_DIAGNOSTICS\=NO
    export COMBINE_HIDPI_IMAGES\=NO
    export COMPILATION_CACHE_CAS_PATH\=/Users/antoniogrillo-balen/Library/Developer/Xcode/DerivedData/CompilationCache.noindex
    export COMPILATION_CACHE_KEEP_CAS_DIRECTORY\=YES
    export COMPILER_INDEX_STORE_ENABLE\=Default
    export COMPOSITE_SDK_DIRS\=/Users/antoniogrillo-balen/Library/Developer/Xcode/DerivedData/risebysolis-gzfsziqwziaggpcbgdowmssiasmi/Build/Intermediates.noindex/CompositeSDKs
    export COMPRESS_PNG_FILES\=YES
    export CONFIGURATION\=Debug
    export CONFIGURATION_BUILD_DIR\=/Users/antoniogrillo-balen/Library/Developer/Xcode/DerivedData/risebysolis-gzfsziqwziaggpcbgdowmssiasmi/Build/Products/Debug-iphonesimulator
    export CONFIGURATION_TEMP_DIR\=/Users/antoniogrillo-balen/Library/Developer/Xcode/DerivedData/risebysolis-gzfsziqwziaggpcbgdowmssiasmi/Build/Intermediates.noindex/risebysolis.build/Debug-iphonesimulator
    export CONTENTS_FOLDER_PATH\=risebysolis.app
    export CONTENTS_FOLDER_PATH_SHALLOW_BUNDLE_NO\=risebysolis.app/Contents
    export CONTENTS_FOLDER_PATH_SHALLOW_BUNDLE_YES\=risebysolis.app
    export COPYING_PRESERVES_HFS_DATA\=NO
    export COPY_HEADERS_RUN_UNIFDEF\=NO
    export COPY_PHASE_STRIP\=NO
    export CORRESPONDING_DEVICE_PLATFORM_DIR\=/Applications/Xcode.app/Contents/Developer/Platforms/iPhoneOS.platform
    export CORRESPONDING_DEVICE_PLATFORM_NAME\=iphoneos
    export CORRESPONDING_DEVICE_SDK_DIR\=/Applications/Xcode.app/Contents/Developer/Platforms/iPhoneOS.platform/Developer/SDKs/iPhoneOS26.5.sdk
    export CORRESPONDING_DEVICE_SDK_NAME\=iphoneos26.5
    export CP\=/bin/cp
    export CREATE_INFOPLIST_SECTION_IN_BINARY\=NO
    export CURRENT_ARCH\=undefined_arch
    export CURRENT_PROJECT_VERSION\=1
    export CURRENT_VARIANT\=normal
    export DEAD_CODE_STRIPPING\=YES
    export DEBUGGING_SYMBOLS\=YES
    export DEBUG_INFORMATION_FORMAT\=dwarf-with-dsym
    export DEBUG_INFORMATION_VERSION\=compiler-default
    export DEFAULT_COMPILER\=com.apple.compilers.llvm.clang.1_0
    export DEFAULT_DEXT_INSTALL_PATH\=/System/Library/DriverExtensions
    export DEFAULT_KEXT_INSTALL_PATH\=/System/Library/Extensions
    export DEFINES_MODULE\=NO
    export DEPLOYMENT_LOCATION\=NO
    export DEPLOYMENT_POSTPROCESSING\=NO
    export DEPLOYMENT_TARGET_SETTING_NAME\=IPHONEOS_DEPLOYMENT_TARGET
    export DEPLOYMENT_TARGET_SUGGESTED_VALUES\=12.0\ 12.1\ 12.2\ 12.3\ 12.4\ 13.0\ 13.1\ 13.2\ 13.3\ 13.4\ 13.5\ 13.6\ 14.0\ 14.1\ 14.2\ 14.3\ 14.4\ 14.5\ 14.6\ 14.7\ 15.0\ 15.1\ 15.2\ 15.3\ 15.4\ 15.5\ 15.6\ 16.0\ 16.1\ 16.2\ 16.3\ 16.4\ 16.5\ 16.6\ 17.0\ 17.1\ 17.2\ 17.3\ 17.4\ 17.5\ 17.6\ 18.0\ 18.1\ 18.2\ 18.3\ 18.4\ 18.5\ 18.6\ 26.0\ 26.2\ 26.3\ 26.4\ 26.5
    export DERIVED_FILES_DIR\=/Users/antoniogrillo-balen/Library/Developer/Xcode/DerivedData/risebysolis-gzfsziqwziaggpcbgdowmssiasmi/Build/Intermediates.noindex/risebysolis.build/Debug-iphonesimulator/risebysolis.build/DerivedSources
    export DERIVED_FILE_DIR\=/Users/antoniogrillo-balen/Library/Developer/Xcode/DerivedData/risebysolis-gzfsziqwziaggpcbgdowmssiasmi/Build/Intermediates.noindex/risebysolis.build/Debug-iphonesimulator/risebysolis.build/DerivedSources
    export DERIVED_SOURCES_DIR\=/Users/antoniogrillo-balen/Library/Developer/Xcode/DerivedData/risebysolis-gzfsziqwziaggpcbgdowmssiasmi/Build/Intermediates.noindex/risebysolis.build/Debug-iphonesimulator/risebysolis.build/DerivedSources
    export DEVELOPER_APPLICATIONS_DIR\=/Applications/Xcode.app/Contents/Developer/Applications
    export DEVELOPER_BIN_DIR\=/Applications/Xcode.app/Contents/Developer/usr/bin
    export DEVELOPER_DIR\=/Applications/Xcode.app/Contents/Developer
    export DEVELOPER_FRAMEWORKS_DIR\=/Applications/Xcode.app/Contents/Developer/Library/Frameworks
    export DEVELOPER_FRAMEWORKS_DIR_QUOTED\=/Applications/Xcode.app/Contents/Developer/Library/Frameworks
    export DEVELOPER_LIBRARY_DIR\=/Applications/Xcode.app/Contents/Developer/Library
    export DEVELOPER_SDK_DIR\=/Applications/Xcode.app/Contents/Developer/Platforms/MacOSX.platform/Developer/SDKs
    export DEVELOPER_TOOLS_DIR\=/Applications/Xcode.app/Contents/Developer/Tools
    export DEVELOPER_USR_DIR\=/Applications/Xcode.app/Contents/Developer/usr
    export DEVELOPMENT_LANGUAGE\=en
    export DIAGNOSE_MISSING_TARGET_DEPENDENCIES\=YES
    export DIFF\=/usr/bin/diff
    export DOCUMENTATION_FOLDER_PATH\=risebysolis.app/en.lproj/Documentation
    export DONT_GENERATE_INFOPLIST_FILE\=NO
    export DSTROOT\=/tmp/risebysolis.dst
    export DT_TOOLCHAIN_DIR\=/Applications/Xcode.app/Contents/Developer/Toolchains/XcodeDefault.xctoolchain
    export DUMP_DEPENDENCIES\=NO
    export DUMP_DEPENDENCIES_OUTPUT_PATH\=/Users/antoniogrillo-balen/Library/Developer/Xcode/DerivedData/risebysolis-gzfsziqwziaggpcbgdowmssiasmi/Build/Intermediates.noindex/risebysolis.build/Debug-iphonesimulator/risebysolis.build/risebysolis-BuildDependencyInfo.json
    export DWARF_DSYM_FILE_NAME\=risebysolis.app.dSYM
    export DWARF_DSYM_FILE_SHOULD_ACCOMPANY_PRODUCT\=NO
    export DWARF_DSYM_FOLDER_PATH\=/Users/antoniogrillo-balen/Library/Developer/Xcode/DerivedData/risebysolis-gzfsziqwziaggpcbgdowmssiasmi/Build/Products/Debug-iphonesimulator
    export DYNAMIC_LIBRARY_EXTENSION\=dylib
    export EAGER_COMPILATION_ALLOW_SCRIPTS\=NO
    export EAGER_LINKING\=NO
    export EFFECTIVE_PLATFORM_NAME\=-iphonesimulator
    export EFFECTIVE_SWIFT_VERSION\=5
    export EMBEDDED_CONTENT_CONTAINS_SWIFT\=NO
    export EMBED_ASSET_PACKS_IN_PRODUCT_BUNDLE\=NO
    export ENABLE_APP_SANDBOX\=NO
    export ENABLE_BITCODE\=NO
    export ENABLE_CODE_COVERAGE\=YES
    export ENABLE_COHORT_ARCHS\=NO
    export ENABLE_CPLUSPLUS_BOUNDS_SAFE_BUFFERS\=NO
    export ENABLE_C_BOUNDS_SAFETY\=NO
    export ENABLE_DEBUG_DYLIB\=YES
    export ENABLE_DEFAULT_HEADER_SEARCH_PATHS\=YES
    export ENABLE_DEFAULT_SEARCH_PATHS\=YES
    export ENABLE_ENHANCED_SECURITY\=NO
    export ENABLE_HARDENED_RUNTIME\=NO
    export ENABLE_HEADER_DEPENDENCIES\=YES
    export ENABLE_INCOMING_NETWORK_CONNECTIONS\=NO
    export ENABLE_ON_DEMAND_RESOURCES\=YES
    export ENABLE_OUTGOING_NETWORK_CONNECTIONS\=NO
    export ENABLE_POINTER_AUTHENTICATION\=NO
    export ENABLE_PREVIEWS\=NO
    export ENABLE_RESOURCE_ACCESS_AUDIO_INPUT\=NO
    export ENABLE_RESOURCE_ACCESS_BLUETOOTH\=NO
    export ENABLE_RESOURCE_ACCESS_CALENDARS\=NO
    export ENABLE_RESOURCE_ACCESS_CAMERA\=NO
    export ENABLE_RESOURCE_ACCESS_CONTACTS\=NO
    export ENABLE_RESOURCE_ACCESS_LOCATION\=NO
    export ENABLE_RESOURCE_ACCESS_PHOTO_LIBRARY\=NO
    export ENABLE_RESOURCE_ACCESS_PRINTING\=NO
    export ENABLE_RESOURCE_ACCESS_USB\=NO
    export ENABLE_SDK_IMPORTS\=NO
    export ENABLE_SECURITY_COMPILER_WARNINGS\=NO
    export ENABLE_STRICT_OBJC_MSGSEND\=YES
    export ENABLE_TESTABILITY\=YES
    export ENABLE_TESTING_SEARCH_PATHS\=NO
    export ENABLE_USER_SCRIPT_SANDBOXING\=NO
    export ENABLE_XOJIT_PREVIEWS\=YES
    export ENFORCE_VALID_ARCHS\=YES
    export ENTITLEMENTS_ALLOWED\=NO
    export ENTITLEMENTS_DESTINATION\=__entitlements
    export ENTITLEMENTS_REQUIRED\=NO
    export EXCLUDED_INSTALLSRC_SUBDIRECTORY_PATTERNS\=.DS_Store\ .svn\ .git\ .hg\ CVS
    export EXCLUDED_RECURSIVE_SEARCH_PATH_SUBDIRECTORIES\=\*.nib\ \*.lproj\ \*.framework\ \*.gch\ \*.xcode\*\ \*.xcassets\ \*.icon\ \(\*\)\ .DS_Store\ CVS\ .svn\ .git\ .hg\ \*.pbproj\ \*.pbxproj
    export EXECUTABLES_FOLDER_PATH\=risebysolis.app/Executables
    export EXECUTABLE_BLANK_INJECTION_DYLIB_PATH\=risebysolis.app/__preview.dylib
    export EXECUTABLE_DEBUG_DYLIB_INSTALL_NAME\=@rpath/risebysolis.debug.dylib
    export EXECUTABLE_DEBUG_DYLIB_PATH\=risebysolis.app/risebysolis.debug.dylib
    export EXECUTABLE_FOLDER_PATH\=risebysolis.app
    export EXECUTABLE_FOLDER_PATH_SHALLOW_BUNDLE_NO\=risebysolis.app/MacOS
    export EXECUTABLE_FOLDER_PATH_SHALLOW_BUNDLE_YES\=risebysolis.app
    export EXECUTABLE_NAME\=risebysolis
    export EXECUTABLE_PATH\=risebysolis.app/risebysolis
    export EXPANDED_CODE_SIGN_IDENTITY\=-
    export EXPANDED_CODE_SIGN_IDENTITY_NAME\=Sign\ to\ Run\ Locally
    export EXTENSIONS_FOLDER_PATH\=risebysolis.app/Extensions
    export FILE_LIST\=/Users/antoniogrillo-balen/Library/Developer/Xcode/DerivedData/risebysolis-gzfsziqwziaggpcbgdowmssiasmi/Build/Intermediates.noindex/risebysolis.build/Debug-iphonesimulator/risebysolis.build/Objects/LinkFileList
    export FIXED_FILES_DIR\=/Users/antoniogrillo-balen/Library/Developer/Xcode/DerivedData/risebysolis-gzfsziqwziaggpcbgdowmssiasmi/Build/Intermediates.noindex/risebysolis.build/Debug-iphonesimulator/risebysolis.build/FixedFiles
    export FRAMEWORKS_FOLDER_PATH\=risebysolis.app/Frameworks
    export FRAMEWORK_FLAG_PREFIX\=-framework
    export FRAMEWORK_SEARCH_PATHS\=/Users/antoniogrillo-balen/Library/Developer/Xcode/DerivedData/risebysolis-gzfsziqwziaggpcbgdowmssiasmi/Build/Products/Debug-iphonesimulator\ \ \"/Users/antoniogrillo-balen/Library/Developer/Xcode/DerivedData/risebysolis-gzfsziqwziaggpcbgdowmssiasmi/Build/Products/Debug-iphonesimulator/AppAuth\"\ \"/Users/antoniogrillo-balen/Library/Developer/Xcode/DerivedData/risebysolis-gzfsziqwziaggpcbgdowmssiasmi/Build/Products/Debug-iphonesimulator/AppCheckCore\"\ \"/Users/antoniogrillo-balen/Library/Developer/Xcode/DerivedData/risebysolis-gzfsziqwziaggpcbgdowmssiasmi/Build/Products/Debug-iphonesimulator/DoubleConversion\"\ \"/Users/antoniogrillo-balen/Library/Developer/Xcode/DerivedData/risebysolis-gzfsziqwziaggpcbgdowmssiasmi/Build/Products/Debug-iphonesimulator/EXApplication\"\ \"/Users/antoniogrillo-balen/Library/Developer/Xcode/DerivedData/risebysolis-gzfsziqwziaggpcbgdowmssiasmi/Build/Products/Debug-iphonesimulator/EXConstants\"\ \"/Users/antoniogrillo-balen/Library/Developer/Xcode/DerivedData/risebysolis-gzfsziqwziaggpcbgdowmssiasmi/Build/Products/Debug-iphonesimulator/EXNotifications\"\ \"/Users/antoniogrillo-balen/Library/Developer/Xcode/DerivedData/risebysolis-gzfsziqwziaggpcbgdowmssiasmi/Build/Products/Debug-iphonesimulator/Expo\"\ \"/Users/antoniogrillo-balen/Library/Developer/Xcode/DerivedData/risebysolis-gzfsziqwziaggpcbgdowmssiasmi/Build/Products/Debug-iphonesimulator/ExpoAdapterGoogleSignIn\"\ \"/Users/antoniogrillo-balen/Library/Developer/Xcode/DerivedData/risebysolis-gzfsziqwziaggpcbgdowmssiasmi/Build/Products/Debug-iphonesimulator/ExpoAppleAuthentication\"\ \"/Users/antoniogrillo-balen/Library/Developer/Xcode/DerivedData/risebysolis-gzfsziqwziaggpcbgdowmssiasmi/Build/Products/Debug-iphonesimulator/ExpoAsset\"\ \"/Users/antoniogrillo-balen/Library/Developer/Xcode/DerivedData/risebysolis-gzfsziqwziaggpcbgdowmssiasmi/Build/Products/Debug-iphonesimulator/ExpoCrypto\"\ \"/Users/antoniogrillo-balen/Library/Developer/Xcode/DerivedData/risebysolis-gzfsziqwziaggpcbgdowmssiasmi/Build/Products/Debug-iphonesimulator/ExpoFileSystem\"\ \"/Users/antoniogrillo-balen/Library/Developer/Xcode/DerivedData/risebysolis-gzfsziqwziaggpcbgdowmssiasmi/Build/Products/Debug-iphonesimulator/ExpoFont\"\ \"/Users/antoniogrillo-balen/Library/Developer/Xcode/DerivedData/risebysolis-gzfsziqwziaggpcbgdowmssiasmi/Build/Products/Debug-iphonesimulator/ExpoHaptics\"\ \"/Users/antoniogrillo-balen/Library/Developer/Xcode/DerivedData/risebysolis-gzfsziqwziaggpcbgdowmssiasmi/Build/Products/Debug-iphonesimulator/ExpoHead\"\ \"/Users/antoniogrillo-balen/Library/Developer/Xcode/DerivedData/risebysolis-gzfsziqwziaggpcbgdowmssiasmi/Build/Products/Debug-iphonesimulator/ExpoKeepAwake\"\ \"/Users/antoniogrillo-balen/Library/Developer/Xcode/DerivedData/risebysolis-gzfsziqwziaggpcbgdowmssiasmi/Build/Products/Debug-iphonesimulator/ExpoLinking\"\ \"/Users/antoniogrillo-balen/Library/Developer/Xcode/DerivedData/risebysolis-gzfsziqwziaggpcbgdowmssiasmi/Build/Products/Debug-iphonesimulator/ExpoModulesCore\"\ \"/Users/antoniogrillo-balen/Library/Developer/Xcode/DerivedData/risebysolis-gzfsziqwziaggpcbgdowmssiasmi/Build/Products/Debug-iphonesimulator/ExpoSecureStore\"\ \"/Users/antoniogrillo-balen/Library/Developer/Xcode/DerivedData/risebysolis-gzfsziqwziaggpcbgdowmssiasmi/Build/Products/Debug-iphonesimulator/ExpoSplashScreen\"\ \"/Users/antoniogrillo-balen/Library/Developer/Xcode/DerivedData/risebysolis-gzfsziqwziaggpcbgdowmssiasmi/Build/Products/Debug-iphonesimulator/FirebaseAppCheckInterop\"\ \"/Users/antoniogrillo-balen/Library/Developer/Xcode/DerivedData/risebysolis-gzfsziqwziaggpcbgdowmssiasmi/Build/Products/Debug-iphonesimulator/FirebaseAuth\"\ \"/Users/antoniogrillo-balen/Library/Developer/Xcode/DerivedData/risebysolis-gzfsziqwziaggpcbgdowmssiasmi/Build/Products/Debug-iphonesimulator/FirebaseAuthInterop\"\ \"/Users/antoniogrillo-balen/Library/Developer/Xcode/DerivedData/risebysolis-gzfsziqwziaggpcbgdowmssiasmi/Build/Products/Debug-iphonesimulator/FirebaseCore\"\ \"/Users/antoniogrillo-balen/Library/Developer/Xcode/DerivedData/risebysolis-gzfsziqwziaggpcbgdowmssiasmi/Build/Products/Debug-iphonesimulator/FirebaseCoreExtension\"\ \"/Users/antoniogrillo-balen/Library/Developer/Xcode/DerivedData/risebysolis-gzfsziqwziaggpcbgdowmssiasmi/Build/Products/Debug-iphonesimulator/FirebaseCoreInternal\"\ \"/Users/antoniogrillo-balen/Library/Developer/Xcode/DerivedData/risebysolis-gzfsziqwziaggpcbgdowmssiasmi/Build/Products/Debug-iphonesimulator/GTMAppAuth\"\ \"/Users/antoniogrillo-balen/Library/Developer/Xcode/DerivedData/risebysolis-gzfsziqwziaggpcbgdowmssiasmi/Build/Products/Debug-iphonesimulator/GTMSessionFetcher\"\ \"/Users/antoniogrillo-balen/Library/Developer/Xcode/DerivedData/risebysolis-gzfsziqwziaggpcbgdowmssiasmi/Build/Products/Debug-iphonesimulator/GoogleSignIn\"\ \"/Users/antoniogrillo-balen/Library/Developer/Xcode/DerivedData/risebysolis-gzfsziqwziaggpcbgdowmssiasmi/Build/Products/Debug-iphonesimulator/GoogleUtilities\"\ \"/Users/antoniogrillo-balen/Library/Developer/Xcode/DerivedData/risebysolis-gzfsziqwziaggpcbgdowmssiasmi/Build/Products/Debug-iphonesimulator/PromisesObjC\"\ \"/Users/antoniogrillo-balen/Library/Developer/Xcode/DerivedData/risebysolis-gzfsziqwziaggpcbgdowmssiasmi/Build/Products/Debug-iphonesimulator/PurchasesHybridCommon\"\ \"/Users/antoniogrillo-balen/Library/Developer/Xcode/DerivedData/risebysolis-gzfsziqwziaggpcbgdowmssiasmi/Build/Products/Debug-iphonesimulator/RCT-Folly\"\ \"/Users/antoniogrillo-balen/Library/Developer/Xcode/DerivedData/risebysolis-gzfsziqwziaggpcbgdowmssiasmi/Build/Products/Debug-iphonesimulator/RCTDeprecation\"\ \"/Users/antoniogrillo-balen/Library/Developer/Xcode/DerivedData/risebysolis-gzfsziqwziaggpcbgdowmssiasmi/Build/Products/Debug-iphonesimulator/RCTTypeSafety\"\ \"/Users/antoniogrillo-balen/Library/Developer/Xcode/DerivedData/risebysolis-gzfsziqwziaggpcbgdowmssiasmi/Build/Products/Debug-iphonesimulator/RNFBApp\"\ \"/Users/antoniogrillo-balen/Library/Developer/Xcode/DerivedData/risebysolis-gzfsziqwziaggpcbgdowmssiasmi/Build/Products/Debug-iphonesimulator/RNFBAuth\"\ \"/Users/antoniogrillo-balen/Library/Developer/Xcode/DerivedData/risebysolis-gzfsziqwziaggpcbgdowmssiasmi/Build/Products/Debug-iphonesimulator/RNGestureHandler\"\ \"/Users/antoniogrillo-balen/Library/Developer/Xcode/DerivedData/risebysolis-gzfsziqwziaggpcbgdowmssiasmi/Build/Products/Debug-iphonesimulator/RNGoogleSignin\"\ \"/Users/antoniogrillo-balen/Library/Developer/Xcode/DerivedData/risebysolis-gzfsziqwziaggpcbgdowmssiasmi/Build/Products/Debug-iphonesimulator/RNPurchases\"\ \"/Users/antoniogrillo-balen/Library/Developer/Xcode/DerivedData/risebysolis-gzfsziqwziaggpcbgdowmssiasmi/Build/Products/Debug-iphonesimulator/RNReanimated\"\ \"/Users/antoniogrillo-balen/Library/Developer/Xcode/DerivedData/risebysolis-gzfsziqwziaggpcbgdowmssiasmi/Build/Products/Debug-iphonesimulator/RNScreens\"\ \"/Users/antoniogrillo-balen/Library/Developer/Xcode/DerivedData/risebysolis-gzfsziqwziaggpcbgdowmssiasmi/Build/Products/Debug-iphonesimulator/React-Core\"\ \"/Users/antoniogrillo-balen/Library/Developer/Xcode/DerivedData/risebysolis-gzfsziqwziaggpcbgdowmssiasmi/Build/Products/Debug-iphonesimulator/React-CoreModules\"\ \"/Users/antoniogrillo-balen/Library/Developer/Xcode/DerivedData/risebysolis-gzfsziqwziaggpcbgdowmssiasmi/Build/Products/Debug-iphonesimulator/React-Fabric\"\ \"/Users/antoniogrillo-balen/Library/Developer/Xcode/DerivedData/risebysolis-gzfsziqwziaggpcbgdowmssiasmi/Build/Products/Debug-iphonesimulator/React-FabricComponents\"\ \"/Users/antoniogrillo-balen/Library/Developer/Xcode/DerivedData/risebysolis-gzfsziqwziaggpcbgdowmssiasmi/Build/Products/Debug-iphonesimulator/React-FabricImage\"\ \"/Users/antoniogrillo-balen/Library/Developer/Xcode/DerivedData/risebysolis-gzfsziqwziaggpcbgdowmssiasmi/Build/Products/Debug-iphonesimulator/React-ImageManager\"\ \"/Users/antoniogrillo-balen/Library/Developer/Xcode/DerivedData/risebysolis-gzfsziqwziaggpcbgdowmssiasmi/Build/Products/Debug-iphonesimulator/React-Mapbuffer\"\ \"/Users/antoniogrillo-balen/Library/Developer/Xcode/DerivedData/risebysolis-gzfsziqwziaggpcbgdowmssiasmi/Build/Products/Debug-iphonesimulator/React-NativeModulesApple\"\ \"/Users/antoniogrillo-balen/Library/Developer/Xcode/DerivedData/risebysolis-gzfsziqwziaggpcbgdowmssiasmi/Build/Products/Debug-iphonesimulator/React-RCTAnimation\"\ \"/Users/antoniogrillo-balen/Library/Developer/Xcode/DerivedData/risebysolis-gzfsziqwziaggpcbgdowmssiasmi/Build/Products/Debug-iphonesimulator/React-RCTAppDelegate\"\ \"/Users/antoniogrillo-balen/Library/Developer/Xcode/DerivedData/risebysolis-gzfsziqwziaggpcbgdowmssiasmi/Build/Products/Debug-iphonesimulator/React-RCTBlob\"\ \"/Users/antoniogrillo-balen/Library/Developer/Xcode/DerivedData/risebysolis-gzfsziqwziaggpcbgdowmssiasmi/Build/Products/Debug-iphonesimulator/React-RCTFabric\"\ \"/Users/antoniogrillo-balen/Library/Developer/Xcode/DerivedData/risebysolis-gzfsziqwziaggpcbgdowmssiasmi/Build/Products/Debug-iphonesimulator/React-RCTImage\"\ \"/Users/antoniogrillo-balen/Library/Developer/Xcode/DerivedData/risebysolis-gzfsziqwziaggpcbgdowmssiasmi/Build/Products/Debug-iphonesimulator/React-RCTLinking\"\ \"/Users/antoniogrillo-balen/Library/Developer/Xcode/DerivedData/risebysolis-gzfsziqwziaggpcbgdowmssiasmi/Build/Products/Debug-iphonesimulator/React-RCTNetwork\"\ \"/Users/antoniogrillo-balen/Library/Developer/Xcode/DerivedData/risebysolis-gzfsziqwziaggpcbgdowmssiasmi/Build/Products/Debug-iphonesimulator/React-RCTSettings\"\ \"/Users/antoniogrillo-balen/Library/Developer/Xcode/DerivedData/risebysolis-gzfsziqwziaggpcbgdowmssiasmi/Build/Products/Debug-iphonesimulator/React-RCTText\"\ \"/Users/antoniogrillo-balen/Library/Developer/Xcode/DerivedData/risebysolis-gzfsziqwziaggpcbgdowmssiasmi/Build/Products/Debug-iphonesimulator/React-RCTVibration\"\ \"/Users/antoniogrillo-balen/Library/Developer/Xcode/DerivedData/risebysolis-gzfsziqwziaggpcbgdowmssiasmi/Build/Products/Debug-iphonesimulator/React-RuntimeApple\"\ \"/Users/antoniogrillo-balen/Library/Developer/Xcode/DerivedData/risebysolis-gzfsziqwziaggpcbgdowmssiasmi/Build/Products/Debug-iphonesimulator/React-RuntimeCore\"\ \"/Users/antoniogrillo-balen/Library/Developer/Xcode/DerivedData/risebysolis-gzfsziqwziaggpcbgdowmssiasmi/Build/Products/Debug-iphonesimulator/React-RuntimeHermes\"\ \"/Users/antoniogrillo-balen/Library/Developer/Xcode/DerivedData/risebysolis-gzfsziqwziaggpcbgdowmssiasmi/Build/Products/Debug-iphonesimulator/React-cxxreact\"\ \"/Users/antoniogrillo-balen/Library/Developer/Xcode/DerivedData/risebysolis-gzfsziqwziaggpcbgdowmssiasmi/Build/Products/Debug-iphonesimulator/React-debug\"\ \"/Users/antoniogrillo-balen/Library/Developer/Xcode/DerivedData/risebysolis-gzfsziqwziaggpcbgdowmssiasmi/Build/Products/Debug-iphonesimulator/React-defaultsnativemodule\"\ \"/Users/antoniogrillo-balen/Library/Developer/Xcode/DerivedData/risebysolis-gzfsziqwziaggpcbgdowmssiasmi/Build/Products/Debug-iphonesimulator/React-domnativemodule\"\ \"/Users/antoniogrillo-balen/Library/Developer/Xcode/DerivedData/risebysolis-gzfsziqwziaggpcbgdowmssiasmi/Build/Products/Debug-iphonesimulator/React-featureflags\"\ \"/Users/antoniogrillo-balen/Library/Developer/Xcode/DerivedData/risebysolis-gzfsziqwziaggpcbgdowmssiasmi/Build/Products/Debug-iphonesimulator/React-featureflagsnativemodule\"\ \"/Users/antoniogrillo-balen/Library/Developer/Xcode/DerivedData/risebysolis-gzfsziqwziaggpcbgdowmssiasmi/Build/Products/Debug-iphonesimulator/React-graphics\"\ \"/Users/antoniogrillo-balen/Library/Developer/Xcode/DerivedData/risebysolis-gzfsziqwziaggpcbgdowmssiasmi/Build/Products/Debug-iphonesimulator/React-hermes\"\ \"/Users/antoniogrillo-balen/Library/Developer/Xcode/DerivedData/risebysolis-gzfsziqwziaggpcbgdowmssiasmi/Build/Products/Debug-iphonesimulator/React-idlecallbacksnativemodule\"\ \"/Users/antoniogrillo-balen/Library/Developer/Xcode/DerivedData/risebysolis-gzfsziqwziaggpcbgdowmssiasmi/Build/Products/Debug-iphonesimulator/React-jserrorhandler\"\ \"/Users/antoniogrillo-balen/Library/Developer/Xcode/DerivedData/risebysolis-gzfsziqwziaggpcbgdowmssiasmi/Build/Products/Debug-iphonesimulator/React-jsi\"\ \"/Users/antoniogrillo-balen/Library/Developer/Xcode/DerivedData/risebysolis-gzfsziqwziaggpcbgdowmssiasmi/Build/Products/Debug-iphonesimulator/React-jsiexecutor\"\ \"/Users/antoniogrillo-balen/Library/Developer/Xcode/DerivedData/risebysolis-gzfsziqwziaggpcbgdowmssiasmi/Build/Products/Debug-iphonesimulator/React-jsinspector\"\ \"/Users/antoniogrillo-balen/Library/Developer/Xcode/DerivedData/risebysolis-gzfsziqwziaggpcbgdowmssiasmi/Build/Products/Debug-iphonesimulator/React-logger\"\ \"/Users/antoniogrillo-balen/Library/Developer/Xcode/DerivedData/risebysolis-gzfsziqwziaggpcbgdowmssiasmi/Build/Products/Debug-iphonesimulator/React-microtasksnativemodule\"\ \"/Users/antoniogrillo-balen/Library/Developer/Xcode/DerivedData/risebysolis-gzfsziqwziaggpcbgdowmssiasmi/Build/Products/Debug-iphonesimulator/React-nativeconfig\"\ \"/Users/antoniogrillo-balen/Library/Developer/Xcode/DerivedData/risebysolis-gzfsziqwziaggpcbgdowmssiasmi/Build/Products/Debug-iphonesimulator/React-perflogger\"\ \"/Users/antoniogrillo-balen/Library/Developer/Xcode/DerivedData/risebysolis-gzfsziqwziaggpcbgdowmssiasmi/Build/Products/Debug-iphonesimulator/React-performancetimeline\"\ \"/Users/antoniogrillo-balen/Library/Developer/Xcode/DerivedData/risebysolis-gzfsziqwziaggpcbgdowmssiasmi/Build/Products/Debug-iphonesimulator/React-rendererconsistency\"\ \"/Users/antoniogrillo-balen/Library/Developer/Xcode/DerivedData/risebysolis-gzfsziqwziaggpcbgdowmssiasmi/Build/Products/Debug-iphonesimulator/React-rendererdebug\"\ \"/Users/antoniogrillo-balen/Library/Developer/Xcode/DerivedData/risebysolis-gzfsziqwziaggpcbgdowmssiasmi/Build/Products/Debug-iphonesimulator/React-runtimescheduler\"\ \"/Users/antoniogrillo-balen/Library/Developer/Xcode/DerivedData/risebysolis-gzfsziqwziaggpcbgdowmssiasmi/Build/Products/Debug-iphonesimulator/React-utils\"\ \"/Users/antoniogrillo-balen/Library/Developer/Xcode/DerivedData/risebysolis-gzfsziqwziaggpcbgdowmssiasmi/Build/Products/Debug-iphonesimulator/ReactCodegen\"\ \"/Users/antoniogrillo-balen/Library/Developer/Xcode/DerivedData/risebysolis-gzfsziqwziaggpcbgdowmssiasmi/Build/Products/Debug-iphonesimulator/ReactCommon\"\ \"/Users/antoniogrillo-balen/Library/Developer/Xcode/DerivedData/risebysolis-gzfsziqwziaggpcbgdowmssiasmi/Build/Products/Debug-iphonesimulator/RecaptchaInterop\"\ \"/Users/antoniogrillo-balen/Library/Developer/Xcode/DerivedData/risebysolis-gzfsziqwziaggpcbgdowmssiasmi/Build/Products/Debug-iphonesimulator/RevenueCat\"\ \"/Users/antoniogrillo-balen/Library/Developer/Xcode/DerivedData/risebysolis-gzfsziqwziaggpcbgdowmssiasmi/Build/Products/Debug-iphonesimulator/SocketRocket\"\ \"/Users/antoniogrillo-balen/Library/Developer/Xcode/DerivedData/risebysolis-gzfsziqwziaggpcbgdowmssiasmi/Build/Products/Debug-iphonesimulator/Yoga\"\ \"/Users/antoniogrillo-balen/Library/Developer/Xcode/DerivedData/risebysolis-gzfsziqwziaggpcbgdowmssiasmi/Build/Products/Debug-iphonesimulator/fmt\"\ \"/Users/antoniogrillo-balen/Library/Developer/Xcode/DerivedData/risebysolis-gzfsziqwziaggpcbgdowmssiasmi/Build/Products/Debug-iphonesimulator/glog\"\ \"/Users/antoniogrillo-balen/Library/Developer/Xcode/DerivedData/risebysolis-gzfsziqwziaggpcbgdowmssiasmi/Build/Products/Debug-iphonesimulator/react-native-mmkv\"\ \"/Users/antoniogrillo-balen/Library/Developer/Xcode/DerivedData/risebysolis-gzfsziqwziaggpcbgdowmssiasmi/Build/Products/Debug-iphonesimulator/react-native-safe-area-context\"\ \"/Users/antoniogrillo-balen/Desktop/Projects/RiseBuild/ios/Pods/hermes-engine/destroot/Library/Frameworks/universal\"\ \"/Users/antoniogrillo-balen/Library/Developer/Xcode/DerivedData/risebysolis-gzfsziqwziaggpcbgdowmssiasmi/Build/Products/Debug-iphonesimulator/XCFrameworkIntermediates/hermes-engine/Pre-built\"
    export FRAMEWORK_VERSION\=A
    export FULL_PRODUCT_NAME\=risebysolis.app
    export FUSE_BUILD_PHASES\=YES
    export FUSE_BUILD_SCRIPT_PHASES\=NO
    export GCC3_VERSION\=3.3
    export GCC_C_LANGUAGE_STANDARD\=gnu99
    export GCC_DYNAMIC_NO_PIC\=NO
    export GCC_INLINES_ARE_PRIVATE_EXTERN\=YES
    export GCC_NO_COMMON_BLOCKS\=YES
    export GCC_OBJC_LEGACY_DISPATCH\=YES
    export GCC_OPTIMIZATION_LEVEL\=0
    export GCC_PFE_FILE_C_DIALECTS\=c\ objective-c\ c++\ objective-c++
    export GCC_PREPROCESSOR_DEFINITIONS\=DEBUG\=1\ \ COCOAPODS\=1\ FB_SONARKIT_ENABLED\=1
    export GCC_SYMBOLS_PRIVATE_EXTERN\=NO
    export GCC_TREAT_WARNINGS_AS_ERRORS\=NO
    export GCC_VERSION\=com.apple.compilers.llvm.clang.1_0
    export GCC_VERSION_IDENTIFIER\=com_apple_compilers_llvm_clang_1_0
    export GCC_WARN_64_TO_32_BIT_CONVERSION\=YES
    export GCC_WARN_ABOUT_RETURN_TYPE\=YES_ERROR
    export GCC_WARN_UNDECLARED_SELECTOR\=YES
    export GCC_WARN_UNINITIALIZED_AUTOS\=YES_AGGRESSIVE
    export GCC_WARN_UNUSED_FUNCTION\=YES
    export GCC_WARN_UNUSED_VARIABLE\=YES
    export GENERATED_MODULEMAP_DIR\=/Users/antoniogrillo-balen/Library/Developer/Xcode/DerivedData/risebysolis-gzfsziqwziaggpcbgdowmssiasmi/Build/Intermediates.noindex/GeneratedModuleMaps-iphonesimulator
    export GENERATE_INFOPLIST_FILE\=NO
    export GENERATE_INTERMEDIATE_TEXT_BASED_STUBS\=YES
    export GENERATE_PKGINFO_FILE\=YES
    export GENERATE_PRELINK_OBJECT_FILE\=NO
    export GENERATE_PROFILING_CODE\=NO
    export GENERATE_TEXT_BASED_STUBS\=NO
    export GID\=20
    export GROUP\=staff
    export HEADERMAP_INCLUDES_FLAT_ENTRIES_FOR_TARGET_BEING_BUILT\=YES
    export HEADERMAP_INCLUDES_FRAMEWORK_ENTRIES_FOR_ALL_PRODUCT_TYPES\=YES
    export HEADERMAP_INCLUDES_FRAMEWORK_ENTRIES_FOR_TARGETS_NOT_BEING_BUILT\=YES
    export HEADERMAP_INCLUDES_NONPUBLIC_NONPRIVATE_HEADERS\=YES
    export HEADERMAP_INCLUDES_PROJECT_HEADERS\=YES
    export HEADERMAP_USES_FRAMEWORK_PREFIX_ENTRIES\=YES
    export HEADERMAP_USES_VFS\=NO
    export HEADER_SEARCH_PATHS\=/Users/antoniogrillo-balen/Library/Developer/Xcode/DerivedData/risebysolis-gzfsziqwziaggpcbgdowmssiasmi/Build/Products/Debug-iphonesimulator/include\ \ /Users/antoniogrillo-balen/Library/Developer/Xcode/DerivedData/risebysolis-gzfsziqwziaggpcbgdowmssiasmi/Build/Products/Debug-iphonesimulator/ReactCommon/ReactCommon.framework/Headers\ /Users/antoniogrillo-balen/Library/Developer/Xcode/DerivedData/risebysolis-gzfsziqwziaggpcbgdowmssiasmi/Build/Products/Debug-iphonesimulator/ReactCommon/ReactCommon.framework/Headers/react/nativemodule/core\ /Users/antoniogrillo-balen/Library/Developer/Xcode/DerivedData/risebysolis-gzfsziqwziaggpcbgdowmssiasmi/Build/Products/Debug-iphonesimulator/ReactCommon-Samples/ReactCommon_Samples.framework/Headers\ /Users/antoniogrillo-balen/Library/Developer/Xcode/DerivedData/risebysolis-gzfsziqwziaggpcbgdowmssiasmi/Build/Products/Debug-iphonesimulator/ReactCommon-Samples/ReactCommon_Samples.framework/Headers/platform/ios\ /Users/antoniogrillo-balen/Library/Developer/Xcode/DerivedData/risebysolis-gzfsziqwziaggpcbgdowmssiasmi/Build/Products/Debug-iphonesimulator/React-Fabric/React_Fabric.framework/Headers/react/renderer/components/view/platform/cxx\ /Users/antoniogrillo-balen/Library/Developer/Xcode/DerivedData/risebysolis-gzfsziqwziaggpcbgdowmssiasmi/Build/Products/Debug-iphonesimulator/React-NativeModulesApple/React_NativeModulesApple.framework/Headers\ /Users/antoniogrillo-balen/Library/Developer/Xcode/DerivedData/risebysolis-gzfsziqwziaggpcbgdowmssiasmi/Build/Products/Debug-iphonesimulator/React-graphics/React_graphics.framework/Headers\ /Users/antoniogrillo-balen/Library/Developer/Xcode/DerivedData/risebysolis-gzfsziqwziaggpcbgdowmssiasmi/Build/Products/Debug-iphonesimulator/React-graphics/React_graphics.framework/Headers/react/renderer/graphics/platform/ios\ \"/Users/antoniogrillo-balen/Library/Developer/Xcode/DerivedData/risebysolis-gzfsziqwziaggpcbgdowmssiasmi/Build/Products/Debug-iphonesimulator/AppAuth/AppAuth.framework/Headers\"\ \"/Users/antoniogrillo-balen/Library/Developer/Xcode/DerivedData/risebysolis-gzfsziqwziaggpcbgdowmssiasmi/Build/Products/Debug-iphonesimulator/AppCheckCore/AppCheckCore.framework/Headers\"\ \"/Users/antoniogrillo-balen/Library/Developer/Xcode/DerivedData/risebysolis-gzfsziqwziaggpcbgdowmssiasmi/Build/Products/Debug-iphonesimulator/DoubleConversion/DoubleConversion.framework/Headers\"\ \"/Users/antoniogrillo-balen/Library/Developer/Xcode/DerivedData/risebysolis-gzfsziqwziaggpcbgdowmssiasmi/Build/Products/Debug-iphonesimulator/EXApplication/EXApplication.framework/Headers\"\ \"/Users/antoniogrillo-balen/Library/Developer/Xcode/DerivedData/risebysolis-gzfsziqwziaggpcbgdowmssiasmi/Build/Products/Debug-iphonesimulator/EXConstants/EXConstants.framework/Headers\"\ \"/Users/antoniogrillo-balen/Library/Developer/Xcode/DerivedData/risebysolis-gzfsziqwziaggpcbgdowmssiasmi/Build/Products/Debug-iphonesimulator/EXNotifications/EXNotifications.framework/Headers\"\ \"/Users/antoniogrillo-balen/Library/Developer/Xcode/DerivedData/risebysolis-gzfsziqwziaggpcbgdowmssiasmi/Build/Products/Debug-iphonesimulator/Expo/Expo.framework/Headers\"\ \"/Users/antoniogrillo-balen/Library/Developer/Xcode/DerivedData/risebysolis-gzfsziqwziaggpcbgdowmssiasmi/Build/Products/Debug-iphonesimulator/ExpoAdapterGoogleSignIn/ExpoAdapterGoogleSignIn.framework/Headers\"\ \"/Users/antoniogrillo-balen/Library/Developer/Xcode/DerivedData/risebysolis-gzfsziqwziaggpcbgdowmssiasmi/Build/Products/Debug-iphonesimulator/ExpoAppleAuthentication/ExpoAppleAuthentication.framework/Headers\"\ \"/Users/antoniogrillo-balen/Library/Developer/Xcode/DerivedData/risebysolis-gzfsziqwziaggpcbgdowmssiasmi/Build/Products/Debug-iphonesimulator/ExpoAsset/ExpoAsset.framework/Headers\"\ \"/Users/antoniogrillo-balen/Library/Developer/Xcode/DerivedData/risebysolis-gzfsziqwziaggpcbgdowmssiasmi/Build/Products/Debug-iphonesimulator/ExpoCrypto/ExpoCrypto.framework/Headers\"\ \"/Users/antoniogrillo-balen/Library/Developer/Xcode/DerivedData/risebysolis-gzfsziqwziaggpcbgdowmssiasmi/Build/Products/Debug-iphonesimulator/ExpoFileSystem/ExpoFileSystem.framework/Headers\"\ \"/Users/antoniogrillo-balen/Library/Developer/Xcode/DerivedData/risebysolis-gzfsziqwziaggpcbgdowmssiasmi/Build/Products/Debug-iphonesimulator/ExpoFont/ExpoFont.framework/Headers\"\ \"/Users/antoniogrillo-balen/Library/Developer/Xcode/DerivedData/risebysolis-gzfsziqwziaggpcbgdowmssiasmi/Build/Products/Debug-iphonesimulator/ExpoHaptics/ExpoHaptics.framework/Headers\"\ \"/Users/antoniogrillo-balen/Library/Developer/Xcode/DerivedData/risebysolis-gzfsziqwziaggpcbgdowmssiasmi/Build/Products/Debug-iphonesimulator/ExpoHead/ExpoHead.framework/Headers\"\ \"/Users/antoniogrillo-balen/Library/Developer/Xcode/DerivedData/risebysolis-gzfsziqwziaggpcbgdowmssiasmi/Build/Products/Debug-iphonesimulator/ExpoKeepAwake/ExpoKeepAwake.framework/Headers\"\ \"/Users/antoniogrillo-balen/Library/Developer/Xcode/DerivedData/risebysolis-gzfsziqwziaggpcbgdowmssiasmi/Build/Products/Debug-iphonesimulator/ExpoLinking/ExpoLinking.framework/Headers\"\ \"/Users/antoniogrillo-balen/Library/Developer/Xcode/DerivedData/risebysolis-gzfsziqwziaggpcbgdowmssiasmi/Build/Products/Debug-iphonesimulator/ExpoModulesCore/ExpoModulesCore.framework/Headers\"\ \"/Users/antoniogrillo-balen/Library/Developer/Xcode/DerivedData/risebysolis-gzfsziqwziaggpcbgdowmssiasmi/Build/Products/Debug-iphonesimulator/ExpoSecureStore/ExpoSecureStore.framework/Headers\"\ \"/Users/antoniogrillo-balen/Library/Developer/Xcode/DerivedData/risebysolis-gzfsziqwziaggpcbgdowmssiasmi/Build/Products/Debug-iphonesimulator/ExpoSplashScreen/ExpoSplashScreen.framework/Headers\"\ \"/Users/antoniogrillo-balen/Library/Developer/Xcode/DerivedData/risebysolis-gzfsziqwziaggpcbgdowmssiasmi/Build/Products/Debug-iphonesimulator/FirebaseAppCheckInterop/FirebaseAppCheckInterop.framework/Headers\"\ \"/Users/antoniogrillo-balen/Library/Developer/Xcode/DerivedData/risebysolis-gzfsziqwziaggpcbgdowmssiasmi/Build/Products/Debug-iphonesimulator/FirebaseAuth/FirebaseAuth.framework/Headers\"\ \"/Users/antoniogrillo-balen/Library/Developer/Xcode/DerivedData/risebysolis-gzfsziqwziaggpcbgdowmssiasmi/Build/Products/Debug-iphonesimulator/FirebaseAuthInterop/FirebaseAuthInterop.framework/Headers\"\ \"/Users/antoniogrillo-balen/Library/Developer/Xcode/DerivedData/risebysolis-gzfsziqwziaggpcbgdowmssiasmi/Build/Products/Debug-iphonesimulator/FirebaseCore/FirebaseCore.framework/Headers\"\ \"/Users/antoniogrillo-balen/Library/Developer/Xcode/DerivedData/risebysolis-gzfsziqwziaggpcbgdowmssiasmi/Build/Products/Debug-iphonesimulator/FirebaseCoreExtension/FirebaseCoreExtension.framework/Headers\"\ \"/Users/antoniogrillo-balen/Library/Developer/Xcode/DerivedData/risebysolis-gzfsziqwziaggpcbgdowmssiasmi/Build/Products/Debug-iphonesimulator/FirebaseCoreInternal/FirebaseCoreInternal.framework/Headers\"\ \"/Users/antoniogrillo-balen/Library/Developer/Xcode/DerivedData/risebysolis-gzfsziqwziaggpcbgdowmssiasmi/Build/Products/Debug-iphonesimulator/GTMAppAuth/GTMAppAuth.framework/Headers\"\ \"/Users/antoniogrillo-balen/Library/Developer/Xcode/DerivedData/risebysolis-gzfsziqwziaggpcbgdowmssiasmi/Build/Products/Debug-iphonesimulator/GTMSessionFetcher/GTMSessionFetcher.framework/Headers\"\ \"/Users/antoniogrillo-balen/Library/Developer/Xcode/DerivedData/risebysolis-gzfsziqwziaggpcbgdowmssiasmi/Build/Products/Debug-iphonesimulator/GoogleSignIn/GoogleSignIn.framework/Headers\"\ \"/Users/antoniogrillo-balen/Library/Developer/Xcode/DerivedData/risebysolis-gzfsziqwziaggpcbgdowmssiasmi/Build/Products/Debug-iphonesimulator/GoogleUtilities/GoogleUtilities.framework/Headers\"\ \"/Users/antoniogrillo-balen/Library/Developer/Xcode/DerivedData/risebysolis-gzfsziqwziaggpcbgdowmssiasmi/Build/Products/Debug-iphonesimulator/PromisesObjC/FBLPromises.framework/Headers\"\ \"/Users/antoniogrillo-balen/Library/Developer/Xcode/DerivedData/risebysolis-gzfsziqwziaggpcbgdowmssiasmi/Build/Products/Debug-iphonesimulator/PurchasesHybridCommon/PurchasesHybridCommon.framework/Headers\"\ \"/Users/antoniogrillo-balen/Library/Developer/Xcode/DerivedData/risebysolis-gzfsziqwziaggpcbgdowmssiasmi/Build/Products/Debug-iphonesimulator/RCT-Folly/folly.framework/Headers\"\ \"/Users/antoniogrillo-balen/Library/Developer/Xcode/DerivedData/risebysolis-gzfsziqwziaggpcbgdowmssiasmi/Build/Products/Debug-iphonesimulator/RCTDeprecation/RCTDeprecation.framework/Headers\"\ \"/Users/antoniogrillo-balen/Library/Developer/Xcode/DerivedData/risebysolis-gzfsziqwziaggpcbgdowmssiasmi/Build/Products/Debug-iphonesimulator/RCTTypeSafety/RCTTypeSafety.framework/Headers\"\ \"/Users/antoniogrillo-balen/Library/Developer/Xcode/DerivedData/risebysolis-gzfsziqwziaggpcbgdowmssiasmi/Build/Products/Debug-iphonesimulator/RNFBApp/RNFBApp.framework/Headers\"\ \"/Users/antoniogrillo-balen/Library/Developer/Xcode/DerivedData/risebysolis-gzfsziqwziaggpcbgdowmssiasmi/Build/Products/Debug-iphonesimulator/RNFBAuth/RNFBAuth.framework/Headers\"\ \"/Users/antoniogrillo-balen/Library/Developer/Xcode/DerivedData/risebysolis-gzfsziqwziaggpcbgdowmssiasmi/Build/Products/Debug-iphonesimulator/RNGestureHandler/RNGestureHandler.framework/Headers\"\ \"/Users/antoniogrillo-balen/Library/Developer/Xcode/DerivedData/risebysolis-gzfsziqwziaggpcbgdowmssiasmi/Build/Products/Debug-iphonesimulator/RNGoogleSignin/RNGoogleSignin.framework/Headers\"\ \"/Users/antoniogrillo-balen/Library/Developer/Xcode/DerivedData/risebysolis-gzfsziqwziaggpcbgdowmssiasmi/Build/Products/Debug-iphonesimulator/RNPurchases/RNPurchases.framework/Headers\"\ \"/Users/antoniogrillo-balen/Library/Developer/Xcode/DerivedData/risebysolis-gzfsziqwziaggpcbgdowmssiasmi/Build/Products/Debug-iphonesimulator/RNReanimated/RNReanimated.framework/Headers\"\ \"/Users/antoniogrillo-balen/Library/Developer/Xcode/DerivedData/risebysolis-gzfsziqwziaggpcbgdowmssiasmi/Build/Products/Debug-iphonesimulator/RNScreens/RNScreens.framework/Headers\"\ \"/Users/antoniogrillo-balen/Library/Developer/Xcode/DerivedData/risebysolis-gzfsziqwziaggpcbgdowmssiasmi/Build/Products/Debug-iphonesimulator/React-Core/React.framework/Headers\"\ \"/Users/antoniogrillo-balen/Library/Developer/Xcode/DerivedData/risebysolis-gzfsziqwziaggpcbgdowmssiasmi/Build/Products/Debug-iphonesimulator/React-CoreModules/CoreModules.framework/Headers\"\ \"/Users/antoniogrillo-balen/Library/Developer/Xcode/DerivedData/risebysolis-gzfsziqwziaggpcbgdowmssiasmi/Build/Products/Debug-iphonesimulator/React-Fabric/React_Fabric.framework/Headers\"\ \"/Users/antoniogrillo-balen/Library/Developer/Xcode/DerivedData/risebysolis-gzfsziqwziaggpcbgdowmssiasmi/Build/Products/Debug-iphonesimulator/React-FabricComponents/React_FabricComponents.framework/Headers\"\ \"/Users/antoniogrillo-balen/Library/Developer/Xcode/DerivedData/risebysolis-gzfsziqwziaggpcbgdowmssiasmi/Build/Products/Debug-iphonesimulator/React-FabricImage/React_FabricImage.framework/Headers\"\ \"/Users/antoniogrillo-balen/Library/Developer/Xcode/DerivedData/risebysolis-gzfsziqwziaggpcbgdowmssiasmi/Build/Products/Debug-iphonesimulator/React-ImageManager/React_ImageManager.framework/Headers\"\ \"/Users/antoniogrillo-balen/Library/Developer/Xcode/DerivedData/risebysolis-gzfsziqwziaggpcbgdowmssiasmi/Build/Products/Debug-iphonesimulator/React-Mapbuffer/React_Mapbuffer.framework/Headers\"\ \"/Users/antoniogrillo-balen/Library/Developer/Xcode/DerivedData/risebysolis-gzfsziqwziaggpcbgdowmssiasmi/Build/Products/Debug-iphonesimulator/React-NativeModulesApple/React_NativeModulesApple.framework/Headers\"\ \"/Users/antoniogrillo-balen/Library/Developer/Xcode/DerivedData/risebysolis-gzfsziqwziaggpcbgdowmssiasmi/Build/Products/Debug-iphonesimulator/React-RCTAnimation/RCTAnimation.framework/Headers\"\ \"/Users/antoniogrillo-balen/Library/Developer/Xcode/DerivedData/risebysolis-gzfsziqwziaggpcbgdowmssiasmi/Build/Products/Debug-iphonesimulator/React-RCTAppDelegate/React_RCTAppDelegate.framework/Headers\"\ \"/Users/antoniogrillo-balen/Library/Developer/Xcode/DerivedData/risebysolis-gzfsziqwziaggpcbgdowmssiasmi/Build/Products/Debug-iphonesimulator/React-RCTBlob/RCTBlob.framework/Headers\"\ \"/Users/antoniogrillo-balen/Library/Developer/Xcode/DerivedData/risebysolis-gzfsziqwziaggpcbgdowmssiasmi/Build/Products/Debug-iphonesimulator/React-RCTFabric/RCTFabric.framework/Headers\"\ \"/Users/antoniogrillo-balen/Library/Developer/Xcode/DerivedData/risebysolis-gzfsziqwziaggpcbgdowmssiasmi/Build/Products/Debug-iphonesimulator/React-RCTImage/RCTImage.framework/Headers\"\ \"/Users/antoniogrillo-balen/Library/Developer/Xcode/DerivedData/risebysolis-gzfsziqwziaggpcbgdowmssiasmi/Build/Products/Debug-iphonesimulator/React-RCTLinking/RCTLinking.framework/Headers\"\ \"/Users/antoniogrillo-balen/Library/Developer/Xcode/DerivedData/risebysolis-gzfsziqwziaggpcbgdowmssiasmi/Build/Products/Debug-iphonesimulator/React-RCTNetwork/RCTNetwork.framework/Headers\"\ \"/Users/antoniogrillo-balen/Library/Developer/Xcode/DerivedData/risebysolis-gzfsziqwziaggpcbgdowmssiasmi/Build/Products/Debug-iphonesimulator/React-RCTSettings/RCTSettings.framework/Headers\"\ \"/Users/antoniogrillo-balen/Library/Developer/Xcode/DerivedData/risebysolis-gzfsziqwziaggpcbgdowmssiasmi/Build/Products/Debug-iphonesimulator/React-RCTText/RCTText.framework/Headers\"\ \"/Users/antoniogrillo-balen/Library/Developer/Xcode/DerivedData/risebysolis-gzfsziqwziaggpcbgdowmssiasmi/Build/Products/Debug-iphonesimulator/React-RCTVibration/RCTVibration.framework/Headers\"\ \"/Users/antoniogrillo-balen/Library/Developer/Xcode/DerivedData/risebysolis-gzfsziqwziaggpcbgdowmssiasmi/Build/Products/Debug-iphonesimulator/React-RuntimeApple/React_RuntimeApple.framework/Headers\"\ \"/Users/antoniogrillo-balen/Library/Developer/Xcode/DerivedData/risebysolis-gzfsziqwziaggpcbgdowmssiasmi/Build/Products/Debug-iphonesimulator/React-RuntimeCore/React_RuntimeCore.framework/Headers\"\ \"/Users/antoniogrillo-balen/Library/Developer/Xcode/DerivedData/risebysolis-gzfsziqwziaggpcbgdowmssiasmi/Build/Products/Debug-iphonesimulator/React-RuntimeHermes/React_RuntimeHermes.framework/Headers\"\ \"/Users/antoniogrillo-balen/Library/Developer/Xcode/DerivedData/risebysolis-gzfsziqwziaggpcbgdowmssiasmi/Build/Products/Debug-iphonesimulator/React-cxxreact/cxxreact.framework/Headers\"\ \"/Users/antoniogrillo-balen/Library/Developer/Xcode/DerivedData/risebysolis-gzfsziqwziaggpcbgdowmssiasmi/Build/Products/Debug-iphonesimulator/React-debug/React_debug.framework/Headers\"\ \"/Users/antoniogrillo-balen/Library/Developer/Xcode/DerivedData/risebysolis-gzfsziqwziaggpcbgdowmssiasmi/Build/Products/Debug-iphonesimulator/React-defaultsnativemodule/React_defaultsnativemodule.framework/Headers\"\ \"/Users/antoniogrillo-balen/Library/Developer/Xcode/DerivedData/risebysolis-gzfsziqwziaggpcbgdowmssiasmi/Build/Products/Debug-iphonesimulator/React-domnativemodule/React_domnativemodule.framework/Headers\"\ \"/Users/antoniogrillo-balen/Library/Developer/Xcode/DerivedData/risebysolis-gzfsziqwziaggpcbgdowmssiasmi/Build/Products/Debug-iphonesimulator/React-featureflags/React_featureflags.framework/Headers\"\ \"/Users/antoniogrillo-balen/Library/Developer/Xcode/DerivedData/risebysolis-gzfsziqwziaggpcbgdowmssiasmi/Build/Products/Debug-iphonesimulator/React-featureflagsnativemodule/React_featureflagsnativemodule.framework/Headers\"\ \"/Users/antoniogrillo-balen/Library/Developer/Xcode/DerivedData/risebysolis-gzfsziqwziaggpcbgdowmssiasmi/Build/Products/Debug-iphonesimulator/React-graphics/React_graphics.framework/Headers\"\ \"/Users/antoniogrillo-balen/Library/Developer/Xcode/DerivedData/risebysolis-gzfsziqwziaggpcbgdowmssiasmi/Build/Products/Debug-iphonesimulator/React-hermes/reacthermes.framework/Headers\"\ \"/Users/antoniogrillo-balen/Library/Developer/Xcode/DerivedData/risebysolis-gzfsziqwziaggpcbgdowmssiasmi/Build/Products/Debug-iphonesimulator/React-idlecallbacksnativemodule/idlecallbacksnativemodule.framework/Headers\"\ \"/Users/antoniogrillo-balen/Library/Developer/Xcode/DerivedData/risebysolis-gzfsziqwziaggpcbgdowmssiasmi/Build/Products/Debug-iphonesimulator/React-jserrorhandler/React_jserrorhandler.framework/Headers\"\ \"/Users/antoniogrillo-balen/Library/Developer/Xcode/DerivedData/risebysolis-gzfsziqwziaggpcbgdowmssiasmi/Build/Products/Debug-iphonesimulator/React-jsi/jsi.framework/Headers\"\ \"/Users/antoniogrillo-balen/Library/Developer/Xcode/DerivedData/risebysolis-gzfsziqwziaggpcbgdowmssiasmi/Build/Products/Debug-iphonesimulator/React-jsiexecutor/jsireact.framework/Headers\"\ \"/Users/antoniogrillo-balen/Library/Developer/Xcode/DerivedData/risebysolis-gzfsziqwziaggpcbgdowmssiasmi/Build/Products/Debug-iphonesimulator/React-jsinspector/jsinspector_modern.framework/Headers\"\ \"/Users/antoniogrillo-balen/Library/Developer/Xcode/DerivedData/risebysolis-gzfsziqwziaggpcbgdowmssiasmi/Build/Products/Debug-iphonesimulator/React-logger/logger.framework/Headers\"\ \"/Users/antoniogrillo-balen/Library/Developer/Xcode/DerivedData/risebysolis-gzfsziqwziaggpcbgdowmssiasmi/Build/Products/Debug-iphonesimulator/React-microtasksnativemodule/React_microtasksnativemodule.framework/Headers\"\ \"/Users/antoniogrillo-balen/Library/Developer/Xcode/DerivedData/risebysolis-gzfsziqwziaggpcbgdowmssiasmi/Build/Products/Debug-iphonesimulator/React-nativeconfig/React_nativeconfig.framework/Headers\"\ \"/Users/antoniogrillo-balen/Library/Developer/Xcode/DerivedData/risebysolis-gzfsziqwziaggpcbgdowmssiasmi/Build/Products/Debug-iphonesimulator/React-perflogger/reactperflogger.framework/Headers\"\ \"/Users/antoniogrillo-balen/Library/Developer/Xcode/DerivedData/risebysolis-gzfsziqwziaggpcbgdowmssiasmi/Build/Products/Debug-iphonesimulator/React-performancetimeline/React_performancetimeline.framework/Headers\"\ \"/Users/antoniogrillo-balen/Library/Developer/Xcode/DerivedData/risebysolis-gzfsziqwziaggpcbgdowmssiasmi/Build/Products/Debug-iphonesimulator/React-rendererconsistency/React_rendererconsistency.framework/Headers\"\ \"/Users/antoniogrillo-balen/Library/Developer/Xcode/DerivedData/risebysolis-gzfsziqwziaggpcbgdowmssiasmi/Build/Products/Debug-iphonesimulator/React-rendererdebug/React_rendererdebug.framework/Headers\"\ \"/Users/antoniogrillo-balen/Library/Developer/Xcode/DerivedData/risebysolis-gzfsziqwziaggpcbgdowmssiasmi/Build/Products/Debug-iphonesimulator/React-runtimescheduler/React_runtimescheduler.framework/Headers\"\ \"/Users/antoniogrillo-balen/Library/Developer/Xcode/DerivedData/risebysolis-gzfsziqwziaggpcbgdowmssiasmi/Build/Products/Debug-iphonesimulator/React-utils/React_utils.framework/Headers\"\ \"/Users/antoniogrillo-balen/Library/Developer/Xcode/DerivedData/risebysolis-gzfsziqwziaggpcbgdowmssiasmi/Build/Products/Debug-iphonesimulator/ReactCodegen/ReactCodegen.framework/Headers\"\ \"/Users/antoniogrillo-balen/Library/Developer/Xcode/DerivedData/risebysolis-gzfsziqwziaggpcbgdowmssiasmi/Build/Products/Debug-iphonesimulator/ReactCommon/ReactCommon.framework/Headers\"\ \"/Users/antoniogrillo-balen/Library/Developer/Xcode/DerivedData/risebysolis-gzfsziqwziaggpcbgdowmssiasmi/Build/Products/Debug-iphonesimulator/RecaptchaInterop/RecaptchaInterop.framework/Headers\"\ \"/Users/antoniogrillo-balen/Library/Developer/Xcode/DerivedData/risebysolis-gzfsziqwziaggpcbgdowmssiasmi/Build/Products/Debug-iphonesimulator/RevenueCat/RevenueCat.framework/Headers\"\ \"/Users/antoniogrillo-balen/Library/Developer/Xcode/DerivedData/risebysolis-gzfsziqwziaggpcbgdowmssiasmi/Build/Products/Debug-iphonesimulator/SocketRocket/SocketRocket.framework/Headers\"\ \"/Users/antoniogrillo-balen/Library/Developer/Xcode/DerivedData/risebysolis-gzfsziqwziaggpcbgdowmssiasmi/Build/Products/Debug-iphonesimulator/Yoga/yoga.framework/Headers\"\ \"/Users/antoniogrillo-balen/Library/Developer/Xcode/DerivedData/risebysolis-gzfsziqwziaggpcbgdowmssiasmi/Build/Products/Debug-iphonesimulator/fmt/fmt.framework/Headers\"\ \"/Users/antoniogrillo-balen/Library/Developer/Xcode/DerivedData/risebysolis-gzfsziqwziaggpcbgdowmssiasmi/Build/Products/Debug-iphonesimulator/glog/glog.framework/Headers\"\ \"/Users/antoniogrillo-balen/Library/Developer/Xcode/DerivedData/risebysolis-gzfsziqwziaggpcbgdowmssiasmi/Build/Products/Debug-iphonesimulator/react-native-mmkv/react_native_mmkv.framework/Headers\"\ \"/Users/antoniogrillo-balen/Library/Developer/Xcode/DerivedData/risebysolis-gzfsziqwziaggpcbgdowmssiasmi/Build/Products/Debug-iphonesimulator/react-native-safe-area-context/react_native_safe_area_context.framework/Headers\"\ \"/Users/antoniogrillo-balen/Desktop/Projects/RiseBuild/ios/Pods/Headers/Public\"\ \"/Users/antoniogrillo-balen/Desktop/Projects/RiseBuild/ios/Pods/Headers/Public/FBLazyVector\"\ \"/Users/antoniogrillo-balen/Desktop/Projects/RiseBuild/ios/Pods/Headers/Public/Firebase\"\ \"/Users/antoniogrillo-balen/Desktop/Projects/RiseBuild/ios/Pods/Headers/Public/RCTRequired\"\ \"/Users/antoniogrillo-balen/Desktop/Projects/RiseBuild/ios/Pods/Headers/Public/React-callinvoker\"\ \"/Users/antoniogrillo-balen/Desktop/Projects/RiseBuild/ios/Pods/Headers/Public/React-runtimeexecutor\"\ \"/Users/antoniogrillo-balen/Desktop/Projects/RiseBuild/ios/Pods/Headers/Public/React-timing\"\ \"/Users/antoniogrillo-balen/Desktop/Projects/RiseBuild/ios/Pods/Headers/Public/boost\"\ \"/Users/antoniogrillo-balen/Desktop/Projects/RiseBuild/ios/Pods/Headers/Public/fast_float\"\ \"/Users/antoniogrillo-balen/Desktop/Projects/RiseBuild/ios/Pods/Headers/Public/hermes-engine\"\ \"/Users/antoniogrillo-balen/Desktop/Projects/RiseBuild/ios/Pods/DoubleConversion\"\ \"/Users/antoniogrillo-balen/Library/Developer/Xcode/DerivedData/risebysolis-gzfsziqwziaggpcbgdowmssiasmi/Build/Products/Debug-iphonesimulator/Expo/Swift\ Compatibility\ Header\"\ \"/Users/antoniogrillo-balen/Library/Developer/Xcode/DerivedData/risebysolis-gzfsziqwziaggpcbgdowmssiasmi/Build/Products/Debug-iphonesimulator/ExpoModulesCore/Swift\ Compatibility\ Header\"\ \"/Users/antoniogrillo-balen/Desktop/Projects/RiseBuild/ios/Pods/Headers/Private/Yoga\"\ \ /Users/antoniogrillo-balen/Library/Developer/Xcode/DerivedData/risebysolis-gzfsziqwziaggpcbgdowmssiasmi/Build/Products/Debug-iphonesimulator/ReactCommon/ReactCommon.framework/Headers\ /Users/antoniogrillo-balen/Library/Developer/Xcode/DerivedData/risebysolis-gzfsziqwziaggpcbgdowmssiasmi/Build/Products/Debug-iphonesimulator/ReactCommon/ReactCommon.framework/Headers/react/nativemodule/core\ /Users/antoniogrillo-balen/Library/Developer/Xcode/DerivedData/risebysolis-gzfsziqwziaggpcbgdowmssiasmi/Build/Products/Debug-iphonesimulator/ReactCommon-Samples/ReactCommon_Samples.framework/Headers\ /Users/antoniogrillo-balen/Library/Developer/Xcode/DerivedData/risebysolis-gzfsziqwziaggpcbgdowmssiasmi/Build/Products/Debug-iphonesimulator/ReactCommon-Samples/ReactCommon_Samples.framework/Headers/platform/ios\ /Users/antoniogrillo-balen/Library/Developer/Xcode/DerivedData/risebysolis-gzfsziqwziaggpcbgdowmssiasmi/Build/Products/Debug-iphonesimulator/React-Fabric/React_Fabric.framework/Headers/react/renderer/components/view/platform/cxx\ /Users/antoniogrillo-balen/Library/Developer/Xcode/DerivedData/risebysolis-gzfsziqwziaggpcbgdowmssiasmi/Build/Products/Debug-iphonesimulator/React-NativeModulesApple/React_NativeModulesApple.framework/Headers\ /Users/antoniogrillo-balen/Library/Developer/Xcode/DerivedData/risebysolis-gzfsziqwziaggpcbgdowmssiasmi/Build/Products/Debug-iphonesimulator/React-graphics/React_graphics.framework/Headers\ /Users/antoniogrillo-balen/Library/Developer/Xcode/DerivedData/risebysolis-gzfsziqwziaggpcbgdowmssiasmi/Build/Products/Debug-iphonesimulator/React-graphics/React_graphics.framework/Headers/react/renderer/graphics/platform/ios\ /Users/antoniogrillo-balen/Desktop/Projects/RiseBuild/ios/Pods/Firebase/CoreOnly/Sources\ \"/Users/antoniogrillo-balen/Desktop/Projects/RiseBuild/ios/Pods/boost\"\ \"/Users/antoniogrillo-balen/Desktop/Projects/RiseBuild/ios/Pods/boost\"\ \"/Users/antoniogrillo-balen/Desktop/Projects/RiseBuild/ios/Pods/boost-for-react-native\"\ \"/Users/antoniogrillo-balen/Desktop/Projects/RiseBuild/ios/Pods/glog\"\ \"/Users/antoniogrillo-balen/Desktop/Projects/RiseBuild/ios/Pods/RCT-Folly\"\ \"/Users/antoniogrillo-balen/Desktop/Projects/RiseBuild/ios/Pods/Headers/Public/React-hermes\"\ \"/Users/antoniogrillo-balen/Desktop/Projects/RiseBuild/ios/Pods/Headers/Public/hermes-engine\"\ \"/Users/antoniogrillo-balen/Desktop/Projects/RiseBuild/ios/Pods/../../node_modules/react-native/ReactCommon\"\ \"/Users/antoniogrillo-balen/Desktop/Projects/RiseBuild/ios/Pods/../../node_modules/react-native-reanimated/apple\"\ \"/Users/antoniogrillo-balen/Desktop/Projects/RiseBuild/ios/Pods/../../node_modules/react-native-reanimated/Common/cpp\"\ \"/Users/antoniogrillo-balen/Desktop/Projects/RiseBuild/ios/Pods/Headers/Private/React-Core\"\ \"/Users/antoniogrillo-balen/Desktop/Projects/RiseBuild/ios/Pods/Headers/Private/React-Core\"\ \"/Users/antoniogrillo-balen/Desktop/Projects/RiseBuild/ios/Pods/Headers/Private/Yoga\"
    export HOME\=/Users/antoniogrillo-balen
    export HOST_ARCH\=arm64
    export HOST_PLATFORM\=macosx
    export ICONV\=/usr/bin/iconv
    export IMPLICIT_DEPENDENCY_DOMAIN\=default
    export INDEX_STORE_COMPRESS\=NO
    export INDEX_STORE_ONLY_PROJECT_FILES\=NO
    export INFOPLIST_ENABLE_CFBUNDLEICONS_MERGE\=YES
    export INFOPLIST_EXPAND_BUILD_SETTINGS\=YES
    export INFOPLIST_FILE\=risebysolis/Info.plist
    export INFOPLIST_OUTPUT_FORMAT\=binary
    export INFOPLIST_PATH\=risebysolis.app/Info.plist
    export INFOPLIST_PREPROCESS\=NO
    export INFOSTRINGS_PATH\=risebysolis.app/en.lproj/InfoPlist.strings
    export INLINE_PRIVATE_FRAMEWORKS\=NO
    export INSTALLAPI_IGNORE_SKIP_INSTALL\=YES
    export INSTALLHDRS_COPY_PHASE\=NO
    export INSTALLHDRS_SCRIPT_PHASE\=NO
    export INSTALL_DIR\=/tmp/risebysolis.dst/Applications
    export INSTALL_GROUP\=staff
    export INSTALL_MODE_FLAG\=u+w,go-w,a+rX
    export INSTALL_OWNER\=antoniogrillo-balen
    export INSTALL_PATH\=/Applications
    export INSTALL_ROOT\=/tmp/risebysolis.dst
    export IPHONEOS_DEPLOYMENT_TARGET\=15.1
    export IS_UNOPTIMIZED_BUILD\=YES
    export JAVAC_DEFAULT_FLAGS\=-J-Xms64m\ -J-XX:NewSize\=4M\ -J-Dfile.encoding\=UTF8
    export JAVA_APP_STUB\=/System/Library/Frameworks/JavaVM.framework/Resources/MacOS/JavaApplicationStub
    export JAVA_ARCHIVE_CLASSES\=YES
    export JAVA_ARCHIVE_TYPE\=JAR
    export JAVA_COMPILER\=/usr/bin/javac
    export JAVA_FOLDER_PATH\=risebysolis.app/Java
    export JAVA_FRAMEWORK_RESOURCES_DIRS\=Resources
    export JAVA_JAR_FLAGS\=cv
    export JAVA_SOURCE_SUBDIR\=.
    export JAVA_USE_DEPENDENCIES\=YES
    export JAVA_ZIP_FLAGS\=-urg
    export JIKES_DEFAULT_FLAGS\=+E\ +OLDCSO
    export KEEP_PRIVATE_EXTERNS\=NO
    export LD_DEPENDENCY_INFO_FILE\=/Users/antoniogrillo-balen/Library/Developer/Xcode/DerivedData/risebysolis-gzfsziqwziaggpcbgdowmssiasmi/Build/Intermediates.noindex/risebysolis.build/Debug-iphonesimulator/risebysolis.build/Objects-normal/undefined_arch/risebysolis_dependency_info.dat
    export LD_ENTITLEMENTS_SECTION\=/Users/antoniogrillo-balen/Library/Developer/Xcode/DerivedData/risebysolis-gzfsziqwziaggpcbgdowmssiasmi/Build/Intermediates.noindex/risebysolis.build/Debug-iphonesimulator/risebysolis.build/risebysolis.app-Simulated.xcent
    export LD_ENTITLEMENTS_SECTION_DER\=/Users/antoniogrillo-balen/Library/Developer/Xcode/DerivedData/risebysolis-gzfsziqwziaggpcbgdowmssiasmi/Build/Intermediates.noindex/risebysolis.build/Debug-iphonesimulator/risebysolis.build/risebysolis.app-Simulated.xcent.der
    export LD_EXPORT_SYMBOLS\=YES
    export LD_GENERATE_MAP_FILE\=NO
    export LD_MAP_FILE_PATH\=/Users/antoniogrillo-balen/Library/Developer/Xcode/DerivedData/risebysolis-gzfsziqwziaggpcbgdowmssiasmi/Build/Intermediates.noindex/risebysolis.build/Debug-iphonesimulator/risebysolis.build/risebysolis-LinkMap-normal-undefined_arch.txt
    export LD_NO_PIE\=NO
    export LD_QUOTE_LINKER_ARGUMENTS_FOR_COMPILER_DRIVER\=YES
    export LD_RUNPATH_SEARCH_PATHS\=/usr/lib/swift\ \ /usr/lib/swift\ \'@executable_path/Frameworks\'\ \'@loader_path/Frameworks\'\ @executable_path/Frameworks
    export LD_RUNPATH_SEARCH_PATHS_YES\=@loader_path/../Frameworks
    export LD_SHARED_CACHE_ELIGIBLE\=Automatic
    export LD_WARN_DUPLICATE_LIBRARIES\=NO
    export LD_WARN_UNUSED_DYLIBS\=NO
    export LEGACY_DEVELOPER_DIR\=/Applications/Xcode.app/Contents/PlugIns/Xcode3Core.ideplugin/Contents/SharedSupport/Developer
    export LEX\=lex
    export LIBRARY_DEXT_INSTALL_PATH\=/Library/DriverExtensions
    export LIBRARY_FLAG_NOSPACE\=YES
    export LIBRARY_FLAG_PREFIX\=-l
    export LIBRARY_KEXT_INSTALL_PATH\=/Library/Extensions
    export LIBRARY_SEARCH_PATHS\=/Users/antoniogrillo-balen/Library/Developer/Xcode/DerivedData/risebysolis-gzfsziqwziaggpcbgdowmssiasmi/Build/Products/Debug-iphonesimulator\ /Applications/Xcode.app/Contents/Developer/Platforms/iPhoneSimulator.platform/Developer/SDKs/iPhoneSimulator26.5.sdk/usr/lib/swift\ /Applications/Xcode.app/Contents/Developer/Toolchains/XcodeDefault.xctoolchain/usr/lib/swift/iphonesimulator\ /Applications/Xcode.app/Contents/Developer/Platforms/iPhoneSimulator.platform/Developer/SDKs/iPhoneSimulator26.5.sdk/usr/lib/swift
    export LINKER_DISPLAYS_MANGLED_NAMES\=NO
    export LINK_FILE_LIST_normal_arm64\=/Users/antoniogrillo-balen/Library/Developer/Xcode/DerivedData/risebysolis-gzfsziqwziaggpcbgdowmssiasmi/Build/Intermediates.noindex/risebysolis.build/Debug-iphonesimulator/risebysolis.build/Objects-normal/arm64/risebysolis.LinkFileList
    export LINK_OBJC_RUNTIME\=YES
    export LINK_WITH_STANDARD_LIBRARIES\=YES
    export LLVM_TARGET_TRIPLE_OS_VERSION\=ios15.1
    export LLVM_TARGET_TRIPLE_SUFFIX\=-simulator
    export LLVM_TARGET_TRIPLE_VENDOR\=apple
    export LM_AUX_CONST_METADATA_LIST_PATH_normal_arm64\=/Users/antoniogrillo-balen/Library/Developer/Xcode/DerivedData/risebysolis-gzfsziqwziaggpcbgdowmssiasmi/Build/Intermediates.noindex/risebysolis.build/Debug-iphonesimulator/risebysolis.build/Objects-normal/arm64/risebysolis.SwiftConstValuesFileList
    export LOCALIZATION_EXPORT_SUPPORTED\=YES
    export LOCALIZATION_PREFERS_STRING_CATALOGS\=NO
    export LOCALIZED_RESOURCES_FOLDER_PATH\=risebysolis.app/en.lproj
    export LOCALIZED_STRING_CODE_COMMENTS\=NO
    export LOCALIZED_STRING_MACRO_NAMES\=NSLocalizedString\ CFCopyLocalizedString
    export LOCALIZED_STRING_SWIFTUI_SUPPORT\=YES
    export LOCAL_ADMIN_APPS_DIR\=/Applications/Utilities
    export LOCAL_APPS_DIR\=/Applications
    export LOCAL_DEVELOPER_DIR\=/Library/Developer
    export LOCAL_LIBRARY_DIR\=/Library
    export LOCROOT\=/Users/antoniogrillo-balen/Desktop/Projects/RiseBuild/ios
    export LOCSYMROOT\=/Users/antoniogrillo-balen/Desktop/Projects/RiseBuild/ios
    export MACH_O_TYPE\=mh_execute
    export MAC_OS_X_PRODUCT_BUILD_VERSION\=25E253
    export MAC_OS_X_VERSION_ACTUAL\=260401
    export MAC_OS_X_VERSION_MAJOR\=260000
    export MAC_OS_X_VERSION_MINOR\=260400
    export MAKE_MERGEABLE\=NO
    export MARKETING_VERSION\=1.0
    export MERGEABLE_LIBRARY\=NO
    export MERGED_BINARY_TYPE\=none
    export MERGE_LINKED_LIBRARIES\=NO
    export METAL_LIBRARY_FILE_BASE\=default
    export METAL_LIBRARY_OUTPUT_DIR\=/Users/antoniogrillo-balen/Library/Developer/Xcode/DerivedData/risebysolis-gzfsziqwziaggpcbgdowmssiasmi/Build/Products/Debug-iphonesimulator/risebysolis.app
    export MODULES_FOLDER_PATH\=risebysolis.app/Modules
    export MODULE_CACHE_DIR\=/Users/antoniogrillo-balen/Library/Developer/Xcode/DerivedData/ModuleCache.noindex
    export MTL_ENABLE_DEBUG_INFO\=YES
    export NATIVE_ARCH\=arm64
    export NATIVE_ARCH_32_BIT\=arm
    export NATIVE_ARCH_64_BIT\=arm64
    export NATIVE_ARCH_ACTUAL\=arm64
    export NO_COMMON\=YES
    export OBJC_ABI_VERSION\=2
    export OBJECT_FILE_DIR\=/Users/antoniogrillo-balen/Library/Developer/Xcode/DerivedData/risebysolis-gzfsziqwziaggpcbgdowmssiasmi/Build/Intermediates.noindex/risebysolis.build/Debug-iphonesimulator/risebysolis.build/Objects
    export OBJECT_FILE_DIR_normal\=/Users/antoniogrillo-balen/Library/Developer/Xcode/DerivedData/risebysolis-gzfsziqwziaggpcbgdowmssiasmi/Build/Intermediates.noindex/risebysolis.build/Debug-iphonesimulator/risebysolis.build/Objects-normal
    export OBJROOT\=/Users/antoniogrillo-balen/Library/Developer/Xcode/DerivedData/risebysolis-gzfsziqwziaggpcbgdowmssiasmi/Build/Intermediates.noindex
    export ONLY_ACTIVE_ARCH\=YES
    export OS\=MACOS
    export OSAC\=/usr/bin/osacompile
    export OTHER_CFLAGS\=\ -DFOLLY_NO_CONFIG\ -DFOLLY_MOBILE\=1\ -DFOLLY_USE_LIBCPP\=1\ -Wno-comma\ -Wno-shorten-64-to-32\ -DREACT_NATIVE_MINOR_VERSION\=76\ \ \ -DREANIMATED_VERSION\=3.16.7
    export OTHER_CPLUSPLUSFLAGS\=\ -DFOLLY_NO_CONFIG\ -DFOLLY_MOBILE\=1\ -DFOLLY_USE_LIBCPP\=1\ -Wno-comma\ -Wno-shorten-64-to-32\ -DREACT_NATIVE_MINOR_VERSION\=76\ \ \ -DREANIMATED_VERSION\=3.16.7\ -DFOLLY_NO_CONFIG\ -DFOLLY_MOBILE\=1\ -DFOLLY_USE_LIBCPP\=1\ -DFOLLY_CFG_NO_COROUTINES\=1\ -DFOLLY_HAVE_CLOCK_GETTIME\=1\ -Wno-comma\ -Wno-shorten-64-to-32
    export OTHER_LDFLAGS\=\ \ \ -ObjC\ -l\"c++\"\ -l\"c++abi\"\ -l\"icucore\"\ -l\"z\"\ -framework\ \"Accelerate\"\ -framework\ \"AppAuth\"\ -framework\ \"AppCheckCore\"\ -framework\ \"AudioToolbox\"\ -framework\ \"CFNetwork\"\ -framework\ \"CoreGraphics\"\ -framework\ \"CoreModules\"\ -framework\ \"CoreText\"\ -framework\ \"DoubleConversion\"\ -framework\ \"EXApplication\"\ -framework\ \"EXConstants\"\ -framework\ \"EXNotifications\"\ -framework\ \"Expo\"\ -framework\ \"ExpoAdapterGoogleSignIn\"\ -framework\ \"ExpoAppleAuthentication\"\ -framework\ \"ExpoAsset\"\ -framework\ \"ExpoCrypto\"\ -framework\ \"ExpoFileSystem\"\ -framework\ \"ExpoFont\"\ -framework\ \"ExpoHaptics\"\ -framework\ \"ExpoHead\"\ -framework\ \"ExpoKeepAwake\"\ -framework\ \"ExpoLinking\"\ -framework\ \"ExpoModulesCore\"\ -framework\ \"ExpoSecureStore\"\ -framework\ \"ExpoSplashScreen\"\ -framework\ \"FBLPromises\"\ -framework\ \"FirebaseAppCheckInterop\"\ -framework\ \"FirebaseAuth\"\ -framework\ \"FirebaseAuthInterop\"\ -framework\ \"FirebaseCore\"\ -framework\ \"FirebaseCoreExtension\"\ -framework\ \"FirebaseCoreInternal\"\ -framework\ \"Foundation\"\ -framework\ \"GTMAppAuth\"\ -framework\ \"GTMSessionFetcher\"\ -framework\ \"GoogleSignIn\"\ -framework\ \"GoogleUtilities\"\ -framework\ \"ImageIO\"\ -framework\ \"JavaScriptCore\"\ -framework\ \"LocalAuthentication\"\ -framework\ \"MobileCoreServices\"\ -framework\ \"PurchasesHybridCommon\"\ -framework\ \"QuartzCore\"\ -framework\ \"RCTAnimation\"\ -framework\ \"RCTBlob\"\ -framework\ \"RCTDeprecation\"\ -framework\ \"RCTFabric\"\ -framework\ \"RCTImage\"\ -framework\ \"RCTLinking\"\ -framework\ \"RCTNetwork\"\ -framework\ \"RCTSettings\"\ -framework\ \"RCTText\"\ -framework\ \"RCTTypeSafety\"\ -framework\ \"RCTVibration\"\ -framework\ \"RNFBApp\"\ -framework\ \"RNFBAuth\"\ -framework\ \"RNGestureHandler\"\ -framework\ \"RNGoogleSignin\"\ -framework\ \"RNPurchases\"\ -framework\ \"RNReanimated\"\ -framework\ \"RNScreens\"\ -framework\ \"React\"\ -framework\ \"ReactCodegen\"\ -framework\ \"ReactCommon\"\ -framework\ \"React_Fabric\"\ -framework\ \"React_FabricComponents\"\ -framework\ \"React_FabricImage\"\ -framework\ \"React_ImageManager\"\ -framework\ \"React_Mapbuffer\"\ -framework\ \"React_NativeModulesApple\"\ -framework\ \"React_RCTAppDelegate\"\ -framework\ \"React_RuntimeApple\"\ -framework\ \"React_RuntimeCore\"\ -framework\ \"React_RuntimeHermes\"\ -framework\ \"React_debug\"\ -framework\ \"React_defaultsnativemodule\"\ -framework\ \"React_domnativemodule\"\ -framework\ \"React_featureflags\"\ -framework\ \"React_featureflagsnativemodule\"\ -framework\ \"React_graphics\"\ -framework\ \"React_jserrorhandler\"\ -framework\ \"React_microtasksnativemodule\"\ -framework\ \"React_nativeconfig\"\ -framework\ \"React_performancetimeline\"\ -framework\ \"React_rendererconsistency\"\ -framework\ \"React_rendererdebug\"\ -framework\ \"React_runtimescheduler\"\ -framework\ \"React_utils\"\ -framework\ \"RecaptchaInterop\"\ -framework\ \"RevenueCat\"\ -framework\ \"SafariServices\"\ -framework\ \"Security\"\ -framework\ \"SocketRocket\"\ -framework\ \"StoreKit\"\ -framework\ \"SystemConfiguration\"\ -framework\ \"UIKit\"\ -framework\ \"cxxreact\"\ -framework\ \"fmt\"\ -framework\ \"folly\"\ -framework\ \"glog\"\ -framework\ \"hermes\"\ -framework\ \"idlecallbacksnativemodule\"\ -framework\ \"jsi\"\ -framework\ \"jsinspector_modern\"\ -framework\ \"jsireact\"\ -framework\ \"logger\"\ -framework\ \"react_native_mmkv\"\ -framework\ \"react_native_safe_area_context\"\ -framework\ \"reacthermes\"\ -framework\ \"reactperflogger\"\ -framework\ \"yoga\"\ -weak_framework\ \"AuthenticationServices\"\ -weak_framework\ \"DeviceCheck\"\ -ObjC\ -lc++
    export OTHER_MODULE_VERIFIER_FLAGS\=\ \"-F/Users/antoniogrillo-balen/Library/Developer/Xcode/DerivedData/risebysolis-gzfsziqwziaggpcbgdowmssiasmi/Build/Products/Debug-iphonesimulator/AppAuth\"\ \"-F/Users/antoniogrillo-balen/Library/Developer/Xcode/DerivedData/risebysolis-gzfsziqwziaggpcbgdowmssiasmi/Build/Products/Debug-iphonesimulator/AppCheckCore\"\ \"-F/Users/antoniogrillo-balen/Library/Developer/Xcode/DerivedData/risebysolis-gzfsziqwziaggpcbgdowmssiasmi/Build/Products/Debug-iphonesimulator/DoubleConversion\"\ \"-F/Users/antoniogrillo-balen/Library/Developer/Xcode/DerivedData/risebysolis-gzfsziqwziaggpcbgdowmssiasmi/Build/Products/Debug-iphonesimulator/EXApplication\"\ \"-F/Users/antoniogrillo-balen/Library/Developer/Xcode/DerivedData/risebysolis-gzfsziqwziaggpcbgdowmssiasmi/Build/Products/Debug-iphonesimulator/EXConstants\"\ \"-F/Users/antoniogrillo-balen/Library/Developer/Xcode/DerivedData/risebysolis-gzfsziqwziaggpcbgdowmssiasmi/Build/Products/Debug-iphonesimulator/EXNotifications\"\ \"-F/Users/antoniogrillo-balen/Library/Developer/Xcode/DerivedData/risebysolis-gzfsziqwziaggpcbgdowmssiasmi/Build/Products/Debug-iphonesimulator/Expo\"\ \"-F/Users/antoniogrillo-balen/Library/Developer/Xcode/DerivedData/risebysolis-gzfsziqwziaggpcbgdowmssiasmi/Build/Products/Debug-iphonesimulator/ExpoAdapterGoogleSignIn\"\ \"-F/Users/antoniogrillo-balen/Library/Developer/Xcode/DerivedData/risebysolis-gzfsziqwziaggpcbgdowmssiasmi/Build/Products/Debug-iphonesimulator/ExpoAppleAuthentication\"\ \"-F/Users/antoniogrillo-balen/Library/Developer/Xcode/DerivedData/risebysolis-gzfsziqwziaggpcbgdowmssiasmi/Build/Products/Debug-iphonesimulator/ExpoAsset\"\ \"-F/Users/antoniogrillo-balen/Library/Developer/Xcode/DerivedData/risebysolis-gzfsziqwziaggpcbgdowmssiasmi/Build/Products/Debug-iphonesimulator/ExpoCrypto\"\ \"-F/Users/antoniogrillo-balen/Library/Developer/Xcode/DerivedData/risebysolis-gzfsziqwziaggpcbgdowmssiasmi/Build/Products/Debug-iphonesimulator/ExpoFileSystem\"\ \"-F/Users/antoniogrillo-balen/Library/Developer/Xcode/DerivedData/risebysolis-gzfsziqwziaggpcbgdowmssiasmi/Build/Products/Debug-iphonesimulator/ExpoFont\"\ \"-F/Users/antoniogrillo-balen/Library/Developer/Xcode/DerivedData/risebysolis-gzfsziqwziaggpcbgdowmssiasmi/Build/Products/Debug-iphonesimulator/ExpoHaptics\"\ \"-F/Users/antoniogrillo-balen/Library/Developer/Xcode/DerivedData/risebysolis-gzfsziqwziaggpcbgdowmssiasmi/Build/Products/Debug-iphonesimulator/ExpoHead\"\ \"-F/Users/antoniogrillo-balen/Library/Developer/Xcode/DerivedData/risebysolis-gzfsziqwziaggpcbgdowmssiasmi/Build/Products/Debug-iphonesimulator/ExpoKeepAwake\"\ \"-F/Users/antoniogrillo-balen/Library/Developer/Xcode/DerivedData/risebysolis-gzfsziqwziaggpcbgdowmssiasmi/Build/Products/Debug-iphonesimulator/ExpoLinking\"\ \"-F/Users/antoniogrillo-balen/Library/Developer/Xcode/DerivedData/risebysolis-gzfsziqwziaggpcbgdowmssiasmi/Build/Products/Debug-iphonesimulator/ExpoModulesCore\"\ \"-F/Users/antoniogrillo-balen/Library/Developer/Xcode/DerivedData/risebysolis-gzfsziqwziaggpcbgdowmssiasmi/Build/Products/Debug-iphonesimulator/ExpoSecureStore\"\ \"-F/Users/antoniogrillo-balen/Library/Developer/Xcode/DerivedData/risebysolis-gzfsziqwziaggpcbgdowmssiasmi/Build/Products/Debug-iphonesimulator/ExpoSplashScreen\"\ \"-F/Users/antoniogrillo-balen/Library/Developer/Xcode/DerivedData/risebysolis-gzfsziqwziaggpcbgdowmssiasmi/Build/Products/Debug-iphonesimulator/FBLazyVector\"\ \"-F/Users/antoniogrillo-balen/Library/Developer/Xcode/DerivedData/risebysolis-gzfsziqwziaggpcbgdowmssiasmi/Build/Products/Debug-iphonesimulator/Firebase\"\ \"-F/Users/antoniogrillo-balen/Library/Developer/Xcode/DerivedData/risebysolis-gzfsziqwziaggpcbgdowmssiasmi/Build/Products/Debug-iphonesimulator/FirebaseAppCheckInterop\"\ \"-F/Users/antoniogrillo-balen/Library/Developer/Xcode/DerivedData/risebysolis-gzfsziqwziaggpcbgdowmssiasmi/Build/Products/Debug-iphonesimulator/FirebaseAuth\"\ \"-F/Users/antoniogrillo-balen/Library/Developer/Xcode/DerivedData/risebysolis-gzfsziqwziaggpcbgdowmssiasmi/Build/Products/Debug-iphonesimulator/FirebaseAuthInterop\"\ \"-F/Users/antoniogrillo-balen/Library/Developer/Xcode/DerivedData/risebysolis-gzfsziqwziaggpcbgdowmssiasmi/Build/Products/Debug-iphonesimulator/FirebaseCore\"\ \"-F/Users/antoniogrillo-balen/Library/Developer/Xcode/DerivedData/risebysolis-gzfsziqwziaggpcbgdowmssiasmi/Build/Products/Debug-iphonesimulator/FirebaseCoreExtension\"\ \"-F/Users/antoniogrillo-balen/Library/Developer/Xcode/DerivedData/risebysolis-gzfsziqwziaggpcbgdowmssiasmi/Build/Products/Debug-iphonesimulator/FirebaseCoreInternal\"\ \"-F/Users/antoniogrillo-balen/Library/Developer/Xcode/DerivedData/risebysolis-gzfsziqwziaggpcbgdowmssiasmi/Build/Products/Debug-iphonesimulator/GTMAppAuth\"\ \"-F/Users/antoniogrillo-balen/Library/Developer/Xcode/DerivedData/risebysolis-gzfsziqwziaggpcbgdowmssiasmi/Build/Products/Debug-iphonesimulator/GTMSessionFetcher\"\ \"-F/Users/antoniogrillo-balen/Library/Developer/Xcode/DerivedData/risebysolis-gzfsziqwziaggpcbgdowmssiasmi/Build/Products/Debug-iphonesimulator/GoogleSignIn\"\ \"-F/Users/antoniogrillo-balen/Library/Developer/Xcode/DerivedData/risebysolis-gzfsziqwziaggpcbgdowmssiasmi/Build/Products/Debug-iphonesimulator/GoogleUtilities\"\ \"-F/Users/antoniogrillo-balen/Library/Developer/Xcode/DerivedData/risebysolis-gzfsziqwziaggpcbgdowmssiasmi/Build/Products/Debug-iphonesimulator/PromisesObjC\"\ \"-F/Users/antoniogrillo-balen/Library/Developer/Xcode/DerivedData/risebysolis-gzfsziqwziaggpcbgdowmssiasmi/Build/Products/Debug-iphonesimulator/PurchasesHybridCommon\"\ \"-F/Users/antoniogrillo-balen/Library/Developer/Xcode/DerivedData/risebysolis-gzfsziqwziaggpcbgdowmssiasmi/Build/Products/Debug-iphonesimulator/RCT-Folly\"\ \"-F/Users/antoniogrillo-balen/Library/Developer/Xcode/DerivedData/risebysolis-gzfsziqwziaggpcbgdowmssiasmi/Build/Products/Debug-iphonesimulator/RCTDeprecation\"\ \"-F/Users/antoniogrillo-balen/Library/Developer/Xcode/DerivedData/risebysolis-gzfsziqwziaggpcbgdowmssiasmi/Build/Products/Debug-iphonesimulator/RCTRequired\"\ \"-F/Users/antoniogrillo-balen/Library/Developer/Xcode/DerivedData/risebysolis-gzfsziqwziaggpcbgdowmssiasmi/Build/Products/Debug-iphonesimulator/RCTTypeSafety\"\ \"-F/Users/antoniogrillo-balen/Library/Developer/Xcode/DerivedData/risebysolis-gzfsziqwziaggpcbgdowmssiasmi/Build/Products/Debug-iphonesimulator/RNFBApp\"\ \"-F/Users/antoniogrillo-balen/Library/Developer/Xcode/DerivedData/risebysolis-gzfsziqwziaggpcbgdowmssiasmi/Build/Products/Debug-iphonesimulator/RNFBAuth\"\ \"-F/Users/antoniogrillo-balen/Library/Developer/Xcode/DerivedData/risebysolis-gzfsziqwziaggpcbgdowmssiasmi/Build/Products/Debug-iphonesimulator/RNGestureHandler\"\ \"-F/Users/antoniogrillo-balen/Library/Developer/Xcode/DerivedData/risebysolis-gzfsziqwziaggpcbgdowmssiasmi/Build/Products/Debug-iphonesimulator/RNGoogleSignin\"\ \"-F/Users/antoniogrillo-balen/Library/Developer/Xcode/DerivedData/risebysolis-gzfsziqwziaggpcbgdowmssiasmi/Build/Products/Debug-iphonesimulator/RNPurchases\"\ \"-F/Users/antoniogrillo-balen/Library/Developer/Xcode/DerivedData/risebysolis-gzfsziqwziaggpcbgdowmssiasmi/Build/Products/Debug-iphonesimulator/RNReanimated\"\ \"-F/Users/antoniogrillo-balen/Library/Developer/Xcode/DerivedData/risebysolis-gzfsziqwziaggpcbgdowmssiasmi/Build/Products/Debug-iphonesimulator/RNScreens\"\ \"-F/Users/antoniogrillo-balen/Library/Developer/Xcode/DerivedData/risebysolis-gzfsziqwziaggpcbgdowmssiasmi/Build/Products/Debug-iphonesimulator/React\"\ \"-F/Users/antoniogrillo-balen/Library/Developer/Xcode/DerivedData/risebysolis-gzfsziqwziaggpcbgdowmssiasmi/Build/Products/Debug-iphonesimulator/React-Core\"\ \"-F/Users/antoniogrillo-balen/Library/Developer/Xcode/DerivedData/risebysolis-gzfsziqwziaggpcbgdowmssiasmi/Build/Products/Debug-iphonesimulator/React-CoreModules\"\ \"-F/Users/antoniogrillo-balen/Library/Developer/Xcode/DerivedData/risebysolis-gzfsziqwziaggpcbgdowmssiasmi/Build/Products/Debug-iphonesimulator/React-Fabric\"\ \"-F/Users/antoniogrillo-balen/Library/Developer/Xcode/DerivedData/risebysolis-gzfsziqwziaggpcbgdowmssiasmi/Build/Products/Debug-iphonesimulator/React-FabricComponents\"\ \"-F/Users/antoniogrillo-balen/Library/Developer/Xcode/DerivedData/risebysolis-gzfsziqwziaggpcbgdowmssiasmi/Build/Products/Debug-iphonesimulator/React-FabricImage\"\ \"-F/Users/antoniogrillo-balen/Library/Developer/Xcode/DerivedData/risebysolis-gzfsziqwziaggpcbgdowmssiasmi/Build/Products/Debug-iphonesimulator/React-ImageManager\"\ \"-F/Users/antoniogrillo-balen/Library/Developer/Xcode/DerivedData/risebysolis-gzfsziqwziaggpcbgdowmssiasmi/Build/Products/Debug-iphonesimulator/React-Mapbuffer\"\ \"-F/Users/antoniogrillo-balen/Library/Developer/Xcode/DerivedData/risebysolis-gzfsziqwziaggpcbgdowmssiasmi/Build/Products/Debug-iphonesimulator/React-NativeModulesApple\"\ \"-F/Users/antoniogrillo-balen/Library/Developer/Xcode/DerivedData/risebysolis-gzfsziqwziaggpcbgdowmssiasmi/Build/Products/Debug-iphonesimulator/React-RCTActionSheet\"\ \"-F/Users/antoniogrillo-balen/Library/Developer/Xcode/DerivedData/risebysolis-gzfsziqwziaggpcbgdowmssiasmi/Build/Products/Debug-iphonesimulator/React-RCTAnimation\"\ \"-F/Users/antoniogrillo-balen/Library/Developer/Xcode/DerivedData/risebysolis-gzfsziqwziaggpcbgdowmssiasmi/Build/Products/Debug-iphonesimulator/React-RCTAppDelegate\"\ \"-F/Users/antoniogrillo-balen/Library/Developer/Xcode/DerivedData/risebysolis-gzfsziqwziaggpcbgdowmssiasmi/Build/Products/Debug-iphonesimulator/React-RCTBlob\"\ \"-F/Users/antoniogrillo-balen/Library/Developer/Xcode/DerivedData/risebysolis-gzfsziqwziaggpcbgdowmssiasmi/Build/Products/Debug-iphonesimulator/React-RCTFabric\"\ \"-F/Users/antoniogrillo-balen/Library/Developer/Xcode/DerivedData/risebysolis-gzfsziqwziaggpcbgdowmssiasmi/Build/Products/Debug-iphonesimulator/React-RCTImage\"\ \"-F/Users/antoniogrillo-balen/Library/Developer/Xcode/DerivedData/risebysolis-gzfsziqwziaggpcbgdowmssiasmi/Build/Products/Debug-iphonesimulator/React-RCTLinking\"\ \"-F/Users/antoniogrillo-balen/Library/Developer/Xcode/DerivedData/risebysolis-gzfsziqwziaggpcbgdowmssiasmi/Build/Products/Debug-iphonesimulator/React-RCTNetwork\"\ \"-F/Users/antoniogrillo-balen/Library/Developer/Xcode/DerivedData/risebysolis-gzfsziqwziaggpcbgdowmssiasmi/Build/Products/Debug-iphonesimulator/React-RCTSettings\"\ \"-F/Users/antoniogrillo-balen/Library/Developer/Xcode/DerivedData/risebysolis-gzfsziqwziaggpcbgdowmssiasmi/Build/Products/Debug-iphonesimulator/React-RCTText\"\ \"-F/Users/antoniogrillo-balen/Library/Developer/Xcode/DerivedData/risebysolis-gzfsziqwziaggpcbgdowmssiasmi/Build/Products/Debug-iphonesimulator/React-RCTVibration\"\ \"-F/Users/antoniogrillo-balen/Library/Developer/Xcode/DerivedData/risebysolis-gzfsziqwziaggpcbgdowmssiasmi/Build/Products/Debug-iphonesimulator/React-RuntimeApple\"\ \"-F/Users/antoniogrillo-balen/Library/Developer/Xcode/DerivedData/risebysolis-gzfsziqwziaggpcbgdowmssiasmi/Build/Products/Debug-iphonesimulator/React-RuntimeCore\"\ \"-F/Users/antoniogrillo-balen/Library/Developer/Xcode/DerivedData/risebysolis-gzfsziqwziaggpcbgdowmssiasmi/Build/Products/Debug-iphonesimulator/React-RuntimeHermes\"\ \"-F/Users/antoniogrillo-balen/Library/Developer/Xcode/DerivedData/risebysolis-gzfsziqwziaggpcbgdowmssiasmi/Build/Products/Debug-iphonesimulator/React-callinvoker\"\ \"-F/Users/antoniogrillo-balen/Library/Developer/Xcode/DerivedData/risebysolis-gzfsziqwziaggpcbgdowmssiasmi/Build/Products/Debug-iphonesimulator/React-cxxreact\"\ \"-F/Users/antoniogrillo-balen/Library/Developer/Xcode/DerivedData/risebysolis-gzfsziqwziaggpcbgdowmssiasmi/Build/Products/Debug-iphonesimulator/React-debug\"\ \"-F/Users/antoniogrillo-balen/Library/Developer/Xcode/DerivedData/risebysolis-gzfsziqwziaggpcbgdowmssiasmi/Build/Products/Debug-iphonesimulator/React-defaultsnativemodule\"\ \"-F/Users/antoniogrillo-balen/Library/Developer/Xcode/DerivedData/risebysolis-gzfsziqwziaggpcbgdowmssiasmi/Build/Products/Debug-iphonesimulator/React-domnativemodule\"\ \"-F/Users/antoniogrillo-balen/Library/Developer/Xcode/DerivedData/risebysolis-gzfsziqwziaggpcbgdowmssiasmi/Build/Products/Debug-iphonesimulator/React-featureflags\"\ \"-F/Users/antoniogrillo-balen/Library/Developer/Xcode/DerivedData/risebysolis-gzfsziqwziaggpcbgdowmssiasmi/Build/Products/Debug-iphonesimulator/React-featureflagsnativemodule\"\ \"-F/Users/antoniogrillo-balen/Library/Developer/Xcode/DerivedData/risebysolis-gzfsziqwziaggpcbgdowmssiasmi/Build/Products/Debug-iphonesimulator/React-graphics\"\ \"-F/Users/antoniogrillo-balen/Library/Developer/Xcode/DerivedData/risebysolis-gzfsziqwziaggpcbgdowmssiasmi/Build/Products/Debug-iphonesimulator/React-hermes\"\ \"-F/Users/antoniogrillo-balen/Library/Developer/Xcode/DerivedData/risebysolis-gzfsziqwziaggpcbgdowmssiasmi/Build/Products/Debug-iphonesimulator/React-idlecallbacksnativemodule\"\ \"-F/Users/antoniogrillo-balen/Library/Developer/Xcode/DerivedData/risebysolis-gzfsziqwziaggpcbgdowmssiasmi/Build/Products/Debug-iphonesimulator/React-jserrorhandler\"\ \"-F/Users/antoniogrillo-balen/Library/Developer/Xcode/DerivedData/risebysolis-gzfsziqwziaggpcbgdowmssiasmi/Build/Products/Debug-iphonesimulator/React-jsi\"\ \"-F/Users/antoniogrillo-balen/Library/Developer/Xcode/DerivedData/risebysolis-gzfsziqwziaggpcbgdowmssiasmi/Build/Products/Debug-iphonesimulator/React-jsiexecutor\"\ \"-F/Users/antoniogrillo-balen/Library/Developer/Xcode/DerivedData/risebysolis-gzfsziqwziaggpcbgdowmssiasmi/Build/Products/Debug-iphonesimulator/React-jsinspector\"\ \"-F/Users/antoniogrillo-balen/Library/Developer/Xcode/DerivedData/risebysolis-gzfsziqwziaggpcbgdowmssiasmi/Build/Products/Debug-iphonesimulator/React-jsitracing\"\ \"-F/Users/antoniogrillo-balen/Library/Developer/Xcode/DerivedData/risebysolis-gzfsziqwziaggpcbgdowmssiasmi/Build/Products/Debug-iphonesimulator/React-logger\"\ \"-F/Users/antoniogrillo-balen/Library/Developer/Xcode/DerivedData/risebysolis-gzfsziqwziaggpcbgdowmssiasmi/Build/Products/Debug-iphonesimulator/React-microtasksnativemodule\"\ \"-F/Users/antoniogrillo-balen/Library/Developer/Xcode/DerivedData/risebysolis-gzfsziqwziaggpcbgdowmssiasmi/Build/Products/Debug-iphonesimulator/React-nativeconfig\"\ \"-F/Users/antoniogrillo-balen/Library/Developer/Xcode/DerivedData/risebysolis-gzfsziqwziaggpcbgdowmssiasmi/Build/Products/Debug-iphonesimulator/React-perflogger\"\ \"-F/Users/antoniogrillo-balen/Library/Developer/Xcode/DerivedData/risebysolis-gzfsziqwziaggpcbgdowmssiasmi/Build/Products/Debug-iphonesimulator/React-performancetimeline\"\ \"-F/Users/antoniogrillo-balen/Library/Developer/Xcode/DerivedData/risebysolis-gzfsziqwziaggpcbgdowmssiasmi/Build/Products/Debug-iphonesimulator/React-rendererconsistency\"\ \"-F/Users/antoniogrillo-balen/Library/Developer/Xcode/DerivedData/risebysolis-gzfsziqwziaggpcbgdowmssiasmi/Build/Products/Debug-iphonesimulator/React-rendererdebug\"\ \"-F/Users/antoniogrillo-balen/Library/Developer/Xcode/DerivedData/risebysolis-gzfsziqwziaggpcbgdowmssiasmi/Build/Products/Debug-iphonesimulator/React-rncore\"\ \"-F/Users/antoniogrillo-balen/Library/Developer/Xcode/DerivedData/risebysolis-gzfsziqwziaggpcbgdowmssiasmi/Build/Products/Debug-iphonesimulator/React-runtimeexecutor\"\ \"-F/Users/antoniogrillo-balen/Library/Developer/Xcode/DerivedData/risebysolis-gzfsziqwziaggpcbgdowmssiasmi/Build/Products/Debug-iphonesimulator/React-runtimescheduler\"\ \"-F/Users/antoniogrillo-balen/Library/Developer/Xcode/DerivedData/risebysolis-gzfsziqwziaggpcbgdowmssiasmi/Build/Products/Debug-iphonesimulator/React-timing\"\ \"-F/Users/antoniogrillo-balen/Library/Developer/Xcode/DerivedData/risebysolis-gzfsziqwziaggpcbgdowmssiasmi/Build/Products/Debug-iphonesimulator/React-utils\"\ \"-F/Users/antoniogrillo-balen/Library/Developer/Xcode/DerivedData/risebysolis-gzfsziqwziaggpcbgdowmssiasmi/Build/Products/Debug-iphonesimulator/ReactCodegen\"\ \"-F/Users/antoniogrillo-balen/Library/Developer/Xcode/DerivedData/risebysolis-gzfsziqwziaggpcbgdowmssiasmi/Build/Products/Debug-iphonesimulator/ReactCommon\"\ \"-F/Users/antoniogrillo-balen/Library/Developer/Xcode/DerivedData/risebysolis-gzfsziqwziaggpcbgdowmssiasmi/Build/Products/Debug-iphonesimulator/RecaptchaInterop\"\ \"-F/Users/antoniogrillo-balen/Library/Developer/Xcode/DerivedData/risebysolis-gzfsziqwziaggpcbgdowmssiasmi/Build/Products/Debug-iphonesimulator/RevenueCat\"\ \"-F/Users/antoniogrillo-balen/Library/Developer/Xcode/DerivedData/risebysolis-gzfsziqwziaggpcbgdowmssiasmi/Build/Products/Debug-iphonesimulator/SocketRocket\"\ \"-F/Users/antoniogrillo-balen/Library/Developer/Xcode/DerivedData/risebysolis-gzfsziqwziaggpcbgdowmssiasmi/Build/Products/Debug-iphonesimulator/Yoga\"\ \"-F/Users/antoniogrillo-balen/Library/Developer/Xcode/DerivedData/risebysolis-gzfsziqwziaggpcbgdowmssiasmi/Build/Products/Debug-iphonesimulator/boost\"\ \"-F/Users/antoniogrillo-balen/Library/Developer/Xcode/DerivedData/risebysolis-gzfsziqwziaggpcbgdowmssiasmi/Build/Products/Debug-iphonesimulator/fast_float\"\ \"-F/Users/antoniogrillo-balen/Library/Developer/Xcode/DerivedData/risebysolis-gzfsziqwziaggpcbgdowmssiasmi/Build/Products/Debug-iphonesimulator/fmt\"\ \"-F/Users/antoniogrillo-balen/Library/Developer/Xcode/DerivedData/risebysolis-gzfsziqwziaggpcbgdowmssiasmi/Build/Products/Debug-iphonesimulator/glog\"\ \"-F/Users/antoniogrillo-balen/Library/Developer/Xcode/DerivedData/risebysolis-gzfsziqwziaggpcbgdowmssiasmi/Build/Products/Debug-iphonesimulator/hermes-engine\"\ \"-F/Users/antoniogrillo-balen/Library/Developer/Xcode/DerivedData/risebysolis-gzfsziqwziaggpcbgdowmssiasmi/Build/Products/Debug-iphonesimulator/react-native-mmkv\"\ \"-F/Users/antoniogrillo-balen/Library/Developer/Xcode/DerivedData/risebysolis-gzfsziqwziaggpcbgdowmssiasmi/Build/Products/Debug-iphonesimulator/react-native-safe-area-context\"
    export OTHER_SWIFT_FLAGS\=\ -D\ COCOAPODS\ -D\ EXPO_CONFIGURATION_DEBUG
    export PACKAGE_TYPE\=com.apple.package-type.wrapper.application
    export PASCAL_STRINGS\=YES
    export PATH\=/Applications/Xcode.app/Contents/SharedFrameworks/SwiftBuild.framework/Versions/A/PlugIns/SWBBuildService.bundle/Contents/PlugIns/SWBUniversalPlatformPlugin.bundle/Contents/Frameworks/SWBUniversalPlatform.framework/Resources:/Applications/Xcode.app/Contents/Developer/Toolchains/XcodeDefault.xctoolchain/usr/bin:/Applications/Xcode.app/Contents/Developer/Toolchains/XcodeDefault.xctoolchain/usr/local/bin:/Applications/Xcode.app/Contents/Developer/Toolchains/XcodeDefault.xctoolchain/usr/libexec:/Applications/Xcode.app/Contents/Developer/Platforms/iPhoneSimulator.platform/usr/bin:/Applications/Xcode.app/Contents/Developer/Platforms/iPhoneSimulator.platform/usr/local/bin:/Applications/Xcode.app/Contents/Developer/Platforms/iPhoneSimulator.platform/Developer/usr/bin:/Applications/Xcode.app/Contents/Developer/Platforms/iPhoneSimulator.platform/Developer/usr/local/bin:/Applications/Xcode.app/Contents/Developer/usr/bin:/Applications/Xcode.app/Contents/Developer/usr/local/bin:/opt/homebrew/opt/ruby/bin:/opt/homebrew/lib/ruby/gems/4.0.0/bin:/opt/homebrew/bin:/opt/homebrew/sbin:/Users/antoniogrillo-balen/.nvm/versions/node/v24.14.1/bin:/Library/Frameworks/Python.framework/Versions/3.14/bin:/usr/local/bin:/System/Cryptexes/App/usr/bin:/usr/bin:/bin:/usr/sbin:/sbin:/var/run/com.apple.security.cryptexd/codex.system/bootstrap/usr/local/bin:/var/run/com.apple.security.cryptexd/codex.system/bootstrap/usr/bin:/var/run/com.apple.security.cryptexd/codex.system/bootstrap/usr/appleinternal/bin:/opt/pkg/env/active/bin:/opt/pmk/env/global/bin:/Library/Apple/usr/bin:/Applications/VMware\ Fusion.app/Contents/Public:/Users/antoniogrillo-balen/.cargo/bin:/Users/antoniogrillo-balen/.cache/plugins/.install-staging/25283474a0e0d4a060cb0e915c1ec54e3d41ef2e/cursor/repo/bin:/Users/antoniogrillo-balen/.claude/plugins/cache/claude-plugins-official/superpowers/5.1.0/bin:/Users/antoniogrillo-balen/.claude/plugins/cache/claude-plugins-official/frontend-design/unknown/bin:/Users/antoniogrillo-balen/.claude/plugins/cache/claude-plugins-official/code-simplifier/1.0.0/bin:/Users/antoniogrillo-balen/.claude/plugins/cache/claude-plugins-official/security-guidance/unknown/bin:/Users/antoniogrillo-balen/.claude/plugins/cache/thedotmack/claude-mem/12.1.1/bin
    export PATH_PREFIXES_EXCLUDED_FROM_HEADER_DEPENDENCIES\=/usr/include\ /usr/local/include\ /System/Library/Frameworks\ /System/Library/PrivateFrameworks\ /Applications/Xcode.app/Contents/Developer/Headers\ /Applications/Xcode.app/Contents/Developer/SDKs\ /Applications/Xcode.app/Contents/Developer/Platforms
    export PBDEVELOPMENTPLIST_PATH\=risebysolis.app/pbdevelopment.plist
    export PER_ARCH_MODULE_FILE_DIR\=/Users/antoniogrillo-balen/Library/Developer/Xcode/DerivedData/risebysolis-gzfsziqwziaggpcbgdowmssiasmi/Build/Intermediates.noindex/risebysolis.build/Debug-iphonesimulator/risebysolis.build/Objects-normal/undefined_arch
    export PER_ARCH_OBJECT_FILE_DIR\=/Users/antoniogrillo-balen/Library/Developer/Xcode/DerivedData/risebysolis-gzfsziqwziaggpcbgdowmssiasmi/Build/Intermediates.noindex/risebysolis.build/Debug-iphonesimulator/risebysolis.build/Objects-normal/undefined_arch
    export PER_VARIANT_OBJECT_FILE_DIR\=/Users/antoniogrillo-balen/Library/Developer/Xcode/DerivedData/risebysolis-gzfsziqwziaggpcbgdowmssiasmi/Build/Intermediates.noindex/risebysolis.build/Debug-iphonesimulator/risebysolis.build/Objects-normal
    export PKGINFO_FILE_PATH\=/Users/antoniogrillo-balen/Library/Developer/Xcode/DerivedData/risebysolis-gzfsziqwziaggpcbgdowmssiasmi/Build/Intermediates.noindex/risebysolis.build/Debug-iphonesimulator/risebysolis.build/PkgInfo
    export PKGINFO_PATH\=risebysolis.app/PkgInfo
    export PLATFORM_DEVELOPER_APPLICATIONS_DIR\=/Applications/Xcode.app/Contents/Developer/Platforms/iPhoneSimulator.platform/Developer/Applications
    export PLATFORM_DEVELOPER_BIN_DIR\=/Applications/Xcode.app/Contents/Developer/Platforms/iPhoneSimulator.platform/Developer/usr/bin
    export PLATFORM_DEVELOPER_LIBRARY_DIR\=/Applications/Xcode.app/Contents/Developer/Platforms/iPhoneSimulator.platform/Developer/Library
    export PLATFORM_DEVELOPER_SDK_DIR\=/Applications/Xcode.app/Contents/Developer/Platforms/iPhoneSimulator.platform/Developer/SDKs
    export PLATFORM_DEVELOPER_TOOLS_DIR\=/Applications/Xcode.app/Contents/Developer/Platforms/iPhoneSimulator.platform/Developer/Tools
    export PLATFORM_DEVELOPER_USR_DIR\=/Applications/Xcode.app/Contents/Developer/Platforms/iPhoneSimulator.platform/Developer/usr
    export PLATFORM_DIR\=/Applications/Xcode.app/Contents/Developer/Platforms/iPhoneSimulator.platform
    export PLATFORM_DISPLAY_NAME\=iOS\ Simulator
    export PLATFORM_FAMILY_NAME\=iOS
    export PLATFORM_NAME\=iphonesimulator
    export PLATFORM_PREFERRED_ARCH\=x86_64
    export PLATFORM_PRODUCT_BUILD_VERSION\=23F73
    export PLATFORM_REQUIRES_SWIFT_AUTOLINK_EXTRACT\=NO
    export PLATFORM_REQUIRES_SWIFT_MODULEWRAP\=NO
    export PLATFORM_USES_DSYMS\=YES
    export PLIST_FILE_OUTPUT_FORMAT\=binary
    export PLUGINS_FOLDER_PATH\=risebysolis.app/PlugIns
    export PODS_BUILD_DIR\=/Users/antoniogrillo-balen/Library/Developer/Xcode/DerivedData/risebysolis-gzfsziqwziaggpcbgdowmssiasmi/Build/Products
    export PODS_CONFIGURATION_BUILD_DIR\=/Users/antoniogrillo-balen/Library/Developer/Xcode/DerivedData/risebysolis-gzfsziqwziaggpcbgdowmssiasmi/Build/Products/Debug-iphonesimulator
    export PODS_PODFILE_DIR_PATH\=/Users/antoniogrillo-balen/Desktop/Projects/RiseBuild/ios/.
    export PODS_ROOT\=/Users/antoniogrillo-balen/Desktop/Projects/RiseBuild/ios/Pods
    export PODS_XCFRAMEWORKS_BUILD_DIR\=/Users/antoniogrillo-balen/Library/Developer/Xcode/DerivedData/risebysolis-gzfsziqwziaggpcbgdowmssiasmi/Build/Products/Debug-iphonesimulator/XCFrameworkIntermediates
    export PRECOMPS_INCLUDE_HEADERS_FROM_BUILT_PRODUCTS_DIR\=YES
    export PRECOMP_DESTINATION_DIR\=/Users/antoniogrillo-balen/Library/Developer/Xcode/DerivedData/risebysolis-gzfsziqwziaggpcbgdowmssiasmi/Build/Intermediates.noindex/risebysolis.build/Debug-iphonesimulator/risebysolis.build/PrefixHeaders
    export PRIVATE_HEADERS_FOLDER_PATH\=risebysolis.app/PrivateHeaders
    export PROCESSED_INFOPLIST_PATH\=/Users/antoniogrillo-balen/Library/Developer/Xcode/DerivedData/risebysolis-gzfsziqwziaggpcbgdowmssiasmi/Build/Intermediates.noindex/risebysolis.build/Debug-iphonesimulator/risebysolis.build/Objects-normal/undefined_arch/Processed-Info.plist
    export PRODUCT_BUNDLE_IDENTIFIER\=com.anonymous.rise-by-solis
    export PRODUCT_BUNDLE_PACKAGE_TYPE\=APPL
    export PRODUCT_MODULE_NAME\=risebysolis
    export PRODUCT_NAME\=risebysolis
    export PRODUCT_SETTINGS_PATH\=/Users/antoniogrillo-balen/Desktop/Projects/RiseBuild/ios/risebysolis/Info.plist
    export PRODUCT_TYPE\=com.apple.product-type.application
    export PROFILING_CODE\=NO
    export PROJECT\=risebysolis
    export PROJECT_DERIVED_FILE_DIR\=/Users/antoniogrillo-balen/Library/Developer/Xcode/DerivedData/risebysolis-gzfsziqwziaggpcbgdowmssiasmi/Build/Intermediates.noindex/risebysolis.build/DerivedSources
    export PROJECT_DIR\=/Users/antoniogrillo-balen/Desktop/Projects/RiseBuild/ios
    export PROJECT_FILE_PATH\=/Users/antoniogrillo-balen/Desktop/Projects/RiseBuild/ios/risebysolis.xcodeproj
    export PROJECT_GUID\=f3d299422e93638f9a6d1e5771fa6c55
    export PROJECT_NAME\=risebysolis
    export PROJECT_TEMP_DIR\=/Users/antoniogrillo-balen/Library/Developer/Xcode/DerivedData/risebysolis-gzfsziqwziaggpcbgdowmssiasmi/Build/Intermediates.noindex/risebysolis.build
    export PROJECT_TEMP_ROOT\=/Users/antoniogrillo-balen/Library/Developer/Xcode/DerivedData/risebysolis-gzfsziqwziaggpcbgdowmssiasmi/Build/Intermediates.noindex
    export PROVISIONING_PROFILE_REQUIRED\=NO
    export PROVISIONING_PROFILE_REQUIRED_YES_YES\=YES
    export PROVISIONING_PROFILE_SUPPORTED\=YES
    export PUBLIC_HEADERS_FOLDER_PATH\=risebysolis.app/Headers
    export REACT_NATIVE_PATH\=/Users/antoniogrillo-balen/Desktop/Projects/RiseBuild/ios/Pods/../../node_modules/react-native
    export RECOMMENDED_IPHONEOS_DEPLOYMENT_TARGET\=15.0
    export RECURSIVE_SEARCH_PATHS_FOLLOW_SYMLINKS\=YES
    export REMOVE_CVS_FROM_RESOURCES\=YES
    export REMOVE_GIT_FROM_RESOURCES\=YES
    export REMOVE_HEADERS_FROM_EMBEDDED_BUNDLES\=YES
    export REMOVE_HG_FROM_RESOURCES\=YES
    export REMOVE_STATIC_EXECUTABLES_FROM_EMBEDDED_BUNDLES\=YES
    export REMOVE_SVN_FROM_RESOURCES\=YES
    export RESCHEDULE_INDEPENDENT_HEADERS_PHASES\=YES
    export REZ_COLLECTOR_DIR\=/Users/antoniogrillo-balen/Library/Developer/Xcode/DerivedData/risebysolis-gzfsziqwziaggpcbgdowmssiasmi/Build/Intermediates.noindex/risebysolis.build/Debug-iphonesimulator/risebysolis.build/ResourceManagerResources
    export REZ_OBJECTS_DIR\=/Users/antoniogrillo-balen/Library/Developer/Xcode/DerivedData/risebysolis-gzfsziqwziaggpcbgdowmssiasmi/Build/Intermediates.noindex/risebysolis.build/Debug-iphonesimulator/risebysolis.build/ResourceManagerResources/Objects
    export REZ_SEARCH_PATHS\=/Users/antoniogrillo-balen/Library/Developer/Xcode/DerivedData/risebysolis-gzfsziqwziaggpcbgdowmssiasmi/Build/Products/Debug-iphonesimulator\ 
    export RPATH_ORIGIN\=@loader_path
    export RUNTIME_EXCEPTION_ALLOW_DYLD_ENVIRONMENT_VARIABLES\=NO
    export RUNTIME_EXCEPTION_ALLOW_JIT\=NO
    export RUNTIME_EXCEPTION_ALLOW_UNSIGNED_EXECUTABLE_MEMORY\=NO
    export RUNTIME_EXCEPTION_DEBUGGING_TOOL\=NO
    export RUNTIME_EXCEPTION_DISABLE_EXECUTABLE_PAGE_PROTECTION\=NO
    export RUNTIME_EXCEPTION_DISABLE_LIBRARY_VALIDATION\=NO
    export SCANNING_PCM_KEEP_CACHE_DIRECTORY\=YES
    export SCAN_ALL_SOURCE_FILES_FOR_INCLUDES\=NO
    export SCRIPTS_FOLDER_PATH\=risebysolis.app/Scripts
    export SCRIPT_INPUT_FILE_0\=/Users/antoniogrillo-balen/Library/Developer/Xcode/DerivedData/risebysolis-gzfsziqwziaggpcbgdowmssiasmi/Build/Products/Debug-iphonesimulator/risebysolis.app/Info.plist
    export SCRIPT_INPUT_FILE_COUNT\=1
    export SCRIPT_INPUT_FILE_LIST_COUNT\=0
    export SCRIPT_OUTPUT_FILE_COUNT\=0
    export SCRIPT_OUTPUT_FILE_LIST_COUNT\=0
    export SDKROOT\=/Applications/Xcode.app/Contents/Developer/Platforms/iPhoneSimulator.platform/Developer/SDKs/iPhoneSimulator26.5.sdk
    export SDK_DIR\=/Applications/Xcode.app/Contents/Developer/Platforms/iPhoneSimulator.platform/Developer/SDKs/iPhoneSimulator26.5.sdk
    export SDK_DIR_iphonesimulator\=/Applications/Xcode.app/Contents/Developer/Platforms/iPhoneSimulator.platform/Developer/SDKs/iPhoneSimulator26.5.sdk
    export SDK_DIR_iphonesimulator26_5\=/Applications/Xcode.app/Contents/Developer/Platforms/iPhoneSimulator.platform/Developer/SDKs/iPhoneSimulator26.5.sdk
    export SDK_NAME\=iphonesimulator26.5
    export SDK_NAMES\=iphonesimulator26.5
    export SDK_PRODUCT_BUILD_VERSION\=23F73
    export SDK_STAT_CACHE_DIR\=/Users/antoniogrillo-balen/Library/Developer/Xcode/DerivedData
    export SDK_STAT_CACHE_ENABLE\=YES
    export SDK_STAT_CACHE_PATH\=/Users/antoniogrillo-balen/Library/Developer/Xcode/DerivedData/SDKStatCaches.noindex/iphonesimulator26.5-23F73-6cfe768891a92b912361537c460fe42b.sdkstatcache
    export SDK_VERSION\=26.5
    export SDK_VERSION_ACTUAL\=260500
    export SDK_VERSION_MAJOR\=260000
    export SDK_VERSION_MINOR\=260500
    export SED\=/usr/bin/sed
    export SEPARATE_STRIP\=NO
    export SEPARATE_SYMBOL_EDIT\=NO
    export SET_DIR_MODE_OWNER_GROUP\=YES
    export SET_FILE_MODE_OWNER_GROUP\=NO
    export SHALLOW_BUNDLE\=YES
    export SHALLOW_BUNDLE_TRIPLE\=ios-simulator
    export SHALLOW_BUNDLE_ios_macabi\=NO
    export SHALLOW_BUNDLE_macos\=NO
    export SHARED_DERIVED_FILE_DIR\=/Users/antoniogrillo-balen/Library/Developer/Xcode/DerivedData/risebysolis-gzfsziqwziaggpcbgdowmssiasmi/Build/Products/Debug-iphonesimulator/DerivedSources
    export SHARED_FRAMEWORKS_FOLDER_PATH\=risebysolis.app/SharedFrameworks
    export SHARED_PRECOMPS_DIR\=/Users/antoniogrillo-balen/Library/Developer/Xcode/DerivedData/risebysolis-gzfsziqwziaggpcbgdowmssiasmi/Build/Intermediates.noindex/PrecompiledHeaders
    export SHARED_SUPPORT_FOLDER_PATH\=risebysolis.app/SharedSupport
    export SKIP_INSTALL\=NO
    export SKIP_MERGEABLE_LIBRARY_BUNDLE_HOOK\=NO
    export SOURCE_ROOT\=/Users/antoniogrillo-balen/Desktop/Projects/RiseBuild/ios
    export SRCROOT\=/Users/antoniogrillo-balen/Desktop/Projects/RiseBuild/ios
    export STRINGSDATA_DIR\=/Users/antoniogrillo-balen/Library/Developer/Xcode/DerivedData/risebysolis-gzfsziqwziaggpcbgdowmssiasmi/Build/Intermediates.noindex/risebysolis.build/Debug-iphonesimulator/risebysolis.build/Objects-normal/undefined_arch
    export STRINGSDATA_ROOT\=/Users/antoniogrillo-balen/Library/Developer/Xcode/DerivedData/risebysolis-gzfsziqwziaggpcbgdowmssiasmi/Build/Intermediates.noindex/risebysolis.build/Debug-iphonesimulator/risebysolis.build
    export STRINGS_FILE_INFOPLIST_RENAME\=YES
    export STRINGS_FILE_OUTPUT_ENCODING\=binary
    export STRING_CATALOG_GENERATE_SYMBOLS\=NO
    export STRIP_BITCODE_FROM_COPIED_FILES\=NO
    export STRIP_INSTALLED_PRODUCT\=NO
    export STRIP_STYLE\=all
    export STRIP_SWIFT_SYMBOLS\=YES
    export SUPPORTED_DEVICE_FAMILIES\=1,2
    export SUPPORTED_PLATFORMS\=iphoneos\ iphonesimulator
    export SUPPORTS_MACCATALYST\=NO
    export SUPPORTS_ON_DEMAND_RESOURCES\=YES
    export SUPPORTS_TEXT_BASED_API\=NO
    export SUPPRESS_WARNINGS\=NO
    export SWIFT_ACTIVE_COMPILATION_CONDITIONS\=\ DEBUG
    export SWIFT_EMIT_CONST_VALUE_PROTOCOLS\=AnyResolverProviding\ AppEntity\ AppEnum\ AppExtension\ AppIntent\ AppIntentsPackage\ AppShortcutProviding\ AppShortcutsProvider\ AppUnionValue\ AppUnionValueCasesProviding\ DynamicOptionsProvider\ EntityQuery\ ExtensionPointDefining\ IntentValueQuery\ Resolver\ TransientEntity\ _AssistantIntentsProvider\ _GenerativeFunctionExtractable\ _IntentValueRepresentable
    export SWIFT_EMIT_LOC_STRINGS\=NO
    export SWIFT_ENABLE_EXPLICIT_MODULES\=YES
    export SWIFT_OBJC_BRIDGING_HEADER\=risebysolis/risebysolis-Bridging-Header.h
    export SWIFT_OPTIMIZATION_LEVEL\=-Onone
    export SWIFT_PLATFORM_TARGET_PREFIX\=ios
    export SWIFT_RESPONSE_FILE_PATH_normal_arm64\=/Users/antoniogrillo-balen/Library/Developer/Xcode/DerivedData/risebysolis-gzfsziqwziaggpcbgdowmssiasmi/Build/Intermediates.noindex/risebysolis.build/Debug-iphonesimulator/risebysolis.build/Objects-normal/arm64/risebysolis.SwiftFileList
    export SWIFT_VERSION\=5.0
    export SYMROOT\=/Users/antoniogrillo-balen/Library/Developer/Xcode/DerivedData/risebysolis-gzfsziqwziaggpcbgdowmssiasmi/Build/Products
    export SYSTEM_ADMIN_APPS_DIR\=/Applications/Utilities
    export SYSTEM_APPS_DIR\=/Applications
    export SYSTEM_CORE_SERVICES_DIR\=/System/Library/CoreServices
    export SYSTEM_DEMOS_DIR\=/Applications/Extras
    export SYSTEM_DEVELOPER_APPS_DIR\=/Applications/Xcode.app/Contents/Developer/Applications
    export SYSTEM_DEVELOPER_BIN_DIR\=/Applications/Xcode.app/Contents/Developer/usr/bin
    export SYSTEM_DEVELOPER_DEMOS_DIR\=/Applications/Xcode.app/Contents/Developer/Applications/Utilities/Built\ Examples
    export SYSTEM_DEVELOPER_DIR\=/Applications/Xcode.app/Contents/Developer
    export SYSTEM_DEVELOPER_DOC_DIR\=/Applications/Xcode.app/Contents/Developer/ADC\ Reference\ Library
    export SYSTEM_DEVELOPER_GRAPHICS_TOOLS_DIR\=/Applications/Xcode.app/Contents/Developer/Applications/Graphics\ Tools
    export SYSTEM_DEVELOPER_JAVA_TOOLS_DIR\=/Applications/Xcode.app/Contents/Developer/Applications/Java\ Tools
    export SYSTEM_DEVELOPER_PERFORMANCE_TOOLS_DIR\=/Applications/Xcode.app/Contents/Developer/Applications/Performance\ Tools
    export SYSTEM_DEVELOPER_RELEASENOTES_DIR\=/Applications/Xcode.app/Contents/Developer/ADC\ Reference\ Library/releasenotes
    export SYSTEM_DEVELOPER_TOOLS\=/Applications/Xcode.app/Contents/Developer/Tools
    export SYSTEM_DEVELOPER_TOOLS_DOC_DIR\=/Applications/Xcode.app/Contents/Developer/ADC\ Reference\ Library/documentation/DeveloperTools
    export SYSTEM_DEVELOPER_TOOLS_RELEASENOTES_DIR\=/Applications/Xcode.app/Contents/Developer/ADC\ Reference\ Library/releasenotes/DeveloperTools
    export SYSTEM_DEVELOPER_USR_DIR\=/Applications/Xcode.app/Contents/Developer/usr
    export SYSTEM_DEVELOPER_UTILITIES_DIR\=/Applications/Xcode.app/Contents/Developer/Applications/Utilities
    export SYSTEM_DEXT_INSTALL_PATH\=/System/Library/DriverExtensions
    export SYSTEM_DOCUMENTATION_DIR\=/Library/Documentation
    export SYSTEM_EXTENSIONS_FOLDER_PATH\=risebysolis.app/SystemExtensions
    export SYSTEM_EXTENSIONS_FOLDER_PATH_SHALLOW_BUNDLE_NO\=risebysolis.app/Library/SystemExtensions
    export SYSTEM_EXTENSIONS_FOLDER_PATH_SHALLOW_BUNDLE_YES\=risebysolis.app/SystemExtensions
    export SYSTEM_KEXT_INSTALL_PATH\=/System/Library/Extensions
    export SYSTEM_LIBRARY_DIR\=/System/Library
    export TAPI_DEMANGLE\=YES
    export TAPI_ENABLE_PROJECT_HEADERS\=NO
    export TAPI_LANGUAGE\=objective-c
    export TAPI_LANGUAGE_STANDARD\=compiler-default
    export TAPI_USE_SRCROOT\=YES
    export TAPI_VERIFY_MODE\=Pedantic
    export TARGETED_DEVICE_FAMILY\=1
    export TARGETNAME\=risebysolis
    export TARGET_BUILD_DIR\=/Users/antoniogrillo-balen/Library/Developer/Xcode/DerivedData/risebysolis-gzfsziqwziaggpcbgdowmssiasmi/Build/Products/Debug-iphonesimulator
    export TARGET_DEVICE_IDENTIFIER\=0C333F8A-4681-4475-855E-6FFD70F12533
    export TARGET_DEVICE_MODEL\=iPhone16,2
    export TARGET_DEVICE_OS_VERSION\=26.4.1
    export TARGET_DEVICE_PLATFORM_NAME\=iphonesimulator
    export TARGET_NAME\=risebysolis
    export TARGET_TEMP_DIR\=/Users/antoniogrillo-balen/Library/Developer/Xcode/DerivedData/risebysolis-gzfsziqwziaggpcbgdowmssiasmi/Build/Intermediates.noindex/risebysolis.build/Debug-iphonesimulator/risebysolis.build
    export TEMP_DIR\=/Users/antoniogrillo-balen/Library/Developer/Xcode/DerivedData/risebysolis-gzfsziqwziaggpcbgdowmssiasmi/Build/Intermediates.noindex/risebysolis.build/Debug-iphonesimulator/risebysolis.build
    export TEMP_FILES_DIR\=/Users/antoniogrillo-balen/Library/Developer/Xcode/DerivedData/risebysolis-gzfsziqwziaggpcbgdowmssiasmi/Build/Intermediates.noindex/risebysolis.build/Debug-iphonesimulator/risebysolis.build
    export TEMP_FILE_DIR\=/Users/antoniogrillo-balen/Library/Developer/Xcode/DerivedData/risebysolis-gzfsziqwziaggpcbgdowmssiasmi/Build/Intermediates.noindex/risebysolis.build/Debug-iphonesimulator/risebysolis.build
    export TEMP_ROOT\=/Users/antoniogrillo-balen/Library/Developer/Xcode/DerivedData/risebysolis-gzfsziqwziaggpcbgdowmssiasmi/Build/Intermediates.noindex
    export TEMP_SANDBOX_DIR\=/Users/antoniogrillo-balen/Library/Developer/Xcode/DerivedData/risebysolis-gzfsziqwziaggpcbgdowmssiasmi/Build/Intermediates.noindex/TemporaryTaskSandboxes
    export TEST_FRAMEWORK_SEARCH_PATHS\=\ /Applications/Xcode.app/Contents/Developer/Platforms/iPhoneSimulator.platform/Developer/Library/Frameworks\ /Applications/Xcode.app/Contents/Developer/Platforms/iPhoneSimulator.platform/Developer/SDKs/iPhoneSimulator26.5.sdk/Developer/Library/Frameworks
    export TEST_LIBRARY_SEARCH_PATHS\=\ /Applications/Xcode.app/Contents/Developer/Platforms/iPhoneSimulator.platform/Developer/usr/lib
    export TOOLCHAINS\=com.apple.dt.toolchain.XcodeDefault
    export TOOLCHAIN_DIR\=/Applications/Xcode.app/Contents/Developer/Toolchains/XcodeDefault.xctoolchain
    export TREAT_MISSING_BASELINES_AS_TEST_FAILURES\=NO
    export TREAT_MISSING_SCRIPT_PHASE_OUTPUTS_AS_ERRORS\=NO
    export TeamIdentifierPrefix\=FAKETEAMID.
    export UID\=501
    export UNINSTALLED_PRODUCTS_DIR\=/Users/antoniogrillo-balen/Library/Developer/Xcode/DerivedData/risebysolis-gzfsziqwziaggpcbgdowmssiasmi/Build/Intermediates.noindex/UninstalledProducts
    export UNLOCALIZED_RESOURCES_FOLDER_PATH\=risebysolis.app
    export UNLOCALIZED_RESOURCES_FOLDER_PATH_SHALLOW_BUNDLE_NO\=risebysolis.app/Resources
    export UNLOCALIZED_RESOURCES_FOLDER_PATH_SHALLOW_BUNDLE_YES\=risebysolis.app
    export UNSTRIPPED_PRODUCT\=NO
    export USER\=antoniogrillo-balen
    export USER_APPS_DIR\=/Users/antoniogrillo-balen/Applications
    export USER_LIBRARY_DIR\=/Users/antoniogrillo-balen/Library
    export USE_DYNAMIC_NO_PIC\=YES
    export USE_HEADERMAP\=YES
    export USE_HEADER_SYMLINKS\=NO
    export USE_HERMES\=true
    export USE_RECURSIVE_SCRIPT_INPUTS_IN_SCRIPT_PHASES\=YES
    export VALIDATE_DEVELOPMENT_ASSET_PATHS\=YES_ERROR
    export VALIDATE_PRODUCT\=NO
    export VALID_ARCHS\=arm64\ x86_64
    export VERBOSE_PBXCP\=NO
    export VERSIONING_SYSTEM\=apple-generic
    export VERSIONPLIST_PATH\=risebysolis.app/version.plist
    export VERSION_INFO_BUILDER\=antoniogrillo-balen
    export VERSION_INFO_FILE\=risebysolis_vers.c
    export VERSION_INFO_STRING\=\"@\(\#\)PROGRAM:risebysolis\ \ PROJECT:risebysolis-1\"
    export WORKSPACE_DIR\=/Users/antoniogrillo-balen/Desktop/Projects/RiseBuild/ios
    export WRAPPER_EXTENSION\=app
    export WRAPPER_NAME\=risebysolis.app
    export WRAPPER_SUFFIX\=.app
    export WRAP_ASSET_PACKS_IN_SEPARATE_DIRECTORIES\=NO
    export XCODE_APP_SUPPORT_DIR\=/Applications/Xcode.app/Contents/Developer/Library/Xcode
    export XCODE_PRODUCT_BUILD_VERSION\=17F42
    export XCODE_VERSION_ACTUAL\=2650
    export XCODE_VERSION_MAJOR\=2600
    export XCODE_VERSION_MINOR\=2650
    export XPCSERVICES_FOLDER_PATH\=risebysolis.app/XPCServices
    export YACC\=yacc
    export _DISCOVER_COMMAND_LINE_LINKER_INPUTS\=YES
    export _DISCOVER_COMMAND_LINE_LINKER_INPUTS_INCLUDE_WL\=YES
    export _LD_MULTIARCH\=YES
    export _WRAPPER_CONTENTS_DIR_SHALLOW_BUNDLE_NO\=/Contents
    export _WRAPPER_PARENT_PATH_SHALLOW_BUNDLE_NO\=/..
    export _WRAPPER_RESOURCES_DIR_SHALLOW_BUNDLE_NO\=/Resources
    export __DIAGNOSE_DEPRECATED_ARCHS\=YES
    export __IS_NOT_MACOS\=YES
    export __IS_NOT_MACOS_macosx\=NO
    export __IS_NOT_SIMULATOR\=NO
    export __IS_NOT_SIMULATOR_simulator\=NO
    export __ORIGINAL_SDK_DEFINED_LLVM_TARGET_TRIPLE_SYS\=ios
    export arch\=undefined_arch
    export variant\=normal
    /bin/sh -c /Users/antoniogrillo-balen/Library/Developer/Xcode/DerivedData/risebysolis-gzfsziqwziaggpcbgdowmssiasmi/Build/Intermediates.noindex/risebysolis.build/Debug-iphonesimulator/risebysolis.build/Script-F99E4626074EAE82BD4CCBC5.sh
note: -> RNFB build script started
note: 1) Locating firebase.json file:
note:      (1 of 2) Searching in '/Users/antoniogrillo-balen/Desktop/Projects/RiseBuild' for a firebase.json file.
note:      (2 of 2) Searching in '/Users/antoniogrillo-balen/Desktop/Projects' for a firebase.json file.
warning:   A firebase.json file was not found, whilst this file is optional it is recommended to include it to configure firebase services in React Native Firebase.
note: 2) Injecting Info.plist entries: 
    ->  0) firebase_json_raw string e30=
note:      setting plist entry 'firebase_json_raw' of type 'string' in file '/Users/antoniogrillo-balen/Library/Developer/Xcode/DerivedData/risebysolis-gzfsziqwziaggpcbgdowmssiasmi/Build/Products/Debug-iphonesimulator/risebysolis.app/Info.plist'
note:      setting plist entry 'firebase_json_raw' of type 'string' in file '/Users/antoniogrillo-balen/Library/Developer/Xcode/DerivedData/risebysolis-gzfsziqwziaggpcbgdowmssiasmi/Build/Products/Debug-iphonesimulator/risebysolis.app.dSYM/Contents/Info.plist'
Add: ":firebase_json_raw" Entry Already Exists
note:      'firebase_json_raw' already exists
note: <- RNFB build script finished

ExtractAppIntentsMetadata (in target 'risebysolis' from project 'risebysolis')
    cd /Users/antoniogrillo-balen/Desktop/Projects/RiseBuild/ios
    /Applications/Xcode.app/Contents/Developer/Toolchains/XcodeDefault.xctoolchain/usr/bin/appintentsmetadataprocessor --toolchain-dir /Applications/Xcode.app/Contents/Developer/Toolchains/XcodeDefault.xctoolchain --module-name risebysolis --sdk-root /Applications/Xcode.app/Contents/Developer/Platforms/iPhoneSimulator.platform/Developer/SDKs/iPhoneSimulator26.5.sdk --xcode-version 17F42 --platform-family iOS --deployment-target 15.1 --bundle-identifier com.anonymous.rise-by-solis --output /Users/antoniogrillo-balen/Library/Developer/Xcode/DerivedData/risebysolis-gzfsziqwziaggpcbgdowmssiasmi/Build/Products/Debug-iphonesimulator/risebysolis.app --target-triple arm64-apple-ios15.1-simulator --binary-file /Users/antoniogrillo-balen/Library/Developer/Xcode/DerivedData/risebysolis-gzfsziqwziaggpcbgdowmssiasmi/Build/Products/Debug-iphonesimulator/risebysolis.app/risebysolis --dependency-file /Users/antoniogrillo-balen/Library/Developer/Xcode/DerivedData/risebysolis-gzfsziqwziaggpcbgdowmssiasmi/Build/Intermediates.noindex/risebysolis.build/Debug-iphonesimulator/risebysolis.build/Objects-normal/arm64/risebysolis_dependency_info.dat --stringsdata-file /Users/antoniogrillo-balen/Library/Developer/Xcode/DerivedData/risebysolis-gzfsziqwziaggpcbgdowmssiasmi/Build/Intermediates.noindex/risebysolis.build/Debug-iphonesimulator/risebysolis.build/Objects-normal/arm64/ExtractedAppShortcutsMetadata.stringsdata --source-file-list /Users/antoniogrillo-balen/Library/Developer/Xcode/DerivedData/risebysolis-gzfsziqwziaggpcbgdowmssiasmi/Build/Intermediates.noindex/risebysolis.build/Debug-iphonesimulator/risebysolis.build/Objects-normal/arm64/risebysolis.SwiftFileList --metadata-file-list /Users/antoniogrillo-balen/Library/Developer/Xcode/DerivedData/risebysolis-gzfsziqwziaggpcbgdowmssiasmi/Build/Intermediates.noindex/risebysolis.build/Debug-iphonesimulator/risebysolis.build/risebysolis.DependencyMetadataFileList --static-metadata-file-list /Users/antoniogrillo-balen/Library/Developer/Xcode/DerivedData/risebysolis-gzfsziqwziaggpcbgdowmssiasmi/Build/Intermediates.noindex/risebysolis.build/Debug-iphonesimulator/risebysolis.build/risebysolis.DependencyStaticMetadataFileList --swift-const-vals-list /Users/antoniogrillo-balen/Library/Developer/Xcode/DerivedData/risebysolis-gzfsziqwziaggpcbgdowmssiasmi/Build/Intermediates.noindex/risebysolis.build/Debug-iphonesimulator/risebysolis.build/Objects-normal/arm64/risebysolis.SwiftConstValuesFileList --compile-time-extraction --deployment-aware-processing --validate-assistant-intents --no-app-shortcuts-localization
2026-05-17 15:54:41.957 appintentsmetadataprocessor[99189:7800664] Starting appintentsmetadataprocessor export
2026-05-17 15:54:41.998 appintentsmetadataprocessor[99189:7800664] warning: Metadata extraction skipped. No AppIntents.framework dependency found.

CopySwiftLibs /Users/antoniogrillo-balen/Library/Developer/Xcode/DerivedData/risebysolis-gzfsziqwziaggpcbgdowmssiasmi/Build/Products/Debug-iphonesimulator/risebysolis.app (in target 'risebysolis' from project 'risebysolis')
    cd /Users/antoniogrillo-balen/Desktop/Projects/RiseBuild/ios
    builtin-swiftStdLibTool --copy --verbose --sign - --scan-executable /Users/antoniogrillo-balen/Library/Developer/Xcode/DerivedData/risebysolis-gzfsziqwziaggpcbgdowmssiasmi/Build/Products/Debug-iphonesimulator/risebysolis.app/risebysolis.debug.dylib --scan-folder /Users/antoniogrillo-balen/Library/Developer/Xcode/DerivedData/risebysolis-gzfsziqwziaggpcbgdowmssiasmi/Build/Products/Debug-iphonesimulator/risebysolis.app/Frameworks --scan-folder /Users/antoniogrillo-balen/Library/Developer/Xcode/DerivedData/risebysolis-gzfsziqwziaggpcbgdowmssiasmi/Build/Products/Debug-iphonesimulator/risebysolis.app/PlugIns --scan-folder /Users/antoniogrillo-balen/Library/Developer/Xcode/DerivedData/risebysolis-gzfsziqwziaggpcbgdowmssiasmi/Build/Products/Debug-iphonesimulator/risebysolis.app/SystemExtensions --scan-folder /Users/antoniogrillo-balen/Library/Developer/Xcode/DerivedData/risebysolis-gzfsziqwziaggpcbgdowmssiasmi/Build/Products/Debug-iphonesimulator/risebysolis.app/Extensions --scan-folder /Users/antoniogrillo-balen/Library/Developer/Xcode/DerivedData/risebysolis-gzfsziqwziaggpcbgdowmssiasmi/Build/Products/Debug-iphonesimulator/Pods_risebysolis.framework --platform iphonesimulator --toolchain /Applications/Xcode.app/Contents/Developer/Toolchains/XcodeDefault.xctoolchain --destination /Users/antoniogrillo-balen/Library/Developer/Xcode/DerivedData/risebysolis-gzfsziqwziaggpcbgdowmssiasmi/Build/Products/Debug-iphonesimulator/risebysolis.app/Frameworks --strip-bitcode --strip-bitcode-tool /Applications/Xcode.app/Contents/Developer/Toolchains/XcodeDefault.xctoolchain/usr/bin/bitcode_strip --emit-dependency-info /Users/antoniogrillo-balen/Library/Developer/Xcode/DerivedData/risebysolis-gzfsziqwziaggpcbgdowmssiasmi/Build/Intermediates.noindex/risebysolis.build/Debug-iphonesimulator/risebysolis.build/SwiftStdLibToolInputDependencies.dep --filter-for-swift-os

AppIntentsSSUTraining (in target 'risebysolis' from project 'risebysolis')
    cd /Users/antoniogrillo-balen/Desktop/Projects/RiseBuild/ios
    /Applications/Xcode.app/Contents/Developer/Toolchains/XcodeDefault.xctoolchain/usr/bin/appintentsnltrainingprocessor --infoplist-path /Users/antoniogrillo-balen/Library/Developer/Xcode/DerivedData/risebysolis-gzfsziqwziaggpcbgdowmssiasmi/Build/Products/Debug-iphonesimulator/risebysolis.app/Info.plist --temp-dir-path /Users/antoniogrillo-balen/Library/Developer/Xcode/DerivedData/risebysolis-gzfsziqwziaggpcbgdowmssiasmi/Build/Intermediates.noindex/risebysolis.build/Debug-iphonesimulator/risebysolis.build/ssu --bundle-id com.anonymous.rise-by-solis --product-path /Users/antoniogrillo-balen/Library/Developer/Xcode/DerivedData/risebysolis-gzfsziqwziaggpcbgdowmssiasmi/Build/Products/Debug-iphonesimulator/risebysolis.app --extracted-metadata-path /Users/antoniogrillo-balen/Library/Developer/Xcode/DerivedData/risebysolis-gzfsziqwziaggpcbgdowmssiasmi/Build/Products/Debug-iphonesimulator/risebysolis.app/Metadata.appintents --metadata-file-list /Users/antoniogrillo-balen/Library/Developer/Xcode/DerivedData/risebysolis-gzfsziqwziaggpcbgdowmssiasmi/Build/Intermediates.noindex/risebysolis.build/Debug-iphonesimulator/risebysolis.build/risebysolis.DependencyMetadataFileList --source-file /Users/antoniogrillo-balen/Library/Developer/Xcode/DerivedData/risebysolis-gzfsziqwziaggpcbgdowmssiasmi/Build/Products/Debug-iphonesimulator/risebysolis.app/Info.plist --archive-ssu-assets
2026-05-17 15:54:42.079 appintentsnltrainingprocessor[99190:7800668] Parsing options for appintentsnltrainingprocessor
2026-05-17 15:54:42.080 appintentsnltrainingprocessor[99190:7800668] Starting AppIntents SSU YAML Generation
2026-05-17 15:54:42.083 appintentsnltrainingprocessor[99190:7800668] No AppShortcuts found - Skipping.

GenerateDSYMFile /Users/antoniogrillo-balen/Library/Developer/Xcode/DerivedData/risebysolis-gzfsziqwziaggpcbgdowmssiasmi/Build/Products/Debug-iphonesimulator/risebysolis.app.dSYM /Users/antoniogrillo-balen/Library/Developer/Xcode/DerivedData/risebysolis-gzfsziqwziaggpcbgdowmssiasmi/Build/Products/Debug-iphonesimulator/risebysolis.app/risebysolis (in target 'risebysolis' from project 'risebysolis')
    cd /Users/antoniogrillo-balen/Desktop/Projects/RiseBuild/ios
    /Applications/Xcode.app/Contents/Developer/Toolchains/XcodeDefault.xctoolchain/usr/bin/dsymutil -q /Users/antoniogrillo-balen/Library/Developer/Xcode/DerivedData/risebysolis-gzfsziqwziaggpcbgdowmssiasmi/Build/Products/Debug-iphonesimulator/risebysolis.app/risebysolis -o /Users/antoniogrillo-balen/Library/Developer/Xcode/DerivedData/risebysolis-gzfsziqwziaggpcbgdowmssiasmi/Build/Products/Debug-iphonesimulator/risebysolis.app.dSYM

GenerateDSYMFile /Users/antoniogrillo-balen/Library/Developer/Xcode/DerivedData/risebysolis-gzfsziqwziaggpcbgdowmssiasmi/Build/Products/Debug-iphonesimulator/risebysolis.app.dSYM /Users/antoniogrillo-balen/Library/Developer/Xcode/DerivedData/risebysolis-gzfsziqwziaggpcbgdowmssiasmi/Build/Products/Debug-iphonesimulator/risebysolis.app/risebysolis.debug.dylib (in target 'risebysolis' from project 'risebysolis')
    cd /Users/antoniogrillo-balen/Desktop/Projects/RiseBuild/ios
    /Applications/Xcode.app/Contents/Developer/Toolchains/XcodeDefault.xctoolchain/usr/bin/dsymutil /Users/antoniogrillo-balen/Library/Developer/Xcode/DerivedData/risebysolis-gzfsziqwziaggpcbgdowmssiasmi/Build/Products/Debug-iphonesimulator/risebysolis.app/risebysolis.debug.dylib -o /Users/antoniogrillo-balen/Library/Developer/Xcode/DerivedData/risebysolis-gzfsziqwziaggpcbgdowmssiasmi/Build/Products/Debug-iphonesimulator/risebysolis.app.dSYM

CodeSign /Users/antoniogrillo-balen/Library/Developer/Xcode/DerivedData/risebysolis-gzfsziqwziaggpcbgdowmssiasmi/Build/Products/Debug-iphonesimulator/risebysolis.app/risebysolis.debug.dylib (in target 'risebysolis' from project 'risebysolis')
    cd /Users/antoniogrillo-balen/Desktop/Projects/RiseBuild/ios
    
    Signing Identity:     "Sign to Run Locally"
    
    /usr/bin/codesign --force --sign - --timestamp\=none --generate-entitlement-der /Users/antoniogrillo-balen/Library/Developer/Xcode/DerivedData/risebysolis-gzfsziqwziaggpcbgdowmssiasmi/Build/Products/Debug-iphonesimulator/risebysolis.app/risebysolis.debug.dylib

CodeSign /Users/antoniogrillo-balen/Library/Developer/Xcode/DerivedData/risebysolis-gzfsziqwziaggpcbgdowmssiasmi/Build/Products/Debug-iphonesimulator/risebysolis.app/__preview.dylib (in target 'risebysolis' from project 'risebysolis')
    cd /Users/antoniogrillo-balen/Desktop/Projects/RiseBuild/ios
    
    Signing Identity:     "Sign to Run Locally"
    
    /usr/bin/codesign --force --sign - --timestamp\=none --generate-entitlement-der /Users/antoniogrillo-balen/Library/Developer/Xcode/DerivedData/risebysolis-gzfsziqwziaggpcbgdowmssiasmi/Build/Products/Debug-iphonesimulator/risebysolis.app/__preview.dylib
/Users/antoniogrillo-balen/Library/Developer/Xcode/DerivedData/risebysolis-gzfsziqwziaggpcbgdowmssiasmi/Build/Products/Debug-iphonesimulator/risebysolis.app/__preview.dylib: replacing existing signature

CodeSign /Users/antoniogrillo-balen/Library/Developer/Xcode/DerivedData/risebysolis-gzfsziqwziaggpcbgdowmssiasmi/Build/Products/Debug-iphonesimulator/risebysolis.app (in target 'risebysolis' from project 'risebysolis')
    cd /Users/antoniogrillo-balen/Desktop/Projects/RiseBuild/ios
    
    Signing Identity:     "Sign to Run Locally"
    
    /usr/bin/codesign --force --sign - --entitlements /Users/antoniogrillo-balen/Library/Developer/Xcode/DerivedData/risebysolis-gzfsziqwziaggpcbgdowmssiasmi/Build/Intermediates.noindex/risebysolis.build/Debug-iphonesimulator/risebysolis.build/risebysolis.app.xcent --timestamp\=none --generate-entitlement-der /Users/antoniogrillo-balen/Library/Developer/Xcode/DerivedData/risebysolis-gzfsziqwziaggpcbgdowmssiasmi/Build/Products/Debug-iphonesimulator/risebysolis.app

Validate /Users/antoniogrillo-balen/Library/Developer/Xcode/DerivedData/risebysolis-gzfsziqwziaggpcbgdowmssiasmi/Build/Products/Debug-iphonesimulator/risebysolis.app (in target 'risebysolis' from project 'risebysolis')
    cd /Users/antoniogrillo-balen/Desktop/Projects/RiseBuild/ios
    builtin-validationUtility /Users/antoniogrillo-balen/Library/Developer/Xcode/DerivedData/risebysolis-gzfsziqwziaggpcbgdowmssiasmi/Build/Products/Debug-iphonesimulator/risebysolis.app -shallow-bundle -infoplist-subpath Info.plist

warning: Run script build phase 'Create Symlinks to Header Folders' will be run during every build because it does not specify any outputs. To address this issue, either add output dependencies to the script phase, or configure it to run in every build by unchecking "Based on dependency analysis" in the script phase. (in target 'RNReanimated' from project 'Pods')
/Users/antoniogrillo-balen/Desktop/Projects/RiseBuild/ios/Pods/Pods.xcodeproj: warning: The iOS Simulator deployment target 'IPHONEOS_DEPLOYMENT_TARGET' is set to 9.0, but the range of supported deployment target versions is 12.0 to 26.5.99. (in target 'PromisesObjC-FBLPromises_Privacy' from project 'Pods')
/Users/antoniogrillo-balen/Desktop/Projects/RiseBuild/ios/Pods/Pods.xcodeproj: warning: The iOS Simulator deployment target 'IPHONEOS_DEPLOYMENT_TARGET' is set to 10.0, but the range of supported deployment target versions is 12.0 to 26.5.99. (in target 'GTMSessionFetcher-GTMSessionFetcher_Core_Privacy' from project 'Pods')
note: Run script build phase '[CP-User] Generate app.config for prebuilt Constants.manifest' will be run during every build because the option to run the script phase "Based on dependency analysis" is unchecked. (in target 'EXConstants' from project 'Pods')
** BUILD SUCCEEDED **

